[session] DISPLAY=:99 openbox=3728501 picom=3728502 dbus=unix:path=<session-tmp>/dbus-X,guid=13ffb35eee7e7ffe57767fe66abf3cde
[b02] DISPLAY=:99 start_utc=2026-10-02T05:10:56.926Z loadavg=2.79 6.52 8.41 2/2242 3728560
dbus-daemon[3728499]: [session uid=1000 pid=3728499 pidfd=5] Activating service name='org.a11y.Bus' requested by ':1.0' (uid=1000 pid=3728563 comm="<lanes>/bin/cua-driver-b0")
dbus-daemon[3728499]: [session uid=1000 pid=3728499 pidfd=5] Successfully activated service 'org.a11y.Bus'
dbus-daemon[3728499]: [session uid=1000 pid=3728499 pidfd=5] Activating service name='ca.desrt.dconf' requested by ':1.1' (uid=1000 pid=3728596 comm="/usr/lib/at-spi-bus-launcher")
dbus-daemon[3728499]: [session uid=1000 pid=3728499 pidfd=5] Successfully activated service 'ca.desrt.dconf'
dbus-daemon[3728499]: [session uid=1000 pid=3728499 pidfd=5] Activating service name='org.freedesktop.systemd1' requested by ':1.4' (uid=1000 pid=3728610 comm="/usr/bin/dbus-broker-launch --config-file=/usr/sha")
dbus-daemon[3728499]: [session uid=1000 pid=3728499 pidfd=5] Activated service 'org.freedesktop.systemd1' failed: Process org.freedesktop.systemd1 exited with status 1
{"trial": "v000-K5-vmicro", "ok_calls": 50}
dbus-daemon[3728499]: [session uid=1000 pid=3728499 pidfd=5] Activating service name='org.freedesktop.systemd1' requested by ':1.4' (uid=1000 pid=3728610 comm="/usr/bin/dbus-broker-launch --config-file=/usr/sha")
dbus-daemon[3728499]: [session uid=1000 pid=3728499 pidfd=5] Activated service 'org.freedesktop.systemd1' failed: Process org.freedesktop.systemd1 exited with status 1
{"trial": "v001-K5V-vmicro", "ok_calls": 50}
dbus-daemon[3728499]: [session uid=1000 pid=3728499 pidfd=5] Activating service name='org.freedesktop.systemd1' requested by ':1.4' (uid=1000 pid=3728610 comm="/usr/bin/dbus-broker-launch --config-file=/usr/sha")
dbus-daemon[3728499]: [session uid=1000 pid=3728499 pidfd=5] Activated service 'org.freedesktop.systemd1' failed: Process org.freedesktop.systemd1 exited with status 1
{"trial": "v002-K5V-vmicro", "ok_calls": 50}
dbus-daemon[3728499]: [session uid=1000 pid=3728499 pidfd=5] Activating service name='org.freedesktop.systemd1' requested by ':1.4' (uid=1000 pid=3728610 comm="/usr/bin/dbus-broker-launch --config-file=/usr/sha")
dbus-daemon[3728499]: [session uid=1000 pid=3728499 pidfd=5] Activated service 'org.freedesktop.systemd1' failed: Process org.freedesktop.systemd1 exited with status 1
{"trial": "v003-K5-vmicro", "ok_calls": 50}
dbus-daemon[3728499]: [session uid=1000 pid=3728499 pidfd=5] Activating service name='org.freedesktop.systemd1' requested by ':1.4' (uid=1000 pid=3728610 comm="/usr/bin/dbus-broker-launch --config-file=/usr/sha")
dbus-daemon[3728499]: [session uid=1000 pid=3728499 pidfd=5] Activated service 'org.freedesktop.systemd1' failed: Process org.freedesktop.systemd1 exited with status 1
{"trial": "v004-K5-vmicro", "ok_calls": 50}
dbus-daemon[3728499]: [session uid=1000 pid=3728499 pidfd=5] Activating service name='org.freedesktop.systemd1' requested by ':1.4' (uid=1000 pid=3728610 comm="/usr/bin/dbus-broker-launch --config-file=/usr/sha")
dbus-daemon[3728499]: [session uid=1000 pid=3728499 pidfd=5] Activated service 'org.freedesktop.systemd1' failed: Process org.freedesktop.systemd1 exited with status 1
{"trial": "v005-K5V-vmicro", "ok_calls": 50}
dbus-daemon[3728499]: [session uid=1000 pid=3728499 pidfd=5] Activating service name='org.freedesktop.systemd1' requested by ':1.4' (uid=1000 pid=3728610 comm="/usr/bin/dbus-broker-launch --config-file=/usr/sha")
dbus-daemon[3728499]: [session uid=1000 pid=3728499 pidfd=5] Activated service 'org.freedesktop.systemd1' failed: Process org.freedesktop.systemd1 exited with status 1
{"trial": "v006-K5V-vmicro", "ok_calls": 50}
dbus-daemon[3728499]: [session uid=1000 pid=3728499 pidfd=5] Activating service name='org.freedesktop.systemd1' requested by ':1.4' (uid=1000 pid=3728610 comm="/usr/bin/dbus-broker-launch --config-file=/usr/sha")
dbus-daemon[3728499]: [session uid=1000 pid=3728499 pidfd=5] Activated service 'org.freedesktop.systemd1' failed: Process org.freedesktop.systemd1 exited with status 1
{"trial": "v007-K5-vmicro", "ok_calls": 50}
dbus-daemon[3728499]: [session uid=1000 pid=3728499 pidfd=5] Activating service name='org.freedesktop.systemd1' requested by ':1.4' (uid=1000 pid=3728610 comm="/usr/bin/dbus-broker-launch --config-file=/usr/sha")
dbus-daemon[3728499]: [session uid=1000 pid=3728499 pidfd=5] Activated service 'org.freedesktop.systemd1' failed: Process org.freedesktop.systemd1 exited with status 1
{"trial": "v008-K5-vmicro", "ok_calls": 50}
dbus-daemon[3728499]: [session uid=1000 pid=3728499 pidfd=5] Activating service name='org.freedesktop.systemd1' requested by ':1.4' (uid=1000 pid=3728610 comm="/usr/bin/dbus-broker-launch --config-file=/usr/sha")
dbus-daemon[3728499]: [session uid=1000 pid=3728499 pidfd=5] Activated service 'org.freedesktop.systemd1' failed: Process org.freedesktop.systemd1 exited with status 1
{"trial": "v009-K5V-vmicro", "ok_calls": 50}
dbus-daemon[3728499]: [session uid=1000 pid=3728499 pidfd=5] Activating service name='org.freedesktop.systemd1' requested by ':1.4' (uid=1000 pid=3728610 comm="/usr/bin/dbus-broker-launch --config-file=/usr/sha")
dbus-daemon[3728499]: [session uid=1000 pid=3728499 pidfd=5] Activated service 'org.freedesktop.systemd1' failed: Process org.freedesktop.systemd1 exited with status 1
{"trial": "v010-K5V-vmicro", "ok_calls": 50}
dbus-daemon[3728499]: [session uid=1000 pid=3728499 pidfd=5] Activating service name='org.freedesktop.systemd1' requested by ':1.4' (uid=1000 pid=3728610 comm="/usr/bin/dbus-broker-launch --config-file=/usr/sha")
dbus-daemon[3728499]: [session uid=1000 pid=3728499 pidfd=5] Activated service 'org.freedesktop.systemd1' failed: Process org.freedesktop.systemd1 exited with status 1
{"trial": "v011-K5-vmicro", "ok_calls": 50}
dbus-daemon[3728499]: [session uid=1000 pid=3728499 pidfd=5] Activating service name='org.freedesktop.systemd1' requested by ':1.4' (uid=1000 pid=3728610 comm="/usr/bin/dbus-broker-launch --config-file=/usr/sha")
dbus-daemon[3728499]: [session uid=1000 pid=3728499 pidfd=5] Activated service 'org.freedesktop.systemd1' failed: Process org.freedesktop.systemd1 exited with status 1
{"trial": "v012-K5-vmicro", "ok_calls": 50}
dbus-daemon[3728499]: [session uid=1000 pid=3728499 pidfd=5] Activating service name='org.freedesktop.systemd1' requested by ':1.4' (uid=1000 pid=3728610 comm="/usr/bin/dbus-broker-launch --config-file=/usr/sha")
dbus-daemon[3728499]: [session uid=1000 pid=3728499 pidfd=5] Activated service 'org.freedesktop.systemd1' failed: Process org.freedesktop.systemd1 exited with status 1
{"trial": "v013-K5V-vmicro", "ok_calls": 50}
dbus-daemon[3728499]: [session uid=1000 pid=3728499 pidfd=5] Activating service name='org.freedesktop.systemd1' requested by ':1.4' (uid=1000 pid=3728610 comm="/usr/bin/dbus-broker-launch --config-file=/usr/sha")
dbus-daemon[3728499]: [session uid=1000 pid=3728499 pidfd=5] Activated service 'org.freedesktop.systemd1' failed: Process org.freedesktop.systemd1 exited with status 1
{"trial": "v014-K5V-vmicro", "ok_calls": 50}
dbus-daemon[3728499]: [session uid=1000 pid=3728499 pidfd=5] Activating service name='org.freedesktop.systemd1' requested by ':1.4' (uid=1000 pid=3728610 comm="/usr/bin/dbus-broker-launch --config-file=/usr/sha")
dbus-daemon[3728499]: [session uid=1000 pid=3728499 pidfd=5] Activated service 'org.freedesktop.systemd1' failed: Process org.freedesktop.systemd1 exited with status 1
{"trial": "v015-K5-vmicro", "ok_calls": 50}
dbus-daemon[3728499]: [session uid=1000 pid=3728499 pidfd=5] Activating service name='org.freedesktop.systemd1' requested by ':1.4' (uid=1000 pid=3728610 comm="/usr/bin/dbus-broker-launch --config-file=/usr/sha")
dbus-daemon[3728499]: [session uid=1000 pid=3728499 pidfd=5] Activated service 'org.freedesktop.systemd1' failed: Process org.freedesktop.systemd1 exited with status 1
{"trial": "v016-K5-vmicro", "ok_calls": 50}
dbus-daemon[3728499]: [session uid=1000 pid=3728499 pidfd=5] Activating service name='org.freedesktop.systemd1' requested by ':1.4' (uid=1000 pid=3728610 comm="/usr/bin/dbus-broker-launch --config-file=/usr/sha")
dbus-daemon[3728499]: [session uid=1000 pid=3728499 pidfd=5] Activated service 'org.freedesktop.systemd1' failed: Process org.freedesktop.systemd1 exited with status 1
{"trial": "v017-K5V-vmicro", "ok_calls": 50}
dbus-daemon[3728499]: [session uid=1000 pid=3728499 pidfd=5] Activating service name='org.freedesktop.systemd1' requested by ':1.4' (uid=1000 pid=3728610 comm="/usr/bin/dbus-broker-launch --config-file=/usr/sha")
dbus-daemon[3728499]: [session uid=1000 pid=3728499 pidfd=5] Activated service 'org.freedesktop.systemd1' failed: Process org.freedesktop.systemd1 exited with status 1
{"trial": "v018-K5V-vmicro", "ok_calls": 50}
dbus-daemon[3728499]: [session uid=1000 pid=3728499 pidfd=5] Activating service name='org.freedesktop.systemd1' requested by ':1.4' (uid=1000 pid=3728610 comm="/usr/bin/dbus-broker-launch --config-file=/usr/sha")
dbus-daemon[3728499]: [session uid=1000 pid=3728499 pidfd=5] Activated service 'org.freedesktop.systemd1' failed: Process org.freedesktop.systemd1 exited with status 1
{"trial": "v019-K5-vmicro", "ok_calls": 50}
dbus-daemon[3728499]: [session uid=1000 pid=3728499 pidfd=5] Activating service name='org.freedesktop.systemd1' requested by ':1.4' (uid=1000 pid=3728610 comm="/usr/bin/dbus-broker-launch --config-file=/usr/sha")
dbus-daemon[3728499]: [session uid=1000 pid=3728499 pidfd=5] Activated service 'org.freedesktop.systemd1' failed: Process org.freedesktop.systemd1 exited with status 1
{"trial": "v020-K5-vmicro", "ok_calls": 50}
dbus-daemon[3728499]: [session uid=1000 pid=3728499 pidfd=5] Activating service name='org.freedesktop.systemd1' requested by ':1.4' (uid=1000 pid=3728610 comm="/usr/bin/dbus-broker-launch --config-file=/usr/sha")
dbus-daemon[3728499]: [session uid=1000 pid=3728499 pidfd=5] Activated service 'org.freedesktop.systemd1' failed: Process org.freedesktop.systemd1 exited with status 1
{"trial": "v021-K5V-vmicro", "ok_calls": 50}
dbus-daemon[3728499]: [session uid=1000 pid=3728499 pidfd=5] Activating service name='org.freedesktop.systemd1' requested by ':1.4' (uid=1000 pid=3728610 comm="/usr/bin/dbus-broker-launch --config-file=/usr/sha")
dbus-daemon[3728499]: [session uid=1000 pid=3728499 pidfd=5] Activated service 'org.freedesktop.systemd1' failed: Process org.freedesktop.systemd1 exited with status 1
{"trial": "v022-K5V-vmicro", "ok_calls": 50}
dbus-daemon[3728499]: [session uid=1000 pid=3728499 pidfd=5] Activating service name='org.freedesktop.systemd1' requested by ':1.4' (uid=1000 pid=3728610 comm="/usr/bin/dbus-broker-launch --config-file=/usr/sha")
dbus-daemon[3728499]: [session uid=1000 pid=3728499 pidfd=5] Activated service 'org.freedesktop.systemd1' failed: Process org.freedesktop.systemd1 exited with status 1
{"trial": "v023-K5-vmicro", "ok_calls": 50}
dbus-daemon[3728499]: [session uid=1000 pid=3728499 pidfd=5] Activating service name='org.freedesktop.systemd1' requested by ':1.4' (uid=1000 pid=3728610 comm="/usr/bin/dbus-broker-launch --config-file=/usr/sha")
dbus-daemon[3728499]: [session uid=1000 pid=3728499 pidfd=5] Activated service 'org.freedesktop.systemd1' failed: Process org.freedesktop.systemd1 exited with status 1
{"trial": "v024-K5-vmicro", "ok_calls": 50}
dbus-daemon[3728499]: [session uid=1000 pid=3728499 pidfd=5] Activating service name='org.freedesktop.systemd1' requested by ':1.4' (uid=1000 pid=3728610 comm="/usr/bin/dbus-broker-launch --config-file=/usr/sha")
dbus-daemon[3728499]: [session uid=1000 pid=3728499 pidfd=5] Activated service 'org.freedesktop.systemd1' failed: Process org.freedesktop.systemd1 exited with status 1
{"trial": "v025-K5V-vmicro", "ok_calls": 50}
dbus-daemon[3728499]: [session uid=1000 pid=3728499 pidfd=5] Activating service name='org.freedesktop.systemd1' requested by ':1.4' (uid=1000 pid=3728610 comm="/usr/bin/dbus-broker-launch --config-file=/usr/sha")
dbus-daemon[3728499]: [session uid=1000 pid=3728499 pidfd=5] Activated service 'org.freedesktop.systemd1' failed: Process org.freedesktop.systemd1 exited with status 1
{"trial": "v026-K5V-vmicro", "ok_calls": 50}
dbus-daemon[3728499]: [session uid=1000 pid=3728499 pidfd=5] Activating service name='org.freedesktop.systemd1' requested by ':1.4' (uid=1000 pid=3728610 comm="/usr/bin/dbus-broker-launch --config-file=/usr/sha")
dbus-daemon[3728499]: [session uid=1000 pid=3728499 pidfd=5] Activated service 'org.freedesktop.systemd1' failed: Process org.freedesktop.systemd1 exited with status 1
{"trial": "v027-K5-vmicro", "ok_calls": 50}
dbus-daemon[3728499]: [session uid=1000 pid=3728499 pidfd=5] Activating service name='org.freedesktop.systemd1' requested by ':1.4' (uid=1000 pid=3728610 comm="/usr/bin/dbus-broker-launch --config-file=/usr/sha")
dbus-daemon[3728499]: [session uid=1000 pid=3728499 pidfd=5] Activated service 'org.freedesktop.systemd1' failed: Process org.freedesktop.systemd1 exited with status 1
{"trial": "v028-K5-vmicro", "ok_calls": 50}
dbus-daemon[3728499]: [session uid=1000 pid=3728499 pidfd=5] Activating service name='org.freedesktop.systemd1' requested by ':1.4' (uid=1000 pid=3728610 comm="/usr/bin/dbus-broker-launch --config-file=/usr/sha")
dbus-daemon[3728499]: [session uid=1000 pid=3728499 pidfd=5] Activated service 'org.freedesktop.systemd1' failed: Process org.freedesktop.systemd1 exited with status 1
{"trial": "v029-K5V-vmicro", "ok_calls": 50}
dbus-daemon[3728499]: [session uid=1000 pid=3728499 pidfd=5] Activating service name='org.freedesktop.systemd1' requested by ':1.4' (uid=1000 pid=3728610 comm="/usr/bin/dbus-broker-launch --config-file=/usr/sha")
dbus-daemon[3728499]: [session uid=1000 pid=3728499 pidfd=5] Activated service 'org.freedesktop.systemd1' failed: Process org.freedesktop.systemd1 exited with status 1
{"trial": "v030-K5V-vmicro", "ok_calls": 50}
dbus-daemon[3728499]: [session uid=1000 pid=3728499 pidfd=5] Activating service name='org.freedesktop.systemd1' requested by ':1.4' (uid=1000 pid=3728610 comm="/usr/bin/dbus-broker-launch --config-file=/usr/sha")
dbus-daemon[3728499]: [session uid=1000 pid=3728499 pidfd=5] Activated service 'org.freedesktop.systemd1' failed: Process org.freedesktop.systemd1 exited with status 1
{"trial": "v031-K5-vmicro", "ok_calls": 50}
dbus-daemon[3728499]: [session uid=1000 pid=3728499 pidfd=5] Activating service name='org.freedesktop.systemd1' requested by ':1.4' (uid=1000 pid=3728610 comm="/usr/bin/dbus-broker-launch --config-file=/usr/sha")
dbus-daemon[3728499]: [session uid=1000 pid=3728499 pidfd=5] Activated service 'org.freedesktop.systemd1' failed: Process org.freedesktop.systemd1 exited with status 1
{"trial": "v032-K5-vmicro", "ok_calls": 50}
dbus-daemon[3728499]: [session uid=1000 pid=3728499 pidfd=5] Activating service name='org.freedesktop.systemd1' requested by ':1.4' (uid=1000 pid=3728610 comm="/usr/bin/dbus-broker-launch --config-file=/usr/sha")
dbus-daemon[3728499]: [session uid=1000 pid=3728499 pidfd=5] Activated service 'org.freedesktop.systemd1' failed: Process org.freedesktop.systemd1 exited with status 1
{"trial": "v033-K5V-vmicro", "ok_calls": 50}
dbus-daemon[3728499]: [session uid=1000 pid=3728499 pidfd=5] Activating service name='org.freedesktop.systemd1' requested by ':1.4' (uid=1000 pid=3728610 comm="/usr/bin/dbus-broker-launch --config-file=/usr/sha")
dbus-daemon[3728499]: [session uid=1000 pid=3728499 pidfd=5] Activated service 'org.freedesktop.systemd1' failed: Process org.freedesktop.systemd1 exited with status 1
{"trial": "v034-K5V-vmicro", "ok_calls": 50}
dbus-daemon[3728499]: [session uid=1000 pid=3728499 pidfd=5] Activating service name='org.freedesktop.systemd1' requested by ':1.4' (uid=1000 pid=3728610 comm="/usr/bin/dbus-broker-launch --config-file=/usr/sha")
dbus-daemon[3728499]: [session uid=1000 pid=3728499 pidfd=5] Activated service 'org.freedesktop.systemd1' failed: Process org.freedesktop.systemd1 exited with status 1
{"trial": "v035-K5-vmicro", "ok_calls": 50}
dbus-daemon[3728499]: [session uid=1000 pid=3728499 pidfd=5] Activating service name='org.freedesktop.systemd1' requested by ':1.4' (uid=1000 pid=3728610 comm="/usr/bin/dbus-broker-launch --config-file=/usr/sha")
dbus-daemon[3728499]: [session uid=1000 pid=3728499 pidfd=5] Activated service 'org.freedesktop.systemd1' failed: Process org.freedesktop.systemd1 exited with status 1
{"trial": "v036-K5-vmicro", "ok_calls": 50}
dbus-daemon[3728499]: [session uid=1000 pid=3728499 pidfd=5] Activating service name='org.freedesktop.systemd1' requested by ':1.4' (uid=1000 pid=3728610 comm="/usr/bin/dbus-broker-launch --config-file=/usr/sha")
dbus-daemon[3728499]: [session uid=1000 pid=3728499 pidfd=5] Activated service 'org.freedesktop.systemd1' failed: Process org.freedesktop.systemd1 exited with status 1
{"trial": "v037-K5V-vmicro", "ok_calls": 50}
dbus-daemon[3728499]: [session uid=1000 pid=3728499 pidfd=5] Activating service name='org.freedesktop.systemd1' requested by ':1.4' (uid=1000 pid=3728610 comm="/usr/bin/dbus-broker-launch --config-file=/usr/sha")
dbus-daemon[3728499]: [session uid=1000 pid=3728499 pidfd=5] Activated service 'org.freedesktop.systemd1' failed: Process org.freedesktop.systemd1 exited with status 1
{"trial": "v038-K5V-vmicro", "ok_calls": 50}
dbus-daemon[3728499]: [session uid=1000 pid=3728499 pidfd=5] Activating service name='org.freedesktop.systemd1' requested by ':1.4' (uid=1000 pid=3728610 comm="/usr/bin/dbus-broker-launch --config-file=/usr/sha")
dbus-daemon[3728499]: [session uid=1000 pid=3728499 pidfd=5] Activated service 'org.freedesktop.systemd1' failed: Process org.freedesktop.systemd1 exited with status 1
{"trial": "v039-K5-vmicro", "ok_calls": 50}
[b02] end_utc=2026-10-02T05:11:24.098Z rc=0
[session] exit rc=0 run_dir=<lane-tmp>/x11-session.4awC17
