[2026-10-03T07:24:33.926Z] chunk R2-07d-shake-c1 mode=shared live=0 loadavg=5.54 4.02 3.67
[r2-07d] xdpyinfo probe ok DISPLAY=:100
[r2-07c] display=:100 xdg_runtime_private=yes key=absent loadavg=5.58 4.06 3.68
[2m2026-10-03T07:24:40.662542Z[0m [33m WARN[0m [2mcua_driver_sdk::runtime[0m[2m:[0m could not activate the persistent AT-SPI listener: AT-SPI connect failed: ZBus Error: MethodError(OwnedErrorName("org.freedesktop.DBus.Error.NameHasNoOwner"), Some("Could not activate remote peer 'org.a11y.atspi.Registry': unit failed"), Msg { type: Error, serial: 4294967295, sender: UniqueName("org.freedesktop.DBus"), reply-serial: 10, body: Str, fds: [] })
[2m2026-10-03T07:24:40.683245Z[0m [33m WARN[0m [2mplatform_linux::overlay[0m[2m:[0m X11 overlay: root reads cannot see this window's own pixels; save-unders will be served without readback confirmation
fusermount3: mount failed: Operation not permitted
fusermount3: mount failed: Operation not permitted

(/usr/lib/xdg-desktop-portal:952352): xdg-desktop-portal-WARNING **: 02:24:42.869: Document portal fuse mount point unknown: GDBus.Error:org.freedesktop.DBus.Error.ServiceUnknown: The name :1.11 was not provided by any .service files

(/usr/lib/xdg-desktop-portal:952352): xdg-desktop-portal-WARNING **: 02:24:42.869: Choosing gtk.portal for org.freedesktop.impl.portal.Lockdown as a last-resort fallback

** (xdg-desktop-portal-gtk:952382): WARNING **: 02:24:42.960: AT-SPI: Could not obtain desktop path or name


** (xdg-desktop-portal-gtk:952382): WARNING **: 02:24:42.966: atk-bridge: GetRegisteredEvents returned message with unknown signature

** (xdg-desktop-portal-gtk:952382): WARNING **: 02:24:42.966: atk-bridge: get_device_events_reply: unknown signature

(/usr/lib/xdg-desktop-portal:952352): xdg-desktop-portal-WARNING **: 02:24:42.968: Choosing gtk.portal for org.freedesktop.impl.portal.Access as a last-resort fallback

(/usr/lib/xdg-desktop-portal:952352): xdg-desktop-portal-WARNING **: 02:24:43.013: Choosing gtk.portal for org.freedesktop.impl.portal.Settings as a last-resort fallback

(/usr/lib/xdg-desktop-portal:952352): xdg-desktop-portal-WARNING **: 02:24:43.014: Choosing gtk.portal for org.freedesktop.impl.portal.FileChooser as a last-resort fallback

(/usr/lib/xdg-desktop-portal:952352): xdg-desktop-portal-WARNING **: 02:24:43.015: Choosing gtk.portal for org.freedesktop.impl.portal.AppChooser as a last-resort fallback

(/usr/lib/xdg-desktop-portal:952352): xdg-desktop-portal-WARNING **: 02:24:43.016: Choosing gtk.portal for org.freedesktop.impl.portal.Print as a last-resort fallback

(/usr/lib/xdg-desktop-portal:952352): xdg-desktop-portal-WARNING **: 02:24:43.016: Choosing gtk.portal for org.freedesktop.impl.portal.Notification as a last-resort fallback

(/usr/lib/xdg-desktop-portal:952352): xdg-desktop-portal-WARNING **: 02:24:43.017: Choosing gtk.portal for org.freedesktop.impl.portal.Inhibit as a last-resort fallback

(/usr/lib/xdg-desktop-portal:952352): xdg-desktop-portal-WARNING **: 02:24:43.020: Failed to connect to PipeWire: Couldn't connect to PipeWire

(/usr/lib/xdg-desktop-portal:952352): xdg-desktop-portal-WARNING **: 02:24:43.020: Choosing gtk.portal for org.freedesktop.impl.portal.Account as a last-resort fallback

(/usr/lib/xdg-desktop-portal:952352): xdg-desktop-portal-WARNING **: 02:24:43.023: Choosing gtk.portal for org.freedesktop.impl.portal.Email as a last-resort fallback

(/usr/lib/xdg-desktop-portal:952352): xdg-desktop-portal-WARNING **: 02:24:43.025: Choosing gtk.portal for org.freedesktop.impl.portal.DynamicLauncher as a last-resort fallback
[2m2026-10-03T07:24:43.700240Z[0m [33m WARN[0m [2mcua_driver_sdk::runtime[0m[2m:[0m could not activate the persistent AT-SPI listener: AT-SPI connect failed: ZBus Error: MethodError(OwnedErrorName("org.freedesktop.DBus.Error.NameHasNoOwner"), Some("Could not activate remote peer 'org.a11y.atspi.Registry': unit failed"), Msg { type: Error, serial: 4294967295, sender: UniqueName("org.freedesktop.DBus"), reply-serial: 9, body: Str, fds: [] })
[2m2026-10-03T07:24:43.720466Z[0m [33m WARN[0m [2mplatform_linux::overlay[0m[2m:[0m X11 overlay: root reads cannot see this window's own pixels; save-unders will be served without readback confirmation
{"trial": "K000-toggle-COMP_CR-train-r00-admission", "kind": "admission", "outcome": "verified", "routine_outcome": "verified", "oracle_exact_match": true, "completion_mutations": 1, "routes": ["compiled"], "error": null, "la": "5.77", "dec": 0, "prov": {"attempts": 0, "reached": 0}}
{"trial": "K000-toggle-COMP_CR-train-r00", "kind": "train", "outcome": "verified", "routine_outcome": null, "oracle_exact_match": true, "completion_mutations": 1, "routes": ["provider", "provider"], "error": null, "la": "5.77", "dec": 2, "prov": {"attempts": 0, "reached": 0}}
[2m2026-10-03T07:24:45.868127Z[0m [33m WARN[0m [2mcua_driver_sdk::runtime[0m[2m:[0m could not activate the persistent AT-SPI listener: AT-SPI connect failed: ZBus Error: MethodError(OwnedErrorName("org.freedesktop.DBus.Error.NameHasNoOwner"), Some("Could not activate remote peer 'org.a11y.atspi.Registry': unit failed"), Msg { type: Error, serial: 4294967295, sender: UniqueName("org.freedesktop.DBus"), reply-serial: 9, body: Str, fds: [] })
[2m2026-10-03T07:24:45.891715Z[0m [33m WARN[0m [2mplatform_linux::overlay[0m[2m:[0m X11 overlay: root reads cannot see this window's own pixels; save-unders will be served without readback confirmation
[2m2026-10-03T07:24:47.499542Z[0m [33m WARN[0m [2mcua_driver_sdk::runtime[0m[2m:[0m could not activate the persistent AT-SPI listener: AT-SPI connect failed: ZBus Error: MethodError(OwnedErrorName("org.freedesktop.DBus.Error.NameHasNoOwner"), Some("Could not activate remote peer 'org.a11y.atspi.Registry': unit failed"), Msg { type: Error, serial: 4294967295, sender: UniqueName("org.freedesktop.DBus"), reply-serial: 9, body: Str, fds: [] })
[2m2026-10-03T07:24:47.529957Z[0m [33m WARN[0m [2mplatform_linux::overlay[0m[2m:[0m X11 overlay: root reads cannot see this window's own pixels; save-unders will be served without readback confirmation
{"trial": "K001-modal-COMP_CR-train-r00-admission", "kind": "admission", "outcome": "verified", "routine_outcome": "verified", "oracle_exact_match": true, "completion_mutations": 1, "routes": ["compiled"], "error": null, "la": "7.47", "dec": 0, "prov": {"attempts": 0, "reached": 0}}
{"trial": "K001-modal-COMP_CR-train-r00", "kind": "train", "outcome": "verified", "routine_outcome": null, "oracle_exact_match": true, "completion_mutations": 1, "routes": ["provider", "provider"], "error": null, "la": "7.47", "dec": 2, "prov": {"attempts": 0, "reached": 0}}
A connection to the bus can't be made
X connection to :100 broken (explicit kill or server shutdown).
[2026-10-03T07:24:49.977Z] chunk R2-07d-shake-c1 rc=0 loadavg=7.84 4.63 3.88
