[2026-10-03T07:25:14.311Z] chunk R2-07d-shake-c3 mode=shared live=0 loadavg=10.19 5.38 4.14
[r2-07d] xdpyinfo probe ok DISPLAY=:100
[r2-07c] display=:100 xdg_runtime_private=yes key=absent loadavg=10.42 5.58 4.22
[2m2026-10-03T07:25:21.378907Z[0m [33m WARN[0m [2mcua_driver_sdk::runtime[0m[2m:[0m could not activate the persistent AT-SPI listener: AT-SPI connect failed: ZBus Error: MethodError(OwnedErrorName("org.freedesktop.DBus.Error.NameHasNoOwner"), Some("Could not activate remote peer 'org.a11y.atspi.Registry': unit failed"), Msg { type: Error, serial: 4294967295, sender: UniqueName("org.freedesktop.DBus"), reply-serial: 10, body: Str, fds: [] })
[2m2026-10-03T07:25:21.398199Z[0m [33m WARN[0m [2mplatform_linux::overlay[0m[2m:[0m X11 overlay: root reads cannot see this window's own pixels; save-unders will be served without readback confirmation
fusermount3: mount failed: Operation not permitted
fusermount3: mount failed: Operation not permitted

(/usr/lib/xdg-desktop-portal:956490): xdg-desktop-portal-WARNING **: 02:25:22.850: Document portal fuse mount point unknown: GDBus.Error:org.freedesktop.DBus.Error.ServiceUnknown: The name :1.11 was not provided by any .service files

(/usr/lib/xdg-desktop-portal:956490): xdg-desktop-portal-WARNING **: 02:25:22.850: Choosing gtk.portal for org.freedesktop.impl.portal.Lockdown as a last-resort fallback

** (xdg-desktop-portal-gtk:956513): WARNING **: 02:25:22.893: AT-SPI: Could not obtain desktop path or name


(/usr/lib/xdg-desktop-portal:956490): xdg-desktop-portal-WARNING **: 02:25:22.894: Choosing gtk.portal for org.freedesktop.impl.portal.Access as a last-resort fallback

** (xdg-desktop-portal-gtk:956513): WARNING **: 02:25:22.895: atk-bridge: GetRegisteredEvents returned message with unknown signature

** (xdg-desktop-portal-gtk:956513): WARNING **: 02:25:22.895: atk-bridge: get_device_events_reply: unknown signature

(/usr/lib/xdg-desktop-portal:956490): xdg-desktop-portal-WARNING **: 02:25:22.919: Choosing gtk.portal for org.freedesktop.impl.portal.Settings as a last-resort fallback

(/usr/lib/xdg-desktop-portal:956490): xdg-desktop-portal-WARNING **: 02:25:22.920: Choosing gtk.portal for org.freedesktop.impl.portal.FileChooser as a last-resort fallback

(/usr/lib/xdg-desktop-portal:956490): xdg-desktop-portal-WARNING **: 02:25:22.920: Choosing gtk.portal for org.freedesktop.impl.portal.AppChooser as a last-resort fallback

(/usr/lib/xdg-desktop-portal:956490): xdg-desktop-portal-WARNING **: 02:25:22.920: Choosing gtk.portal for org.freedesktop.impl.portal.Print as a last-resort fallback

(/usr/lib/xdg-desktop-portal:956490): xdg-desktop-portal-WARNING **: 02:25:22.921: Choosing gtk.portal for org.freedesktop.impl.portal.Notification as a last-resort fallback

(/usr/lib/xdg-desktop-portal:956490): xdg-desktop-portal-WARNING **: 02:25:22.921: Choosing gtk.portal for org.freedesktop.impl.portal.Inhibit as a last-resort fallback

(/usr/lib/xdg-desktop-portal:956490): xdg-desktop-portal-WARNING **: 02:25:22.924: Failed to connect to PipeWire: Couldn't connect to PipeWire

(/usr/lib/xdg-desktop-portal:956490): xdg-desktop-portal-WARNING **: 02:25:22.924: Choosing gtk.portal for org.freedesktop.impl.portal.Account as a last-resort fallback

(/usr/lib/xdg-desktop-portal:956490): xdg-desktop-portal-WARNING **: 02:25:22.925: Choosing gtk.portal for org.freedesktop.impl.portal.Email as a last-resort fallback

(/usr/lib/xdg-desktop-portal:956490): xdg-desktop-portal-WARNING **: 02:25:22.925: Choosing gtk.portal for org.freedesktop.impl.portal.DynamicLauncher as a last-resort fallback
{"trial": "K027-toggle-BASE-smoke-r00", "mode": "step", "outcome": "verified", "oracle_exact_match": true, "completion_mutations": 1, "routes": ["provider", "provider"], "error": null, "la": "10.42", "prov": {"attempts": 0, "reached": 0}}
[2m2026-10-03T07:25:26.596376Z[0m [33m WARN[0m [2mcua_driver_sdk::runtime[0m[2m:[0m could not activate the persistent AT-SPI listener: AT-SPI connect failed: ZBus Error: MethodError(OwnedErrorName("org.freedesktop.DBus.Error.NameHasNoOwner"), Some("Could not activate remote peer 'org.a11y.atspi.Registry': unit failed"), Msg { type: Error, serial: 4294967295, sender: UniqueName("org.freedesktop.DBus"), reply-serial: 9, body: Str, fds: [] })
[2m2026-10-03T07:25:26.609860Z[0m [33m WARN[0m [2mplatform_linux::overlay[0m[2m:[0m X11 overlay: root reads cannot see this window's own pixels; save-unders will be served without readback confirmation
{"trial": "K028-modal-BASE-smoke-r00", "mode": "step", "outcome": "verified", "oracle_exact_match": true, "completion_mutations": 1, "routes": ["provider", "provider"], "error": null, "la": "10.46", "prov": {"attempts": 0, "reached": 0}}
X connection to :100 broken (explicit kill or server shutdown).
A connection to the bus can't be made
[2026-10-03T07:25:30.311Z] chunk R2-07d-shake-c3 rc=0 loadavg=9.87 5.63 4.25
