[2026-10-03T07:24:50.004Z] chunk R2-07d-shake-c2 mode=shared live=0 loadavg=7.84 4.63 3.88
[r2-07d] xdpyinfo probe ok DISPLAY=:100
[r2-07c] display=:100 xdg_runtime_private=yes key=absent loadavg=9.05 4.93 3.98
[2m2026-10-03T07:24:59.462123Z[0m [33m WARN[0m [2mcua_driver_sdk::runtime[0m[2m:[0m could not activate the persistent AT-SPI listener: AT-SPI connect failed: ZBus Error: MethodError(OwnedErrorName("org.freedesktop.DBus.Error.NameHasNoOwner"), Some("Could not activate remote peer 'org.a11y.atspi.Registry': unit failed"), Msg { type: Error, serial: 4294967295, sender: UniqueName("org.freedesktop.DBus"), reply-serial: 10, body: Str, fds: [] })
[2m2026-10-03T07:24:59.475944Z[0m [33m WARN[0m [2mplatform_linux::overlay[0m[2m:[0m X11 overlay: root reads cannot see this window's own pixels; save-unders will be served without readback confirmation
fusermount3: mount failed: Operation not permitted
fusermount3: mount failed: Operation not permitted

(/usr/lib/xdg-desktop-portal:954477): xdg-desktop-portal-WARNING **: 02:25:00.486: Document portal fuse mount point unknown: GDBus.Error:org.freedesktop.DBus.Error.ServiceUnknown: The name :1.11 was not provided by any .service files

(/usr/lib/xdg-desktop-portal:954477): xdg-desktop-portal-WARNING **: 02:25:00.486: Choosing gtk.portal for org.freedesktop.impl.portal.Lockdown as a last-resort fallback

** (xdg-desktop-portal-gtk:954499): WARNING **: 02:25:00.516: AT-SPI: Could not obtain desktop path or name


(/usr/lib/xdg-desktop-portal:954477): xdg-desktop-portal-WARNING **: 02:25:00.517: Choosing gtk.portal for org.freedesktop.impl.portal.Access as a last-resort fallback

** (xdg-desktop-portal-gtk:954499): WARNING **: 02:25:00.517: atk-bridge: GetRegisteredEvents returned message with unknown signature

** (xdg-desktop-portal-gtk:954499): WARNING **: 02:25:00.517: atk-bridge: get_device_events_reply: unknown signature

(/usr/lib/xdg-desktop-portal:954477): xdg-desktop-portal-WARNING **: 02:25:00.528: Choosing gtk.portal for org.freedesktop.impl.portal.Settings as a last-resort fallback

(/usr/lib/xdg-desktop-portal:954477): xdg-desktop-portal-WARNING **: 02:25:00.528: Choosing gtk.portal for org.freedesktop.impl.portal.FileChooser as a last-resort fallback

(/usr/lib/xdg-desktop-portal:954477): xdg-desktop-portal-WARNING **: 02:25:00.529: Choosing gtk.portal for org.freedesktop.impl.portal.AppChooser as a last-resort fallback

(/usr/lib/xdg-desktop-portal:954477): xdg-desktop-portal-WARNING **: 02:25:00.529: Choosing gtk.portal for org.freedesktop.impl.portal.Print as a last-resort fallback

(/usr/lib/xdg-desktop-portal:954477): xdg-desktop-portal-WARNING **: 02:25:00.529: Choosing gtk.portal for org.freedesktop.impl.portal.Notification as a last-resort fallback

(/usr/lib/xdg-desktop-portal:954477): xdg-desktop-portal-WARNING **: 02:25:00.530: Choosing gtk.portal for org.freedesktop.impl.portal.Inhibit as a last-resort fallback

(/usr/lib/xdg-desktop-portal:954477): xdg-desktop-portal-WARNING **: 02:25:00.531: Failed to connect to PipeWire: Couldn't connect to PipeWire

(/usr/lib/xdg-desktop-portal:954477): xdg-desktop-portal-WARNING **: 02:25:00.531: Choosing gtk.portal for org.freedesktop.impl.portal.Account as a last-resort fallback

(/usr/lib/xdg-desktop-portal:954477): xdg-desktop-portal-WARNING **: 02:25:00.532: Choosing gtk.portal for org.freedesktop.impl.portal.Email as a last-resort fallback

(/usr/lib/xdg-desktop-portal:954477): xdg-desktop-portal-WARNING **: 02:25:00.532: Choosing gtk.portal for org.freedesktop.impl.portal.DynamicLauncher as a last-resort fallback
{"trial": "K002-toggle-COMP_CR-n1-r00", "kind": "n1", "outcome": "budget_exhausted", "routine_outcome": "budget_exhausted", "oracle_exact_match": false, "completion_mutations": 0, "routes": ["compiled", "fallback:provider", "fallback:provider", "fallback:provider", "fallback:provider"], "error": null, "la": "9.05", "dec": 4, "prov": {"attempts": 0, "reached": 0}}
[2m2026-10-03T07:25:04.383922Z[0m [33m WARN[0m [2mcua_driver_sdk::runtime[0m[2m:[0m could not activate the persistent AT-SPI listener: AT-SPI connect failed: ZBus Error: MethodError(OwnedErrorName("org.freedesktop.DBus.Error.NameHasNoOwner"), Some("Could not activate remote peer 'org.a11y.atspi.Registry': unit failed"), Msg { type: Error, serial: 4294967295, sender: UniqueName("org.freedesktop.DBus"), reply-serial: 9, body: Str, fds: [] })
[2m2026-10-03T07:25:04.401325Z[0m [33m WARN[0m [2mplatform_linux::overlay[0m[2m:[0m X11 overlay: root reads cannot see this window's own pixels; save-unders will be served without readback confirmation
{"trial": "K003-modal-COMP_CR-n1-r00", "kind": "n1", "outcome": "unknown", "routine_outcome": "unknown", "oracle_exact_match": false, "completion_mutations": 0, "routes": ["compiled", "fallback:provider", "fallback:provider"], "error": null, "la": "9.29", "dec": 2, "prov": {"attempts": 0, "reached": 0}}
[2m2026-10-03T07:25:09.116068Z[0m [33m WARN[0m [2mcua_driver_sdk::runtime[0m[2m:[0m could not activate the persistent AT-SPI listener: AT-SPI connect failed: ZBus Error: MethodError(OwnedErrorName("org.freedesktop.DBus.Error.NameHasNoOwner"), Some("Could not activate remote peer 'org.a11y.atspi.Registry': unit failed"), Msg { type: Error, serial: 4294967295, sender: UniqueName("org.freedesktop.DBus"), reply-serial: 9, body: Str, fds: [] })
[2m2026-10-03T07:25:09.140956Z[0m [33m WARN[0m [2mplatform_linux::overlay[0m[2m:[0m X11 overlay: root reads cannot see this window's own pixels; save-unders will be served without readback confirmation
{"trial": "K004-toggle-COMP_CR-n2-r00", "kind": "n2", "outcome": "budget_exhausted", "routine_outcome": "budget_exhausted", "oracle_exact_match": false, "completion_mutations": 0, "routes": ["compiled", "fallback:provider", "fallback:provider", "fallback:provider", "fallback:provider"], "error": null, "la": "9.43", "dec": 4, "prov": {"attempts": 0, "reached": 0}}
A connection to the bus can't be made
CRITICAL: [dbus_cb_name_lost:1438] Cannot connect to DBus.
[2026-10-03T07:25:14.295Z] chunk R2-07d-shake-c2 rc=0 loadavg=10.19 5.38 4.14
