info: syncing channel updates for 1.97.1-x86_64-unknown-linux-gnu
info: latest update on 2026-07-16 for version 1.97.1 (8bab26f4f 2026-07-14)
info: downloading component rustfmt
    Updating crates.io index
 Downloading crates ...
  Downloaded adler2 v2.0.1
  Downloaded aead v0.6.1
  Downloaded arrayref v0.3.9
  Downloaded ahash v0.8.12
  Downloaded allocator-api2 v0.2.21
  Downloaded arrayvec v0.7.6
  Downloaded block-buffer v0.10.4
  Downloaded atomic-waker v1.1.2
  Downloaded bit-set v0.8.0
  Downloaded async-process v2.5.0
  Downloaded async-recursion v1.1.1
  Downloaded async-lock v3.4.2
  Downloaded basic-toml v0.1.10
  Downloaded borrow-or-share v0.2.4
  Downloaded block-padding v0.3.3
  Downloaded ciborium-ll v0.2.2
  Downloaded cfg-if v1.0.4
  Downloaded anyhow v1.0.102
  Downloaded aho-corasick v1.1.4
  Downloaded atspi v0.30.0
  Downloaded bitflags v1.3.2
  Downloaded ciborium-io v0.2.2
  Downloaded blocking v1.6.2
  Downloaded bytecount v0.6.9
  Downloaded cargo-platform v0.1.9
  Downloaded byteorder-lite v0.1.0
  Downloaded crypto-common v0.1.7
  Downloaded crypto-common v0.2.2
  Downloaded dirs-sys v0.4.1
  Downloaded cipher v0.5.2
  Downloaded cmov v0.5.4
  Downloaded dirs v5.0.1
  Downloaded cpufeatures v0.2.17
  Downloaded ctutils v0.4.2
  Downloaded enumflags2_derive v0.7.12
  Downloaded clipboard-rs v0.3.5
  Downloaded cpufeatures v0.3.0
  Downloaded embedded-io v0.4.0
  Downloaded equivalent v1.0.2
  Downloaded errno v0.3.14
  Downloaded evdev v0.12.2
  Downloaded ashpd v0.13.11
  Downloaded atspi-proxies v0.14.0
  Downloaded askama_derive v0.14.0
  Downloaded async-broadcast v0.7.2
  Downloaded async-channel v2.5.0
  Downloaded async-compat v0.2.5
  Downloaded async-executor v1.14.0
  Downloaded async-signal v0.2.14
  Downloaded askama_parser v0.14.0
  Downloaded atspi-connection v0.14.0
  Downloaded autocfg v1.5.0
  Downloaded base64 v0.22.1
  Downloaded async-trait v0.1.89
  Downloaded async-task v4.7.1
  Downloaded block-buffer v0.12.1
  Downloaded cbc v0.1.2
  Downloaded ciborium v0.2.2
  Downloaded downcast-rs v1.2.1
  Downloaded dyn-clone v1.0.20
  Downloaded embedded-io v0.6.1
  Downloaded event-listener v5.4.1
  Downloaded find-msvc-tools v0.1.9
  Downloaded cobs v0.3.0
  Downloaded byteorder v1.5.0
  Downloaded chacha20 v0.10.1
  Downloaded cc v1.2.62
  Downloaded concurrent-queue v2.5.0
  Downloaded crossbeam-channel v0.5.15
  Downloaded data-encoding v2.11.0
  Downloaded cipher v0.4.4
  Downloaded crc32fast v1.5.0
  Downloaded crossbeam-utils v0.8.21
  Downloaded deranged v0.5.8
  Downloaded digest v0.10.7
  Downloaded email_address v0.2.9
  Downloaded endi v1.1.1
  Downloaded enumflags2 v0.7.12
  Downloaded event-listener-strategy v0.5.4
  Downloaded askama v0.14.0
  Downloaded bit-vec v0.8.0
  Downloaded bitflags v2.11.1
  Downloaded async-io v2.6.0
  Downloaded cargo_metadata v0.19.2
  Downloaded bytes v1.11.1
  Downloaded aes v0.8.4
  Downloaded fastrand v2.4.1
  Downloaded fax v0.2.7
  Downloaded fdeflate v0.3.7
  Downloaded bytemuck v1.25.0
  Downloaded camino v1.2.4
  Downloaded coset v0.4.2
  Downloaded displaydoc v0.2.5
  Downloaded atspi-common v0.14.0
  Downloaded chacha20poly1305 v0.11.0
  Downloaded chrono v0.4.45
  Downloaded fancy-regex v0.18.0
  Downloaded bitvec v1.0.1
  Downloaded bstr v1.13.0
  Downloaded chrono-tz v0.10.4
  Downloaded parking v2.2.1
  Downloaded parking_lot v0.12.5
  Downloaded piper v0.2.5
  Downloaded polling v3.11.0
  Downloaded powerfmt v0.2.0
  Downloaded ppv-lite86 v0.2.21
  Downloaded radium v0.7.0
  Downloaded rand_core v0.10.1
  Downloaded rand_core v0.6.4
  Downloaded relative-path v2.0.2
  Downloaded scroll v0.12.0
  Downloaded shlex v1.3.0
  Downloaded ryu v1.0.23
  Downloaded serde v1.0.228
  Downloaded serde_derive_internals v0.29.1
  Downloaded serde_json v1.0.149
  Downloaded regorus v0.10.1
  Downloaded siphasher v1.0.2
  Downloaded spin v0.9.9
  Downloaded strict-num v0.1.1
  Downloaded subtle v2.6.1
  Downloaded thiserror v2.0.18
  Downloaded time-core v0.1.8
  Downloaded time-macros v0.2.27
  Downloaded time v0.3.47
  Downloaded tungstenite v0.24.0
  Downloaded uniffi_internal_macros v0.31.0
  Downloaded toml_datetime v1.1.1+spec-1.1.0
  Downloaded toml_edit v0.25.12+spec-1.1.0
  Downloaded ttf-parser v0.21.1
  Downloaded vsimd v0.8.0
  Downloaded version_check v0.9.5
  Downloaded writeable v0.6.3
  Downloaded wl-clipboard-rs v0.9.3
  Downloaded zerovec-derive v0.11.3
  Downloaded zstd-safe v7.2.4
  Downloaded flate2 v1.1.9
  Downloaded winnow v1.0.3
  Downloaded zbus-secret-service-keyring-store v1.0.0
  Downloaded vcpkg v0.2.15
  Downloaded uniffi_macros v0.31.0
  Downloaded uniffi_meta v0.31.0
  Downloaded zbus_macros v5.16.0
  Downloaded zbus_names v4.3.2
  Downloaded fluent-uri v0.4.1
  Downloaded fnv v1.0.7
  Downloaded getrandom v0.4.2
  Downloaded glob v0.3.3
  Downloaded foldhash v0.2.0
  Downloaded fontdue v0.9.3
  Downloaded getrandom v0.3.4
  Downloaded getrandom v0.2.17
  Downloaded http v1.4.0
  Downloaded foldhash v0.1.5
  Downloaded icu_collections v2.2.0
  Downloaded minimal-lexical v0.2.1
  Downloaded jsonschema-regex v0.46.10
  Downloaded icu_normalizer_data v2.2.0
  Downloaded keyring v4.1.6
  Downloaded jsonschema v0.46.10
  Downloaded icu_locale_core v2.2.0
  Downloaded icu_normalizer v2.2.0
  Downloaded keyring-core v1.0.0
  Downloaded msvc_spectre_libs v0.1.3
  Downloaded nom v7.1.3
  Downloaded nom v8.0.0
  Downloaded pin-project-lite v0.2.17
  Downloaded potential_utf v0.1.5
  Downloaded proc-macro-crate v3.5.0
  Downloaded serde_core v1.0.228
  Downloaded static_assertions v1.1.0
  Downloaded signal-hook-registry v1.4.8
  Downloaded tempfile v3.27.0
  Downloaded pkg-config v0.3.33
  Downloaded openssl-probe v0.2.1
  Downloaded phf_shared v0.12.1
  Downloaded plain v0.2.3
  Downloaded smallvec v1.15.1
  Downloaded openssl-macros v0.1.1
  Downloaded num-iter v0.1.46
  Downloaded openssl v0.10.80
  Downloaded poly1305 v0.9.1
  Downloaded postcard v1.1.3
  Downloaded serde_derive v1.0.228
  Downloaded png v0.18.1
  Downloaded thiserror-impl v2.0.18
  Downloaded tiny-skia-path v0.11.4
  Downloaded tiny-skia v0.11.4
  Downloaded tiff v0.11.3
  Downloaded tree_magic_mini v3.2.2
  Downloaded unicode-general-category v1.1.0
  Downloaded unicode-ident v1.0.24
  Downloaded wayland-scanner v0.31.10
  Downloaded wayland-backend v0.3.15
  Downloaded typenum v1.20.0
  Downloaded winnow v0.7.15
  Downloaded yoke-derive v0.8.2
  Downloaded wyz v0.5.1
  Downloaded zerocopy-derive v0.8.48
  Downloaded futures-lite v2.6.1
  Downloaded zeroize_derive v1.5.0
  Downloaded zstd v0.13.3
  Downloaded futures-macro v0.3.32
  Downloaded zune-core v0.5.1
  Downloaded zune-jpeg v0.5.15
  Downloaded zstd-sys v2.0.16+zstd.1.5.7
  Downloaded futures-sink v0.3.32
  Downloaded futures-task v0.3.32
  Downloaded hex v0.4.3
  Downloaded hybrid-array v0.4.14
  Downloaded icu_provider v2.2.0
  Downloaded indexmap v2.14.0
  Downloaded itoa v1.0.18
  Downloaded jobserver v0.1.35
  Downloaded meval v0.2.0
  Downloaded lru v0.18.1
  Downloaded moxcms v0.8.1
  Downloaded num v0.4.3
  Downloaded rustc_version v0.4.1
  Downloaded num-complex v0.4.6
  Downloaded num-integer v0.1.46
  Downloaded num-bigint v0.4.8
  Downloaded num-cmp v0.1.0
  Downloaded num-conv v0.2.1
  Downloaded num-rational v0.4.2
  Downloaded referencing v0.46.10
  Downloaded rquickjs v0.14.0
  Downloaded scopeguard v1.2.0
  Downloaded stable_deref_trait v1.2.1
  Downloaded syn v2.0.117
  Downloaded tokio-macros v2.7.0
  Downloaded scroll_derive v0.12.1
  Downloaded secret-service v5.1.0
  Downloaded semver v1.0.28
  Downloaded tokio v1.52.1
  Downloaded universal-hash v0.6.1
  Downloaded unsafe-libyaml v0.2.11
  Downloaded tracing-attributes v0.1.31
  Downloaded tracing v0.1.44
  Downloaded weezl v0.1.12
  Downloaded zvariant_derive v5.12.0
  Downloaded fs2 v0.4.3
  Downloaded zbus-lockstep-macros v0.5.2
  Downloaded wayland-protocols v0.32.12
  Downloaded x11 v2.21.0
  Downloaded zvariant v5.12.0
  Downloaded futures-util v0.3.32
  Downloaded zbus-lockstep v0.5.2
  Downloaded generic-array v0.14.7
  Downloaded hashbrown v0.16.1
  Downloaded hkdf v0.12.4
  Downloaded icu_properties v2.2.0
  Downloaded litemap v0.8.2
  Downloaded memoffset v0.6.5
  Downloaded native-tls v0.2.18
  Downloaded icu_properties_data v2.2.0
  Downloaded lazy_static v1.5.0
  Downloaded once_cell v1.21.4
  Downloaded openssl-sys v0.9.117
  Downloaded quick-error v2.0.1
  Downloaded petgraph v0.8.3
  Downloaded serde_yaml v0.9.34+deprecated
  Downloaded simd-adler32 v0.3.9
  Downloaded quick-xml v0.39.4
  Downloaded regex-automata v0.4.14
  Downloaded regex v1.12.3
  Downloaded regex-syntax v0.8.10
  Downloaded tap v1.0.1
  Downloaded synstructure v0.13.2
  Downloaded textwrap v0.16.2
  Downloaded spin v0.10.1
  Downloaded url v2.5.8
  Downloaded x11rb v0.13.2
  Downloaded uniffi_core v0.31.0
  Downloaded futures-io v0.3.32
  Downloaded wayland-client v0.31.14
  Downloaded yoke v0.8.2
  Downloaded fraction v0.15.4
  Downloaded zbus v5.16.0
  Downloaded x11rb-protocol v0.13.2
  Downloaded inout v0.1.4
  Downloaded half v2.7.1
  Downloaded heapless v0.7.17
  Downloaded heck v0.5.0
  Downloaded memmap2 v0.9.10
  Downloaded linux-raw-sys v0.12.1
  Downloaded micromap v0.3.0
  Downloaded ordered-stream v0.2.0
  Downloaded percent-encoding v2.3.2
  Downloaded rand v0.8.6
  Downloaded rand v0.10.2
  Downloaded sha1 v0.10.6
  Downloaded quote v1.0.45
  Downloaded serde_bytes v0.11.19
  Downloaded toml_parser v1.1.2+spec-1.1.0
  Downloaded socket2 v0.6.3
  Downloaded thiserror v1.0.69
  Downloaded form_urlencoded v1.2.2
  Downloaded uniffi_bindgen v0.31.0
  Downloaded uniffi_pipeline v0.31.0
  Downloaded zerofrom v0.1.8
  Downloaded fs-err v2.11.0
  Downloaded wayland-sys v0.31.11
  Downloaded foreign-types-shared v0.1.1
  Downloaded zerocopy v0.8.48
  Downloaded httparse v1.10.1
  Downloaded num-traits v0.2.19
  Downloaded slab v0.4.12
  Downloaded inout v0.2.2
  Downloaded serde_repr v0.1.20
  Downloaded image v0.25.10
  Downloaded ipnet v2.12.0
  Downloaded nix v0.23.2
  Downloaded nom v1.2.4
  Downloaded rustc-hash v2.1.3
  Downloaded tokio-native-tls v0.3.1
  Downloaded tokio-tungstenite v0.24.0
  Downloaded zeroize v1.8.2
  Downloaded toml_datetime v0.7.5+spec-1.1.0
  Downloaded gethostname v1.1.0
  Downloaded hashbrown v0.15.5
  Downloaded toml v0.9.12+spec-1.1.0
  Downloaded zerotrie v0.2.4
  Downloaded hash32 v0.2.1
  Downloaded goblin v0.8.2
  Downloaded proc-macro2 v1.0.106
  Downloaded globset v0.4.19
  Downloaded phf v0.12.1
  Downloaded rustix v1.1.4
  Downloaded serde_yaml_ng v0.10.0
  Downloaded sha2 v0.10.9
  Downloaded utf-8 v0.7.6
  Downloaded funty v2.0.0
  Downloaded futures-core v0.3.32
  Downloaded uniffi_udl v0.31.0
  Downloaded utf8_iter v1.0.4
  Downloaded foreign-types v0.3.2
  Downloaded outref v0.5.2
  Downloaded weedle2 v5.0.0
  Downloaded ref-cast v1.0.25
  Downloaded tracing-core v0.1.36
  Downloaded thiserror-impl v1.0.69
  Downloaded miniz_oxide v0.8.9
  Downloaded schemars v1.2.1
  Downloaded zmij v1.0.21
  Downloaded zvariant_utils v3.4.0
  Downloaded lock_api v0.4.14
  Downloaded mio v1.2.0
  Downloaded option-ext v0.2.0
  Downloaded schemars_derive v1.2.1
  Downloaded hmac v0.12.1
  Downloaded iana-time-zone v0.1.65
  Downloaded toml_writer v1.1.2+spec-1.1.0
  Downloaded uniffi v0.31.0
  Downloaded hashbrown v0.17.1
  Downloaded memchr v2.8.0
  Downloaded ref-cast-impl v1.0.25
  Downloaded wayland-protocols-wlr v0.3.12
  Downloaded zbus_xml v5.1.1
  Downloaded rand_chacha v0.3.1
  Downloaded rquickjs-core v0.14.0
  Downloaded tinystr v0.8.3
  Downloaded zerovec v0.11.6
  Downloaded uuid-simd v0.8.0
  Downloaded log v0.4.29
  Downloaded rquickjs-sys v0.14.0
  Downloaded os_pipe v1.2.3
  Downloaded idna v1.1.0
  Downloaded serde_spanned v1.1.1
  Downloaded idna_adapter v1.2.2
  Downloaded libc v0.2.186
  Downloaded parking_lot_core v0.9.12
  Downloaded pxfm v0.1.29
  Downloaded zerofrom-derive v0.1.7
  Downloaded smawk v0.3.3
  Downloaded uuid v1.23.1
  Downloaded fixedbitset v0.5.7
   Compiling proc-macro2 v1.0.106
   Compiling quote v1.0.45
   Compiling unicode-ident v1.0.24
   Compiling cfg-if v1.0.4
   Compiling libc v0.2.186
   Compiling syn v2.0.117
   Compiling serde_core v1.0.228
   Compiling equivalent v1.0.2
   Compiling autocfg v1.5.0
   Compiling memchr v2.8.0
   Compiling typenum v1.20.0
   Compiling serde_derive v1.0.228
   Compiling serde v1.0.228
   Compiling bitflags v2.11.1
   Compiling smallvec v1.15.1
   Compiling hashbrown v0.17.1
   Compiling winnow v1.0.3
   Compiling indexmap v2.14.0
   Compiling pin-project-lite v0.2.17
   Compiling rustix v1.1.4
   Compiling toml_parser v1.1.2+spec-1.1.0
   Compiling linux-raw-sys v0.12.1
   Compiling version_check v0.9.5
   Compiling once_cell v1.21.4
   Compiling getrandom v0.4.2
   Compiling fastrand v2.4.1
   Compiling rand_core v0.10.1
   Compiling futures-core v0.3.32
   Compiling scopeguard v1.2.0
   Compiling lock_api v0.4.14
   Compiling futures-io v0.3.32
   Compiling hybrid-array v0.4.14
   Compiling parking_lot_core v0.9.12
   Compiling crossbeam-utils v0.8.21
   Compiling jobserver v0.1.35
   Compiling find-msvc-tools v0.1.9
   Compiling toml_datetime v1.1.1+spec-1.1.0
   Compiling shlex v1.3.0
   Compiling cc v1.2.62
   Compiling toml_edit v0.25.12+spec-1.1.0
   Compiling generic-array v0.14.7
   Compiling enumflags2_derive v0.7.12
   Compiling num-traits v0.2.19
   Compiling parking_lot v0.12.5
   Compiling proc-macro-crate v3.5.0
   Compiling crypto-common v0.2.2
   Compiling zvariant_utils v3.4.0
   Compiling synstructure v0.13.2
   Compiling errno v0.3.14
   Compiling parking v2.2.1
   Compiling signal-hook-registry v1.4.8
   Compiling zvariant_derive v5.12.0
   Compiling concurrent-queue v2.5.0
   Compiling allocator-api2 v0.2.21
   Compiling stable_deref_trait v1.2.1
   Compiling endi v1.1.1
   Compiling foldhash v0.2.0
   Compiling bytes v1.11.1
   Compiling pkg-config v0.3.33
   Compiling zerofrom-derive v0.1.7
   Compiling inout v0.2.2
   Compiling yoke-derive v0.8.2
   Compiling block-buffer v0.12.1
   Compiling zerofrom v0.1.8
   Compiling tokio-macros v2.7.0
   Compiling zeroize_derive v1.5.0
   Compiling mio v1.2.0
   Compiling socket2 v0.6.3
   Compiling itoa v1.0.18
   Compiling zerocopy v0.8.48
   Compiling cpufeatures v0.3.0
   Compiling slab v0.4.12
   Compiling tokio v1.52.1
   Compiling zeroize v1.8.2
   Compiling yoke v0.8.2
   Compiling cipher v0.5.2
   Compiling zerocopy-derive v0.8.48
   Compiling chacha20 v0.10.1
   Compiling event-listener v5.4.1
   Compiling crypto-common v0.1.7
   Compiling enumflags2 v0.7.12
   Compiling zerovec-derive v0.11.3
   Compiling anyhow v1.0.102
   Compiling zvariant v5.12.0
   Compiling zerovec v0.11.6
   Compiling event-listener-strategy v0.5.4
   Compiling futures-lite v2.6.1
   Compiling displaydoc v0.2.5
   Compiling zbus_names v4.3.2
   Compiling rand v0.10.2
   Compiling quick-xml v0.39.4
   Compiling async-io v2.6.0
   Compiling zmij v1.0.21
   Compiling uuid v1.23.1
   Compiling num-integer v0.1.46
   Compiling block-buffer v0.10.4
   Compiling polling v3.11.0
   Compiling tracing-core v0.1.36
   Compiling tracing-attributes v0.1.31
   Compiling serde_json v1.0.149
   Compiling thiserror v2.0.18
   Compiling async-task v4.7.1
   Compiling subtle v2.6.1
   Compiling digest v0.10.7
   Compiling tracing v0.1.44
   Compiling tinystr v0.8.3
   Compiling async-channel v2.5.0
   Compiling async-trait v0.1.89
   Compiling thiserror-impl v2.0.18
   Compiling atomic-waker v1.1.2
   Compiling litemap v0.8.2
   Compiling writeable v0.6.3
   Compiling icu_locale_core v2.2.0
   Compiling piper v0.2.5
   Compiling async-signal v0.2.14
   Compiling num-bigint v0.4.8
   Compiling zerotrie v0.2.4
   Compiling async-lock v3.4.2
   Compiling potential_utf v0.1.5
   Compiling getrandom v0.2.17
   Compiling siphasher v1.0.2
   Compiling log v0.4.29
   Compiling icu_properties_data v2.2.0
   Compiling icu_normalizer_data v2.2.0
   Compiling cpufeatures v0.2.17
   Compiling utf8_iter v1.0.4
   Compiling ref-cast v1.0.25
   Compiling icu_collections v2.2.0
   Compiling num-rational v0.4.2
   Compiling async-process v2.5.0
   Compiling icu_provider v2.2.0
   Compiling blocking v1.6.2
   Compiling async-executor v1.14.0
   Compiling num-iter v0.1.46
   Compiling zbus_macros v5.16.0
   Compiling async-broadcast v0.7.2
   Compiling num-complex v0.4.6
   Compiling ordered-stream v0.2.0
   Compiling async-recursion v1.1.1
   Compiling ref-cast-impl v1.0.25
   Compiling serde_repr v0.1.20
   Compiling hex v0.4.3
   Compiling static_assertions v1.1.0
   Compiling regex-syntax v0.8.10
   Compiling zbus v5.16.0
   Compiling num v0.4.3
   Compiling uniffi_internal_macros v0.31.0
   Compiling wayland-sys v0.31.11
   Compiling futures-macro v0.3.32
   Compiling aho-corasick v1.1.4
   Compiling crc32fast v1.5.0
   Compiling simd-adler32 v0.3.9
   Compiling semver v1.0.28
   Compiling futures-sink v0.3.32
   Compiling futures-task v0.3.32
   Compiling byteorder v1.5.0
   Compiling heck v0.5.0
   Compiling getrandom v0.3.4
   Compiling futures-util v0.3.32
   Compiling rustc_version v0.4.1
   Compiling regex-automata v0.4.14
   Compiling icu_normalizer v2.2.0
   Compiling icu_properties v2.2.0
   Compiling tempfile v3.27.0
   Compiling block-padding v0.3.3
   Compiling wayland-backend v0.3.15
   Compiling ahash v0.8.12
   Compiling fs-err v2.11.0
   Compiling camino v1.2.4
   Compiling thiserror v1.0.69
   Compiling percent-encoding v2.3.2
   Compiling adler2 v2.0.1
   Compiling miniz_oxide v0.8.9
   Compiling idna_adapter v1.2.2
   Compiling inout v0.1.4
   Compiling uniffi_pipeline v0.31.0
   Compiling heapless v0.7.17
   Compiling rand_core v0.6.4
   Compiling hmac v0.12.1
   Compiling zbus_xml v5.1.1
   Compiling ppv-lite86 v0.2.21
   Compiling zstd-sys v2.0.16+zstd.1.5.7
   Compiling rquickjs-sys v0.14.0
   Compiling toml_datetime v0.7.5+spec-1.1.0
   Compiling serde_spanned v1.1.1
   Compiling thiserror-impl v1.0.69
   Compiling bit-vec v0.8.0
   Compiling unicode-general-category v1.1.0
   Compiling httparse v1.10.1
   Compiling borrow-or-share v0.2.4
   Compiling toml_writer v1.1.2+spec-1.1.0
   Compiling cmov v0.5.4
   Compiling winnow v0.7.15
   Compiling wayland-client v0.31.14
   Compiling bytemuck v1.25.0
   Compiling data-encoding v2.11.0
   Compiling downcast-rs v1.2.1
   Compiling toml v0.9.12+spec-1.1.0
   Compiling ctutils v0.4.2
   Compiling fluent-uri v0.4.1
   Compiling bit-set v0.8.0
   Compiling zbus-lockstep v0.5.2
   Compiling rand_chacha v0.3.1
   Compiling hkdf v0.12.4
   Compiling flate2 v1.1.9
   Compiling uniffi_meta v0.31.0
   Compiling cipher v0.4.4
   Compiling idna v1.1.0
   Compiling hash32 v0.2.1
   Compiling fdeflate v0.3.7
   Compiling sha2 v0.10.9
   Compiling phf_shared v0.12.1
   Compiling wayland-scanner v0.31.10
   Compiling half v2.7.1
   Compiling async-compat v0.2.5
   Compiling hashbrown v0.16.1
   Compiling spin v0.9.9
   Compiling cargo-platform v0.1.9
   Compiling serde_derive_internals v0.29.1
   Compiling ciborium-io v0.2.2
   Compiling chrono-tz v0.10.4
   Compiling msvc_spectre_libs v0.1.3
   Compiling foldhash v0.1.5
   Compiling vsimd v0.8.0
   Compiling zune-core v0.5.1
   Compiling unsafe-libyaml v0.2.11
   Compiling ryu v1.0.23
   Compiling micromap v0.3.0
   Compiling lazy_static v1.5.0
   Compiling outref v0.5.2
   Compiling iana-time-zone v0.1.65
   Compiling pxfm v0.1.29
   Compiling chrono v0.4.45
   Compiling uuid-simd v0.8.0
   Compiling fraction v0.15.4
   Compiling referencing v0.46.10
   Compiling moxcms v0.8.1
   Compiling zune-jpeg v0.5.15
   Compiling schemars_derive v1.2.1
   Compiling hashbrown v0.15.5
   Compiling ciborium-ll v0.2.2
   Compiling cargo_metadata v0.19.2
   Compiling uniffi_core v0.31.0
   Compiling phf v0.12.1
   Compiling png v0.18.1
   Compiling uniffi_macros v0.31.0
   Compiling rand v0.8.6
   Compiling zbus-lockstep-macros v0.5.2
   Compiling fancy-regex v0.18.0
   Compiling universal-hash v0.6.1
   Compiling form_urlencoded v1.2.2
   Compiling regex v1.12.3
   Compiling jsonschema-regex v0.46.10
   Compiling sha1 v0.10.6
   Compiling cobs v0.3.0
   Compiling regorus v0.10.1
   Compiling http v1.4.0
   Compiling email_address v0.2.9
   Compiling bstr v1.13.0
   Compiling memoffset v0.6.5
   Compiling num-cmp v0.1.0
   Compiling fixedbitset v0.5.7
   Compiling bytecount v0.6.9
   Compiling dyn-clone v1.0.20
   Compiling byteorder-lite v0.1.0
   Compiling radium v0.7.0
   Compiling zstd-safe v7.2.4
   Compiling utf-8 v0.7.6
   Compiling powerfmt v0.2.0
   Compiling tungstenite v0.24.0
   Compiling deranged v0.5.8
   Compiling image v0.25.10
   Compiling schemars v1.2.1
   Compiling petgraph v0.8.3
   Compiling jsonschema v0.46.10
   Compiling globset v0.4.19
   Compiling postcard v1.1.3
   Compiling url v2.5.8
   Compiling poly1305 v0.9.1
   Compiling uniffi v0.31.0
   Compiling atspi-common v0.14.0
   Compiling rquickjs-core v0.14.0
   Compiling wayland-protocols v0.32.12
   Compiling ciborium v0.2.2
   Compiling serde_yaml v0.9.34+deprecated
   Compiling aes v0.8.4
   Compiling cbc v0.1.2
   Compiling aead v0.6.1
   Compiling nom v8.0.0
   Compiling tap v1.0.1
   Compiling time-core v0.1.8
   Compiling ipnet v2.12.0
   Compiling arrayref v0.3.9
   Compiling num-conv v0.2.1
   Compiling spin v0.10.1
   Compiling strict-num v0.1.1
   Compiling lru v0.18.1
   Compiling tree_magic_mini v3.2.2
   Compiling tiny-skia-path v0.11.4
   Compiling time v0.3.47
   Compiling wyz v0.5.1
   Compiling chacha20poly1305 v0.11.0
   Compiling secret-service v5.1.0
   Compiling wayland-protocols-wlr v0.3.12
   Compiling coset v0.4.2
   Compiling atspi-proxies v0.14.0
   Compiling rquickjs v0.14.0
   Compiling cua-driver-contract v0.34.0 (/workspace/shared/cua-baseline-native-compat/repo/libs/cua-driver/rust/crates/cua-driver-contract)
   Compiling tokio-tungstenite v0.24.0
   Compiling serde_yaml_ng v0.10.0
   Compiling keyring-core v1.0.0
   Compiling x11 v2.21.0
   Compiling gethostname v1.1.0
   Compiling os_pipe v1.2.3
   Compiling fs2 v0.4.3
   Compiling option-ext v0.2.0
   Compiling bitflags v1.3.2
   Compiling ttf-parser v0.21.1
   Compiling base64 v0.22.1
   Compiling funty v2.0.0
   Compiling x11rb-protocol v0.13.2
   Compiling arrayvec v0.7.6
   Compiling tiny-skia v0.11.4
   Compiling bitvec v1.0.1
   Compiling cua-driver-core v0.34.0 (/workspace/shared/cua-baseline-native-compat/repo/libs/cua-driver/rust/crates/cua-driver-core)
   Compiling x11rb v0.13.2
   Compiling fontdue v0.9.3
   Compiling nix v0.23.2
   Compiling dirs-sys v0.4.1
   Compiling wl-clipboard-rs v0.9.3
   Compiling zbus-secret-service-keyring-store v1.0.0
   Compiling atspi-connection v0.14.0
   Compiling zstd v0.13.3
   Compiling cua-cursor-motion v0.34.0 (/workspace/shared/cua-baseline-native-compat/repo/libs/cua-driver/rust/crates/cua-cursor-motion)
   Compiling nom v1.2.4
   Compiling fnv v1.0.7
   Compiling meval v0.2.0
   Compiling atspi v0.30.0
   Compiling keyring v4.1.6
   Compiling cursor-overlay v0.34.0 (/workspace/shared/cua-baseline-native-compat/repo/libs/cua-driver/rust/crates/cursor-overlay)
   Compiling clipboard-rs v0.3.5
   Compiling dirs v5.0.1
   Compiling evdev v0.12.2
   Compiling ashpd v0.13.11
   Compiling pip-preview v0.34.0 (/workspace/shared/cua-baseline-native-compat/repo/libs/cua-driver/rust/crates/pip-preview)
   Compiling crossbeam-channel v0.5.15
   Compiling memmap2 v0.9.10
   Compiling cua-driver-sdk v0.34.0 (/workspace/shared/cua-baseline-native-compat/repo/libs/cua-driver/rust/crates/cua-driver-sdk)
   Compiling platform-linux v0.34.0 (/workspace/shared/cua-baseline-native-compat/repo/libs/cua-driver/rust/crates/platform-linux)
    Finished `dev` profile [unoptimized] target(s) in 2m 38s
warning: the following packages contain code that will be rejected by a future version of Rust: nom v1.2.4
note: to see what the problems were, use the option `--future-incompat-report`, or run `cargo report future-incompatibilities --id 1`
