[2026-10-03T21:09:37Z] build M8 label=fix20o-m8-a9baa8d10 head=a9baa8d107fba8b0aef5a4ed6233e498e88d14d0
[2026-10-03T21:14:11Z] built M8 rc=0 [2026-10-03T21:14:11Z] build done label=fix20o-m8-a9baa8d10 seconds=116 sha256=459402b04fa72a66c0848038a437c1e37ce2500be2d1dcbee4345634b671c15b
[2026-10-03T21:14:41Z] build M8F label=fix20o-m8f-dd7f33b58 head=dd7f33b581038220d8176350ab075dda1b036205
[2026-10-03T21:16:27Z] queue stopped by lane before M8F (holding nothing; yielding to EXCLUSIVE waiters); restarted with qshared2 (cargo try-and-release)
[2026-10-03T21:17:08Z] build M8F label=fix20o-m8f-dd7f33b58 head=dd7f33b581038220d8176350ab075dda1b036205
[2026-10-03T21:22:35Z] built M8F rc=0 [2026-10-03T21:22:35Z] build done label=fix20o-m8f-dd7f33b58 seconds=111 sha256=0d01c47e3cea930a9926d0cdffb7dd5f16fac7f9054f5969003b8ea411b6c54c
[2026-10-03T21:23:06Z] build G0m8 label=fix20o-g0m8-cddc82535 head=cddc825352ac909e93068ec23723293aa9223777
[2026-10-03T21:25:01Z] built G0m8 rc=0 [2026-10-03T21:25:01Z] build done label=fix20o-g0m8-cddc82535 seconds=109 sha256=7da2816579959df6b89c222c1b1f83ea3d61a069963ab358ce7ea5d9d8106e97
[2026-10-03T21:25:32Z] build G0m8F label=fix20o-g0m8f-35c776b03 head=35c776b03117a52ab0c88652f965205361ce4707
[2026-10-03T21:30:25Z] built G0m8F rc=0 [2026-10-03T21:30:25Z] build done label=fix20o-g0m8f-35c776b03 seconds=281 sha256=121546043fafbca768367a9f93e30e85ea25d54cf8dd11b6db51906856b0fea8
[2026-10-03T21:30:57Z] build G0m8A label=fix20o-g0m8a-9ecf113a1 head=9ecf113a107fd980eaaf52a8810d0ec6f550b3c6
[2026-10-03T21:55:20Z] built G0m8A rc=0 [2026-10-03T21:55:20Z] build done label=fix20o-g0m8a-9ecf113a1 seconds=112 sha256=949af4463bae6f461d301ce8a194c8f14315942154ab020f4d03cbf50f55af19
[2026-10-03T21:55:52Z] build U0m8F label=fix20o-u0m8f-a0a889b5e head=a0a889b5eacf037e917029de97ca8ed209c89543
[2026-10-03T21:58:49Z] built U0m8F rc=0 [2026-10-03T21:58:49Z] build done label=fix20o-u0m8f-a0a889b5e seconds=97 sha256=3aafc78fe11f63aba28edcce61f0083ddf88a7d1ff7cf475a44b85a77e4200e5
[2026-10-03T21:59:20Z] build G08F label=fix20o-g08f-293f541fa head=293f541faf17de58271733e0302d156830c2f62b
[2026-10-03T22:00:51Z] built G08F rc=0 [2026-10-03T22:00:51Z] build done label=fix20o-g08f-293f541fa seconds=91 sha256=b524c0b84bc92cce15de66290169e85e047991ff6db3b6ba6a5be886eb885aa7
[2026-10-03T22:01:23Z] build GA8F label=fix20o-ga8f-d21d13aea head=d21d13aea898fbe6cb98da76365b68a25b565d04
[2026-10-03T22:02:55Z] built GA8F rc=0 [2026-10-03T22:02:55Z] build done label=fix20o-ga8f-d21d13aea seconds=92 sha256=9f64d52416eccaa164ac59eca919863de07577b9b586045aad4a9e463575a4dd
[2026-10-03T22:03:26Z] build GQ8 label=fix20o-gq8-ec4603afd head=ec4603afd5b10967765afbbc3b5f2557fff227e3
[2026-10-03T22:05:02Z] built GQ8 rc=0 [2026-10-03T22:05:02Z] build done label=fix20o-gq8-ec4603afd seconds=96 sha256=e78958fbaea929a4c9ef3b9755815c8fe151f82cae21967dd85b8ce52abad204
[2026-10-03T22:05:33Z] build GQ8F label=fix20o-gq8f-a37329576 head=a37329576f0520cd7f1225017cd2b398b205ad2b
[2026-10-03T22:07:08Z] built GQ8F rc=0 [2026-10-03T22:07:07Z] build done label=fix20o-gq8f-a37329576 seconds=94 sha256=5b42a5d8d42b0bb1c791d6a502a2692506acecf8ddcf6d921f3b450ddc9e8051
[2026-10-03T22:07:38Z] build G0m8T label=fix20o-g0m8t-bcab97955 head=bcab979559e6351bdba29881fce0254e0c4b58f3
[2026-10-03T22:09:16Z] built G0m8T rc=0 [2026-10-03T22:09:16Z] build done label=fix20o-g0m8t-bcab97955 seconds=97 sha256=57505a87cdc4779c528397ac0e705d5d84c9af3b190f5c6be26cfeb00bb04a74
[2026-10-03T22:09:46Z] queue done: M8F G0m8 G0m8F G0m8A U0m8F G08F GA8F GQ8 GQ8F G0m8T
