[2026-10-03T05:38:18.922Z] chunk r2-10r-a2-N1 mode=exclusive atspi=0 live=0 loadavg=3.67 6.43 8.93
[session] DISPLAY=:100 openbox=554349 picom=554350 dbus=unix:path=/tmp/dbus-vroZvxQ0EY,guid=732383072d9e67bb5445f5e46ac096ee
[r2-10] display=:100 xdg_runtime_private=yes key=absent loadavg=5.18 4.45 6.76 atspi=0
dbus-daemon[554347]: [session uid=1000 pid=554347 pidfd=4] Activating service name='org.a11y.Bus' requested by ':1.0' (uid=1000 pid=554393 comm="<lanes>/bin/cua-driver-r2")
dbus-daemon[554347]: [session uid=1000 pid=554347 pidfd=4] Successfully activated service 'org.a11y.Bus'
dbus-daemon[554347]: [session uid=1000 pid=554347 pidfd=4] Activating service name='ca.desrt.dconf' requested by ':1.1' (uid=1000 pid=554400 comm="/usr/lib/at-spi-bus-launcher")
dbus-daemon[554347]: [session uid=1000 pid=554347 pidfd=4] Successfully activated service 'ca.desrt.dconf'
dbus-daemon[554347]: [session uid=1000 pid=554347 pidfd=4] Activating service name='org.freedesktop.systemd1' requested by ':1.4' (uid=1000 pid=554422 comm="/usr/bin/dbus-broker-launch --config-file=/usr/sha")
dbus-daemon[554347]: [session uid=1000 pid=554347 pidfd=4] Activated service 'org.freedesktop.systemd1' failed: Process org.freedesktop.systemd1 exited with status 1
dbus-daemon[554347]: [session uid=1000 pid=554347 pidfd=4] Activating service name='org.gtk.vfs.Daemon' requested by ':1.5' (uid=1000 pid=554498 comm="/opt/google/chrome/chrome --remote-debugging-port=")
dbus-daemon[554347]: [session uid=1000 pid=554347 pidfd=4] Successfully activated service 'org.gtk.vfs.Daemon'
fusermount3: mount failed: Operation not permitted
dbus-daemon[554347]: [session uid=1000 pid=554347 pidfd=4] Activating service name='org.freedesktop.systemd1' requested by ':1.4' (uid=1000 pid=554422 comm="/usr/bin/dbus-broker-launch --config-file=/usr/sha")
dbus-daemon[554347]: [session uid=1000 pid=554347 pidfd=4] Activated service 'org.freedesktop.systemd1' failed: Process org.freedesktop.systemd1 exited with status 1
dbus-daemon[554347]: [session uid=1000 pid=554347 pidfd=4] Activating service name='org.freedesktop.systemd1' requested by ':1.4' (uid=1000 pid=554422 comm="/usr/bin/dbus-broker-launch --config-file=/usr/sha")
dbus-daemon[554347]: [session uid=1000 pid=554347 pidfd=4] Activated service 'org.freedesktop.systemd1' failed: Process org.freedesktop.systemd1 exited with status 1
dbus-daemon[554347]: [session uid=1000 pid=554347 pidfd=4] Activating service name='org.freedesktop.Notifications' requested by ':1.7' (uid=1000 pid=554498 comm="/opt/google/chrome/chrome --remote-debugging-port=")
dbus-daemon[554347]: [session uid=1000 pid=554347 pidfd=4] Activating service name='org.freedesktop.portal.Desktop' requested by ':1.7' (uid=1000 pid=554498 comm="/opt/google/chrome/chrome --remote-debugging-port=")
dbus-daemon[554347]: [session uid=1000 pid=554347 pidfd=4] Activating service name='org.freedesktop.impl.portal.PermissionStore' requested by ':1.9' (uid=1000 pid=554671 comm="/usr/lib/xdg-desktop-portal")
dbus-daemon[554347]: [session uid=1000 pid=554347 pidfd=4] Successfully activated service 'org.freedesktop.Notifications'
dbus-daemon[554347]: [session uid=1000 pid=554347 pidfd=4] Successfully activated service 'org.freedesktop.impl.portal.PermissionStore'
dbus-daemon[554347]: [session uid=1000 pid=554347 pidfd=4] Activating service name='org.freedesktop.portal.Documents' requested by ':1.9' (uid=1000 pid=554671 comm="/usr/lib/xdg-desktop-portal")
dbus-daemon[554347]: [session uid=1000 pid=554347 pidfd=4] Successfully activated service 'org.freedesktop.portal.Documents'
fusermount3: mount failed: Operation not permitted
error: fuse init failed: Can't mount path <tmp-root>/x11-session.YEHejv/xdg-runtime/doc


dbus-daemon[554347]: [session uid=1000 pid=554347 pidfd=4] Activating service name='org.freedesktop.impl.portal.desktop.gtk' requested by ':1.9' (uid=1000 pid=554671 comm="/usr/lib/xdg-desktop-portal")
dbus-daemon[554347]: [session uid=1000 pid=554347 pidfd=4] Activating service name='org.freedesktop.systemd1' requested by ':1.4' (uid=1000 pid=554422 comm="/usr/bin/dbus-broker-launch --config-file=/usr/sha")
dbus-daemon[554347]: [session uid=1000 pid=554347 pidfd=4] Activated service 'org.freedesktop.systemd1' failed: Process org.freedesktop.systemd1 exited with status 1
dbus-daemon[554347]: [session uid=1000 pid=554347 pidfd=4] Successfully activated service 'org.freedesktop.impl.portal.desktop.gtk'


dbus-daemon[554347]: [session uid=1000 pid=554347 pidfd=4] Activating service name='org.freedesktop.systemd1' requested by ':1.4' (uid=1000 pid=554422 comm="/usr/bin/dbus-broker-launch --config-file=/usr/sha")

dbus-daemon[554347]: [session uid=1000 pid=554347 pidfd=4] Activated service 'org.freedesktop.systemd1' failed: Process org.freedesktop.systemd1 exited with status 1












dbus-daemon[554347]: [session uid=1000 pid=554347 pidfd=4] Successfully activated service 'org.freedesktop.portal.Desktop'
{"trial": "N1-000-fill-COMP-n4a-r00", "mode": "replay", "outcome": "verified", "oracle_exact_match": true, "completion_mutations": 1, "routes": ["compiled"], "error": null, "la": "4.85", "prov": {"attempts": 0, "reached": 0}}
dbus-daemon[554347]: [session uid=1000 pid=554347 pidfd=4] Activating service name='org.freedesktop.systemd1' requested by ':1.4' (uid=1000 pid=554422 comm="/usr/bin/dbus-broker-launch --config-file=/usr/sha")
dbus-daemon[554347]: [session uid=1000 pid=554347 pidfd=4] Activated service 'org.freedesktop.systemd1' failed: Process org.freedesktop.systemd1 exited with status 1
dbus-daemon[554347]: [session uid=1000 pid=554347 pidfd=4] Activating service name='org.freedesktop.systemd1' requested by ':1.4' (uid=1000 pid=554422 comm="/usr/bin/dbus-broker-launch --config-file=/usr/sha")
dbus-daemon[554347]: [session uid=1000 pid=554347 pidfd=4] Activated service 'org.freedesktop.systemd1' failed: Process org.freedesktop.systemd1 exited with status 1
dbus-daemon[554347]: [session uid=1000 pid=554347 pidfd=4] Activating service name='org.freedesktop.systemd1' requested by ':1.4' (uid=1000 pid=554422 comm="/usr/bin/dbus-broker-launch --config-file=/usr/sha")
dbus-daemon[554347]: [session uid=1000 pid=554347 pidfd=4] Activated service 'org.freedesktop.systemd1' failed: Process org.freedesktop.systemd1 exited with status 1
{"trial": "N1-001-toggle-COMP-n4a-r00", "mode": "step", "outcome": "verified", "oracle_exact_match": true, "completion_mutations": 1, "routes": ["provider", "provider", "provider"], "error": null, "la": "4.85", "prov": {"attempts": 0, "reached": 0}}
dbus-daemon[554347]: [session uid=1000 pid=554347 pidfd=4] Activating service name='org.freedesktop.systemd1' requested by ':1.4' (uid=1000 pid=554422 comm="/usr/bin/dbus-broker-launch --config-file=/usr/sha")
dbus-daemon[554347]: [session uid=1000 pid=554347 pidfd=4] Activated service 'org.freedesktop.systemd1' failed: Process org.freedesktop.systemd1 exited with status 1
dbus-daemon[554347]: [session uid=1000 pid=554347 pidfd=4] Activating service name='org.freedesktop.systemd1' requested by ':1.4' (uid=1000 pid=554422 comm="/usr/bin/dbus-broker-launch --config-file=/usr/sha")
dbus-daemon[554347]: [session uid=1000 pid=554347 pidfd=4] Activated service 'org.freedesktop.systemd1' failed: Process org.freedesktop.systemd1 exited with status 1
dbus-daemon[554347]: [session uid=1000 pid=554347 pidfd=4] Activating service name='org.freedesktop.systemd1' requested by ':1.4' (uid=1000 pid=554422 comm="/usr/bin/dbus-broker-launch --config-file=/usr/sha")
dbus-daemon[554347]: [session uid=1000 pid=554347 pidfd=4] Activated service 'org.freedesktop.systemd1' failed: Process org.freedesktop.systemd1 exited with status 1
{"trial": "N1-002-modal-COMP-n4a-r00", "mode": "step", "outcome": "verified", "oracle_exact_match": true, "completion_mutations": 1, "routes": ["provider", "provider", "provider"], "error": null, "la": "4.85", "prov": {"attempts": 0, "reached": 0}}
dbus-daemon[554347]: [session uid=1000 pid=554347 pidfd=4] Activating service name='org.freedesktop.systemd1' requested by ':1.4' (uid=1000 pid=554422 comm="/usr/bin/dbus-broker-launch --config-file=/usr/sha")
dbus-daemon[554347]: [session uid=1000 pid=554347 pidfd=4] Activated service 'org.freedesktop.systemd1' failed: Process org.freedesktop.systemd1 exited with status 1
dbus-daemon[554347]: [session uid=1000 pid=554347 pidfd=4] Activating service name='org.freedesktop.systemd1' requested by ':1.4' (uid=1000 pid=554422 comm="/usr/bin/dbus-broker-launch --config-file=/usr/sha")
dbus-daemon[554347]: [session uid=1000 pid=554347 pidfd=4] Activated service 'org.freedesktop.systemd1' failed: Process org.freedesktop.systemd1 exited with status 1
dbus-daemon[554347]: [session uid=1000 pid=554347 pidfd=4] Activating service name='org.freedesktop.systemd1' requested by ':1.4' (uid=1000 pid=554422 comm="/usr/bin/dbus-broker-launch --config-file=/usr/sha")
dbus-daemon[554347]: [session uid=1000 pid=554347 pidfd=4] Activated service 'org.freedesktop.systemd1' failed: Process org.freedesktop.systemd1 exited with status 1
{"trial": "N1-003-fill-COMP-n4a-r01", "mode": "replay", "outcome": "verified", "oracle_exact_match": true, "completion_mutations": 1, "routes": ["compiled"], "error": null, "la": "4.85", "prov": {"attempts": 0, "reached": 0}}
dbus-daemon[554347]: [session uid=1000 pid=554347 pidfd=4] Activating service name='org.freedesktop.systemd1' requested by ':1.4' (uid=1000 pid=554422 comm="/usr/bin/dbus-broker-launch --config-file=/usr/sha")
dbus-daemon[554347]: [session uid=1000 pid=554347 pidfd=4] Activated service 'org.freedesktop.systemd1' failed: Process org.freedesktop.systemd1 exited with status 1
dbus-daemon[554347]: [session uid=1000 pid=554347 pidfd=4] Activating service name='org.freedesktop.systemd1' requested by ':1.4' (uid=1000 pid=554422 comm="/usr/bin/dbus-broker-launch --config-file=/usr/sha")
dbus-daemon[554347]: [session uid=1000 pid=554347 pidfd=4] Activated service 'org.freedesktop.systemd1' failed: Process org.freedesktop.systemd1 exited with status 1
dbus-daemon[554347]: [session uid=1000 pid=554347 pidfd=4] Activating service name='org.freedesktop.systemd1' requested by ':1.4' (uid=1000 pid=554422 comm="/usr/bin/dbus-broker-launch --config-file=/usr/sha")
dbus-daemon[554347]: [session uid=1000 pid=554347 pidfd=4] Activated service 'org.freedesktop.systemd1' failed: Process org.freedesktop.systemd1 exited with status 1
{"trial": "N1-004-toggle-COMP-n4a-r01", "mode": "step", "outcome": "verified", "oracle_exact_match": true, "completion_mutations": 1, "routes": ["provider", "provider", "provider"], "error": null, "la": "4.85", "prov": {"attempts": 0, "reached": 0}}
dbus-daemon[554347]: [session uid=1000 pid=554347 pidfd=4] Activating service name='org.freedesktop.systemd1' requested by ':1.4' (uid=1000 pid=554422 comm="/usr/bin/dbus-broker-launch --config-file=/usr/sha")
dbus-daemon[554347]: [session uid=1000 pid=554347 pidfd=4] Activated service 'org.freedesktop.systemd1' failed: Process org.freedesktop.systemd1 exited with status 1
dbus-daemon[554347]: [session uid=1000 pid=554347 pidfd=4] Activating service name='org.freedesktop.systemd1' requested by ':1.4' (uid=1000 pid=554422 comm="/usr/bin/dbus-broker-launch --config-file=/usr/sha")
dbus-daemon[554347]: [session uid=1000 pid=554347 pidfd=4] Activated service 'org.freedesktop.systemd1' failed: Process org.freedesktop.systemd1 exited with status 1
dbus-daemon[554347]: [session uid=1000 pid=554347 pidfd=4] Activating service name='org.freedesktop.systemd1' requested by ':1.4' (uid=1000 pid=554422 comm="/usr/bin/dbus-broker-launch --config-file=/usr/sha")
dbus-daemon[554347]: [session uid=1000 pid=554347 pidfd=4] Activated service 'org.freedesktop.systemd1' failed: Process org.freedesktop.systemd1 exited with status 1
{"trial": "N1-005-modal-COMP-n4a-r01", "mode": "step", "outcome": "verified", "oracle_exact_match": true, "completion_mutations": 1, "routes": ["provider", "provider", "provider"], "error": null, "la": "4.70", "prov": {"attempts": 0, "reached": 0}}
dbus-daemon[554347]: [session uid=1000 pid=554347 pidfd=4] Activating service name='org.freedesktop.systemd1' requested by ':1.4' (uid=1000 pid=554422 comm="/usr/bin/dbus-broker-launch --config-file=/usr/sha")
dbus-daemon[554347]: [session uid=1000 pid=554347 pidfd=4] Activated service 'org.freedesktop.systemd1' failed: Process org.freedesktop.systemd1 exited with status 1
dbus-daemon[554347]: [session uid=1000 pid=554347 pidfd=4] Activating service name='org.freedesktop.systemd1' requested by ':1.4' (uid=1000 pid=554422 comm="/usr/bin/dbus-broker-launch --config-file=/usr/sha")
dbus-daemon[554347]: [session uid=1000 pid=554347 pidfd=4] Activated service 'org.freedesktop.systemd1' failed: Process org.freedesktop.systemd1 exited with status 1
dbus-daemon[554347]: [session uid=1000 pid=554347 pidfd=4] Activating service name='org.freedesktop.systemd1' requested by ':1.4' (uid=1000 pid=554422 comm="/usr/bin/dbus-broker-launch --config-file=/usr/sha")
dbus-daemon[554347]: [session uid=1000 pid=554347 pidfd=4] Activated service 'org.freedesktop.systemd1' failed: Process org.freedesktop.systemd1 exited with status 1
{"trial": "N1-006-fill-COMP-n4a-r02", "mode": "replay", "outcome": "verified", "oracle_exact_match": true, "completion_mutations": 1, "routes": ["compiled"], "error": null, "la": "4.70", "prov": {"attempts": 0, "reached": 0}}
dbus-daemon[554347]: [session uid=1000 pid=554347 pidfd=4] Activating service name='org.freedesktop.systemd1' requested by ':1.4' (uid=1000 pid=554422 comm="/usr/bin/dbus-broker-launch --config-file=/usr/sha")
dbus-daemon[554347]: [session uid=1000 pid=554347 pidfd=4] Activated service 'org.freedesktop.systemd1' failed: Process org.freedesktop.systemd1 exited with status 1
dbus-daemon[554347]: [session uid=1000 pid=554347 pidfd=4] Activating service name='org.freedesktop.systemd1' requested by ':1.4' (uid=1000 pid=554422 comm="/usr/bin/dbus-broker-launch --config-file=/usr/sha")
dbus-daemon[554347]: [session uid=1000 pid=554347 pidfd=4] Activated service 'org.freedesktop.systemd1' failed: Process org.freedesktop.systemd1 exited with status 1
dbus-daemon[554347]: [session uid=1000 pid=554347 pidfd=4] Activating service name='org.freedesktop.systemd1' requested by ':1.4' (uid=1000 pid=554422 comm="/usr/bin/dbus-broker-launch --config-file=/usr/sha")
dbus-daemon[554347]: [session uid=1000 pid=554347 pidfd=4] Activated service 'org.freedesktop.systemd1' failed: Process org.freedesktop.systemd1 exited with status 1
{"trial": "N1-007-toggle-COMP-n4a-r02", "mode": "step", "outcome": "verified", "oracle_exact_match": true, "completion_mutations": 1, "routes": ["provider", "provider", "provider"], "error": null, "la": "4.70", "prov": {"attempts": 0, "reached": 0}}
dbus-daemon[554347]: [session uid=1000 pid=554347 pidfd=4] Activating service name='org.freedesktop.systemd1' requested by ':1.4' (uid=1000 pid=554422 comm="/usr/bin/dbus-broker-launch --config-file=/usr/sha")
dbus-daemon[554347]: [session uid=1000 pid=554347 pidfd=4] Activated service 'org.freedesktop.systemd1' failed: Process org.freedesktop.systemd1 exited with status 1
dbus-daemon[554347]: [session uid=1000 pid=554347 pidfd=4] Activating service name='org.freedesktop.systemd1' requested by ':1.4' (uid=1000 pid=554422 comm="/usr/bin/dbus-broker-launch --config-file=/usr/sha")
dbus-daemon[554347]: [session uid=1000 pid=554347 pidfd=4] Activated service 'org.freedesktop.systemd1' failed: Process org.freedesktop.systemd1 exited with status 1
dbus-daemon[554347]: [session uid=1000 pid=554347 pidfd=4] Activating service name='org.freedesktop.systemd1' requested by ':1.4' (uid=1000 pid=554422 comm="/usr/bin/dbus-broker-launch --config-file=/usr/sha")
dbus-daemon[554347]: [session uid=1000 pid=554347 pidfd=4] Activated service 'org.freedesktop.systemd1' failed: Process org.freedesktop.systemd1 exited with status 1
{"trial": "N1-008-modal-COMP-n4a-r02", "mode": "step", "outcome": "verified", "oracle_exact_match": true, "completion_mutations": 1, "routes": ["provider", "provider", "provider"], "error": null, "la": "4.70", "prov": {"attempts": 0, "reached": 0}}
dbus-daemon[554347]: [session uid=1000 pid=554347 pidfd=4] Activating service name='org.freedesktop.systemd1' requested by ':1.4' (uid=1000 pid=554422 comm="/usr/bin/dbus-broker-launch --config-file=/usr/sha")
dbus-daemon[554347]: [session uid=1000 pid=554347 pidfd=4] Activated service 'org.freedesktop.systemd1' failed: Process org.freedesktop.systemd1 exited with status 1
dbus-daemon[554347]: [session uid=1000 pid=554347 pidfd=4] Activating service name='org.freedesktop.systemd1' requested by ':1.4' (uid=1000 pid=554422 comm="/usr/bin/dbus-broker-launch --config-file=/usr/sha")
dbus-daemon[554347]: [session uid=1000 pid=554347 pidfd=4] Activated service 'org.freedesktop.systemd1' failed: Process org.freedesktop.systemd1 exited with status 1
dbus-daemon[554347]: [session uid=1000 pid=554347 pidfd=4] Activating service name='org.freedesktop.systemd1' requested by ':1.4' (uid=1000 pid=554422 comm="/usr/bin/dbus-broker-launch --config-file=/usr/sha")
dbus-daemon[554347]: [session uid=1000 pid=554347 pidfd=4] Activated service 'org.freedesktop.systemd1' failed: Process org.freedesktop.systemd1 exited with status 1
{"trial": "N1-009-fill-COMP-n4a-r03", "mode": "replay", "outcome": "verified", "oracle_exact_match": true, "completion_mutations": 1, "routes": ["compiled"], "error": null, "la": "4.70", "prov": {"attempts": 0, "reached": 0}}
dbus-daemon[554347]: [session uid=1000 pid=554347 pidfd=4] Activating service name='org.freedesktop.systemd1' requested by ':1.4' (uid=1000 pid=554422 comm="/usr/bin/dbus-broker-launch --config-file=/usr/sha")
dbus-daemon[554347]: [session uid=1000 pid=554347 pidfd=4] Activated service 'org.freedesktop.systemd1' failed: Process org.freedesktop.systemd1 exited with status 1
dbus-daemon[554347]: [session uid=1000 pid=554347 pidfd=4] Activating service name='org.freedesktop.systemd1' requested by ':1.4' (uid=1000 pid=554422 comm="/usr/bin/dbus-broker-launch --config-file=/usr/sha")
dbus-daemon[554347]: [session uid=1000 pid=554347 pidfd=4] Activated service 'org.freedesktop.systemd1' failed: Process org.freedesktop.systemd1 exited with status 1
dbus-daemon[554347]: [session uid=1000 pid=554347 pidfd=4] Activating service name='org.freedesktop.systemd1' requested by ':1.4' (uid=1000 pid=554422 comm="/usr/bin/dbus-broker-launch --config-file=/usr/sha")
dbus-daemon[554347]: [session uid=1000 pid=554347 pidfd=4] Activated service 'org.freedesktop.systemd1' failed: Process org.freedesktop.systemd1 exited with status 1
{"trial": "N1-010-toggle-COMP-n4a-r03", "mode": "step", "outcome": "verified", "oracle_exact_match": true, "completion_mutations": 1, "routes": ["provider", "provider", "provider"], "error": null, "la": "4.48", "prov": {"attempts": 0, "reached": 0}}
dbus-daemon[554347]: [session uid=1000 pid=554347 pidfd=4] Activating service name='org.freedesktop.systemd1' requested by ':1.4' (uid=1000 pid=554422 comm="/usr/bin/dbus-broker-launch --config-file=/usr/sha")
dbus-daemon[554347]: [session uid=1000 pid=554347 pidfd=4] Activated service 'org.freedesktop.systemd1' failed: Process org.freedesktop.systemd1 exited with status 1
dbus-daemon[554347]: [session uid=1000 pid=554347 pidfd=4] Activating service name='org.freedesktop.systemd1' requested by ':1.4' (uid=1000 pid=554422 comm="/usr/bin/dbus-broker-launch --config-file=/usr/sha")
dbus-daemon[554347]: [session uid=1000 pid=554347 pidfd=4] Activated service 'org.freedesktop.systemd1' failed: Process org.freedesktop.systemd1 exited with status 1
dbus-daemon[554347]: [session uid=1000 pid=554347 pidfd=4] Activating service name='org.freedesktop.systemd1' requested by ':1.4' (uid=1000 pid=554422 comm="/usr/bin/dbus-broker-launch --config-file=/usr/sha")
dbus-daemon[554347]: [session uid=1000 pid=554347 pidfd=4] Activated service 'org.freedesktop.systemd1' failed: Process org.freedesktop.systemd1 exited with status 1
{"trial": "N1-011-modal-COMP-n4a-r03", "mode": "step", "outcome": "verified", "oracle_exact_match": true, "completion_mutations": 1, "routes": ["provider", "provider", "provider"], "error": null, "la": "4.48", "prov": {"attempts": 0, "reached": 0}}
dbus-daemon[554347]: [session uid=1000 pid=554347 pidfd=4] Activating service name='org.freedesktop.systemd1' requested by ':1.4' (uid=1000 pid=554422 comm="/usr/bin/dbus-broker-launch --config-file=/usr/sha")
dbus-daemon[554347]: [session uid=1000 pid=554347 pidfd=4] Activated service 'org.freedesktop.systemd1' failed: Process org.freedesktop.systemd1 exited with status 1
dbus-daemon[554347]: [session uid=1000 pid=554347 pidfd=4] Activating service name='org.freedesktop.systemd1' requested by ':1.4' (uid=1000 pid=554422 comm="/usr/bin/dbus-broker-launch --config-file=/usr/sha")
dbus-daemon[554347]: [session uid=1000 pid=554347 pidfd=4] Activated service 'org.freedesktop.systemd1' failed: Process org.freedesktop.systemd1 exited with status 1
dbus-daemon[554347]: [session uid=1000 pid=554347 pidfd=4] Activating service name='org.freedesktop.systemd1' requested by ':1.4' (uid=1000 pid=554422 comm="/usr/bin/dbus-broker-launch --config-file=/usr/sha")
dbus-daemon[554347]: [session uid=1000 pid=554347 pidfd=4] Activated service 'org.freedesktop.systemd1' failed: Process org.freedesktop.systemd1 exited with status 1
{"trial": "N1-012-fill-COMP-n4a-r04", "mode": "replay", "outcome": "verified", "oracle_exact_match": true, "completion_mutations": 1, "routes": ["compiled"], "error": null, "la": "4.48", "prov": {"attempts": 0, "reached": 0}}
dbus-daemon[554347]: [session uid=1000 pid=554347 pidfd=4] Activating service name='org.freedesktop.systemd1' requested by ':1.4' (uid=1000 pid=554422 comm="/usr/bin/dbus-broker-launch --config-file=/usr/sha")
dbus-daemon[554347]: [session uid=1000 pid=554347 pidfd=4] Activated service 'org.freedesktop.systemd1' failed: Process org.freedesktop.systemd1 exited with status 1
dbus-daemon[554347]: [session uid=1000 pid=554347 pidfd=4] Activating service name='org.freedesktop.systemd1' requested by ':1.4' (uid=1000 pid=554422 comm="/usr/bin/dbus-broker-launch --config-file=/usr/sha")
dbus-daemon[554347]: [session uid=1000 pid=554347 pidfd=4] Activated service 'org.freedesktop.systemd1' failed: Process org.freedesktop.systemd1 exited with status 1
dbus-daemon[554347]: [session uid=1000 pid=554347 pidfd=4] Activating service name='org.freedesktop.systemd1' requested by ':1.4' (uid=1000 pid=554422 comm="/usr/bin/dbus-broker-launch --config-file=/usr/sha")
dbus-daemon[554347]: [session uid=1000 pid=554347 pidfd=4] Activated service 'org.freedesktop.systemd1' failed: Process org.freedesktop.systemd1 exited with status 1
{"trial": "N1-013-toggle-COMP-n4a-r04", "mode": "step", "outcome": "verified", "oracle_exact_match": true, "completion_mutations": 1, "routes": ["provider", "provider", "provider"], "error": null, "la": "4.48", "prov": {"attempts": 0, "reached": 0}}
dbus-daemon[554347]: [session uid=1000 pid=554347 pidfd=4] Activating service name='org.freedesktop.systemd1' requested by ':1.4' (uid=1000 pid=554422 comm="/usr/bin/dbus-broker-launch --config-file=/usr/sha")
dbus-daemon[554347]: [session uid=1000 pid=554347 pidfd=4] Activated service 'org.freedesktop.systemd1' failed: Process org.freedesktop.systemd1 exited with status 1
dbus-daemon[554347]: [session uid=1000 pid=554347 pidfd=4] Activating service name='org.freedesktop.systemd1' requested by ':1.4' (uid=1000 pid=554422 comm="/usr/bin/dbus-broker-launch --config-file=/usr/sha")
dbus-daemon[554347]: [session uid=1000 pid=554347 pidfd=4] Activated service 'org.freedesktop.systemd1' failed: Process org.freedesktop.systemd1 exited with status 1
dbus-daemon[554347]: [session uid=1000 pid=554347 pidfd=4] Activating service name='org.freedesktop.systemd1' requested by ':1.4' (uid=1000 pid=554422 comm="/usr/bin/dbus-broker-launch --config-file=/usr/sha")
dbus-daemon[554347]: [session uid=1000 pid=554347 pidfd=4] Activated service 'org.freedesktop.systemd1' failed: Process org.freedesktop.systemd1 exited with status 1
{"trial": "N1-014-modal-COMP-n4a-r04", "mode": "step", "outcome": "verified", "oracle_exact_match": true, "completion_mutations": 1, "routes": ["provider", "provider", "provider"], "error": null, "la": "4.48", "prov": {"attempts": 0, "reached": 0}}
dbus-daemon[554347]: [session uid=1000 pid=554347 pidfd=4] Activating service name='org.freedesktop.systemd1' requested by ':1.4' (uid=1000 pid=554422 comm="/usr/bin/dbus-broker-launch --config-file=/usr/sha")
dbus-daemon[554347]: [session uid=1000 pid=554347 pidfd=4] Activated service 'org.freedesktop.systemd1' failed: Process org.freedesktop.systemd1 exited with status 1
dbus-daemon[554347]: [session uid=1000 pid=554347 pidfd=4] Activating service name='org.freedesktop.systemd1' requested by ':1.4' (uid=1000 pid=554422 comm="/usr/bin/dbus-broker-launch --config-file=/usr/sha")
dbus-daemon[554347]: [session uid=1000 pid=554347 pidfd=4] Activated service 'org.freedesktop.systemd1' failed: Process org.freedesktop.systemd1 exited with status 1
dbus-daemon[554347]: [session uid=1000 pid=554347 pidfd=4] Activating service name='org.freedesktop.systemd1' requested by ':1.4' (uid=1000 pid=554422 comm="/usr/bin/dbus-broker-launch --config-file=/usr/sha")
dbus-daemon[554347]: [session uid=1000 pid=554347 pidfd=4] Activated service 'org.freedesktop.systemd1' failed: Process org.freedesktop.systemd1 exited with status 1
{"trial": "N1-015-fill-COMP-ood-r00", "mode": "replay", "outcome": "verified", "oracle_exact_match": true, "completion_mutations": 1, "routes": ["compiled", "fallback:provider", "fallback:provider"], "error": null, "la": "4.20", "prov": {"attempts": 0, "reached": 0}}
dbus-daemon[554347]: [session uid=1000 pid=554347 pidfd=4] Activating service name='org.freedesktop.systemd1' requested by ':1.4' (uid=1000 pid=554422 comm="/usr/bin/dbus-broker-launch --config-file=/usr/sha")
dbus-daemon[554347]: [session uid=1000 pid=554347 pidfd=4] Activated service 'org.freedesktop.systemd1' failed: Process org.freedesktop.systemd1 exited with status 1
dbus-daemon[554347]: [session uid=1000 pid=554347 pidfd=4] Activating service name='org.freedesktop.systemd1' requested by ':1.4' (uid=1000 pid=554422 comm="/usr/bin/dbus-broker-launch --config-file=/usr/sha")
dbus-daemon[554347]: [session uid=1000 pid=554347 pidfd=4] Activated service 'org.freedesktop.systemd1' failed: Process org.freedesktop.systemd1 exited with status 1
dbus-daemon[554347]: [session uid=1000 pid=554347 pidfd=4] Activating service name='org.freedesktop.systemd1' requested by ':1.4' (uid=1000 pid=554422 comm="/usr/bin/dbus-broker-launch --config-file=/usr/sha")
dbus-daemon[554347]: [session uid=1000 pid=554347 pidfd=4] Activated service 'org.freedesktop.systemd1' failed: Process org.freedesktop.systemd1 exited with status 1
{"trial": "N1-016-fill-COMP-ood-r01", "mode": "replay", "outcome": "verified", "oracle_exact_match": true, "completion_mutations": 1, "routes": ["compiled", "fallback:provider", "fallback:provider"], "error": null, "la": "4.20", "prov": {"attempts": 0, "reached": 0}}
dbus-daemon[554347]: [session uid=1000 pid=554347 pidfd=4] Activating service name='org.freedesktop.systemd1' requested by ':1.4' (uid=1000 pid=554422 comm="/usr/bin/dbus-broker-launch --config-file=/usr/sha")
dbus-daemon[554347]: [session uid=1000 pid=554347 pidfd=4] Activated service 'org.freedesktop.systemd1' failed: Process org.freedesktop.systemd1 exited with status 1
dbus-daemon[554347]: [session uid=1000 pid=554347 pidfd=4] Activating service name='org.freedesktop.systemd1' requested by ':1.4' (uid=1000 pid=554422 comm="/usr/bin/dbus-broker-launch --config-file=/usr/sha")
dbus-daemon[554347]: [session uid=1000 pid=554347 pidfd=4] Activated service 'org.freedesktop.systemd1' failed: Process org.freedesktop.systemd1 exited with status 1
dbus-daemon[554347]: [session uid=1000 pid=554347 pidfd=4] Activating service name='org.freedesktop.systemd1' requested by ':1.4' (uid=1000 pid=554422 comm="/usr/bin/dbus-broker-launch --config-file=/usr/sha")
dbus-daemon[554347]: [session uid=1000 pid=554347 pidfd=4] Activated service 'org.freedesktop.systemd1' failed: Process org.freedesktop.systemd1 exited with status 1
{"trial": "N1-017-fill-COMP-ood-r02", "mode": "replay", "outcome": "verified", "oracle_exact_match": true, "completion_mutations": 1, "routes": ["compiled", "fallback:provider", "fallback:provider"], "error": null, "la": "4.20", "prov": {"attempts": 0, "reached": 0}}
dbus-daemon[554347]: [session uid=1000 pid=554347 pidfd=4] Activating service name='org.freedesktop.systemd1' requested by ':1.4' (uid=1000 pid=554422 comm="/usr/bin/dbus-broker-launch --config-file=/usr/sha")
dbus-daemon[554347]: [session uid=1000 pid=554347 pidfd=4] Activated service 'org.freedesktop.systemd1' failed: Process org.freedesktop.systemd1 exited with status 1
dbus-daemon[554347]: [session uid=1000 pid=554347 pidfd=4] Activating service name='org.freedesktop.systemd1' requested by ':1.4' (uid=1000 pid=554422 comm="/usr/bin/dbus-broker-launch --config-file=/usr/sha")
dbus-daemon[554347]: [session uid=1000 pid=554347 pidfd=4] Activated service 'org.freedesktop.systemd1' failed: Process org.freedesktop.systemd1 exited with status 1
dbus-daemon[554347]: [session uid=1000 pid=554347 pidfd=4] Activating service name='org.freedesktop.systemd1' requested by ':1.4' (uid=1000 pid=554422 comm="/usr/bin/dbus-broker-launch --config-file=/usr/sha")
dbus-daemon[554347]: [session uid=1000 pid=554347 pidfd=4] Activated service 'org.freedesktop.systemd1' failed: Process org.freedesktop.systemd1 exited with status 1
{"trial": "N1-018-fill-COMP-ood-r03", "mode": "replay", "outcome": "verified", "oracle_exact_match": true, "completion_mutations": 1, "routes": ["compiled", "fallback:provider", "fallback:provider"], "error": null, "la": "4.20", "prov": {"attempts": 0, "reached": 0}}
dbus-daemon[554347]: [session uid=1000 pid=554347 pidfd=4] Activating service name='org.freedesktop.systemd1' requested by ':1.4' (uid=1000 pid=554422 comm="/usr/bin/dbus-broker-launch --config-file=/usr/sha")
dbus-daemon[554347]: [session uid=1000 pid=554347 pidfd=4] Activated service 'org.freedesktop.systemd1' failed: Process org.freedesktop.systemd1 exited with status 1
dbus-daemon[554347]: [session uid=1000 pid=554347 pidfd=4] Activating service name='org.freedesktop.systemd1' requested by ':1.4' (uid=1000 pid=554422 comm="/usr/bin/dbus-broker-launch --config-file=/usr/sha")
dbus-daemon[554347]: [session uid=1000 pid=554347 pidfd=4] Activated service 'org.freedesktop.systemd1' failed: Process org.freedesktop.systemd1 exited with status 1
dbus-daemon[554347]: [session uid=1000 pid=554347 pidfd=4] Activating service name='org.freedesktop.systemd1' requested by ':1.4' (uid=1000 pid=554422 comm="/usr/bin/dbus-broker-launch --config-file=/usr/sha")
dbus-daemon[554347]: [session uid=1000 pid=554347 pidfd=4] Activated service 'org.freedesktop.systemd1' failed: Process org.freedesktop.systemd1 exited with status 1
{"trial": "N1-019-fill-COMP-ood-r04", "mode": "replay", "outcome": "verified", "oracle_exact_match": true, "completion_mutations": 1, "routes": ["compiled", "fallback:provider", "fallback:provider"], "error": null, "la": "4.20", "prov": {"attempts": 0, "reached": 0}}
dbus-daemon[554347]: [session uid=1000 pid=554347 pidfd=4] Activating service name='org.freedesktop.systemd1' requested by ':1.4' (uid=1000 pid=554422 comm="/usr/bin/dbus-broker-launch --config-file=/usr/sha")
dbus-daemon[554347]: [session uid=1000 pid=554347 pidfd=4] Activated service 'org.freedesktop.systemd1' failed: Process org.freedesktop.systemd1 exited with status 1
dbus-daemon[554347]: [session uid=1000 pid=554347 pidfd=4] Activating service name='org.freedesktop.systemd1' requested by ':1.4' (uid=1000 pid=554422 comm="/usr/bin/dbus-broker-launch --config-file=/usr/sha")
dbus-daemon[554347]: [session uid=1000 pid=554347 pidfd=4] Activated service 'org.freedesktop.systemd1' failed: Process org.freedesktop.systemd1 exited with status 1
dbus-daemon[554347]: [session uid=1000 pid=554347 pidfd=4] Activating service name='org.freedesktop.systemd1' requested by ':1.4' (uid=1000 pid=554422 comm="/usr/bin/dbus-broker-launch --config-file=/usr/sha")
dbus-daemon[554347]: [session uid=1000 pid=554347 pidfd=4] Activated service 'org.freedesktop.systemd1' failed: Process org.freedesktop.systemd1 exited with status 1
{"trial": "N1-020-fill-COMP-nw2-r00", "outcome": "verified", "oracle_exact_match": true, "completion_mutations": 1, "takeover_envelope": null, "old_binding_envelope": null, "decoy_connections": null, "marker_in_fresh_snapshot": true, "nw2_stale_envelope": {"is_error": false, "status": null, "effect": "refused", "code": "browser_ref_stale"}, "nw2_mutations_from_stale_action": 0, "error_leaves": null}
dbus-daemon[554347]: [session uid=1000 pid=554347 pidfd=4] Activating service name='org.freedesktop.systemd1' requested by ':1.4' (uid=1000 pid=554422 comm="/usr/bin/dbus-broker-launch --config-file=/usr/sha")
dbus-daemon[554347]: [session uid=1000 pid=554347 pidfd=4] Activated service 'org.freedesktop.systemd1' failed: Process org.freedesktop.systemd1 exited with status 1
dbus-daemon[554347]: [session uid=1000 pid=554347 pidfd=4] Activating service name='org.freedesktop.systemd1' requested by ':1.4' (uid=1000 pid=554422 comm="/usr/bin/dbus-broker-launch --config-file=/usr/sha")
dbus-daemon[554347]: [session uid=1000 pid=554347 pidfd=4] Activated service 'org.freedesktop.systemd1' failed: Process org.freedesktop.systemd1 exited with status 1
dbus-daemon[554347]: [session uid=1000 pid=554347 pidfd=4] Activating service name='org.freedesktop.systemd1' requested by ':1.4' (uid=1000 pid=554422 comm="/usr/bin/dbus-broker-launch --config-file=/usr/sha")
dbus-daemon[554347]: [session uid=1000 pid=554347 pidfd=4] Activated service 'org.freedesktop.systemd1' failed: Process org.freedesktop.systemd1 exited with status 1
{"trial": "N1-021-toggle-COMP-nw2-r01", "outcome": "verified", "oracle_exact_match": true, "completion_mutations": 1, "takeover_envelope": null, "old_binding_envelope": null, "decoy_connections": null, "marker_in_fresh_snapshot": true, "nw2_stale_envelope": {"is_error": false, "status": null, "effect": "refused", "code": "browser_ref_stale"}, "nw2_mutations_from_stale_action": 0, "error_leaves": null}
dbus-daemon[554347]: [session uid=1000 pid=554347 pidfd=4] Activating service name='org.freedesktop.systemd1' requested by ':1.4' (uid=1000 pid=554422 comm="/usr/bin/dbus-broker-launch --config-file=/usr/sha")
dbus-daemon[554347]: [session uid=1000 pid=554347 pidfd=4] Activated service 'org.freedesktop.systemd1' failed: Process org.freedesktop.systemd1 exited with status 1
dbus-daemon[554347]: [session uid=1000 pid=554347 pidfd=4] Activating service name='org.freedesktop.systemd1' requested by ':1.4' (uid=1000 pid=554422 comm="/usr/bin/dbus-broker-launch --config-file=/usr/sha")
dbus-daemon[554347]: [session uid=1000 pid=554347 pidfd=4] Activated service 'org.freedesktop.systemd1' failed: Process org.freedesktop.systemd1 exited with status 1
dbus-daemon[554347]: [session uid=1000 pid=554347 pidfd=4] Activating service name='org.freedesktop.systemd1' requested by ':1.4' (uid=1000 pid=554422 comm="/usr/bin/dbus-broker-launch --config-file=/usr/sha")
dbus-daemon[554347]: [session uid=1000 pid=554347 pidfd=4] Activated service 'org.freedesktop.systemd1' failed: Process org.freedesktop.systemd1 exited with status 1
{"trial": "N1-022-modal-COMP-nw2-r02", "outcome": "verified", "oracle_exact_match": true, "completion_mutations": 1, "takeover_envelope": null, "old_binding_envelope": null, "decoy_connections": null, "marker_in_fresh_snapshot": true, "nw2_stale_envelope": {"is_error": false, "status": null, "effect": "refused", "code": "browser_ref_stale"}, "nw2_mutations_from_stale_action": 0, "error_leaves": null}
dbus-daemon[554347]: [session uid=1000 pid=554347 pidfd=4] Activating service name='org.freedesktop.systemd1' requested by ':1.4' (uid=1000 pid=554422 comm="/usr/bin/dbus-broker-launch --config-file=/usr/sha")
dbus-daemon[554347]: [session uid=1000 pid=554347 pidfd=4] Activated service 'org.freedesktop.systemd1' failed: Process org.freedesktop.systemd1 exited with status 1
dbus-daemon[554347]: [session uid=1000 pid=554347 pidfd=4] Activating service name='org.freedesktop.systemd1' requested by ':1.4' (uid=1000 pid=554422 comm="/usr/bin/dbus-broker-launch --config-file=/usr/sha")
dbus-daemon[554347]: [session uid=1000 pid=554347 pidfd=4] Activated service 'org.freedesktop.systemd1' failed: Process org.freedesktop.systemd1 exited with status 1
dbus-daemon[554347]: [session uid=1000 pid=554347 pidfd=4] Activating service name='org.freedesktop.systemd1' requested by ':1.4' (uid=1000 pid=554422 comm="/usr/bin/dbus-broker-launch --config-file=/usr/sha")
dbus-daemon[554347]: [session uid=1000 pid=554347 pidfd=4] Activated service 'org.freedesktop.systemd1' failed: Process org.freedesktop.systemd1 exited with status 1
{"trial": "N1-023-fill-COMP-nw2-r03", "outcome": "verified", "oracle_exact_match": true, "completion_mutations": 1, "takeover_envelope": null, "old_binding_envelope": null, "decoy_connections": null, "marker_in_fresh_snapshot": true, "nw2_stale_envelope": {"is_error": false, "status": null, "effect": "refused", "code": "browser_ref_stale"}, "nw2_mutations_from_stale_action": 0, "error_leaves": null}
dbus-daemon[554347]: [session uid=1000 pid=554347 pidfd=4] Activating service name='org.freedesktop.systemd1' requested by ':1.4' (uid=1000 pid=554422 comm="/usr/bin/dbus-broker-launch --config-file=/usr/sha")
dbus-daemon[554347]: [session uid=1000 pid=554347 pidfd=4] Activated service 'org.freedesktop.systemd1' failed: Process org.freedesktop.systemd1 exited with status 1
dbus-daemon[554347]: [session uid=1000 pid=554347 pidfd=4] Activating service name='org.freedesktop.systemd1' requested by ':1.4' (uid=1000 pid=554422 comm="/usr/bin/dbus-broker-launch --config-file=/usr/sha")
dbus-daemon[554347]: [session uid=1000 pid=554347 pidfd=4] Activated service 'org.freedesktop.systemd1' failed: Process org.freedesktop.systemd1 exited with status 1
dbus-daemon[554347]: [session uid=1000 pid=554347 pidfd=4] Activating service name='org.freedesktop.systemd1' requested by ':1.4' (uid=1000 pid=554422 comm="/usr/bin/dbus-broker-launch --config-file=/usr/sha")
dbus-daemon[554347]: [session uid=1000 pid=554347 pidfd=4] Activated service 'org.freedesktop.systemd1' failed: Process org.freedesktop.systemd1 exited with status 1
{"trial": "N1-024-toggle-COMP-nw2-r04", "outcome": "verified", "oracle_exact_match": true, "completion_mutations": 1, "takeover_envelope": null, "old_binding_envelope": null, "decoy_connections": null, "marker_in_fresh_snapshot": true, "nw2_stale_envelope": {"is_error": false, "status": null, "effect": "refused", "code": "browser_ref_stale"}, "nw2_mutations_from_stale_action": 0, "error_leaves": null}
X connection to :100 broken (explicit kill or server shutdown).
A connection to the bus can't be made
[session] exit rc=0 run_dir=<tmp-root>/x11-session.YEHejv
[2026-10-03T05:47:57.288Z] chunk r2-10r-a2-N1 rc=0 loadavg=4.02 4.23 6.61
