[2026-10-03T03:17:13.879Z] chunk r2-10r-a2-p0b-c1-R-r2 mode=shared atspi=0 live=0 loadavg=10.14 11.92 10.16
[session] DISPLAY=:102 openbox=2992447 picom=2992448 dbus=unix:path=/tmp/dbus-FDfbmVrxwF,guid=74b0e69cb6a3a8f8a97fe33c6ac073bd
[r2-10] display=:102 xdg_runtime_private=yes key=absent loadavg=9.97 11.86 10.15 atspi=0
{"event": "validity", "ok": true, "display": ":102"}
dbus-daemon[2992444]: [session uid=1000 pid=2992444 pidfd=5] Activating service name='org.a11y.Bus' requested by ':1.0' (uid=1000 pid=2992807 comm="<lanes>/bin/cua-driver-r2")
dbus-daemon[2992444]: [session uid=1000 pid=2992444 pidfd=5] Successfully activated service 'org.a11y.Bus'
dbus-daemon[2992444]: [session uid=1000 pid=2992444 pidfd=5] Activating service name='ca.desrt.dconf' requested by ':1.1' (uid=1000 pid=2992814 comm="/usr/lib/at-spi-bus-launcher")
dbus-daemon[2992444]: [session uid=1000 pid=2992444 pidfd=5] Successfully activated service 'ca.desrt.dconf'
dbus-daemon[2992444]: [session uid=1000 pid=2992444 pidfd=5] Activating service name='org.freedesktop.systemd1' requested by ':1.4' (uid=1000 pid=2992843 comm="/usr/bin/dbus-broker-launch --config-file=/usr/sha")
dbus-daemon[2992444]: [session uid=1000 pid=2992444 pidfd=5] Activated service 'org.freedesktop.systemd1' failed: Process org.freedesktop.systemd1 exited with status 1
dbus-daemon[2992444]: [session uid=1000 pid=2992444 pidfd=5] Activating service name='org.gtk.vfs.Daemon' requested by ':1.5' (uid=1000 pid=2992914 comm="/opt/google/chrome/chrome --remote-debugging-port=")
dbus-daemon[2992444]: [session uid=1000 pid=2992444 pidfd=5] Successfully activated service 'org.gtk.vfs.Daemon'
fusermount3: mount failed: Operation not permitted
dbus-daemon[2992444]: [session uid=1000 pid=2992444 pidfd=5] Activating service name='org.freedesktop.systemd1' requested by ':1.4' (uid=1000 pid=2992843 comm="/usr/bin/dbus-broker-launch --config-file=/usr/sha")
dbus-daemon[2992444]: [session uid=1000 pid=2992444 pidfd=5] Activated service 'org.freedesktop.systemd1' failed: Process org.freedesktop.systemd1 exited with status 1
dbus-daemon[2992444]: [session uid=1000 pid=2992444 pidfd=5] Activating service name='org.freedesktop.systemd1' requested by ':1.4' (uid=1000 pid=2992843 comm="/usr/bin/dbus-broker-launch --config-file=/usr/sha")
dbus-daemon[2992444]: [session uid=1000 pid=2992444 pidfd=5] Activated service 'org.freedesktop.systemd1' failed: Process org.freedesktop.systemd1 exited with status 1
dbus-daemon[2992444]: [session uid=1000 pid=2992444 pidfd=5] Activating service name='org.freedesktop.Notifications' requested by ':1.7' (uid=1000 pid=2992914 comm="/opt/google/chrome/chrome --remote-debugging-port=")
dbus-daemon[2992444]: [session uid=1000 pid=2992444 pidfd=5] Activating service name='org.freedesktop.portal.Desktop' requested by ':1.7' (uid=1000 pid=2992914 comm="/opt/google/chrome/chrome --remote-debugging-port=")
dbus-daemon[2992444]: [session uid=1000 pid=2992444 pidfd=5] Activating service name='org.freedesktop.impl.portal.PermissionStore' requested by ':1.9' (uid=1000 pid=2993056 comm="/usr/lib/xdg-desktop-portal")
dbus-daemon[2992444]: [session uid=1000 pid=2992444 pidfd=5] Successfully activated service 'org.freedesktop.Notifications'
dbus-daemon[2992444]: [session uid=1000 pid=2992444 pidfd=5] Successfully activated service 'org.freedesktop.impl.portal.PermissionStore'
dbus-daemon[2992444]: [session uid=1000 pid=2992444 pidfd=5] Activating service name='org.freedesktop.portal.Documents' requested by ':1.9' (uid=1000 pid=2993056 comm="/usr/lib/xdg-desktop-portal")
dbus-daemon[2992444]: [session uid=1000 pid=2992444 pidfd=5] Successfully activated service 'org.freedesktop.portal.Documents'
fusermount3: mount failed: Operation not permitted
error: fuse init failed: Can't mount path <tmp-root>/x11-session.ApT8MI/xdg-runtime/doc


dbus-daemon[2992444]: [session uid=1000 pid=2992444 pidfd=5] Activating service name='org.freedesktop.impl.portal.desktop.gtk' requested by ':1.9' (uid=1000 pid=2993056 comm="/usr/lib/xdg-desktop-portal")
dbus-daemon[2992444]: [session uid=1000 pid=2992444 pidfd=5] Activating service name='org.freedesktop.systemd1' requested by ':1.4' (uid=1000 pid=2992843 comm="/usr/bin/dbus-broker-launch --config-file=/usr/sha")
dbus-daemon[2992444]: [session uid=1000 pid=2992444 pidfd=5] Activated service 'org.freedesktop.systemd1' failed: Process org.freedesktop.systemd1 exited with status 1
dbus-daemon[2992444]: [session uid=1000 pid=2992444 pidfd=5] Successfully activated service 'org.freedesktop.impl.portal.desktop.gtk'


dbus-daemon[2992444]: [session uid=1000 pid=2992444 pidfd=5] Activating service name='org.freedesktop.systemd1' requested by ':1.4' (uid=1000 pid=2992843 comm="/usr/bin/dbus-broker-launch --config-file=/usr/sha")

dbus-daemon[2992444]: [session uid=1000 pid=2992444 pidfd=5] Activated service 'org.freedesktop.systemd1' failed: Process org.freedesktop.systemd1 exited with status 1












dbus-daemon[2992444]: [session uid=1000 pid=2992444 pidfd=5] Successfully activated service 'org.freedesktop.portal.Desktop'
{"event": "cell", "id": "c1-c1-F-rep1", "outcome": "verified", "verified": true, "first": "refused", "code": "browser_ref_stale", "dup": 0}
dbus-daemon[2992444]: [session uid=1000 pid=2992444 pidfd=5] Activating service name='org.freedesktop.systemd1' requested by ':1.4' (uid=1000 pid=2992843 comm="/usr/bin/dbus-broker-launch --config-file=/usr/sha")
dbus-daemon[2992444]: [session uid=1000 pid=2992444 pidfd=5] Activated service 'org.freedesktop.systemd1' failed: Process org.freedesktop.systemd1 exited with status 1
dbus-daemon[2992444]: [session uid=1000 pid=2992444 pidfd=5] Activating service name='org.freedesktop.systemd1' requested by ':1.4' (uid=1000 pid=2992843 comm="/usr/bin/dbus-broker-launch --config-file=/usr/sha")
dbus-daemon[2992444]: [session uid=1000 pid=2992444 pidfd=5] Activated service 'org.freedesktop.systemd1' failed: Process org.freedesktop.systemd1 exited with status 1
dbus-daemon[2992444]: [session uid=1000 pid=2992444 pidfd=5] Activating service name='org.freedesktop.systemd1' requested by ':1.4' (uid=1000 pid=2992843 comm="/usr/bin/dbus-broker-launch --config-file=/usr/sha")
dbus-daemon[2992444]: [session uid=1000 pid=2992444 pidfd=5] Activated service 'org.freedesktop.systemd1' failed: Process org.freedesktop.systemd1 exited with status 1
{"event": "cell", "id": "c1-c1-F-rep2", "outcome": "verified", "verified": true, "first": "refused", "code": "browser_ref_stale", "dup": 0}
dbus-daemon[2992444]: [session uid=1000 pid=2992444 pidfd=5] Activating service name='org.freedesktop.systemd1' requested by ':1.4' (uid=1000 pid=2992843 comm="/usr/bin/dbus-broker-launch --config-file=/usr/sha")
dbus-daemon[2992444]: [session uid=1000 pid=2992444 pidfd=5] Activated service 'org.freedesktop.systemd1' failed: Process org.freedesktop.systemd1 exited with status 1
dbus-daemon[2992444]: [session uid=1000 pid=2992444 pidfd=5] Activating service name='org.freedesktop.systemd1' requested by ':1.4' (uid=1000 pid=2992843 comm="/usr/bin/dbus-broker-launch --config-file=/usr/sha")
dbus-daemon[2992444]: [session uid=1000 pid=2992444 pidfd=5] Activated service 'org.freedesktop.systemd1' failed: Process org.freedesktop.systemd1 exited with status 1
dbus-daemon[2992444]: [session uid=1000 pid=2992444 pidfd=5] Activating service name='org.freedesktop.systemd1' requested by ':1.4' (uid=1000 pid=2992843 comm="/usr/bin/dbus-broker-launch --config-file=/usr/sha")
dbus-daemon[2992444]: [session uid=1000 pid=2992444 pidfd=5] Activated service 'org.freedesktop.systemd1' failed: Process org.freedesktop.systemd1 exited with status 1
{"event": "cell", "id": "c1-c1-F-rep3", "outcome": "verified", "verified": true, "first": "refused", "code": "browser_ref_stale", "dup": 0}
dbus-daemon[2992444]: [session uid=1000 pid=2992444 pidfd=5] Activating service name='org.freedesktop.systemd1' requested by ':1.4' (uid=1000 pid=2992843 comm="/usr/bin/dbus-broker-launch --config-file=/usr/sha")
dbus-daemon[2992444]: [session uid=1000 pid=2992444 pidfd=5] Activated service 'org.freedesktop.systemd1' failed: Process org.freedesktop.systemd1 exited with status 1
dbus-daemon[2992444]: [session uid=1000 pid=2992444 pidfd=5] Activating service name='org.freedesktop.systemd1' requested by ':1.4' (uid=1000 pid=2992843 comm="/usr/bin/dbus-broker-launch --config-file=/usr/sha")
dbus-daemon[2992444]: [session uid=1000 pid=2992444 pidfd=5] Activated service 'org.freedesktop.systemd1' failed: Process org.freedesktop.systemd1 exited with status 1
dbus-daemon[2992444]: [session uid=1000 pid=2992444 pidfd=5] Activating service name='org.freedesktop.systemd1' requested by ':1.4' (uid=1000 pid=2992843 comm="/usr/bin/dbus-broker-launch --config-file=/usr/sha")
dbus-daemon[2992444]: [session uid=1000 pid=2992444 pidfd=5] Activated service 'org.freedesktop.systemd1' failed: Process org.freedesktop.systemd1 exited with status 1
{"event": "cell", "id": "c1-c1-F-rep4", "outcome": "verified", "verified": true, "first": "refused", "code": "browser_ref_stale", "dup": 0}
dbus-daemon[2992444]: [session uid=1000 pid=2992444 pidfd=5] Activating service name='org.freedesktop.systemd1' requested by ':1.4' (uid=1000 pid=2992843 comm="/usr/bin/dbus-broker-launch --config-file=/usr/sha")
dbus-daemon[2992444]: [session uid=1000 pid=2992444 pidfd=5] Activated service 'org.freedesktop.systemd1' failed: Process org.freedesktop.systemd1 exited with status 1
dbus-daemon[2992444]: [session uid=1000 pid=2992444 pidfd=5] Activating service name='org.freedesktop.systemd1' requested by ':1.4' (uid=1000 pid=2992843 comm="/usr/bin/dbus-broker-launch --config-file=/usr/sha")
dbus-daemon[2992444]: [session uid=1000 pid=2992444 pidfd=5] Activated service 'org.freedesktop.systemd1' failed: Process org.freedesktop.systemd1 exited with status 1
dbus-daemon[2992444]: [session uid=1000 pid=2992444 pidfd=5] Activating service name='org.freedesktop.systemd1' requested by ':1.4' (uid=1000 pid=2992843 comm="/usr/bin/dbus-broker-launch --config-file=/usr/sha")
dbus-daemon[2992444]: [session uid=1000 pid=2992444 pidfd=5] Activated service 'org.freedesktop.systemd1' failed: Process org.freedesktop.systemd1 exited with status 1
{"event": "cell", "id": "c1-c1-F-rep5", "outcome": "verified", "verified": true, "first": "refused", "code": "browser_ref_stale", "dup": 0}
dbus-daemon[2992444]: [session uid=1000 pid=2992444 pidfd=5] Activating service name='org.freedesktop.systemd1' requested by ':1.4' (uid=1000 pid=2992843 comm="/usr/bin/dbus-broker-launch --config-file=/usr/sha")
dbus-daemon[2992444]: [session uid=1000 pid=2992444 pidfd=5] Activated service 'org.freedesktop.systemd1' failed: Process org.freedesktop.systemd1 exited with status 1
dbus-daemon[2992444]: [session uid=1000 pid=2992444 pidfd=5] Activating service name='org.freedesktop.systemd1' requested by ':1.4' (uid=1000 pid=2992843 comm="/usr/bin/dbus-broker-launch --config-file=/usr/sha")
dbus-daemon[2992444]: [session uid=1000 pid=2992444 pidfd=5] Activated service 'org.freedesktop.systemd1' failed: Process org.freedesktop.systemd1 exited with status 1
dbus-daemon[2992444]: [session uid=1000 pid=2992444 pidfd=5] Activating service name='org.freedesktop.systemd1' requested by ':1.4' (uid=1000 pid=2992843 comm="/usr/bin/dbus-broker-launch --config-file=/usr/sha")
dbus-daemon[2992444]: [session uid=1000 pid=2992444 pidfd=5] Activated service 'org.freedesktop.systemd1' failed: Process org.freedesktop.systemd1 exited with status 1
{"event": "cell", "id": "c1-c1-F-rep6", "outcome": "verified", "verified": true, "first": "refused", "code": "browser_ref_stale", "dup": 0}
dbus-daemon[2992444]: [session uid=1000 pid=2992444 pidfd=5] Activating service name='org.freedesktop.systemd1' requested by ':1.4' (uid=1000 pid=2992843 comm="/usr/bin/dbus-broker-launch --config-file=/usr/sha")
dbus-daemon[2992444]: [session uid=1000 pid=2992444 pidfd=5] Activated service 'org.freedesktop.systemd1' failed: Process org.freedesktop.systemd1 exited with status 1
dbus-daemon[2992444]: [session uid=1000 pid=2992444 pidfd=5] Activating service name='org.freedesktop.systemd1' requested by ':1.4' (uid=1000 pid=2992843 comm="/usr/bin/dbus-broker-launch --config-file=/usr/sha")
dbus-daemon[2992444]: [session uid=1000 pid=2992444 pidfd=5] Activated service 'org.freedesktop.systemd1' failed: Process org.freedesktop.systemd1 exited with status 1
dbus-daemon[2992444]: [session uid=1000 pid=2992444 pidfd=5] Activating service name='org.freedesktop.systemd1' requested by ':1.4' (uid=1000 pid=2992843 comm="/usr/bin/dbus-broker-launch --config-file=/usr/sha")
dbus-daemon[2992444]: [session uid=1000 pid=2992444 pidfd=5] Activated service 'org.freedesktop.systemd1' failed: Process org.freedesktop.systemd1 exited with status 1
{"event": "cell", "id": "c1-c1-F-rep7", "outcome": "verified", "verified": true, "first": "refused", "code": "browser_ref_stale", "dup": 0}
dbus-daemon[2992444]: [session uid=1000 pid=2992444 pidfd=5] Activating service name='org.freedesktop.systemd1' requested by ':1.4' (uid=1000 pid=2992843 comm="/usr/bin/dbus-broker-launch --config-file=/usr/sha")
dbus-daemon[2992444]: [session uid=1000 pid=2992444 pidfd=5] Activated service 'org.freedesktop.systemd1' failed: Process org.freedesktop.systemd1 exited with status 1
dbus-daemon[2992444]: [session uid=1000 pid=2992444 pidfd=5] Activating service name='org.freedesktop.systemd1' requested by ':1.4' (uid=1000 pid=2992843 comm="/usr/bin/dbus-broker-launch --config-file=/usr/sha")
dbus-daemon[2992444]: [session uid=1000 pid=2992444 pidfd=5] Activated service 'org.freedesktop.systemd1' failed: Process org.freedesktop.systemd1 exited with status 1
dbus-daemon[2992444]: [session uid=1000 pid=2992444 pidfd=5] Activating service name='org.freedesktop.systemd1' requested by ':1.4' (uid=1000 pid=2992843 comm="/usr/bin/dbus-broker-launch --config-file=/usr/sha")
dbus-daemon[2992444]: [session uid=1000 pid=2992444 pidfd=5] Activated service 'org.freedesktop.systemd1' failed: Process org.freedesktop.systemd1 exited with status 1
{"event": "cell", "id": "c1-c1-F-rep8", "outcome": "verified", "verified": true, "first": "refused", "code": "browser_ref_stale", "dup": 0}
dbus-daemon[2992444]: [session uid=1000 pid=2992444 pidfd=5] Activating service name='org.freedesktop.systemd1' requested by ':1.4' (uid=1000 pid=2992843 comm="/usr/bin/dbus-broker-launch --config-file=/usr/sha")
dbus-daemon[2992444]: [session uid=1000 pid=2992444 pidfd=5] Activated service 'org.freedesktop.systemd1' failed: Process org.freedesktop.systemd1 exited with status 1
dbus-daemon[2992444]: [session uid=1000 pid=2992444 pidfd=5] Activating service name='org.freedesktop.systemd1' requested by ':1.4' (uid=1000 pid=2992843 comm="/usr/bin/dbus-broker-launch --config-file=/usr/sha")
dbus-daemon[2992444]: [session uid=1000 pid=2992444 pidfd=5] Activated service 'org.freedesktop.systemd1' failed: Process org.freedesktop.systemd1 exited with status 1
dbus-daemon[2992444]: [session uid=1000 pid=2992444 pidfd=5] Activating service name='org.freedesktop.systemd1' requested by ':1.4' (uid=1000 pid=2992843 comm="/usr/bin/dbus-broker-launch --config-file=/usr/sha")
dbus-daemon[2992444]: [session uid=1000 pid=2992444 pidfd=5] Activated service 'org.freedesktop.systemd1' failed: Process org.freedesktop.systemd1 exited with status 1
{"event": "cell", "id": "c1-c1-F-rep9", "outcome": "verified", "verified": true, "first": "refused", "code": "browser_ref_stale", "dup": 0}
dbus-daemon[2992444]: [session uid=1000 pid=2992444 pidfd=5] Activating service name='org.freedesktop.systemd1' requested by ':1.4' (uid=1000 pid=2992843 comm="/usr/bin/dbus-broker-launch --config-file=/usr/sha")
dbus-daemon[2992444]: [session uid=1000 pid=2992444 pidfd=5] Activated service 'org.freedesktop.systemd1' failed: Process org.freedesktop.systemd1 exited with status 1
dbus-daemon[2992444]: [session uid=1000 pid=2992444 pidfd=5] Activating service name='org.freedesktop.systemd1' requested by ':1.4' (uid=1000 pid=2992843 comm="/usr/bin/dbus-broker-launch --config-file=/usr/sha")
dbus-daemon[2992444]: [session uid=1000 pid=2992444 pidfd=5] Activated service 'org.freedesktop.systemd1' failed: Process org.freedesktop.systemd1 exited with status 1
dbus-daemon[2992444]: [session uid=1000 pid=2992444 pidfd=5] Activating service name='org.freedesktop.systemd1' requested by ':1.4' (uid=1000 pid=2992843 comm="/usr/bin/dbus-broker-launch --config-file=/usr/sha")
dbus-daemon[2992444]: [session uid=1000 pid=2992444 pidfd=5] Activated service 'org.freedesktop.systemd1' failed: Process org.freedesktop.systemd1 exited with status 1
{"event": "cell", "id": "c1-c1-F-rep10", "outcome": "verified", "verified": true, "first": "refused", "code": "browser_ref_stale", "dup": 0}
dbus-daemon[2992444]: [session uid=1000 pid=2992444 pidfd=5] Activating service name='org.freedesktop.systemd1' requested by ':1.4' (uid=1000 pid=2992843 comm="/usr/bin/dbus-broker-launch --config-file=/usr/sha")
dbus-daemon[2992444]: [session uid=1000 pid=2992444 pidfd=5] Activated service 'org.freedesktop.systemd1' failed: Process org.freedesktop.systemd1 exited with status 1
dbus-daemon[2992444]: [session uid=1000 pid=2992444 pidfd=5] Activating service name='org.freedesktop.systemd1' requested by ':1.4' (uid=1000 pid=2992843 comm="/usr/bin/dbus-broker-launch --config-file=/usr/sha")
dbus-daemon[2992444]: [session uid=1000 pid=2992444 pidfd=5] Activated service 'org.freedesktop.systemd1' failed: Process org.freedesktop.systemd1 exited with status 1
dbus-daemon[2992444]: [session uid=1000 pid=2992444 pidfd=5] Activating service name='org.freedesktop.systemd1' requested by ':1.4' (uid=1000 pid=2992843 comm="/usr/bin/dbus-broker-launch --config-file=/usr/sha")
dbus-daemon[2992444]: [session uid=1000 pid=2992444 pidfd=5] Activated service 'org.freedesktop.systemd1' failed: Process org.freedesktop.systemd1 exited with status 1
{"event": "cell", "id": "c1-c1-F-rep11", "outcome": "verified", "verified": true, "first": "refused", "code": "browser_ref_stale", "dup": 0}
dbus-daemon[2992444]: [session uid=1000 pid=2992444 pidfd=5] Activating service name='org.freedesktop.systemd1' requested by ':1.4' (uid=1000 pid=2992843 comm="/usr/bin/dbus-broker-launch --config-file=/usr/sha")
dbus-daemon[2992444]: [session uid=1000 pid=2992444 pidfd=5] Activated service 'org.freedesktop.systemd1' failed: Process org.freedesktop.systemd1 exited with status 1
dbus-daemon[2992444]: [session uid=1000 pid=2992444 pidfd=5] Activating service name='org.freedesktop.systemd1' requested by ':1.4' (uid=1000 pid=2992843 comm="/usr/bin/dbus-broker-launch --config-file=/usr/sha")
dbus-daemon[2992444]: [session uid=1000 pid=2992444 pidfd=5] Activated service 'org.freedesktop.systemd1' failed: Process org.freedesktop.systemd1 exited with status 1
dbus-daemon[2992444]: [session uid=1000 pid=2992444 pidfd=5] Activating service name='org.freedesktop.systemd1' requested by ':1.4' (uid=1000 pid=2992843 comm="/usr/bin/dbus-broker-launch --config-file=/usr/sha")
dbus-daemon[2992444]: [session uid=1000 pid=2992444 pidfd=5] Activated service 'org.freedesktop.systemd1' failed: Process org.freedesktop.systemd1 exited with status 1
{"event": "cell", "id": "c1-c1-F-rep12", "outcome": "verified", "verified": true, "first": "refused", "code": "browser_ref_stale", "dup": 0}
dbus-daemon[2992444]: [session uid=1000 pid=2992444 pidfd=5] Activating service name='org.freedesktop.systemd1' requested by ':1.4' (uid=1000 pid=2992843 comm="/usr/bin/dbus-broker-launch --config-file=/usr/sha")
dbus-daemon[2992444]: [session uid=1000 pid=2992444 pidfd=5] Activated service 'org.freedesktop.systemd1' failed: Process org.freedesktop.systemd1 exited with status 1
dbus-daemon[2992444]: [session uid=1000 pid=2992444 pidfd=5] Activating service name='org.freedesktop.systemd1' requested by ':1.4' (uid=1000 pid=2992843 comm="/usr/bin/dbus-broker-launch --config-file=/usr/sha")
dbus-daemon[2992444]: [session uid=1000 pid=2992444 pidfd=5] Activated service 'org.freedesktop.systemd1' failed: Process org.freedesktop.systemd1 exited with status 1
dbus-daemon[2992444]: [session uid=1000 pid=2992444 pidfd=5] Activating service name='org.freedesktop.systemd1' requested by ':1.4' (uid=1000 pid=2992843 comm="/usr/bin/dbus-broker-launch --config-file=/usr/sha")
dbus-daemon[2992444]: [session uid=1000 pid=2992444 pidfd=5] Activated service 'org.freedesktop.systemd1' failed: Process org.freedesktop.systemd1 exited with status 1
{"event": "cell", "id": "c1-c1-F-rep13", "outcome": "verified", "verified": true, "first": "refused", "code": "browser_ref_stale", "dup": 0}
dbus-daemon[2992444]: [session uid=1000 pid=2992444 pidfd=5] Activating service name='org.freedesktop.systemd1' requested by ':1.4' (uid=1000 pid=2992843 comm="/usr/bin/dbus-broker-launch --config-file=/usr/sha")
dbus-daemon[2992444]: [session uid=1000 pid=2992444 pidfd=5] Activated service 'org.freedesktop.systemd1' failed: Process org.freedesktop.systemd1 exited with status 1
dbus-daemon[2992444]: [session uid=1000 pid=2992444 pidfd=5] Activating service name='org.freedesktop.systemd1' requested by ':1.4' (uid=1000 pid=2992843 comm="/usr/bin/dbus-broker-launch --config-file=/usr/sha")
dbus-daemon[2992444]: [session uid=1000 pid=2992444 pidfd=5] Activated service 'org.freedesktop.systemd1' failed: Process org.freedesktop.systemd1 exited with status 1
dbus-daemon[2992444]: [session uid=1000 pid=2992444 pidfd=5] Activating service name='org.freedesktop.systemd1' requested by ':1.4' (uid=1000 pid=2992843 comm="/usr/bin/dbus-broker-launch --config-file=/usr/sha")
dbus-daemon[2992444]: [session uid=1000 pid=2992444 pidfd=5] Activated service 'org.freedesktop.systemd1' failed: Process org.freedesktop.systemd1 exited with status 1
{"event": "cell", "id": "c1-c1-F-rep14", "outcome": "verified", "verified": true, "first": "refused", "code": "browser_ref_stale", "dup": 0}
dbus-daemon[2992444]: [session uid=1000 pid=2992444 pidfd=5] Activating service name='org.freedesktop.systemd1' requested by ':1.4' (uid=1000 pid=2992843 comm="/usr/bin/dbus-broker-launch --config-file=/usr/sha")
dbus-daemon[2992444]: [session uid=1000 pid=2992444 pidfd=5] Activated service 'org.freedesktop.systemd1' failed: Process org.freedesktop.systemd1 exited with status 1
dbus-daemon[2992444]: [session uid=1000 pid=2992444 pidfd=5] Activating service name='org.freedesktop.systemd1' requested by ':1.4' (uid=1000 pid=2992843 comm="/usr/bin/dbus-broker-launch --config-file=/usr/sha")
dbus-daemon[2992444]: [session uid=1000 pid=2992444 pidfd=5] Activated service 'org.freedesktop.systemd1' failed: Process org.freedesktop.systemd1 exited with status 1
dbus-daemon[2992444]: [session uid=1000 pid=2992444 pidfd=5] Activating service name='org.freedesktop.systemd1' requested by ':1.4' (uid=1000 pid=2992843 comm="/usr/bin/dbus-broker-launch --config-file=/usr/sha")
dbus-daemon[2992444]: [session uid=1000 pid=2992444 pidfd=5] Activated service 'org.freedesktop.systemd1' failed: Process org.freedesktop.systemd1 exited with status 1
{"event": "cell", "id": "c1-c1-F-rep15", "outcome": "verified", "verified": true, "first": "refused", "code": "browser_ref_stale", "dup": 0}
dbus-daemon[2992444]: [session uid=1000 pid=2992444 pidfd=5] Activating service name='org.freedesktop.systemd1' requested by ':1.4' (uid=1000 pid=2992843 comm="/usr/bin/dbus-broker-launch --config-file=/usr/sha")
dbus-daemon[2992444]: [session uid=1000 pid=2992444 pidfd=5] Activated service 'org.freedesktop.systemd1' failed: Process org.freedesktop.systemd1 exited with status 1
dbus-daemon[2992444]: [session uid=1000 pid=2992444 pidfd=5] Activating service name='org.freedesktop.systemd1' requested by ':1.4' (uid=1000 pid=2992843 comm="/usr/bin/dbus-broker-launch --config-file=/usr/sha")
dbus-daemon[2992444]: [session uid=1000 pid=2992444 pidfd=5] Activated service 'org.freedesktop.systemd1' failed: Process org.freedesktop.systemd1 exited with status 1
dbus-daemon[2992444]: [session uid=1000 pid=2992444 pidfd=5] Activating service name='org.freedesktop.systemd1' requested by ':1.4' (uid=1000 pid=2992843 comm="/usr/bin/dbus-broker-launch --config-file=/usr/sha")
dbus-daemon[2992444]: [session uid=1000 pid=2992444 pidfd=5] Activated service 'org.freedesktop.systemd1' failed: Process org.freedesktop.systemd1 exited with status 1
{"event": "cell", "id": "c1-c1-F-rep16", "outcome": "verified", "verified": true, "first": "refused", "code": "browser_ref_stale", "dup": 0}
dbus-daemon[2992444]: [session uid=1000 pid=2992444 pidfd=5] Activating service name='org.freedesktop.systemd1' requested by ':1.4' (uid=1000 pid=2992843 comm="/usr/bin/dbus-broker-launch --config-file=/usr/sha")
dbus-daemon[2992444]: [session uid=1000 pid=2992444 pidfd=5] Activated service 'org.freedesktop.systemd1' failed: Process org.freedesktop.systemd1 exited with status 1
dbus-daemon[2992444]: [session uid=1000 pid=2992444 pidfd=5] Activating service name='org.freedesktop.systemd1' requested by ':1.4' (uid=1000 pid=2992843 comm="/usr/bin/dbus-broker-launch --config-file=/usr/sha")
dbus-daemon[2992444]: [session uid=1000 pid=2992444 pidfd=5] Activated service 'org.freedesktop.systemd1' failed: Process org.freedesktop.systemd1 exited with status 1
dbus-daemon[2992444]: [session uid=1000 pid=2992444 pidfd=5] Activating service name='org.freedesktop.systemd1' requested by ':1.4' (uid=1000 pid=2992843 comm="/usr/bin/dbus-broker-launch --config-file=/usr/sha")
dbus-daemon[2992444]: [session uid=1000 pid=2992444 pidfd=5] Activated service 'org.freedesktop.systemd1' failed: Process org.freedesktop.systemd1 exited with status 1
{"event": "cell", "id": "c1-c1-F-rep17", "outcome": "verified", "verified": true, "first": "refused", "code": "browser_ref_stale", "dup": 0}
dbus-daemon[2992444]: [session uid=1000 pid=2992444 pidfd=5] Activating service name='org.freedesktop.systemd1' requested by ':1.4' (uid=1000 pid=2992843 comm="/usr/bin/dbus-broker-launch --config-file=/usr/sha")
dbus-daemon[2992444]: [session uid=1000 pid=2992444 pidfd=5] Activated service 'org.freedesktop.systemd1' failed: Process org.freedesktop.systemd1 exited with status 1
dbus-daemon[2992444]: [session uid=1000 pid=2992444 pidfd=5] Activating service name='org.freedesktop.systemd1' requested by ':1.4' (uid=1000 pid=2992843 comm="/usr/bin/dbus-broker-launch --config-file=/usr/sha")
dbus-daemon[2992444]: [session uid=1000 pid=2992444 pidfd=5] Activated service 'org.freedesktop.systemd1' failed: Process org.freedesktop.systemd1 exited with status 1
dbus-daemon[2992444]: [session uid=1000 pid=2992444 pidfd=5] Activating service name='org.freedesktop.systemd1' requested by ':1.4' (uid=1000 pid=2992843 comm="/usr/bin/dbus-broker-launch --config-file=/usr/sha")
dbus-daemon[2992444]: [session uid=1000 pid=2992444 pidfd=5] Activated service 'org.freedesktop.systemd1' failed: Process org.freedesktop.systemd1 exited with status 1
{"event": "cell", "id": "c1-c1-F-rep18", "outcome": "verified", "verified": true, "first": "refused", "code": "browser_ref_stale", "dup": 0}
dbus-daemon[2992444]: [session uid=1000 pid=2992444 pidfd=5] Activating service name='org.freedesktop.systemd1' requested by ':1.4' (uid=1000 pid=2992843 comm="/usr/bin/dbus-broker-launch --config-file=/usr/sha")
dbus-daemon[2992444]: [session uid=1000 pid=2992444 pidfd=5] Activated service 'org.freedesktop.systemd1' failed: Process org.freedesktop.systemd1 exited with status 1
dbus-daemon[2992444]: [session uid=1000 pid=2992444 pidfd=5] Activating service name='org.freedesktop.systemd1' requested by ':1.4' (uid=1000 pid=2992843 comm="/usr/bin/dbus-broker-launch --config-file=/usr/sha")
dbus-daemon[2992444]: [session uid=1000 pid=2992444 pidfd=5] Activated service 'org.freedesktop.systemd1' failed: Process org.freedesktop.systemd1 exited with status 1
dbus-daemon[2992444]: [session uid=1000 pid=2992444 pidfd=5] Activating service name='org.freedesktop.systemd1' requested by ':1.4' (uid=1000 pid=2992843 comm="/usr/bin/dbus-broker-launch --config-file=/usr/sha")
dbus-daemon[2992444]: [session uid=1000 pid=2992444 pidfd=5] Activated service 'org.freedesktop.systemd1' failed: Process org.freedesktop.systemd1 exited with status 1
{"event": "cell", "id": "c1-c1-F-rep19", "outcome": "verified", "verified": true, "first": "refused", "code": "browser_ref_stale", "dup": 0}
dbus-daemon[2992444]: [session uid=1000 pid=2992444 pidfd=5] Activating service name='org.freedesktop.systemd1' requested by ':1.4' (uid=1000 pid=2992843 comm="/usr/bin/dbus-broker-launch --config-file=/usr/sha")
dbus-daemon[2992444]: [session uid=1000 pid=2992444 pidfd=5] Activated service 'org.freedesktop.systemd1' failed: Process org.freedesktop.systemd1 exited with status 1
dbus-daemon[2992444]: [session uid=1000 pid=2992444 pidfd=5] Activating service name='org.freedesktop.systemd1' requested by ':1.4' (uid=1000 pid=2992843 comm="/usr/bin/dbus-broker-launch --config-file=/usr/sha")
dbus-daemon[2992444]: [session uid=1000 pid=2992444 pidfd=5] Activated service 'org.freedesktop.systemd1' failed: Process org.freedesktop.systemd1 exited with status 1
dbus-daemon[2992444]: [session uid=1000 pid=2992444 pidfd=5] Activating service name='org.freedesktop.systemd1' requested by ':1.4' (uid=1000 pid=2992843 comm="/usr/bin/dbus-broker-launch --config-file=/usr/sha")
dbus-daemon[2992444]: [session uid=1000 pid=2992444 pidfd=5] Activated service 'org.freedesktop.systemd1' failed: Process org.freedesktop.systemd1 exited with status 1
{"event": "cell", "id": "c1-c1-F-rep20", "outcome": "verified", "verified": true, "first": "refused", "code": "browser_ref_stale", "dup": 0}
A connection to the bus can't be made
CRITICAL: [dbus_cb_name_lost:1438] Cannot connect to DBus.
[session] exit rc=0 run_dir=<tmp-root>/x11-session.ApT8MI
[2026-10-03T03:18:04.493Z] chunk r2-10r-a2-p0b-c1-R-r2 rc=0 loadavg=14.23 12.69 10.51
