[2026-10-03T02:59:59.569Z] chunk r2-10r-a2-p0b-c1-U mode=shared atspi=0 live=0 loadavg=24.43 14.16 9.53
[session] DISPLAY=:102 openbox=2778351 picom=2778352 dbus=unix:path=/tmp/dbus-FZ6sZ1oEQv,guid=fb3d1ab1c3e19be6905abe3b6ac06fb2
[r2-10] display=:102 xdg_runtime_private=yes key=absent loadavg=24.95 14.44 9.64 atspi=0
{"event": "validity", "ok": true, "display": ":102"}
dbus-daemon[2778349]: [session uid=1000 pid=2778349 pidfd=5] Activating service name='org.a11y.Bus' requested by ':1.0' (uid=1000 pid=2779809 comm="<lanes>/bin/cua-driver-b0")
dbus-daemon[2778349]: [session uid=1000 pid=2778349 pidfd=5] Successfully activated service 'org.a11y.Bus'
dbus-daemon[2778349]: [session uid=1000 pid=2778349 pidfd=5] Activating service name='ca.desrt.dconf' requested by ':1.1' (uid=1000 pid=2779816 comm="/usr/lib/at-spi-bus-launcher")
dbus-daemon[2778349]: [session uid=1000 pid=2778349 pidfd=5] Successfully activated service 'ca.desrt.dconf'
dbus-daemon[2778349]: [session uid=1000 pid=2778349 pidfd=5] Activating service name='org.freedesktop.systemd1' requested by ':1.4' (uid=1000 pid=2779912 comm="/usr/bin/dbus-broker-launch --config-file=/usr/sha")
dbus-daemon[2778349]: [session uid=1000 pid=2778349 pidfd=5] Activated service 'org.freedesktop.systemd1' failed: Process org.freedesktop.systemd1 exited with status 1
dbus-daemon[2778349]: [session uid=1000 pid=2778349 pidfd=5] Activating service name='org.gtk.vfs.Daemon' requested by ':1.5' (uid=1000 pid=2780080 comm="/opt/google/chrome/chrome --remote-debugging-port=")
dbus-daemon[2778349]: [session uid=1000 pid=2778349 pidfd=5] Successfully activated service 'org.gtk.vfs.Daemon'
fusermount3: mount failed: Operation not permitted
dbus-daemon[2778349]: [session uid=1000 pid=2778349 pidfd=5] Activating service name='org.freedesktop.systemd1' requested by ':1.4' (uid=1000 pid=2779912 comm="/usr/bin/dbus-broker-launch --config-file=/usr/sha")
dbus-daemon[2778349]: [session uid=1000 pid=2778349 pidfd=5] Activated service 'org.freedesktop.systemd1' failed: Process org.freedesktop.systemd1 exited with status 1
dbus-daemon[2778349]: [session uid=1000 pid=2778349 pidfd=5] Activating service name='org.freedesktop.systemd1' requested by ':1.4' (uid=1000 pid=2779912 comm="/usr/bin/dbus-broker-launch --config-file=/usr/sha")
dbus-daemon[2778349]: [session uid=1000 pid=2778349 pidfd=5] Activated service 'org.freedesktop.systemd1' failed: Process org.freedesktop.systemd1 exited with status 1
dbus-daemon[2778349]: [session uid=1000 pid=2778349 pidfd=5] Activating service name='org.freedesktop.Notifications' requested by ':1.7' (uid=1000 pid=2780080 comm="/opt/google/chrome/chrome --remote-debugging-port=")
dbus-daemon[2778349]: [session uid=1000 pid=2778349 pidfd=5] Activating service name='org.freedesktop.portal.Desktop' requested by ':1.7' (uid=1000 pid=2780080 comm="/opt/google/chrome/chrome --remote-debugging-port=")
dbus-daemon[2778349]: [session uid=1000 pid=2778349 pidfd=5] Activating service name='org.freedesktop.impl.portal.PermissionStore' requested by ':1.9' (uid=1000 pid=2780357 comm="/usr/lib/xdg-desktop-portal")
dbus-daemon[2778349]: [session uid=1000 pid=2778349 pidfd=5] Successfully activated service 'org.freedesktop.impl.portal.PermissionStore'
dbus-daemon[2778349]: [session uid=1000 pid=2778349 pidfd=5] Successfully activated service 'org.freedesktop.Notifications'
dbus-daemon[2778349]: [session uid=1000 pid=2778349 pidfd=5] Activating service name='org.freedesktop.portal.Documents' requested by ':1.9' (uid=1000 pid=2780357 comm="/usr/lib/xdg-desktop-portal")
dbus-daemon[2778349]: [session uid=1000 pid=2778349 pidfd=5] Successfully activated service 'org.freedesktop.portal.Documents'
fusermount3: mount failed: Operation not permitted
error: fuse init failed: Can't mount path <tmp-root>/x11-session.oTVSRc/xdg-runtime/doc


dbus-daemon[2778349]: [session uid=1000 pid=2778349 pidfd=5] Activating service name='org.freedesktop.impl.portal.desktop.gtk' requested by ':1.9' (uid=1000 pid=2780357 comm="/usr/lib/xdg-desktop-portal")
dbus-daemon[2778349]: [session uid=1000 pid=2778349 pidfd=5] Activating service name='org.freedesktop.systemd1' requested by ':1.4' (uid=1000 pid=2779912 comm="/usr/bin/dbus-broker-launch --config-file=/usr/sha")
dbus-daemon[2778349]: [session uid=1000 pid=2778349 pidfd=5] Activated service 'org.freedesktop.systemd1' failed: Process org.freedesktop.systemd1 exited with status 1
dbus-daemon[2778349]: 

[session uid=1000 pid=2778349 pidfd=5] Successfully activated service 'org.freedesktop.impl.portal.desktop.gtk'
dbus-daemon[2778349]: [session uid=1000 pid=2778349 pidfd=5] Activating service name='org.freedesktop.systemd1' requested by ':1.4' (uid=1000 pid=2779912 comm="/usr/bin/dbus-broker-launch --config-file=/usr/sha")

dbus-daemon[2778349]: [session uid=1000 pid=2778349 pidfd=5] Activated service 'org.freedesktop.systemd1' failed: Process org.freedesktop.systemd1 exited with status 1












dbus-daemon[2778349]: [session uid=1000 pid=2778349 pidfd=5] Successfully activated service 'org.freedesktop.portal.Desktop'
{"event": "cell", "id": "c1-c1-U-rep1", "outcome": "unknown", "verified": false, "first": "accepted", "code": null, "dup": 0}
dbus-daemon[2778349]: [session uid=1000 pid=2778349 pidfd=5] Activating service name='org.freedesktop.systemd1' requested by ':1.4' (uid=1000 pid=2779912 comm="/usr/bin/dbus-broker-launch --config-file=/usr/sha")
dbus-daemon[2778349]: [session uid=1000 pid=2778349 pidfd=5] Activated service 'org.freedesktop.systemd1' failed: Process org.freedesktop.systemd1 exited with status 1
dbus-daemon[2778349]: [session uid=1000 pid=2778349 pidfd=5] Activating service name='org.freedesktop.systemd1' requested by ':1.4' (uid=1000 pid=2779912 comm="/usr/bin/dbus-broker-launch --config-file=/usr/sha")
dbus-daemon[2778349]: [session uid=1000 pid=2778349 pidfd=5] Activated service 'org.freedesktop.systemd1' failed: Process org.freedesktop.systemd1 exited with status 1
dbus-daemon[2778349]: [session uid=1000 pid=2778349 pidfd=5] Activating service name='org.freedesktop.systemd1' requested by ':1.4' (uid=1000 pid=2779912 comm="/usr/bin/dbus-broker-launch --config-file=/usr/sha")
dbus-daemon[2778349]: [session uid=1000 pid=2778349 pidfd=5] Activated service 'org.freedesktop.systemd1' failed: Process org.freedesktop.systemd1 exited with status 1
{"event": "cell", "id": "c1-c1-U-rep2", "outcome": "unknown", "verified": false, "first": "accepted", "code": null, "dup": 0}
dbus-daemon[2778349]: [session uid=1000 pid=2778349 pidfd=5] Activating service name='org.freedesktop.systemd1' requested by ':1.4' (uid=1000 pid=2779912 comm="/usr/bin/dbus-broker-launch --config-file=/usr/sha")
dbus-daemon[2778349]: [session uid=1000 pid=2778349 pidfd=5] Activated service 'org.freedesktop.systemd1' failed: Process org.freedesktop.systemd1 exited with status 1
dbus-daemon[2778349]: [session uid=1000 pid=2778349 pidfd=5] Activating service name='org.freedesktop.systemd1' requested by ':1.4' (uid=1000 pid=2779912 comm="/usr/bin/dbus-broker-launch --config-file=/usr/sha")
dbus-daemon[2778349]: [session uid=1000 pid=2778349 pidfd=5] Activated service 'org.freedesktop.systemd1' failed: Process org.freedesktop.systemd1 exited with status 1
dbus-daemon[2778349]: [session uid=1000 pid=2778349 pidfd=5] Activating service name='org.freedesktop.systemd1' requested by ':1.4' (uid=1000 pid=2779912 comm="/usr/bin/dbus-broker-launch --config-file=/usr/sha")
dbus-daemon[2778349]: [session uid=1000 pid=2778349 pidfd=5] Activated service 'org.freedesktop.systemd1' failed: Process org.freedesktop.systemd1 exited with status 1
{"event": "cell", "id": "c1-c1-U-rep3", "outcome": "unknown", "verified": false, "first": "accepted", "code": null, "dup": 0}
dbus-daemon[2778349]: [session uid=1000 pid=2778349 pidfd=5] Activating service name='org.freedesktop.systemd1' requested by ':1.4' (uid=1000 pid=2779912 comm="/usr/bin/dbus-broker-launch --config-file=/usr/sha")
dbus-daemon[2778349]: [session uid=1000 pid=2778349 pidfd=5] Activated service 'org.freedesktop.systemd1' failed: Process org.freedesktop.systemd1 exited with status 1
dbus-daemon[2778349]: [session uid=1000 pid=2778349 pidfd=5] Activating service name='org.freedesktop.systemd1' requested by ':1.4' (uid=1000 pid=2779912 comm="/usr/bin/dbus-broker-launch --config-file=/usr/sha")
dbus-daemon[2778349]: [session uid=1000 pid=2778349 pidfd=5] Activated service 'org.freedesktop.systemd1' failed: Process org.freedesktop.systemd1 exited with status 1
dbus-daemon[2778349]: [session uid=1000 pid=2778349 pidfd=5] Activating service name='org.freedesktop.systemd1' requested by ':1.4' (uid=1000 pid=2779912 comm="/usr/bin/dbus-broker-launch --config-file=/usr/sha")
dbus-daemon[2778349]: [session uid=1000 pid=2778349 pidfd=5] Activated service 'org.freedesktop.systemd1' failed: Process org.freedesktop.systemd1 exited with status 1
{"event": "cell", "id": "c1-c1-U-rep4", "outcome": "unknown", "verified": false, "first": "accepted", "code": null, "dup": 0}
dbus-daemon[2778349]: [session uid=1000 pid=2778349 pidfd=5] Activating service name='org.freedesktop.systemd1' requested by ':1.4' (uid=1000 pid=2779912 comm="/usr/bin/dbus-broker-launch --config-file=/usr/sha")
dbus-daemon[2778349]: [session uid=1000 pid=2778349 pidfd=5] Activated service 'org.freedesktop.systemd1' failed: Process org.freedesktop.systemd1 exited with status 1
dbus-daemon[2778349]: [session uid=1000 pid=2778349 pidfd=5] Activating service name='org.freedesktop.systemd1' requested by ':1.4' (uid=1000 pid=2779912 comm="/usr/bin/dbus-broker-launch --config-file=/usr/sha")
dbus-daemon[2778349]: [session uid=1000 pid=2778349 pidfd=5] Activated service 'org.freedesktop.systemd1' failed: Process org.freedesktop.systemd1 exited with status 1
dbus-daemon[2778349]: [session uid=1000 pid=2778349 pidfd=5] Activating service name='org.freedesktop.systemd1' requested by ':1.4' (uid=1000 pid=2779912 comm="/usr/bin/dbus-broker-launch --config-file=/usr/sha")
dbus-daemon[2778349]: [session uid=1000 pid=2778349 pidfd=5] Activated service 'org.freedesktop.systemd1' failed: Process org.freedesktop.systemd1 exited with status 1
{"event": "cell", "id": "c1-c1-U-rep5", "outcome": "unknown", "verified": false, "first": "accepted", "code": null, "dup": 0}
A connection to the bus can't be made
CRITICAL: [dbus_cb_name_lost:1438] Cannot connect to DBus.
[session] exit rc=0 run_dir=<tmp-root>/x11-session.oTVSRc
[2026-10-03T03:00:33.506Z] chunk r2-10r-a2-p0b-c1-U rc=0 loadavg=20.63 14.46 9.81
