[2026-10-03T03:01:46.445Z] chunk r2-10r-a2-p0c-nw2-U mode=shared atspi=0 live=0 loadavg=10.68 12.61 9.51
[session] DISPLAY=:102 openbox=2810672 picom=2810673 dbus=unix:path=/tmp/dbus-ctytTL8mle,guid=44efcd664e50b4378584d8bf6ac0701d
[r2-10] display=:102 xdg_runtime_private=yes key=absent loadavg=11.75 12.80 9.59 atspi=0
dbus-daemon[2810670]: [session uid=1000 pid=2810670 pidfd=5] Activating service name='org.a11y.Bus' requested by ':1.0' (uid=1000 pid=2811194 comm="<lanes>/bin/cua-driver-b0")
dbus-daemon[2810670]: [session uid=1000 pid=2810670 pidfd=5] Successfully activated service 'org.a11y.Bus'
dbus-daemon[2810670]: [session uid=1000 pid=2810670 pidfd=5] Activating service name='ca.desrt.dconf' requested by ':1.1' (uid=1000 pid=2811219 comm="/usr/lib/at-spi-bus-launcher")
dbus-daemon[2810670]: [session uid=1000 pid=2810670 pidfd=5] Successfully activated service 'ca.desrt.dconf'
dbus-daemon[2810670]: [session uid=1000 pid=2810670 pidfd=5] Activating service name='org.freedesktop.systemd1' requested by ':1.4' (uid=1000 pid=2811241 comm="/usr/bin/dbus-broker-launch --config-file=/usr/sha")
dbus-daemon[2810670]: [session uid=1000 pid=2810670 pidfd=5] Activated service 'org.freedesktop.systemd1' failed: Process org.freedesktop.systemd1 exited with status 1
dbus-daemon[2810670]: [session uid=1000 pid=2810670 pidfd=5] Activating service name='org.gtk.vfs.Daemon' requested by ':1.5' (uid=1000 pid=2811308 comm="/opt/google/chrome/chrome --remote-debugging-port=")
dbus-daemon[2810670]: [session uid=1000 pid=2810670 pidfd=5] Successfully activated service 'org.gtk.vfs.Daemon'
fusermount3: mount failed: Operation not permitted
dbus-daemon[2810670]: [session uid=1000 pid=2810670 pidfd=5] Activating service name='org.freedesktop.systemd1' requested by ':1.4' (uid=1000 pid=2811241 comm="/usr/bin/dbus-broker-launch --config-file=/usr/sha")
dbus-daemon[2810670]: [session uid=1000 pid=2810670 pidfd=5] Activated service 'org.freedesktop.systemd1' failed: Process org.freedesktop.systemd1 exited with status 1
dbus-daemon[2810670]: [session uid=1000 pid=2810670 pidfd=5] Activating service name='org.freedesktop.systemd1' requested by ':1.4' (uid=1000 pid=2811241 comm="/usr/bin/dbus-broker-launch --config-file=/usr/sha")
dbus-daemon[2810670]: [session uid=1000 pid=2810670 pidfd=5] Activated service 'org.freedesktop.systemd1' failed: Process org.freedesktop.systemd1 exited with status 1
dbus-daemon[2810670]: [session uid=1000 pid=2810670 pidfd=5] Activating service name='org.freedesktop.Notifications' requested by ':1.7' (uid=1000 pid=2811308 comm="/opt/google/chrome/chrome --remote-debugging-port=")
dbus-daemon[2810670]: [session uid=1000 pid=2810670 pidfd=5] Activating service name='org.freedesktop.portal.Desktop' requested by ':1.7' (uid=1000 pid=2811308 comm="/opt/google/chrome/chrome --remote-debugging-port=")
dbus-daemon[2810670]: [session uid=1000 pid=2810670 pidfd=5] Successfully activated service 'org.freedesktop.Notifications'
dbus-daemon[2810670]: [session uid=1000 pid=2810670 pidfd=5] Activating service name='org.freedesktop.impl.portal.PermissionStore' requested by ':1.9' (uid=1000 pid=2811549 comm="/usr/lib/xdg-desktop-portal")
dbus-daemon[2810670]: [session uid=1000 pid=2810670 pidfd=5] Successfully activated service 'org.freedesktop.impl.portal.PermissionStore'
dbus-daemon[2810670]: [session uid=1000 pid=2810670 pidfd=5] Activating service name='org.freedesktop.portal.Documents' requested by ':1.9' (uid=1000 pid=2811549 comm="/usr/lib/xdg-desktop-portal")
dbus-daemon[2810670]: [session uid=1000 pid=2810670 pidfd=5] Successfully activated service 'org.freedesktop.portal.Documents'
fusermount3: mount failed: Operation not permitted
error: fuse init failed: Can't mount path <tmp-root>/x11-session.ektQJT/xdg-runtime/doc


dbus-daemon[2810670]: [session uid=1000 pid=2810670 pidfd=5] Activating service name='org.freedesktop.impl.portal.desktop.gtk' requested by ':1.9' (uid=1000 pid=2811549 comm="/usr/lib/xdg-desktop-portal")
dbus-daemon[2810670]: [session uid=1000 pid=2810670 pidfd=5] Activating service name='org.freedesktop.systemd1' requested by ':1.4' (uid=1000 pid=2811241 comm="/usr/bin/dbus-broker-launch --config-file=/usr/sha")
dbus-daemon[2810670]: [session uid=1000 pid=2810670 pidfd=5] Activated service 'org.freedesktop.systemd1' failed: Process org.freedesktop.systemd1 exited with status 1
dbus-daemon[2810670]: [session uid=1000 pid=2810670 pidfd=5] Successfully activated service 'org.freedesktop.impl.portal.desktop.gtk'


dbus-daemon[2810670]: [session uid=1000 pid=2810670 pidfd=5] Activating service name='org.freedesktop.systemd1' requested by ':1.4' (uid=1000 pid=2811241 comm="/usr/bin/dbus-broker-launch --config-file=/usr/sha")

dbus-daemon[2810670]: [session uid=1000 pid=2810670 pidfd=5] Activated service 'org.freedesktop.systemd1' failed: Process org.freedesktop.systemd1 exited with status 1












dbus-daemon[2810670]: [session uid=1000 pid=2810670 pidfd=5] Successfully activated service 'org.freedesktop.portal.Desktop'
{"trial": "CU000-toggle-K5-nw2gate-r00", "outcome": "verified", "oracle_exact_match": true, "completion_mutations": 1, "takeover_envelope": null, "old_binding_envelope": null, "decoy_connections": null, "marker_in_fresh_snapshot": true, "nw2_stale_envelope": {"is_error": false, "status": null, "effect": "unverifiable", "code": null}, "nw2_mutations_from_stale_action": 1, "error_leaves": null}
dbus-daemon[2810670]: [session uid=1000 pid=2810670 pidfd=5] Activating service name='org.freedesktop.systemd1' requested by ':1.4' (uid=1000 pid=2811241 comm="/usr/bin/dbus-broker-launch --config-file=/usr/sha")
dbus-daemon[2810670]: [session uid=1000 pid=2810670 pidfd=5] Activated service 'org.freedesktop.systemd1' failed: Process org.freedesktop.systemd1 exited with status 1
dbus-daemon[2810670]: [session uid=1000 pid=2810670 pidfd=5] Activating service name='org.freedesktop.systemd1' requested by ':1.4' (uid=1000 pid=2811241 comm="/usr/bin/dbus-broker-launch --config-file=/usr/sha")
dbus-daemon[2810670]: [session uid=1000 pid=2810670 pidfd=5] Activated service 'org.freedesktop.systemd1' failed: Process org.freedesktop.systemd1 exited with status 1
dbus-daemon[2810670]: [session uid=1000 pid=2810670 pidfd=5] Activating service name='org.freedesktop.systemd1' requested by ':1.4' (uid=1000 pid=2811241 comm="/usr/bin/dbus-broker-launch --config-file=/usr/sha")
dbus-daemon[2810670]: [session uid=1000 pid=2810670 pidfd=5] Activated service 'org.freedesktop.systemd1' failed: Process org.freedesktop.systemd1 exited with status 1
{"trial": "CU001-modal-K5-nw2gate-r00", "outcome": "verified", "oracle_exact_match": true, "completion_mutations": 1, "takeover_envelope": null, "old_binding_envelope": null, "decoy_connections": null, "marker_in_fresh_snapshot": true, "nw2_stale_envelope": {"is_error": false, "status": null, "effect": "unverifiable", "code": null}, "nw2_mutations_from_stale_action": 1, "error_leaves": null}
dbus-daemon[2810670]: [session uid=1000 pid=2810670 pidfd=5] Activating service name='org.freedesktop.systemd1' requested by ':1.4' (uid=1000 pid=2811241 comm="/usr/bin/dbus-broker-launch --config-file=/usr/sha")
dbus-daemon[2810670]: [session uid=1000 pid=2810670 pidfd=5] Activated service 'org.freedesktop.systemd1' failed: Process org.freedesktop.systemd1 exited with status 1
dbus-daemon[2810670]: [session uid=1000 pid=2810670 pidfd=5] Activating service name='org.freedesktop.systemd1' requested by ':1.4' (uid=1000 pid=2811241 comm="/usr/bin/dbus-broker-launch --config-file=/usr/sha")
dbus-daemon[2810670]: [session uid=1000 pid=2810670 pidfd=5] Activated service 'org.freedesktop.systemd1' failed: Process org.freedesktop.systemd1 exited with status 1
dbus-daemon[2810670]: [session uid=1000 pid=2810670 pidfd=5] Activating service name='org.freedesktop.systemd1' requested by ':1.4' (uid=1000 pid=2811241 comm="/usr/bin/dbus-broker-launch --config-file=/usr/sha")
dbus-daemon[2810670]: [session uid=1000 pid=2810670 pidfd=5] Activated service 'org.freedesktop.systemd1' failed: Process org.freedesktop.systemd1 exited with status 1
{"trial": "CU002-toggle-K5-nw2gate-r01", "outcome": "verified", "oracle_exact_match": true, "completion_mutations": 1, "takeover_envelope": null, "old_binding_envelope": null, "decoy_connections": null, "marker_in_fresh_snapshot": true, "nw2_stale_envelope": {"is_error": false, "status": null, "effect": "unverifiable", "code": null}, "nw2_mutations_from_stale_action": 1, "error_leaves": null}
dbus-daemon[2810670]: [session uid=1000 pid=2810670 pidfd=5] Activating service name='org.freedesktop.systemd1' requested by ':1.4' (uid=1000 pid=2811241 comm="/usr/bin/dbus-broker-launch --config-file=/usr/sha")
dbus-daemon[2810670]: [session uid=1000 pid=2810670 pidfd=5] Activated service 'org.freedesktop.systemd1' failed: Process org.freedesktop.systemd1 exited with status 1
dbus-daemon[2810670]: [session uid=1000 pid=2810670 pidfd=5] Activating service name='org.freedesktop.systemd1' requested by ':1.4' (uid=1000 pid=2811241 comm="/usr/bin/dbus-broker-launch --config-file=/usr/sha")
dbus-daemon[2810670]: [session uid=1000 pid=2810670 pidfd=5] Activated service 'org.freedesktop.systemd1' failed: Process org.freedesktop.systemd1 exited with status 1
dbus-daemon[2810670]: [session uid=1000 pid=2810670 pidfd=5] Activating service name='org.freedesktop.systemd1' requested by ':1.4' (uid=1000 pid=2811241 comm="/usr/bin/dbus-broker-launch --config-file=/usr/sha")
dbus-daemon[2810670]: [session uid=1000 pid=2810670 pidfd=5] Activated service 'org.freedesktop.systemd1' failed: Process org.freedesktop.systemd1 exited with status 1
{"trial": "CU003-modal-K5-nw2gate-r01", "outcome": "verified", "oracle_exact_match": true, "completion_mutations": 1, "takeover_envelope": null, "old_binding_envelope": null, "decoy_connections": null, "marker_in_fresh_snapshot": true, "nw2_stale_envelope": {"is_error": false, "status": null, "effect": "unverifiable", "code": null}, "nw2_mutations_from_stale_action": 1, "error_leaves": null}
dbus-daemon[2810670]: [session uid=1000 pid=2810670 pidfd=5] Activating service name='org.freedesktop.systemd1' requested by ':1.4' (uid=1000 pid=2811241 comm="/usr/bin/dbus-broker-launch --config-file=/usr/sha")
dbus-daemon[2810670]: [session uid=1000 pid=2810670 pidfd=5] Activated service 'org.freedesktop.systemd1' failed: Process org.freedesktop.systemd1 exited with status 1
dbus-daemon[2810670]: [session uid=1000 pid=2810670 pidfd=5] Activating service name='org.freedesktop.systemd1' requested by ':1.4' (uid=1000 pid=2811241 comm="/usr/bin/dbus-broker-launch --config-file=/usr/sha")
dbus-daemon[2810670]: [session uid=1000 pid=2810670 pidfd=5] Activated service 'org.freedesktop.systemd1' failed: Process org.freedesktop.systemd1 exited with status 1
dbus-daemon[2810670]: [session uid=1000 pid=2810670 pidfd=5] Activating service name='org.freedesktop.systemd1' requested by ':1.4' (uid=1000 pid=2811241 comm="/usr/bin/dbus-broker-launch --config-file=/usr/sha")
dbus-daemon[2810670]: [session uid=1000 pid=2810670 pidfd=5] Activated service 'org.freedesktop.systemd1' failed: Process org.freedesktop.systemd1 exited with status 1
{"trial": "CU004-toggle-K5-nw2gate-r02", "outcome": "verified", "oracle_exact_match": true, "completion_mutations": 1, "takeover_envelope": null, "old_binding_envelope": null, "decoy_connections": null, "marker_in_fresh_snapshot": true, "nw2_stale_envelope": {"is_error": false, "status": null, "effect": "unverifiable", "code": null}, "nw2_mutations_from_stale_action": 1, "error_leaves": null}
dbus-daemon[2810670]: [session uid=1000 pid=2810670 pidfd=5] Activating service name='org.freedesktop.systemd1' requested by ':1.4' (uid=1000 pid=2811241 comm="/usr/bin/dbus-broker-launch --config-file=/usr/sha")
dbus-daemon[2810670]: [session uid=1000 pid=2810670 pidfd=5] Activated service 'org.freedesktop.systemd1' failed: Process org.freedesktop.systemd1 exited with status 1
dbus-daemon[2810670]: [session uid=1000 pid=2810670 pidfd=5] Activating service name='org.freedesktop.systemd1' requested by ':1.4' (uid=1000 pid=2811241 comm="/usr/bin/dbus-broker-launch --config-file=/usr/sha")
dbus-daemon[2810670]: [session uid=1000 pid=2810670 pidfd=5] Activated service 'org.freedesktop.systemd1' failed: Process org.freedesktop.systemd1 exited with status 1
dbus-daemon[2810670]: [session uid=1000 pid=2810670 pidfd=5] Activating service name='org.freedesktop.systemd1' requested by ':1.4' (uid=1000 pid=2811241 comm="/usr/bin/dbus-broker-launch --config-file=/usr/sha")
dbus-daemon[2810670]: [session uid=1000 pid=2810670 pidfd=5] Activated service 'org.freedesktop.systemd1' failed: Process org.freedesktop.systemd1 exited with status 1
{"trial": "CU005-modal-K5-nw2gate-r02", "outcome": "verified", "oracle_exact_match": true, "completion_mutations": 1, "takeover_envelope": null, "old_binding_envelope": null, "decoy_connections": null, "marker_in_fresh_snapshot": true, "nw2_stale_envelope": {"is_error": false, "status": null, "effect": "unverifiable", "code": null}, "nw2_mutations_from_stale_action": 1, "error_leaves": null}
dbus-daemon[2810670]: [session uid=1000 pid=2810670 pidfd=5] Activating service name='org.freedesktop.systemd1' requested by ':1.4' (uid=1000 pid=2811241 comm="/usr/bin/dbus-broker-launch --config-file=/usr/sha")
dbus-daemon[2810670]: [session uid=1000 pid=2810670 pidfd=5] Activated service 'org.freedesktop.systemd1' failed: Process org.freedesktop.systemd1 exited with status 1
dbus-daemon[2810670]: [session uid=1000 pid=2810670 pidfd=5] Activating service name='org.freedesktop.systemd1' requested by ':1.4' (uid=1000 pid=2811241 comm="/usr/bin/dbus-broker-launch --config-file=/usr/sha")
dbus-daemon[2810670]: [session uid=1000 pid=2810670 pidfd=5] Activated service 'org.freedesktop.systemd1' failed: Process org.freedesktop.systemd1 exited with status 1
dbus-daemon[2810670]: [session uid=1000 pid=2810670 pidfd=5] Activating service name='org.freedesktop.systemd1' requested by ':1.4' (uid=1000 pid=2811241 comm="/usr/bin/dbus-broker-launch --config-file=/usr/sha")
dbus-daemon[2810670]: [session uid=1000 pid=2810670 pidfd=5] Activated service 'org.freedesktop.systemd1' failed: Process org.freedesktop.systemd1 exited with status 1
{"trial": "CU006-toggle-K5-nw2gate-r03", "outcome": "verified", "oracle_exact_match": true, "completion_mutations": 1, "takeover_envelope": null, "old_binding_envelope": null, "decoy_connections": null, "marker_in_fresh_snapshot": true, "nw2_stale_envelope": {"is_error": false, "status": null, "effect": "unverifiable", "code": null}, "nw2_mutations_from_stale_action": 1, "error_leaves": null}
dbus-daemon[2810670]: [session uid=1000 pid=2810670 pidfd=5] Activating service name='org.freedesktop.systemd1' requested by ':1.4' (uid=1000 pid=2811241 comm="/usr/bin/dbus-broker-launch --config-file=/usr/sha")
dbus-daemon[2810670]: [session uid=1000 pid=2810670 pidfd=5] Activated service 'org.freedesktop.systemd1' failed: Process org.freedesktop.systemd1 exited with status 1
dbus-daemon[2810670]: [session uid=1000 pid=2810670 pidfd=5] Activating service name='org.freedesktop.systemd1' requested by ':1.4' (uid=1000 pid=2811241 comm="/usr/bin/dbus-broker-launch --config-file=/usr/sha")
dbus-daemon[2810670]: [session uid=1000 pid=2810670 pidfd=5] Activated service 'org.freedesktop.systemd1' failed: Process org.freedesktop.systemd1 exited with status 1
dbus-daemon[2810670]: [session uid=1000 pid=2810670 pidfd=5] Activating service name='org.freedesktop.systemd1' requested by ':1.4' (uid=1000 pid=2811241 comm="/usr/bin/dbus-broker-launch --config-file=/usr/sha")
dbus-daemon[2810670]: [session uid=1000 pid=2810670 pidfd=5] Activated service 'org.freedesktop.systemd1' failed: Process org.freedesktop.systemd1 exited with status 1
{"trial": "CU007-modal-K5-nw2gate-r03", "outcome": "verified", "oracle_exact_match": true, "completion_mutations": 1, "takeover_envelope": null, "old_binding_envelope": null, "decoy_connections": null, "marker_in_fresh_snapshot": true, "nw2_stale_envelope": {"is_error": false, "status": null, "effect": "unverifiable", "code": null}, "nw2_mutations_from_stale_action": 1, "error_leaves": null}
dbus-daemon[2810670]: [session uid=1000 pid=2810670 pidfd=5] Activating service name='org.freedesktop.systemd1' requested by ':1.4' (uid=1000 pid=2811241 comm="/usr/bin/dbus-broker-launch --config-file=/usr/sha")
dbus-daemon[2810670]: [session uid=1000 pid=2810670 pidfd=5] Activated service 'org.freedesktop.systemd1' failed: Process org.freedesktop.systemd1 exited with status 1
dbus-daemon[2810670]: [session uid=1000 pid=2810670 pidfd=5] Activating service name='org.freedesktop.systemd1' requested by ':1.4' (uid=1000 pid=2811241 comm="/usr/bin/dbus-broker-launch --config-file=/usr/sha")
dbus-daemon[2810670]: [session uid=1000 pid=2810670 pidfd=5] Activated service 'org.freedesktop.systemd1' failed: Process org.freedesktop.systemd1 exited with status 1
dbus-daemon[2810670]: [session uid=1000 pid=2810670 pidfd=5] Activating service name='org.freedesktop.systemd1' requested by ':1.4' (uid=1000 pid=2811241 comm="/usr/bin/dbus-broker-launch --config-file=/usr/sha")
dbus-daemon[2810670]: [session uid=1000 pid=2810670 pidfd=5] Activated service 'org.freedesktop.systemd1' failed: Process org.freedesktop.systemd1 exited with status 1
{"trial": "CU008-toggle-K5-nw2gate-r04", "outcome": "verified", "oracle_exact_match": true, "completion_mutations": 1, "takeover_envelope": null, "old_binding_envelope": null, "decoy_connections": null, "marker_in_fresh_snapshot": true, "nw2_stale_envelope": {"is_error": false, "status": null, "effect": "unverifiable", "code": null}, "nw2_mutations_from_stale_action": 1, "error_leaves": null}
dbus-daemon[2810670]: [session uid=1000 pid=2810670 pidfd=5] Activating service name='org.freedesktop.systemd1' requested by ':1.4' (uid=1000 pid=2811241 comm="/usr/bin/dbus-broker-launch --config-file=/usr/sha")
dbus-daemon[2810670]: [session uid=1000 pid=2810670 pidfd=5] Activated service 'org.freedesktop.systemd1' failed: Process org.freedesktop.systemd1 exited with status 1
dbus-daemon[2810670]: [session uid=1000 pid=2810670 pidfd=5] Activating service name='org.freedesktop.systemd1' requested by ':1.4' (uid=1000 pid=2811241 comm="/usr/bin/dbus-broker-launch --config-file=/usr/sha")
dbus-daemon[2810670]: [session uid=1000 pid=2810670 pidfd=5] Activated service 'org.freedesktop.systemd1' failed: Process org.freedesktop.systemd1 exited with status 1
dbus-daemon[2810670]: [session uid=1000 pid=2810670 pidfd=5] Activating service name='org.freedesktop.systemd1' requested by ':1.4' (uid=1000 pid=2811241 comm="/usr/bin/dbus-broker-launch --config-file=/usr/sha")
dbus-daemon[2810670]: [session uid=1000 pid=2810670 pidfd=5] Activated service 'org.freedesktop.systemd1' failed: Process org.freedesktop.systemd1 exited with status 1
{"trial": "CU009-modal-K5-nw2gate-r04", "outcome": "verified", "oracle_exact_match": true, "completion_mutations": 1, "takeover_envelope": null, "old_binding_envelope": null, "decoy_connections": null, "marker_in_fresh_snapshot": true, "nw2_stale_envelope": {"is_error": false, "status": null, "effect": "unverifiable", "code": null}, "nw2_mutations_from_stale_action": 1, "error_leaves": null}
A connection to the bus can't be made
CRITICAL: [dbus_cb_name_lost:1438] Cannot connect to DBus.
[session] exit rc=0 run_dir=<tmp-root>/x11-session.ektQJT
[2026-10-03T03:02:10.281Z] chunk r2-10r-a2-p0c-nw2-U rc=0 loadavg=12.07 12.80 9.64
