[2026-10-03T03:00:33.519Z] chunk r2-10r-a2-p0c-nw2-R mode=shared atspi=0 live=0 loadavg=20.63 14.46 9.81
[session] DISPLAY=:102 openbox=2788343 picom=2788344 dbus=unix:path=<session-bus>,guid=34d811c99b5951934ec9dc546ac06fd4
[r2-10] display=:102 xdg_runtime_private=yes key=absent loadavg=19.54 14.34 9.79 atspi=0
dbus-daemon[2788341]: [session uid=1000 pid=2788341 pidfd=5] Activating service name='org.a11y.Bus' requested by ':1.0' (uid=1000 pid=2789142 comm="<lanes>/bin/cua-driver-r2")
dbus-daemon[2788341]: [session uid=1000 pid=2788341 pidfd=5] Successfully activated service 'org.a11y.Bus'
dbus-daemon[2788341]: [session uid=1000 pid=2788341 pidfd=5] Activating service name='ca.desrt.dconf' requested by ':1.1' (uid=1000 pid=2789165 comm="/usr/lib/at-spi-bus-launcher")
dbus-daemon[2788341]: [session uid=1000 pid=2788341 pidfd=5] Successfully activated service 'ca.desrt.dconf'
dbus-daemon[2788341]: [session uid=1000 pid=2788341 pidfd=5] Activating service name='org.freedesktop.systemd1' requested by ':1.4' (uid=1000 pid=2789191 comm="/usr/bin/dbus-broker-launch --config-file=/usr/sha")
dbus-daemon[2788341]: [session uid=1000 pid=2788341 pidfd=5] Activated service 'org.freedesktop.systemd1' failed: Process org.freedesktop.systemd1 exited with status 1
dbus-daemon[2788341]: [session uid=1000 pid=2788341 pidfd=5] Activating service name='org.gtk.vfs.Daemon' requested by ':1.5' (uid=1000 pid=2789305 comm="/opt/google/chrome/chrome --remote-debugging-port=")
dbus-daemon[2788341]: [session uid=1000 pid=2788341 pidfd=5] Successfully activated service 'org.gtk.vfs.Daemon'
fusermount3: mount failed: Operation not permitted
dbus-daemon[2788341]: [session uid=1000 pid=2788341 pidfd=5] Activating service name='org.freedesktop.systemd1' requested by ':1.4' (uid=1000 pid=2789191 comm="/usr/bin/dbus-broker-launch --config-file=/usr/sha")
dbus-daemon[2788341]: [session uid=1000 pid=2788341 pidfd=5] Activated service 'org.freedesktop.systemd1' failed: Process org.freedesktop.systemd1 exited with status 1
dbus-daemon[2788341]: [session uid=1000 pid=2788341 pidfd=5] Activating service name='org.freedesktop.systemd1' requested by ':1.4' (uid=1000 pid=2789191 comm="/usr/bin/dbus-broker-launch --config-file=/usr/sha")
dbus-daemon[2788341]: [session uid=1000 pid=2788341 pidfd=5] Activated service 'org.freedesktop.systemd1' failed: Process org.freedesktop.systemd1 exited with status 1
dbus-daemon[2788341]: [session uid=1000 pid=2788341 pidfd=5] Activating service name='org.freedesktop.Notifications' requested by ':1.7' (uid=1000 pid=2789305 comm="/opt/google/chrome/chrome --remote-debugging-port=")
dbus-daemon[2788341]: [session uid=1000 pid=2788341 pidfd=5] Activating service name='org.freedesktop.portal.Desktop' requested by ':1.7' (uid=1000 pid=2789305 comm="/opt/google/chrome/chrome --remote-debugging-port=")
dbus-daemon[2788341]: [session uid=1000 pid=2788341 pidfd=5] Activating service name='org.freedesktop.impl.portal.PermissionStore' requested by ':1.9' (uid=1000 pid=2789474 comm="/usr/lib/xdg-desktop-portal")
dbus-daemon[2788341]: [session uid=1000 pid=2788341 pidfd=5] Successfully activated service 'org.freedesktop.impl.portal.PermissionStore'
dbus-daemon[2788341]: [session uid=1000 pid=2788341 pidfd=5] Activating service name='org.freedesktop.portal.Documents' requested by ':1.9' (uid=1000 pid=2789474 comm="/usr/lib/xdg-desktop-portal")
dbus-daemon[2788341]: [session uid=1000 pid=2788341 pidfd=5] Successfully activated service 'org.freedesktop.Notifications'
dbus-daemon[2788341]: [session uid=1000 pid=2788341 pidfd=5] Successfully activated service 'org.freedesktop.portal.Documents'
fusermount3: mount failed: Operation not permitted
error: fuse init failed: Can't mount path <tmp-root>/x11-session.AuxVUH/xdg-runtime/doc


dbus-daemon[2788341]: [session uid=1000 pid=2788341 pidfd=5] Activating service name='org.freedesktop.impl.portal.desktop.gtk' requested by ':1.9' (uid=1000 pid=2789474 comm="/usr/lib/xdg-desktop-portal")
dbus-daemon[2788341]: [session uid=1000 pid=2788341 pidfd=5] Activating service name='org.freedesktop.systemd1' requested by ':1.4' (uid=1000 pid=2789191 comm="/usr/bin/dbus-broker-launch --config-file=/usr/sha")
dbus-daemon[2788341]: [session uid=1000 pid=2788341 pidfd=5] Activated service 'org.freedesktop.systemd1' failed: Process org.freedesktop.systemd1 exited with status 1
dbus-daemon[2788341]: [session uid=1000 pid=2788341 pidfd=5] Successfully activated service 'org.freedesktop.impl.portal.desktop.gtk'


dbus-daemon[2788341]: [session uid=1000 pid=2788341 pidfd=5] Activating service name='org.freedesktop.systemd1' requested by ':1.4' (uid=1000 pid=2789191 comm="/usr/bin/dbus-broker-launch --config-file=/usr/sha")

dbus-daemon[2788341]: [session uid=1000 pid=2788341 pidfd=5] Activated service 'org.freedesktop.systemd1' failed: Process org.freedesktop.systemd1 exited with status 1












dbus-daemon[2788341]: [session uid=1000 pid=2788341 pidfd=5] Successfully activated service 'org.freedesktop.portal.Desktop'
{"trial": "CR000-toggle-K5-nw2gate-r00", "outcome": "verified", "oracle_exact_match": true, "completion_mutations": 1, "takeover_envelope": null, "old_binding_envelope": null, "decoy_connections": null, "marker_in_fresh_snapshot": true, "nw2_stale_envelope": {"is_error": false, "status": null, "effect": "refused", "code": "browser_ref_stale"}, "nw2_mutations_from_stale_action": 0, "error_leaves": null}
dbus-daemon[2788341]: [session uid=1000 pid=2788341 pidfd=5] Activating service name='org.freedesktop.systemd1' requested by ':1.4' (uid=1000 pid=2789191 comm="/usr/bin/dbus-broker-launch --config-file=/usr/sha")
dbus-daemon[2788341]: [session uid=1000 pid=2788341 pidfd=5] Activated service 'org.freedesktop.systemd1' failed: Process org.freedesktop.systemd1 exited with status 1
dbus-daemon[2788341]: [session uid=1000 pid=2788341 pidfd=5] Activating service name='org.freedesktop.systemd1' requested by ':1.4' (uid=1000 pid=2789191 comm="/usr/bin/dbus-broker-launch --config-file=/usr/sha")
dbus-daemon[2788341]: [session uid=1000 pid=2788341 pidfd=5] Activated service 'org.freedesktop.systemd1' failed: Process org.freedesktop.systemd1 exited with status 1
dbus-daemon[2788341]: [session uid=1000 pid=2788341 pidfd=5] Activating service name='org.freedesktop.systemd1' requested by ':1.4' (uid=1000 pid=2789191 comm="/usr/bin/dbus-broker-launch --config-file=/usr/sha")
dbus-daemon[2788341]: [session uid=1000 pid=2788341 pidfd=5] Activated service 'org.freedesktop.systemd1' failed: Process org.freedesktop.systemd1 exited with status 1
{"trial": "CR001-modal-K5-nw2gate-r00", "outcome": "verified", "oracle_exact_match": true, "completion_mutations": 1, "takeover_envelope": null, "old_binding_envelope": null, "decoy_connections": null, "marker_in_fresh_snapshot": true, "nw2_stale_envelope": {"is_error": false, "status": null, "effect": "refused", "code": "browser_ref_stale"}, "nw2_mutations_from_stale_action": 0, "error_leaves": null}
dbus-daemon[2788341]: [session uid=1000 pid=2788341 pidfd=5] Activating service name='org.freedesktop.systemd1' requested by ':1.4' (uid=1000 pid=2789191 comm="/usr/bin/dbus-broker-launch --config-file=/usr/sha")
dbus-daemon[2788341]: [session uid=1000 pid=2788341 pidfd=5] Activated service 'org.freedesktop.systemd1' failed: Process org.freedesktop.systemd1 exited with status 1
dbus-daemon[2788341]: [session uid=1000 pid=2788341 pidfd=5] Activating service name='org.freedesktop.systemd1' requested by ':1.4' (uid=1000 pid=2789191 comm="/usr/bin/dbus-broker-launch --config-file=/usr/sha")
dbus-daemon[2788341]: [session uid=1000 pid=2788341 pidfd=5] Activated service 'org.freedesktop.systemd1' failed: Process org.freedesktop.systemd1 exited with status 1
dbus-daemon[2788341]: [session uid=1000 pid=2788341 pidfd=5] Activating service name='org.freedesktop.systemd1' requested by ':1.4' (uid=1000 pid=2789191 comm="/usr/bin/dbus-broker-launch --config-file=/usr/sha")
dbus-daemon[2788341]: [session uid=1000 pid=2788341 pidfd=5] Activated service 'org.freedesktop.systemd1' failed: Process org.freedesktop.systemd1 exited with status 1
{"trial": "CR002-toggle-K5-nw2gate-r01", "outcome": "verified", "oracle_exact_match": true, "completion_mutations": 1, "takeover_envelope": null, "old_binding_envelope": null, "decoy_connections": null, "marker_in_fresh_snapshot": true, "nw2_stale_envelope": {"is_error": false, "status": null, "effect": "refused", "code": "browser_ref_stale"}, "nw2_mutations_from_stale_action": 0, "error_leaves": null}
dbus-daemon[2788341]: [session uid=1000 pid=2788341 pidfd=5] Activating service name='org.freedesktop.systemd1' requested by ':1.4' (uid=1000 pid=2789191 comm="/usr/bin/dbus-broker-launch --config-file=/usr/sha")
dbus-daemon[2788341]: [session uid=1000 pid=2788341 pidfd=5] Activated service 'org.freedesktop.systemd1' failed: Process org.freedesktop.systemd1 exited with status 1
dbus-daemon[2788341]: [session uid=1000 pid=2788341 pidfd=5] Activating service name='org.freedesktop.systemd1' requested by ':1.4' (uid=1000 pid=2789191 comm="/usr/bin/dbus-broker-launch --config-file=/usr/sha")
dbus-daemon[2788341]: [session uid=1000 pid=2788341 pidfd=5] Activated service 'org.freedesktop.systemd1' failed: Process org.freedesktop.systemd1 exited with status 1
dbus-daemon[2788341]: [session uid=1000 pid=2788341 pidfd=5] Activating service name='org.freedesktop.systemd1' requested by ':1.4' (uid=1000 pid=2789191 comm="/usr/bin/dbus-broker-launch --config-file=/usr/sha")
dbus-daemon[2788341]: [session uid=1000 pid=2788341 pidfd=5] Activated service 'org.freedesktop.systemd1' failed: Process org.freedesktop.systemd1 exited with status 1
{"trial": "CR003-modal-K5-nw2gate-r01", "outcome": "verified", "oracle_exact_match": true, "completion_mutations": 1, "takeover_envelope": null, "old_binding_envelope": null, "decoy_connections": null, "marker_in_fresh_snapshot": true, "nw2_stale_envelope": {"is_error": false, "status": null, "effect": "refused", "code": "browser_ref_stale"}, "nw2_mutations_from_stale_action": 0, "error_leaves": null}
dbus-daemon[2788341]: [session uid=1000 pid=2788341 pidfd=5] Activating service name='org.freedesktop.systemd1' requested by ':1.4' (uid=1000 pid=2789191 comm="/usr/bin/dbus-broker-launch --config-file=/usr/sha")
dbus-daemon[2788341]: [session uid=1000 pid=2788341 pidfd=5] Activated service 'org.freedesktop.systemd1' failed: Process org.freedesktop.systemd1 exited with status 1
dbus-daemon[2788341]: [session uid=1000 pid=2788341 pidfd=5] Activating service name='org.freedesktop.systemd1' requested by ':1.4' (uid=1000 pid=2789191 comm="/usr/bin/dbus-broker-launch --config-file=/usr/sha")
dbus-daemon[2788341]: [session uid=1000 pid=2788341 pidfd=5] Activated service 'org.freedesktop.systemd1' failed: Process org.freedesktop.systemd1 exited with status 1
dbus-daemon[2788341]: [session uid=1000 pid=2788341 pidfd=5] Activating service name='org.freedesktop.systemd1' requested by ':1.4' (uid=1000 pid=2789191 comm="/usr/bin/dbus-broker-launch --config-file=/usr/sha")
dbus-daemon[2788341]: [session uid=1000 pid=2788341 pidfd=5] Activated service 'org.freedesktop.systemd1' failed: Process org.freedesktop.systemd1 exited with status 1
{"trial": "CR004-toggle-K5-nw2gate-r02", "outcome": "verified", "oracle_exact_match": true, "completion_mutations": 1, "takeover_envelope": null, "old_binding_envelope": null, "decoy_connections": null, "marker_in_fresh_snapshot": true, "nw2_stale_envelope": {"is_error": false, "status": null, "effect": "refused", "code": "browser_ref_stale"}, "nw2_mutations_from_stale_action": 0, "error_leaves": null}
dbus-daemon[2788341]: [session uid=1000 pid=2788341 pidfd=5] Activating service name='org.freedesktop.systemd1' requested by ':1.4' (uid=1000 pid=2789191 comm="/usr/bin/dbus-broker-launch --config-file=/usr/sha")
dbus-daemon[2788341]: [session uid=1000 pid=2788341 pidfd=5] Activated service 'org.freedesktop.systemd1' failed: Process org.freedesktop.systemd1 exited with status 1
dbus-daemon[2788341]: [session uid=1000 pid=2788341 pidfd=5] Activating service name='org.freedesktop.systemd1' requested by ':1.4' (uid=1000 pid=2789191 comm="/usr/bin/dbus-broker-launch --config-file=/usr/sha")
dbus-daemon[2788341]: [session uid=1000 pid=2788341 pidfd=5] Activated service 'org.freedesktop.systemd1' failed: Process org.freedesktop.systemd1 exited with status 1
dbus-daemon[2788341]: [session uid=1000 pid=2788341 pidfd=5] Activating service name='org.freedesktop.systemd1' requested by ':1.4' (uid=1000 pid=2789191 comm="/usr/bin/dbus-broker-launch --config-file=/usr/sha")
dbus-daemon[2788341]: [session uid=1000 pid=2788341 pidfd=5] Activated service 'org.freedesktop.systemd1' failed: Process org.freedesktop.systemd1 exited with status 1
{"trial": "CR005-modal-K5-nw2gate-r02", "outcome": "verified", "oracle_exact_match": true, "completion_mutations": 1, "takeover_envelope": null, "old_binding_envelope": null, "decoy_connections": null, "marker_in_fresh_snapshot": true, "nw2_stale_envelope": {"is_error": false, "status": null, "effect": "refused", "code": "browser_ref_stale"}, "nw2_mutations_from_stale_action": 0, "error_leaves": null}
dbus-daemon[2788341]: [session uid=1000 pid=2788341 pidfd=5] Activating service name='org.freedesktop.systemd1' requested by ':1.4' (uid=1000 pid=2789191 comm="/usr/bin/dbus-broker-launch --config-file=/usr/sha")
dbus-daemon[2788341]: [session uid=1000 pid=2788341 pidfd=5] Activated service 'org.freedesktop.systemd1' failed: Process org.freedesktop.systemd1 exited with status 1
dbus-daemon[2788341]: [session uid=1000 pid=2788341 pidfd=5] Activating service name='org.freedesktop.systemd1' requested by ':1.4' (uid=1000 pid=2789191 comm="/usr/bin/dbus-broker-launch --config-file=/usr/sha")
dbus-daemon[2788341]: [session uid=1000 pid=2788341 pidfd=5] Activated service 'org.freedesktop.systemd1' failed: Process org.freedesktop.systemd1 exited with status 1
dbus-daemon[2788341]: [session uid=1000 pid=2788341 pidfd=5] Activating service name='org.freedesktop.systemd1' requested by ':1.4' (uid=1000 pid=2789191 comm="/usr/bin/dbus-broker-launch --config-file=/usr/sha")
dbus-daemon[2788341]: [session uid=1000 pid=2788341 pidfd=5] Activated service 'org.freedesktop.systemd1' failed: Process org.freedesktop.systemd1 exited with status 1
{"trial": "CR006-toggle-K5-nw2gate-r03", "outcome": "verified", "oracle_exact_match": true, "completion_mutations": 1, "takeover_envelope": null, "old_binding_envelope": null, "decoy_connections": null, "marker_in_fresh_snapshot": true, "nw2_stale_envelope": {"is_error": false, "status": null, "effect": "refused", "code": "browser_ref_stale"}, "nw2_mutations_from_stale_action": 0, "error_leaves": null}
dbus-daemon[2788341]: [session uid=1000 pid=2788341 pidfd=5] Activating service name='org.freedesktop.systemd1' requested by ':1.4' (uid=1000 pid=2789191 comm="/usr/bin/dbus-broker-launch --config-file=/usr/sha")
dbus-daemon[2788341]: [session uid=1000 pid=2788341 pidfd=5] Activated service 'org.freedesktop.systemd1' failed: Process org.freedesktop.systemd1 exited with status 1
dbus-daemon[2788341]: [session uid=1000 pid=2788341 pidfd=5] Activating service name='org.freedesktop.systemd1' requested by ':1.4' (uid=1000 pid=2789191 comm="/usr/bin/dbus-broker-launch --config-file=/usr/sha")
dbus-daemon[2788341]: [session uid=1000 pid=2788341 pidfd=5] Activated service 'org.freedesktop.systemd1' failed: Process org.freedesktop.systemd1 exited with status 1
dbus-daemon[2788341]: [session uid=1000 pid=2788341 pidfd=5] Activating service name='org.freedesktop.systemd1' requested by ':1.4' (uid=1000 pid=2789191 comm="/usr/bin/dbus-broker-launch --config-file=/usr/sha")
dbus-daemon[2788341]: [session uid=1000 pid=2788341 pidfd=5] Activated service 'org.freedesktop.systemd1' failed: Process org.freedesktop.systemd1 exited with status 1
{"trial": "CR007-modal-K5-nw2gate-r03", "outcome": "verified", "oracle_exact_match": true, "completion_mutations": 1, "takeover_envelope": null, "old_binding_envelope": null, "decoy_connections": null, "marker_in_fresh_snapshot": true, "nw2_stale_envelope": {"is_error": false, "status": null, "effect": "refused", "code": "browser_ref_stale"}, "nw2_mutations_from_stale_action": 0, "error_leaves": null}
dbus-daemon[2788341]: [session uid=1000 pid=2788341 pidfd=5] Activating service name='org.freedesktop.systemd1' requested by ':1.4' (uid=1000 pid=2789191 comm="/usr/bin/dbus-broker-launch --config-file=/usr/sha")
dbus-daemon[2788341]: [session uid=1000 pid=2788341 pidfd=5] Activated service 'org.freedesktop.systemd1' failed: Process org.freedesktop.systemd1 exited with status 1
dbus-daemon[2788341]: [session uid=1000 pid=2788341 pidfd=5] Activating service name='org.freedesktop.systemd1' requested by ':1.4' (uid=1000 pid=2789191 comm="/usr/bin/dbus-broker-launch --config-file=/usr/sha")
dbus-daemon[2788341]: [session uid=1000 pid=2788341 pidfd=5] Activated service 'org.freedesktop.systemd1' failed: Process org.freedesktop.systemd1 exited with status 1
dbus-daemon[2788341]: [session uid=1000 pid=2788341 pidfd=5] Activating service name='org.freedesktop.systemd1' requested by ':1.4' (uid=1000 pid=2789191 comm="/usr/bin/dbus-broker-launch --config-file=/usr/sha")
dbus-daemon[2788341]: [session uid=1000 pid=2788341 pidfd=5] Activated service 'org.freedesktop.systemd1' failed: Process org.freedesktop.systemd1 exited with status 1
{"trial": "CR008-toggle-K5-nw2gate-r04", "outcome": "verified", "oracle_exact_match": true, "completion_mutations": 1, "takeover_envelope": null, "old_binding_envelope": null, "decoy_connections": null, "marker_in_fresh_snapshot": true, "nw2_stale_envelope": {"is_error": false, "status": null, "effect": "refused", "code": "browser_ref_stale"}, "nw2_mutations_from_stale_action": 0, "error_leaves": null}
dbus-daemon[2788341]: [session uid=1000 pid=2788341 pidfd=5] Activating service name='org.freedesktop.systemd1' requested by ':1.4' (uid=1000 pid=2789191 comm="/usr/bin/dbus-broker-launch --config-file=/usr/sha")
dbus-daemon[2788341]: [session uid=1000 pid=2788341 pidfd=5] Activated service 'org.freedesktop.systemd1' failed: Process org.freedesktop.systemd1 exited with status 1
dbus-daemon[2788341]: [session uid=1000 pid=2788341 pidfd=5] Activating service name='org.freedesktop.systemd1' requested by ':1.4' (uid=1000 pid=2789191 comm="/usr/bin/dbus-broker-launch --config-file=/usr/sha")
dbus-daemon[2788341]: [session uid=1000 pid=2788341 pidfd=5] Activated service 'org.freedesktop.systemd1' failed: Process org.freedesktop.systemd1 exited with status 1
dbus-daemon[2788341]: [session uid=1000 pid=2788341 pidfd=5] Activating service name='org.freedesktop.systemd1' requested by ':1.4' (uid=1000 pid=2789191 comm="/usr/bin/dbus-broker-launch --config-file=/usr/sha")
dbus-daemon[2788341]: [session uid=1000 pid=2788341 pidfd=5] Activated service 'org.freedesktop.systemd1' failed: Process org.freedesktop.systemd1 exited with status 1
{"trial": "CR009-modal-K5-nw2gate-r04", "outcome": "verified", "oracle_exact_match": true, "completion_mutations": 1, "takeover_envelope": null, "old_binding_envelope": null, "decoy_connections": null, "marker_in_fresh_snapshot": true, "nw2_stale_envelope": {"is_error": false, "status": null, "effect": "refused", "code": "browser_ref_stale"}, "nw2_mutations_from_stale_action": 0, "error_leaves": null}
dbus-daemon[2788341]: [session uid=1000 pid=2788341 pidfd=5] Activating service name='org.freedesktop.systemd1' requested by ':1.4' (uid=1000 pid=2789191 comm="/usr/bin/dbus-broker-launch --config-file=/usr/sha")
dbus-daemon[2788341]: [session uid=1000 pid=2788341 pidfd=5] Activated service 'org.freedesktop.systemd1' failed: Process org.freedesktop.systemd1 exited with status 1
dbus-daemon[2788341]: [session uid=1000 pid=2788341 pidfd=5] Activating service name='org.freedesktop.systemd1' requested by ':1.4' (uid=1000 pid=2789191 comm="/usr/bin/dbus-broker-launch --config-file=/usr/sha")
dbus-daemon[2788341]: [session uid=1000 pid=2788341 pidfd=5] Activated service 'org.freedesktop.systemd1' failed: Process org.freedesktop.systemd1 exited with status 1
dbus-daemon[2788341]: [session uid=1000 pid=2788341 pidfd=5] Activating service name='org.freedesktop.systemd1' requested by ':1.4' (uid=1000 pid=2789191 comm="/usr/bin/dbus-broker-launch --config-file=/usr/sha")
dbus-daemon[2788341]: [session uid=1000 pid=2788341 pidfd=5] Activated service 'org.freedesktop.systemd1' failed: Process org.freedesktop.systemd1 exited with status 1
{"trial": "CR010-toggle-K5-nw2gate-r05", "outcome": "verified", "oracle_exact_match": true, "completion_mutations": 1, "takeover_envelope": null, "old_binding_envelope": null, "decoy_connections": null, "marker_in_fresh_snapshot": true, "nw2_stale_envelope": {"is_error": false, "status": null, "effect": "refused", "code": "browser_ref_stale"}, "nw2_mutations_from_stale_action": 0, "error_leaves": null}
dbus-daemon[2788341]: [session uid=1000 pid=2788341 pidfd=5] Activating service name='org.freedesktop.systemd1' requested by ':1.4' (uid=1000 pid=2789191 comm="/usr/bin/dbus-broker-launch --config-file=/usr/sha")
dbus-daemon[2788341]: [session uid=1000 pid=2788341 pidfd=5] Activated service 'org.freedesktop.systemd1' failed: Process org.freedesktop.systemd1 exited with status 1
dbus-daemon[2788341]: [session uid=1000 pid=2788341 pidfd=5] Activating service name='org.freedesktop.systemd1' requested by ':1.4' (uid=1000 pid=2789191 comm="/usr/bin/dbus-broker-launch --config-file=/usr/sha")
dbus-daemon[2788341]: [session uid=1000 pid=2788341 pidfd=5] Activated service 'org.freedesktop.systemd1' failed: Process org.freedesktop.systemd1 exited with status 1
dbus-daemon[2788341]: [session uid=1000 pid=2788341 pidfd=5] Activating service name='org.freedesktop.systemd1' requested by ':1.4' (uid=1000 pid=2789191 comm="/usr/bin/dbus-broker-launch --config-file=/usr/sha")
dbus-daemon[2788341]: [session uid=1000 pid=2788341 pidfd=5] Activated service 'org.freedesktop.systemd1' failed: Process org.freedesktop.systemd1 exited with status 1
{"trial": "CR011-modal-K5-nw2gate-r05", "outcome": "verified", "oracle_exact_match": true, "completion_mutations": 1, "takeover_envelope": null, "old_binding_envelope": null, "decoy_connections": null, "marker_in_fresh_snapshot": true, "nw2_stale_envelope": {"is_error": false, "status": null, "effect": "refused", "code": "browser_ref_stale"}, "nw2_mutations_from_stale_action": 0, "error_leaves": null}
dbus-daemon[2788341]: [session uid=1000 pid=2788341 pidfd=5] Activating service name='org.freedesktop.systemd1' requested by ':1.4' (uid=1000 pid=2789191 comm="/usr/bin/dbus-broker-launch --config-file=/usr/sha")
dbus-daemon[2788341]: [session uid=1000 pid=2788341 pidfd=5] Activated service 'org.freedesktop.systemd1' failed: Process org.freedesktop.systemd1 exited with status 1
dbus-daemon[2788341]: [session uid=1000 pid=2788341 pidfd=5] Activating service name='org.freedesktop.systemd1' requested by ':1.4' (uid=1000 pid=2789191 comm="/usr/bin/dbus-broker-launch --config-file=/usr/sha")
dbus-daemon[2788341]: [session uid=1000 pid=2788341 pidfd=5] Activated service 'org.freedesktop.systemd1' failed: Process org.freedesktop.systemd1 exited with status 1
dbus-daemon[2788341]: [session uid=1000 pid=2788341 pidfd=5] Activating service name='org.freedesktop.systemd1' requested by ':1.4' (uid=1000 pid=2789191 comm="/usr/bin/dbus-broker-launch --config-file=/usr/sha")
dbus-daemon[2788341]: [session uid=1000 pid=2788341 pidfd=5] Activated service 'org.freedesktop.systemd1' failed: Process org.freedesktop.systemd1 exited with status 1
{"trial": "CR012-toggle-K5-nw2gate-r06", "outcome": "verified", "oracle_exact_match": true, "completion_mutations": 1, "takeover_envelope": null, "old_binding_envelope": null, "decoy_connections": null, "marker_in_fresh_snapshot": true, "nw2_stale_envelope": {"is_error": false, "status": null, "effect": "refused", "code": "browser_ref_stale"}, "nw2_mutations_from_stale_action": 0, "error_leaves": null}
dbus-daemon[2788341]: [session uid=1000 pid=2788341 pidfd=5] Activating service name='org.freedesktop.systemd1' requested by ':1.4' (uid=1000 pid=2789191 comm="/usr/bin/dbus-broker-launch --config-file=/usr/sha")
dbus-daemon[2788341]: [session uid=1000 pid=2788341 pidfd=5] Activated service 'org.freedesktop.systemd1' failed: Process org.freedesktop.systemd1 exited with status 1
dbus-daemon[2788341]: [session uid=1000 pid=2788341 pidfd=5] Activating service name='org.freedesktop.systemd1' requested by ':1.4' (uid=1000 pid=2789191 comm="/usr/bin/dbus-broker-launch --config-file=/usr/sha")
dbus-daemon[2788341]: [session uid=1000 pid=2788341 pidfd=5] Activated service 'org.freedesktop.systemd1' failed: Process org.freedesktop.systemd1 exited with status 1
dbus-daemon[2788341]: [session uid=1000 pid=2788341 pidfd=5] Activating service name='org.freedesktop.systemd1' requested by ':1.4' (uid=1000 pid=2789191 comm="/usr/bin/dbus-broker-launch --config-file=/usr/sha")
dbus-daemon[2788341]: [session uid=1000 pid=2788341 pidfd=5] Activated service 'org.freedesktop.systemd1' failed: Process org.freedesktop.systemd1 exited with status 1
{"trial": "CR013-modal-K5-nw2gate-r06", "outcome": "verified", "oracle_exact_match": true, "completion_mutations": 1, "takeover_envelope": null, "old_binding_envelope": null, "decoy_connections": null, "marker_in_fresh_snapshot": true, "nw2_stale_envelope": {"is_error": false, "status": null, "effect": "refused", "code": "browser_ref_stale"}, "nw2_mutations_from_stale_action": 0, "error_leaves": null}
dbus-daemon[2788341]: [session uid=1000 pid=2788341 pidfd=5] Activating service name='org.freedesktop.systemd1' requested by ':1.4' (uid=1000 pid=2789191 comm="/usr/bin/dbus-broker-launch --config-file=/usr/sha")
dbus-daemon[2788341]: [session uid=1000 pid=2788341 pidfd=5] Activated service 'org.freedesktop.systemd1' failed: Process org.freedesktop.systemd1 exited with status 1
dbus-daemon[2788341]: [session uid=1000 pid=2788341 pidfd=5] Activating service name='org.freedesktop.systemd1' requested by ':1.4' (uid=1000 pid=2789191 comm="/usr/bin/dbus-broker-launch --config-file=/usr/sha")
dbus-daemon[2788341]: [session uid=1000 pid=2788341 pidfd=5] Activated service 'org.freedesktop.systemd1' failed: Process org.freedesktop.systemd1 exited with status 1
dbus-daemon[2788341]: [session uid=1000 pid=2788341 pidfd=5] Activating service name='org.freedesktop.systemd1' requested by ':1.4' (uid=1000 pid=2789191 comm="/usr/bin/dbus-broker-launch --config-file=/usr/sha")
dbus-daemon[2788341]: [session uid=1000 pid=2788341 pidfd=5] Activated service 'org.freedesktop.systemd1' failed: Process org.freedesktop.systemd1 exited with status 1
{"trial": "CR014-toggle-K5-nw2gate-r07", "outcome": "verified", "oracle_exact_match": true, "completion_mutations": 1, "takeover_envelope": null, "old_binding_envelope": null, "decoy_connections": null, "marker_in_fresh_snapshot": true, "nw2_stale_envelope": {"is_error": false, "status": null, "effect": "refused", "code": "browser_ref_stale"}, "nw2_mutations_from_stale_action": 0, "error_leaves": null}
dbus-daemon[2788341]: [session uid=1000 pid=2788341 pidfd=5] Activating service name='org.freedesktop.systemd1' requested by ':1.4' (uid=1000 pid=2789191 comm="/usr/bin/dbus-broker-launch --config-file=/usr/sha")
dbus-daemon[2788341]: [session uid=1000 pid=2788341 pidfd=5] Activated service 'org.freedesktop.systemd1' failed: Process org.freedesktop.systemd1 exited with status 1
dbus-daemon[2788341]: [session uid=1000 pid=2788341 pidfd=5] Activating service name='org.freedesktop.systemd1' requested by ':1.4' (uid=1000 pid=2789191 comm="/usr/bin/dbus-broker-launch --config-file=/usr/sha")
dbus-daemon[2788341]: [session uid=1000 pid=2788341 pidfd=5] Activated service 'org.freedesktop.systemd1' failed: Process org.freedesktop.systemd1 exited with status 1
dbus-daemon[2788341]: [session uid=1000 pid=2788341 pidfd=5] Activating service name='org.freedesktop.systemd1' requested by ':1.4' (uid=1000 pid=2789191 comm="/usr/bin/dbus-broker-launch --config-file=/usr/sha")
dbus-daemon[2788341]: [session uid=1000 pid=2788341 pidfd=5] Activated service 'org.freedesktop.systemd1' failed: Process org.freedesktop.systemd1 exited with status 1
{"trial": "CR015-modal-K5-nw2gate-r07", "outcome": "verified", "oracle_exact_match": true, "completion_mutations": 1, "takeover_envelope": null, "old_binding_envelope": null, "decoy_connections": null, "marker_in_fresh_snapshot": true, "nw2_stale_envelope": {"is_error": false, "status": null, "effect": "refused", "code": "browser_ref_stale"}, "nw2_mutations_from_stale_action": 0, "error_leaves": null}
dbus-daemon[2788341]: [session uid=1000 pid=2788341 pidfd=5] Activating service name='org.freedesktop.systemd1' requested by ':1.4' (uid=1000 pid=2789191 comm="/usr/bin/dbus-broker-launch --config-file=/usr/sha")
dbus-daemon[2788341]: [session uid=1000 pid=2788341 pidfd=5] Activated service 'org.freedesktop.systemd1' failed: Process org.freedesktop.systemd1 exited with status 1
dbus-daemon[2788341]: [session uid=1000 pid=2788341 pidfd=5] Activating service name='org.freedesktop.systemd1' requested by ':1.4' (uid=1000 pid=2789191 comm="/usr/bin/dbus-broker-launch --config-file=/usr/sha")
dbus-daemon[2788341]: [session uid=1000 pid=2788341 pidfd=5] Activated service 'org.freedesktop.systemd1' failed: Process org.freedesktop.systemd1 exited with status 1
dbus-daemon[2788341]: [session uid=1000 pid=2788341 pidfd=5] Activating service name='org.freedesktop.systemd1' requested by ':1.4' (uid=1000 pid=2789191 comm="/usr/bin/dbus-broker-launch --config-file=/usr/sha")
dbus-daemon[2788341]: [session uid=1000 pid=2788341 pidfd=5] Activated service 'org.freedesktop.systemd1' failed: Process org.freedesktop.systemd1 exited with status 1
{"trial": "CR016-toggle-K5-nw2gate-r08", "outcome": "verified", "oracle_exact_match": true, "completion_mutations": 1, "takeover_envelope": null, "old_binding_envelope": null, "decoy_connections": null, "marker_in_fresh_snapshot": true, "nw2_stale_envelope": {"is_error": false, "status": null, "effect": "refused", "code": "browser_ref_stale"}, "nw2_mutations_from_stale_action": 0, "error_leaves": null}
dbus-daemon[2788341]: [session uid=1000 pid=2788341 pidfd=5] Activating service name='org.freedesktop.systemd1' requested by ':1.4' (uid=1000 pid=2789191 comm="/usr/bin/dbus-broker-launch --config-file=/usr/sha")
dbus-daemon[2788341]: [session uid=1000 pid=2788341 pidfd=5] Activated service 'org.freedesktop.systemd1' failed: Process org.freedesktop.systemd1 exited with status 1
dbus-daemon[2788341]: [session uid=1000 pid=2788341 pidfd=5] Activating service name='org.freedesktop.systemd1' requested by ':1.4' (uid=1000 pid=2789191 comm="/usr/bin/dbus-broker-launch --config-file=/usr/sha")
dbus-daemon[2788341]: [session uid=1000 pid=2788341 pidfd=5] Activated service 'org.freedesktop.systemd1' failed: Process org.freedesktop.systemd1 exited with status 1
dbus-daemon[2788341]: [session uid=1000 pid=2788341 pidfd=5] Activating service name='org.freedesktop.systemd1' requested by ':1.4' (uid=1000 pid=2789191 comm="/usr/bin/dbus-broker-launch --config-file=/usr/sha")
dbus-daemon[2788341]: [session uid=1000 pid=2788341 pidfd=5] Activated service 'org.freedesktop.systemd1' failed: Process org.freedesktop.systemd1 exited with status 1
{"trial": "CR017-modal-K5-nw2gate-r08", "outcome": "verified", "oracle_exact_match": true, "completion_mutations": 1, "takeover_envelope": null, "old_binding_envelope": null, "decoy_connections": null, "marker_in_fresh_snapshot": true, "nw2_stale_envelope": {"is_error": false, "status": null, "effect": "refused", "code": "browser_ref_stale"}, "nw2_mutations_from_stale_action": 0, "error_leaves": null}
dbus-daemon[2788341]: [session uid=1000 pid=2788341 pidfd=5] Activating service name='org.freedesktop.systemd1' requested by ':1.4' (uid=1000 pid=2789191 comm="/usr/bin/dbus-broker-launch --config-file=/usr/sha")
dbus-daemon[2788341]: [session uid=1000 pid=2788341 pidfd=5] Activated service 'org.freedesktop.systemd1' failed: Process org.freedesktop.systemd1 exited with status 1
dbus-daemon[2788341]: [session uid=1000 pid=2788341 pidfd=5] Activating service name='org.freedesktop.systemd1' requested by ':1.4' (uid=1000 pid=2789191 comm="/usr/bin/dbus-broker-launch --config-file=/usr/sha")
dbus-daemon[2788341]: [session uid=1000 pid=2788341 pidfd=5] Activated service 'org.freedesktop.systemd1' failed: Process org.freedesktop.systemd1 exited with status 1
dbus-daemon[2788341]: [session uid=1000 pid=2788341 pidfd=5] Activating service name='org.freedesktop.systemd1' requested by ':1.4' (uid=1000 pid=2789191 comm="/usr/bin/dbus-broker-launch --config-file=/usr/sha")
dbus-daemon[2788341]: [session uid=1000 pid=2788341 pidfd=5] Activated service 'org.freedesktop.systemd1' failed: Process org.freedesktop.systemd1 exited with status 1
{"trial": "CR018-toggle-K5-nw2gate-r09", "outcome": "verified", "oracle_exact_match": true, "completion_mutations": 1, "takeover_envelope": null, "old_binding_envelope": null, "decoy_connections": null, "marker_in_fresh_snapshot": true, "nw2_stale_envelope": {"is_error": false, "status": null, "effect": "refused", "code": "browser_ref_stale"}, "nw2_mutations_from_stale_action": 0, "error_leaves": null}
dbus-daemon[2788341]: [session uid=1000 pid=2788341 pidfd=5] Activating service name='org.freedesktop.systemd1' requested by ':1.4' (uid=1000 pid=2789191 comm="/usr/bin/dbus-broker-launch --config-file=/usr/sha")
dbus-daemon[2788341]: [session uid=1000 pid=2788341 pidfd=5] Activated service 'org.freedesktop.systemd1' failed: Process org.freedesktop.systemd1 exited with status 1
dbus-daemon[2788341]: [session uid=1000 pid=2788341 pidfd=5] Activating service name='org.freedesktop.systemd1' requested by ':1.4' (uid=1000 pid=2789191 comm="/usr/bin/dbus-broker-launch --config-file=/usr/sha")
dbus-daemon[2788341]: [session uid=1000 pid=2788341 pidfd=5] Activated service 'org.freedesktop.systemd1' failed: Process org.freedesktop.systemd1 exited with status 1
dbus-daemon[2788341]: [session uid=1000 pid=2788341 pidfd=5] Activating service name='org.freedesktop.systemd1' requested by ':1.4' (uid=1000 pid=2789191 comm="/usr/bin/dbus-broker-launch --config-file=/usr/sha")
dbus-daemon[2788341]: [session uid=1000 pid=2788341 pidfd=5] Activated service 'org.freedesktop.systemd1' failed: Process org.freedesktop.systemd1 exited with status 1
{"trial": "CR019-modal-K5-nw2gate-r09", "outcome": "verified", "oracle_exact_match": true, "completion_mutations": 1, "takeover_envelope": null, "old_binding_envelope": null, "decoy_connections": null, "marker_in_fresh_snapshot": true, "nw2_stale_envelope": {"is_error": false, "status": null, "effect": "refused", "code": "browser_ref_stale"}, "nw2_mutations_from_stale_action": 0, "error_leaves": null}
dbus-daemon[2788341]: [session uid=1000 pid=2788341 pidfd=5] Activating service name='org.freedesktop.systemd1' requested by ':1.4' (uid=1000 pid=2789191 comm="/usr/bin/dbus-broker-launch --config-file=/usr/sha")
dbus-daemon[2788341]: [session uid=1000 pid=2788341 pidfd=5] Activated service 'org.freedesktop.systemd1' failed: Process org.freedesktop.systemd1 exited with status 1
dbus-daemon[2788341]: [session uid=1000 pid=2788341 pidfd=5] Activating service name='org.freedesktop.systemd1' requested by ':1.4' (uid=1000 pid=2789191 comm="/usr/bin/dbus-broker-launch --config-file=/usr/sha")
dbus-daemon[2788341]: [session uid=1000 pid=2788341 pidfd=5] Activated service 'org.freedesktop.systemd1' failed: Process org.freedesktop.systemd1 exited with status 1
dbus-daemon[2788341]: [session uid=1000 pid=2788341 pidfd=5] Activating service name='org.freedesktop.systemd1' requested by ':1.4' (uid=1000 pid=2789191 comm="/usr/bin/dbus-broker-launch --config-file=/usr/sha")
dbus-daemon[2788341]: [session uid=1000 pid=2788341 pidfd=5] Activated service 'org.freedesktop.systemd1' failed: Process org.freedesktop.systemd1 exited with status 1
{"trial": "CR020-toggle-K5-nw2gate-r10", "outcome": "verified", "oracle_exact_match": true, "completion_mutations": 1, "takeover_envelope": null, "old_binding_envelope": null, "decoy_connections": null, "marker_in_fresh_snapshot": true, "nw2_stale_envelope": {"is_error": false, "status": null, "effect": "refused", "code": "browser_ref_stale"}, "nw2_mutations_from_stale_action": 0, "error_leaves": null}
dbus-daemon[2788341]: [session uid=1000 pid=2788341 pidfd=5] Activating service name='org.freedesktop.systemd1' requested by ':1.4' (uid=1000 pid=2789191 comm="/usr/bin/dbus-broker-launch --config-file=/usr/sha")
dbus-daemon[2788341]: [session uid=1000 pid=2788341 pidfd=5] Activated service 'org.freedesktop.systemd1' failed: Process org.freedesktop.systemd1 exited with status 1
dbus-daemon[2788341]: [session uid=1000 pid=2788341 pidfd=5] Activating service name='org.freedesktop.systemd1' requested by ':1.4' (uid=1000 pid=2789191 comm="/usr/bin/dbus-broker-launch --config-file=/usr/sha")
dbus-daemon[2788341]: [session uid=1000 pid=2788341 pidfd=5] Activated service 'org.freedesktop.systemd1' failed: Process org.freedesktop.systemd1 exited with status 1
dbus-daemon[2788341]: [session uid=1000 pid=2788341 pidfd=5] Activating service name='org.freedesktop.systemd1' requested by ':1.4' (uid=1000 pid=2789191 comm="/usr/bin/dbus-broker-launch --config-file=/usr/sha")
dbus-daemon[2788341]: [session uid=1000 pid=2788341 pidfd=5] Activated service 'org.freedesktop.systemd1' failed: Process org.freedesktop.systemd1 exited with status 1
{"trial": "CR021-modal-K5-nw2gate-r10", "outcome": "verified", "oracle_exact_match": true, "completion_mutations": 1, "takeover_envelope": null, "old_binding_envelope": null, "decoy_connections": null, "marker_in_fresh_snapshot": true, "nw2_stale_envelope": {"is_error": false, "status": null, "effect": "refused", "code": "browser_ref_stale"}, "nw2_mutations_from_stale_action": 0, "error_leaves": null}
dbus-daemon[2788341]: [session uid=1000 pid=2788341 pidfd=5] Activating service name='org.freedesktop.systemd1' requested by ':1.4' (uid=1000 pid=2789191 comm="/usr/bin/dbus-broker-launch --config-file=/usr/sha")
dbus-daemon[2788341]: [session uid=1000 pid=2788341 pidfd=5] Activated service 'org.freedesktop.systemd1' failed: Process org.freedesktop.systemd1 exited with status 1
dbus-daemon[2788341]: [session uid=1000 pid=2788341 pidfd=5] Activating service name='org.freedesktop.systemd1' requested by ':1.4' (uid=1000 pid=2789191 comm="/usr/bin/dbus-broker-launch --config-file=/usr/sha")
dbus-daemon[2788341]: [session uid=1000 pid=2788341 pidfd=5] Activated service 'org.freedesktop.systemd1' failed: Process org.freedesktop.systemd1 exited with status 1
dbus-daemon[2788341]: [session uid=1000 pid=2788341 pidfd=5] Activating service name='org.freedesktop.systemd1' requested by ':1.4' (uid=1000 pid=2789191 comm="/usr/bin/dbus-broker-launch --config-file=/usr/sha")
dbus-daemon[2788341]: [session uid=1000 pid=2788341 pidfd=5] Activated service 'org.freedesktop.systemd1' failed: Process org.freedesktop.systemd1 exited with status 1
{"trial": "CR022-toggle-K5-nw2gate-r11", "outcome": "verified", "oracle_exact_match": true, "completion_mutations": 1, "takeover_envelope": null, "old_binding_envelope": null, "decoy_connections": null, "marker_in_fresh_snapshot": true, "nw2_stale_envelope": {"is_error": false, "status": null, "effect": "refused", "code": "browser_ref_stale"}, "nw2_mutations_from_stale_action": 0, "error_leaves": null}
dbus-daemon[2788341]: [session uid=1000 pid=2788341 pidfd=5] Activating service name='org.freedesktop.systemd1' requested by ':1.4' (uid=1000 pid=2789191 comm="/usr/bin/dbus-broker-launch --config-file=/usr/sha")
dbus-daemon[2788341]: [session uid=1000 pid=2788341 pidfd=5] Activated service 'org.freedesktop.systemd1' failed: Process org.freedesktop.systemd1 exited with status 1
dbus-daemon[2788341]: [session uid=1000 pid=2788341 pidfd=5] Activating service name='org.freedesktop.systemd1' requested by ':1.4' (uid=1000 pid=2789191 comm="/usr/bin/dbus-broker-launch --config-file=/usr/sha")
dbus-daemon[2788341]: [session uid=1000 pid=2788341 pidfd=5] Activated service 'org.freedesktop.systemd1' failed: Process org.freedesktop.systemd1 exited with status 1
dbus-daemon[2788341]: [session uid=1000 pid=2788341 pidfd=5] Activating service name='org.freedesktop.systemd1' requested by ':1.4' (uid=1000 pid=2789191 comm="/usr/bin/dbus-broker-launch --config-file=/usr/sha")
dbus-daemon[2788341]: [session uid=1000 pid=2788341 pidfd=5] Activated service 'org.freedesktop.systemd1' failed: Process org.freedesktop.systemd1 exited with status 1
{"trial": "CR023-modal-K5-nw2gate-r11", "outcome": "verified", "oracle_exact_match": true, "completion_mutations": 1, "takeover_envelope": null, "old_binding_envelope": null, "decoy_connections": null, "marker_in_fresh_snapshot": true, "nw2_stale_envelope": {"is_error": false, "status": null, "effect": "refused", "code": "browser_ref_stale"}, "nw2_mutations_from_stale_action": 0, "error_leaves": null}
dbus-daemon[2788341]: [session uid=1000 pid=2788341 pidfd=5] Activating service name='org.freedesktop.systemd1' requested by ':1.4' (uid=1000 pid=2789191 comm="/usr/bin/dbus-broker-launch --config-file=/usr/sha")
dbus-daemon[2788341]: [session uid=1000 pid=2788341 pidfd=5] Activated service 'org.freedesktop.systemd1' failed: Process org.freedesktop.systemd1 exited with status 1
dbus-daemon[2788341]: [session uid=1000 pid=2788341 pidfd=5] Activating service name='org.freedesktop.systemd1' requested by ':1.4' (uid=1000 pid=2789191 comm="/usr/bin/dbus-broker-launch --config-file=/usr/sha")
dbus-daemon[2788341]: [session uid=1000 pid=2788341 pidfd=5] Activated service 'org.freedesktop.systemd1' failed: Process org.freedesktop.systemd1 exited with status 1
dbus-daemon[2788341]: [session uid=1000 pid=2788341 pidfd=5] Activating service name='org.freedesktop.systemd1' requested by ':1.4' (uid=1000 pid=2789191 comm="/usr/bin/dbus-broker-launch --config-file=/usr/sha")
dbus-daemon[2788341]: [session uid=1000 pid=2788341 pidfd=5] Activated service 'org.freedesktop.systemd1' failed: Process org.freedesktop.systemd1 exited with status 1
{"trial": "CR024-toggle-K5-nw2gate-r12", "outcome": "verified", "oracle_exact_match": true, "completion_mutations": 1, "takeover_envelope": null, "old_binding_envelope": null, "decoy_connections": null, "marker_in_fresh_snapshot": true, "nw2_stale_envelope": {"is_error": false, "status": null, "effect": "refused", "code": "browser_ref_stale"}, "nw2_mutations_from_stale_action": 0, "error_leaves": null}
dbus-daemon[2788341]: [session uid=1000 pid=2788341 pidfd=5] Activating service name='org.freedesktop.systemd1' requested by ':1.4' (uid=1000 pid=2789191 comm="/usr/bin/dbus-broker-launch --config-file=/usr/sha")
dbus-daemon[2788341]: [session uid=1000 pid=2788341 pidfd=5] Activated service 'org.freedesktop.systemd1' failed: Process org.freedesktop.systemd1 exited with status 1
dbus-daemon[2788341]: [session uid=1000 pid=2788341 pidfd=5] Activating service name='org.freedesktop.systemd1' requested by ':1.4' (uid=1000 pid=2789191 comm="/usr/bin/dbus-broker-launch --config-file=/usr/sha")
dbus-daemon[2788341]: [session uid=1000 pid=2788341 pidfd=5] Activated service 'org.freedesktop.systemd1' failed: Process org.freedesktop.systemd1 exited with status 1
dbus-daemon[2788341]: [session uid=1000 pid=2788341 pidfd=5] Activating service name='org.freedesktop.systemd1' requested by ':1.4' (uid=1000 pid=2789191 comm="/usr/bin/dbus-broker-launch --config-file=/usr/sha")
dbus-daemon[2788341]: [session uid=1000 pid=2788341 pidfd=5] Activated service 'org.freedesktop.systemd1' failed: Process org.freedesktop.systemd1 exited with status 1
{"trial": "CR025-modal-K5-nw2gate-r12", "outcome": "verified", "oracle_exact_match": true, "completion_mutations": 1, "takeover_envelope": null, "old_binding_envelope": null, "decoy_connections": null, "marker_in_fresh_snapshot": true, "nw2_stale_envelope": {"is_error": false, "status": null, "effect": "refused", "code": "browser_ref_stale"}, "nw2_mutations_from_stale_action": 0, "error_leaves": null}
dbus-daemon[2788341]: [session uid=1000 pid=2788341 pidfd=5] Activating service name='org.freedesktop.systemd1' requested by ':1.4' (uid=1000 pid=2789191 comm="/usr/bin/dbus-broker-launch --config-file=/usr/sha")
dbus-daemon[2788341]: [session uid=1000 pid=2788341 pidfd=5] Activated service 'org.freedesktop.systemd1' failed: Process org.freedesktop.systemd1 exited with status 1
dbus-daemon[2788341]: [session uid=1000 pid=2788341 pidfd=5] Activating service name='org.freedesktop.systemd1' requested by ':1.4' (uid=1000 pid=2789191 comm="/usr/bin/dbus-broker-launch --config-file=/usr/sha")
dbus-daemon[2788341]: [session uid=1000 pid=2788341 pidfd=5] Activated service 'org.freedesktop.systemd1' failed: Process org.freedesktop.systemd1 exited with status 1
dbus-daemon[2788341]: [session uid=1000 pid=2788341 pidfd=5] Activating service name='org.freedesktop.systemd1' requested by ':1.4' (uid=1000 pid=2789191 comm="/usr/bin/dbus-broker-launch --config-file=/usr/sha")
dbus-daemon[2788341]: [session uid=1000 pid=2788341 pidfd=5] Activated service 'org.freedesktop.systemd1' failed: Process org.freedesktop.systemd1 exited with status 1
{"trial": "CR026-toggle-K5-nw2gate-r13", "outcome": "verified", "oracle_exact_match": true, "completion_mutations": 1, "takeover_envelope": null, "old_binding_envelope": null, "decoy_connections": null, "marker_in_fresh_snapshot": true, "nw2_stale_envelope": {"is_error": false, "status": null, "effect": "refused", "code": "browser_ref_stale"}, "nw2_mutations_from_stale_action": 0, "error_leaves": null}
dbus-daemon[2788341]: [session uid=1000 pid=2788341 pidfd=5] Activating service name='org.freedesktop.systemd1' requested by ':1.4' (uid=1000 pid=2789191 comm="/usr/bin/dbus-broker-launch --config-file=/usr/sha")
dbus-daemon[2788341]: [session uid=1000 pid=2788341 pidfd=5] Activated service 'org.freedesktop.systemd1' failed: Process org.freedesktop.systemd1 exited with status 1
dbus-daemon[2788341]: [session uid=1000 pid=2788341 pidfd=5] Activating service name='org.freedesktop.systemd1' requested by ':1.4' (uid=1000 pid=2789191 comm="/usr/bin/dbus-broker-launch --config-file=/usr/sha")
dbus-daemon[2788341]: [session uid=1000 pid=2788341 pidfd=5] Activated service 'org.freedesktop.systemd1' failed: Process org.freedesktop.systemd1 exited with status 1
dbus-daemon[2788341]: [session uid=1000 pid=2788341 pidfd=5] Activating service name='org.freedesktop.systemd1' requested by ':1.4' (uid=1000 pid=2789191 comm="/usr/bin/dbus-broker-launch --config-file=/usr/sha")
dbus-daemon[2788341]: [session uid=1000 pid=2788341 pidfd=5] Activated service 'org.freedesktop.systemd1' failed: Process org.freedesktop.systemd1 exited with status 1
{"trial": "CR027-modal-K5-nw2gate-r13", "outcome": "verified", "oracle_exact_match": true, "completion_mutations": 1, "takeover_envelope": null, "old_binding_envelope": null, "decoy_connections": null, "marker_in_fresh_snapshot": true, "nw2_stale_envelope": {"is_error": false, "status": null, "effect": "refused", "code": "browser_ref_stale"}, "nw2_mutations_from_stale_action": 0, "error_leaves": null}
dbus-daemon[2788341]: [session uid=1000 pid=2788341 pidfd=5] Activating service name='org.freedesktop.systemd1' requested by ':1.4' (uid=1000 pid=2789191 comm="/usr/bin/dbus-broker-launch --config-file=/usr/sha")
dbus-daemon[2788341]: [session uid=1000 pid=2788341 pidfd=5] Activated service 'org.freedesktop.systemd1' failed: Process org.freedesktop.systemd1 exited with status 1
dbus-daemon[2788341]: [session uid=1000 pid=2788341 pidfd=5] Activating service name='org.freedesktop.systemd1' requested by ':1.4' (uid=1000 pid=2789191 comm="/usr/bin/dbus-broker-launch --config-file=/usr/sha")
dbus-daemon[2788341]: [session uid=1000 pid=2788341 pidfd=5] Activated service 'org.freedesktop.systemd1' failed: Process org.freedesktop.systemd1 exited with status 1
dbus-daemon[2788341]: [session uid=1000 pid=2788341 pidfd=5] Activating service name='org.freedesktop.systemd1' requested by ':1.4' (uid=1000 pid=2789191 comm="/usr/bin/dbus-broker-launch --config-file=/usr/sha")
dbus-daemon[2788341]: [session uid=1000 pid=2788341 pidfd=5] Activated service 'org.freedesktop.systemd1' failed: Process org.freedesktop.systemd1 exited with status 1
{"trial": "CR028-toggle-K5-nw2gate-r14", "outcome": "verified", "oracle_exact_match": true, "completion_mutations": 1, "takeover_envelope": null, "old_binding_envelope": null, "decoy_connections": null, "marker_in_fresh_snapshot": true, "nw2_stale_envelope": {"is_error": false, "status": null, "effect": "refused", "code": "browser_ref_stale"}, "nw2_mutations_from_stale_action": 0, "error_leaves": null}
dbus-daemon[2788341]: [session uid=1000 pid=2788341 pidfd=5] Activating service name='org.freedesktop.systemd1' requested by ':1.4' (uid=1000 pid=2789191 comm="/usr/bin/dbus-broker-launch --config-file=/usr/sha")
dbus-daemon[2788341]: [session uid=1000 pid=2788341 pidfd=5] Activated service 'org.freedesktop.systemd1' failed: Process org.freedesktop.systemd1 exited with status 1
dbus-daemon[2788341]: [session uid=1000 pid=2788341 pidfd=5] Activating service name='org.freedesktop.systemd1' requested by ':1.4' (uid=1000 pid=2789191 comm="/usr/bin/dbus-broker-launch --config-file=/usr/sha")
dbus-daemon[2788341]: [session uid=1000 pid=2788341 pidfd=5] Activated service 'org.freedesktop.systemd1' failed: Process org.freedesktop.systemd1 exited with status 1
dbus-daemon[2788341]: [session uid=1000 pid=2788341 pidfd=5] Activating service name='org.freedesktop.systemd1' requested by ':1.4' (uid=1000 pid=2789191 comm="/usr/bin/dbus-broker-launch --config-file=/usr/sha")
dbus-daemon[2788341]: [session uid=1000 pid=2788341 pidfd=5] Activated service 'org.freedesktop.systemd1' failed: Process org.freedesktop.systemd1 exited with status 1
{"trial": "CR029-modal-K5-nw2gate-r14", "outcome": "verified", "oracle_exact_match": true, "completion_mutations": 1, "takeover_envelope": null, "old_binding_envelope": null, "decoy_connections": null, "marker_in_fresh_snapshot": true, "nw2_stale_envelope": {"is_error": false, "status": null, "effect": "refused", "code": "browser_ref_stale"}, "nw2_mutations_from_stale_action": 0, "error_leaves": null}
dbus-daemon[2788341]: [session uid=1000 pid=2788341 pidfd=5] Activating service name='org.freedesktop.systemd1' requested by ':1.4' (uid=1000 pid=2789191 comm="/usr/bin/dbus-broker-launch --config-file=/usr/sha")
dbus-daemon[2788341]: [session uid=1000 pid=2788341 pidfd=5] Activated service 'org.freedesktop.systemd1' failed: Process org.freedesktop.systemd1 exited with status 1
dbus-daemon[2788341]: [session uid=1000 pid=2788341 pidfd=5] Activating service name='org.freedesktop.systemd1' requested by ':1.4' (uid=1000 pid=2789191 comm="/usr/bin/dbus-broker-launch --config-file=/usr/sha")
dbus-daemon[2788341]: [session uid=1000 pid=2788341 pidfd=5] Activated service 'org.freedesktop.systemd1' failed: Process org.freedesktop.systemd1 exited with status 1
dbus-daemon[2788341]: [session uid=1000 pid=2788341 pidfd=5] Activating service name='org.freedesktop.systemd1' requested by ':1.4' (uid=1000 pid=2789191 comm="/usr/bin/dbus-broker-launch --config-file=/usr/sha")
dbus-daemon[2788341]: [session uid=1000 pid=2788341 pidfd=5] Activated service 'org.freedesktop.systemd1' failed: Process org.freedesktop.systemd1 exited with status 1
{"trial": "CR030-toggle-K5-nw2gate-r15", "outcome": "verified", "oracle_exact_match": true, "completion_mutations": 1, "takeover_envelope": null, "old_binding_envelope": null, "decoy_connections": null, "marker_in_fresh_snapshot": true, "nw2_stale_envelope": {"is_error": false, "status": null, "effect": "refused", "code": "browser_ref_stale"}, "nw2_mutations_from_stale_action": 0, "error_leaves": null}
dbus-daemon[2788341]: [session uid=1000 pid=2788341 pidfd=5] Activating service name='org.freedesktop.systemd1' requested by ':1.4' (uid=1000 pid=2789191 comm="/usr/bin/dbus-broker-launch --config-file=/usr/sha")
dbus-daemon[2788341]: [session uid=1000 pid=2788341 pidfd=5] Activated service 'org.freedesktop.systemd1' failed: Process org.freedesktop.systemd1 exited with status 1
dbus-daemon[2788341]: [session uid=1000 pid=2788341 pidfd=5] Activating service name='org.freedesktop.systemd1' requested by ':1.4' (uid=1000 pid=2789191 comm="/usr/bin/dbus-broker-launch --config-file=/usr/sha")
dbus-daemon[2788341]: [session uid=1000 pid=2788341 pidfd=5] Activated service 'org.freedesktop.systemd1' failed: Process org.freedesktop.systemd1 exited with status 1
dbus-daemon[2788341]: [session uid=1000 pid=2788341 pidfd=5] Activating service name='org.freedesktop.systemd1' requested by ':1.4' (uid=1000 pid=2789191 comm="/usr/bin/dbus-broker-launch --config-file=/usr/sha")
dbus-daemon[2788341]: [session uid=1000 pid=2788341 pidfd=5] Activated service 'org.freedesktop.systemd1' failed: Process org.freedesktop.systemd1 exited with status 1
{"trial": "CR031-modal-K5-nw2gate-r15", "outcome": "verified", "oracle_exact_match": true, "completion_mutations": 1, "takeover_envelope": null, "old_binding_envelope": null, "decoy_connections": null, "marker_in_fresh_snapshot": true, "nw2_stale_envelope": {"is_error": false, "status": null, "effect": "refused", "code": "browser_ref_stale"}, "nw2_mutations_from_stale_action": 0, "error_leaves": null}
dbus-daemon[2788341]: [session uid=1000 pid=2788341 pidfd=5] Activating service name='org.freedesktop.systemd1' requested by ':1.4' (uid=1000 pid=2789191 comm="/usr/bin/dbus-broker-launch --config-file=/usr/sha")
dbus-daemon[2788341]: [session uid=1000 pid=2788341 pidfd=5] Activated service 'org.freedesktop.systemd1' failed: Process org.freedesktop.systemd1 exited with status 1
dbus-daemon[2788341]: [session uid=1000 pid=2788341 pidfd=5] Activating service name='org.freedesktop.systemd1' requested by ':1.4' (uid=1000 pid=2789191 comm="/usr/bin/dbus-broker-launch --config-file=/usr/sha")
dbus-daemon[2788341]: [session uid=1000 pid=2788341 pidfd=5] Activated service 'org.freedesktop.systemd1' failed: Process org.freedesktop.systemd1 exited with status 1
dbus-daemon[2788341]: [session uid=1000 pid=2788341 pidfd=5] Activating service name='org.freedesktop.systemd1' requested by ':1.4' (uid=1000 pid=2789191 comm="/usr/bin/dbus-broker-launch --config-file=/usr/sha")
dbus-daemon[2788341]: [session uid=1000 pid=2788341 pidfd=5] Activated service 'org.freedesktop.systemd1' failed: Process org.freedesktop.systemd1 exited with status 1
{"trial": "CR032-toggle-K5-nw2gate-r16", "outcome": "verified", "oracle_exact_match": true, "completion_mutations": 1, "takeover_envelope": null, "old_binding_envelope": null, "decoy_connections": null, "marker_in_fresh_snapshot": true, "nw2_stale_envelope": {"is_error": false, "status": null, "effect": "refused", "code": "browser_ref_stale"}, "nw2_mutations_from_stale_action": 0, "error_leaves": null}
dbus-daemon[2788341]: [session uid=1000 pid=2788341 pidfd=5] Activating service name='org.freedesktop.systemd1' requested by ':1.4' (uid=1000 pid=2789191 comm="/usr/bin/dbus-broker-launch --config-file=/usr/sha")
dbus-daemon[2788341]: [session uid=1000 pid=2788341 pidfd=5] Activated service 'org.freedesktop.systemd1' failed: Process org.freedesktop.systemd1 exited with status 1
dbus-daemon[2788341]: [session uid=1000 pid=2788341 pidfd=5] Activating service name='org.freedesktop.systemd1' requested by ':1.4' (uid=1000 pid=2789191 comm="/usr/bin/dbus-broker-launch --config-file=/usr/sha")
dbus-daemon[2788341]: [session uid=1000 pid=2788341 pidfd=5] Activated service 'org.freedesktop.systemd1' failed: Process org.freedesktop.systemd1 exited with status 1
dbus-daemon[2788341]: [session uid=1000 pid=2788341 pidfd=5] Activating service name='org.freedesktop.systemd1' requested by ':1.4' (uid=1000 pid=2789191 comm="/usr/bin/dbus-broker-launch --config-file=/usr/sha")
dbus-daemon[2788341]: [session uid=1000 pid=2788341 pidfd=5] Activated service 'org.freedesktop.systemd1' failed: Process org.freedesktop.systemd1 exited with status 1
{"trial": "CR033-modal-K5-nw2gate-r16", "outcome": "verified", "oracle_exact_match": true, "completion_mutations": 1, "takeover_envelope": null, "old_binding_envelope": null, "decoy_connections": null, "marker_in_fresh_snapshot": true, "nw2_stale_envelope": {"is_error": false, "status": null, "effect": "refused", "code": "browser_ref_stale"}, "nw2_mutations_from_stale_action": 0, "error_leaves": null}
dbus-daemon[2788341]: [session uid=1000 pid=2788341 pidfd=5] Activating service name='org.freedesktop.systemd1' requested by ':1.4' (uid=1000 pid=2789191 comm="/usr/bin/dbus-broker-launch --config-file=/usr/sha")
dbus-daemon[2788341]: [session uid=1000 pid=2788341 pidfd=5] Activated service 'org.freedesktop.systemd1' failed: Process org.freedesktop.systemd1 exited with status 1
dbus-daemon[2788341]: [session uid=1000 pid=2788341 pidfd=5] Activating service name='org.freedesktop.systemd1' requested by ':1.4' (uid=1000 pid=2789191 comm="/usr/bin/dbus-broker-launch --config-file=/usr/sha")
dbus-daemon[2788341]: [session uid=1000 pid=2788341 pidfd=5] Activated service 'org.freedesktop.systemd1' failed: Process org.freedesktop.systemd1 exited with status 1
dbus-daemon[2788341]: [session uid=1000 pid=2788341 pidfd=5] Activating service name='org.freedesktop.systemd1' requested by ':1.4' (uid=1000 pid=2789191 comm="/usr/bin/dbus-broker-launch --config-file=/usr/sha")
dbus-daemon[2788341]: [session uid=1000 pid=2788341 pidfd=5] Activated service 'org.freedesktop.systemd1' failed: Process org.freedesktop.systemd1 exited with status 1
{"trial": "CR034-toggle-K5-nw2gate-r17", "outcome": "verified", "oracle_exact_match": true, "completion_mutations": 1, "takeover_envelope": null, "old_binding_envelope": null, "decoy_connections": null, "marker_in_fresh_snapshot": true, "nw2_stale_envelope": {"is_error": false, "status": null, "effect": "refused", "code": "browser_ref_stale"}, "nw2_mutations_from_stale_action": 0, "error_leaves": null}
dbus-daemon[2788341]: [session uid=1000 pid=2788341 pidfd=5] Activating service name='org.freedesktop.systemd1' requested by ':1.4' (uid=1000 pid=2789191 comm="/usr/bin/dbus-broker-launch --config-file=/usr/sha")
dbus-daemon[2788341]: [session uid=1000 pid=2788341 pidfd=5] Activated service 'org.freedesktop.systemd1' failed: Process org.freedesktop.systemd1 exited with status 1
dbus-daemon[2788341]: [session uid=1000 pid=2788341 pidfd=5] Activating service name='org.freedesktop.systemd1' requested by ':1.4' (uid=1000 pid=2789191 comm="/usr/bin/dbus-broker-launch --config-file=/usr/sha")
dbus-daemon[2788341]: [session uid=1000 pid=2788341 pidfd=5] Activated service 'org.freedesktop.systemd1' failed: Process org.freedesktop.systemd1 exited with status 1
dbus-daemon[2788341]: [session uid=1000 pid=2788341 pidfd=5] Activating service name='org.freedesktop.systemd1' requested by ':1.4' (uid=1000 pid=2789191 comm="/usr/bin/dbus-broker-launch --config-file=/usr/sha")
dbus-daemon[2788341]: [session uid=1000 pid=2788341 pidfd=5] Activated service 'org.freedesktop.systemd1' failed: Process org.freedesktop.systemd1 exited with status 1
{"trial": "CR035-modal-K5-nw2gate-r17", "outcome": "verified", "oracle_exact_match": true, "completion_mutations": 1, "takeover_envelope": null, "old_binding_envelope": null, "decoy_connections": null, "marker_in_fresh_snapshot": true, "nw2_stale_envelope": {"is_error": false, "status": null, "effect": "refused", "code": "browser_ref_stale"}, "nw2_mutations_from_stale_action": 0, "error_leaves": null}
dbus-daemon[2788341]: [session uid=1000 pid=2788341 pidfd=5] Activating service name='org.freedesktop.systemd1' requested by ':1.4' (uid=1000 pid=2789191 comm="/usr/bin/dbus-broker-launch --config-file=/usr/sha")
dbus-daemon[2788341]: [session uid=1000 pid=2788341 pidfd=5] Activated service 'org.freedesktop.systemd1' failed: Process org.freedesktop.systemd1 exited with status 1
dbus-daemon[2788341]: [session uid=1000 pid=2788341 pidfd=5] Activating service name='org.freedesktop.systemd1' requested by ':1.4' (uid=1000 pid=2789191 comm="/usr/bin/dbus-broker-launch --config-file=/usr/sha")
dbus-daemon[2788341]: [session uid=1000 pid=2788341 pidfd=5] Activated service 'org.freedesktop.systemd1' failed: Process org.freedesktop.systemd1 exited with status 1
dbus-daemon[2788341]: [session uid=1000 pid=2788341 pidfd=5] Activating service name='org.freedesktop.systemd1' requested by ':1.4' (uid=1000 pid=2789191 comm="/usr/bin/dbus-broker-launch --config-file=/usr/sha")
dbus-daemon[2788341]: [session uid=1000 pid=2788341 pidfd=5] Activated service 'org.freedesktop.systemd1' failed: Process org.freedesktop.systemd1 exited with status 1
{"trial": "CR036-toggle-K5-nw2gate-r18", "outcome": "verified", "oracle_exact_match": true, "completion_mutations": 1, "takeover_envelope": null, "old_binding_envelope": null, "decoy_connections": null, "marker_in_fresh_snapshot": true, "nw2_stale_envelope": {"is_error": false, "status": null, "effect": "refused", "code": "browser_ref_stale"}, "nw2_mutations_from_stale_action": 0, "error_leaves": null}
dbus-daemon[2788341]: [session uid=1000 pid=2788341 pidfd=5] Activating service name='org.freedesktop.systemd1' requested by ':1.4' (uid=1000 pid=2789191 comm="/usr/bin/dbus-broker-launch --config-file=/usr/sha")
dbus-daemon[2788341]: [session uid=1000 pid=2788341 pidfd=5] Activated service 'org.freedesktop.systemd1' failed: Process org.freedesktop.systemd1 exited with status 1
dbus-daemon[2788341]: [session uid=1000 pid=2788341 pidfd=5] Activating service name='org.freedesktop.systemd1' requested by ':1.4' (uid=1000 pid=2789191 comm="/usr/bin/dbus-broker-launch --config-file=/usr/sha")
dbus-daemon[2788341]: [session uid=1000 pid=2788341 pidfd=5] Activated service 'org.freedesktop.systemd1' failed: Process org.freedesktop.systemd1 exited with status 1
dbus-daemon[2788341]: [session uid=1000 pid=2788341 pidfd=5] Activating service name='org.freedesktop.systemd1' requested by ':1.4' (uid=1000 pid=2789191 comm="/usr/bin/dbus-broker-launch --config-file=/usr/sha")
dbus-daemon[2788341]: [session uid=1000 pid=2788341 pidfd=5] Activated service 'org.freedesktop.systemd1' failed: Process org.freedesktop.systemd1 exited with status 1
{"trial": "CR037-modal-K5-nw2gate-r18", "outcome": "verified", "oracle_exact_match": true, "completion_mutations": 1, "takeover_envelope": null, "old_binding_envelope": null, "decoy_connections": null, "marker_in_fresh_snapshot": true, "nw2_stale_envelope": {"is_error": false, "status": null, "effect": "refused", "code": "browser_ref_stale"}, "nw2_mutations_from_stale_action": 0, "error_leaves": null}
dbus-daemon[2788341]: [session uid=1000 pid=2788341 pidfd=5] Activating service name='org.freedesktop.systemd1' requested by ':1.4' (uid=1000 pid=2789191 comm="/usr/bin/dbus-broker-launch --config-file=/usr/sha")
dbus-daemon[2788341]: [session uid=1000 pid=2788341 pidfd=5] Activated service 'org.freedesktop.systemd1' failed: Process org.freedesktop.systemd1 exited with status 1
dbus-daemon[2788341]: [session uid=1000 pid=2788341 pidfd=5] Activating service name='org.freedesktop.systemd1' requested by ':1.4' (uid=1000 pid=2789191 comm="/usr/bin/dbus-broker-launch --config-file=/usr/sha")
dbus-daemon[2788341]: [session uid=1000 pid=2788341 pidfd=5] Activated service 'org.freedesktop.systemd1' failed: Process org.freedesktop.systemd1 exited with status 1
dbus-daemon[2788341]: [session uid=1000 pid=2788341 pidfd=5] Activating service name='org.freedesktop.systemd1' requested by ':1.4' (uid=1000 pid=2789191 comm="/usr/bin/dbus-broker-launch --config-file=/usr/sha")
dbus-daemon[2788341]: [session uid=1000 pid=2788341 pidfd=5] Activated service 'org.freedesktop.systemd1' failed: Process org.freedesktop.systemd1 exited with status 1
{"trial": "CR038-toggle-K5-nw2gate-r19", "outcome": "verified", "oracle_exact_match": true, "completion_mutations": 1, "takeover_envelope": null, "old_binding_envelope": null, "decoy_connections": null, "marker_in_fresh_snapshot": true, "nw2_stale_envelope": {"is_error": false, "status": null, "effect": "refused", "code": "browser_ref_stale"}, "nw2_mutations_from_stale_action": 0, "error_leaves": null}
dbus-daemon[2788341]: [session uid=1000 pid=2788341 pidfd=5] Activating service name='org.freedesktop.systemd1' requested by ':1.4' (uid=1000 pid=2789191 comm="/usr/bin/dbus-broker-launch --config-file=/usr/sha")
dbus-daemon[2788341]: [session uid=1000 pid=2788341 pidfd=5] Activated service 'org.freedesktop.systemd1' failed: Process org.freedesktop.systemd1 exited with status 1
dbus-daemon[2788341]: [session uid=1000 pid=2788341 pidfd=5] Activating service name='org.freedesktop.systemd1' requested by ':1.4' (uid=1000 pid=2789191 comm="/usr/bin/dbus-broker-launch --config-file=/usr/sha")
dbus-daemon[2788341]: [session uid=1000 pid=2788341 pidfd=5] Activated service 'org.freedesktop.systemd1' failed: Process org.freedesktop.systemd1 exited with status 1
dbus-daemon[2788341]: [session uid=1000 pid=2788341 pidfd=5] Activating service name='org.freedesktop.systemd1' requested by ':1.4' (uid=1000 pid=2789191 comm="/usr/bin/dbus-broker-launch --config-file=/usr/sha")
dbus-daemon[2788341]: [session uid=1000 pid=2788341 pidfd=5] Activated service 'org.freedesktop.systemd1' failed: Process org.freedesktop.systemd1 exited with status 1
{"trial": "CR039-modal-K5-nw2gate-r19", "outcome": "verified", "oracle_exact_match": true, "completion_mutations": 1, "takeover_envelope": null, "old_binding_envelope": null, "decoy_connections": null, "marker_in_fresh_snapshot": true, "nw2_stale_envelope": {"is_error": false, "status": null, "effect": "refused", "code": "browser_ref_stale"}, "nw2_mutations_from_stale_action": 0, "error_leaves": null}
A connection to the bus can't be made
CRITICAL: [dbus_cb_name_lost:1438] Cannot connect to DBus.
[session] exit rc=0 run_dir=<tmp-root>/x11-session.AuxVUH
[2026-10-03T03:01:46.419Z] chunk r2-10r-a2-p0c-nw2-R rc=0 loadavg=10.68 12.61 9.51
