[2026-10-03T03:02:16.439Z] chunk r2-10r-a2-p0d-smoke-R mode=shared atspi=0 live=0 loadavg=11.27 12.61 9.61
[session] DISPLAY=:100 openbox=2818283 picom=2818284 dbus=unix:path=<session-bus>,guid=c84f039da8961490be432ae56ac0703b
[r2-10] display=:100 xdg_runtime_private=yes key=absent loadavg=11.09 12.55 9.61 atspi=0
dbus-daemon[2818281]: [session uid=1000 pid=2818281 pidfd=5] Activating service name='org.a11y.Bus' requested by ':1.0' (uid=1000 pid=2818719 comm="<lanes>/bin/cua-driver-r2")
dbus-daemon[2818281]: [session uid=1000 pid=2818281 pidfd=5] Successfully activated service 'org.a11y.Bus'
dbus-daemon[2818281]: [session uid=1000 pid=2818281 pidfd=5] Activating service name='ca.desrt.dconf' requested by ':1.1' (uid=1000 pid=2818726 comm="/usr/lib/at-spi-bus-launcher")
dbus-daemon[2818281]: [session uid=1000 pid=2818281 pidfd=5] Successfully activated service 'ca.desrt.dconf'
dbus-daemon[2818281]: [session uid=1000 pid=2818281 pidfd=5] Activating service name='org.freedesktop.systemd1' requested by ':1.4' (uid=1000 pid=2818756 comm="/usr/bin/dbus-broker-launch --config-file=/usr/sha")
dbus-daemon[2818281]: [session uid=1000 pid=2818281 pidfd=5] Activated service 'org.freedesktop.systemd1' failed: Process org.freedesktop.systemd1 exited with status 1
dbus-daemon[2818281]: [session uid=1000 pid=2818281 pidfd=5] Activating service name='org.gtk.vfs.Daemon' requested by ':1.5' (uid=1000 pid=2818829 comm="/opt/google/chrome/chrome --remote-debugging-port=")
dbus-daemon[2818281]: [session uid=1000 pid=2818281 pidfd=5] Successfully activated service 'org.gtk.vfs.Daemon'
fusermount3: mount failed: Operation not permitted
dbus-daemon[2818281]: [session uid=1000 pid=2818281 pidfd=5] Activating service name='org.freedesktop.systemd1' requested by ':1.4' (uid=1000 pid=2818756 comm="/usr/bin/dbus-broker-launch --config-file=/usr/sha")
dbus-daemon[2818281]: [session uid=1000 pid=2818281 pidfd=5] Activated service 'org.freedesktop.systemd1' failed: Process org.freedesktop.systemd1 exited with status 1
dbus-daemon[2818281]: [session uid=1000 pid=2818281 pidfd=5] Activating service name='org.freedesktop.systemd1' requested by ':1.4' (uid=1000 pid=2818756 comm="/usr/bin/dbus-broker-launch --config-file=/usr/sha")
dbus-daemon[2818281]: [session uid=1000 pid=2818281 pidfd=5] Activated service 'org.freedesktop.systemd1' failed: Process org.freedesktop.systemd1 exited with status 1
dbus-daemon[2818281]: [session uid=1000 pid=2818281 pidfd=5] Activating service name='org.freedesktop.Notifications' requested by ':1.7' (uid=1000 pid=2818829 comm="/opt/google/chrome/chrome --remote-debugging-port=")
dbus-daemon[2818281]: [session uid=1000 pid=2818281 pidfd=5] Activating service name='org.freedesktop.portal.Desktop' requested by ':1.7' (uid=1000 pid=2818829 comm="/opt/google/chrome/chrome --remote-debugging-port=")
dbus-daemon[2818281]: [session uid=1000 pid=2818281 pidfd=5] Activating service name='org.freedesktop.impl.portal.PermissionStore' requested by ':1.9' (uid=1000 pid=2819026 comm="/usr/lib/xdg-desktop-portal")
dbus-daemon[2818281]: [session uid=1000 pid=2818281 pidfd=5] Successfully activated service 'org.freedesktop.Notifications'
dbus-daemon[2818281]: [session uid=1000 pid=2818281 pidfd=5] Successfully activated service 'org.freedesktop.impl.portal.PermissionStore'
dbus-daemon[2818281]: [session uid=1000 pid=2818281 pidfd=5] Activating service name='org.freedesktop.portal.Documents' requested by ':1.9' (uid=1000 pid=2819026 comm="/usr/lib/xdg-desktop-portal")
dbus-daemon[2818281]: [session uid=1000 pid=2818281 pidfd=5] Successfully activated service 'org.freedesktop.portal.Documents'
fusermount3: mount failed: Operation not permitted
error: fuse init failed: Can't mount path <tmp-root>/x11-session.eu0uQX/xdg-runtime/doc


dbus-daemon[2818281]: [session uid=1000 pid=2818281 pidfd=5] Activating service name='org.freedesktop.impl.portal.desktop.gtk' requested by ':1.9' (uid=1000 pid=2819026 comm="/usr/lib/xdg-desktop-portal")
dbus-daemon[2818281]: [session uid=1000 pid=2818281 pidfd=5] Activating service name='org.freedesktop.systemd1' requested by ':1.4' (uid=1000 pid=2818756 comm="/usr/bin/dbus-broker-launch --config-file=/usr/sha")
dbus-daemon[2818281]: [session uid=1000 pid=2818281 pidfd=5] Activated service 'org.freedesktop.systemd1' failed: Process org.freedesktop.systemd1 exited with status 1
dbus-daemon[2818281]: [session uid=1000 pid=2818281 pidfd=5] Successfully activated service 'org.freedesktop.impl.portal.desktop.gtk'


dbus-daemon[2818281]: [session uid=1000 pid=2818281 pidfd=5] Activating service name='org.freedesktop.systemd1' requested by ':1.4' (uid=1000 pid=2818756 comm="/usr/bin/dbus-broker-launch --config-file=/usr/sha")

dbus-daemon[2818281]: [session uid=1000 pid=2818281 pidfd=5] Activated service 'org.freedesktop.systemd1' failed: Process org.freedesktop.systemd1 exited with status 1












dbus-daemon[2818281]: [session uid=1000 pid=2818281 pidfd=5] Successfully activated service 'org.freedesktop.portal.Desktop'
{"trial": "DR000-fill-BASE-smoke-r00", "mode": "step", "outcome": "verified", "oracle_exact_match": true, "completion_mutations": 1, "routes": ["provider", "provider"], "error": null, "la": "11.09", "prov": {"attempts": 0, "reached": 0}}
dbus-daemon[2818281]: [session uid=1000 pid=2818281 pidfd=5] Activating service name='org.freedesktop.systemd1' requested by ':1.4' (uid=1000 pid=2818756 comm="/usr/bin/dbus-broker-launch --config-file=/usr/sha")
dbus-daemon[2818281]: [session uid=1000 pid=2818281 pidfd=5] Activated service 'org.freedesktop.systemd1' failed: Process org.freedesktop.systemd1 exited with status 1
dbus-daemon[2818281]: [session uid=1000 pid=2818281 pidfd=5] Activating service name='org.freedesktop.systemd1' requested by ':1.4' (uid=1000 pid=2818756 comm="/usr/bin/dbus-broker-launch --config-file=/usr/sha")
dbus-daemon[2818281]: [session uid=1000 pid=2818281 pidfd=5] Activated service 'org.freedesktop.systemd1' failed: Process org.freedesktop.systemd1 exited with status 1
dbus-daemon[2818281]: [session uid=1000 pid=2818281 pidfd=5] Activating service name='org.freedesktop.systemd1' requested by ':1.4' (uid=1000 pid=2818756 comm="/usr/bin/dbus-broker-launch --config-file=/usr/sha")
dbus-daemon[2818281]: [session uid=1000 pid=2818281 pidfd=5] Activated service 'org.freedesktop.systemd1' failed: Process org.freedesktop.systemd1 exited with status 1
{"trial": "DR001-fill-BASE-smoke-r01", "mode": "step", "outcome": "verified", "oracle_exact_match": true, "completion_mutations": 1, "routes": ["provider", "provider"], "error": null, "la": "11.09", "prov": {"attempts": 0, "reached": 0}}
dbus-daemon[2818281]: [session uid=1000 pid=2818281 pidfd=5] Activating service name='org.freedesktop.systemd1' requested by ':1.4' (uid=1000 pid=2818756 comm="/usr/bin/dbus-broker-launch --config-file=/usr/sha")
dbus-daemon[2818281]: [session uid=1000 pid=2818281 pidfd=5] Activated service 'org.freedesktop.systemd1' failed: Process org.freedesktop.systemd1 exited with status 1
dbus-daemon[2818281]: [session uid=1000 pid=2818281 pidfd=5] Activating service name='org.freedesktop.systemd1' requested by ':1.4' (uid=1000 pid=2818756 comm="/usr/bin/dbus-broker-launch --config-file=/usr/sha")
dbus-daemon[2818281]: [session uid=1000 pid=2818281 pidfd=5] Activated service 'org.freedesktop.systemd1' failed: Process org.freedesktop.systemd1 exited with status 1
dbus-daemon[2818281]: [session uid=1000 pid=2818281 pidfd=5] Activating service name='org.freedesktop.systemd1' requested by ':1.4' (uid=1000 pid=2818756 comm="/usr/bin/dbus-broker-launch --config-file=/usr/sha")
dbus-daemon[2818281]: [session uid=1000 pid=2818281 pidfd=5] Activated service 'org.freedesktop.systemd1' failed: Process org.freedesktop.systemd1 exited with status 1
{"trial": "DR002-fill-BASE-smoke-r02", "mode": "step", "outcome": "verified", "oracle_exact_match": true, "completion_mutations": 1, "routes": ["provider", "provider"], "error": null, "la": "10.44", "prov": {"attempts": 0, "reached": 0}}
dbus-daemon[2818281]: [session uid=1000 pid=2818281 pidfd=5] Activating service name='org.freedesktop.systemd1' requested by ':1.4' (uid=1000 pid=2818756 comm="/usr/bin/dbus-broker-launch --config-file=/usr/sha")
dbus-daemon[2818281]: [session uid=1000 pid=2818281 pidfd=5] Activated service 'org.freedesktop.systemd1' failed: Process org.freedesktop.systemd1 exited with status 1
dbus-daemon[2818281]: [session uid=1000 pid=2818281 pidfd=5] Activating service name='org.freedesktop.systemd1' requested by ':1.4' (uid=1000 pid=2818756 comm="/usr/bin/dbus-broker-launch --config-file=/usr/sha")
dbus-daemon[2818281]: [session uid=1000 pid=2818281 pidfd=5] Activated service 'org.freedesktop.systemd1' failed: Process org.freedesktop.systemd1 exited with status 1
dbus-daemon[2818281]: [session uid=1000 pid=2818281 pidfd=5] Activating service name='org.freedesktop.systemd1' requested by ':1.4' (uid=1000 pid=2818756 comm="/usr/bin/dbus-broker-launch --config-file=/usr/sha")
dbus-daemon[2818281]: [session uid=1000 pid=2818281 pidfd=5] Activated service 'org.freedesktop.systemd1' failed: Process org.freedesktop.systemd1 exited with status 1
{"trial": "DR003-fill-BASE-smoke-r03", "mode": "step", "outcome": "verified", "oracle_exact_match": true, "completion_mutations": 1, "routes": ["provider", "provider"], "error": null, "la": "9.77", "prov": {"attempts": 0, "reached": 0}}
dbus-daemon[2818281]: [session uid=1000 pid=2818281 pidfd=5] Activating service name='org.freedesktop.systemd1' requested by ':1.4' (uid=1000 pid=2818756 comm="/usr/bin/dbus-broker-launch --config-file=/usr/sha")
dbus-daemon[2818281]: [session uid=1000 pid=2818281 pidfd=5] Activated service 'org.freedesktop.systemd1' failed: Process org.freedesktop.systemd1 exited with status 1
dbus-daemon[2818281]: [session uid=1000 pid=2818281 pidfd=5] Activating service name='org.freedesktop.systemd1' requested by ':1.4' (uid=1000 pid=2818756 comm="/usr/bin/dbus-broker-launch --config-file=/usr/sha")
dbus-daemon[2818281]: [session uid=1000 pid=2818281 pidfd=5] Activated service 'org.freedesktop.systemd1' failed: Process org.freedesktop.systemd1 exited with status 1
dbus-daemon[2818281]: [session uid=1000 pid=2818281 pidfd=5] Activating service name='org.freedesktop.systemd1' requested by ':1.4' (uid=1000 pid=2818756 comm="/usr/bin/dbus-broker-launch --config-file=/usr/sha")
dbus-daemon[2818281]: [session uid=1000 pid=2818281 pidfd=5] Activated service 'org.freedesktop.systemd1' failed: Process org.freedesktop.systemd1 exited with status 1
{"trial": "DR004-fill-BASE-smoke-r04", "mode": "step", "outcome": "verified", "oracle_exact_match": true, "completion_mutations": 1, "routes": ["provider", "provider"], "error": null, "la": "9.79", "prov": {"attempts": 0, "reached": 0}}
dbus-daemon[2818281]: [session uid=1000 pid=2818281 pidfd=5] Activating service name='org.freedesktop.systemd1' requested by ':1.4' (uid=1000 pid=2818756 comm="/usr/bin/dbus-broker-launch --config-file=/usr/sha")
dbus-daemon[2818281]: [session uid=1000 pid=2818281 pidfd=5] Activated service 'org.freedesktop.systemd1' failed: Process org.freedesktop.systemd1 exited with status 1
dbus-daemon[2818281]: [session uid=1000 pid=2818281 pidfd=5] Activating service name='org.freedesktop.systemd1' requested by ':1.4' (uid=1000 pid=2818756 comm="/usr/bin/dbus-broker-launch --config-file=/usr/sha")
dbus-daemon[2818281]: [session uid=1000 pid=2818281 pidfd=5] Activated service 'org.freedesktop.systemd1' failed: Process org.freedesktop.systemd1 exited with status 1
dbus-daemon[2818281]: [session uid=1000 pid=2818281 pidfd=5] Activating service name='org.freedesktop.systemd1' requested by ':1.4' (uid=1000 pid=2818756 comm="/usr/bin/dbus-broker-launch --config-file=/usr/sha")
dbus-daemon[2818281]: [session uid=1000 pid=2818281 pidfd=5] Activated service 'org.freedesktop.systemd1' failed: Process org.freedesktop.systemd1 exited with status 1
{"trial": "DR005-toggle-BASE-smoke-r00", "mode": "step", "outcome": "verified", "oracle_exact_match": true, "completion_mutations": 1, "routes": ["provider", "provider"], "error": null, "la": "9.32", "prov": {"attempts": 0, "reached": 0}}
dbus-daemon[2818281]: [session uid=1000 pid=2818281 pidfd=5] Activating service name='org.freedesktop.systemd1' requested by ':1.4' (uid=1000 pid=2818756 comm="/usr/bin/dbus-broker-launch --config-file=/usr/sha")
dbus-daemon[2818281]: [session uid=1000 pid=2818281 pidfd=5] Activated service 'org.freedesktop.systemd1' failed: Process org.freedesktop.systemd1 exited with status 1
dbus-daemon[2818281]: [session uid=1000 pid=2818281 pidfd=5] Activating service name='org.freedesktop.systemd1' requested by ':1.4' (uid=1000 pid=2818756 comm="/usr/bin/dbus-broker-launch --config-file=/usr/sha")
dbus-daemon[2818281]: [session uid=1000 pid=2818281 pidfd=5] Activated service 'org.freedesktop.systemd1' failed: Process org.freedesktop.systemd1 exited with status 1
dbus-daemon[2818281]: [session uid=1000 pid=2818281 pidfd=5] Activating service name='org.freedesktop.systemd1' requested by ':1.4' (uid=1000 pid=2818756 comm="/usr/bin/dbus-broker-launch --config-file=/usr/sha")
dbus-daemon[2818281]: [session uid=1000 pid=2818281 pidfd=5] Activated service 'org.freedesktop.systemd1' failed: Process org.freedesktop.systemd1 exited with status 1
{"trial": "DR006-toggle-BASE-smoke-r01", "mode": "step", "outcome": "verified", "oracle_exact_match": true, "completion_mutations": 1, "routes": ["provider", "provider"], "error": null, "la": "9.38", "prov": {"attempts": 0, "reached": 0}}
dbus-daemon[2818281]: [session uid=1000 pid=2818281 pidfd=5] Activating service name='org.freedesktop.systemd1' requested by ':1.4' (uid=1000 pid=2818756 comm="/usr/bin/dbus-broker-launch --config-file=/usr/sha")
dbus-daemon[2818281]: [session uid=1000 pid=2818281 pidfd=5] Activated service 'org.freedesktop.systemd1' failed: Process org.freedesktop.systemd1 exited with status 1
dbus-daemon[2818281]: [session uid=1000 pid=2818281 pidfd=5] Activating service name='org.freedesktop.systemd1' requested by ':1.4' (uid=1000 pid=2818756 comm="/usr/bin/dbus-broker-launch --config-file=/usr/sha")
dbus-daemon[2818281]: [session uid=1000 pid=2818281 pidfd=5] Activated service 'org.freedesktop.systemd1' failed: Process org.freedesktop.systemd1 exited with status 1
dbus-daemon[2818281]: [session uid=1000 pid=2818281 pidfd=5] Activating service name='org.freedesktop.systemd1' requested by ':1.4' (uid=1000 pid=2818756 comm="/usr/bin/dbus-broker-launch --config-file=/usr/sha")
dbus-daemon[2818281]: [session uid=1000 pid=2818281 pidfd=5] Activated service 'org.freedesktop.systemd1' failed: Process org.freedesktop.systemd1 exited with status 1
{"trial": "DR007-toggle-BASE-smoke-r02", "mode": "step", "outcome": "verified", "oracle_exact_match": true, "completion_mutations": 1, "routes": ["provider", "provider"], "error": null, "la": "9.38", "prov": {"attempts": 0, "reached": 0}}
dbus-daemon[2818281]: [session uid=1000 pid=2818281 pidfd=5] Activating service name='org.freedesktop.systemd1' requested by ':1.4' (uid=1000 pid=2818756 comm="/usr/bin/dbus-broker-launch --config-file=/usr/sha")
dbus-daemon[2818281]: [session uid=1000 pid=2818281 pidfd=5] Activated service 'org.freedesktop.systemd1' failed: Process org.freedesktop.systemd1 exited with status 1
dbus-daemon[2818281]: [session uid=1000 pid=2818281 pidfd=5] Activating service name='org.freedesktop.systemd1' requested by ':1.4' (uid=1000 pid=2818756 comm="/usr/bin/dbus-broker-launch --config-file=/usr/sha")
dbus-daemon[2818281]: [session uid=1000 pid=2818281 pidfd=5] Activated service 'org.freedesktop.systemd1' failed: Process org.freedesktop.systemd1 exited with status 1
dbus-daemon[2818281]: [session uid=1000 pid=2818281 pidfd=5] Activating service name='org.freedesktop.systemd1' requested by ':1.4' (uid=1000 pid=2818756 comm="/usr/bin/dbus-broker-launch --config-file=/usr/sha")
dbus-daemon[2818281]: [session uid=1000 pid=2818281 pidfd=5] Activated service 'org.freedesktop.systemd1' failed: Process org.freedesktop.systemd1 exited with status 1
{"trial": "DR008-toggle-BASE-smoke-r03", "mode": "step", "outcome": "verified", "oracle_exact_match": true, "completion_mutations": 1, "routes": ["provider", "provider"], "error": null, "la": "8.71", "prov": {"attempts": 0, "reached": 0}}
dbus-daemon[2818281]: [session uid=1000 pid=2818281 pidfd=5] Activating service name='org.freedesktop.systemd1' requested by ':1.4' (uid=1000 pid=2818756 comm="/usr/bin/dbus-broker-launch --config-file=/usr/sha")
dbus-daemon[2818281]: [session uid=1000 pid=2818281 pidfd=5] Activated service 'org.freedesktop.systemd1' failed: Process org.freedesktop.systemd1 exited with status 1
dbus-daemon[2818281]: [session uid=1000 pid=2818281 pidfd=5] Activating service name='org.freedesktop.systemd1' requested by ':1.4' (uid=1000 pid=2818756 comm="/usr/bin/dbus-broker-launch --config-file=/usr/sha")
dbus-daemon[2818281]: [session uid=1000 pid=2818281 pidfd=5] Activated service 'org.freedesktop.systemd1' failed: Process org.freedesktop.systemd1 exited with status 1
dbus-daemon[2818281]: [session uid=1000 pid=2818281 pidfd=5] Activating service name='org.freedesktop.systemd1' requested by ':1.4' (uid=1000 pid=2818756 comm="/usr/bin/dbus-broker-launch --config-file=/usr/sha")
dbus-daemon[2818281]: [session uid=1000 pid=2818281 pidfd=5] Activated service 'org.freedesktop.systemd1' failed: Process org.freedesktop.systemd1 exited with status 1
{"trial": "DR009-toggle-BASE-smoke-r04", "mode": "step", "outcome": "verified", "oracle_exact_match": true, "completion_mutations": 1, "routes": ["provider", "provider"], "error": null, "la": "8.25", "prov": {"attempts": 0, "reached": 0}}
dbus-daemon[2818281]: [session uid=1000 pid=2818281 pidfd=5] Activating service name='org.freedesktop.systemd1' requested by ':1.4' (uid=1000 pid=2818756 comm="/usr/bin/dbus-broker-launch --config-file=/usr/sha")
dbus-daemon[2818281]: [session uid=1000 pid=2818281 pidfd=5] Activated service 'org.freedesktop.systemd1' failed: Process org.freedesktop.systemd1 exited with status 1
dbus-daemon[2818281]: [session uid=1000 pid=2818281 pidfd=5] Activating service name='org.freedesktop.systemd1' requested by ':1.4' (uid=1000 pid=2818756 comm="/usr/bin/dbus-broker-launch --config-file=/usr/sha")
dbus-daemon[2818281]: [session uid=1000 pid=2818281 pidfd=5] Activated service 'org.freedesktop.systemd1' failed: Process org.freedesktop.systemd1 exited with status 1
dbus-daemon[2818281]: [session uid=1000 pid=2818281 pidfd=5] Activating service name='org.freedesktop.systemd1' requested by ':1.4' (uid=1000 pid=2818756 comm="/usr/bin/dbus-broker-launch --config-file=/usr/sha")
dbus-daemon[2818281]: [session uid=1000 pid=2818281 pidfd=5] Activated service 'org.freedesktop.systemd1' failed: Process org.freedesktop.systemd1 exited with status 1
{"trial": "DR010-modal-BASE-smoke-r00", "mode": "step", "outcome": "verified", "oracle_exact_match": true, "completion_mutations": 1, "routes": ["provider", "provider"], "error": null, "la": "8.25", "prov": {"attempts": 0, "reached": 0}}
dbus-daemon[2818281]: [session uid=1000 pid=2818281 pidfd=5] Activating service name='org.freedesktop.systemd1' requested by ':1.4' (uid=1000 pid=2818756 comm="/usr/bin/dbus-broker-launch --config-file=/usr/sha")
dbus-daemon[2818281]: [session uid=1000 pid=2818281 pidfd=5] Activated service 'org.freedesktop.systemd1' failed: Process org.freedesktop.systemd1 exited with status 1
dbus-daemon[2818281]: [session uid=1000 pid=2818281 pidfd=5] Activating service name='org.freedesktop.systemd1' requested by ':1.4' (uid=1000 pid=2818756 comm="/usr/bin/dbus-broker-launch --config-file=/usr/sha")
dbus-daemon[2818281]: [session uid=1000 pid=2818281 pidfd=5] Activated service 'org.freedesktop.systemd1' failed: Process org.freedesktop.systemd1 exited with status 1
dbus-daemon[2818281]: [session uid=1000 pid=2818281 pidfd=5] Activating service name='org.freedesktop.systemd1' requested by ':1.4' (uid=1000 pid=2818756 comm="/usr/bin/dbus-broker-launch --config-file=/usr/sha")
dbus-daemon[2818281]: [session uid=1000 pid=2818281 pidfd=5] Activated service 'org.freedesktop.systemd1' failed: Process org.freedesktop.systemd1 exited with status 1
{"trial": "DR011-modal-BASE-smoke-r01", "mode": "step", "outcome": "verified", "oracle_exact_match": true, "completion_mutations": 1, "routes": ["provider", "provider"], "error": null, "la": "7.99", "prov": {"attempts": 0, "reached": 0}}
dbus-daemon[2818281]: [session uid=1000 pid=2818281 pidfd=5] Activating service name='org.freedesktop.systemd1' requested by ':1.4' (uid=1000 pid=2818756 comm="/usr/bin/dbus-broker-launch --config-file=/usr/sha")
dbus-daemon[2818281]: [session uid=1000 pid=2818281 pidfd=5] Activated service 'org.freedesktop.systemd1' failed: Process org.freedesktop.systemd1 exited with status 1
dbus-daemon[2818281]: [session uid=1000 pid=2818281 pidfd=5] Activating service name='org.freedesktop.systemd1' requested by ':1.4' (uid=1000 pid=2818756 comm="/usr/bin/dbus-broker-launch --config-file=/usr/sha")
dbus-daemon[2818281]: [session uid=1000 pid=2818281 pidfd=5] Activated service 'org.freedesktop.systemd1' failed: Process org.freedesktop.systemd1 exited with status 1
dbus-daemon[2818281]: [session uid=1000 pid=2818281 pidfd=5] Activating service name='org.freedesktop.systemd1' requested by ':1.4' (uid=1000 pid=2818756 comm="/usr/bin/dbus-broker-launch --config-file=/usr/sha")
dbus-daemon[2818281]: [session uid=1000 pid=2818281 pidfd=5] Activated service 'org.freedesktop.systemd1' failed: Process org.freedesktop.systemd1 exited with status 1
{"trial": "DR012-modal-BASE-smoke-r02", "mode": "step", "outcome": "verified", "oracle_exact_match": true, "completion_mutations": 1, "routes": ["provider", "provider"], "error": null, "la": "7.99", "prov": {"attempts": 0, "reached": 0}}
dbus-daemon[2818281]: [session uid=1000 pid=2818281 pidfd=5] Activating service name='org.freedesktop.systemd1' requested by ':1.4' (uid=1000 pid=2818756 comm="/usr/bin/dbus-broker-launch --config-file=/usr/sha")
dbus-daemon[2818281]: [session uid=1000 pid=2818281 pidfd=5] Activated service 'org.freedesktop.systemd1' failed: Process org.freedesktop.systemd1 exited with status 1
dbus-daemon[2818281]: [session uid=1000 pid=2818281 pidfd=5] Activating service name='org.freedesktop.systemd1' requested by ':1.4' (uid=1000 pid=2818756 comm="/usr/bin/dbus-broker-launch --config-file=/usr/sha")
dbus-daemon[2818281]: [session uid=1000 pid=2818281 pidfd=5] Activated service 'org.freedesktop.systemd1' failed: Process org.freedesktop.systemd1 exited with status 1
dbus-daemon[2818281]: [session uid=1000 pid=2818281 pidfd=5] Activating service name='org.freedesktop.systemd1' requested by ':1.4' (uid=1000 pid=2818756 comm="/usr/bin/dbus-broker-launch --config-file=/usr/sha")
dbus-daemon[2818281]: [session uid=1000 pid=2818281 pidfd=5] Activated service 'org.freedesktop.systemd1' failed: Process org.freedesktop.systemd1 exited with status 1
{"trial": "DR013-modal-BASE-smoke-r03", "mode": "step", "outcome": "verified", "oracle_exact_match": true, "completion_mutations": 1, "routes": ["provider", "provider"], "error": null, "la": "7.99", "prov": {"attempts": 0, "reached": 0}}
dbus-daemon[2818281]: [session uid=1000 pid=2818281 pidfd=5] Activating service name='org.freedesktop.systemd1' requested by ':1.4' (uid=1000 pid=2818756 comm="/usr/bin/dbus-broker-launch --config-file=/usr/sha")
dbus-daemon[2818281]: [session uid=1000 pid=2818281 pidfd=5] Activated service 'org.freedesktop.systemd1' failed: Process org.freedesktop.systemd1 exited with status 1
dbus-daemon[2818281]: [session uid=1000 pid=2818281 pidfd=5] Activating service name='org.freedesktop.systemd1' requested by ':1.4' (uid=1000 pid=2818756 comm="/usr/bin/dbus-broker-launch --config-file=/usr/sha")
dbus-daemon[2818281]: [session uid=1000 pid=2818281 pidfd=5] Activated service 'org.freedesktop.systemd1' failed: Process org.freedesktop.systemd1 exited with status 1
dbus-daemon[2818281]: [session uid=1000 pid=2818281 pidfd=5] Activating service name='org.freedesktop.systemd1' requested by ':1.4' (uid=1000 pid=2818756 comm="/usr/bin/dbus-broker-launch --config-file=/usr/sha")
dbus-daemon[2818281]: [session uid=1000 pid=2818281 pidfd=5] Activated service 'org.freedesktop.systemd1' failed: Process org.freedesktop.systemd1 exited with status 1
{"trial": "DR014-modal-BASE-smoke-r04", "mode": "step", "outcome": "verified", "oracle_exact_match": true, "completion_mutations": 1, "routes": ["provider", "provider"], "error": null, "la": "8.31", "prov": {"attempts": 0, "reached": 0}}
X connection to :100 broken (explicit kill or server shutdown).
X connection to :100 broken (explicit kill or server shutdown).
A connection to the bus can't be made
[session] exit rc=0 run_dir=<tmp-root>/x11-session.eu0uQX
[2026-10-03T03:03:18.687Z] chunk r2-10r-a2-p0d-smoke-R rc=0 loadavg=8.37 11.47 9.40
