[2026-10-03T03:03:25.057Z] chunk r2-10r-a2-p0d-smoke-C mode=shared atspi=0 live=0 loadavg=7.86 11.31 9.36
[session] DISPLAY=:103 openbox=2833987 picom=2833988 dbus=unix:path=<session-bus>,guid=3dcb39dd685064d345aebf566ac07080
[r2-10] display=:103 xdg_runtime_private=yes key=absent loadavg=7.79 11.24 9.35 atspi=0
dbus-daemon[2833985]: [session uid=1000 pid=2833985 pidfd=5] Activating service name='org.a11y.Bus' requested by ':1.0' (uid=1000 pid=2834112 comm="<lanes>/bin/cua-driver-r2")
dbus-daemon[2833985]: [session uid=1000 pid=2833985 pidfd=5] Successfully activated service 'org.a11y.Bus'
dbus-daemon[2833985]: [session uid=1000 pid=2833985 pidfd=5] Activating service name='ca.desrt.dconf' requested by ':1.1' (uid=1000 pid=2834124 comm="/usr/lib/at-spi-bus-launcher")
dbus-daemon[2833985]: [session uid=1000 pid=2833985 pidfd=5] Successfully activated service 'ca.desrt.dconf'
dbus-daemon[2833985]: [session uid=1000 pid=2833985 pidfd=5] Activating service name='org.freedesktop.systemd1' requested by ':1.4' (uid=1000 pid=2834151 comm="/usr/bin/dbus-broker-launch --config-file=/usr/sha")
dbus-daemon[2833985]: [session uid=1000 pid=2833985 pidfd=5] Activated service 'org.freedesktop.systemd1' failed: Process org.freedesktop.systemd1 exited with status 1
dbus-daemon[2833985]: [session uid=1000 pid=2833985 pidfd=5] Activating service name='org.gtk.vfs.Daemon' requested by ':1.5' (uid=1000 pid=2834213 comm="/opt/google/chrome/chrome --remote-debugging-port=")
dbus-daemon[2833985]: [session uid=1000 pid=2833985 pidfd=5] Successfully activated service 'org.gtk.vfs.Daemon'
fusermount3: mount failed: Operation not permitted
dbus-daemon[2833985]: [session uid=1000 pid=2833985 pidfd=5] Activating service name='org.freedesktop.systemd1' requested by ':1.4' (uid=1000 pid=2834151 comm="/usr/bin/dbus-broker-launch --config-file=/usr/sha")
dbus-daemon[2833985]: [session uid=1000 pid=2833985 pidfd=5] Activated service 'org.freedesktop.systemd1' failed: Process org.freedesktop.systemd1 exited with status 1
dbus-daemon[2833985]: [session uid=1000 pid=2833985 pidfd=5] Activating service name='org.freedesktop.systemd1' requested by ':1.4' (uid=1000 pid=2834151 comm="/usr/bin/dbus-broker-launch --config-file=/usr/sha")
dbus-daemon[2833985]: [session uid=1000 pid=2833985 pidfd=5] Activated service 'org.freedesktop.systemd1' failed: Process org.freedesktop.systemd1 exited with status 1
dbus-daemon[2833985]: [session uid=1000 pid=2833985 pidfd=5] Activating service name='org.freedesktop.Notifications' requested by ':1.7' (uid=1000 pid=2834213 comm="/opt/google/chrome/chrome --remote-debugging-port=")
dbus-daemon[2833985]: [session uid=1000 pid=2833985 pidfd=5] Activating service name='org.freedesktop.portal.Desktop' requested by ':1.7' (uid=1000 pid=2834213 comm="/opt/google/chrome/chrome --remote-debugging-port=")
dbus-daemon[2833985]: [session uid=1000 pid=2833985 pidfd=5] Activating service name='org.freedesktop.impl.portal.PermissionStore' requested by ':1.9' (uid=1000 pid=2834385 comm="/usr/lib/xdg-desktop-portal")
dbus-daemon[2833985]: [session uid=1000 pid=2833985 pidfd=5] Successfully activated service 'org.freedesktop.Notifications'
dbus-daemon[2833985]: [session uid=1000 pid=2833985 pidfd=5] Successfully activated service 'org.freedesktop.impl.portal.PermissionStore'
dbus-daemon[2833985]: [session uid=1000 pid=2833985 pidfd=5] Activating service name='org.freedesktop.portal.Documents' requested by ':1.9' (uid=1000 pid=2834385 comm="/usr/lib/xdg-desktop-portal")
dbus-daemon[2833985]: [session uid=1000 pid=2833985 pidfd=5] Successfully activated service 'org.freedesktop.portal.Documents'
fusermount3: mount failed: Operation not permitted
error: fuse init failed: Can't mount path <tmp-root>/x11-session.X3dgBV/xdg-runtime/doc


dbus-daemon[2833985]: [session uid=1000 pid=2833985 pidfd=5] Activating service name='org.freedesktop.impl.portal.desktop.gtk' requested by ':1.9' (uid=1000 pid=2834385 comm="/usr/lib/xdg-desktop-portal")
dbus-daemon[2833985]: [session uid=1000 pid=2833985 pidfd=5] Activating service name='org.freedesktop.systemd1' requested by ':1.4' (uid=1000 pid=2834151 comm="/usr/bin/dbus-broker-launch --config-file=/usr/sha")
dbus-daemon[2833985]: [session uid=1000 pid=2833985 pidfd=5] Activated service 'org.freedesktop.systemd1' failed: Process org.freedesktop.systemd1 exited with status 1
dbus-daemon[2833985]: [session uid=1000 pid=2833985 pidfd=5] Successfully activated service 'org.freedesktop.impl.portal.desktop.gtk'


dbus-daemon[2833985]: [session uid=1000 pid=2833985 pidfd=5] Activating service name='org.freedesktop.systemd1' requested by ':1.4' (uid=1000 pid=2834151 comm="/usr/bin/dbus-broker-launch --config-file=/usr/sha")

dbus-daemon[2833985]: [session uid=1000 pid=2833985 pidfd=5] Activated service 'org.freedesktop.systemd1' failed: Process org.freedesktop.systemd1 exited with status 1












dbus-daemon[2833985]: [session uid=1000 pid=2833985 pidfd=5] Successfully activated service 'org.freedesktop.portal.Desktop'
{"trial": "DC000-fill-BASE-smoke-r00", "mode": "step", "outcome": "verified", "oracle_exact_match": true, "completion_mutations": 1, "routes": ["provider", "provider"], "error": null, "la": "7.79", "prov": {"attempts": 0, "reached": 0}}
dbus-daemon[2833985]: [session uid=1000 pid=2833985 pidfd=5] Activating service name='org.freedesktop.systemd1' requested by ':1.4' (uid=1000 pid=2834151 comm="/usr/bin/dbus-broker-launch --config-file=/usr/sha")
dbus-daemon[2833985]: [session uid=1000 pid=2833985 pidfd=5] Activated service 'org.freedesktop.systemd1' failed: Process org.freedesktop.systemd1 exited with status 1
dbus-daemon[2833985]: [session uid=1000 pid=2833985 pidfd=5] Activating service name='org.freedesktop.systemd1' requested by ':1.4' (uid=1000 pid=2834151 comm="/usr/bin/dbus-broker-launch --config-file=/usr/sha")
dbus-daemon[2833985]: [session uid=1000 pid=2833985 pidfd=5] Activated service 'org.freedesktop.systemd1' failed: Process org.freedesktop.systemd1 exited with status 1
dbus-daemon[2833985]: [session uid=1000 pid=2833985 pidfd=5] Activating service name='org.freedesktop.systemd1' requested by ':1.4' (uid=1000 pid=2834151 comm="/usr/bin/dbus-broker-launch --config-file=/usr/sha")
dbus-daemon[2833985]: [session uid=1000 pid=2833985 pidfd=5] Activated service 'org.freedesktop.systemd1' failed: Process org.freedesktop.systemd1 exited with status 1
{"trial": "DC001-fill-BASE-smoke-r01", "mode": "step", "outcome": "verified", "oracle_exact_match": true, "completion_mutations": 1, "routes": ["provider", "provider"], "error": null, "la": "7.64", "prov": {"attempts": 0, "reached": 0}}
dbus-daemon[2833985]: [session uid=1000 pid=2833985 pidfd=5] Activating service name='org.freedesktop.systemd1' requested by ':1.4' (uid=1000 pid=2834151 comm="/usr/bin/dbus-broker-launch --config-file=/usr/sha")
dbus-daemon[2833985]: [session uid=1000 pid=2833985 pidfd=5] Activated service 'org.freedesktop.systemd1' failed: Process org.freedesktop.systemd1 exited with status 1
dbus-daemon[2833985]: [session uid=1000 pid=2833985 pidfd=5] Activating service name='org.freedesktop.systemd1' requested by ':1.4' (uid=1000 pid=2834151 comm="/usr/bin/dbus-broker-launch --config-file=/usr/sha")
dbus-daemon[2833985]: [session uid=1000 pid=2833985 pidfd=5] Activated service 'org.freedesktop.systemd1' failed: Process org.freedesktop.systemd1 exited with status 1
dbus-daemon[2833985]: [session uid=1000 pid=2833985 pidfd=5] Activating service name='org.freedesktop.systemd1' requested by ':1.4' (uid=1000 pid=2834151 comm="/usr/bin/dbus-broker-launch --config-file=/usr/sha")
dbus-daemon[2833985]: [session uid=1000 pid=2833985 pidfd=5] Activated service 'org.freedesktop.systemd1' failed: Process org.freedesktop.systemd1 exited with status 1
{"trial": "DC002-fill-BASE-smoke-r02", "mode": "step", "outcome": "verified", "oracle_exact_match": true, "completion_mutations": 1, "routes": ["provider", "provider"], "error": null, "la": "7.19", "prov": {"attempts": 0, "reached": 0}}
dbus-daemon[2833985]: [session uid=1000 pid=2833985 pidfd=5] Activating service name='org.freedesktop.systemd1' requested by ':1.4' (uid=1000 pid=2834151 comm="/usr/bin/dbus-broker-launch --config-file=/usr/sha")
dbus-daemon[2833985]: [session uid=1000 pid=2833985 pidfd=5] Activated service 'org.freedesktop.systemd1' failed: Process org.freedesktop.systemd1 exited with status 1
dbus-daemon[2833985]: [session uid=1000 pid=2833985 pidfd=5] Activating service name='org.freedesktop.systemd1' requested by ':1.4' (uid=1000 pid=2834151 comm="/usr/bin/dbus-broker-launch --config-file=/usr/sha")
dbus-daemon[2833985]: [session uid=1000 pid=2833985 pidfd=5] Activated service 'org.freedesktop.systemd1' failed: Process org.freedesktop.systemd1 exited with status 1
dbus-daemon[2833985]: [session uid=1000 pid=2833985 pidfd=5] Activating service name='org.freedesktop.systemd1' requested by ':1.4' (uid=1000 pid=2834151 comm="/usr/bin/dbus-broker-launch --config-file=/usr/sha")
dbus-daemon[2833985]: [session uid=1000 pid=2833985 pidfd=5] Activated service 'org.freedesktop.systemd1' failed: Process org.freedesktop.systemd1 exited with status 1
{"trial": "DC003-fill-BASE-smoke-r03", "mode": "step", "outcome": "verified", "oracle_exact_match": true, "completion_mutations": 1, "routes": ["provider", "provider"], "error": null, "la": "6.86", "prov": {"attempts": 0, "reached": 0}}
dbus-daemon[2833985]: [session uid=1000 pid=2833985 pidfd=5] Activating service name='org.freedesktop.systemd1' requested by ':1.4' (uid=1000 pid=2834151 comm="/usr/bin/dbus-broker-launch --config-file=/usr/sha")
dbus-daemon[2833985]: [session uid=1000 pid=2833985 pidfd=5] Activated service 'org.freedesktop.systemd1' failed: Process org.freedesktop.systemd1 exited with status 1
dbus-daemon[2833985]: [session uid=1000 pid=2833985 pidfd=5] Activating service name='org.freedesktop.systemd1' requested by ':1.4' (uid=1000 pid=2834151 comm="/usr/bin/dbus-broker-launch --config-file=/usr/sha")
dbus-daemon[2833985]: [session uid=1000 pid=2833985 pidfd=5] Activated service 'org.freedesktop.systemd1' failed: Process org.freedesktop.systemd1 exited with status 1
dbus-daemon[2833985]: [session uid=1000 pid=2833985 pidfd=5] Activating service name='org.freedesktop.systemd1' requested by ':1.4' (uid=1000 pid=2834151 comm="/usr/bin/dbus-broker-launch --config-file=/usr/sha")
dbus-daemon[2833985]: [session uid=1000 pid=2833985 pidfd=5] Activated service 'org.freedesktop.systemd1' failed: Process org.freedesktop.systemd1 exited with status 1
{"trial": "DC004-fill-BASE-smoke-r04", "mode": "step", "outcome": "verified", "oracle_exact_match": true, "completion_mutations": 1, "routes": ["provider", "provider"], "error": null, "la": "6.55", "prov": {"attempts": 0, "reached": 0}}
dbus-daemon[2833985]: [session uid=1000 pid=2833985 pidfd=5] Activating service name='org.freedesktop.systemd1' requested by ':1.4' (uid=1000 pid=2834151 comm="/usr/bin/dbus-broker-launch --config-file=/usr/sha")
dbus-daemon[2833985]: [session uid=1000 pid=2833985 pidfd=5] Activated service 'org.freedesktop.systemd1' failed: Process org.freedesktop.systemd1 exited with status 1
dbus-daemon[2833985]: [session uid=1000 pid=2833985 pidfd=5] Activating service name='org.freedesktop.systemd1' requested by ':1.4' (uid=1000 pid=2834151 comm="/usr/bin/dbus-broker-launch --config-file=/usr/sha")
dbus-daemon[2833985]: [session uid=1000 pid=2833985 pidfd=5] Activated service 'org.freedesktop.systemd1' failed: Process org.freedesktop.systemd1 exited with status 1
dbus-daemon[2833985]: [session uid=1000 pid=2833985 pidfd=5] Activating service name='org.freedesktop.systemd1' requested by ':1.4' (uid=1000 pid=2834151 comm="/usr/bin/dbus-broker-launch --config-file=/usr/sha")
dbus-daemon[2833985]: [session uid=1000 pid=2833985 pidfd=5] Activated service 'org.freedesktop.systemd1' failed: Process org.freedesktop.systemd1 exited with status 1
{"trial": "DC005-toggle-BASE-smoke-r00", "mode": "step", "outcome": "verified", "oracle_exact_match": true, "completion_mutations": 1, "routes": ["provider", "provider"], "error": null, "la": "6.55", "prov": {"attempts": 0, "reached": 0}}
dbus-daemon[2833985]: [session uid=1000 pid=2833985 pidfd=5] Activating service name='org.freedesktop.systemd1' requested by ':1.4' (uid=1000 pid=2834151 comm="/usr/bin/dbus-broker-launch --config-file=/usr/sha")
dbus-daemon[2833985]: [session uid=1000 pid=2833985 pidfd=5] Activated service 'org.freedesktop.systemd1' failed: Process org.freedesktop.systemd1 exited with status 1
dbus-daemon[2833985]: [session uid=1000 pid=2833985 pidfd=5] Activating service name='org.freedesktop.systemd1' requested by ':1.4' (uid=1000 pid=2834151 comm="/usr/bin/dbus-broker-launch --config-file=/usr/sha")
dbus-daemon[2833985]: [session uid=1000 pid=2833985 pidfd=5] Activated service 'org.freedesktop.systemd1' failed: Process org.freedesktop.systemd1 exited with status 1
dbus-daemon[2833985]: [session uid=1000 pid=2833985 pidfd=5] Activating service name='org.freedesktop.systemd1' requested by ':1.4' (uid=1000 pid=2834151 comm="/usr/bin/dbus-broker-launch --config-file=/usr/sha")
dbus-daemon[2833985]: [session uid=1000 pid=2833985 pidfd=5] Activated service 'org.freedesktop.systemd1' failed: Process org.freedesktop.systemd1 exited with status 1
{"trial": "DC006-toggle-BASE-smoke-r01", "mode": "step", "outcome": "verified", "oracle_exact_match": true, "completion_mutations": 1, "routes": ["provider", "provider"], "error": null, "la": "6.58", "prov": {"attempts": 0, "reached": 0}}
dbus-daemon[2833985]: [session uid=1000 pid=2833985 pidfd=5] Activating service name='org.freedesktop.systemd1' requested by ':1.4' (uid=1000 pid=2834151 comm="/usr/bin/dbus-broker-launch --config-file=/usr/sha")
dbus-daemon[2833985]: [session uid=1000 pid=2833985 pidfd=5] Activated service 'org.freedesktop.systemd1' failed: Process org.freedesktop.systemd1 exited with status 1
dbus-daemon[2833985]: [session uid=1000 pid=2833985 pidfd=5] Activating service name='org.freedesktop.systemd1' requested by ':1.4' (uid=1000 pid=2834151 comm="/usr/bin/dbus-broker-launch --config-file=/usr/sha")
dbus-daemon[2833985]: [session uid=1000 pid=2833985 pidfd=5] Activated service 'org.freedesktop.systemd1' failed: Process org.freedesktop.systemd1 exited with status 1
dbus-daemon[2833985]: [session uid=1000 pid=2833985 pidfd=5] Activating service name='org.freedesktop.systemd1' requested by ':1.4' (uid=1000 pid=2834151 comm="/usr/bin/dbus-broker-launch --config-file=/usr/sha")
dbus-daemon[2833985]: [session uid=1000 pid=2833985 pidfd=5] Activated service 'org.freedesktop.systemd1' failed: Process org.freedesktop.systemd1 exited with status 1
{"trial": "DC007-toggle-BASE-smoke-r02", "mode": "step", "outcome": "verified", "oracle_exact_match": true, "completion_mutations": 1, "routes": ["provider", "provider"], "error": null, "la": "6.62", "prov": {"attempts": 0, "reached": 0}}
dbus-daemon[2833985]: [session uid=1000 pid=2833985 pidfd=5] Activating service name='org.freedesktop.systemd1' requested by ':1.4' (uid=1000 pid=2834151 comm="/usr/bin/dbus-broker-launch --config-file=/usr/sha")
dbus-daemon[2833985]: [session uid=1000 pid=2833985 pidfd=5] Activated service 'org.freedesktop.systemd1' failed: Process org.freedesktop.systemd1 exited with status 1
dbus-daemon[2833985]: [session uid=1000 pid=2833985 pidfd=5] Activating service name='org.freedesktop.systemd1' requested by ':1.4' (uid=1000 pid=2834151 comm="/usr/bin/dbus-broker-launch --config-file=/usr/sha")
dbus-daemon[2833985]: [session uid=1000 pid=2833985 pidfd=5] Activated service 'org.freedesktop.systemd1' failed: Process org.freedesktop.systemd1 exited with status 1
dbus-daemon[2833985]: [session uid=1000 pid=2833985 pidfd=5] Activating service name='org.freedesktop.systemd1' requested by ':1.4' (uid=1000 pid=2834151 comm="/usr/bin/dbus-broker-launch --config-file=/usr/sha")
dbus-daemon[2833985]: [session uid=1000 pid=2833985 pidfd=5] Activated service 'org.freedesktop.systemd1' failed: Process org.freedesktop.systemd1 exited with status 1
{"trial": "DC008-toggle-BASE-smoke-r03", "mode": "step", "outcome": "verified", "oracle_exact_match": true, "completion_mutations": 1, "routes": ["provider", "provider"], "error": null, "la": "6.41", "prov": {"attempts": 0, "reached": 0}}
dbus-daemon[2833985]: [session uid=1000 pid=2833985 pidfd=5] Activating service name='org.freedesktop.systemd1' requested by ':1.4' (uid=1000 pid=2834151 comm="/usr/bin/dbus-broker-launch --config-file=/usr/sha")
dbus-daemon[2833985]: [session uid=1000 pid=2833985 pidfd=5] Activated service 'org.freedesktop.systemd1' failed: Process org.freedesktop.systemd1 exited with status 1
dbus-daemon[2833985]: [session uid=1000 pid=2833985 pidfd=5] Activating service name='org.freedesktop.systemd1' requested by ':1.4' (uid=1000 pid=2834151 comm="/usr/bin/dbus-broker-launch --config-file=/usr/sha")
dbus-daemon[2833985]: [session uid=1000 pid=2833985 pidfd=5] Activated service 'org.freedesktop.systemd1' failed: Process org.freedesktop.systemd1 exited with status 1
dbus-daemon[2833985]: [session uid=1000 pid=2833985 pidfd=5] Activating service name='org.freedesktop.systemd1' requested by ':1.4' (uid=1000 pid=2834151 comm="/usr/bin/dbus-broker-launch --config-file=/usr/sha")
dbus-daemon[2833985]: [session uid=1000 pid=2833985 pidfd=5] Activated service 'org.freedesktop.systemd1' failed: Process org.freedesktop.systemd1 exited with status 1
{"trial": "DC009-toggle-BASE-smoke-r04", "mode": "step", "outcome": "verified", "oracle_exact_match": true, "completion_mutations": 1, "routes": ["provider", "provider"], "error": null, "la": "6.41", "prov": {"attempts": 0, "reached": 0}}
dbus-daemon[2833985]: [session uid=1000 pid=2833985 pidfd=5] Activating service name='org.freedesktop.systemd1' requested by ':1.4' (uid=1000 pid=2834151 comm="/usr/bin/dbus-broker-launch --config-file=/usr/sha")
dbus-daemon[2833985]: [session uid=1000 pid=2833985 pidfd=5] Activated service 'org.freedesktop.systemd1' failed: Process org.freedesktop.systemd1 exited with status 1
dbus-daemon[2833985]: [session uid=1000 pid=2833985 pidfd=5] Activating service name='org.freedesktop.systemd1' requested by ':1.4' (uid=1000 pid=2834151 comm="/usr/bin/dbus-broker-launch --config-file=/usr/sha")
dbus-daemon[2833985]: [session uid=1000 pid=2833985 pidfd=5] Activated service 'org.freedesktop.systemd1' failed: Process org.freedesktop.systemd1 exited with status 1
dbus-daemon[2833985]: [session uid=1000 pid=2833985 pidfd=5] Activating service name='org.freedesktop.systemd1' requested by ':1.4' (uid=1000 pid=2834151 comm="/usr/bin/dbus-broker-launch --config-file=/usr/sha")
dbus-daemon[2833985]: [session uid=1000 pid=2833985 pidfd=5] Activated service 'org.freedesktop.systemd1' failed: Process org.freedesktop.systemd1 exited with status 1
{"trial": "DC010-modal-BASE-smoke-r00", "mode": "step", "outcome": "verified", "oracle_exact_match": true, "completion_mutations": 1, "routes": ["provider", "provider"], "error": null, "la": "6.62", "prov": {"attempts": 0, "reached": 0}}
dbus-daemon[2833985]: [session uid=1000 pid=2833985 pidfd=5] Activating service name='org.freedesktop.systemd1' requested by ':1.4' (uid=1000 pid=2834151 comm="/usr/bin/dbus-broker-launch --config-file=/usr/sha")
dbus-daemon[2833985]: [session uid=1000 pid=2833985 pidfd=5] Activated service 'org.freedesktop.systemd1' failed: Process org.freedesktop.systemd1 exited with status 1
dbus-daemon[2833985]: [session uid=1000 pid=2833985 pidfd=5] Activating service name='org.freedesktop.systemd1' requested by ':1.4' (uid=1000 pid=2834151 comm="/usr/bin/dbus-broker-launch --config-file=/usr/sha")
dbus-daemon[2833985]: [session uid=1000 pid=2833985 pidfd=5] Activated service 'org.freedesktop.systemd1' failed: Process org.freedesktop.systemd1 exited with status 1
dbus-daemon[2833985]: [session uid=1000 pid=2833985 pidfd=5] Activating service name='org.freedesktop.systemd1' requested by ':1.4' (uid=1000 pid=2834151 comm="/usr/bin/dbus-broker-launch --config-file=/usr/sha")
dbus-daemon[2833985]: [session uid=1000 pid=2833985 pidfd=5] Activated service 'org.freedesktop.systemd1' failed: Process org.freedesktop.systemd1 exited with status 1
{"trial": "DC011-modal-BASE-smoke-r01", "mode": "step", "outcome": "verified", "oracle_exact_match": true, "completion_mutations": 1, "routes": ["provider", "provider"], "error": null, "la": "6.89", "prov": {"attempts": 0, "reached": 0}}
dbus-daemon[2833985]: [session uid=1000 pid=2833985 pidfd=5] Activating service name='org.freedesktop.systemd1' requested by ':1.4' (uid=1000 pid=2834151 comm="/usr/bin/dbus-broker-launch --config-file=/usr/sha")
dbus-daemon[2833985]: [session uid=1000 pid=2833985 pidfd=5] Activated service 'org.freedesktop.systemd1' failed: Process org.freedesktop.systemd1 exited with status 1
dbus-daemon[2833985]: [session uid=1000 pid=2833985 pidfd=5] Activating service name='org.freedesktop.systemd1' requested by ':1.4' (uid=1000 pid=2834151 comm="/usr/bin/dbus-broker-launch --config-file=/usr/sha")
dbus-daemon[2833985]: [session uid=1000 pid=2833985 pidfd=5] Activated service 'org.freedesktop.systemd1' failed: Process org.freedesktop.systemd1 exited with status 1
dbus-daemon[2833985]: [session uid=1000 pid=2833985 pidfd=5] Activating service name='org.freedesktop.systemd1' requested by ':1.4' (uid=1000 pid=2834151 comm="/usr/bin/dbus-broker-launch --config-file=/usr/sha")
dbus-daemon[2833985]: [session uid=1000 pid=2833985 pidfd=5] Activated service 'org.freedesktop.systemd1' failed: Process org.freedesktop.systemd1 exited with status 1
{"trial": "DC012-modal-BASE-smoke-r02", "mode": "step", "outcome": "verified", "oracle_exact_match": true, "completion_mutations": 1, "routes": ["provider", "provider"], "error": null, "la": "6.89", "prov": {"attempts": 0, "reached": 0}}
dbus-daemon[2833985]: [session uid=1000 pid=2833985 pidfd=5] Activating service name='org.freedesktop.systemd1' requested by ':1.4' (uid=1000 pid=2834151 comm="/usr/bin/dbus-broker-launch --config-file=/usr/sha")
dbus-daemon[2833985]: [session uid=1000 pid=2833985 pidfd=5] Activated service 'org.freedesktop.systemd1' failed: Process org.freedesktop.systemd1 exited with status 1
dbus-daemon[2833985]: [session uid=1000 pid=2833985 pidfd=5] Activating service name='org.freedesktop.systemd1' requested by ':1.4' (uid=1000 pid=2834151 comm="/usr/bin/dbus-broker-launch --config-file=/usr/sha")
dbus-daemon[2833985]: [session uid=1000 pid=2833985 pidfd=5] Activated service 'org.freedesktop.systemd1' failed: Process org.freedesktop.systemd1 exited with status 1
dbus-daemon[2833985]: [session uid=1000 pid=2833985 pidfd=5] Activating service name='org.freedesktop.systemd1' requested by ':1.4' (uid=1000 pid=2834151 comm="/usr/bin/dbus-broker-launch --config-file=/usr/sha")
dbus-daemon[2833985]: [session uid=1000 pid=2833985 pidfd=5] Activated service 'org.freedesktop.systemd1' failed: Process org.freedesktop.systemd1 exited with status 1
{"trial": "DC013-modal-BASE-smoke-r03", "mode": "step", "outcome": "verified", "oracle_exact_match": true, "completion_mutations": 1, "routes": ["provider", "provider"], "error": null, "la": "6.82", "prov": {"attempts": 0, "reached": 0}}
dbus-daemon[2833985]: [session uid=1000 pid=2833985 pidfd=5] Activating service name='org.freedesktop.systemd1' requested by ':1.4' (uid=1000 pid=2834151 comm="/usr/bin/dbus-broker-launch --config-file=/usr/sha")
dbus-daemon[2833985]: [session uid=1000 pid=2833985 pidfd=5] Activated service 'org.freedesktop.systemd1' failed: Process org.freedesktop.systemd1 exited with status 1
dbus-daemon[2833985]: [session uid=1000 pid=2833985 pidfd=5] Activating service name='org.freedesktop.systemd1' requested by ':1.4' (uid=1000 pid=2834151 comm="/usr/bin/dbus-broker-launch --config-file=/usr/sha")
dbus-daemon[2833985]: [session uid=1000 pid=2833985 pidfd=5] Activated service 'org.freedesktop.systemd1' failed: Process org.freedesktop.systemd1 exited with status 1
dbus-daemon[2833985]: [session uid=1000 pid=2833985 pidfd=5] Activating service name='org.freedesktop.systemd1' requested by ':1.4' (uid=1000 pid=2834151 comm="/usr/bin/dbus-broker-launch --config-file=/usr/sha")
dbus-daemon[2833985]: [session uid=1000 pid=2833985 pidfd=5] Activated service 'org.freedesktop.systemd1' failed: Process org.freedesktop.systemd1 exited with status 1
{"trial": "DC014-modal-BASE-smoke-r04", "mode": "step", "outcome": "verified", "oracle_exact_match": true, "completion_mutations": 1, "routes": ["provider", "provider"], "error": null, "la": "7.07", "prov": {"attempts": 0, "reached": 0}}
CRITICAL: [dbus_cb_name_lost:1438] Cannot connect to DBus.
A connection to the bus can't be made
[session] exit rc=0 run_dir=<tmp-root>/x11-session.X3dgBV
[2026-10-03T03:04:26.606Z] chunk r2-10r-a2-p0d-smoke-C rc=0 loadavg=6.74 10.27 9.13
