[2026-10-03T03:05:32.493Z] chunk r2-10r-a2-p0e-train mode=shared atspi=0 live=0 loadavg=6.72 9.59 8.97
[session] DISPLAY=:100 openbox=2860521 picom=2860522 dbus=unix:path=/tmp/dbus-WDuELwEerg,guid=4f35ede974b972d64cc9dad16ac070ff
[r2-10] display=:100 xdg_runtime_private=yes key=absent loadavg=6.42 9.48 8.94 atspi=0
dbus-daemon[2860519]: [session uid=1000 pid=2860519 pidfd=5] Activating service name='org.a11y.Bus' requested by ':1.0' (uid=1000 pid=2860808 comm="<lanes>/bin/cua-driver-r2")
dbus-daemon[2860519]: [session uid=1000 pid=2860519 pidfd=5] Successfully activated service 'org.a11y.Bus'
dbus-daemon[2860519]: [session uid=1000 pid=2860519 pidfd=5] Activating service name='ca.desrt.dconf' requested by ':1.1' (uid=1000 pid=2860822 comm="/usr/lib/at-spi-bus-launcher")
dbus-daemon[2860519]: [session uid=1000 pid=2860519 pidfd=5] Successfully activated service 'ca.desrt.dconf'
dbus-daemon[2860519]: [session uid=1000 pid=2860519 pidfd=5] Activating service name='org.freedesktop.systemd1' requested by ':1.4' (uid=1000 pid=2860848 comm="/usr/bin/dbus-broker-launch --config-file=/usr/sha")
dbus-daemon[2860519]: [session uid=1000 pid=2860519 pidfd=5] Activated service 'org.freedesktop.systemd1' failed: Process org.freedesktop.systemd1 exited with status 1
dbus-daemon[2860519]: [session uid=1000 pid=2860519 pidfd=5] Activating service name='org.gtk.vfs.Daemon' requested by ':1.5' (uid=1000 pid=2860919 comm="/opt/google/chrome/chrome --remote-debugging-port=")
dbus-daemon[2860519]: [session uid=1000 pid=2860519 pidfd=5] Successfully activated service 'org.gtk.vfs.Daemon'
fusermount3: mount failed: Operation not permitted
dbus-daemon[2860519]: [session uid=1000 pid=2860519 pidfd=5] Activating service name='org.freedesktop.systemd1' requested by ':1.4' (uid=1000 pid=2860848 comm="/usr/bin/dbus-broker-launch --config-file=/usr/sha")
dbus-daemon[2860519]: [session uid=1000 pid=2860519 pidfd=5] Activated service 'org.freedesktop.systemd1' failed: Process org.freedesktop.systemd1 exited with status 1
dbus-daemon[2860519]: [session uid=1000 pid=2860519 pidfd=5] Activating service name='org.freedesktop.systemd1' requested by ':1.4' (uid=1000 pid=2860848 comm="/usr/bin/dbus-broker-launch --config-file=/usr/sha")
dbus-daemon[2860519]: [session uid=1000 pid=2860519 pidfd=5] Activated service 'org.freedesktop.systemd1' failed: Process org.freedesktop.systemd1 exited with status 1
dbus-daemon[2860519]: [session uid=1000 pid=2860519 pidfd=5] Activating service name='org.freedesktop.Notifications' requested by ':1.7' (uid=1000 pid=2860919 comm="/opt/google/chrome/chrome --remote-debugging-port=")
dbus-daemon[2860519]: [session uid=1000 pid=2860519 pidfd=5] Activating service name='org.freedesktop.portal.Desktop' requested by ':1.7' (uid=1000 pid=2860919 comm="/opt/google/chrome/chrome --remote-debugging-port=")
dbus-daemon[2860519]: [session uid=1000 pid=2860519 pidfd=5] Activating service name='org.freedesktop.impl.portal.PermissionStore' requested by ':1.9' (uid=1000 pid=2861095 comm="/usr/lib/xdg-desktop-portal")
dbus-daemon[2860519]: [session uid=1000 pid=2860519 pidfd=5] Successfully activated service 'org.freedesktop.Notifications'
dbus-daemon[2860519]: [session uid=1000 pid=2860519 pidfd=5] Successfully activated service 'org.freedesktop.impl.portal.PermissionStore'
dbus-daemon[2860519]: [session uid=1000 pid=2860519 pidfd=5] Activating service name='org.freedesktop.portal.Documents' requested by ':1.9' (uid=1000 pid=2861095 comm="/usr/lib/xdg-desktop-portal")
dbus-daemon[2860519]: [session uid=1000 pid=2860519 pidfd=5] Successfully activated service 'org.freedesktop.portal.Documents'
fusermount3: mount failed: Operation not permitted
error: fuse init failed: Can't mount path <tmp-root>/x11-session.lgaMsY/xdg-runtime/doc


dbus-daemon[2860519]: [session uid=1000 pid=2860519 pidfd=5] Activating service name='org.freedesktop.impl.portal.desktop.gtk' requested by ':1.9' (uid=1000 pid=2861095 comm="/usr/lib/xdg-desktop-portal")
dbus-daemon[2860519]: [session uid=1000 pid=2860519 pidfd=5] Activating service name='org.freedesktop.systemd1' requested by ':1.4' (uid=1000 pid=2860848 comm="/usr/bin/dbus-broker-launch --config-file=/usr/sha")
dbus-daemon[2860519]: [session uid=1000 pid=2860519 pidfd=5] Activated service 'org.freedesktop.systemd1' failed: Process org.freedesktop.systemd1 exited with status 1


dbus-daemon[2860519]: [session uid=1000 pid=2860519 pidfd=5] Successfully activated service 'org.freedesktop.impl.portal.desktop.gtk'
dbus-daemon[2860519]: [session uid=1000 pid=2860519 pidfd=5] Activating service name='org.freedesktop.systemd1' requested by ':1.4' (uid=1000 pid=2860848 comm="/usr/bin/dbus-broker-launch --config-file=/usr/sha")

dbus-daemon[2860519]: [session uid=1000 pid=2860519 pidfd=5] Activated service 'org.freedesktop.systemd1' failed: Process org.freedesktop.systemd1 exited with status 1












dbus-daemon[2860519]: [session uid=1000 pid=2860519 pidfd=5] Successfully activated service 'org.freedesktop.portal.Desktop'
dbus-daemon[2860519]: [session uid=1000 pid=2860519 pidfd=5] Activating service name='org.freedesktop.systemd1' requested by ':1.4' (uid=1000 pid=2860848 comm="/usr/bin/dbus-broker-launch --config-file=/usr/sha")
dbus-daemon[2860519]: [session uid=1000 pid=2860519 pidfd=5] Activated service 'org.freedesktop.systemd1' failed: Process org.freedesktop.systemd1 exited with status 1
dbus-daemon[2860519]: [session uid=1000 pid=2860519 pidfd=5] Activating service name='org.freedesktop.systemd1' requested by ':1.4' (uid=1000 pid=2860848 comm="/usr/bin/dbus-broker-launch --config-file=/usr/sha")
dbus-daemon[2860519]: [session uid=1000 pid=2860519 pidfd=5] Activated service 'org.freedesktop.systemd1' failed: Process org.freedesktop.systemd1 exited with status 1
dbus-daemon[2860519]: [session uid=1000 pid=2860519 pidfd=5] Activating service name='org.freedesktop.systemd1' requested by ':1.4' (uid=1000 pid=2860848 comm="/usr/bin/dbus-broker-launch --config-file=/usr/sha")
dbus-daemon[2860519]: [session uid=1000 pid=2860519 pidfd=5] Activated service 'org.freedesktop.systemd1' failed: Process org.freedesktop.systemd1 exited with status 1
{"trial": "G000-fill-COMP-measured-r00", "mode": "train", "outcome": "verified", "oracle_exact_match": true, "completion_mutations": 1, "routes": ["provider", "guarded-completion"], "error": null, "la": "6.42", "prov": {"attempts": 0, "reached": 0}}
dbus-daemon[2860519]: [session uid=1000 pid=2860519 pidfd=5] Activating service name='org.freedesktop.systemd1' requested by ':1.4' (uid=1000 pid=2860848 comm="/usr/bin/dbus-broker-launch --config-file=/usr/sha")
dbus-daemon[2860519]: [session uid=1000 pid=2860519 pidfd=5] Activated service 'org.freedesktop.systemd1' failed: Process org.freedesktop.systemd1 exited with status 1
dbus-daemon[2860519]: [session uid=1000 pid=2860519 pidfd=5] Activating service name='org.freedesktop.systemd1' requested by ':1.4' (uid=1000 pid=2860848 comm="/usr/bin/dbus-broker-launch --config-file=/usr/sha")
dbus-daemon[2860519]: [session uid=1000 pid=2860519 pidfd=5] Activated service 'org.freedesktop.systemd1' failed: Process org.freedesktop.systemd1 exited with status 1
dbus-daemon[2860519]: [session uid=1000 pid=2860519 pidfd=5] Activating service name='org.freedesktop.systemd1' requested by ':1.4' (uid=1000 pid=2860848 comm="/usr/bin/dbus-broker-launch --config-file=/usr/sha")
dbus-daemon[2860519]: [session uid=1000 pid=2860519 pidfd=5] Activated service 'org.freedesktop.systemd1' failed: Process org.freedesktop.systemd1 exited with status 1
dbus-daemon[2860519]: [session uid=1000 pid=2860519 pidfd=5] Activating service name='org.freedesktop.systemd1' requested by ':1.4' (uid=1000 pid=2860848 comm="/usr/bin/dbus-broker-launch --config-file=/usr/sha")
dbus-daemon[2860519]: [session uid=1000 pid=2860519 pidfd=5] Activated service 'org.freedesktop.systemd1' failed: Process org.freedesktop.systemd1 exited with status 1
dbus-daemon[2860519]: [session uid=1000 pid=2860519 pidfd=5] Activating service name='org.freedesktop.systemd1' requested by ':1.4' (uid=1000 pid=2860848 comm="/usr/bin/dbus-broker-launch --config-file=/usr/sha")
dbus-daemon[2860519]: [session uid=1000 pid=2860519 pidfd=5] Activated service 'org.freedesktop.systemd1' failed: Process org.freedesktop.systemd1 exited with status 1
dbus-daemon[2860519]: [session uid=1000 pid=2860519 pidfd=5] Activating service name='org.freedesktop.systemd1' requested by ':1.4' (uid=1000 pid=2860848 comm="/usr/bin/dbus-broker-launch --config-file=/usr/sha")
dbus-daemon[2860519]: [session uid=1000 pid=2860519 pidfd=5] Activated service 'org.freedesktop.systemd1' failed: Process org.freedesktop.systemd1 exited with status 1
{"trial": "G001-fill-COMP-measured-r01", "mode": "train", "outcome": "verified", "oracle_exact_match": true, "completion_mutations": 1, "routes": ["provider", "guarded-completion"], "error": null, "la": "6.07", "prov": {"attempts": 0, "reached": 0}}
dbus-daemon[2860519]: [session uid=1000 pid=2860519 pidfd=5] Activating service name='org.freedesktop.systemd1' requested by ':1.4' (uid=1000 pid=2860848 comm="/usr/bin/dbus-broker-launch --config-file=/usr/sha")
dbus-daemon[2860519]: [session uid=1000 pid=2860519 pidfd=5] Activated service 'org.freedesktop.systemd1' failed: Process org.freedesktop.systemd1 exited with status 1
dbus-daemon[2860519]: [session uid=1000 pid=2860519 pidfd=5] Activating service name='org.freedesktop.systemd1' requested by ':1.4' (uid=1000 pid=2860848 comm="/usr/bin/dbus-broker-launch --config-file=/usr/sha")
dbus-daemon[2860519]: [session uid=1000 pid=2860519 pidfd=5] Activated service 'org.freedesktop.systemd1' failed: Process org.freedesktop.systemd1 exited with status 1
dbus-daemon[2860519]: [session uid=1000 pid=2860519 pidfd=5] Activating service name='org.freedesktop.systemd1' requested by ':1.4' (uid=1000 pid=2860848 comm="/usr/bin/dbus-broker-launch --config-file=/usr/sha")
dbus-daemon[2860519]: [session uid=1000 pid=2860519 pidfd=5] Activated service 'org.freedesktop.systemd1' failed: Process org.freedesktop.systemd1 exited with status 1
dbus-daemon[2860519]: [session uid=1000 pid=2860519 pidfd=5] Activating service name='org.freedesktop.systemd1' requested by ':1.4' (uid=1000 pid=2860848 comm="/usr/bin/dbus-broker-launch --config-file=/usr/sha")
dbus-daemon[2860519]: [session uid=1000 pid=2860519 pidfd=5] Activated service 'org.freedesktop.systemd1' failed: Process org.freedesktop.systemd1 exited with status 1
dbus-daemon[2860519]: [session uid=1000 pid=2860519 pidfd=5] Activating service name='org.freedesktop.systemd1' requested by ':1.4' (uid=1000 pid=2860848 comm="/usr/bin/dbus-broker-launch --config-file=/usr/sha")
dbus-daemon[2860519]: [session uid=1000 pid=2860519 pidfd=5] Activated service 'org.freedesktop.systemd1' failed: Process org.freedesktop.systemd1 exited with status 1
dbus-daemon[2860519]: [session uid=1000 pid=2860519 pidfd=5] Activating service name='org.freedesktop.systemd1' requested by ':1.4' (uid=1000 pid=2860848 comm="/usr/bin/dbus-broker-launch --config-file=/usr/sha")
dbus-daemon[2860519]: [session uid=1000 pid=2860519 pidfd=5] Activated service 'org.freedesktop.systemd1' failed: Process org.freedesktop.systemd1 exited with status 1
{"trial": "G002-fill-COMP-measured-r02", "mode": "train", "outcome": "verified", "oracle_exact_match": true, "completion_mutations": 1, "routes": ["provider", "guarded-completion"], "error": null, "la": "6.07", "prov": {"attempts": 0, "reached": 0}}
dbus-daemon[2860519]: [session uid=1000 pid=2860519 pidfd=5] Activating service name='org.freedesktop.systemd1' requested by ':1.4' (uid=1000 pid=2860848 comm="/usr/bin/dbus-broker-launch --config-file=/usr/sha")
dbus-daemon[2860519]: [session uid=1000 pid=2860519 pidfd=5] Activated service 'org.freedesktop.systemd1' failed: Process org.freedesktop.systemd1 exited with status 1
dbus-daemon[2860519]: [session uid=1000 pid=2860519 pidfd=5] Activating service name='org.freedesktop.systemd1' requested by ':1.4' (uid=1000 pid=2860848 comm="/usr/bin/dbus-broker-launch --config-file=/usr/sha")
dbus-daemon[2860519]: [session uid=1000 pid=2860519 pidfd=5] Activated service 'org.freedesktop.systemd1' failed: Process org.freedesktop.systemd1 exited with status 1
dbus-daemon[2860519]: [session uid=1000 pid=2860519 pidfd=5] Activating service name='org.freedesktop.systemd1' requested by ':1.4' (uid=1000 pid=2860848 comm="/usr/bin/dbus-broker-launch --config-file=/usr/sha")
dbus-daemon[2860519]: [session uid=1000 pid=2860519 pidfd=5] Activated service 'org.freedesktop.systemd1' failed: Process org.freedesktop.systemd1 exited with status 1
dbus-daemon[2860519]: [session uid=1000 pid=2860519 pidfd=5] Activating service name='org.freedesktop.systemd1' requested by ':1.4' (uid=1000 pid=2860848 comm="/usr/bin/dbus-broker-launch --config-file=/usr/sha")
dbus-daemon[2860519]: [session uid=1000 pid=2860519 pidfd=5] Activated service 'org.freedesktop.systemd1' failed: Process org.freedesktop.systemd1 exited with status 1
dbus-daemon[2860519]: [session uid=1000 pid=2860519 pidfd=5] Activating service name='org.freedesktop.systemd1' requested by ':1.4' (uid=1000 pid=2860848 comm="/usr/bin/dbus-broker-launch --config-file=/usr/sha")
dbus-daemon[2860519]: [session uid=1000 pid=2860519 pidfd=5] Activated service 'org.freedesktop.systemd1' failed: Process org.freedesktop.systemd1 exited with status 1
dbus-daemon[2860519]: [session uid=1000 pid=2860519 pidfd=5] Activating service name='org.freedesktop.systemd1' requested by ':1.4' (uid=1000 pid=2860848 comm="/usr/bin/dbus-broker-launch --config-file=/usr/sha")
dbus-daemon[2860519]: [session uid=1000 pid=2860519 pidfd=5] Activated service 'org.freedesktop.systemd1' failed: Process org.freedesktop.systemd1 exited with status 1
{"trial": "G003-fill-COMP-measured-r03", "mode": "train", "outcome": "verified", "oracle_exact_match": true, "completion_mutations": 1, "routes": ["provider", "guarded-completion"], "error": null, "la": "6.07", "prov": {"attempts": 0, "reached": 0}}
dbus-daemon[2860519]: [session uid=1000 pid=2860519 pidfd=5] Activating service name='org.freedesktop.systemd1' requested by ':1.4' (uid=1000 pid=2860848 comm="/usr/bin/dbus-broker-launch --config-file=/usr/sha")
dbus-daemon[2860519]: [session uid=1000 pid=2860519 pidfd=5] Activated service 'org.freedesktop.systemd1' failed: Process org.freedesktop.systemd1 exited with status 1
dbus-daemon[2860519]: [session uid=1000 pid=2860519 pidfd=5] Activating service name='org.freedesktop.systemd1' requested by ':1.4' (uid=1000 pid=2860848 comm="/usr/bin/dbus-broker-launch --config-file=/usr/sha")
dbus-daemon[2860519]: [session uid=1000 pid=2860519 pidfd=5] Activated service 'org.freedesktop.systemd1' failed: Process org.freedesktop.systemd1 exited with status 1
dbus-daemon[2860519]: [session uid=1000 pid=2860519 pidfd=5] Activating service name='org.freedesktop.systemd1' requested by ':1.4' (uid=1000 pid=2860848 comm="/usr/bin/dbus-broker-launch --config-file=/usr/sha")
dbus-daemon[2860519]: [session uid=1000 pid=2860519 pidfd=5] Activated service 'org.freedesktop.systemd1' failed: Process org.freedesktop.systemd1 exited with status 1
dbus-daemon[2860519]: [session uid=1000 pid=2860519 pidfd=5] Activating service name='org.freedesktop.systemd1' requested by ':1.4' (uid=1000 pid=2860848 comm="/usr/bin/dbus-broker-launch --config-file=/usr/sha")
dbus-daemon[2860519]: [session uid=1000 pid=2860519 pidfd=5] Activated service 'org.freedesktop.systemd1' failed: Process org.freedesktop.systemd1 exited with status 1
dbus-daemon[2860519]: [session uid=1000 pid=2860519 pidfd=5] Activating service name='org.freedesktop.systemd1' requested by ':1.4' (uid=1000 pid=2860848 comm="/usr/bin/dbus-broker-launch --config-file=/usr/sha")
dbus-daemon[2860519]: [session uid=1000 pid=2860519 pidfd=5] Activated service 'org.freedesktop.systemd1' failed: Process org.freedesktop.systemd1 exited with status 1
dbus-daemon[2860519]: [session uid=1000 pid=2860519 pidfd=5] Activating service name='org.freedesktop.systemd1' requested by ':1.4' (uid=1000 pid=2860848 comm="/usr/bin/dbus-broker-launch --config-file=/usr/sha")
dbus-daemon[2860519]: [session uid=1000 pid=2860519 pidfd=5] Activated service 'org.freedesktop.systemd1' failed: Process org.freedesktop.systemd1 exited with status 1
{"trial": "G004-fill-COMP-measured-r04", "mode": "train", "outcome": "verified", "oracle_exact_match": true, "completion_mutations": 1, "routes": ["provider", "guarded-completion"], "error": null, "la": "6.06", "prov": {"attempts": 0, "reached": 0}}
A connection to the bus can't be made
CRITICAL: [dbus_cb_name_lost:1438] Cannot connect to DBus.
X connection to :100 broken (explicit kill or server shutdown).
[session] exit rc=0 run_dir=<tmp-root>/x11-session.lgaMsY
[2026-10-03T03:05:51.938Z] chunk r2-10r-a2-p0e-train rc=0 loadavg=5.90 9.21 8.86
