[2026-10-03T03:05:51.949Z] chunk r2-10r-a2-p0e-g5 mode=shared atspi=0 live=0 loadavg=5.90 9.21 8.86
[session] DISPLAY=:100 openbox=2866020 picom=2866021 dbus=unix:path=/tmp/dbus-cFdojiB4Fz,guid=eab6c57b00583386967f35d06ac07112
[r2-10] display=:100 xdg_runtime_private=yes key=absent loadavg=5.83 9.14 8.84 atspi=0
{"event": "validity", "ok": true, "display": ":100"}
dbus-daemon[2866018]: [session uid=1000 pid=2866018 pidfd=5] Activating service name='org.a11y.Bus' requested by ':1.0' (uid=1000 pid=2866153 comm="<lanes>/bin/cua-driver-r2")
dbus-daemon[2866018]: [session uid=1000 pid=2866018 pidfd=5] Successfully activated service 'org.a11y.Bus'
dbus-daemon[2866018]: [session uid=1000 pid=2866018 pidfd=5] Activating service name='ca.desrt.dconf' requested by ':1.1' (uid=1000 pid=2866160 comm="/usr/lib/at-spi-bus-launcher")
dbus-daemon[2866018]: [session uid=1000 pid=2866018 pidfd=5] Successfully activated service 'ca.desrt.dconf'
dbus-daemon[2866018]: [session uid=1000 pid=2866018 pidfd=5] Activating service name='org.freedesktop.systemd1' requested by ':1.4' (uid=1000 pid=2866186 comm="/usr/bin/dbus-broker-launch --config-file=/usr/sha")
dbus-daemon[2866018]: [session uid=1000 pid=2866018 pidfd=5] Activated service 'org.freedesktop.systemd1' failed: Process org.freedesktop.systemd1 exited with status 1
dbus-daemon[2866018]: [session uid=1000 pid=2866018 pidfd=5] Activating service name='org.gtk.vfs.Daemon' requested by ':1.5' (uid=1000 pid=2866266 comm="/opt/google/chrome/chrome --remote-debugging-port=")
dbus-daemon[2866018]: [session uid=1000 pid=2866018 pidfd=5] Successfully activated service 'org.gtk.vfs.Daemon'
fusermount3: mount failed: Operation not permitted
dbus-daemon[2866018]: [session uid=1000 pid=2866018 pidfd=5] Activating service name='org.freedesktop.systemd1' requested by ':1.4' (uid=1000 pid=2866186 comm="/usr/bin/dbus-broker-launch --config-file=/usr/sha")
dbus-daemon[2866018]: [session uid=1000 pid=2866018 pidfd=5] Activated service 'org.freedesktop.systemd1' failed: Process org.freedesktop.systemd1 exited with status 1
dbus-daemon[2866018]: [session uid=1000 pid=2866018 pidfd=5] Activating service name='org.freedesktop.systemd1' requested by ':1.4' (uid=1000 pid=2866186 comm="/usr/bin/dbus-broker-launch --config-file=/usr/sha")
dbus-daemon[2866018]: [session uid=1000 pid=2866018 pidfd=5] Activated service 'org.freedesktop.systemd1' failed: Process org.freedesktop.systemd1 exited with status 1
dbus-daemon[2866018]: [session uid=1000 pid=2866018 pidfd=5] Activating service name='org.freedesktop.Notifications' requested by ':1.7' (uid=1000 pid=2866266 comm="/opt/google/chrome/chrome --remote-debugging-port=")
dbus-daemon[2866018]: [session uid=1000 pid=2866018 pidfd=5] Activating service name='org.freedesktop.portal.Desktop' requested by ':1.7' (uid=1000 pid=2866266 comm="/opt/google/chrome/chrome --remote-debugging-port=")
dbus-daemon[2866018]: [session uid=1000 pid=2866018 pidfd=5] Activating service name='org.freedesktop.impl.portal.PermissionStore' requested by ':1.9' (uid=1000 pid=2866502 comm="/usr/lib/xdg-desktop-portal")
dbus-daemon[2866018]: [session uid=1000 pid=2866018 pidfd=5] Successfully activated service 'org.freedesktop.Notifications'
dbus-daemon[2866018]: [session uid=1000 pid=2866018 pidfd=5] Successfully activated service 'org.freedesktop.impl.portal.PermissionStore'
dbus-daemon[2866018]: [session uid=1000 pid=2866018 pidfd=5] Activating service name='org.freedesktop.portal.Documents' requested by ':1.9' (uid=1000 pid=2866502 comm="/usr/lib/xdg-desktop-portal")
dbus-daemon[2866018]: [session uid=1000 pid=2866018 pidfd=5] Successfully activated service 'org.freedesktop.portal.Documents'
fusermount3: mount failed: Operation not permitted
error: fuse init failed: Can't mount path <tmp-root>/x11-session.A3USqF/xdg-runtime/doc


dbus-daemon[2866018]: [session uid=1000 pid=2866018 pidfd=5] Activating service name='org.freedesktop.impl.portal.desktop.gtk' requested by ':1.9' (uid=1000 pid=2866502 comm="/usr/lib/xdg-desktop-portal")
dbus-daemon[2866018]: [session uid=1000 pid=2866018 pidfd=5] Activating service name='org.freedesktop.systemd1' requested by ':1.4' (uid=1000 pid=2866186 comm="/usr/bin/dbus-broker-launch --config-file=/usr/sha")
dbus-daemon[2866018]: [session uid=1000 pid=2866018 pidfd=5] Activated service 'org.freedesktop.systemd1' failed: Process org.freedesktop.systemd1 exited with status 1


dbus-daemon[2866018]: [session uid=1000 pid=2866018 pidfd=5] Successfully activated service 'org.freedesktop.impl.portal.desktop.gtk'
dbus-daemon[2866018]: [session uid=1000 pid=2866018 pidfd=5] Activating service name='org.freedesktop.systemd1' requested by ':1.4' (uid=1000 pid=2866186 comm="/usr/bin/dbus-broker-launch --config-file=/usr/sha")

dbus-daemon[2866018]: [session uid=1000 pid=2866018 pidfd=5] Activated service 'org.freedesktop.systemd1' failed: Process org.freedesktop.systemd1 exited with status 1












dbus-daemon[2866018]: [session uid=1000 pid=2866018 pidfd=5] Successfully activated service 'org.freedesktop.portal.Desktop'
{"event": "cell", "id": "g5-applied_ack_lost-rep1", "outcome": "verified_by_reconcile", "verified": true, "first": "transport_failure", "code": null, "dup": 0}
dbus-daemon[2866018]: [session uid=1000 pid=2866018 pidfd=5] Activating service name='org.freedesktop.systemd1' requested by ':1.4' (uid=1000 pid=2866186 comm="/usr/bin/dbus-broker-launch --config-file=/usr/sha")
dbus-daemon[2866018]: [session uid=1000 pid=2866018 pidfd=5] Activated service 'org.freedesktop.systemd1' failed: Process org.freedesktop.systemd1 exited with status 1
dbus-daemon[2866018]: [session uid=1000 pid=2866018 pidfd=5] Activating service name='org.freedesktop.systemd1' requested by ':1.4' (uid=1000 pid=2866186 comm="/usr/bin/dbus-broker-launch --config-file=/usr/sha")
dbus-daemon[2866018]: [session uid=1000 pid=2866018 pidfd=5] Activated service 'org.freedesktop.systemd1' failed: Process org.freedesktop.systemd1 exited with status 1
dbus-daemon[2866018]: [session uid=1000 pid=2866018 pidfd=5] Activating service name='org.freedesktop.systemd1' requested by ':1.4' (uid=1000 pid=2866186 comm="/usr/bin/dbus-broker-launch --config-file=/usr/sha")
dbus-daemon[2866018]: [session uid=1000 pid=2866018 pidfd=5] Activated service 'org.freedesktop.systemd1' failed: Process org.freedesktop.systemd1 exited with status 1
{"event": "cell", "id": "g5-applied_ack_lost-rep2", "outcome": "verified_by_reconcile", "verified": true, "first": "transport_failure", "code": null, "dup": 0}
dbus-daemon[2866018]: [session uid=1000 pid=2866018 pidfd=5] Activating service name='org.freedesktop.systemd1' requested by ':1.4' (uid=1000 pid=2866186 comm="/usr/bin/dbus-broker-launch --config-file=/usr/sha")
dbus-daemon[2866018]: [session uid=1000 pid=2866018 pidfd=5] Activated service 'org.freedesktop.systemd1' failed: Process org.freedesktop.systemd1 exited with status 1
dbus-daemon[2866018]: [session uid=1000 pid=2866018 pidfd=5] Activating service name='org.freedesktop.systemd1' requested by ':1.4' (uid=1000 pid=2866186 comm="/usr/bin/dbus-broker-launch --config-file=/usr/sha")
dbus-daemon[2866018]: [session uid=1000 pid=2866018 pidfd=5] Activated service 'org.freedesktop.systemd1' failed: Process org.freedesktop.systemd1 exited with status 1
dbus-daemon[2866018]: [session uid=1000 pid=2866018 pidfd=5] Activating service name='org.freedesktop.systemd1' requested by ':1.4' (uid=1000 pid=2866186 comm="/usr/bin/dbus-broker-launch --config-file=/usr/sha")
dbus-daemon[2866018]: [session uid=1000 pid=2866018 pidfd=5] Activated service 'org.freedesktop.systemd1' failed: Process org.freedesktop.systemd1 exited with status 1
{"event": "cell", "id": "g5-applied_ack_lost-rep3", "outcome": "verified_by_reconcile", "verified": true, "first": "transport_failure", "code": null, "dup": 0}
dbus-daemon[2866018]: [session uid=1000 pid=2866018 pidfd=5] Activating service name='org.freedesktop.systemd1' requested by ':1.4' (uid=1000 pid=2866186 comm="/usr/bin/dbus-broker-launch --config-file=/usr/sha")
dbus-daemon[2866018]: [session uid=1000 pid=2866018 pidfd=5] Activated service 'org.freedesktop.systemd1' failed: Process org.freedesktop.systemd1 exited with status 1
dbus-daemon[2866018]: [session uid=1000 pid=2866018 pidfd=5] Activating service name='org.freedesktop.systemd1' requested by ':1.4' (uid=1000 pid=2866186 comm="/usr/bin/dbus-broker-launch --config-file=/usr/sha")
dbus-daemon[2866018]: [session uid=1000 pid=2866018 pidfd=5] Activated service 'org.freedesktop.systemd1' failed: Process org.freedesktop.systemd1 exited with status 1
dbus-daemon[2866018]: [session uid=1000 pid=2866018 pidfd=5] Activating service name='org.freedesktop.systemd1' requested by ':1.4' (uid=1000 pid=2866186 comm="/usr/bin/dbus-broker-launch --config-file=/usr/sha")
dbus-daemon[2866018]: [session uid=1000 pid=2866018 pidfd=5] Activated service 'org.freedesktop.systemd1' failed: Process org.freedesktop.systemd1 exited with status 1
{"event": "cell", "id": "g5-applied_ack_lost-rep4", "outcome": "verified_by_reconcile", "verified": true, "first": "transport_failure", "code": null, "dup": 0}
dbus-daemon[2866018]: [session uid=1000 pid=2866018 pidfd=5] Activating service name='org.freedesktop.systemd1' requested by ':1.4' (uid=1000 pid=2866186 comm="/usr/bin/dbus-broker-launch --config-file=/usr/sha")
dbus-daemon[2866018]: [session uid=1000 pid=2866018 pidfd=5] Activated service 'org.freedesktop.systemd1' failed: Process org.freedesktop.systemd1 exited with status 1
dbus-daemon[2866018]: [session uid=1000 pid=2866018 pidfd=5] Activating service name='org.freedesktop.systemd1' requested by ':1.4' (uid=1000 pid=2866186 comm="/usr/bin/dbus-broker-launch --config-file=/usr/sha")
dbus-daemon[2866018]: [session uid=1000 pid=2866018 pidfd=5] Activated service 'org.freedesktop.systemd1' failed: Process org.freedesktop.systemd1 exited with status 1
dbus-daemon[2866018]: [session uid=1000 pid=2866018 pidfd=5] Activating service name='org.freedesktop.systemd1' requested by ':1.4' (uid=1000 pid=2866186 comm="/usr/bin/dbus-broker-launch --config-file=/usr/sha")
dbus-daemon[2866018]: [session uid=1000 pid=2866018 pidfd=5] Activated service 'org.freedesktop.systemd1' failed: Process org.freedesktop.systemd1 exited with status 1
{"event": "cell", "id": "g5-applied_ack_lost-rep5", "outcome": "verified_by_reconcile", "verified": true, "first": "transport_failure", "code": null, "dup": 0}
dbus-daemon[2866018]: [session uid=1000 pid=2866018 pidfd=5] Activating service name='org.freedesktop.systemd1' requested by ':1.4' (uid=1000 pid=2866186 comm="/usr/bin/dbus-broker-launch --config-file=/usr/sha")
dbus-daemon[2866018]: [session uid=1000 pid=2866018 pidfd=5] Activated service 'org.freedesktop.systemd1' failed: Process org.freedesktop.systemd1 exited with status 1
dbus-daemon[2866018]: [session uid=1000 pid=2866018 pidfd=5] Activating service name='org.freedesktop.systemd1' requested by ':1.4' (uid=1000 pid=2866186 comm="/usr/bin/dbus-broker-launch --config-file=/usr/sha")
dbus-daemon[2866018]: [session uid=1000 pid=2866018 pidfd=5] Activated service 'org.freedesktop.systemd1' failed: Process org.freedesktop.systemd1 exited with status 1
dbus-daemon[2866018]: [session uid=1000 pid=2866018 pidfd=5] Activating service name='org.freedesktop.systemd1' requested by ':1.4' (uid=1000 pid=2866186 comm="/usr/bin/dbus-broker-launch --config-file=/usr/sha")
dbus-daemon[2866018]: [session uid=1000 pid=2866018 pidfd=5] Activated service 'org.freedesktop.systemd1' failed: Process org.freedesktop.systemd1 exited with status 1
{"event": "cell", "id": "g5-delayed_after_first_unchanged_read-rep1", "outcome": "verified_by_reconcile", "verified": true, "first": "transport_failure", "code": null, "dup": 0}
dbus-daemon[2866018]: [session uid=1000 pid=2866018 pidfd=5] Activating service name='org.freedesktop.systemd1' requested by ':1.4' (uid=1000 pid=2866186 comm="/usr/bin/dbus-broker-launch --config-file=/usr/sha")
dbus-daemon[2866018]: [session uid=1000 pid=2866018 pidfd=5] Activated service 'org.freedesktop.systemd1' failed: Process org.freedesktop.systemd1 exited with status 1
dbus-daemon[2866018]: [session uid=1000 pid=2866018 pidfd=5] Activating service name='org.freedesktop.systemd1' requested by ':1.4' (uid=1000 pid=2866186 comm="/usr/bin/dbus-broker-launch --config-file=/usr/sha")
dbus-daemon[2866018]: [session uid=1000 pid=2866018 pidfd=5] Activated service 'org.freedesktop.systemd1' failed: Process org.freedesktop.systemd1 exited with status 1
dbus-daemon[2866018]: [session uid=1000 pid=2866018 pidfd=5] Activating service name='org.freedesktop.systemd1' requested by ':1.4' (uid=1000 pid=2866186 comm="/usr/bin/dbus-broker-launch --config-file=/usr/sha")
dbus-daemon[2866018]: [session uid=1000 pid=2866018 pidfd=5] Activated service 'org.freedesktop.systemd1' failed: Process org.freedesktop.systemd1 exited with status 1
{"event": "cell", "id": "g5-delayed_after_first_unchanged_read-rep2", "outcome": "verified_by_reconcile", "verified": true, "first": "transport_failure", "code": null, "dup": 0}
dbus-daemon[2866018]: [session uid=1000 pid=2866018 pidfd=5] Activating service name='org.freedesktop.systemd1' requested by ':1.4' (uid=1000 pid=2866186 comm="/usr/bin/dbus-broker-launch --config-file=/usr/sha")
dbus-daemon[2866018]: [session uid=1000 pid=2866018 pidfd=5] Activated service 'org.freedesktop.systemd1' failed: Process org.freedesktop.systemd1 exited with status 1
dbus-daemon[2866018]: [session uid=1000 pid=2866018 pidfd=5] Activating service name='org.freedesktop.systemd1' requested by ':1.4' (uid=1000 pid=2866186 comm="/usr/bin/dbus-broker-launch --config-file=/usr/sha")
dbus-daemon[2866018]: [session uid=1000 pid=2866018 pidfd=5] Activated service 'org.freedesktop.systemd1' failed: Process org.freedesktop.systemd1 exited with status 1
dbus-daemon[2866018]: [session uid=1000 pid=2866018 pidfd=5] Activating service name='org.freedesktop.systemd1' requested by ':1.4' (uid=1000 pid=2866186 comm="/usr/bin/dbus-broker-launch --config-file=/usr/sha")
dbus-daemon[2866018]: [session uid=1000 pid=2866018 pidfd=5] Activated service 'org.freedesktop.systemd1' failed: Process org.freedesktop.systemd1 exited with status 1
{"event": "cell", "id": "g5-delayed_after_first_unchanged_read-rep3", "outcome": "verified_by_reconcile", "verified": true, "first": "transport_failure", "code": null, "dup": 0}
dbus-daemon[2866018]: [session uid=1000 pid=2866018 pidfd=5] Activating service name='org.freedesktop.systemd1' requested by ':1.4' (uid=1000 pid=2866186 comm="/usr/bin/dbus-broker-launch --config-file=/usr/sha")
dbus-daemon[2866018]: [session uid=1000 pid=2866018 pidfd=5] Activated service 'org.freedesktop.systemd1' failed: Process org.freedesktop.systemd1 exited with status 1
dbus-daemon[2866018]: [session uid=1000 pid=2866018 pidfd=5] Activating service name='org.freedesktop.systemd1' requested by ':1.4' (uid=1000 pid=2866186 comm="/usr/bin/dbus-broker-launch --config-file=/usr/sha")
dbus-daemon[2866018]: [session uid=1000 pid=2866018 pidfd=5] Activated service 'org.freedesktop.systemd1' failed: Process org.freedesktop.systemd1 exited with status 1
dbus-daemon[2866018]: [session uid=1000 pid=2866018 pidfd=5] Activating service name='org.freedesktop.systemd1' requested by ':1.4' (uid=1000 pid=2866186 comm="/usr/bin/dbus-broker-launch --config-file=/usr/sha")
dbus-daemon[2866018]: [session uid=1000 pid=2866018 pidfd=5] Activated service 'org.freedesktop.systemd1' failed: Process org.freedesktop.systemd1 exited with status 1
{"event": "cell", "id": "g5-delayed_after_first_unchanged_read-rep4", "outcome": "verified_by_reconcile", "verified": true, "first": "transport_failure", "code": null, "dup": 0}
dbus-daemon[2866018]: [session uid=1000 pid=2866018 pidfd=5] Activating service name='org.freedesktop.systemd1' requested by ':1.4' (uid=1000 pid=2866186 comm="/usr/bin/dbus-broker-launch --config-file=/usr/sha")
dbus-daemon[2866018]: [session uid=1000 pid=2866018 pidfd=5] Activated service 'org.freedesktop.systemd1' failed: Process org.freedesktop.systemd1 exited with status 1
dbus-daemon[2866018]: [session uid=1000 pid=2866018 pidfd=5] Activating service name='org.freedesktop.systemd1' requested by ':1.4' (uid=1000 pid=2866186 comm="/usr/bin/dbus-broker-launch --config-file=/usr/sha")
dbus-daemon[2866018]: [session uid=1000 pid=2866018 pidfd=5] Activated service 'org.freedesktop.systemd1' failed: Process org.freedesktop.systemd1 exited with status 1
dbus-daemon[2866018]: [session uid=1000 pid=2866018 pidfd=5] Activating service name='org.freedesktop.systemd1' requested by ':1.4' (uid=1000 pid=2866186 comm="/usr/bin/dbus-broker-launch --config-file=/usr/sha")
dbus-daemon[2866018]: [session uid=1000 pid=2866018 pidfd=5] Activated service 'org.freedesktop.systemd1' failed: Process org.freedesktop.systemd1 exited with status 1
{"event": "cell", "id": "g5-delayed_after_first_unchanged_read-rep5", "outcome": "verified_by_reconcile", "verified": true, "first": "transport_failure", "code": null, "dup": 0}
dbus-daemon[2866018]: [session uid=1000 pid=2866018 pidfd=5] Activating service name='org.freedesktop.systemd1' requested by ':1.4' (uid=1000 pid=2866186 comm="/usr/bin/dbus-broker-launch --config-file=/usr/sha")
dbus-daemon[2866018]: [session uid=1000 pid=2866018 pidfd=5] Activated service 'org.freedesktop.systemd1' failed: Process org.freedesktop.systemd1 exited with status 1
dbus-daemon[2866018]: [session uid=1000 pid=2866018 pidfd=5] Activating service name='org.freedesktop.systemd1' requested by ':1.4' (uid=1000 pid=2866186 comm="/usr/bin/dbus-broker-launch --config-file=/usr/sha")
dbus-daemon[2866018]: [session uid=1000 pid=2866018 pidfd=5] Activated service 'org.freedesktop.systemd1' failed: Process org.freedesktop.systemd1 exited with status 1
dbus-daemon[2866018]: [session uid=1000 pid=2866018 pidfd=5] Activating service name='org.freedesktop.systemd1' requested by ':1.4' (uid=1000 pid=2866186 comm="/usr/bin/dbus-broker-launch --config-file=/usr/sha")
dbus-daemon[2866018]: [session uid=1000 pid=2866018 pidfd=5] Activated service 'org.freedesktop.systemd1' failed: Process org.freedesktop.systemd1 exited with status 1
{"event": "cell", "id": "g5-withheld_unresolved-rep1", "outcome": "unknown", "verified": true, "first": "transport_failure", "code": null, "dup": 0}
dbus-daemon[2866018]: [session uid=1000 pid=2866018 pidfd=5] Activating service name='org.freedesktop.systemd1' requested by ':1.4' (uid=1000 pid=2866186 comm="/usr/bin/dbus-broker-launch --config-file=/usr/sha")
dbus-daemon[2866018]: [session uid=1000 pid=2866018 pidfd=5] Activated service 'org.freedesktop.systemd1' failed: Process org.freedesktop.systemd1 exited with status 1
dbus-daemon[2866018]: [session uid=1000 pid=2866018 pidfd=5] Activating service name='org.freedesktop.systemd1' requested by ':1.4' (uid=1000 pid=2866186 comm="/usr/bin/dbus-broker-launch --config-file=/usr/sha")
dbus-daemon[2866018]: [session uid=1000 pid=2866018 pidfd=5] Activated service 'org.freedesktop.systemd1' failed: Process org.freedesktop.systemd1 exited with status 1
dbus-daemon[2866018]: [session uid=1000 pid=2866018 pidfd=5] Activating service name='org.freedesktop.systemd1' requested by ':1.4' (uid=1000 pid=2866186 comm="/usr/bin/dbus-broker-launch --config-file=/usr/sha")
dbus-daemon[2866018]: [session uid=1000 pid=2866018 pidfd=5] Activated service 'org.freedesktop.systemd1' failed: Process org.freedesktop.systemd1 exited with status 1
{"event": "cell", "id": "g5-withheld_unresolved-rep2", "outcome": "unknown", "verified": true, "first": "transport_failure", "code": null, "dup": 0}
dbus-daemon[2866018]: [session uid=1000 pid=2866018 pidfd=5] Activating service name='org.freedesktop.systemd1' requested by ':1.4' (uid=1000 pid=2866186 comm="/usr/bin/dbus-broker-launch --config-file=/usr/sha")
dbus-daemon[2866018]: [session uid=1000 pid=2866018 pidfd=5] Activated service 'org.freedesktop.systemd1' failed: Process org.freedesktop.systemd1 exited with status 1
dbus-daemon[2866018]: [session uid=1000 pid=2866018 pidfd=5] Activating service name='org.freedesktop.systemd1' requested by ':1.4' (uid=1000 pid=2866186 comm="/usr/bin/dbus-broker-launch --config-file=/usr/sha")
dbus-daemon[2866018]: [session uid=1000 pid=2866018 pidfd=5] Activated service 'org.freedesktop.systemd1' failed: Process org.freedesktop.systemd1 exited with status 1
dbus-daemon[2866018]: [session uid=1000 pid=2866018 pidfd=5] Activating service name='org.freedesktop.systemd1' requested by ':1.4' (uid=1000 pid=2866186 comm="/usr/bin/dbus-broker-launch --config-file=/usr/sha")
dbus-daemon[2866018]: [session uid=1000 pid=2866018 pidfd=5] Activated service 'org.freedesktop.systemd1' failed: Process org.freedesktop.systemd1 exited with status 1
{"event": "cell", "id": "g5-withheld_unresolved-rep3", "outcome": "unknown", "verified": true, "first": "transport_failure", "code": null, "dup": 0}
dbus-daemon[2866018]: [session uid=1000 pid=2866018 pidfd=5] Activating service name='org.freedesktop.systemd1' requested by ':1.4' (uid=1000 pid=2866186 comm="/usr/bin/dbus-broker-launch --config-file=/usr/sha")
dbus-daemon[2866018]: [session uid=1000 pid=2866018 pidfd=5] Activated service 'org.freedesktop.systemd1' failed: Process org.freedesktop.systemd1 exited with status 1
dbus-daemon[2866018]: [session uid=1000 pid=2866018 pidfd=5] Activating service name='org.freedesktop.systemd1' requested by ':1.4' (uid=1000 pid=2866186 comm="/usr/bin/dbus-broker-launch --config-file=/usr/sha")
dbus-daemon[2866018]: [session uid=1000 pid=2866018 pidfd=5] Activated service 'org.freedesktop.systemd1' failed: Process org.freedesktop.systemd1 exited with status 1
dbus-daemon[2866018]: [session uid=1000 pid=2866018 pidfd=5] Activating service name='org.freedesktop.systemd1' requested by ':1.4' (uid=1000 pid=2866186 comm="/usr/bin/dbus-broker-launch --config-file=/usr/sha")
dbus-daemon[2866018]: [session uid=1000 pid=2866018 pidfd=5] Activated service 'org.freedesktop.systemd1' failed: Process org.freedesktop.systemd1 exited with status 1
{"event": "cell", "id": "g5-withheld_unresolved-rep4", "outcome": "unknown", "verified": true, "first": "transport_failure", "code": null, "dup": 0}
dbus-daemon[2866018]: [session uid=1000 pid=2866018 pidfd=5] Activating service name='org.freedesktop.systemd1' requested by ':1.4' (uid=1000 pid=2866186 comm="/usr/bin/dbus-broker-launch --config-file=/usr/sha")
dbus-daemon[2866018]: [session uid=1000 pid=2866018 pidfd=5] Activated service 'org.freedesktop.systemd1' failed: Process org.freedesktop.systemd1 exited with status 1
dbus-daemon[2866018]: [session uid=1000 pid=2866018 pidfd=5] Activating service name='org.freedesktop.systemd1' requested by ':1.4' (uid=1000 pid=2866186 comm="/usr/bin/dbus-broker-launch --config-file=/usr/sha")
dbus-daemon[2866018]: [session uid=1000 pid=2866018 pidfd=5] Activated service 'org.freedesktop.systemd1' failed: Process org.freedesktop.systemd1 exited with status 1
dbus-daemon[2866018]: [session uid=1000 pid=2866018 pidfd=5] Activating service name='org.freedesktop.systemd1' requested by ':1.4' (uid=1000 pid=2866186 comm="/usr/bin/dbus-broker-launch --config-file=/usr/sha")
dbus-daemon[2866018]: [session uid=1000 pid=2866018 pidfd=5] Activated service 'org.freedesktop.systemd1' failed: Process org.freedesktop.systemd1 exited with status 1
{"event": "cell", "id": "g5-withheld_unresolved-rep5", "outcome": "unknown", "verified": true, "first": "transport_failure", "code": null, "dup": 0}
A connection to the bus can't be made
CRITICAL: [dbus_cb_name_lost:1438] Cannot connect to DBus.
[session] exit rc=0 run_dir=<tmp-root>/x11-session.A3USqF
[2026-10-03T03:06:40.067Z] chunk r2-10r-a2-p0e-g5 rc=0 loadavg=5.36 8.61 8.67
