[2026-10-03T02:48:58.149Z] chunk r2-10r-a2-shake1 mode=shared atspi=0 live=0 loadavg=13.63 9.88 5.30
[session] DISPLAY=:100 openbox=2657395 picom=2657396 dbus=unix:path=/tmp/dbus-HQXaA5JXxw,guid=bd1ffda9619faaa1d43e507c6ac06d1d
[r2-10] display=:100 xdg_runtime_private=yes key=absent loadavg=14.06 10.03 5.37 atspi=0
dbus-daemon[2657352]: [session uid=1000 pid=2657352 pidfd=5] Activating service name='org.a11y.Bus' requested by ':1.0' (uid=1000 pid=2658102 comm="<lanes>/bin/cua-driver-r2")
dbus-daemon[2657352]: [session uid=1000 pid=2657352 pidfd=5] Successfully activated service 'org.a11y.Bus'
dbus-daemon[2657352]: [session uid=1000 pid=2657352 pidfd=5] Activating service name='ca.desrt.dconf' requested by ':1.1' (uid=1000 pid=2658118 comm="/usr/lib/at-spi-bus-launcher")
dbus-daemon[2657352]: [session uid=1000 pid=2657352 pidfd=5] Successfully activated service 'ca.desrt.dconf'
dbus-daemon[2657352]: [session uid=1000 pid=2657352 pidfd=5] Activating service name='org.freedesktop.systemd1' requested by ':1.4' (uid=1000 pid=2658142 comm="/usr/bin/dbus-broker-launch --config-file=/usr/sha")
dbus-daemon[2657352]: [session uid=1000 pid=2657352 pidfd=5] Activated service 'org.freedesktop.systemd1' failed: Process org.freedesktop.systemd1 exited with status 1
dbus-daemon[2657352]: [session uid=1000 pid=2657352 pidfd=5] Activating service name='org.gtk.vfs.Daemon' requested by ':1.5' (uid=1000 pid=2658296 comm="/opt/google/chrome/chrome --remote-debugging-port=")
dbus-daemon[2657352]: [session uid=1000 pid=2657352 pidfd=5] Successfully activated service 'org.gtk.vfs.Daemon'
fusermount3: mount failed: Operation not permitted
dbus-daemon[2657352]: [session uid=1000 pid=2657352 pidfd=5] Activating service name='org.freedesktop.systemd1' requested by ':1.4' (uid=1000 pid=2658142 comm="/usr/bin/dbus-broker-launch --config-file=/usr/sha")
dbus-daemon[2657352]: [session uid=1000 pid=2657352 pidfd=5] Activated service 'org.freedesktop.systemd1' failed: Process org.freedesktop.systemd1 exited with status 1
dbus-daemon[2657352]: [session uid=1000 pid=2657352 pidfd=5] Activating service name='org.freedesktop.systemd1' requested by ':1.4' (uid=1000 pid=2658142 comm="/usr/bin/dbus-broker-launch --config-file=/usr/sha")
dbus-daemon[2657352]: [session uid=1000 pid=2657352 pidfd=5] Activated service 'org.freedesktop.systemd1' failed: Process org.freedesktop.systemd1 exited with status 1
dbus-daemon[2657352]: [session uid=1000 pid=2657352 pidfd=5] Activating service name='org.freedesktop.Notifications' requested by ':1.7' (uid=1000 pid=2658296 comm="/opt/google/chrome/chrome --remote-debugging-port=")
dbus-daemon[2657352]: [session uid=1000 pid=2657352 pidfd=5] Activating service name='org.freedesktop.portal.Desktop' requested by ':1.7' (uid=1000 pid=2658296 comm="/opt/google/chrome/chrome --remote-debugging-port=")
dbus-daemon[2657352]: [session uid=1000 pid=2657352 pidfd=5] Activating service name='org.freedesktop.impl.portal.PermissionStore' requested by ':1.9' (uid=1000 pid=2658663 comm="/usr/lib/xdg-desktop-portal")
dbus-daemon[2657352]: [session uid=1000 pid=2657352 pidfd=5] Successfully activated service 'org.freedesktop.impl.portal.PermissionStore'
dbus-daemon[2657352]: [session uid=1000 pid=2657352 pidfd=5] Successfully activated service 'org.freedesktop.Notifications'
dbus-daemon[2657352]: [session uid=1000 pid=2657352 pidfd=5] Activating service name='org.freedesktop.portal.Documents' requested by ':1.9' (uid=1000 pid=2658663 comm="/usr/lib/xdg-desktop-portal")
dbus-daemon[2657352]: [session uid=1000 pid=2657352 pidfd=5] Successfully activated service 'org.freedesktop.portal.Documents'
fusermount3: mount failed: Operation not permitted
error: fuse init failed: Can't mount path <tmp-root>/x11-session.BQDHiM/xdg-runtime/doc


dbus-daemon[2657352]: [session uid=1000 pid=2657352 pidfd=5] Activating service name='org.freedesktop.impl.portal.desktop.gtk' requested by ':1.9' (uid=1000 pid=2658663 comm="/usr/lib/xdg-desktop-portal")
dbus-daemon[2657352]: [session uid=1000 pid=2657352 pidfd=5] Activating service name='org.freedesktop.systemd1' requested by ':1.4' (uid=1000 pid=2658142 comm="/usr/bin/dbus-broker-launch --config-file=/usr/sha")
dbus-daemon[2657352]: [session uid=1000 pid=2657352 pidfd=5] Activated service 'org.freedesktop.systemd1' failed: Process org.freedesktop.systemd1 exited with status 1


dbus-daemon[2657352]: [session uid=1000 pid=2657352 pidfd=5] Successfully activated service 'org.freedesktop.impl.portal.desktop.gtk'
dbus-daemon[2657352]: [session uid=1000 pid=2657352 pidfd=5] Activating service name='org.freedesktop.systemd1' requested by ':1.4' (uid=1000 pid=2658142 comm="/usr/bin/dbus-broker-launch --config-file=/usr/sha")
dbus-daemon[2657352]: [session uid=1000 pid=2657352 pidfd=5] Activated service 'org.freedesktop.systemd1' failed: Process org.freedesktop.systemd1 exited with status 1













dbus-daemon[2657352]: [session uid=1000 pid=2657352 pidfd=5] Successfully activated service 'org.freedesktop.portal.Desktop'
{"trial": "K1-000-fill-BASE-measured-r00", "mode": "step", "outcome": "verified", "oracle_exact_match": true, "completion_mutations": 1, "routes": ["provider", "provider"], "error": null, "la": "14.06", "prov": {"attempts": 0, "reached": 0}}
dbus-daemon[2657352]: [session uid=1000 pid=2657352 pidfd=5] Activating service name='org.freedesktop.systemd1' requested by ':1.4' (uid=1000 pid=2658142 comm="/usr/bin/dbus-broker-launch --config-file=/usr/sha")
dbus-daemon[2657352]: [session uid=1000 pid=2657352 pidfd=5] Activated service 'org.freedesktop.systemd1' failed: Process org.freedesktop.systemd1 exited with status 1
dbus-daemon[2657352]: [session uid=1000 pid=2657352 pidfd=5] Activating service name='org.freedesktop.systemd1' requested by ':1.4' (uid=1000 pid=2658142 comm="/usr/bin/dbus-broker-launch --config-file=/usr/sha")
dbus-daemon[2657352]: [session uid=1000 pid=2657352 pidfd=5] Activated service 'org.freedesktop.systemd1' failed: Process org.freedesktop.systemd1 exited with status 1
dbus-daemon[2657352]: [session uid=1000 pid=2657352 pidfd=5] Activating service name='org.freedesktop.systemd1' requested by ':1.4' (uid=1000 pid=2658142 comm="/usr/bin/dbus-broker-launch --config-file=/usr/sha")
dbus-daemon[2657352]: [session uid=1000 pid=2657352 pidfd=5] Activated service 'org.freedesktop.systemd1' failed: Process org.freedesktop.systemd1 exited with status 1
dbus-daemon[2657352]: [session uid=1000 pid=2657352 pidfd=5] Activating service name='org.freedesktop.systemd1' requested by ':1.4' (uid=1000 pid=2658142 comm="/usr/bin/dbus-broker-launch --config-file=/usr/sha")
dbus-daemon[2657352]: [session uid=1000 pid=2657352 pidfd=5] Activated service 'org.freedesktop.systemd1' failed: Process org.freedesktop.systemd1 exited with status 1
dbus-daemon[2657352]: [session uid=1000 pid=2657352 pidfd=5] Activating service name='org.freedesktop.systemd1' requested by ':1.4' (uid=1000 pid=2658142 comm="/usr/bin/dbus-broker-launch --config-file=/usr/sha")
dbus-daemon[2657352]: [session uid=1000 pid=2657352 pidfd=5] Activated service 'org.freedesktop.systemd1' failed: Process org.freedesktop.systemd1 exited with status 1
dbus-daemon[2657352]: [session uid=1000 pid=2657352 pidfd=5] Activating service name='org.freedesktop.systemd1' requested by ':1.4' (uid=1000 pid=2658142 comm="/usr/bin/dbus-broker-launch --config-file=/usr/sha")
dbus-daemon[2657352]: [session uid=1000 pid=2657352 pidfd=5] Activated service 'org.freedesktop.systemd1' failed: Process org.freedesktop.systemd1 exited with status 1
{"trial": "K1-001-fill-COMP-measured-r00", "mode": "train", "outcome": "verified", "oracle_exact_match": true, "completion_mutations": 1, "routes": ["provider", "guarded-completion"], "error": null, "la": "14.99", "prov": {"attempts": 0, "reached": 0}}
dbus-daemon[2657352]: [session uid=1000 pid=2657352 pidfd=5] Activating service name='org.freedesktop.systemd1' requested by ':1.4' (uid=1000 pid=2658142 comm="/usr/bin/dbus-broker-launch --config-file=/usr/sha")
dbus-daemon[2657352]: [session uid=1000 pid=2657352 pidfd=5] Activated service 'org.freedesktop.systemd1' failed: Process org.freedesktop.systemd1 exited with status 1
dbus-daemon[2657352]: [session uid=1000 pid=2657352 pidfd=5] Activating service name='org.freedesktop.systemd1' requested by ':1.4' (uid=1000 pid=2658142 comm="/usr/bin/dbus-broker-launch --config-file=/usr/sha")
dbus-daemon[2657352]: [session uid=1000 pid=2657352 pidfd=5] Activated service 'org.freedesktop.systemd1' failed: Process org.freedesktop.systemd1 exited with status 1
dbus-daemon[2657352]: [session uid=1000 pid=2657352 pidfd=5] Activating service name='org.freedesktop.systemd1' requested by ':1.4' (uid=1000 pid=2658142 comm="/usr/bin/dbus-broker-launch --config-file=/usr/sha")
dbus-daemon[2657352]: [session uid=1000 pid=2657352 pidfd=5] Activated service 'org.freedesktop.systemd1' failed: Process org.freedesktop.systemd1 exited with status 1
dbus-daemon[2657352]: [session uid=1000 pid=2657352 pidfd=5] Activating service name='org.freedesktop.systemd1' requested by ':1.4' (uid=1000 pid=2658142 comm="/usr/bin/dbus-broker-launch --config-file=/usr/sha")
dbus-daemon[2657352]: [session uid=1000 pid=2657352 pidfd=5] Activated service 'org.freedesktop.systemd1' failed: Process org.freedesktop.systemd1 exited with status 1
dbus-daemon[2657352]: [session uid=1000 pid=2657352 pidfd=5] Activating service name='org.freedesktop.systemd1' requested by ':1.4' (uid=1000 pid=2658142 comm="/usr/bin/dbus-broker-launch --config-file=/usr/sha")
dbus-daemon[2657352]: [session uid=1000 pid=2657352 pidfd=5] Activated service 'org.freedesktop.systemd1' failed: Process org.freedesktop.systemd1 exited with status 1
dbus-daemon[2657352]: [session uid=1000 pid=2657352 pidfd=5] Activating service name='org.freedesktop.systemd1' requested by ':1.4' (uid=1000 pid=2658142 comm="/usr/bin/dbus-broker-launch --config-file=/usr/sha")
dbus-daemon[2657352]: [session uid=1000 pid=2657352 pidfd=5] Activated service 'org.freedesktop.systemd1' failed: Process org.freedesktop.systemd1 exited with status 1
{"trial": "K1-002-fill-COMP_K-measured-r00", "mode": "train", "outcome": "verified", "oracle_exact_match": true, "completion_mutations": 1, "routes": ["provider", "guarded-completion"], "error": null, "la": "16.83", "prov": {"attempts": 0, "reached": 0}}
dbus-daemon[2657352]: [session uid=1000 pid=2657352 pidfd=5] Activating service name='org.freedesktop.systemd1' requested by ':1.4' (uid=1000 pid=2658142 comm="/usr/bin/dbus-broker-launch --config-file=/usr/sha")
dbus-daemon[2657352]: [session uid=1000 pid=2657352 pidfd=5] Activated service 'org.freedesktop.systemd1' failed: Process org.freedesktop.systemd1 exited with status 1
dbus-daemon[2657352]: [session uid=1000 pid=2657352 pidfd=5] Activating service name='org.freedesktop.systemd1' requested by ':1.4' (uid=1000 pid=2658142 comm="/usr/bin/dbus-broker-launch --config-file=/usr/sha")
dbus-daemon[2657352]: [session uid=1000 pid=2657352 pidfd=5] Activated service 'org.freedesktop.systemd1' failed: Process org.freedesktop.systemd1 exited with status 1
dbus-daemon[2657352]: [session uid=1000 pid=2657352 pidfd=5] Activating service name='org.freedesktop.systemd1' requested by ':1.4' (uid=1000 pid=2658142 comm="/usr/bin/dbus-broker-launch --config-file=/usr/sha")
dbus-daemon[2657352]: [session uid=1000 pid=2657352 pidfd=5] Activated service 'org.freedesktop.systemd1' failed: Process org.freedesktop.systemd1 exited with status 1
dbus-daemon[2657352]: [session uid=1000 pid=2657352 pidfd=5] Activating service name='org.freedesktop.systemd1' requested by ':1.4' (uid=1000 pid=2658142 comm="/usr/bin/dbus-broker-launch --config-file=/usr/sha")
dbus-daemon[2657352]: [session uid=1000 pid=2657352 pidfd=5] Activated service 'org.freedesktop.systemd1' failed: Process org.freedesktop.systemd1 exited with status 1
dbus-daemon[2657352]: [session uid=1000 pid=2657352 pidfd=5] Activating service name='org.freedesktop.systemd1' requested by ':1.4' (uid=1000 pid=2658142 comm="/usr/bin/dbus-broker-launch --config-file=/usr/sha")
dbus-daemon[2657352]: [session uid=1000 pid=2657352 pidfd=5] Activated service 'org.freedesktop.systemd1' failed: Process org.freedesktop.systemd1 exited with status 1
dbus-daemon[2657352]: [session uid=1000 pid=2657352 pidfd=5] Activating service name='org.freedesktop.systemd1' requested by ':1.4' (uid=1000 pid=2658142 comm="/usr/bin/dbus-broker-launch --config-file=/usr/sha")
dbus-daemon[2657352]: [session uid=1000 pid=2657352 pidfd=5] Activated service 'org.freedesktop.systemd1' failed: Process org.freedesktop.systemd1 exited with status 1
{"trial": "K1-003-fill-COMP_E-measured-r00", "mode": "train", "outcome": "verified", "oracle_exact_match": true, "completion_mutations": 1, "routes": ["provider", "guarded-completion"], "error": null, "la": "17.17", "prov": {"attempts": 0, "reached": 0}}
dbus-daemon[2657352]: [session uid=1000 pid=2657352 pidfd=5] Activating service name='org.freedesktop.systemd1' requested by ':1.4' (uid=1000 pid=2658142 comm="/usr/bin/dbus-broker-launch --config-file=/usr/sha")
dbus-daemon[2657352]: [session uid=1000 pid=2657352 pidfd=5] Activated service 'org.freedesktop.systemd1' failed: Process org.freedesktop.systemd1 exited with status 1
dbus-daemon[2657352]: [session uid=1000 pid=2657352 pidfd=5] Activating service name='org.freedesktop.systemd1' requested by ':1.4' (uid=1000 pid=2658142 comm="/usr/bin/dbus-broker-launch --config-file=/usr/sha")
dbus-daemon[2657352]: [session uid=1000 pid=2657352 pidfd=5] Activated service 'org.freedesktop.systemd1' failed: Process org.freedesktop.systemd1 exited with status 1
dbus-daemon[2657352]: [session uid=1000 pid=2657352 pidfd=5] Activating service name='org.freedesktop.systemd1' requested by ':1.4' (uid=1000 pid=2658142 comm="/usr/bin/dbus-broker-launch --config-file=/usr/sha")
dbus-daemon[2657352]: [session uid=1000 pid=2657352 pidfd=5] Activated service 'org.freedesktop.systemd1' failed: Process org.freedesktop.systemd1 exited with status 1
{"trial": "K1-004-toggle-BASE-measured-r00", "mode": "step", "outcome": "verified", "oracle_exact_match": true, "completion_mutations": 1, "routes": ["provider", "provider"], "error": null, "la": "17.64", "prov": {"attempts": 0, "reached": 0}}
dbus-daemon[2657352]: [session uid=1000 pid=2657352 pidfd=5] Activating service name='org.freedesktop.systemd1' requested by ':1.4' (uid=1000 pid=2658142 comm="/usr/bin/dbus-broker-launch --config-file=/usr/sha")
dbus-daemon[2657352]: [session uid=1000 pid=2657352 pidfd=5] Activated service 'org.freedesktop.systemd1' failed: Process org.freedesktop.systemd1 exited with status 1
dbus-daemon[2657352]: [session uid=1000 pid=2657352 pidfd=5] Activating service name='org.freedesktop.systemd1' requested by ':1.4' (uid=1000 pid=2658142 comm="/usr/bin/dbus-broker-launch --config-file=/usr/sha")
dbus-daemon[2657352]: [session uid=1000 pid=2657352 pidfd=5] Activated service 'org.freedesktop.systemd1' failed: Process org.freedesktop.systemd1 exited with status 1
dbus-daemon[2657352]: [session uid=1000 pid=2657352 pidfd=5] Activating service name='org.freedesktop.systemd1' requested by ':1.4' (uid=1000 pid=2658142 comm="/usr/bin/dbus-broker-launch --config-file=/usr/sha")
dbus-daemon[2657352]: [session uid=1000 pid=2657352 pidfd=5] Activated service 'org.freedesktop.systemd1' failed: Process org.freedesktop.systemd1 exited with status 1
{"trial": "K1-005-toggle-COMP-measured-r00", "mode": "step", "outcome": "verified", "oracle_exact_match": true, "completion_mutations": 1, "routes": ["provider", "provider"], "error": null, "la": "18.39", "prov": {"attempts": 0, "reached": 0}}
dbus-daemon[2657352]: [session uid=1000 pid=2657352 pidfd=5] Activating service name='org.freedesktop.systemd1' requested by ':1.4' (uid=1000 pid=2658142 comm="/usr/bin/dbus-broker-launch --config-file=/usr/sha")
dbus-daemon[2657352]: [session uid=1000 pid=2657352 pidfd=5] Activated service 'org.freedesktop.systemd1' failed: Process org.freedesktop.systemd1 exited with status 1
dbus-daemon[2657352]: [session uid=1000 pid=2657352 pidfd=5] Activating service name='org.freedesktop.systemd1' requested by ':1.4' (uid=1000 pid=2658142 comm="/usr/bin/dbus-broker-launch --config-file=/usr/sha")
dbus-daemon[2657352]: [session uid=1000 pid=2657352 pidfd=5] Activated service 'org.freedesktop.systemd1' failed: Process org.freedesktop.systemd1 exited with status 1
dbus-daemon[2657352]: [session uid=1000 pid=2657352 pidfd=5] Activating service name='org.freedesktop.systemd1' requested by ':1.4' (uid=1000 pid=2658142 comm="/usr/bin/dbus-broker-launch --config-file=/usr/sha")
dbus-daemon[2657352]: [session uid=1000 pid=2657352 pidfd=5] Activated service 'org.freedesktop.systemd1' failed: Process org.freedesktop.systemd1 exited with status 1
{"trial": "K1-006-toggle-COMP_K-measured-r00", "mode": "step", "outcome": "verified", "oracle_exact_match": true, "completion_mutations": 1, "routes": ["provider", "provider"], "error": null, "la": "18.39", "prov": {"attempts": 0, "reached": 0}}
dbus-daemon[2657352]: [session uid=1000 pid=2657352 pidfd=5] Activating service name='org.freedesktop.systemd1' requested by ':1.4' (uid=1000 pid=2658142 comm="/usr/bin/dbus-broker-launch --config-file=/usr/sha")
dbus-daemon[2657352]: [session uid=1000 pid=2657352 pidfd=5] Activated service 'org.freedesktop.systemd1' failed: Process org.freedesktop.systemd1 exited with status 1
dbus-daemon[2657352]: [session uid=1000 pid=2657352 pidfd=5] Activating service name='org.freedesktop.systemd1' requested by ':1.4' (uid=1000 pid=2658142 comm="/usr/bin/dbus-broker-launch --config-file=/usr/sha")
dbus-daemon[2657352]: [session uid=1000 pid=2657352 pidfd=5] Activated service 'org.freedesktop.systemd1' failed: Process org.freedesktop.systemd1 exited with status 1
dbus-daemon[2657352]: [session uid=1000 pid=2657352 pidfd=5] Activating service name='org.freedesktop.systemd1' requested by ':1.4' (uid=1000 pid=2658142 comm="/usr/bin/dbus-broker-launch --config-file=/usr/sha")
dbus-daemon[2657352]: [session uid=1000 pid=2657352 pidfd=5] Activated service 'org.freedesktop.systemd1' failed: Process org.freedesktop.systemd1 exited with status 1
{"trial": "K1-007-toggle-COMP_E-measured-r00", "mode": "step", "outcome": "verified", "oracle_exact_match": true, "completion_mutations": 1, "routes": ["provider", "provider"], "error": null, "la": "17.95", "prov": {"attempts": 0, "reached": 0}}
dbus-daemon[2657352]: [session uid=1000 pid=2657352 pidfd=5] Activating service name='org.freedesktop.systemd1' requested by ':1.4' (uid=1000 pid=2658142 comm="/usr/bin/dbus-broker-launch --config-file=/usr/sha")
dbus-daemon[2657352]: [session uid=1000 pid=2657352 pidfd=5] Activated service 'org.freedesktop.systemd1' failed: Process org.freedesktop.systemd1 exited with status 1
dbus-daemon[2657352]: [session uid=1000 pid=2657352 pidfd=5] Activating service name='org.freedesktop.systemd1' requested by ':1.4' (uid=1000 pid=2658142 comm="/usr/bin/dbus-broker-launch --config-file=/usr/sha")
dbus-daemon[2657352]: [session uid=1000 pid=2657352 pidfd=5] Activated service 'org.freedesktop.systemd1' failed: Process org.freedesktop.systemd1 exited with status 1
dbus-daemon[2657352]: [session uid=1000 pid=2657352 pidfd=5] Activating service name='org.freedesktop.systemd1' requested by ':1.4' (uid=1000 pid=2658142 comm="/usr/bin/dbus-broker-launch --config-file=/usr/sha")
dbus-daemon[2657352]: [session uid=1000 pid=2657352 pidfd=5] Activated service 'org.freedesktop.systemd1' failed: Process org.freedesktop.systemd1 exited with status 1
{"trial": "K1-008-modal-BASE-measured-r00", "mode": "step", "outcome": "verified", "oracle_exact_match": true, "completion_mutations": 1, "routes": ["provider", "provider"], "error": null, "la": "17.32", "prov": {"attempts": 0, "reached": 0}}
dbus-daemon[2657352]: [session uid=1000 pid=2657352 pidfd=5] Activating service name='org.freedesktop.systemd1' requested by ':1.4' (uid=1000 pid=2658142 comm="/usr/bin/dbus-broker-launch --config-file=/usr/sha")
dbus-daemon[2657352]: [session uid=1000 pid=2657352 pidfd=5] Activated service 'org.freedesktop.systemd1' failed: Process org.freedesktop.systemd1 exited with status 1
dbus-daemon[2657352]: [session uid=1000 pid=2657352 pidfd=5] Activating service name='org.freedesktop.systemd1' requested by ':1.4' (uid=1000 pid=2658142 comm="/usr/bin/dbus-broker-launch --config-file=/usr/sha")
dbus-daemon[2657352]: [session uid=1000 pid=2657352 pidfd=5] Activated service 'org.freedesktop.systemd1' failed: Process org.freedesktop.systemd1 exited with status 1
dbus-daemon[2657352]: [session uid=1000 pid=2657352 pidfd=5] Activating service name='org.freedesktop.systemd1' requested by ':1.4' (uid=1000 pid=2658142 comm="/usr/bin/dbus-broker-launch --config-file=/usr/sha")
dbus-daemon[2657352]: [session uid=1000 pid=2657352 pidfd=5] Activated service 'org.freedesktop.systemd1' failed: Process org.freedesktop.systemd1 exited with status 1
{"trial": "K1-009-modal-COMP-measured-r00", "mode": "step", "outcome": "verified", "oracle_exact_match": true, "completion_mutations": 1, "routes": ["provider", "provider"], "error": null, "la": "17.93", "prov": {"attempts": 0, "reached": 0}}
dbus-daemon[2657352]: [session uid=1000 pid=2657352 pidfd=5] Activating service name='org.freedesktop.systemd1' requested by ':1.4' (uid=1000 pid=2658142 comm="/usr/bin/dbus-broker-launch --config-file=/usr/sha")
dbus-daemon[2657352]: [session uid=1000 pid=2657352 pidfd=5] Activated service 'org.freedesktop.systemd1' failed: Process org.freedesktop.systemd1 exited with status 1
dbus-daemon[2657352]: [session uid=1000 pid=2657352 pidfd=5] Activating service name='org.freedesktop.systemd1' requested by ':1.4' (uid=1000 pid=2658142 comm="/usr/bin/dbus-broker-launch --config-file=/usr/sha")
dbus-daemon[2657352]: [session uid=1000 pid=2657352 pidfd=5] Activated service 'org.freedesktop.systemd1' failed: Process org.freedesktop.systemd1 exited with status 1
dbus-daemon[2657352]: [session uid=1000 pid=2657352 pidfd=5] Activating service name='org.freedesktop.systemd1' requested by ':1.4' (uid=1000 pid=2658142 comm="/usr/bin/dbus-broker-launch --config-file=/usr/sha")
dbus-daemon[2657352]: [session uid=1000 pid=2657352 pidfd=5] Activated service 'org.freedesktop.systemd1' failed: Process org.freedesktop.systemd1 exited with status 1
{"trial": "K1-010-modal-COMP_K-measured-r00", "mode": "step", "outcome": "verified", "oracle_exact_match": true, "completion_mutations": 1, "routes": ["provider", "provider"], "error": null, "la": "17.93", "prov": {"attempts": 0, "reached": 0}}
dbus-daemon[2657352]: [session uid=1000 pid=2657352 pidfd=5] Activating service name='org.freedesktop.systemd1' requested by ':1.4' (uid=1000 pid=2658142 comm="/usr/bin/dbus-broker-launch --config-file=/usr/sha")
dbus-daemon[2657352]: [session uid=1000 pid=2657352 pidfd=5] Activated service 'org.freedesktop.systemd1' failed: Process org.freedesktop.systemd1 exited with status 1
dbus-daemon[2657352]: [session uid=1000 pid=2657352 pidfd=5] Activating service name='org.freedesktop.systemd1' requested by ':1.4' (uid=1000 pid=2658142 comm="/usr/bin/dbus-broker-launch --config-file=/usr/sha")
dbus-daemon[2657352]: [session uid=1000 pid=2657352 pidfd=5] Activated service 'org.freedesktop.systemd1' failed: Process org.freedesktop.systemd1 exited with status 1
dbus-daemon[2657352]: [session uid=1000 pid=2657352 pidfd=5] Activating service name='org.freedesktop.systemd1' requested by ':1.4' (uid=1000 pid=2658142 comm="/usr/bin/dbus-broker-launch --config-file=/usr/sha")
dbus-daemon[2657352]: [session uid=1000 pid=2657352 pidfd=5] Activated service 'org.freedesktop.systemd1' failed: Process org.freedesktop.systemd1 exited with status 1
{"trial": "K1-011-modal-COMP_E-measured-r00", "mode": "step", "outcome": "verified", "oracle_exact_match": true, "completion_mutations": 1, "routes": ["provider", "provider"], "error": null, "la": "17.70", "prov": {"attempts": 0, "reached": 0}}
dbus-daemon[2657352]: [session uid=1000 pid=2657352 pidfd=5] Activating service name='org.freedesktop.systemd1' requested by ':1.4' (uid=1000 pid=2658142 comm="/usr/bin/dbus-broker-launch --config-file=/usr/sha")
dbus-daemon[2657352]: [session uid=1000 pid=2657352 pidfd=5] Activated service 'org.freedesktop.systemd1' failed: Process org.freedesktop.systemd1 exited with status 1
dbus-daemon[2657352]: [session uid=1000 pid=2657352 pidfd=5] Activating service name='org.freedesktop.systemd1' requested by ':1.4' (uid=1000 pid=2658142 comm="/usr/bin/dbus-broker-launch --config-file=/usr/sha")
dbus-daemon[2657352]: [session uid=1000 pid=2657352 pidfd=5] Activated service 'org.freedesktop.systemd1' failed: Process org.freedesktop.systemd1 exited with status 1
dbus-daemon[2657352]: [session uid=1000 pid=2657352 pidfd=5] Activating service name='org.freedesktop.systemd1' requested by ':1.4' (uid=1000 pid=2658142 comm="/usr/bin/dbus-broker-launch --config-file=/usr/sha")
dbus-daemon[2657352]: [session uid=1000 pid=2657352 pidfd=5] Activated service 'org.freedesktop.systemd1' failed: Process org.freedesktop.systemd1 exited with status 1
{"trial": "K1-012-fill-COMP-n4a-r00", "mode": "replay", "outcome": "verified", "oracle_exact_match": true, "completion_mutations": 1, "routes": ["compiled"], "error": null, "la": "17.70", "prov": {"attempts": 0, "reached": 0}}
dbus-daemon[2657352]: [session uid=1000 pid=2657352 pidfd=5] Activating service name='org.freedesktop.systemd1' requested by ':1.4' (uid=1000 pid=2658142 comm="/usr/bin/dbus-broker-launch --config-file=/usr/sha")
dbus-daemon[2657352]: [session uid=1000 pid=2657352 pidfd=5] Activated service 'org.freedesktop.systemd1' failed: Process org.freedesktop.systemd1 exited with status 1
dbus-daemon[2657352]: [session uid=1000 pid=2657352 pidfd=5] Activating service name='org.freedesktop.systemd1' requested by ':1.4' (uid=1000 pid=2658142 comm="/usr/bin/dbus-broker-launch --config-file=/usr/sha")
dbus-daemon[2657352]: [session uid=1000 pid=2657352 pidfd=5] Activated service 'org.freedesktop.systemd1' failed: Process org.freedesktop.systemd1 exited with status 1
dbus-daemon[2657352]: [session uid=1000 pid=2657352 pidfd=5] Activating service name='org.freedesktop.systemd1' requested by ':1.4' (uid=1000 pid=2658142 comm="/usr/bin/dbus-broker-launch --config-file=/usr/sha")
dbus-daemon[2657352]: [session uid=1000 pid=2657352 pidfd=5] Activated service 'org.freedesktop.systemd1' failed: Process org.freedesktop.systemd1 exited with status 1
{"trial": "K1-013-toggle-COMP-n4a-r00", "mode": "step", "outcome": "verified", "oracle_exact_match": true, "completion_mutations": 1, "routes": ["provider", "provider", "provider"], "error": null, "la": "18.12", "prov": {"attempts": 0, "reached": 0}}
dbus-daemon[2657352]: [session uid=1000 pid=2657352 pidfd=5] Activating service name='org.freedesktop.systemd1' requested by ':1.4' (uid=1000 pid=2658142 comm="/usr/bin/dbus-broker-launch --config-file=/usr/sha")
dbus-daemon[2657352]: [session uid=1000 pid=2657352 pidfd=5] Activated service 'org.freedesktop.systemd1' failed: Process org.freedesktop.systemd1 exited with status 1
dbus-daemon[2657352]: [session uid=1000 pid=2657352 pidfd=5] Activating service name='org.freedesktop.systemd1' requested by ':1.4' (uid=1000 pid=2658142 comm="/usr/bin/dbus-broker-launch --config-file=/usr/sha")
dbus-daemon[2657352]: [session uid=1000 pid=2657352 pidfd=5] Activated service 'org.freedesktop.systemd1' failed: Process org.freedesktop.systemd1 exited with status 1
dbus-daemon[2657352]: [session uid=1000 pid=2657352 pidfd=5] Activating service name='org.freedesktop.systemd1' requested by ':1.4' (uid=1000 pid=2658142 comm="/usr/bin/dbus-broker-launch --config-file=/usr/sha")
dbus-daemon[2657352]: [session uid=1000 pid=2657352 pidfd=5] Activated service 'org.freedesktop.systemd1' failed: Process org.freedesktop.systemd1 exited with status 1
{"trial": "K1-014-modal-COMP-n4a-r00", "mode": "step", "outcome": "verified", "oracle_exact_match": true, "completion_mutations": 1, "routes": ["provider", "provider", "provider"], "error": null, "la": "18.12", "prov": {"attempts": 0, "reached": 0}}
dbus-daemon[2657352]: [session uid=1000 pid=2657352 pidfd=5] Activating service name='org.freedesktop.systemd1' requested by ':1.4' (uid=1000 pid=2658142 comm="/usr/bin/dbus-broker-launch --config-file=/usr/sha")
dbus-daemon[2657352]: [session uid=1000 pid=2657352 pidfd=5] Activated service 'org.freedesktop.systemd1' failed: Process org.freedesktop.systemd1 exited with status 1
dbus-daemon[2657352]: [session uid=1000 pid=2657352 pidfd=5] Activating service name='org.freedesktop.systemd1' requested by ':1.4' (uid=1000 pid=2658142 comm="/usr/bin/dbus-broker-launch --config-file=/usr/sha")
dbus-daemon[2657352]: [session uid=1000 pid=2657352 pidfd=5] Activated service 'org.freedesktop.systemd1' failed: Process org.freedesktop.systemd1 exited with status 1
dbus-daemon[2657352]: [session uid=1000 pid=2657352 pidfd=5] Activating service name='org.freedesktop.systemd1' requested by ':1.4' (uid=1000 pid=2658142 comm="/usr/bin/dbus-broker-launch --config-file=/usr/sha")
dbus-daemon[2657352]: [session uid=1000 pid=2657352 pidfd=5] Activated service 'org.freedesktop.systemd1' failed: Process org.freedesktop.systemd1 exited with status 1
{"trial": "K1-015-fill-COMP-ood-r00", "mode": "replay", "outcome": "verified", "oracle_exact_match": true, "completion_mutations": 1, "routes": ["compiled", "fallback:provider", "fallback:provider"], "error": null, "la": "18.12", "prov": {"attempts": 0, "reached": 0}}
dbus-daemon[2657352]: [session uid=1000 pid=2657352 pidfd=5] Activating service name='org.freedesktop.systemd1' requested by ':1.4' (uid=1000 pid=2658142 comm="/usr/bin/dbus-broker-launch --config-file=/usr/sha")
dbus-daemon[2657352]: [session uid=1000 pid=2657352 pidfd=5] Activated service 'org.freedesktop.systemd1' failed: Process org.freedesktop.systemd1 exited with status 1
dbus-daemon[2657352]: [session uid=1000 pid=2657352 pidfd=5] Activating service name='org.freedesktop.systemd1' requested by ':1.4' (uid=1000 pid=2658142 comm="/usr/bin/dbus-broker-launch --config-file=/usr/sha")
dbus-daemon[2657352]: [session uid=1000 pid=2657352 pidfd=5] Activated service 'org.freedesktop.systemd1' failed: Process org.freedesktop.systemd1 exited with status 1
dbus-daemon[2657352]: [session uid=1000 pid=2657352 pidfd=5] Activating service name='org.freedesktop.systemd1' requested by ':1.4' (uid=1000 pid=2658142 comm="/usr/bin/dbus-broker-launch --config-file=/usr/sha")
dbus-daemon[2657352]: [session uid=1000 pid=2657352 pidfd=5] Activated service 'org.freedesktop.systemd1' failed: Process org.freedesktop.systemd1 exited with status 1
{"trial": "K1-016-toggle-COMP-nw2-r00", "outcome": "verified", "oracle_exact_match": true, "completion_mutations": 1, "takeover_envelope": null, "old_binding_envelope": null, "decoy_connections": null, "marker_in_fresh_snapshot": true, "nw2_stale_envelope": {"is_error": false, "status": null, "effect": "refused", "code": "browser_ref_stale"}, "nw2_mutations_from_stale_action": 0, "error_leaves": null}
A connection to the bus can't be made
CRITICAL: [dbus_cb_name_lost:1438] Cannot connect to DBus.
[session] exit rc=0 run_dir=<tmp-root>/x11-session.BQDHiM
[2026-10-03T02:50:05.587Z] chunk r2-10r-a2-shake1 rc=0 loadavg=17.47 11.89 6.31
