2026-10-02T06:03:41Z main p1-seq start
round <TMP>/multiseat/measured/main/p1-seq arm=seq mode=hermes makespan=86.6s
2026-10-02T06:29:22Z main p1-seq rc=0
2026-10-02T06:29:22Z main p1-conc start
round <TMP>/multiseat/measured/main/p1-conc arm=conc mode=hermes makespan=44.5s
2026-10-02T06:52:59Z main p1-conc rc=0
2026-10-02T06:52:59Z main p2-conc start
round <TMP>/multiseat/measured/main/p2-conc arm=conc mode=hermes makespan=33.4s
2026-10-02T07:04:23Z main p2-conc rc=0
2026-10-02T07:04:23Z main p2-seq start
round <TMP>/multiseat/measured/main/p2-seq arm=seq mode=hermes makespan=85.2s
2026-10-02T07:12:57Z main p2-seq rc=0
2026-10-02T07:12:57Z main p3-seq start
round <TMP>/multiseat/measured/main/p3-seq arm=seq mode=hermes makespan=75.2s
2026-10-02T07:22:22Z main p3-seq rc=0
2026-10-02T07:22:22Z main p3-conc start
round <TMP>/multiseat/measured/main/p3-conc arm=conc mode=hermes makespan=45.3s
2026-10-02T07:25:43Z main p3-conc rc=0
2026-10-02T07:25:43Z main p4-conc start
round <TMP>/multiseat/measured/main/p4-conc arm=conc mode=hermes makespan=30.2s
2026-10-02T07:27:23Z main p4-conc rc=0
2026-10-02T07:27:23Z main p4-seq start
round <TMP>/multiseat/measured/main/p4-seq arm=seq mode=hermes makespan=99.1s
2026-10-02T07:31:05Z main p4-seq rc=0
2026-10-02T07:31:05Z main p5-seq start
round <TMP>/multiseat/measured/main/p5-seq arm=seq mode=hermes makespan=78.0s
2026-10-02T07:33:54Z main p5-seq rc=0
2026-10-02T07:33:54Z main p5-conc start
round <TMP>/multiseat/measured/main/p5-conc arm=conc mode=hermes makespan=45.7s
2026-10-02T07:36:39Z main p5-conc rc=0
2026-10-02T07:36:39Z main p6-conc start
round <TMP>/multiseat/measured/main/p6-conc arm=conc mode=hermes makespan=39.9s
2026-10-02T07:39:21Z main p6-conc rc=0
2026-10-02T07:39:21Z main p6-seq start
round <TMP>/multiseat/measured/main/p6-seq arm=seq mode=hermes makespan=94.8s
2026-10-02T07:41:18Z main p6-seq rc=0
2026-10-02T07:41:18Z main p7-seq start
round <TMP>/multiseat/measured/main/p7-seq arm=seq mode=hermes makespan=75.2s
2026-10-02T07:42:55Z main p7-seq rc=0
2026-10-02T07:42:55Z main p7-conc start
round <TMP>/multiseat/measured/main/p7-conc arm=conc mode=hermes makespan=31.5s
2026-10-02T07:45:26Z main p7-conc rc=0
2026-10-02T07:45:26Z main p8-conc start
round <TMP>/multiseat/measured/main/p8-conc arm=conc mode=hermes makespan=40.5s
2026-10-02T07:49:11Z main p8-conc rc=0
2026-10-02T07:49:11Z main p8-seq start
round <TMP>/multiseat/measured/main/p8-seq arm=seq mode=hermes makespan=123.7s
2026-10-02T07:54:19Z main p8-seq rc=0
2026-10-02T07:54:19Z lookalike l1 start
round <TMP>/multiseat/measured/lookalike/l1 arm=conc mode=hermes makespan=24.8s
2026-10-02T07:54:44Z lookalike l1 rc=0
2026-10-02T07:54:44Z lookalike l2 start
round <TMP>/multiseat/measured/lookalike/l2 arm=conc mode=hermes makespan=37.6s
2026-10-02T07:55:22Z lookalike l2 rc=0
2026-10-02T07:55:22Z lookalike l3 start
round <TMP>/multiseat/measured/lookalike/l3 arm=conc mode=hermes makespan=22.1s
2026-10-02T07:55:45Z lookalike l3 rc=0
2026-10-02T07:55:45Z lookalike l4 start
round <TMP>/multiseat/measured/lookalike/l4 arm=conc mode=hermes makespan=28.1s
2026-10-02T07:56:15Z lookalike l4 rc=0
2026-10-02T07:56:15Z lookalike l5 start
round <TMP>/multiseat/measured/lookalike/l5 arm=conc mode=hermes makespan=36.7s
2026-10-02T07:56:52Z lookalike l5 rc=0
2026-10-02T07:56:52Z crosswire x1 start
{"id":"C0","token":"MSX1-9f68-C0","rc":0,"t0":1790927817.755140780,"a_lines":[3,7],"b_lines":[3,3],"token_in_A":true,"token_in_B":false}
{"id":"X1","token":"MSX1-9f68-X1","rc":2,"t0":1790927828.124477096,"a_lines":[7,7],"b_lines":[3,3],"token_in_A":false,"token_in_B":false}
{"id":"X2","token":"MSX1-9f68-X2","rc":2,"t0":1790927832.117297871,"a_lines":[7,7],"b_lines":[3,3],"token_in_A":false,"token_in_B":false}
{"id":"X3","token":"MSX1-9f68-X3","rc":1,"t0":1790927835.837887228,"a_lines":[7,7],"b_lines":[3,3],"token_in_A":false,"token_in_B":false}
{"id":"X4","token":"MSX1-9f68-X4","rc":0,"t0":1790927837.371124744,"a_lines":[7,7],"b_lines":[3,3],"token_in_A":false,"token_in_B":false}
{"id":"D1","token":"MSX1-9f68-D1","rc":0,"t0":1790927838.935092841,"a_lines":[7,9],"b_lines":[3,5],"token_in_A":false,"token_in_B":true}
{"id":"W1","token":"MSX1-9f68-W1","rc":0,"t0":1790927849.064285337,"a_lines":[9,9],"b_lines":[5,18],"token_in_A":false,"token_in_B":true}
{"id":"S1","token":"MSX1-9f68-S1","rc":0,"t0":1790927852.575720159,"a_lines":[9,9],"b_lines":[18,18],"token_in_A":false,"token_in_B":false}
2026-10-02T07:57:34Z crosswire x1 rc=0
2026-10-02T07:57:34Z crosswire x2 start
{"id":"C0","token":"MSX2-71bb-C0","rc":0,"t0":1790927859.623341578,"a_lines":[3,7],"b_lines":[3,3],"token_in_A":true,"token_in_B":false}
{"id":"X1","token":"MSX2-71bb-X1","rc":2,"t0":1790927870.140957493,"a_lines":[7,7],"b_lines":[3,3],"token_in_A":false,"token_in_B":false}
{"id":"X2","token":"MSX2-71bb-X2","rc":2,"t0":1790927874.851518045,"a_lines":[7,7],"b_lines":[3,3],"token_in_A":false,"token_in_B":false}
{"id":"X3","token":"MSX2-71bb-X3","rc":1,"t0":1790927878.558199153,"a_lines":[7,7],"b_lines":[3,3],"token_in_A":false,"token_in_B":false}
{"id":"X4","token":"MSX2-71bb-X4","rc":0,"t0":1790927880.071711466,"a_lines":[7,7],"b_lines":[3,3],"token_in_A":false,"token_in_B":false}
{"id":"D1","token":"MSX2-71bb-D1","rc":0,"t0":1790927881.607002958,"a_lines":[7,9],"b_lines":[3,5],"token_in_A":false,"token_in_B":true}
{"id":"W1","token":"MSX2-71bb-W1","rc":0,"t0":1790927891.830633308,"a_lines":[9,9],"b_lines":[5,18],"token_in_A":false,"token_in_B":true}
{"id":"S1","token":"MSX2-71bb-S1","rc":0,"t0":1790927895.361938422,"a_lines":[9,9],"b_lines":[18,18],"token_in_A":false,"token_in_B":false}
2026-10-02T07:58:17Z crosswire x2 rc=0
2026-10-02T07:58:17Z crosswire x3 start
{"id":"C0","token":"MSX3-f709-C0","rc":0,"t0":1790927903.213577600,"a_lines":[3,7],"b_lines":[3,3],"token_in_A":true,"token_in_B":false}
{"id":"X1","token":"MSX3-f709-X1","rc":2,"t0":1790927914.961504598,"a_lines":[7,7],"b_lines":[3,3],"token_in_A":false,"token_in_B":false}
{"id":"X2","token":"MSX3-f709-X2","rc":2,"t0":1790927919.268800358,"a_lines":[7,7],"b_lines":[3,3],"token_in_A":false,"token_in_B":false}
{"id":"X3","token":"MSX3-f709-X3","rc":1,"t0":1790927922.627305000,"a_lines":[7,7],"b_lines":[3,3],"token_in_A":false,"token_in_B":false}
{"id":"X4","token":"MSX3-f709-X4","rc":0,"t0":1790927924.146535004,"a_lines":[7,7],"b_lines":[3,3],"token_in_A":false,"token_in_B":false}
{"id":"D1","token":"MSX3-f709-D1","rc":0,"t0":1790927925.694382206,"a_lines":[7,9],"b_lines":[3,5],"token_in_A":false,"token_in_B":true}
{"id":"W1","token":"MSX3-f709-W1","rc":0,"t0":1790927936.429908445,"a_lines":[9,9],"b_lines":[5,18],"token_in_A":false,"token_in_B":true}
{"id":"S1","token":"MSX3-f709-S1","rc":0,"t0":1790927939.910375124,"a_lines":[9,9],"b_lines":[18,18],"token_in_A":false,"token_in_B":false}
2026-10-02T07:59:01Z crosswire x3 rc=0
2026-10-02T07:59:01Z seat-lookalike sl1
[sway-session] ready WAYLAND_DISPLAY=wayland-1 DISPLAY=:3 seats=2 outputs=1280x720
L pid=34 id=5 c=(320,373) R pid=36 id=6 c=(960,373) P1=34 P2=36
[sway-session] exit rc=0 run_dir=<TMP>/sway-session.0Disvs
2026-10-02T07:59:07Z rc=0
2026-10-02T07:59:07Z seat-lookalike sl2
[sway-session] ready WAYLAND_DISPLAY=wayland-1 DISPLAY=:3 seats=2 outputs=1280x720
L pid=34 id=5 c=(320,373) R pid=36 id=6 c=(960,373) P1=34 P2=36
[sway-session] exit rc=0 run_dir=<TMP>/sway-session.ZBVLPP
2026-10-02T07:59:13Z rc=0
2026-10-02T07:59:13Z seat-lookalike sl3
[sway-session] ready WAYLAND_DISPLAY=wayland-1 DISPLAY=:3 seats=2 outputs=1280x720
L pid=34 id=5 c=(320,373) R pid=36 id=6 c=(960,373) P1=34 P2=36
[sway-session] exit rc=0 run_dir=<TMP>/sway-session.k9oHW4
2026-10-02T07:59:18Z rc=0
2026-10-02T07:59:18Z seat-driver sd1
[sway-session] ready WAYLAND_DISPLAY=wayland-1 DISPLAY=:3 seats=2 outputs=1280x720
L pid=34 id=5 c=(320,373) R pid=36 id=6 c=(960,373) P1=34 P2=36
dbus-daemon[3]: [session uid=1000 pid=3 pidfd=5] Activating service name='org.a11y.Bus' requested by ':1.0' (uid=1000 pid=51 comm="<MNT>/github/cua-lanes/bin/cua-driver-r2")
dbus-daemon[3]: [session uid=1000 pid=3 pidfd=5] Successfully activated service 'org.a11y.Bus'
dbus-daemon[3]: [session uid=1000 pid=3 pidfd=5] Activating service name='ca.desrt.dconf' requested by ':1.2' (uid=1000 pid=61 comm="/usr/lib/at-spi-bus-launcher")
dbus-daemon[3]: [session uid=1000 pid=3 pidfd=5] Successfully activated service 'ca.desrt.dconf'
dbus-daemon[3]: [session uid=1000 pid=3 pidfd=5] Activating service name='org.freedesktop.systemd1' requested by ':1.6' (uid=1000 pid=95 comm="/usr/bin/dbus-broker-launch --config-file=/usr/sha")
dbus-daemon[3]: [session uid=1000 pid=3 pidfd=5] Activated service 'org.freedesktop.systemd1' failed: Process org.freedesktop.systemd1 exited with status 1
dbus-daemon[3]: [session uid=1000 pid=3 pidfd=5] Activating service name='org.freedesktop.systemd1' requested by ':1.6' (uid=1000 pid=95 comm="/usr/bin/dbus-broker-launch --config-file=/usr/sha")
dbus-daemon[3]: [session uid=1000 pid=3 pidfd=5] Activated service 'org.freedesktop.systemd1' failed: Process org.freedesktop.systemd1 exited with status 1
dbus-daemon[3]: [session uid=1000 pid=3 pidfd=5] Activating service name='org.freedesktop.systemd1' requested by ':1.6' (uid=1000 pid=95 comm="/usr/bin/dbus-broker-launch --config-file=/usr/sha")
dbus-daemon[3]: [session uid=1000 pid=3 pidfd=5] Activated service 'org.freedesktop.systemd1' failed: Process org.freedesktop.systemd1 exited with status 1
dbus-daemon[3]: [session uid=1000 pid=3 pidfd=5] Activating service name='org.freedesktop.systemd1' requested by ':1.6' (uid=1000 pid=95 comm="/usr/bin/dbus-broker-launch --config-file=/usr/sha")
dbus-daemon[3]: [session uid=1000 pid=3 pidfd=5] Activated service 'org.freedesktop.systemd1' failed: Process org.freedesktop.systemd1 exited with status 1
dbus-daemon[3]: [session uid=1000 pid=3 pidfd=5] Activating service name='org.freedesktop.systemd1' requested by ':1.6' (uid=1000 pid=95 comm="/usr/bin/dbus-broker-launch --config-file=/usr/sha")
dbus-daemon[3]: [session uid=1000 pid=3 pidfd=5] Activated service 'org.freedesktop.systemd1' failed: Process org.freedesktop.systemd1 exited with status 1
dbus-daemon[3]: [session uid=1000 pid=3 pidfd=5] Activating service name='org.freedesktop.systemd1' requested by ':1.6' (uid=1000 pid=95 comm="/usr/bin/dbus-broker-launch --config-file=/usr/sha")
dbus-daemon[3]: [session uid=1000 pid=3 pidfd=5] Activated service 'org.freedesktop.systemd1' failed: Process org.freedesktop.systemd1 exited with status 1
dbus-daemon[3]: [session uid=1000 pid=3 pidfd=5] Activating service name='org.freedesktop.systemd1' requested by ':1.6' (uid=1000 pid=95 comm="/usr/bin/dbus-broker-launch --config-file=/usr/sha")
dbus-daemon[3]: [session uid=1000 pid=3 pidfd=5] Activated service 'org.freedesktop.systemd1' failed: Process org.freedesktop.systemd1 exited with status 1
dbus-daemon[3]: [session uid=1000 pid=3 pidfd=5] Activating service name='org.freedesktop.systemd1' requested by ':1.6' (uid=1000 pid=95 comm="/usr/bin/dbus-broker-launch --config-file=/usr/sha")
dbus-daemon[3]: [session uid=1000 pid=3 pidfd=5] Activated service 'org.freedesktop.systemd1' failed: Process org.freedesktop.systemd1 exited with status 1
dbus-daemon[3]: [session uid=1000 pid=3 pidfd=5] Activating service name='org.freedesktop.systemd1' requested by ':1.6' (uid=1000 pid=95 comm="/usr/bin/dbus-broker-launch --config-file=/usr/sha")
dbus-daemon[3]: [session uid=1000 pid=3 pidfd=5] Activated service 'org.freedesktop.systemd1' failed: Process org.freedesktop.systemd1 exited with status 1
[sway-session] exit rc=0 run_dir=<TMP>/sway-session.lbh9MV
2026-10-02T07:59:23Z rc=0
2026-10-02T07:59:23Z seat-driver sd2
[sway-session] ready WAYLAND_DISPLAY=wayland-1 DISPLAY=:3 seats=2 outputs=1280x720
L pid=34 id=5 c=(320,373) R pid=36 id=6 c=(960,373) P1=34 P2=36
dbus-daemon[3]: [session uid=1000 pid=3 pidfd=5] Activating service name='org.a11y.Bus' requested by ':1.0' (uid=1000 pid=50 comm="<MNT>/github/cua-lanes/bin/cua-driver-r2")
dbus-daemon[3]: [session uid=1000 pid=3 pidfd=5] Successfully activated service 'org.a11y.Bus'
dbus-daemon[3]: [session uid=1000 pid=3 pidfd=5] Activating service name='ca.desrt.dconf' requested by ':1.1' (uid=1000 pid=56 comm="/usr/lib/at-spi-bus-launcher")
dbus-daemon[3]: [session uid=1000 pid=3 pidfd=5] Successfully activated service 'ca.desrt.dconf'
dbus-daemon[3]: [session uid=1000 pid=3 pidfd=5] Activating service name='org.freedesktop.systemd1' requested by ':1.4' (uid=1000 pid=82 comm="/usr/bin/dbus-broker-launch --config-file=/usr/sha")
dbus-daemon[3]: [session uid=1000 pid=3 pidfd=5] Activated service 'org.freedesktop.systemd1' failed: Process org.freedesktop.systemd1 exited with status 1
dbus-daemon[3]: [session uid=1000 pid=3 pidfd=5] Activating service name='org.freedesktop.systemd1' requested by ':1.4' (uid=1000 pid=82 comm="/usr/bin/dbus-broker-launch --config-file=/usr/sha")
dbus-daemon[3]: [session uid=1000 pid=3 pidfd=5] Activated service 'org.freedesktop.systemd1' failed: Process org.freedesktop.systemd1 exited with status 1
dbus-daemon[3]: [session uid=1000 pid=3 pidfd=5] Activating service name='org.freedesktop.systemd1' requested by ':1.4' (uid=1000 pid=82 comm="/usr/bin/dbus-broker-launch --config-file=/usr/sha")
dbus-daemon[3]: [session uid=1000 pid=3 pidfd=5] Activated service 'org.freedesktop.systemd1' failed: Process org.freedesktop.systemd1 exited with status 1
dbus-daemon[3]: [session uid=1000 pid=3 pidfd=5] Activating service name='org.freedesktop.systemd1' requested by ':1.4' (uid=1000 pid=82 comm="/usr/bin/dbus-broker-launch --config-file=/usr/sha")
dbus-daemon[3]: [session uid=1000 pid=3 pidfd=5] Activated service 'org.freedesktop.systemd1' failed: Process org.freedesktop.systemd1 exited with status 1
dbus-daemon[3]: [session uid=1000 pid=3 pidfd=5] Activating service name='org.freedesktop.systemd1' requested by ':1.4' (uid=1000 pid=82 comm="/usr/bin/dbus-broker-launch --config-file=/usr/sha")
dbus-daemon[3]: [session uid=1000 pid=3 pidfd=5] Activated service 'org.freedesktop.systemd1' failed: Process org.freedesktop.systemd1 exited with status 1
dbus-daemon[3]: [session uid=1000 pid=3 pidfd=5] Activating service name='org.freedesktop.systemd1' requested by ':1.4' (uid=1000 pid=82 comm="/usr/bin/dbus-broker-launch --config-file=/usr/sha")
dbus-daemon[3]: [session uid=1000 pid=3 pidfd=5] Activated service 'org.freedesktop.systemd1' failed: Process org.freedesktop.systemd1 exited with status 1
dbus-daemon[3]: [session uid=1000 pid=3 pidfd=5] Activating service name='org.freedesktop.systemd1' requested by ':1.4' (uid=1000 pid=82 comm="/usr/bin/dbus-broker-launch --config-file=/usr/sha")
dbus-daemon[3]: [session uid=1000 pid=3 pidfd=5] Activated service 'org.freedesktop.systemd1' failed: Process org.freedesktop.systemd1 exited with status 1
dbus-daemon[3]: [session uid=1000 pid=3 pidfd=5] Activating service name='org.freedesktop.systemd1' requested by ':1.4' (uid=1000 pid=82 comm="/usr/bin/dbus-broker-launch --config-file=/usr/sha")
dbus-daemon[3]: [session uid=1000 pid=3 pidfd=5] Activated service 'org.freedesktop.systemd1' failed: Process org.freedesktop.systemd1 exited with status 1
dbus-daemon[3]: [session uid=1000 pid=3 pidfd=5] Activating service name='org.freedesktop.systemd1' requested by ':1.4' (uid=1000 pid=82 comm="/usr/bin/dbus-broker-launch --config-file=/usr/sha")
dbus-daemon[3]: [session uid=1000 pid=3 pidfd=5] Activated service 'org.freedesktop.systemd1' failed: Process org.freedesktop.systemd1 exited with status 1
dbus-daemon[3]: [session uid=1000 pid=3 pidfd=5] Activating service name='org.freedesktop.systemd1' requested by ':1.4' (uid=1000 pid=82 comm="/usr/bin/dbus-broker-launch --config-file=/usr/sha")
dbus-daemon[3]: [session uid=1000 pid=3 pidfd=5] Activated service 'org.freedesktop.systemd1' failed: Process org.freedesktop.systemd1 exited with status 1
[sway-session] exit rc=0 run_dir=<TMP>/sway-session.Fkod1R
2026-10-02T07:59:27Z rc=0
2026-10-02T07:59:27Z schedule complete
