TAP version 13
# Subtest: runner dispatches the accepted fresh candidate with proof telemetry, not model scores
ok 1 - runner dispatches the accepted fresh candidate with proof telemetry, not model scores
  ---
  duration_ms: 356.964879
  type: 'test'
  ...
# Subtest: runner accepted outcomes omit the verification token (guarded=false)
ok 2 - runner accepted outcomes omit the verification token (guarded=false)
  ---
  duration_ms: 349.59079
  type: 'test'
  ...
# Subtest: runner accepted outcomes omit the verification token (guarded=true)
ok 3 - runner accepted outcomes omit the verification token (guarded=true)
  ---
  duration_ms: 371.546395
  type: 'test'
  ...
# Subtest: runner already-verified outcomes omit the verification token (guarded=false)
ok 4 - runner already-verified outcomes omit the verification token (guarded=false)
  ---
  duration_ms: 433.066322
  type: 'test'
  ...
# Subtest: runner already-verified outcomes omit the verification token (guarded=true)
ok 5 - runner already-verified outcomes omit the verification token (guarded=true)
  ---
  duration_ms: 379.626832
  type: 'test'
  ...
# Subtest: runner budget outcomes omit the verification token (guarded=false)
ok 6 - runner budget outcomes omit the verification token (guarded=false)
  ---
  duration_ms: 347.65691
  type: 'test'
  ...
# Subtest: runner budget outcomes omit the verification token (guarded=true)
ok 7 - runner budget outcomes omit the verification token (guarded=true)
  ---
  duration_ms: 362.477103
  type: 'test'
  ...
# Subtest: runner keeps the default-off provider path and scores unchanged
ok 8 - runner keeps the default-off provider path and scores unchanged
  ---
  duration_ms: 392.934814
  type: 'test'
  ...
# Subtest: runner logs a declined reobserve step and consumes the pending proof once
ok 9 - runner logs a declined reobserve step and consumes the pending proof once
  ---
  duration_ms: 343.105042
  type: 'test'
  ...
# Subtest: runner logs a declined abstain outcome
ok 10 - runner logs a declined abstain outcome
  ---
  duration_ms: 332.349146
  type: 'test'
  ...
# Subtest: runner logs a declined no-choice outcome
ok 11 - runner logs a declined no-choice outcome
  ---
  duration_ms: 325.924362
  type: 'test'
  ...
# Subtest: runner retains declined telemetry on a normal provider action
ok 12 - runner retains declined telemetry on a normal provider action
  ---
  duration_ms: 336.606191
  type: 'test'
  ...
# Subtest: runner logs action failure telemetry for accepted (guarded=false)
ok 13 - runner logs action failure telemetry for accepted (guarded=false)
  ---
  duration_ms: 339.94221
  type: 'test'
  ...
# Subtest: runner logs action failure telemetry for accepted (guarded=true)
ok 14 - runner logs action failure telemetry for accepted (guarded=true)
  ---
  duration_ms: 396.028564
  type: 'test'
  ...
# Subtest: runner logs action failure telemetry for ref-reused (guarded=false)
ok 15 - runner logs action failure telemetry for ref-reused (guarded=false)
  ---
  duration_ms: 361.627959
  type: 'test'
  ...
# Subtest: runner logs action failure telemetry for ref-reused (guarded=true)
ok 16 - runner logs action failure telemetry for ref-reused (guarded=true)
  ---
  duration_ms: 349.903093
  type: 'test'
  ...
# Subtest: runner logs declined telemetry on background refusal without carrying it to foreground
ok 17 - runner logs declined telemetry on background refusal without carrying it to foreground
  ---
  duration_ms: 357.939184
  type: 'test'
  ...
# Subtest: runner logs declined telemetry on provider validation failure
ok 18 - runner logs declined telemetry on provider validation failure
  ---
  duration_ms: 343.056394
  type: 'test'
  ...
# Subtest: runner logs declined telemetry on provider request failure
ok 19 - runner logs declined telemetry on provider request failure
  ---
  duration_ms: 341.829657
  type: 'test'
  ...
# Subtest: runner preserves default-off provider failure behavior without guard telemetry
ok 20 - runner preserves default-off provider failure behavior without guard telemetry
  ---
  duration_ms: 342.46894
  type: 'test'
  ...
1..20
# tests 20
# suites 0
# pass 20
# fail 0
# cancelled 0
# skipped 0
# todo 0
# duration_ms 7522.96657
