test_acted_path_reports_decision_routes (test_verify_setup.VerifySetupTests.test_acted_path_reports_decision_routes) ... ok
test_acted_path_reports_dom_and_visual_submissions (test_verify_setup.VerifySetupTests.test_acted_path_reports_dom_and_visual_submissions) ... ok
test_expected_visual_status_must_be_logged_on_every_step (test_verify_setup.VerifySetupTests.test_expected_visual_status_must_be_logged_on_every_step) ... ok
test_fixture_closes_on_failure (test_verify_setup.VerifySetupTests.test_fixture_closes_on_failure) ... ok
test_fixture_closes_on_success (test_verify_setup.VerifySetupTests.test_fixture_closes_on_success) ... ok
test_python_runner_can_start_without_a_desktop (test_verify_setup.VerifySetupTests.test_python_runner_can_start_without_a_desktop) ... ok
test_rejects_failed_runner_despite_correct_state (test_verify_setup.VerifySetupTests.test_rejects_failed_runner_despite_correct_state) ... ok
test_rejects_missing_verified_outcome_despite_correct_state (test_verify_setup.VerifySetupTests.test_rejects_missing_verified_outcome_despite_correct_state) ... ok
test_rejects_wrong_submission_despite_verified_event (test_verify_setup.VerifySetupTests.test_rejects_wrong_submission_despite_verified_event) ... ok
test_reports_foreground_escalation_after_background_refusal (test_verify_setup.VerifySetupTests.test_reports_foreground_escalation_after_background_refusal) ... ok
test_reports_page_structure_path (test_verify_setup.VerifySetupTests.test_reports_page_structure_path) ... ok
test_required_guard_decline_keeps_the_independent_oracle (test_verify_setup.VerifySetupTests.test_required_guard_decline_keeps_the_independent_oracle) ... ok
test_required_guarded_completion_rejects_missing_or_invalid_proof (test_verify_setup.VerifySetupTests.test_required_guarded_completion_rejects_missing_or_invalid_proof) ... ok
test_required_guarded_completion_requires_exact_route (test_verify_setup.VerifySetupTests.test_required_guarded_completion_requires_exact_route) ... ok
test_required_visual_path_accepts_capture_bound_click (test_verify_setup.VerifySetupTests.test_required_visual_path_accepts_capture_bound_click) ... ok
test_required_visual_path_fails_when_dom_click_acted (test_verify_setup.VerifySetupTests.test_required_visual_path_fails_when_dom_click_acted) ... ok
test_requires_matching_independent_state (test_verify_setup.VerifySetupTests.test_requires_matching_independent_state) ... ok
test_skipped_steps_are_not_visual_attempts (test_verify_setup.VerifySetupTests.test_skipped_steps_are_not_visual_attempts) ... ok
test_typescript_runner_reaches_argument_validation (test_verify_setup.VerifySetupTests.test_typescript_runner_reaches_argument_validation) ... skipped 'requires installed TypeScript dependencies and Node'
test_unattended_live_requires_key_before_starting (test_verify_setup.VerifySetupTests.test_unattended_live_requires_key_before_starting) ... ok
test_visual_fixture_fallback_is_observable_and_never_claims_success (test_verify_setup.VerifySetupTests.test_visual_fixture_fallback_is_observable_and_never_claims_success) ... ok

----------------------------------------------------------------------
Ran 21 tests in 14.104s

OK (skipped=1)
