   Compiling proc-macro2 v1.0.106
   Compiling unicode-ident v1.0.24
   Compiling quote v1.0.45
   Compiling cfg-if v1.0.4
   Compiling libc v0.2.186
   Compiling serde_core v1.0.228
   Compiling typenum v1.20.0
   Compiling autocfg v1.5.0
   Compiling serde v1.0.228
   Compiling version_check v0.9.5
   Compiling equivalent v1.0.2
   Compiling num-traits v0.2.19
   Compiling stable_deref_trait v1.2.1
   Compiling getrandom v0.3.4
   Compiling once_cell v1.21.4
   Compiling zerocopy v0.8.48
   Compiling memchr v2.8.0
   Compiling itoa v1.0.18
   Compiling anyhow v1.0.102
   Compiling getrandom v0.4.2
   Compiling hybrid-array v0.4.14
   Compiling hashbrown v0.17.1
   Compiling syn v2.0.117
   Compiling generic-array v0.14.7
   Compiling smallvec v1.15.1
   Compiling bitflags v2.11.1
   Compiling rand_core v0.10.1
   Compiling zmij v1.0.21
   Compiling rustix v1.1.4
   Compiling linux-raw-sys v0.12.1
   Compiling writeable v0.6.3
   Compiling crypto-common v0.2.2
   Compiling serde_json v1.0.149
   Compiling litemap v0.8.2
   Compiling thiserror v2.0.18
   Compiling icu_normalizer_data v2.2.0
   Compiling icu_properties_data v2.2.0
   Compiling ref-cast v1.0.25
   Compiling utf8_iter v1.0.4
   Compiling fastrand v2.4.1
   Compiling parking_lot_core v0.9.12
   Compiling siphasher v1.0.2
   Compiling block-buffer v0.10.4
   Compiling crypto-common v0.1.7
   Compiling indexmap v2.14.0
   Compiling inout v0.2.2
   Compiling num-integer v0.1.46
   Compiling regex-syntax v0.8.10
   Compiling subtle v2.6.1
   Compiling bytes v1.11.1
   Compiling scopeguard v1.2.0
   Compiling lock_api v0.4.14
   Compiling digest v0.10.7
   Compiling block-buffer v0.12.1
   Compiling aho-corasick v1.1.4
   Compiling cpufeatures v0.3.0
   Compiling heck v0.5.0
   Compiling cipher v0.5.2
   Compiling parking_lot v0.12.5
   Compiling tempfile v3.27.0
   Compiling num-bigint v0.4.8
   Compiling getrandom v0.2.17
   Compiling fs-err v2.11.0
   Compiling ahash v0.8.12
   Compiling simd-adler32 v0.3.9
   Compiling crc32fast v1.5.0
   Compiling percent-encoding v2.3.2
   Compiling winnow v1.0.3
   Compiling camino v1.2.4
   Compiling toml_datetime v0.7.5+spec-1.1.0
   Compiling serde_spanned v1.1.1
   Compiling regex-automata v0.4.14
   Compiling rand_core v0.6.4
   Compiling synstructure v0.13.2
   Compiling toml_parser v1.1.2+spec-1.1.0
   Compiling num-iter v0.1.46
   Compiling semver v1.0.28
   Compiling num-rational v0.4.2
   Compiling num-complex v0.4.6
   Compiling foldhash v0.2.0
   Compiling adler2 v2.0.1
   Compiling pin-project-lite v0.2.17
   Compiling bit-vec v0.8.0
   Compiling winnow v0.7.15
   Compiling allocator-api2 v0.2.21
   Compiling thiserror v1.0.69
   Compiling borrow-or-share v0.2.4
   Compiling cpufeatures v0.2.17
   Compiling data-encoding v2.11.0
   Compiling httparse v1.10.1
   Compiling unicode-general-category v1.1.0
   Compiling cmov v0.5.4
   Compiling toml_writer v1.1.2+spec-1.1.0
   Compiling hashbrown v0.16.1
   Compiling serde_derive v1.0.228
   Compiling zerofrom-derive v0.1.7
   Compiling yoke-derive v0.8.2
   Compiling zerocopy-derive v0.8.48
   Compiling zerovec-derive v0.11.3
   Compiling displaydoc v0.2.5
   Compiling thiserror-impl v2.0.18
   Compiling ref-cast-impl v1.0.25
   Compiling zeroize_derive v1.5.0
   Compiling zerofrom v0.1.8
   Compiling yoke v0.8.2
   Compiling zerotrie v0.2.4
   Compiling zerovec v0.11.6
   Compiling uniffi_internal_macros v0.31.0
   Compiling zeroize v1.8.2
   Compiling chacha20 v0.10.1
   Compiling toml v0.9.12+spec-1.1.0
   Compiling tinystr v0.8.3
   Compiling potential_utf v0.1.5
   Compiling uniffi_pipeline v0.31.0
   Compiling icu_locale_core v2.2.0
   Compiling icu_collections v2.2.0
   Compiling ctutils v0.4.2
   Compiling uniffi_meta v0.31.0
   Compiling thiserror-impl v1.0.69
   Compiling bit-set v0.8.0
   Compiling num v0.4.3
   Compiling miniz_oxide v0.8.9
   Compiling icu_provider v2.2.0
   Compiling icu_normalizer v2.2.0
   Compiling icu_properties v2.2.0
   Compiling serde_derive_internals v0.29.1
   Compiling cargo-platform v0.1.9
   Compiling fluent-uri v0.4.1
   Compiling phf_shared v0.12.1
   Compiling errno v0.3.14
   Compiling vsimd v0.8.0
   Compiling ciborium-io v0.2.2
   Compiling micromap v0.3.0
   Compiling lazy_static v1.5.0
   Compiling chrono-tz v0.10.4
   Compiling unsafe-libyaml v0.2.11
   Compiling ryu v1.0.23
   Compiling iana-time-zone v0.1.65
   Compiling static_assertions v1.1.0
   Compiling outref v0.5.2
   Compiling msvc_spectre_libs v0.1.3
   Compiling uniffi_core v0.31.0
   Compiling uuid-simd v0.8.0
   Compiling chrono v0.4.45
   Compiling fraction v0.15.4
   Compiling idna_adapter v1.2.2
   Compiling idna v1.1.0
   Compiling signal-hook-registry v1.4.8
   Compiling phf v0.12.1
   Compiling schemars_derive v1.2.1
   Compiling cargo_metadata v0.19.2
   Compiling uniffi_macros v0.31.0
   Compiling flate2 v1.1.9
   Compiling email_address v0.2.9
   Compiling ppv-lite86 v0.2.21
   Compiling half v2.7.1
   Compiling rand_chacha v0.3.1
   Compiling referencing v0.46.10
   Compiling fancy-regex v0.18.0
   Compiling ciborium-ll v0.2.2
   Compiling rand v0.8.6
   Compiling universal-hash v0.6.1
   Compiling cobs v0.3.0
   Compiling rand v0.10.2
   Compiling regex v1.12.3
   Compiling futures-macro v0.3.32
   Compiling tokio-macros v2.7.0
   Compiling sha1 v0.10.6
   Compiling jsonschema-regex v0.46.10
   Compiling form_urlencoded v1.2.2
   Compiling fdeflate v0.3.7
   Compiling http v1.4.0
   Compiling regorus v0.10.1
   Compiling mio v1.2.0
   Compiling socket2 v0.6.3
   Compiling bstr v1.13.0
   Compiling futures-core v0.3.32
   Compiling pxfm v0.1.29
   Compiling bytecount v0.6.9
   Compiling futures-sink v0.3.32
   Compiling futures-task v0.3.32
   Compiling dyn-clone v1.0.20
   Compiling byteorder v1.5.0
   Compiling log v0.4.29
   Compiling utf-8 v0.7.6
   Compiling slab v0.4.12
   Compiling num-cmp v0.1.0
   Compiling zune-core v0.5.1
   Compiling powerfmt v0.2.0
   Compiling tungstenite v0.24.0
   Compiling futures-util v0.3.32
   Compiling deranged v0.5.8
   Compiling jsonschema v0.46.10
   Compiling zune-jpeg v0.5.15
   Compiling schemars v1.2.1
   Compiling uniffi v0.31.0
   Compiling globset v0.4.19
   Compiling tokio v1.52.1
   Compiling png v0.18.1
   Compiling url v2.5.8
   Compiling uuid v1.23.1
   Compiling postcard v1.1.3
   Compiling poly1305 v0.9.1
   Compiling ciborium v0.2.2
   Compiling serde_yaml v0.9.34+deprecated
   Compiling tracing-attributes v0.1.31
   Compiling hmac v0.12.1
   Compiling aead v0.6.1
   Compiling tracing-core v0.1.36
   Compiling ipnet v2.12.0
   Compiling byteorder-lite v0.1.0
   Compiling num-conv v0.2.1
   Compiling lru v0.18.1
   Compiling bytemuck v1.25.0
   Compiling moxcms v0.8.1
   Compiling spin v0.10.1
   Compiling time-core v0.1.8
   Compiling tracing v0.1.44
   Compiling time v0.3.47
   Compiling hkdf v0.12.4
   Compiling chacha20poly1305 v0.11.0
   Compiling coset v0.4.2
   Compiling cua-driver-contract v0.33.0 (<lanes>/w7-fresh07/libs/cua-driver/rust/crates/cua-driver-contract)
   Compiling serde_yaml_ng v0.10.0
   Compiling async-trait v0.1.89
   Compiling sha2 v0.10.9
   Compiling fs2 v0.4.3
   Compiling tokio-tungstenite v0.24.0
   Compiling base64 v0.22.1
   Compiling image v0.25.10
   Compiling cua-driver-core v0.33.0 (<lanes>/w7-fresh07/libs/cua-driver/rust/crates/cua-driver-core)
    Finished `test` profile [unoptimized + debuginfo] target(s) in 57.95s
     Running unittests src/lib.rs (<targets>/cua-test-fresh07/debug/deps/cua_driver_core-e2df1167a08c7aaa)

running 20 tests
test expectation::tests::empty_selector_value_is_invalid ... ok
test expectation::tests::display_only_web_text_stays_untrusted ... ok
test expectation::tests::evaluates_window_bounds_with_tolerance ... ok
test expectation::tests::negative_element_existence_is_invalid_even_for_incomplete_walks ... ok
test expectation::tests::duplicate_property_target_is_unknown_not_first_match_wins ... ok
test expectation::tests::label_less_display_text_value_is_readable ... ok
test expectation::tests::addressable_match_wins_over_its_display_only_caption ... ok
test expectation::tests::explicit_windows_and_linux_web_markers_are_untrusted ... ok
test expectation::tests::observation_args_request_only_needed_modalities ... ok
test expectation::tests::missing_optional_property_is_unknown_not_false ... ok
test expectation::tests::normalizes_native_roles_across_platforms ... ok
test expectation::tests::web_area_existence_is_unknown_even_with_multiple_matches ... ok
test expectation::tests::unique_element_value_is_satisfied ... ok
test expectation::tests::web_area_readback_is_unknown ... ok
test expectation::tests::observed_json_utf8_truncation_is_bounded_and_valid ... ok
test expectation::tests::verify_tool_rejects_out_of_contract_polling_bounds ... ok
test expectation::tests::verify_tool_ignores_trusted_transport_metadata ... ok
test expectation::tests::satisfied_last_sample_is_not_success_without_required_stability ... ok
test expectation::tests::verify_tool_waits_for_stability_and_returns_visual_evidence ... ok
test expectation::tests::transient_observation_failure_is_retried_until_stable ... ok

test result: ok. 20 passed; 0 failed; 0 ignored; 0 measured; 803 filtered out; finished in 0.20s

     Running tests/contract_parity.rs (<targets>/cua-test-fresh07/debug/deps/contract_parity-77d487a5d3048c74)

running 0 tests

test result: ok. 0 passed; 0 failed; 0 ignored; 0 measured; 1 filtered out; finished in 0.00s

     Running tests/cursor_hook_inert.rs (<targets>/cua-test-fresh07/debug/deps/cursor_hook_inert-b468b57306f78e45)

running 0 tests

test result: ok. 0 passed; 0 failed; 0 ignored; 0 measured; 2 filtered out; finished in 0.00s

     Running tests/cursor_hook_platform_support.rs (<targets>/cua-test-fresh07/debug/deps/cursor_hook_platform_support-40e01a787e2df42f)

running 0 tests

test result: ok. 0 passed; 0 failed; 0 ignored; 0 measured; 1 filtered out; finished in 0.00s

     Running tests/cursor_hook_registered.rs (<targets>/cua-test-fresh07/debug/deps/cursor_hook_registered-e89f57257c732943)

running 0 tests

test result: ok. 0 passed; 0 failed; 0 ignored; 0 measured; 1 filtered out; finished in 0.00s

     Running tests/recording_semantic_evidence.rs (<targets>/cua-test-fresh07/debug/deps/recording_semantic_evidence-586226d2cb4fbeb3)

running 0 tests

test result: ok. 0 passed; 0 failed; 0 ignored; 0 measured; 1 filtered out; finished in 0.00s

     Running tests/recording_shutdown_errors.rs (<targets>/cua-test-fresh07/debug/deps/recording_shutdown_errors-8e5c3e7a885c19ce)

running 0 tests

test result: ok. 0 passed; 0 failed; 0 ignored; 0 measured; 2 filtered out; finished in 0.00s

     Running tests/recording_transport_identity.rs (<targets>/cua-test-fresh07/debug/deps/recording_transport_identity-0d5c237cd27a81c7)

running 0 tests

test result: ok. 0 passed; 0 failed; 0 ignored; 0 measured; 2 filtered out; finished in 0.00s

     Running tests/recording_turn_latency.rs (<targets>/cua-test-fresh07/debug/deps/recording_turn_latency-b6cfd41cfcd33d9c)

running 0 tests

test result: ok. 0 passed; 0 failed; 0 ignored; 0 measured; 1 filtered out; finished in 0.00s

     Running tests/session_lifecycle.rs (<targets>/cua-test-fresh07/debug/deps/session_lifecycle-e9650b06028f20d3)

running 0 tests

test result: ok. 0 passed; 0 failed; 0 ignored; 0 measured; 3 filtered out; finished in 0.00s

     Running tests/snapshot_dispatch_invariants.rs (<targets>/cua-test-fresh07/debug/deps/snapshot_dispatch_invariants-81d5c08b91793d04)

running 0 tests

test result: ok. 0 passed; 0 failed; 0 ignored; 0 measured; 3 filtered out; finished in 0.00s

     Running tests/snapshot_invariants.rs (<targets>/cua-test-fresh07/debug/deps/snapshot_invariants-b96a776703bc4310)

running 0 tests

test result: ok. 0 passed; 0 failed; 0 ignored; 0 measured; 7 filtered out; finished in 0.00s

     Running tests/tool_arguments_boundary.rs (<targets>/cua-test-fresh07/debug/deps/tool_arguments_boundary-e8a1391286f065ed)

running 0 tests

test result: ok. 0 passed; 0 failed; 0 ignored; 0 measured; 3 filtered out; finished in 0.00s

