test_configs (test_b09_poll.PlanTests.test_configs) ... ok
test_ctl_round (test_b09_poll.PlanTests.test_ctl_round) ... ok
test_lane_env_never_reaches_driver (test_b09_poll.PlanTests.test_lane_env_never_reaches_driver) ... ok
test_lane_env_set_and_cleared (test_b09_poll.PlanTests.test_lane_env_set_and_cleared) ... ok
test_routine_constants (test_b09_poll.PlanTests.test_routine_constants) ... ok
test_williams_square_balance (test_b09_poll.PlanTests.test_williams_square_balance) ... ok
test_first_read_verified_never_sleeps (test_b09_poll.PollIntervalTests.test_first_read_verified_never_sleeps) ... ok
test_interval_helper (test_b09_poll.PollIntervalTests.test_interval_helper) ... ok
test_one_ms (test_b09_poll.PollIntervalTests.test_one_ms) ... ok
test_other_value_refutes (test_b09_poll.PollIntervalTests.test_other_value_refutes) ... ok
test_reconcile_interval_unaffected (test_b09_poll.PollIntervalTests.test_reconcile_interval_unaffected) ... ok
test_unset_is_current_behaviour (test_b09_poll.PollIntervalTests.test_unset_is_current_behaviour) ... ok
test_zero_is_a_yield (test_b09_poll.PollIntervalTests.test_zero_is_a_yield) ... ok
test_default_off_no_stamps (test_b09_poll.StampTests.test_default_off_no_stamps) ... ok
test_stamps_bracket_every_read_and_sleep (test_b09_poll.StampTests.test_stamps_bracket_every_read_and_sleep) ... ok
test_clean_artifact_passes (test_compiled_routine_r207.AuthorityTests.test_clean_artifact_passes) ... ok
test_rejects_authority_smuggled_as_values (test_compiled_routine_r207.AuthorityTests.test_rejects_authority_smuggled_as_values) ... ok
test_rejects_every_authority_field (test_compiled_routine_r207.AuthorityTests.test_rejects_every_authority_field) ... ok
test_rejects_float_coordinates_and_extra_target_keys (test_compiled_routine_r207.AuthorityTests.test_rejects_float_coordinates_and_extra_target_keys) ... ok
test_requires_unique_and_earlier_dependency (test_compiled_routine_r207.AuthorityTests.test_requires_unique_and_earlier_dependency) ... ok
test_compiles_logical_artifact_without_authority (test_compiled_routine_r207.CompileTests.test_compiles_logical_artifact_without_authority) ... ok
test_refuses_unverified_trace_duplicates_and_literals (test_compiled_routine_r207.CompileTests.test_refuses_unverified_trace_duplicates_and_literals) ... ok
test_fallback_continues_from_current_state (test_compiled_routine_r207.FallbackTests.test_fallback_continues_from_current_state) ... ok
test_fallback_filters_ambiguous_candidates (test_compiled_routine_r207.FallbackTests.test_fallback_filters_ambiguous_candidates) ... ok
test_ack_loss_reconciles_and_never_redispatches (test_compiled_routine_r207.ReplayTests.test_ack_loss_reconciles_and_never_redispatches) ... ok
test_ambiguous_submit_never_dispatches (test_compiled_routine_r207.ReplayTests.test_ambiguous_submit_never_dispatches) ... ok
test_dependency_postcondition_checked_before_submit (test_compiled_routine_r207.ReplayTests.test_dependency_postcondition_checked_before_submit) ... ok
test_happy_path_binds_fresh_before_every_mutation (test_compiled_routine_r207.ReplayTests.test_happy_path_binds_fresh_before_every_mutation) ... ok
test_missing_submit_and_out_of_domain_page (test_compiled_routine_r207.ReplayTests.test_missing_submit_and_out_of_domain_page) ... ok
test_prefilled_value_fails_precondition (test_compiled_routine_r207.ReplayTests.test_prefilled_value_fails_precondition) ... ok
test_stale_refusal_gets_exactly_one_rebind (test_compiled_routine_r207.ReplayTests.test_stale_refusal_gets_exactly_one_rebind) ... ok
test_wrong_origin_fails_precondition (test_compiled_routine_r207.ReplayTests.test_wrong_origin_fails_precondition) ... ok

----------------------------------------------------------------------
Ran 32 tests in 0.238s

OK
