▶ not activated — using HERMES_PYTHON: <hermes_after_venv>/bin/python
▶ running per-file parallel test suite via run_tests_parallel.py
  (TZ=UTC LANG=C.UTF-8 PYTHONHASHSEED=0; clean env)
▶ pre-compiling bytecode cache
▶ launching test runner
Discovered 1 test files (~14 tests) under ['tests/tools/test_computer_use_element_token_contract.py']; running with -j 20
[100.0% |    14/~14 | ✓14 | ✗ 1] ✗ tests/tools/test_computer_use_element_token_contract.py (14✓ 1✗, 5.6s)

  ╔╍ Failed: tests/tools/test_computer_use_element_token_contract.py ╍╍╍╍╍╍╍╍╍╍╍╍╍╍╍╍╍╍╍╍╍╍╍╍╍╍╍╍╍╍╍╍╍╍╍╍╍╍╍╍╍╍╍╍╍╍╍╍╍
  ║ ............F..                                                          [100%]
  ║ =================================== FAILURES ===================================
  ║ ____ TestEndedSessionRevival.test_token_call_is_not_replayed_after_revival _____
  ║ 
  ║ self = <tests.tools.test_computer_use_element_token_contract.TestEndedSessionRevival object at 0x7f3c1142fc50>
  ║ 
  ║     def test_token_call_is_not_replayed_after_revival(self):
  ║         ok = {"data": "ok", "images": [], "structuredContent": None, "isError": False}
  ║         s, calls = self._session([dict(self.ENDED), dict(ok), dict(ok)])
  ║         args = {"pid": 1, "element_token": "s00000001:2", "session": "hermes-label"}
  ║         result = s.call_tool("click", args)
  ║ >       assert calls == [("call", "click", args), ("call", "start_session", {"session": "hermes-label"})]
  ║ E       AssertionError: assert [('call', 'cl...rmes-label'})] == [('call', 'cl...rmes-label'})]
  ║ E         
  ║ E         Left contains one more item: ('call', 'click', {'pid': 1, 'element_token': 's00000001:2', 'session': 'hermes-label'})
  ║ E         Use -v to get more diff
  ║ 
  ║ tests/tools/test_computer_use_element_token_contract.py:227: AssertionError
  ║ ------------------------------ Captured log call -------------------------------
  ║ WARNING  tools.computer_use.cua_backend:cua_backend_session.py:516 cua-driver session hermes-label ended during click; reviving and retrying once
  ║ =========================== short test summary info ============================
  ║ FAILED tests/tools/test_computer_use_element_token_contract.py::TestEndedSessionRevival::test_token_call_is_not_replayed_after_revival
  ║ 1 failed, 14 passed in 1.70s
  ║
  ║  Repro: python -m pytest tests/tools/test_computer_use_element_token_contract.py -q
  ╚╍╍╍╍╍╍╍╍╍╍╍╍╍╍╍╍╍╍╍╍╍╍╍╍╍╍╍╍╍╍╍╍╍╍╍╍╍╍╍╍╍╍╍╍╍╍╍╍╍╍╍╍╍╍╍╍╍╍╍╍╍╍╍╍╍╍╍╍╍╍╍


=== Summary: 1 files, 14 tests passed, 1 failed (100% complete) in 5.6s (20 workers) ===

=== Per-file subprocess time distribution ===
  Files:   1
  Total subprocess CPU-wall: 5.6s  (runner wall: 5.6s, parallelism: 20x)
  P50: 5.57s  P90: 5.57s  P95: 5.57s  P99: 5.57s  Max: 5.57s
  <1s: 0 files (0%)  <2s: 0 files (0%)
  Top 10 slowest:
      5.57s  tests/tools/test_computer_use_element_token_contract.py

=== Failure output ===

--- tests/tools/test_computer_use_element_token_contract.py ---
............F..                                                          [100%]
=================================== FAILURES ===================================
____ TestEndedSessionRevival.test_token_call_is_not_replayed_after_revival _____

self = <tests.tools.test_computer_use_element_token_contract.TestEndedSessionRevival object at 0x7f3c1142fc50>

    def test_token_call_is_not_replayed_after_revival(self):
        ok = {"data": "ok", "images": [], "structuredContent": None, "isError": False}
        s, calls = self._session([dict(self.ENDED), dict(ok), dict(ok)])
        args = {"pid": 1, "element_token": "s00000001:2", "session": "hermes-label"}
        result = s.call_tool("click", args)
>       assert calls == [("call", "click", args), ("call", "start_session", {"session": "hermes-label"})]
E       AssertionError: assert [('call', 'cl...rmes-label'})] == [('call', 'cl...rmes-label'})]
E         
E         Left contains one more item: ('call', 'click', {'pid': 1, 'element_token': 's00000001:2', 'session': 'hermes-label'})
E         Use -v to get more diff

tests/tools/test_computer_use_element_token_contract.py:227: AssertionError
------------------------------ Captured log call -------------------------------
WARNING  tools.computer_use.cua_backend:cua_backend_session.py:516 cua-driver session hermes-label ended during click; reviving and retrying once
=========================== short test summary info ============================
FAILED tests/tools/test_computer_use_element_token_contract.py::TestEndedSessionRevival::test_token_call_is_not_replayed_after_revival
1 failed, 14 passed in 1.70s

=== 1 file with test failures (1 test failed) ===
  tests/tools/test_computer_use_element_token_contract.py  (1 test failed)
rc=1
