▶ not activated — using HERMES_PYTHON: <hermes_before_venv>/bin/python
▶ running per-file parallel test suite via run_tests_parallel.py
  (TZ=UTC LANG=C.UTF-8 PYTHONHASHSEED=0; clean env)
▶ pre-compiling bytecode cache
▶ launching test runner
Discovered 33 test files (~273 tests) under ['tests/tools/test_computer_use_approval_isolation.py', 'tests/tools/test_computer_use_ax_walk_bound.py', 'tests/tools/test_computer_use_backend_lifecycle.py', 'tests/tools/test_computer_use_backend_rebind.py', 'tests/tools/test_computer_use_capture_fence.py', 'tests/tools/test_computer_use_capture_routing.py', 'tests/tools/test_computer_use_cua_0_10_permissions.py', 'tests/tools/test_computer_use_cua_0_9.py', 'tests/tools/test_computer_use_cua_backend_linux.py', 'tests/tools/test_computer_use_cua_macos_identity.py', 'tests/tools/test_computer_use_delivery_ladder.py', 'tests/tools/test_computer_use_display_count_guard.py', 'tests/tools/test_computer_use_doctor_stale_units.py', 'tests/tools/test_computer_use_empty_discovery_diagnosis.py', 'tests/tools/test_computer_use_fullscreen_capture.py', 'tests/tools/test_computer_use_input_target_guard.py', 'tests/tools/test_computer_use_native_platform.py', 'tests/tools/test_computer_use_null_pid_windows.py', 'tests/tools/test_computer_use_placeholder_ids.py', 'tests/tools/test_computer_use.py', 'tests/tools/test_computer_use_screenshot_dedup.py', 'tests/tools/test_computer_use_vision_routing.py', 'tests/tools/test_computer_use_zero_bounds.py', 'tests/computer_use']; running with -j 20
[  0.4% |     1/~273 | ✓1 | ✗0] ✓ tests/computer_use/test_cua_perf_knobs.py (1✓, 3.1s)
[  1.1% |     3/~273 | ✓3 | ✗0] ✓ tests/computer_use/test_cua_atexit_teardown.py (2✓, 3.1s)
[  1.8% |     5/~273 | ✓5 | ✗0] ✓ tests/computer_use/test_cua_wayland_env.py (2✓, 3.1s)
[  2.6% |     7/~273 | ✓7 | ✗0] ✓ tests/computer_use/test_cua_wsl_manifest_path.py (2✓, 3.2s)
[  4.0% |    11/~273 | ✓11 | ✗ 0] ✓ tests/computer_use/test_cua_telemetry.py (4✓, 3.2s)
[  4.8% |    13/~273 | ✓13 | ✗ 0] ✓ tests/computer_use/test_permissions_resolution.py (2✓, 3.2s)
[  6.6% |    18/~273 | ✓18 | ✗ 0] ✓ tests/computer_use/test_cua_spawn_env_sanitization.py (5✓, 3.4s)
[ 12.1% |    33/~273 | ✓32 | ✗ 0] ✓ tests/computer_use/test_cua_no_overlay.py (14✓ 1s, 3.6s)
[ 17.6% |    48/~273 | ✓47 | ✗ 0] ✓ tests/computer_use/test_doctor.py (15✓, 3.8s)
[ 17.9% |    49/~273 | ✓47 | ✗ 0] ✓ tests/tools/test_computer_use_native_platform.py (8s, 0.9s)
[ 18.3% |    50/~273 | ✓48 | ✗ 0] ✓ tests/tools/test_computer_use_backend_rebind.py (1✓, 6.5s)
[ 20.1% |    55/~273 | ✓53 | ✗ 0] ✓ tests/tools/test_computer_use_cua_backend_linux.py (5✓, 7.0s)
[ 21.2% |    58/~273 | ✓58 | ✗ 0] ✓ tests/tools/test_computer_use_ax_walk_bound.py (5✓, 7.1s)
[ 23.1% |    63/~273 | ✓63 | ✗ 0] ✓ tests/tools/test_computer_use_display_count_guard.py (5✓, 4.1s)
[ 23.4% |    64/~273 | ✓65 | ✗ 0] ✓ tests/tools/test_computer_use_capture_fence.py (2✓, 7.3s)
[ 24.9% |    68/~273 | ✓72 | ✗ 0] ✓ tests/computer_use/test_cua_pm_selection.py (7✓, 7.3s)
[ 26.4% |    72/~273 | ✓76 | ✗ 0] ✓ tests/tools/test_computer_use_empty_discovery_diagnosis.py (4✓, 4.1s)
[ 30.8% |    84/~273 | ✓89 | ✗ 0] ✓ tests/tools/test_computer_use_cua_macos_identity.py (13✓, 4.4s)
[ 33.7% |    92/~273 | ✓97 | ✗ 0] ✓ tests/tools/test_computer_use_input_target_guard.py (8✓, 4.3s)
[ 35.5% |    97/~273 | ✓102 | ✗  0] ✓ tests/tools/test_computer_use_doctor_stale_units.py (5✓, 4.5s)
[ 38.8% |   106/~273 | ✓115 | ✗  0] ✓ tests/tools/test_computer_use_fullscreen_capture.py (13✓, 4.5s)
[ 42.5% |   116/~273 | ✓125 | ✗  0] ✓ tests/tools/test_computer_use_cua_0_10_permissions.py (10✓, 7.7s)
[ 43.6% |   119/~273 | ✓128 | ✗  0] ✓ tests/tools/test_computer_use_null_pid_windows.py (3✓, 4.0s)
[ 44.7% |   122/~273 | ✓140 | ✗  0] ✓ tests/tools/test_computer_use_backend_lifecycle.py (12✓, 8.0s)
[ 46.9% |   128/~273 | ✓146 | ✗  0] ✓ tests/tools/test_computer_use_placeholder_ids.py (6✓, 3.9s)
[ 48.4% |   132/~273 | ✓150 | ✗  0] ✓ tests/tools/test_computer_use_approval_isolation.py (4✓, 8.7s)
[ 51.6% |   141/~273 | ✓162 | ✗  0] ✓ tests/tools/test_computer_use_cua_0_9.py (12✓, 8.7s)
[ 53.5% |   146/~273 | ✓167 | ✗  0] ✓ tests/tools/test_computer_use_capture_routing.py (5✓, 8.8s)
[ 58.6% |   160/~273 | ✓181 | ✗  0] ✓ tests/tools/test_computer_use_delivery_ladder.py (14✓, 6.0s)
[ 59.7% |   163/~273 | ✓184 | ✗  0] ✓ tests/tools/test_computer_use_zero_bounds.py (3✓, 2.4s)
[ 64.1% |   175/~273 | ✓196 | ✗  0] ✓ tests/tools/test_computer_use_screenshot_dedup.py (12✓, 3.0s)
[ 68.1% |   186/~273 | ✓207 | ✗  0] ✓ tests/tools/test_computer_use_vision_routing.py (11✓, 2.6s)
[100.0% |   273/~273 | ✓294 | ✗  0] ✓ tests/tools/test_computer_use.py (87✓, 12.6s)

=== Summary: 33 files, 294 tests passed, 0 failed, 9 skipped (100% complete) in 12.7s (20 workers) ===

  note: platforms('macos') tests (in 3 files) were SKIPPED on this host (linux); they run on the macOS Python-tests lane.
  note: platforms('windows') tests (in 2 files) were SKIPPED on this host (linux); they run on the Windows Python-tests lane.
  Durations cached to test_durations.json (33 files)

=== Per-file subprocess time distribution ===
  Files:   33
  Total subprocess CPU-wall: 168.3s  (runner wall: 12.7s, parallelism: 20x)
  P50: 4.13s  P90: 8.67s  P95: 8.78s  P99: 12.64s  Max: 12.64s
  <1s: 1 files (3%)  <2s: 1 files (3%)
  Top 10 slowest:
     12.64s  tests/tools/test_computer_use.py
      8.78s  tests/tools/test_computer_use_capture_routing.py
      8.68s  tests/tools/test_computer_use_cua_0_9.py
      8.67s  tests/tools/test_computer_use_approval_isolation.py
      8.03s  tests/tools/test_computer_use_backend_lifecycle.py
      7.74s  tests/tools/test_computer_use_cua_0_10_permissions.py
      7.30s  tests/computer_use/test_cua_pm_selection.py
      7.28s  tests/tools/test_computer_use_capture_fence.py
      7.07s  tests/tools/test_computer_use_ax_walk_bound.py
      7.04s  tests/tools/test_computer_use_cua_backend_linux.py
rc=0
