▶ not activated — using HERMES_PYTHON: <hermes_after_venv>/bin/python
▶ running per-file parallel test suite via run_tests_parallel.py
  (TZ=UTC LANG=C.UTF-8 PYTHONHASHSEED=0; clean env)
▶ pre-compiling bytecode cache
▶ launching test runner
Discovered 34 test files (~288 tests) under ['tests/tools/test_computer_use_approval_isolation.py', 'tests/tools/test_computer_use_ax_walk_bound.py', 'tests/tools/test_computer_use_backend_lifecycle.py', 'tests/tools/test_computer_use_backend_rebind.py', 'tests/tools/test_computer_use_capture_fence.py', 'tests/tools/test_computer_use_capture_routing.py', 'tests/tools/test_computer_use_cua_0_10_permissions.py', 'tests/tools/test_computer_use_cua_0_9.py', 'tests/tools/test_computer_use_cua_backend_linux.py', 'tests/tools/test_computer_use_cua_macos_identity.py', 'tests/tools/test_computer_use_delivery_ladder.py', 'tests/tools/test_computer_use_display_count_guard.py', 'tests/tools/test_computer_use_doctor_stale_units.py', 'tests/tools/test_computer_use_element_token_contract.py', 'tests/tools/test_computer_use_empty_discovery_diagnosis.py', 'tests/tools/test_computer_use_fullscreen_capture.py', 'tests/tools/test_computer_use_input_target_guard.py', 'tests/tools/test_computer_use_native_platform.py', 'tests/tools/test_computer_use_null_pid_windows.py', 'tests/tools/test_computer_use_placeholder_ids.py', 'tests/tools/test_computer_use.py', 'tests/tools/test_computer_use_screenshot_dedup.py', 'tests/tools/test_computer_use_vision_routing.py', 'tests/tools/test_computer_use_zero_bounds.py', 'tests/computer_use']; running with -j 20
[  0.3% |     1/~288 | ✓1 | ✗0] ✓ tests/computer_use/test_cua_perf_knobs.py (1✓, 3.0s)
[  1.0% |     3/~288 | ✓3 | ✗0] ✓ tests/computer_use/test_cua_atexit_teardown.py (2✓, 3.0s)
[  1.7% |     5/~288 | ✓5 | ✗0] ✓ tests/computer_use/test_cua_wayland_env.py (2✓, 3.1s)
[  2.4% |     7/~288 | ✓7 | ✗0] ✓ tests/computer_use/test_cua_wsl_manifest_path.py (2✓, 3.2s)
[  3.1% |     9/~288 | ✓9 | ✗0] ✓ tests/computer_use/test_permissions_resolution.py (2✓, 3.2s)
[  4.5% |    13/~288 | ✓13 | ✗ 0] ✓ tests/computer_use/test_cua_telemetry.py (4✓, 3.2s)
[  6.2% |    18/~288 | ✓18 | ✗ 0] ✓ tests/computer_use/test_cua_spawn_env_sanitization.py (5✓, 3.5s)
[ 11.5% |    33/~288 | ✓32 | ✗ 0] ✓ tests/computer_use/test_cua_no_overlay.py (14✓ 1s, 4.2s)
[ 16.7% |    48/~288 | ✓47 | ✗ 0] ✓ tests/computer_use/test_doctor.py (15✓, 4.5s)
[ 17.0% |    49/~288 | ✓47 | ✗ 0] ✓ tests/tools/test_computer_use_native_platform.py (8s, 1.8s)
[ 17.4% |    50/~288 | ✓48 | ✗ 0] ✓ tests/tools/test_computer_use_backend_rebind.py (1✓, 6.4s)
[ 19.1% |    55/~288 | ✓53 | ✗ 0] ✓ tests/tools/test_computer_use_cua_backend_linux.py (5✓, 6.7s)
[ 20.1% |    58/~288 | ✓58 | ✗ 0] ✓ tests/tools/test_computer_use_ax_walk_bound.py (5✓, 6.8s)
[ 20.5% |    59/~288 | ✓60 | ✗ 0] ✓ tests/tools/test_computer_use_capture_fence.py (2✓, 7.6s)
[ 24.0% |    69/~288 | ✓70 | ✗ 0] ✓ tests/tools/test_computer_use_cua_0_10_permissions.py (10✓, 8.2s)
[ 25.0% |    72/~288 | ✓82 | ✗ 0] ✓ tests/tools/test_computer_use_backend_lifecycle.py (12✓, 9.1s)
[ 26.4% |    76/~288 | ✓89 | ✗ 0] ✓ tests/computer_use/test_cua_pm_selection.py (7✓, 10.1s)
[ 28.1% |    81/~288 | ✓94 | ✗ 0] ✓ tests/tools/test_computer_use_display_count_guard.py (5✓, 7.1s)
[ 29.9% |    86/~288 | ✓99 | ✗ 0] ✓ tests/tools/test_computer_use_doctor_stale_units.py (5✓, 7.0s)
[ 31.2% |    90/~288 | ✓103 | ✗  0] ✓ tests/tools/test_computer_use_empty_discovery_diagnosis.py (4✓, 7.1s)
[ 35.4% |   102/~288 | ✓116 | ✗  0] ✓ tests/tools/test_computer_use_cua_macos_identity.py (13✓, 7.5s)
[ 36.8% |   106/~288 | ✓120 | ✗  0] ✓ tests/tools/test_computer_use_approval_isolation.py (4✓, 10.8s)
[ 39.9% |   115/~288 | ✓133 | ✗  0] ✓ tests/tools/test_computer_use_fullscreen_capture.py (13✓, 7.3s)
[ 43.1% |   124/~288 | ✓145 | ✗  0] ✓ tests/tools/test_computer_use_cua_0_9.py (12✓, 11.1s)
[ 45.8% |   132/~288 | ✓153 | ✗  0] ✓ tests/tools/test_computer_use_input_target_guard.py (8✓, 7.0s)
[ 51.0% |   147/~288 | ✓169 | ✗  0] ✓ tests/tools/test_computer_use_element_token_contract.py (16✓, 8.0s)
[ 52.8% |   152/~288 | ✓174 | ✗  0] ✓ tests/tools/test_computer_use_capture_routing.py (5✓, 11.8s)
[ 53.8% |   155/~288 | ✓177 | ✗  0] ✓ tests/tools/test_computer_use_null_pid_windows.py (3✓, 5.7s)
[ 55.9% |   161/~288 | ✓183 | ✗  0] ✓ tests/tools/test_computer_use_placeholder_ids.py (6✓, 5.8s)
[ 56.9% |   164/~288 | ✓186 | ✗  0] ✓ tests/tools/test_computer_use_zero_bounds.py (3✓, 5.0s)
[ 61.1% |   176/~288 | ✓198 | ✗  0] ✓ tests/tools/test_computer_use_screenshot_dedup.py (12✓, 6.0s)
[ 64.9% |   187/~288 | ✓209 | ✗  0] ✓ tests/tools/test_computer_use_vision_routing.py (11✓, 6.0s)
[ 69.8% |   201/~288 | ✓223 | ✗  0] ✓ tests/tools/test_computer_use_delivery_ladder.py (14✓, 9.9s)
[100.0% |   288/~288 | ✓310 | ✗  0] ✓ tests/tools/test_computer_use.py (87✓, 17.4s)

=== Summary: 34 files, 310 tests passed, 0 failed, 9 skipped (100% complete) in 17.4s (20 workers) ===

  note: platforms('macos') tests (in 3 files) were SKIPPED on this host (linux); they run on the macOS Python-tests lane.
  note: platforms('windows') tests (in 2 files) were SKIPPED on this host (linux); they run on the Windows Python-tests lane.
  Durations cached to test_durations.json (34 files)

=== Per-file subprocess time distribution ===
  Files:   34
  Total subprocess CPU-wall: 228.1s  (runner wall: 17.4s, parallelism: 20x)
  P50: 6.82s  P90: 10.75s  P95: 11.85s  P99: 17.38s  Max: 17.38s
  <1s: 0 files (0%)  <2s: 1 files (3%)
  Top 10 slowest:
     17.38s  tests/tools/test_computer_use.py
     11.85s  tests/tools/test_computer_use_capture_routing.py
     11.06s  tests/tools/test_computer_use_cua_0_9.py
     10.75s  tests/tools/test_computer_use_approval_isolation.py
     10.13s  tests/computer_use/test_cua_pm_selection.py
      9.91s  tests/tools/test_computer_use_delivery_ladder.py
      9.12s  tests/tools/test_computer_use_backend_lifecycle.py
      8.23s  tests/tools/test_computer_use_cua_0_10_permissions.py
      7.97s  tests/tools/test_computer_use_element_token_contract.py
      7.60s  tests/tools/test_computer_use_capture_fence.py
rc=0
