▶ not activated — using HERMES_PYTHON: <hermes_after_venv>/bin/python
▶ running per-file parallel test suite via run_tests_parallel.py
  (TZ=UTC LANG=C.UTF-8 PYTHONHASHSEED=0; clean env)
▶ pre-compiling bytecode cache
▶ launching test runner
Discovered 34 test files (~284 tests) under ['tests/tools/test_computer_use_approval_isolation.py', 'tests/tools/test_computer_use_ax_walk_bound.py', 'tests/tools/test_computer_use_backend_lifecycle.py', 'tests/tools/test_computer_use_backend_rebind.py', 'tests/tools/test_computer_use_capture_fence.py', 'tests/tools/test_computer_use_capture_routing.py', 'tests/tools/test_computer_use_cua_0_10_permissions.py', 'tests/tools/test_computer_use_cua_0_9.py', 'tests/tools/test_computer_use_cua_backend_linux.py', 'tests/tools/test_computer_use_cua_macos_identity.py', 'tests/tools/test_computer_use_delivery_ladder.py', 'tests/tools/test_computer_use_display_count_guard.py', 'tests/tools/test_computer_use_doctor_stale_units.py', 'tests/tools/test_computer_use_element_token_contract.py', 'tests/tools/test_computer_use_empty_discovery_diagnosis.py', 'tests/tools/test_computer_use_fullscreen_capture.py', 'tests/tools/test_computer_use_input_target_guard.py', 'tests/tools/test_computer_use_native_platform.py', 'tests/tools/test_computer_use_null_pid_windows.py', 'tests/tools/test_computer_use_placeholder_ids.py', 'tests/tools/test_computer_use.py', 'tests/tools/test_computer_use_screenshot_dedup.py', 'tests/tools/test_computer_use_vision_routing.py', 'tests/tools/test_computer_use_zero_bounds.py', 'tests/computer_use']; running with -j 20
[  0.4% |     1/~284 | ✓1 | ✗0] ✓ tests/computer_use/test_cua_perf_knobs.py (1✓, 1.6s)
[  1.1% |     3/~284 | ✓3 | ✗0] ✓ tests/computer_use/test_cua_atexit_teardown.py (2✓, 1.7s)
[  1.8% |     5/~284 | ✓5 | ✗0] ✓ tests/computer_use/test_cua_wayland_env.py (2✓, 1.7s)
[  3.2% |     9/~284 | ✓9 | ✗0] ✓ tests/computer_use/test_cua_telemetry.py (4✓, 1.8s)
[  3.9% |    11/~284 | ✓11 | ✗ 0] ✓ tests/computer_use/test_permissions_resolution.py (2✓, 1.8s)
[  4.6% |    13/~284 | ✓13 | ✗ 0] ✓ tests/computer_use/test_cua_wsl_manifest_path.py (2✓, 1.8s)
[  6.3% |    18/~284 | ✓18 | ✗ 0] ✓ tests/computer_use/test_cua_spawn_env_sanitization.py (5✓, 2.0s)
[ 11.6% |    33/~284 | ✓32 | ✗ 0] ✓ tests/computer_use/test_cua_no_overlay.py (14✓ 1s, 2.3s)
[ 16.9% |    48/~284 | ✓47 | ✗ 0] ✓ tests/computer_use/test_doctor.py (15✓, 2.6s)
[ 17.3% |    49/~284 | ✓47 | ✗ 0] ✓ tests/tools/test_computer_use_native_platform.py (8s, 1.0s)
[ 17.6% |    50/~284 | ✓48 | ✗ 0] ✓ tests/tools/test_computer_use_backend_rebind.py (1✓, 3.8s)
[ 19.4% |    55/~284 | ✓53 | ✗ 0] ✓ tests/tools/test_computer_use_cua_backend_linux.py (5✓, 3.9s)
[ 20.4% |    58/~284 | ✓58 | ✗ 0] ✓ tests/tools/test_computer_use_ax_walk_bound.py (5✓, 4.1s)
[ 20.8% |    59/~284 | ✓60 | ✗ 0] ✓ tests/tools/test_computer_use_capture_fence.py (2✓, 4.4s)
[ 24.3% |    69/~284 | ✓70 | ✗ 0] ✓ tests/tools/test_computer_use_cua_0_10_permissions.py (10✓, 5.0s)
[ 25.4% |    72/~284 | ✓82 | ✗ 0] ✓ tests/tools/test_computer_use_backend_lifecycle.py (12✓, 5.5s)
[ 27.1% |    77/~284 | ✓87 | ✗ 0] ✓ tests/tools/test_computer_use_display_count_guard.py (5✓, 4.2s)
[ 28.5% |    81/~284 | ✓91 | ✗ 0] ✓ tests/tools/test_computer_use_empty_discovery_diagnosis.py (4✓, 4.3s)
[ 32.7% |    93/~284 | ✓104 | ✗  0] ✓ tests/tools/test_computer_use_cua_macos_identity.py (13✓, 4.6s)
[ 34.2% |    97/~284 | ✓111 | ✗  0] ✓ tests/computer_use/test_cua_pm_selection.py (7✓, 6.3s)
[ 35.9% |   102/~284 | ✓116 | ✗  0] ✓ tests/tools/test_computer_use_doctor_stale_units.py (5✓, 4.5s)
[ 39.8% |   113/~284 | ✓128 | ✗  0] ✓ tests/tools/test_computer_use_element_token_contract.py (12✓, 4.8s)
[ 42.6% |   121/~284 | ✓136 | ✗  0] ✓ tests/tools/test_computer_use_input_target_guard.py (8✓, 4.3s)
[ 45.8% |   130/~284 | ✓149 | ✗  0] ✓ tests/tools/test_computer_use_fullscreen_capture.py (13✓, 4.6s)
[ 47.2% |   134/~284 | ✓153 | ✗  0] ✓ tests/tools/test_computer_use_approval_isolation.py (4✓, 6.7s)
[ 50.4% |   143/~284 | ✓165 | ✗  0] ✓ tests/tools/test_computer_use_cua_0_9.py (12✓, 6.8s)
[ 52.1% |   148/~284 | ✓170 | ✗  0] ✓ tests/tools/test_computer_use_capture_routing.py (5✓, 7.2s)
[ 53.2% |   151/~284 | ✓173 | ✗  0] ✓ tests/tools/test_computer_use_null_pid_windows.py (3✓, 3.6s)
[ 55.3% |   157/~284 | ✓179 | ✗  0] ✓ tests/tools/test_computer_use_placeholder_ids.py (6✓, 3.7s)
[ 56.3% |   160/~284 | ✓182 | ✗  0] ✓ tests/tools/test_computer_use_zero_bounds.py (3✓, 3.2s)
[ 60.6% |   172/~284 | ✓194 | ✗  0] ✓ tests/tools/test_computer_use_screenshot_dedup.py (12✓, 3.7s)
[ 64.4% |   183/~284 | ✓205 | ✗  0] ✓ tests/tools/test_computer_use_vision_routing.py (11✓, 3.7s)
[ 69.4% |   197/~284 | ✓219 | ✗  0] ✓ tests/tools/test_computer_use_delivery_ladder.py (14✓, 6.2s)
[100.0% |   284/~284 | ✓306 | ✗  0] ✓ tests/tools/test_computer_use.py (87✓, 10.6s)

=== Summary: 34 files, 306 tests passed, 0 failed, 9 skipped (100% complete) in 10.7s (20 workers) ===

  note: platforms('macos') tests (in 3 files) were SKIPPED on this host (linux); they run on the macOS Python-tests lane.
  note: platforms('windows') tests (in 2 files) were SKIPPED on this host (linux); they run on the Windows Python-tests lane.
  Durations cached to test_durations.json (34 files)

=== Per-file subprocess time distribution ===
  Files:   34
  Total subprocess CPU-wall: 138.2s  (runner wall: 10.7s, parallelism: 20x)
  P50: 4.11s  P90: 6.72s  P95: 7.17s  P99: 10.63s  Max: 10.63s
  <1s: 0 files (0%)  <2s: 8 files (24%)
  Top 10 slowest:
     10.63s  tests/tools/test_computer_use.py
      7.17s  tests/tools/test_computer_use_capture_routing.py
      6.84s  tests/tools/test_computer_use_cua_0_9.py
      6.72s  tests/tools/test_computer_use_approval_isolation.py
      6.29s  tests/computer_use/test_cua_pm_selection.py
      6.22s  tests/tools/test_computer_use_delivery_ladder.py
      5.49s  tests/tools/test_computer_use_backend_lifecycle.py
      5.02s  tests/tools/test_computer_use_cua_0_10_permissions.py
      4.77s  tests/tools/test_computer_use_element_token_contract.py
      4.64s  tests/tools/test_computer_use_fullscreen_capture.py
rc=0
