▶ not activated — using HERMES_PYTHON: <hermes_after_venv>/bin/python
▶ running per-file parallel test suite via run_tests_parallel.py
  (TZ=UTC LANG=C.UTF-8 PYTHONHASHSEED=0; clean env)
▶ pre-compiling bytecode cache
▶ launching test runner
Discovered 34 test files (~287 tests) under ['tests/tools/test_computer_use_approval_isolation.py', 'tests/tools/test_computer_use_ax_walk_bound.py', 'tests/tools/test_computer_use_backend_lifecycle.py', 'tests/tools/test_computer_use_backend_rebind.py', 'tests/tools/test_computer_use_capture_fence.py', 'tests/tools/test_computer_use_capture_routing.py', 'tests/tools/test_computer_use_cua_0_10_permissions.py', 'tests/tools/test_computer_use_cua_0_9.py', 'tests/tools/test_computer_use_cua_backend_linux.py', 'tests/tools/test_computer_use_cua_macos_identity.py', 'tests/tools/test_computer_use_delivery_ladder.py', 'tests/tools/test_computer_use_display_count_guard.py', 'tests/tools/test_computer_use_doctor_stale_units.py', 'tests/tools/test_computer_use_element_token_contract.py', 'tests/tools/test_computer_use_empty_discovery_diagnosis.py', 'tests/tools/test_computer_use_fullscreen_capture.py', 'tests/tools/test_computer_use_input_target_guard.py', 'tests/tools/test_computer_use_native_platform.py', 'tests/tools/test_computer_use_null_pid_windows.py', 'tests/tools/test_computer_use_placeholder_ids.py', 'tests/tools/test_computer_use.py', 'tests/tools/test_computer_use_screenshot_dedup.py', 'tests/tools/test_computer_use_vision_routing.py', 'tests/tools/test_computer_use_zero_bounds.py', 'tests/computer_use']; running with -j 20
[  0.7% |     2/~287 | ✓2 | ✗0] ✓ tests/computer_use/test_cua_atexit_teardown.py (2✓, 2.2s)
[  1.0% |     3/~287 | ✓3 | ✗0] ✓ tests/computer_use/test_cua_perf_knobs.py (1✓, 2.2s)
[  1.7% |     5/~287 | ✓5 | ✗0] ✓ tests/computer_use/test_permissions_resolution.py (2✓, 2.4s)
[  3.1% |     9/~287 | ✓9 | ✗0] ✓ tests/computer_use/test_cua_telemetry.py (4✓, 2.5s)
[  3.8% |    11/~287 | ✓11 | ✗ 0] ✓ tests/computer_use/test_cua_wsl_manifest_path.py (2✓, 2.5s)
[  4.5% |    13/~287 | ✓13 | ✗ 0] ✓ tests/computer_use/test_cua_wayland_env.py (2✓, 2.5s)
[  6.3% |    18/~287 | ✓18 | ✗ 0] ✓ tests/computer_use/test_cua_spawn_env_sanitization.py (5✓, 2.8s)
[ 11.5% |    33/~287 | ✓32 | ✗ 0] ✓ tests/computer_use/test_cua_no_overlay.py (14✓ 1s, 3.4s)
[ 16.7% |    48/~287 | ✓47 | ✗ 0] ✓ tests/computer_use/test_doctor.py (15✓, 4.0s)
[ 17.1% |    49/~287 | ✓48 | ✗ 0] ✓ tests/tools/test_computer_use_backend_rebind.py (1✓, 5.5s)
[ 17.4% |    50/~287 | ✓48 | ✗ 0] ✓ tests/tools/test_computer_use_native_platform.py (8s, 1.6s)
[ 19.2% |    55/~287 | ✓53 | ✗ 0] ✓ tests/tools/test_computer_use_cua_backend_linux.py (5✓, 5.7s)
[ 20.2% |    58/~287 | ✓58 | ✗ 0] ✓ tests/tools/test_computer_use_ax_walk_bound.py (5✓, 5.9s)
[ 20.6% |    59/~287 | ✓60 | ✗ 0] ✓ tests/tools/test_computer_use_capture_fence.py (2✓, 6.0s)
[ 21.6% |    62/~287 | ✓72 | ✗ 0] ✓ tests/tools/test_computer_use_backend_lifecycle.py (12✓, 7.5s)
[ 25.1% |    72/~287 | ✓82 | ✗ 0] ✓ tests/tools/test_computer_use_cua_0_10_permissions.py (10✓, 7.5s)
[ 26.8% |    77/~287 | ✓87 | ✗ 0] ✓ tests/tools/test_computer_use_display_count_guard.py (5✓, 5.3s)
[ 28.2% |    81/~287 | ✓94 | ✗ 0] ✓ tests/computer_use/test_cua_pm_selection.py (7✓, 7.9s)
[ 29.6% |    85/~287 | ✓98 | ✗ 0] ✓ tests/tools/test_computer_use_empty_discovery_diagnosis.py (4✓, 5.4s)
[ 33.8% |    97/~287 | ✓111 | ✗  0] ✓ tests/tools/test_computer_use_cua_macos_identity.py (13✓, 5.8s)
[ 35.5% |   102/~287 | ✓116 | ✗  0] ✓ tests/tools/test_computer_use_doctor_stale_units.py (5✓, 5.6s)
[ 40.4% |   116/~287 | ✓131 | ✗  0] ✓ tests/tools/test_computer_use_element_token_contract.py (15✓, 6.0s)
[ 43.6% |   125/~287 | ✓144 | ✗  0] ✓ tests/tools/test_computer_use_fullscreen_capture.py (13✓, 5.8s)
[ 44.9% |   129/~287 | ✓148 | ✗  0] ✓ tests/tools/test_computer_use_approval_isolation.py (4✓, 8.6s)
[ 47.7% |   137/~287 | ✓156 | ✗  0] ✓ tests/tools/test_computer_use_input_target_guard.py (8✓, 5.4s)
[ 50.9% |   146/~287 | ✓168 | ✗  0] ✓ tests/tools/test_computer_use_cua_0_9.py (12✓, 8.9s)
[ 52.6% |   151/~287 | ✓173 | ✗  0] ✓ tests/tools/test_computer_use_capture_routing.py (5✓, 9.3s)
[ 53.7% |   154/~287 | ✓176 | ✗  0] ✓ tests/tools/test_computer_use_null_pid_windows.py (3✓, 4.2s)
[ 54.7% |   157/~287 | ✓179 | ✗  0] ✓ tests/tools/test_computer_use_zero_bounds.py (3✓, 3.7s)
[ 56.8% |   163/~287 | ✓185 | ✗  0] ✓ tests/tools/test_computer_use_placeholder_ids.py (6✓, 4.2s)
[ 61.0% |   175/~287 | ✓197 | ✗  0] ✓ tests/tools/test_computer_use_screenshot_dedup.py (12✓, 4.3s)
[ 64.8% |   186/~287 | ✓208 | ✗  0] ✓ tests/tools/test_computer_use_vision_routing.py (11✓, 4.2s)
[ 69.7% |   200/~287 | ✓222 | ✗  0] ✓ tests/tools/test_computer_use_delivery_ladder.py (14✓, 8.0s)
[100.0% |   287/~287 | ✓309 | ✗  0] ✓ tests/tools/test_computer_use.py (87✓, 13.5s)

=== Summary: 34 files, 309 tests passed, 0 failed, 9 skipped (100% complete) in 13.5s (20 workers) ===

  note: platforms('macos') tests (in 3 files) were SKIPPED on this host (linux); they run on the macOS Python-tests lane.
  note: platforms('windows') tests (in 2 files) were SKIPPED on this host (linux); they run on the Windows Python-tests lane.
  Durations cached to test_durations.json (34 files)

=== Per-file subprocess time distribution ===
  Files:   34
  Total subprocess CPU-wall: 180.1s  (runner wall: 13.5s, parallelism: 20x)
  P50: 5.41s  P90: 8.58s  P95: 9.31s  P99: 13.46s  Max: 13.46s
  <1s: 0 files (0%)  <2s: 1 files (3%)
  Top 10 slowest:
     13.46s  tests/tools/test_computer_use.py
      9.31s  tests/tools/test_computer_use_capture_routing.py
      8.87s  tests/tools/test_computer_use_cua_0_9.py
      8.58s  tests/tools/test_computer_use_approval_isolation.py
      7.97s  tests/tools/test_computer_use_delivery_ladder.py
      7.87s  tests/computer_use/test_cua_pm_selection.py
      7.50s  tests/tools/test_computer_use_cua_0_10_permissions.py
      7.46s  tests/tools/test_computer_use_backend_lifecycle.py
      6.05s  tests/tools/test_computer_use_element_token_contract.py
      6.00s  tests/tools/test_computer_use_capture_fence.py
rc=0
