test_accepted_unverifiable_result_is_returned (test_runner_refusal.DriverCallRefusalTest.test_accepted_unverifiable_result_is_returned) ... ok
test_effect_refused_without_is_error_is_a_refusal_not_success (test_runner_refusal.DriverCallRefusalTest.test_effect_refused_without_is_error_is_a_refusal_not_success) ... ok
test_mcp_error_is_not_marked_refused (test_runner_refusal.DriverCallRefusalTest.test_mcp_error_is_not_marked_refused) ... ok
test_retryable_is_read_from_the_refusal_detail (test_runner_refusal.DriverCallRefusalTest.test_retryable_is_read_from_the_refusal_detail) ... ERROR
test_status_refused_envelope_keeps_its_structured_code (test_runner_refusal.DriverCallRefusalTest.test_status_refused_envelope_keeps_its_structured_code) ... ok
test_accepted_mutation_is_not_repeated_on_a_fresh_ref (test_runner_refusal.RunnerRefusalTest.test_accepted_mutation_is_not_repeated_on_a_fresh_ref) ... ok
test_one_refusal_gets_one_fresh_observation_and_one_fresh_dispatch (test_runner_refusal.RunnerRefusalTest.test_one_refusal_gets_one_fresh_observation_and_one_fresh_dispatch) ... ok
test_ordinary_path_is_unchanged (test_runner_refusal.RunnerRefusalTest.test_ordinary_path_is_unchanged) ... ok
test_refusal_marked_not_retryable_ends_unknown_without_redispatch (test_runner_refusal.RunnerRefusalTest.test_refusal_marked_not_retryable_ends_unknown_without_redispatch) ... FAIL
test_refusal_with_unknown_delivery_ends_unknown_without_redispatch (test_runner_refusal.RunnerRefusalTest.test_refusal_with_unknown_delivery_ends_unknown_without_redispatch) ... FAIL
test_second_refusal_stops_without_another_dispatch (test_runner_refusal.RunnerRefusalTest.test_second_refusal_stops_without_another_dispatch) ... ok
test_unconfirmed_accepted_click_is_never_dispatched_again (test_runner_refusal.RunnerRefusalTest.test_unconfirmed_accepted_click_is_never_dispatched_again) ... ok

======================================================================
ERROR: test_retryable_is_read_from_the_refusal_detail (test_runner_refusal.DriverCallRefusalTest.test_retryable_is_read_from_the_refusal_detail)
----------------------------------------------------------------------
Traceback (most recent call last):
  File "<wt-red>/libs/cua-driver/examples/jev-use/python/tests/test_runner_refusal.py", line 169, in test_retryable_is_read_from_the_refusal_detail
    self.assertIs(raised.exception.retryable, False)
                  ^^^^^^^^^^^^^^^^^^^^^^^^^^
AttributeError: 'DriverToolError' object has no attribute 'retryable'

======================================================================
FAIL: test_refusal_marked_not_retryable_ends_unknown_without_redispatch (test_runner_refusal.RunnerRefusalTest.test_refusal_marked_not_retryable_ends_unknown_without_redispatch)
----------------------------------------------------------------------
Traceback (most recent call last):
  File "<wt-red>/libs/cua-driver/examples/jev-use/python/tests/test_runner_refusal.py", line 226, in test_refusal_marked_not_retryable_ends_unknown_without_redispatch
    events, session = self.execute("unknown", refuse_clicks=1, refusal="not_retryable")
                      ^^^^^^^^^^^^^^^^^^^^^^^^^^^^^^^^^^^^^^^^^^^^^^^^^^^^^^^^^^^^^^^^^
  File "<wt-red>/libs/cua-driver/examples/jev-use/python/tests/test_runner_refusal.py", line 204, in execute
    self.assertEqual(asyncio.run(run.run(args)), expected)
AssertionError: 'verified' != 'unknown'
- verified
+ unknown


======================================================================
FAIL: test_refusal_with_unknown_delivery_ends_unknown_without_redispatch (test_runner_refusal.RunnerRefusalTest.test_refusal_with_unknown_delivery_ends_unknown_without_redispatch)
----------------------------------------------------------------------
Traceback (most recent call last):
  File "<wt-red>/libs/cua-driver/examples/jev-use/python/tests/test_runner_refusal.py", line 220, in test_refusal_with_unknown_delivery_ends_unknown_without_redispatch
    events, session = self.execute("unknown", refuse_clicks=1, refusal="trust_unknown")
                      ^^^^^^^^^^^^^^^^^^^^^^^^^^^^^^^^^^^^^^^^^^^^^^^^^^^^^^^^^^^^^^^^^
  File "<wt-red>/libs/cua-driver/examples/jev-use/python/tests/test_runner_refusal.py", line 204, in execute
    self.assertEqual(asyncio.run(run.run(args)), expected)
AssertionError: 'verified' != 'unknown'
- verified
+ unknown


----------------------------------------------------------------------
Ran 12 tests in 3.585s

FAILED (failures=2, errors=1)
