[2026-10-03T02:42:44Z] waiting cargo lock for r2-10r-a2-45dff8f32 loadavg=6.46 3.73 2.03
[2026-10-03T02:42:48Z] build start label=r2-10r-a2-45dff8f32 head=3028d80780fabf39363cc9271778d9e124d0447a rustc=rustc 1.97.1 (8bab26f4f 2026-07-14)
  crate cua_driver: rustc invocations this run = 1
  crate cua_driver_core: rustc invocations this run = 1
  crate cua_driver_contract: rustc invocations this run = 1
  crate platform_linux: rustc invocations this run = 1
  Fresh workspace units: 0
[2026-10-03T02:44:19Z] build done label=r2-10r-a2-45dff8f32 seconds=91 sha256=922111c518d73b9675a9800d39a389c17070d40d16f25ada1426a90eccd06ec8
rc=0
[2026-10-03T02:44:19Z] waiting cargo lock for r2-10r-a2-ctl-8a2362770 loadavg=7.77 4.72 2.54
[2026-10-03T02:44:20Z] build start label=r2-10r-a2-ctl-8a2362770 head=8a2362770f2120c136c69a50b711a6b9e3a69b8f rustc=rustc 1.97.1 (8bab26f4f 2026-07-14)
Terminated                 flock <tmp-root>/locks/cargo-build.lock $L/build-driver.sh $L/$1 $2 cua-release-r2-10
rc=143
[2026-10-03T02:45:17Z] rerun ctl build after the first attempt was terminated by the tool's 120 s background timeout (rc=143)
[2026-10-03T02:46:06Z] build start label=r2-10r-a2-ctl-8a2362770 head=8a2362770f2120c136c69a50b711a6b9e3a69b8f rustc=rustc 1.97.1 (8bab26f4f 2026-07-14)
  crate cua_driver: rustc invocations this run = 1
  crate cua_driver_core: rustc invocations this run = 1
  crate cua_driver_contract: rustc invocations this run = 1
  crate platform_linux: rustc invocations this run = 1
  Fresh workspace units: 0
[2026-10-03T02:47:54Z] build done label=r2-10r-a2-ctl-8a2362770 seconds=108 sha256=e66fac2cac19bc7899598f4a3d8337de1fc69fcaf99163e5553f1dc2d9f91b0b
rc=0
