[session] DISPLAY=:101 openbox=2927010 picom=2927011 dbus=unix:path=<tmp>/dbus-<id>,guid=3c64e02ff5a33a998ae5f38e6abf1996
== session env DISPLAY=:101 XDG_SESSION_TYPE=x11 trace_set= knob_set=
cua-driver 0.32.0
Cua Driver sends content-free product telemetry by default. Run `cua-driver telemetry disable` to stop it; `cua-driver telemetry status` shows the current setting.
dbus-daemon[2927008]: [session uid=1000 pid=2927008 pidfd=5] Activating service name='org.a11y.Bus' requested by ':1.0' (uid=1000 pid=2927366 comm="<lanes>/bin/cua-driver-b0")
dbus-daemon[2927008]: [session uid=1000 pid=2927008 pidfd=5] Successfully activated service 'org.a11y.Bus'
dbus-daemon[2927008]: [session uid=1000 pid=2927008 pidfd=5] Activating service name='ca.desrt.dconf' requested by ':1.1' (uid=1000 pid=2927389 comm="/usr/lib/at-spi-bus-launcher")
dbus-daemon[2927008]: [session uid=1000 pid=2927008 pidfd=5] Successfully activated service 'ca.desrt.dconf'
[2m2026-10-02T02:40:25.632803Z[0m [33m WARN[0m [2mcua_driver_sdk::runtime[0m[2m:[0m could not activate the persistent AT-SPI listener: AT-SPI connect failed: ZBus Error: MethodError(OwnedErrorName("org.freedesktop.DBus.Error.NameHasNoOwner"), Some("Could not activate remote peer 'org.a11y.atspi.Registry': unit failed"), Msg { type: Error, serial: 4294967295, sender: UniqueName("org.freedesktop.DBus"), reply-serial: 10, body: Str, fds: [] })
[2m2026-10-02T02:40:25.642899Z[0m [33m WARN[0m [2mplatform_linux::overlay[0m[2m:[0m X11 overlay: root reads cannot see this window's own pixels; save-unders will be served without readback confirmation
dbus-daemon[2927008]: [session uid=1000 pid=2927008 pidfd=5] Activating service name='org.gtk.vfs.Daemon' requested by ':1.5' (uid=1000 pid=2927486 comm="/opt/google/chrome/chrome --remote-debugging-port=")
dbus-daemon[2927008]: [session uid=1000 pid=2927008 pidfd=5] Successfully activated service 'org.gtk.vfs.Daemon'
dbus-daemon[2927008]: [session uid=1000 pid=2927008 pidfd=5] Activating service name='org.freedesktop.Notifications' requested by ':1.8' (uid=1000 pid=2927486 comm="/opt/google/chrome/chrome --remote-debugging-port=")
dbus-daemon[2927008]: [session uid=1000 pid=2927008 pidfd=5] Activating service name='org.freedesktop.portal.Desktop' requested by ':1.8' (uid=1000 pid=2927486 comm="/opt/google/chrome/chrome --remote-debugging-port=")
dbus-daemon[2927008]: [session uid=1000 pid=2927008 pidfd=5] Activating service name='org.freedesktop.impl.portal.PermissionStore' requested by ':1.10' (uid=1000 pid=2927650 comm="/usr/lib/xdg-desktop-portal")
dbus-daemon[2927008]: [session uid=1000 pid=2927008 pidfd=5] Successfully activated service 'org.freedesktop.Notifications'
dbus-daemon[2927008]: [session uid=1000 pid=2927008 pidfd=5] Successfully activated service 'org.freedesktop.impl.portal.PermissionStore'
dbus-daemon[2927008]: [session uid=1000 pid=2927008 pidfd=5] Activating service name='org.freedesktop.portal.Documents' requested by ':1.10' (uid=1000 pid=2927650 comm="/usr/lib/xdg-desktop-portal")
dbus-daemon[2927008]: [session uid=1000 pid=2927008 pidfd=5] Successfully activated service 'org.freedesktop.portal.Documents'

(/usr/lib/xdg-desktop-portal:2927650): xdg-desktop-portal-WARNING **: 21:40:26.076: Choosing gtk.portal for org.freedesktop.impl.portal.Lockdown as a last-resort fallback
dbus-daemon[2927008]: [session uid=1000 pid=2927008 pidfd=5] Activating service name='org.freedesktop.impl.portal.desktop.gtk' requested by ':1.10' (uid=1000 pid=2927650 comm="/usr/lib/xdg-desktop-portal")
dbus-daemon[2927008]: [session uid=1000 pid=2927008 pidfd=5] Successfully activated service 'org.freedesktop.impl.portal.desktop.gtk'

** (xdg-desktop-portal-gtk:2927718): WARNING **: 21:40:26.101: AT-SPI: Could not obtain desktop path or name


(/usr/lib/xdg-desktop-portal:2927650): xdg-desktop-portal-WARNING **: 21:40:26.102: Choosing gtk.portal for org.freedesktop.impl.portal.Access as a last-resort fallback

** (xdg-desktop-portal-gtk:2927718): WARNING **: 21:40:26.103: atk-bridge: GetRegisteredEvents returned message with unknown signature

** (xdg-desktop-portal-gtk:2927718): WARNING **: 21:40:26.103: atk-bridge: get_device_events_reply: unknown signature

(/usr/lib/xdg-desktop-portal:2927650): xdg-desktop-portal-WARNING **: 21:40:26.111: Choosing gtk.portal for org.freedesktop.impl.portal.Settings as a last-resort fallback

(/usr/lib/xdg-desktop-portal:2927650): xdg-desktop-portal-WARNING **: 21:40:26.111: Choosing gtk.portal for org.freedesktop.impl.portal.FileChooser as a last-resort fallback

(/usr/lib/xdg-desktop-portal:2927650): xdg-desktop-portal-WARNING **: 21:40:26.112: Choosing gtk.portal for org.freedesktop.impl.portal.AppChooser as a last-resort fallback

(/usr/lib/xdg-desktop-portal:2927650): xdg-desktop-portal-WARNING **: 21:40:26.112: Choosing gtk.portal for org.freedesktop.impl.portal.Print as a last-resort fallback

(/usr/lib/xdg-desktop-portal:2927650): xdg-desktop-portal-WARNING **: 21:40:26.113: Choosing gtk.portal for org.freedesktop.impl.portal.Notification as a last-resort fallback

(/usr/lib/xdg-desktop-portal:2927650): xdg-desktop-portal-WARNING **: 21:40:26.113: Choosing gtk.portal for org.freedesktop.impl.portal.Inhibit as a last-resort fallback

(/usr/lib/xdg-desktop-portal:2927650): xdg-desktop-portal-WARNING **: 21:40:26.115: Failed to connect to PipeWire: Couldn't connect to PipeWire

(/usr/lib/xdg-desktop-portal:2927650): xdg-desktop-portal-WARNING **: 21:40:26.115: Choosing gtk.portal for org.freedesktop.impl.portal.Account as a last-resort fallback

(/usr/lib/xdg-desktop-portal:2927650): xdg-desktop-portal-WARNING **: 21:40:26.115: Choosing gtk.portal for org.freedesktop.impl.portal.Email as a last-resort fallback

(/usr/lib/xdg-desktop-portal:2927650): xdg-desktop-portal-WARNING **: 21:40:26.115: Choosing gtk.portal for org.freedesktop.impl.portal.DynamicLauncher as a last-resort fallback
dbus-daemon[2927008]: [session uid=1000 pid=2927008 pidfd=5] Successfully activated service 'org.freedesktop.portal.Desktop'
{"trial": "shake000-fill-K0n-measured", "outcome": "verified", "oracle_exact_match": true, "completion_mutations": 1, "routes": ["provider", "provider"], "loadavg_before": "3.28 5.53 5.86 4/2557 2927364"}
[2m2026-10-02T02:40:30.166214Z[0m [33m WARN[0m [2mcua_driver_sdk::runtime[0m[2m:[0m could not activate the persistent AT-SPI listener: AT-SPI connect failed: ZBus Error: MethodError(OwnedErrorName("org.freedesktop.DBus.Error.NameHasNoOwner"), Some("Could not activate remote peer 'org.a11y.atspi.Registry': unit failed"), Msg { type: Error, serial: 4294967295, sender: UniqueName("org.freedesktop.DBus"), reply-serial: 9, body: Str, fds: [] })
[2m2026-10-02T02:40:30.174843Z[0m [33m WARN[0m [2mplatform_linux::overlay[0m[2m:[0m X11 overlay: root reads cannot see this window's own pixels; save-unders will be served without readback confirmation
{"trial": "shake001-fill-K0-measured", "outcome": "verified", "oracle_exact_match": true, "completion_mutations": 1, "routes": ["provider", "guarded-completion"], "loadavg_before": "3.18 5.47 5.84 3/2616 2928212"}
[2m2026-10-02T02:40:34.561259Z[0m [33m WARN[0m [2mcua_driver_sdk::runtime[0m[2m:[0m could not activate the persistent AT-SPI listener: AT-SPI connect failed: ZBus Error: MethodError(OwnedErrorName("org.freedesktop.DBus.Error.NameHasNoOwner"), Some("Could not activate remote peer 'org.a11y.atspi.Registry': unit failed"), Msg { type: Error, serial: 4294967295, sender: UniqueName("org.freedesktop.DBus"), reply-serial: 9, body: Str, fds: [] })
[2m2026-10-02T02:40:34.568837Z[0m [33m WARN[0m [2mplatform_linux::overlay[0m[2m:[0m X11 overlay: root reads cannot see this window's own pixels; save-unders will be served without readback confirmation
{"trial": "shake002-fill-K1-measured", "outcome": "verified", "oracle_exact_match": true, "completion_mutations": 1, "routes": ["provider", "guarded-completion"], "loadavg_before": "3.09 5.41 5.82 3/2634 2928909"}
[2m2026-10-02T02:40:36.019649Z[0m [33m WARN[0m [2mcua_driver_sdk::runtime[0m[2m:[0m could not activate the persistent AT-SPI listener: AT-SPI connect failed: ZBus Error: MethodError(OwnedErrorName("org.freedesktop.DBus.Error.NameHasNoOwner"), Some("Could not activate remote peer 'org.a11y.atspi.Registry': unit failed"), Msg { type: Error, serial: 4294967295, sender: UniqueName("org.freedesktop.DBus"), reply-serial: 9, body: Str, fds: [] })
[2m2026-10-02T02:40:36.028410Z[0m [33m WARN[0m [2mplatform_linux::overlay[0m[2m:[0m X11 overlay: root reads cannot see this window's own pixels; save-unders will be served without readback confirmation
{"trial": "shake003-fill-K2-measured", "outcome": "verified", "oracle_exact_match": true, "completion_mutations": 1, "routes": ["provider", "guarded-completion"], "loadavg_before": "3.09 5.41 5.82 3/2422 2929305"}
[2m2026-10-02T02:40:37.464009Z[0m [33m WARN[0m [2mcua_driver_sdk::runtime[0m[2m:[0m could not activate the persistent AT-SPI listener: AT-SPI connect failed: ZBus Error: MethodError(OwnedErrorName("org.freedesktop.DBus.Error.NameHasNoOwner"), Some("Could not activate remote peer 'org.a11y.atspi.Registry': unit failed"), Msg { type: Error, serial: 4294967295, sender: UniqueName("org.freedesktop.DBus"), reply-serial: 9, body: Str, fds: [] })
[2m2026-10-02T02:40:37.471743Z[0m [33m WARN[0m [2mplatform_linux::overlay[0m[2m:[0m X11 overlay: root reads cannot see this window's own pixels; save-unders will be served without readback confirmation
{"trial": "shake004-fill-K3-measured", "outcome": "verified", "oracle_exact_match": true, "completion_mutations": 1, "routes": ["provider", "guarded-completion"], "loadavg_before": "3.09 5.41 5.82 2/2608 2929939"}
[2m2026-10-02T02:40:38.771387Z[0m [33m WARN[0m [2mcua_driver_sdk::runtime[0m[2m:[0m could not activate the persistent AT-SPI listener: AT-SPI connect failed: ZBus Error: MethodError(OwnedErrorName("org.freedesktop.DBus.Error.NameHasNoOwner"), Some("Could not activate remote peer 'org.a11y.atspi.Registry': unit failed"), Msg { type: Error, serial: 4294967295, sender: UniqueName("org.freedesktop.DBus"), reply-serial: 9, body: Str, fds: [] })
[2m2026-10-02T02:40:38.779157Z[0m [33m WARN[0m [2mplatform_linux::overlay[0m[2m:[0m X11 overlay: root reads cannot see this window's own pixels; save-unders will be served without readback confirmation
{"trial": "shake005-fill-K4-measured", "outcome": "verified", "oracle_exact_match": true, "completion_mutations": 1, "routes": ["provider", "guarded-completion"], "loadavg_before": "3.09 5.41 5.82 2/2608 2930287"}
[2m2026-10-02T02:40:40.074342Z[0m [33m WARN[0m [2mcua_driver_sdk::runtime[0m[2m:[0m could not activate the persistent AT-SPI listener: AT-SPI connect failed: ZBus Error: MethodError(OwnedErrorName("org.freedesktop.DBus.Error.NameHasNoOwner"), Some("Could not activate remote peer 'org.a11y.atspi.Registry': unit failed"), Msg { type: Error, serial: 4294967295, sender: UniqueName("org.freedesktop.DBus"), reply-serial: 9, body: Str, fds: [] })
[2m2026-10-02T02:40:40.080714Z[0m [33m WARN[0m [2mplatform_linux::overlay[0m[2m:[0m X11 overlay: root reads cannot see this window's own pixels; save-unders will be served without readback confirmation
{"trial": "shake006-toggle-K0-measured", "outcome": "verified", "oracle_exact_match": true, "completion_mutations": 1, "routes": ["provider", "provider"], "loadavg_before": "3.16 5.39 5.81 1/2620 2930655"}
[2m2026-10-02T02:40:43.804987Z[0m [33m WARN[0m [2mcua_driver_sdk::runtime[0m[2m:[0m could not activate the persistent AT-SPI listener: AT-SPI connect failed: ZBus Error: MethodError(OwnedErrorName("org.freedesktop.DBus.Error.NameHasNoOwner"), Some("Could not activate remote peer 'org.a11y.atspi.Registry': unit failed"), Msg { type: Error, serial: 4294967295, sender: UniqueName("org.freedesktop.DBus"), reply-serial: 9, body: Str, fds: [] })
[2m2026-10-02T02:40:43.812194Z[0m [33m WARN[0m [2mplatform_linux::overlay[0m[2m:[0m X11 overlay: root reads cannot see this window's own pixels; save-unders will be served without readback confirmation
{"trial": "shake007-toggle-K1-measured", "outcome": "verified", "oracle_exact_match": true, "completion_mutations": 1, "routes": ["provider", "provider"], "loadavg_before": "2.99 5.31 5.79 1/2594 2931325"}
[2m2026-10-02T02:40:45.100055Z[0m [33m WARN[0m [2mcua_driver_sdk::runtime[0m[2m:[0m could not activate the persistent AT-SPI listener: AT-SPI connect failed: ZBus Error: MethodError(OwnedErrorName("org.freedesktop.DBus.Error.NameHasNoOwner"), Some("Could not activate remote peer 'org.a11y.atspi.Registry': unit failed"), Msg { type: Error, serial: 4294967295, sender: UniqueName("org.freedesktop.DBus"), reply-serial: 9, body: Str, fds: [] })
[2m2026-10-02T02:40:45.115074Z[0m [33m WARN[0m [2mplatform_linux::overlay[0m[2m:[0m X11 overlay: root reads cannot see this window's own pixels; save-unders will be served without readback confirmation
{"trial": "shake008-toggle-K2-measured", "outcome": "verified", "oracle_exact_match": true, "completion_mutations": 1, "routes": ["provider", "provider"], "loadavg_before": "2.99 5.31 5.79 4/2407 2931657"}
[2m2026-10-02T02:40:46.425834Z[0m [33m WARN[0m [2mcua_driver_sdk::runtime[0m[2m:[0m could not activate the persistent AT-SPI listener: AT-SPI connect failed: ZBus Error: MethodError(OwnedErrorName("org.freedesktop.DBus.Error.NameHasNoOwner"), Some("Could not activate remote peer 'org.a11y.atspi.Registry': unit failed"), Msg { type: Error, serial: 4294967295, sender: UniqueName("org.freedesktop.DBus"), reply-serial: 9, body: Str, fds: [] })
[2m2026-10-02T02:40:46.435253Z[0m [33m WARN[0m [2mplatform_linux::overlay[0m[2m:[0m X11 overlay: root reads cannot see this window's own pixels; save-unders will be served without readback confirmation
{"trial": "shake009-toggle-K4-measured", "outcome": "verified", "oracle_exact_match": true, "completion_mutations": 1, "routes": ["provider", "provider"], "loadavg_before": "2.99 5.31 5.79 3/2611 2932217"}
[2m2026-10-02T02:40:47.697519Z[0m [33m WARN[0m [2mcua_driver_sdk::runtime[0m[2m:[0m could not activate the persistent AT-SPI listener: AT-SPI connect failed: ZBus Error: MethodError(OwnedErrorName("org.freedesktop.DBus.Error.NameHasNoOwner"), Some("Could not activate remote peer 'org.a11y.atspi.Registry': unit failed"), Msg { type: Error, serial: 4294967295, sender: UniqueName("org.freedesktop.DBus"), reply-serial: 9, body: Str, fds: [] })
[2m2026-10-02T02:40:47.704886Z[0m [33m WARN[0m [2mplatform_linux::overlay[0m[2m:[0m X11 overlay: root reads cannot see this window's own pixels; save-unders will be served without readback confirmation
{"trial": "shake010-modal-K0-measured", "outcome": "verified", "oracle_exact_match": true, "completion_mutations": 1, "routes": ["provider", "provider"], "loadavg_before": "2.99 5.31 5.79 3/2600 2932516"}
[2m2026-10-02T02:40:51.409053Z[0m [33m WARN[0m [2mcua_driver_sdk::runtime[0m[2m:[0m could not activate the persistent AT-SPI listener: AT-SPI connect failed: ZBus Error: MethodError(OwnedErrorName("org.freedesktop.DBus.Error.NameHasNoOwner"), Some("Could not activate remote peer 'org.a11y.atspi.Registry': unit failed"), Msg { type: Error, serial: 4294967295, sender: UniqueName("org.freedesktop.DBus"), reply-serial: 9, body: Str, fds: [] })
[2m2026-10-02T02:40:51.419116Z[0m [33m WARN[0m [2mplatform_linux::overlay[0m[2m:[0m X11 overlay: root reads cannot see this window's own pixels; save-unders will be served without readback confirmation
{"trial": "shake011-modal-K1-measured", "outcome": "verified", "oracle_exact_match": true, "completion_mutations": 1, "routes": ["provider", "provider"], "loadavg_before": "2.99 5.27 5.77 3/2598 2933150"}
[2m2026-10-02T02:40:52.713857Z[0m [33m WARN[0m [2mcua_driver_sdk::runtime[0m[2m:[0m could not activate the persistent AT-SPI listener: AT-SPI connect failed: ZBus Error: MethodError(OwnedErrorName("org.freedesktop.DBus.Error.NameHasNoOwner"), Some("Could not activate remote peer 'org.a11y.atspi.Registry': unit failed"), Msg { type: Error, serial: 4294967295, sender: UniqueName("org.freedesktop.DBus"), reply-serial: 9, body: Str, fds: [] })
[2m2026-10-02T02:40:52.721015Z[0m [33m WARN[0m [2mplatform_linux::overlay[0m[2m:[0m X11 overlay: root reads cannot see this window's own pixels; save-unders will be served without readback confirmation
{"trial": "shake012-modal-K2-measured", "outcome": "verified", "oracle_exact_match": true, "completion_mutations": 1, "routes": ["provider", "provider"], "loadavg_before": "2.99 5.27 5.77 3/2598 2933463"}
[2m2026-10-02T02:40:53.955553Z[0m [33m WARN[0m [2mcua_driver_sdk::runtime[0m[2m:[0m could not activate the persistent AT-SPI listener: AT-SPI connect failed: ZBus Error: MethodError(OwnedErrorName("org.freedesktop.DBus.Error.NameHasNoOwner"), Some("Could not activate remote peer 'org.a11y.atspi.Registry': unit failed"), Msg { type: Error, serial: 4294967295, sender: UniqueName("org.freedesktop.DBus"), reply-serial: 9, body: Str, fds: [] })
[2m2026-10-02T02:40:53.963086Z[0m [33m WARN[0m [2mplatform_linux::overlay[0m[2m:[0m X11 overlay: root reads cannot see this window's own pixels; save-unders will be served without readback confirmation
{"trial": "shake013-modal-K4-measured", "outcome": "verified", "oracle_exact_match": true, "completion_mutations": 1, "routes": ["provider", "provider"], "loadavg_before": "3.07 5.25 5.76 3/2599 2933756"}
[2m2026-10-02T02:40:55.234765Z[0m [33m WARN[0m [2mcua_driver_sdk::runtime[0m[2m:[0m could not activate the persistent AT-SPI listener: AT-SPI connect failed: ZBus Error: MethodError(OwnedErrorName("org.freedesktop.DBus.Error.NameHasNoOwner"), Some("Could not activate remote peer 'org.a11y.atspi.Registry': unit failed"), Msg { type: Error, serial: 4294967295, sender: UniqueName("org.freedesktop.DBus"), reply-serial: 9, body: Str, fds: [] })
[2m2026-10-02T02:40:55.242316Z[0m [33m WARN[0m [2mplatform_linux::overlay[0m[2m:[0m X11 overlay: root reads cannot see this window's own pixels; save-unders will be served without readback confirmation
{"trial": "shake014-fill-K2-stale_ref", "outcome": "unknown", "oracle_exact_match": false, "completion_mutations": 0, "routes": ["provider", "guarded-completion"], "loadavg_before": "3.07 5.25 5.76 3/2606 2934108"}
[2m2026-10-02T02:41:00.298498Z[0m [33m WARN[0m [2mcua_driver_sdk::runtime[0m[2m:[0m could not activate the persistent AT-SPI listener: AT-SPI connect failed: ZBus Error: MethodError(OwnedErrorName("org.freedesktop.DBus.Error.NameHasNoOwner"), Some("Could not activate remote peer 'org.a11y.atspi.Registry': unit failed"), Msg { type: Error, serial: 4294967295, sender: UniqueName("org.freedesktop.DBus"), reply-serial: 9, body: Str, fds: [] })
[2m2026-10-02T02:41:00.305694Z[0m [33m WARN[0m [2mplatform_linux::overlay[0m[2m:[0m X11 overlay: root reads cannot see this window's own pixels; save-unders will be served without readback confirmation
{"trial": "shake015-toggle-K2-stale_ref", "outcome": "unknown", "oracle_exact_match": false, "completion_mutations": 0, "routes": ["provider", "provider"], "loadavg_before": "3.06 5.21 5.75 3/2605 2934845"}
[2m2026-10-02T02:41:05.221712Z[0m [33m WARN[0m [2mcua_driver_sdk::runtime[0m[2m:[0m could not activate the persistent AT-SPI listener: AT-SPI connect failed: ZBus Error: MethodError(OwnedErrorName("org.freedesktop.DBus.Error.NameHasNoOwner"), Some("Could not activate remote peer 'org.a11y.atspi.Registry': unit failed"), Msg { type: Error, serial: 4294967295, sender: UniqueName("org.freedesktop.DBus"), reply-serial: 9, body: Str, fds: [] })
[2m2026-10-02T02:41:05.228885Z[0m [33m WARN[0m [2mplatform_linux::overlay[0m[2m:[0m X11 overlay: root reads cannot see this window's own pixels; save-unders will be served without readback confirmation
{"trial": "shake016-modal-K2-first_only", "outcome": "unknown", "oracle_exact_match": false, "completion_mutations": 0, "routes": ["provider"], "loadavg_before": "2.98 5.16 5.72 1/2419 2935374"}
[2m2026-10-02T02:41:09.983784Z[0m [33m WARN[0m [2mcua_driver_sdk::runtime[0m[2m:[0m could not activate the persistent AT-SPI listener: AT-SPI connect failed: ZBus Error: MethodError(OwnedErrorName("org.freedesktop.DBus.Error.NameHasNoOwner"), Some("Could not activate remote peer 'org.a11y.atspi.Registry': unit failed"), Msg { type: Error, serial: 4294967295, sender: UniqueName("org.freedesktop.DBus"), reply-serial: 9, body: Str, fds: [] })
[2m2026-10-02T02:41:09.991791Z[0m [33m WARN[0m [2mplatform_linux::overlay[0m[2m:[0m X11 overlay: root reads cannot see this window's own pixels; save-unders will be served without readback confirmation
{"trial": "shake017-fill-K3-t0_stress", "outcome": "verified", "oracle_exact_match": true, "completion_mutations": 1, "routes": ["provider", "guarded-completion"], "loadavg_before": "2.82 5.09 5.70 2/2594 2936056"}
[2m2026-10-02T02:41:11.295201Z[0m [33m WARN[0m [2mcua_driver_sdk::runtime[0m[2m:[0m could not activate the persistent AT-SPI listener: AT-SPI connect failed: ZBus Error: MethodError(OwnedErrorName("org.freedesktop.DBus.Error.NameHasNoOwner"), Some("Could not activate remote peer 'org.a11y.atspi.Registry': unit failed"), Msg { type: Error, serial: 4294967295, sender: UniqueName("org.freedesktop.DBus"), reply-serial: 9, body: Str, fds: [] })
[2m2026-10-02T02:41:11.302396Z[0m [33m WARN[0m [2mplatform_linux::overlay[0m[2m:[0m X11 overlay: root reads cannot see this window's own pixels; save-unders will be served without readback confirmation
{"trial": "shake018-fill-K0-guard_decline", "outcome": "verified", "oracle_exact_match": true, "completion_mutations": 1, "routes": ["provider", "provider"], "loadavg_before": "2.82 5.09 5.70 1/2593 2936372"}
[2m2026-10-02T02:41:15.653949Z[0m [33m WARN[0m [2mcua_driver_sdk::runtime[0m[2m:[0m could not activate the persistent AT-SPI listener: AT-SPI connect failed: ZBus Error: MethodError(OwnedErrorName("org.freedesktop.DBus.Error.NameHasNoOwner"), Some("Could not activate remote peer 'org.a11y.atspi.Registry': unit failed"), Msg { type: Error, serial: 4294967295, sender: UniqueName("org.freedesktop.DBus"), reply-serial: 9, body: Str, fds: [] })
[2m2026-10-02T02:41:15.661621Z[0m [33m WARN[0m [2mplatform_linux::overlay[0m[2m:[0m X11 overlay: root reads cannot see this window's own pixels; save-unders will be served without readback confirmation
{"trial": "shake019-toggle-K5-measured", "outcome": "verified", "oracle_exact_match": true, "completion_mutations": 1, "routes": ["provider", "provider"], "loadavg_before": "3.15 5.12 5.71 1/2413 2936820"}
[2m2026-10-02T02:41:16.992316Z[0m [33m WARN[0m [2mcua_driver_sdk::runtime[0m[2m:[0m could not activate the persistent AT-SPI listener: AT-SPI connect failed: ZBus Error: MethodError(OwnedErrorName("org.freedesktop.DBus.Error.NameHasNoOwner"), Some("Could not activate remote peer 'org.a11y.atspi.Registry': unit failed"), Msg { type: Error, serial: 4294967295, sender: UniqueName("org.freedesktop.DBus"), reply-serial: 9, body: Str, fds: [] })
[2m2026-10-02T02:41:16.999672Z[0m [33m WARN[0m [2mplatform_linux::overlay[0m[2m:[0m X11 overlay: root reads cannot see this window's own pixels; save-unders will be served without readback confirmation
{"trial": "shake020-fill-K5-measured", "outcome": "verified", "oracle_exact_match": true, "completion_mutations": 1, "routes": ["provider", "guarded-completion"], "loadavg_before": "3.15 5.12 5.71 4/2343 2937152"}
rc_runner=0
X connection to :101 broken (explicit kill or server shutdown).
A connection to the bus can't be made
[session] exit rc=0 run_dir=<tmp>/x11-session.<id>
