[2026-10-02T18:46:48.078Z] chunk r2-10-N1 mode=exclusive atspi=0 live=0 loadavg=5.12 7.41 10.73
[session] DISPLAY=:99 openbox=974861 picom=974863 dbus=unix:path=<tmp>/dbus-...,guid=4be6fbf9fc73d021071fe8646abffe93
[r2-10] display=:99 xdg_runtime_private=yes key=absent loadavg=9.45 12.92 12.47 atspi=0
dbus-daemon[974852]: [session uid=1000 pid=974852 pidfd=4] Activating service name='org.a11y.Bus' requested by ':1.0' (uid=1000 pid=974997 comm="<lanes>/bin/cua-driver-r2")
dbus-daemon[974852]: [session uid=1000 pid=974852 pidfd=4] Successfully activated service 'org.a11y.Bus'
dbus-daemon[974852]: [session uid=1000 pid=974852 pidfd=4] Activating service name='ca.desrt.dconf' requested by ':1.1' (uid=1000 pid=975017 comm="/usr/lib/at-spi-bus-launcher")
dbus-daemon[974852]: [session uid=1000 pid=974852 pidfd=4] Successfully activated service 'ca.desrt.dconf'
dbus-daemon[974852]: [session uid=1000 pid=974852 pidfd=4] Activating service name='org.freedesktop.systemd1' requested by ':1.4' (uid=1000 pid=975039 comm="/usr/bin/dbus-broker-launch --config-file=/usr/sha")
dbus-daemon[974852]: [session uid=1000 pid=974852 pidfd=4] Activated service 'org.freedesktop.systemd1' failed: Process org.freedesktop.systemd1 exited with status 1
{"trial": "N1-000-fill-COMP-n4a-r00", "mode": "replay", "outcome": "error", "oracle_exact_match": false, "completion_mutations": 0, "routes": [], "error": "ExceptionGroup: unhandled errors in a TaskGroup (1 sub-exception)", "la": "9.17", "prov": {"attempts": 0, "reached": 0}}
dbus-daemon[974852]: [session uid=1000 pid=974852 pidfd=4] Activating service name='org.freedesktop.systemd1' requested by ':1.4' (uid=1000 pid=975039 comm="/usr/bin/dbus-broker-launch --config-file=/usr/sha")
dbus-daemon[974852]: [session uid=1000 pid=974852 pidfd=4] Activated service 'org.freedesktop.systemd1' failed: Process org.freedesktop.systemd1 exited with status 1
{"trial": "N1-001-toggle-COMP-n4a-r00", "mode": "step", "outcome": "error", "oracle_exact_match": false, "completion_mutations": 0, "routes": [], "error": "ExceptionGroup: unhandled errors in a TaskGroup (1 sub-exception)", "la": "9.17", "prov": {"attempts": 0, "reached": 0}}
dbus-daemon[974852]: [session uid=1000 pid=974852 pidfd=4] Activating service name='org.freedesktop.systemd1' requested by ':1.4' (uid=1000 pid=975039 comm="/usr/bin/dbus-broker-launch --config-file=/usr/sha")
dbus-daemon[974852]: [session uid=1000 pid=974852 pidfd=4] Activated service 'org.freedesktop.systemd1' failed: Process org.freedesktop.systemd1 exited with status 1
{"trial": "N1-002-modal-COMP-n4a-r00", "mode": "step", "outcome": "error", "oracle_exact_match": false, "completion_mutations": 0, "routes": [], "error": "ExceptionGroup: unhandled errors in a TaskGroup (1 sub-exception)", "la": "9.17", "prov": {"attempts": 0, "reached": 0}}
dbus-daemon[974852]: [session uid=1000 pid=974852 pidfd=4] Activating service name='org.freedesktop.systemd1' requested by ':1.4' (uid=1000 pid=975039 comm="/usr/bin/dbus-broker-launch --config-file=/usr/sha")
dbus-daemon[974852]: [session uid=1000 pid=974852 pidfd=4] Activated service 'org.freedesktop.systemd1' failed: Process org.freedesktop.systemd1 exited with status 1
{"trial": "N1-003-fill-COMP-n4a-r01", "mode": "replay", "outcome": "error", "oracle_exact_match": false, "completion_mutations": 0, "routes": [], "error": "ExceptionGroup: unhandled errors in a TaskGroup (1 sub-exception)", "la": "9.17", "prov": {"attempts": 0, "reached": 0}}
dbus-daemon[974852]: [session uid=1000 pid=974852 pidfd=4] Activating service name='org.freedesktop.systemd1' requested by ':1.4' (uid=1000 pid=975039 comm="/usr/bin/dbus-broker-launch --config-file=/usr/sha")
dbus-daemon[974852]: [session uid=1000 pid=974852 pidfd=4] Activated service 'org.freedesktop.systemd1' failed: Process org.freedesktop.systemd1 exited with status 1
{"trial": "N1-004-toggle-COMP-n4a-r01", "mode": "step", "outcome": "error", "oracle_exact_match": false, "completion_mutations": 0, "routes": [], "error": "ExceptionGroup: unhandled errors in a TaskGroup (1 sub-exception)", "la": "9.17", "prov": {"attempts": 0, "reached": 0}}
dbus-daemon[974852]: [session uid=1000 pid=974852 pidfd=4] Activating service name='org.freedesktop.systemd1' requested by ':1.4' (uid=1000 pid=975039 comm="/usr/bin/dbus-broker-launch --config-file=/usr/sha")
dbus-daemon[974852]: [session uid=1000 pid=974852 pidfd=4] Activated service 'org.freedesktop.systemd1' failed: Process org.freedesktop.systemd1 exited with status 1
{"trial": "N1-005-modal-COMP-n4a-r01", "mode": "step", "outcome": "error", "oracle_exact_match": false, "completion_mutations": 0, "routes": [], "error": "ExceptionGroup: unhandled errors in a TaskGroup (1 sub-exception)", "la": "8.52", "prov": {"attempts": 0, "reached": 0}}
dbus-daemon[974852]: [session uid=1000 pid=974852 pidfd=4] Activating service name='org.freedesktop.systemd1' requested by ':1.4' (uid=1000 pid=975039 comm="/usr/bin/dbus-broker-launch --config-file=/usr/sha")
dbus-daemon[974852]: [session uid=1000 pid=974852 pidfd=4] Activated service 'org.freedesktop.systemd1' failed: Process org.freedesktop.systemd1 exited with status 1
{"trial": "N1-006-fill-COMP-n4a-r02", "mode": "replay", "outcome": "error", "oracle_exact_match": false, "completion_mutations": 0, "routes": [], "error": "ExceptionGroup: unhandled errors in a TaskGroup (1 sub-exception)", "la": "8.52", "prov": {"attempts": 0, "reached": 0}}
dbus-daemon[974852]: [session uid=1000 pid=974852 pidfd=4] Activating service name='org.freedesktop.systemd1' requested by ':1.4' (uid=1000 pid=975039 comm="/usr/bin/dbus-broker-launch --config-file=/usr/sha")
dbus-daemon[974852]: [session uid=1000 pid=974852 pidfd=4] Activated service 'org.freedesktop.systemd1' failed: Process org.freedesktop.systemd1 exited with status 1
{"trial": "N1-007-toggle-COMP-n4a-r02", "mode": "step", "outcome": "error", "oracle_exact_match": false, "completion_mutations": 0, "routes": [], "error": "ExceptionGroup: unhandled errors in a TaskGroup (1 sub-exception)", "la": "8.52", "prov": {"attempts": 0, "reached": 0}}
dbus-daemon[974852]: [session uid=1000 pid=974852 pidfd=4] Activating service name='org.freedesktop.systemd1' requested by ':1.4' (uid=1000 pid=975039 comm="/usr/bin/dbus-broker-launch --config-file=/usr/sha")
dbus-daemon[974852]: [session uid=1000 pid=974852 pidfd=4] Activated service 'org.freedesktop.systemd1' failed: Process org.freedesktop.systemd1 exited with status 1
{"trial": "N1-008-modal-COMP-n4a-r02", "mode": "step", "outcome": "error", "oracle_exact_match": false, "completion_mutations": 0, "routes": [], "error": "ExceptionGroup: unhandled errors in a TaskGroup (1 sub-exception)", "la": "8.52", "prov": {"attempts": 0, "reached": 0}}
dbus-daemon[974852]: [session uid=1000 pid=974852 pidfd=4] Activating service name='org.freedesktop.systemd1' requested by ':1.4' (uid=1000 pid=975039 comm="/usr/bin/dbus-broker-launch --config-file=/usr/sha")
dbus-daemon[974852]: [session uid=1000 pid=974852 pidfd=4] Activated service 'org.freedesktop.systemd1' failed: Process org.freedesktop.systemd1 exited with status 1
{"trial": "N1-009-fill-COMP-n4a-r03", "mode": "replay", "outcome": "error", "oracle_exact_match": false, "completion_mutations": 0, "routes": [], "error": "ExceptionGroup: unhandled errors in a TaskGroup (1 sub-exception)", "la": "8.52", "prov": {"attempts": 0, "reached": 0}}
dbus-daemon[974852]: [session uid=1000 pid=974852 pidfd=4] Activating service name='org.freedesktop.systemd1' requested by ':1.4' (uid=1000 pid=975039 comm="/usr/bin/dbus-broker-launch --config-file=/usr/sha")
dbus-daemon[974852]: [session uid=1000 pid=974852 pidfd=4] Activated service 'org.freedesktop.systemd1' failed: Process org.freedesktop.systemd1 exited with status 1
{"trial": "N1-010-toggle-COMP-n4a-r03", "mode": "step", "outcome": "error", "oracle_exact_match": false, "completion_mutations": 0, "routes": [], "error": "ExceptionGroup: unhandled errors in a TaskGroup (1 sub-exception)", "la": "8.52", "prov": {"attempts": 0, "reached": 0}}
dbus-daemon[974852]: [session uid=1000 pid=974852 pidfd=4] Activating service name='org.freedesktop.systemd1' requested by ':1.4' (uid=1000 pid=975039 comm="/usr/bin/dbus-broker-launch --config-file=/usr/sha")
dbus-daemon[974852]: [session uid=1000 pid=974852 pidfd=4] Activated service 'org.freedesktop.systemd1' failed: Process org.freedesktop.systemd1 exited with status 1
{"trial": "N1-011-modal-COMP-n4a-r03", "mode": "step", "outcome": "error", "oracle_exact_match": false, "completion_mutations": 0, "routes": [], "error": "ExceptionGroup: unhandled errors in a TaskGroup (1 sub-exception)", "la": "8.52", "prov": {"attempts": 0, "reached": 0}}
dbus-daemon[974852]: [session uid=1000 pid=974852 pidfd=4] Activating service name='org.freedesktop.systemd1' requested by ':1.4' (uid=1000 pid=975039 comm="/usr/bin/dbus-broker-launch --config-file=/usr/sha")
dbus-daemon[974852]: [session uid=1000 pid=974852 pidfd=4] Activated service 'org.freedesktop.systemd1' failed: Process org.freedesktop.systemd1 exited with status 1
{"trial": "N1-012-fill-COMP-n4a-r04", "mode": "replay", "outcome": "error", "oracle_exact_match": false, "completion_mutations": 0, "routes": [], "error": "ExceptionGroup: unhandled errors in a TaskGroup (1 sub-exception)", "la": "8.24", "prov": {"attempts": 0, "reached": 0}}
dbus-daemon[974852]: [session uid=1000 pid=974852 pidfd=4] Activating service name='org.freedesktop.systemd1' requested by ':1.4' (uid=1000 pid=975039 comm="/usr/bin/dbus-broker-launch --config-file=/usr/sha")
dbus-daemon[974852]: [session uid=1000 pid=974852 pidfd=4] Activated service 'org.freedesktop.systemd1' failed: Process org.freedesktop.systemd1 exited with status 1
{"trial": "N1-013-toggle-COMP-n4a-r04", "mode": "step", "outcome": "error", "oracle_exact_match": false, "completion_mutations": 0, "routes": [], "error": "ExceptionGroup: unhandled errors in a TaskGroup (1 sub-exception)", "la": "8.24", "prov": {"attempts": 0, "reached": 0}}
dbus-daemon[974852]: [session uid=1000 pid=974852 pidfd=4] Activating service name='org.freedesktop.systemd1' requested by ':1.4' (uid=1000 pid=975039 comm="/usr/bin/dbus-broker-launch --config-file=/usr/sha")
dbus-daemon[974852]: [session uid=1000 pid=974852 pidfd=4] Activated service 'org.freedesktop.systemd1' failed: Process org.freedesktop.systemd1 exited with status 1
{"trial": "N1-014-modal-COMP-n4a-r04", "mode": "step", "outcome": "error", "oracle_exact_match": false, "completion_mutations": 0, "routes": [], "error": "ExceptionGroup: unhandled errors in a TaskGroup (1 sub-exception)", "la": "8.24", "prov": {"attempts": 0, "reached": 0}}
dbus-daemon[974852]: [session uid=1000 pid=974852 pidfd=4] Activating service name='org.freedesktop.systemd1' requested by ':1.4' (uid=1000 pid=975039 comm="/usr/bin/dbus-broker-launch --config-file=/usr/sha")
dbus-daemon[974852]: [session uid=1000 pid=974852 pidfd=4] Activated service 'org.freedesktop.systemd1' failed: Process org.freedesktop.systemd1 exited with status 1
{"trial": "N1-015-fill-COMP-ood-r00", "mode": "replay", "outcome": "error", "oracle_exact_match": false, "completion_mutations": 0, "routes": [], "error": "ExceptionGroup: unhandled errors in a TaskGroup (1 sub-exception)", "la": "8.24", "prov": {"attempts": 0, "reached": 0}}
dbus-daemon[974852]: [session uid=1000 pid=974852 pidfd=4] Activating service name='org.freedesktop.systemd1' requested by ':1.4' (uid=1000 pid=975039 comm="/usr/bin/dbus-broker-launch --config-file=/usr/sha")
dbus-daemon[974852]: [session uid=1000 pid=974852 pidfd=4] Activated service 'org.freedesktop.systemd1' failed: Process org.freedesktop.systemd1 exited with status 1
{"trial": "N1-016-fill-COMP-ood-r01", "mode": "replay", "outcome": "error", "oracle_exact_match": false, "completion_mutations": 0, "routes": [], "error": "ExceptionGroup: unhandled errors in a TaskGroup (1 sub-exception)", "la": "8.24", "prov": {"attempts": 0, "reached": 0}}
dbus-daemon[974852]: [session uid=1000 pid=974852 pidfd=4] Activating service name='org.freedesktop.systemd1' requested by ':1.4' (uid=1000 pid=975039 comm="/usr/bin/dbus-broker-launch --config-file=/usr/sha")
dbus-daemon[974852]: [session uid=1000 pid=974852 pidfd=4] Activated service 'org.freedesktop.systemd1' failed: Process org.freedesktop.systemd1 exited with status 1
{"trial": "N1-017-fill-COMP-ood-r02", "mode": "replay", "outcome": "error", "oracle_exact_match": false, "completion_mutations": 0, "routes": [], "error": "ExceptionGroup: unhandled errors in a TaskGroup (1 sub-exception)", "la": "8.24", "prov": {"attempts": 0, "reached": 0}}
dbus-daemon[974852]: [session uid=1000 pid=974852 pidfd=4] Activating service name='org.freedesktop.systemd1' requested by ':1.4' (uid=1000 pid=975039 comm="/usr/bin/dbus-broker-launch --config-file=/usr/sha")
dbus-daemon[974852]: [session uid=1000 pid=974852 pidfd=4] Activated service 'org.freedesktop.systemd1' failed: Process org.freedesktop.systemd1 exited with status 1
{"trial": "N1-018-fill-COMP-ood-r03", "mode": "replay", "outcome": "error", "oracle_exact_match": false, "completion_mutations": 0, "routes": [], "error": "ExceptionGroup: unhandled errors in a TaskGroup (1 sub-exception)", "la": "8.46", "prov": {"attempts": 0, "reached": 0}}
dbus-daemon[974852]: [session uid=1000 pid=974852 pidfd=4] Activating service name='org.freedesktop.systemd1' requested by ':1.4' (uid=1000 pid=975039 comm="/usr/bin/dbus-broker-launch --config-file=/usr/sha")
dbus-daemon[974852]: [session uid=1000 pid=974852 pidfd=4] Activated service 'org.freedesktop.systemd1' failed: Process org.freedesktop.systemd1 exited with status 1
{"trial": "N1-019-fill-COMP-ood-r04", "mode": "replay", "outcome": "error", "oracle_exact_match": false, "completion_mutations": 0, "routes": [], "error": "ExceptionGroup: unhandled errors in a TaskGroup (1 sub-exception)", "la": "8.46", "prov": {"attempts": 0, "reached": 0}}
dbus-daemon[974852]: [session uid=1000 pid=974852 pidfd=4] Activating service name='org.freedesktop.systemd1' requested by ':1.4' (uid=1000 pid=975039 comm="/usr/bin/dbus-broker-launch --config-file=/usr/sha")
dbus-daemon[974852]: [session uid=1000 pid=974852 pidfd=4] Activated service 'org.freedesktop.systemd1' failed: Process org.freedesktop.systemd1 exited with status 1
Traceback (most recent call last):
  File "<lanes>/w3-r2-10-composition/docs/experiments/r2-10-composition-2026-10-02/harness/r2_10_browser.py", line 1028, in <module>
    main()
  File "<lanes>/w3-r2-10-composition/docs/experiments/r2-10-composition-2026-10-02/harness/r2_10_browser.py", line 1024, in main
    asyncio.run(main_async(args))
  File "<home>/.local/share/uv/python/cpython-3.12.13-linux-x86_64-gnu/lib/python3.12/asyncio/runners.py", line 195, in run
    return runner.run(main)
           ^^^^^^^^^^^^^^^^
  File "<home>/.local/share/uv/python/cpython-3.12.13-linux-x86_64-gnu/lib/python3.12/asyncio/runners.py", line 118, in run
    return self._loop.run_until_complete(task)
           ^^^^^^^^^^^^^^^^^^^^^^^^^^^^^^^^^^^
  File "<home>/.local/share/uv/python/cpython-3.12.13-linux-x86_64-gnu/lib/python3.12/asyncio/base_events.py", line 691, in run_until_complete
    return future.result()
           ^^^^^^^^^^^^^^^
  File "<lanes>/w3-r2-10-composition/docs/experiments/r2-10-composition-2026-10-02/harness/r2_10_browser.py", line 974, in main_async
    await nw2_one(spec, args, fixtures, out)
  File "<lanes>/w3-r2-10-composition/docs/experiments/r2-10-composition-2026-10-02/harness/r2_10_browser.py", line 933, in nw2_one
    return await rb.control_one({**spec, "arm": "K5", "kind": "nw2"}, args, fixtures, out)
           ^^^^^^^^^^^^^^^^^^^^^^^^^^^^^^^^^^^^^^^^^^^^^^^^^^^^^^^^^^^^^^^^^^^^^^^^^^^^^^^
  File "<lanes>/w3-r2-10-composition/docs/experiments/r2-10-composition-2026-10-02/harness/src/b-02-browser-driver-sites-2026-10-02/run_b02.py", line 360, in control_one
    poller.stop()
  File "<lanes>/w3-r2-10-composition/docs/experiments/r2-10-composition-2026-10-02/harness/src/b-02-browser-driver-sites-2026-10-02/run_critpath.py", line 321, in stop
    self._thread.join(timeout=2)
  File "<home>/.local/share/uv/python/cpython-3.12.13-linux-x86_64-gnu/lib/python3.12/threading.py", line 1144, in join
    raise RuntimeError("cannot join thread before it is started")
RuntimeError: cannot join thread before it is started
<home>/.local/opt/cua-e2e-x11/root/usr/bin/xvfb-run: line 185: kill: (974799) - No such process
[session] exit rc=1 run_dir=<lane-tmp>/x11-session.7M6I3W
[2026-10-02T18:57:43.435Z] chunk r2-10-N1 rc=1 loadavg=8.46 12.46 12.33
