[2026-10-02T19:46:54.742Z] chunk r2-10-N2 mode=exclusive atspi=0 live=0 loadavg=8.25 6.40 5.61
[session] DISPLAY=:100 openbox=1276278 picom=1276279 dbus=unix:path=<tmp>/dbus-...,guid=6ed8630e1ee0f67a3ff1adfa6ac00b7b
[r2-10] display=:100 xdg_runtime_private=yes key=absent loadavg=6.02 5.47 5.34 atspi=0
dbus-daemon[1276276]: [session uid=1000 pid=1276276 pidfd=4] Activating service name='org.a11y.Bus' requested by ':1.0' (uid=1000 pid=1276494 comm="<lanes>/bin/cua-driver-r2")
dbus-daemon[1276276]: [session uid=1000 pid=1276276 pidfd=4] Successfully activated service 'org.a11y.Bus'
dbus-daemon[1276276]: [session uid=1000 pid=1276276 pidfd=4] Activating service name='ca.desrt.dconf' requested by ':1.1' (uid=1000 pid=1276519 comm="/usr/lib/at-spi-bus-launcher")
dbus-daemon[1276276]: [session uid=1000 pid=1276276 pidfd=4] Successfully activated service 'ca.desrt.dconf'
dbus-daemon[1276276]: [session uid=1000 pid=1276276 pidfd=4] Activating service name='org.freedesktop.systemd1' requested by ':1.4' (uid=1000 pid=1276535 comm="/usr/bin/dbus-broker-launch --config-file=/usr/sha")
dbus-daemon[1276276]: [session uid=1000 pid=1276276 pidfd=4] Activated service 'org.freedesktop.systemd1' failed: Process org.freedesktop.systemd1 exited with status 1
dbus-daemon[1276276]: [session uid=1000 pid=1276276 pidfd=4] Activating service name='org.gtk.vfs.Daemon' requested by ':1.5' (uid=1000 pid=1276596 comm="/opt/google/chrome/chrome --remote-debugging-port=")
dbus-daemon[1276276]: [session uid=1000 pid=1276276 pidfd=4] Successfully activated service 'org.gtk.vfs.Daemon'
fusermount3: mount failed: Operation not permitted
dbus-daemon[1276276]: [session uid=1000 pid=1276276 pidfd=4] Activating service name='org.freedesktop.systemd1' requested by ':1.4' (uid=1000 pid=1276535 comm="/usr/bin/dbus-broker-launch --config-file=/usr/sha")
dbus-daemon[1276276]: [session uid=1000 pid=1276276 pidfd=4] Activated service 'org.freedesktop.systemd1' failed: Process org.freedesktop.systemd1 exited with status 1
dbus-daemon[1276276]: [session uid=1000 pid=1276276 pidfd=4] Activating service name='org.freedesktop.systemd1' requested by ':1.4' (uid=1000 pid=1276535 comm="/usr/bin/dbus-broker-launch --config-file=/usr/sha")
dbus-daemon[1276276]: [session uid=1000 pid=1276276 pidfd=4] Activated service 'org.freedesktop.systemd1' failed: Process org.freedesktop.systemd1 exited with status 1
dbus-daemon[1276276]: [session uid=1000 pid=1276276 pidfd=4] Activating service name='org.freedesktop.Notifications' requested by ':1.7' (uid=1000 pid=1276596 comm="/opt/google/chrome/chrome --remote-debugging-port=")
dbus-daemon[1276276]: [session uid=1000 pid=1276276 pidfd=4] Activating service name='org.freedesktop.portal.Desktop' requested by ':1.7' (uid=1000 pid=1276596 comm="/opt/google/chrome/chrome --remote-debugging-port=")
dbus-daemon[1276276]: [session uid=1000 pid=1276276 pidfd=4] Activating service name='org.freedesktop.impl.portal.PermissionStore' requested by ':1.9' (uid=1000 pid=1276730 comm="/usr/lib/xdg-desktop-portal")
dbus-daemon[1276276]: [session uid=1000 pid=1276276 pidfd=4] Successfully activated service 'org.freedesktop.Notifications'
dbus-daemon[1276276]: [session uid=1000 pid=1276276 pidfd=4] Successfully activated service 'org.freedesktop.impl.portal.PermissionStore'
dbus-daemon[1276276]: [session uid=1000 pid=1276276 pidfd=4] Activating service name='org.freedesktop.portal.Documents' requested by ':1.9' (uid=1000 pid=1276730 comm="/usr/lib/xdg-desktop-portal")
dbus-daemon[1276276]: [session uid=1000 pid=1276276 pidfd=4] Successfully activated service 'org.freedesktop.portal.Documents'
fusermount3: mount failed: Operation not permitted
error: fuse init failed: Can't mount path <lane-tmp>/x11-session.kFjx1c/xdg-runtime/doc


dbus-daemon[1276276]: [session uid=1000 pid=1276276 pidfd=4] Activating service name='org.freedesktop.impl.portal.desktop.gtk' requested by ':1.9' (uid=1000 pid=1276730 comm="/usr/lib/xdg-desktop-portal")
dbus-daemon[1276276]: [session uid=1000 pid=1276276 pidfd=4] Activating service name='org.freedesktop.systemd1' requested by ':1.4' (uid=1000 pid=1276535 comm="/usr/bin/dbus-broker-launch --config-file=/usr/sha")
dbus-daemon[1276276]: [session uid=1000 pid=1276276 pidfd=4] Activated service 'org.freedesktop.systemd1' failed: Process org.freedesktop.systemd1 exited with status 1
dbus-daemon[1276276]: [session uid=1000 pid=1276276 pidfd=4] Successfully activated service 'org.freedesktop.impl.portal.desktop.gtk'


dbus-daemon[1276276]: [session uid=1000 pid=1276276 pidfd=4] Activating service name='org.freedesktop.systemd1' requested by ':1.4' (uid=1000 pid=1276535 comm="/usr/bin/dbus-broker-launch --config-file=/usr/sha")

dbus-daemon[1276276]: [session uid=1000 pid=1276276 pidfd=4] Activated service 'org.freedesktop.systemd1' failed: Process org.freedesktop.systemd1 exited with status 1












dbus-daemon[1276276]: [session uid=1000 pid=1276276 pidfd=4] Successfully activated service 'org.freedesktop.portal.Desktop'
{"trial": "N2-000-fill-COMP-n4a-r00", "mode": "replay", "outcome": "verified", "oracle_exact_match": true, "completion_mutations": 1, "routes": ["compiled"], "error": null, "la": "6.02", "prov": {"attempts": 0, "reached": 0}}
dbus-daemon[1276276]: [session uid=1000 pid=1276276 pidfd=4] Activating service name='org.freedesktop.systemd1' requested by ':1.4' (uid=1000 pid=1276535 comm="/usr/bin/dbus-broker-launch --config-file=/usr/sha")
dbus-daemon[1276276]: [session uid=1000 pid=1276276 pidfd=4] Activated service 'org.freedesktop.systemd1' failed: Process org.freedesktop.systemd1 exited with status 1
dbus-daemon[1276276]: [session uid=1000 pid=1276276 pidfd=4] Activating service name='org.freedesktop.systemd1' requested by ':1.4' (uid=1000 pid=1276535 comm="/usr/bin/dbus-broker-launch --config-file=/usr/sha")
dbus-daemon[1276276]: [session uid=1000 pid=1276276 pidfd=4] Activated service 'org.freedesktop.systemd1' failed: Process org.freedesktop.systemd1 exited with status 1
dbus-daemon[1276276]: [session uid=1000 pid=1276276 pidfd=4] Activating service name='org.freedesktop.systemd1' requested by ':1.4' (uid=1000 pid=1276535 comm="/usr/bin/dbus-broker-launch --config-file=/usr/sha")
dbus-daemon[1276276]: [session uid=1000 pid=1276276 pidfd=4] Activated service 'org.freedesktop.systemd1' failed: Process org.freedesktop.systemd1 exited with status 1
{"trial": "N2-001-toggle-COMP-n4a-r00", "mode": "step", "outcome": "verified", "oracle_exact_match": true, "completion_mutations": 1, "routes": ["provider", "provider", "provider"], "error": null, "la": "5.61", "prov": {"attempts": 0, "reached": 0}}
dbus-daemon[1276276]: [session uid=1000 pid=1276276 pidfd=4] Activating service name='org.freedesktop.systemd1' requested by ':1.4' (uid=1000 pid=1276535 comm="/usr/bin/dbus-broker-launch --config-file=/usr/sha")
dbus-daemon[1276276]: [session uid=1000 pid=1276276 pidfd=4] Activated service 'org.freedesktop.systemd1' failed: Process org.freedesktop.systemd1 exited with status 1
dbus-daemon[1276276]: [session uid=1000 pid=1276276 pidfd=4] Activating service name='org.freedesktop.systemd1' requested by ':1.4' (uid=1000 pid=1276535 comm="/usr/bin/dbus-broker-launch --config-file=/usr/sha")
dbus-daemon[1276276]: [session uid=1000 pid=1276276 pidfd=4] Activated service 'org.freedesktop.systemd1' failed: Process org.freedesktop.systemd1 exited with status 1
dbus-daemon[1276276]: [session uid=1000 pid=1276276 pidfd=4] Activating service name='org.freedesktop.systemd1' requested by ':1.4' (uid=1000 pid=1276535 comm="/usr/bin/dbus-broker-launch --config-file=/usr/sha")
dbus-daemon[1276276]: [session uid=1000 pid=1276276 pidfd=4] Activated service 'org.freedesktop.systemd1' failed: Process org.freedesktop.systemd1 exited with status 1
{"trial": "N2-002-modal-COMP-n4a-r00", "mode": "step", "outcome": "verified", "oracle_exact_match": true, "completion_mutations": 1, "routes": ["provider", "provider", "provider"], "error": null, "la": "5.61", "prov": {"attempts": 0, "reached": 0}}
dbus-daemon[1276276]: [session uid=1000 pid=1276276 pidfd=4] Activating service name='org.freedesktop.systemd1' requested by ':1.4' (uid=1000 pid=1276535 comm="/usr/bin/dbus-broker-launch --config-file=/usr/sha")
dbus-daemon[1276276]: [session uid=1000 pid=1276276 pidfd=4] Activated service 'org.freedesktop.systemd1' failed: Process org.freedesktop.systemd1 exited with status 1
dbus-daemon[1276276]: [session uid=1000 pid=1276276 pidfd=4] Activating service name='org.freedesktop.systemd1' requested by ':1.4' (uid=1000 pid=1276535 comm="/usr/bin/dbus-broker-launch --config-file=/usr/sha")
dbus-daemon[1276276]: [session uid=1000 pid=1276276 pidfd=4] Activated service 'org.freedesktop.systemd1' failed: Process org.freedesktop.systemd1 exited with status 1
dbus-daemon[1276276]: [session uid=1000 pid=1276276 pidfd=4] Activating service name='org.freedesktop.systemd1' requested by ':1.4' (uid=1000 pid=1276535 comm="/usr/bin/dbus-broker-launch --config-file=/usr/sha")
dbus-daemon[1276276]: [session uid=1000 pid=1276276 pidfd=4] Activated service 'org.freedesktop.systemd1' failed: Process org.freedesktop.systemd1 exited with status 1
{"trial": "N2-003-fill-COMP-n4a-r01", "mode": "replay", "outcome": "verified", "oracle_exact_match": true, "completion_mutations": 1, "routes": ["compiled"], "error": null, "la": "5.61", "prov": {"attempts": 0, "reached": 0}}
dbus-daemon[1276276]: [session uid=1000 pid=1276276 pidfd=4] Activating service name='org.freedesktop.systemd1' requested by ':1.4' (uid=1000 pid=1276535 comm="/usr/bin/dbus-broker-launch --config-file=/usr/sha")
dbus-daemon[1276276]: [session uid=1000 pid=1276276 pidfd=4] Activated service 'org.freedesktop.systemd1' failed: Process org.freedesktop.systemd1 exited with status 1
dbus-daemon[1276276]: [session uid=1000 pid=1276276 pidfd=4] Activating service name='org.freedesktop.systemd1' requested by ':1.4' (uid=1000 pid=1276535 comm="/usr/bin/dbus-broker-launch --config-file=/usr/sha")
dbus-daemon[1276276]: [session uid=1000 pid=1276276 pidfd=4] Activated service 'org.freedesktop.systemd1' failed: Process org.freedesktop.systemd1 exited with status 1
dbus-daemon[1276276]: [session uid=1000 pid=1276276 pidfd=4] Activating service name='org.freedesktop.systemd1' requested by ':1.4' (uid=1000 pid=1276535 comm="/usr/bin/dbus-broker-launch --config-file=/usr/sha")
dbus-daemon[1276276]: [session uid=1000 pid=1276276 pidfd=4] Activated service 'org.freedesktop.systemd1' failed: Process org.freedesktop.systemd1 exited with status 1
{"trial": "N2-004-toggle-COMP-n4a-r01", "mode": "step", "outcome": "verified", "oracle_exact_match": true, "completion_mutations": 1, "routes": ["provider", "provider", "provider"], "error": null, "la": "5.61", "prov": {"attempts": 0, "reached": 0}}
dbus-daemon[1276276]: [session uid=1000 pid=1276276 pidfd=4] Activating service name='org.freedesktop.systemd1' requested by ':1.4' (uid=1000 pid=1276535 comm="/usr/bin/dbus-broker-launch --config-file=/usr/sha")
dbus-daemon[1276276]: [session uid=1000 pid=1276276 pidfd=4] Activated service 'org.freedesktop.systemd1' failed: Process org.freedesktop.systemd1 exited with status 1
dbus-daemon[1276276]: [session uid=1000 pid=1276276 pidfd=4] Activating service name='org.freedesktop.systemd1' requested by ':1.4' (uid=1000 pid=1276535 comm="/usr/bin/dbus-broker-launch --config-file=/usr/sha")
dbus-daemon[1276276]: [session uid=1000 pid=1276276 pidfd=4] Activated service 'org.freedesktop.systemd1' failed: Process org.freedesktop.systemd1 exited with status 1
dbus-daemon[1276276]: [session uid=1000 pid=1276276 pidfd=4] Activating service name='org.freedesktop.systemd1' requested by ':1.4' (uid=1000 pid=1276535 comm="/usr/bin/dbus-broker-launch --config-file=/usr/sha")
dbus-daemon[1276276]: [session uid=1000 pid=1276276 pidfd=4] Activated service 'org.freedesktop.systemd1' failed: Process org.freedesktop.systemd1 exited with status 1
{"trial": "N2-005-modal-COMP-n4a-r01", "mode": "step", "outcome": "verified", "oracle_exact_match": true, "completion_mutations": 1, "routes": ["provider", "provider", "provider"], "error": null, "la": "5.61", "prov": {"attempts": 0, "reached": 0}}
dbus-daemon[1276276]: [session uid=1000 pid=1276276 pidfd=4] Activating service name='org.freedesktop.systemd1' requested by ':1.4' (uid=1000 pid=1276535 comm="/usr/bin/dbus-broker-launch --config-file=/usr/sha")
dbus-daemon[1276276]: [session uid=1000 pid=1276276 pidfd=4] Activated service 'org.freedesktop.systemd1' failed: Process org.freedesktop.systemd1 exited with status 1
dbus-daemon[1276276]: [session uid=1000 pid=1276276 pidfd=4] Activating service name='org.freedesktop.systemd1' requested by ':1.4' (uid=1000 pid=1276535 comm="/usr/bin/dbus-broker-launch --config-file=/usr/sha")
dbus-daemon[1276276]: [session uid=1000 pid=1276276 pidfd=4] Activated service 'org.freedesktop.systemd1' failed: Process org.freedesktop.systemd1 exited with status 1
dbus-daemon[1276276]: [session uid=1000 pid=1276276 pidfd=4] Activating service name='org.freedesktop.systemd1' requested by ':1.4' (uid=1000 pid=1276535 comm="/usr/bin/dbus-broker-launch --config-file=/usr/sha")
dbus-daemon[1276276]: [session uid=1000 pid=1276276 pidfd=4] Activated service 'org.freedesktop.systemd1' failed: Process org.freedesktop.systemd1 exited with status 1
{"trial": "N2-006-fill-COMP-n4a-r02", "mode": "replay", "outcome": "verified", "oracle_exact_match": true, "completion_mutations": 1, "routes": ["compiled"], "error": null, "la": "6.20", "prov": {"attempts": 0, "reached": 0}}
dbus-daemon[1276276]: [session uid=1000 pid=1276276 pidfd=4] Activating service name='org.freedesktop.systemd1' requested by ':1.4' (uid=1000 pid=1276535 comm="/usr/bin/dbus-broker-launch --config-file=/usr/sha")
dbus-daemon[1276276]: [session uid=1000 pid=1276276 pidfd=4] Activated service 'org.freedesktop.systemd1' failed: Process org.freedesktop.systemd1 exited with status 1
dbus-daemon[1276276]: [session uid=1000 pid=1276276 pidfd=4] Activating service name='org.freedesktop.systemd1' requested by ':1.4' (uid=1000 pid=1276535 comm="/usr/bin/dbus-broker-launch --config-file=/usr/sha")
dbus-daemon[1276276]: [session uid=1000 pid=1276276 pidfd=4] Activated service 'org.freedesktop.systemd1' failed: Process org.freedesktop.systemd1 exited with status 1
dbus-daemon[1276276]: [session uid=1000 pid=1276276 pidfd=4] Activating service name='org.freedesktop.systemd1' requested by ':1.4' (uid=1000 pid=1276535 comm="/usr/bin/dbus-broker-launch --config-file=/usr/sha")
dbus-daemon[1276276]: [session uid=1000 pid=1276276 pidfd=4] Activated service 'org.freedesktop.systemd1' failed: Process org.freedesktop.systemd1 exited with status 1
{"trial": "N2-007-toggle-COMP-n4a-r02", "mode": "step", "outcome": "verified", "oracle_exact_match": true, "completion_mutations": 1, "routes": ["provider", "provider", "provider"], "error": null, "la": "6.20", "prov": {"attempts": 0, "reached": 0}}
dbus-daemon[1276276]: [session uid=1000 pid=1276276 pidfd=4] Activating service name='org.freedesktop.systemd1' requested by ':1.4' (uid=1000 pid=1276535 comm="/usr/bin/dbus-broker-launch --config-file=/usr/sha")
dbus-daemon[1276276]: [session uid=1000 pid=1276276 pidfd=4] Activated service 'org.freedesktop.systemd1' failed: Process org.freedesktop.systemd1 exited with status 1
dbus-daemon[1276276]: [session uid=1000 pid=1276276 pidfd=4] Activating service name='org.freedesktop.systemd1' requested by ':1.4' (uid=1000 pid=1276535 comm="/usr/bin/dbus-broker-launch --config-file=/usr/sha")
dbus-daemon[1276276]: [session uid=1000 pid=1276276 pidfd=4] Activated service 'org.freedesktop.systemd1' failed: Process org.freedesktop.systemd1 exited with status 1
dbus-daemon[1276276]: [session uid=1000 pid=1276276 pidfd=4] Activating service name='org.freedesktop.systemd1' requested by ':1.4' (uid=1000 pid=1276535 comm="/usr/bin/dbus-broker-launch --config-file=/usr/sha")
dbus-daemon[1276276]: [session uid=1000 pid=1276276 pidfd=4] Activated service 'org.freedesktop.systemd1' failed: Process org.freedesktop.systemd1 exited with status 1
{"trial": "N2-008-modal-COMP-n4a-r02", "mode": "step", "outcome": "verified", "oracle_exact_match": true, "completion_mutations": 1, "routes": ["provider", "provider", "provider"], "error": null, "la": "6.20", "prov": {"attempts": 0, "reached": 0}}
dbus-daemon[1276276]: [session uid=1000 pid=1276276 pidfd=4] Activating service name='org.freedesktop.systemd1' requested by ':1.4' (uid=1000 pid=1276535 comm="/usr/bin/dbus-broker-launch --config-file=/usr/sha")
dbus-daemon[1276276]: [session uid=1000 pid=1276276 pidfd=4] Activated service 'org.freedesktop.systemd1' failed: Process org.freedesktop.systemd1 exited with status 1
dbus-daemon[1276276]: [session uid=1000 pid=1276276 pidfd=4] Activating service name='org.freedesktop.systemd1' requested by ':1.4' (uid=1000 pid=1276535 comm="/usr/bin/dbus-broker-launch --config-file=/usr/sha")
dbus-daemon[1276276]: [session uid=1000 pid=1276276 pidfd=4] Activated service 'org.freedesktop.systemd1' failed: Process org.freedesktop.systemd1 exited with status 1
dbus-daemon[1276276]: [session uid=1000 pid=1276276 pidfd=4] Activating service name='org.freedesktop.systemd1' requested by ':1.4' (uid=1000 pid=1276535 comm="/usr/bin/dbus-broker-launch --config-file=/usr/sha")
dbus-daemon[1276276]: [session uid=1000 pid=1276276 pidfd=4] Activated service 'org.freedesktop.systemd1' failed: Process org.freedesktop.systemd1 exited with status 1
{"trial": "N2-009-fill-COMP-n4a-r03", "mode": "replay", "outcome": "verified", "oracle_exact_match": true, "completion_mutations": 1, "routes": ["compiled"], "error": null, "la": "6.20", "prov": {"attempts": 0, "reached": 0}}
dbus-daemon[1276276]: [session uid=1000 pid=1276276 pidfd=4] Activating service name='org.freedesktop.systemd1' requested by ':1.4' (uid=1000 pid=1276535 comm="/usr/bin/dbus-broker-launch --config-file=/usr/sha")
dbus-daemon[1276276]: [session uid=1000 pid=1276276 pidfd=4] Activated service 'org.freedesktop.systemd1' failed: Process org.freedesktop.systemd1 exited with status 1
dbus-daemon[1276276]: [session uid=1000 pid=1276276 pidfd=4] Activating service name='org.freedesktop.systemd1' requested by ':1.4' (uid=1000 pid=1276535 comm="/usr/bin/dbus-broker-launch --config-file=/usr/sha")
dbus-daemon[1276276]: [session uid=1000 pid=1276276 pidfd=4] Activated service 'org.freedesktop.systemd1' failed: Process org.freedesktop.systemd1 exited with status 1
dbus-daemon[1276276]: [session uid=1000 pid=1276276 pidfd=4] Activating service name='org.freedesktop.systemd1' requested by ':1.4' (uid=1000 pid=1276535 comm="/usr/bin/dbus-broker-launch --config-file=/usr/sha")
dbus-daemon[1276276]: [session uid=1000 pid=1276276 pidfd=4] Activated service 'org.freedesktop.systemd1' failed: Process org.freedesktop.systemd1 exited with status 1
{"trial": "N2-010-toggle-COMP-n4a-r03", "mode": "step", "outcome": "verified", "oracle_exact_match": true, "completion_mutations": 1, "routes": ["provider", "provider", "provider"], "error": null, "la": "6.20", "prov": {"attempts": 0, "reached": 0}}
dbus-daemon[1276276]: [session uid=1000 pid=1276276 pidfd=4] Activating service name='org.freedesktop.systemd1' requested by ':1.4' (uid=1000 pid=1276535 comm="/usr/bin/dbus-broker-launch --config-file=/usr/sha")
dbus-daemon[1276276]: [session uid=1000 pid=1276276 pidfd=4] Activated service 'org.freedesktop.systemd1' failed: Process org.freedesktop.systemd1 exited with status 1
dbus-daemon[1276276]: [session uid=1000 pid=1276276 pidfd=4] Activating service name='org.freedesktop.systemd1' requested by ':1.4' (uid=1000 pid=1276535 comm="/usr/bin/dbus-broker-launch --config-file=/usr/sha")
dbus-daemon[1276276]: [session uid=1000 pid=1276276 pidfd=4] Activated service 'org.freedesktop.systemd1' failed: Process org.freedesktop.systemd1 exited with status 1
dbus-daemon[1276276]: [session uid=1000 pid=1276276 pidfd=4] Activating service name='org.freedesktop.systemd1' requested by ':1.4' (uid=1000 pid=1276535 comm="/usr/bin/dbus-broker-launch --config-file=/usr/sha")
dbus-daemon[1276276]: [session uid=1000 pid=1276276 pidfd=4] Activated service 'org.freedesktop.systemd1' failed: Process org.freedesktop.systemd1 exited with status 1
{"trial": "N2-011-modal-COMP-n4a-r03", "mode": "step", "outcome": "verified", "oracle_exact_match": true, "completion_mutations": 1, "routes": ["provider", "provider", "provider"], "error": null, "la": "6.19", "prov": {"attempts": 0, "reached": 0}}
dbus-daemon[1276276]: [session uid=1000 pid=1276276 pidfd=4] Activating service name='org.freedesktop.systemd1' requested by ':1.4' (uid=1000 pid=1276535 comm="/usr/bin/dbus-broker-launch --config-file=/usr/sha")
dbus-daemon[1276276]: [session uid=1000 pid=1276276 pidfd=4] Activated service 'org.freedesktop.systemd1' failed: Process org.freedesktop.systemd1 exited with status 1
dbus-daemon[1276276]: [session uid=1000 pid=1276276 pidfd=4] Activating service name='org.freedesktop.systemd1' requested by ':1.4' (uid=1000 pid=1276535 comm="/usr/bin/dbus-broker-launch --config-file=/usr/sha")
dbus-daemon[1276276]: [session uid=1000 pid=1276276 pidfd=4] Activated service 'org.freedesktop.systemd1' failed: Process org.freedesktop.systemd1 exited with status 1
dbus-daemon[1276276]: [session uid=1000 pid=1276276 pidfd=4] Activating service name='org.freedesktop.systemd1' requested by ':1.4' (uid=1000 pid=1276535 comm="/usr/bin/dbus-broker-launch --config-file=/usr/sha")
dbus-daemon[1276276]: [session uid=1000 pid=1276276 pidfd=4] Activated service 'org.freedesktop.systemd1' failed: Process org.freedesktop.systemd1 exited with status 1
{"trial": "N2-012-fill-COMP-n4a-r04", "mode": "replay", "outcome": "verified", "oracle_exact_match": true, "completion_mutations": 1, "routes": ["compiled"], "error": null, "la": "6.19", "prov": {"attempts": 0, "reached": 0}}
dbus-daemon[1276276]: [session uid=1000 pid=1276276 pidfd=4] Activating service name='org.freedesktop.systemd1' requested by ':1.4' (uid=1000 pid=1276535 comm="/usr/bin/dbus-broker-launch --config-file=/usr/sha")
dbus-daemon[1276276]: [session uid=1000 pid=1276276 pidfd=4] Activated service 'org.freedesktop.systemd1' failed: Process org.freedesktop.systemd1 exited with status 1
dbus-daemon[1276276]: [session uid=1000 pid=1276276 pidfd=4] Activating service name='org.freedesktop.systemd1' requested by ':1.4' (uid=1000 pid=1276535 comm="/usr/bin/dbus-broker-launch --config-file=/usr/sha")
dbus-daemon[1276276]: [session uid=1000 pid=1276276 pidfd=4] Activated service 'org.freedesktop.systemd1' failed: Process org.freedesktop.systemd1 exited with status 1
dbus-daemon[1276276]: [session uid=1000 pid=1276276 pidfd=4] Activating service name='org.freedesktop.systemd1' requested by ':1.4' (uid=1000 pid=1276535 comm="/usr/bin/dbus-broker-launch --config-file=/usr/sha")
dbus-daemon[1276276]: [session uid=1000 pid=1276276 pidfd=4] Activated service 'org.freedesktop.systemd1' failed: Process org.freedesktop.systemd1 exited with status 1
{"trial": "N2-013-toggle-COMP-n4a-r04", "mode": "step", "outcome": "verified", "oracle_exact_match": true, "completion_mutations": 1, "routes": ["provider", "provider", "provider"], "error": null, "la": "6.19", "prov": {"attempts": 0, "reached": 0}}
dbus-daemon[1276276]: [session uid=1000 pid=1276276 pidfd=4] Activating service name='org.freedesktop.systemd1' requested by ':1.4' (uid=1000 pid=1276535 comm="/usr/bin/dbus-broker-launch --config-file=/usr/sha")
dbus-daemon[1276276]: [session uid=1000 pid=1276276 pidfd=4] Activated service 'org.freedesktop.systemd1' failed: Process org.freedesktop.systemd1 exited with status 1
dbus-daemon[1276276]: [session uid=1000 pid=1276276 pidfd=4] Activating service name='org.freedesktop.systemd1' requested by ':1.4' (uid=1000 pid=1276535 comm="/usr/bin/dbus-broker-launch --config-file=/usr/sha")
dbus-daemon[1276276]: [session uid=1000 pid=1276276 pidfd=4] Activated service 'org.freedesktop.systemd1' failed: Process org.freedesktop.systemd1 exited with status 1
dbus-daemon[1276276]: [session uid=1000 pid=1276276 pidfd=4] Activating service name='org.freedesktop.systemd1' requested by ':1.4' (uid=1000 pid=1276535 comm="/usr/bin/dbus-broker-launch --config-file=/usr/sha")
dbus-daemon[1276276]: [session uid=1000 pid=1276276 pidfd=4] Activated service 'org.freedesktop.systemd1' failed: Process org.freedesktop.systemd1 exited with status 1
{"trial": "N2-014-modal-COMP-n4a-r04", "mode": "step", "outcome": "verified", "oracle_exact_match": true, "completion_mutations": 1, "routes": ["provider", "provider", "provider"], "error": null, "la": "6.19", "prov": {"attempts": 0, "reached": 0}}
dbus-daemon[1276276]: [session uid=1000 pid=1276276 pidfd=4] Activating service name='org.freedesktop.systemd1' requested by ':1.4' (uid=1000 pid=1276535 comm="/usr/bin/dbus-broker-launch --config-file=/usr/sha")
dbus-daemon[1276276]: [session uid=1000 pid=1276276 pidfd=4] Activated service 'org.freedesktop.systemd1' failed: Process org.freedesktop.systemd1 exited with status 1
dbus-daemon[1276276]: [session uid=1000 pid=1276276 pidfd=4] Activating service name='org.freedesktop.systemd1' requested by ':1.4' (uid=1000 pid=1276535 comm="/usr/bin/dbus-broker-launch --config-file=/usr/sha")
dbus-daemon[1276276]: [session uid=1000 pid=1276276 pidfd=4] Activated service 'org.freedesktop.systemd1' failed: Process org.freedesktop.systemd1 exited with status 1
dbus-daemon[1276276]: [session uid=1000 pid=1276276 pidfd=4] Activating service name='org.freedesktop.systemd1' requested by ':1.4' (uid=1000 pid=1276535 comm="/usr/bin/dbus-broker-launch --config-file=/usr/sha")
dbus-daemon[1276276]: [session uid=1000 pid=1276276 pidfd=4] Activated service 'org.freedesktop.systemd1' failed: Process org.freedesktop.systemd1 exited with status 1
{"trial": "N2-015-fill-COMP-ood-r00", "mode": "replay", "outcome": "verified", "oracle_exact_match": true, "completion_mutations": 1, "routes": ["compiled", "fallback:provider", "fallback:provider"], "error": null, "la": "5.93", "prov": {"attempts": 0, "reached": 0}}
dbus-daemon[1276276]: [session uid=1000 pid=1276276 pidfd=4] Activating service name='org.freedesktop.systemd1' requested by ':1.4' (uid=1000 pid=1276535 comm="/usr/bin/dbus-broker-launch --config-file=/usr/sha")
dbus-daemon[1276276]: [session uid=1000 pid=1276276 pidfd=4] Activated service 'org.freedesktop.systemd1' failed: Process org.freedesktop.systemd1 exited with status 1
dbus-daemon[1276276]: [session uid=1000 pid=1276276 pidfd=4] Activating service name='org.freedesktop.systemd1' requested by ':1.4' (uid=1000 pid=1276535 comm="/usr/bin/dbus-broker-launch --config-file=/usr/sha")
dbus-daemon[1276276]: [session uid=1000 pid=1276276 pidfd=4] Activated service 'org.freedesktop.systemd1' failed: Process org.freedesktop.systemd1 exited with status 1
dbus-daemon[1276276]: [session uid=1000 pid=1276276 pidfd=4] Activating service name='org.freedesktop.systemd1' requested by ':1.4' (uid=1000 pid=1276535 comm="/usr/bin/dbus-broker-launch --config-file=/usr/sha")
dbus-daemon[1276276]: [session uid=1000 pid=1276276 pidfd=4] Activated service 'org.freedesktop.systemd1' failed: Process org.freedesktop.systemd1 exited with status 1
{"trial": "N2-016-fill-COMP-ood-r01", "mode": "replay", "outcome": "verified", "oracle_exact_match": true, "completion_mutations": 1, "routes": ["compiled", "fallback:provider", "fallback:provider"], "error": null, "la": "5.93", "prov": {"attempts": 0, "reached": 0}}
dbus-daemon[1276276]: [session uid=1000 pid=1276276 pidfd=4] Activating service name='org.freedesktop.systemd1' requested by ':1.4' (uid=1000 pid=1276535 comm="/usr/bin/dbus-broker-launch --config-file=/usr/sha")
dbus-daemon[1276276]: [session uid=1000 pid=1276276 pidfd=4] Activated service 'org.freedesktop.systemd1' failed: Process org.freedesktop.systemd1 exited with status 1
dbus-daemon[1276276]: [session uid=1000 pid=1276276 pidfd=4] Activating service name='org.freedesktop.systemd1' requested by ':1.4' (uid=1000 pid=1276535 comm="/usr/bin/dbus-broker-launch --config-file=/usr/sha")
dbus-daemon[1276276]: [session uid=1000 pid=1276276 pidfd=4] Activated service 'org.freedesktop.systemd1' failed: Process org.freedesktop.systemd1 exited with status 1
dbus-daemon[1276276]: [session uid=1000 pid=1276276 pidfd=4] Activating service name='org.freedesktop.systemd1' requested by ':1.4' (uid=1000 pid=1276535 comm="/usr/bin/dbus-broker-launch --config-file=/usr/sha")
dbus-daemon[1276276]: [session uid=1000 pid=1276276 pidfd=4] Activated service 'org.freedesktop.systemd1' failed: Process org.freedesktop.systemd1 exited with status 1
{"trial": "N2-017-fill-COMP-ood-r02", "mode": "replay", "outcome": "verified", "oracle_exact_match": true, "completion_mutations": 1, "routes": ["compiled", "fallback:provider", "fallback:provider"], "error": null, "la": "5.93", "prov": {"attempts": 0, "reached": 0}}
dbus-daemon[1276276]: [session uid=1000 pid=1276276 pidfd=4] Activating service name='org.freedesktop.systemd1' requested by ':1.4' (uid=1000 pid=1276535 comm="/usr/bin/dbus-broker-launch --config-file=/usr/sha")
dbus-daemon[1276276]: [session uid=1000 pid=1276276 pidfd=4] Activated service 'org.freedesktop.systemd1' failed: Process org.freedesktop.systemd1 exited with status 1
dbus-daemon[1276276]: [session uid=1000 pid=1276276 pidfd=4] Activating service name='org.freedesktop.systemd1' requested by ':1.4' (uid=1000 pid=1276535 comm="/usr/bin/dbus-broker-launch --config-file=/usr/sha")
dbus-daemon[1276276]: [session uid=1000 pid=1276276 pidfd=4] Activated service 'org.freedesktop.systemd1' failed: Process org.freedesktop.systemd1 exited with status 1
dbus-daemon[1276276]: [session uid=1000 pid=1276276 pidfd=4] Activating service name='org.freedesktop.systemd1' requested by ':1.4' (uid=1000 pid=1276535 comm="/usr/bin/dbus-broker-launch --config-file=/usr/sha")
dbus-daemon[1276276]: [session uid=1000 pid=1276276 pidfd=4] Activated service 'org.freedesktop.systemd1' failed: Process org.freedesktop.systemd1 exited with status 1
{"trial": "N2-018-fill-COMP-ood-r03", "mode": "replay", "outcome": "verified", "oracle_exact_match": true, "completion_mutations": 1, "routes": ["compiled", "fallback:provider", "fallback:provider"], "error": null, "la": "5.93", "prov": {"attempts": 0, "reached": 0}}
dbus-daemon[1276276]: [session uid=1000 pid=1276276 pidfd=4] Activating service name='org.freedesktop.systemd1' requested by ':1.4' (uid=1000 pid=1276535 comm="/usr/bin/dbus-broker-launch --config-file=/usr/sha")
dbus-daemon[1276276]: [session uid=1000 pid=1276276 pidfd=4] Activated service 'org.freedesktop.systemd1' failed: Process org.freedesktop.systemd1 exited with status 1
dbus-daemon[1276276]: [session uid=1000 pid=1276276 pidfd=4] Activating service name='org.freedesktop.systemd1' requested by ':1.4' (uid=1000 pid=1276535 comm="/usr/bin/dbus-broker-launch --config-file=/usr/sha")
dbus-daemon[1276276]: [session uid=1000 pid=1276276 pidfd=4] Activated service 'org.freedesktop.systemd1' failed: Process org.freedesktop.systemd1 exited with status 1
dbus-daemon[1276276]: [session uid=1000 pid=1276276 pidfd=4] Activating service name='org.freedesktop.systemd1' requested by ':1.4' (uid=1000 pid=1276535 comm="/usr/bin/dbus-broker-launch --config-file=/usr/sha")
dbus-daemon[1276276]: [session uid=1000 pid=1276276 pidfd=4] Activated service 'org.freedesktop.systemd1' failed: Process org.freedesktop.systemd1 exited with status 1
{"trial": "N2-019-fill-COMP-ood-r04", "mode": "replay", "outcome": "verified", "oracle_exact_match": true, "completion_mutations": 1, "routes": ["compiled", "fallback:provider", "fallback:provider"], "error": null, "la": "5.93", "prov": {"attempts": 0, "reached": 0}}
dbus-daemon[1276276]: [session uid=1000 pid=1276276 pidfd=4] Activating service name='org.freedesktop.systemd1' requested by ':1.4' (uid=1000 pid=1276535 comm="/usr/bin/dbus-broker-launch --config-file=/usr/sha")
dbus-daemon[1276276]: [session uid=1000 pid=1276276 pidfd=4] Activated service 'org.freedesktop.systemd1' failed: Process org.freedesktop.systemd1 exited with status 1
dbus-daemon[1276276]: [session uid=1000 pid=1276276 pidfd=4] Activating service name='org.freedesktop.systemd1' requested by ':1.4' (uid=1000 pid=1276535 comm="/usr/bin/dbus-broker-launch --config-file=/usr/sha")
dbus-daemon[1276276]: [session uid=1000 pid=1276276 pidfd=4] Activated service 'org.freedesktop.systemd1' failed: Process org.freedesktop.systemd1 exited with status 1
dbus-daemon[1276276]: [session uid=1000 pid=1276276 pidfd=4] Activating service name='org.freedesktop.systemd1' requested by ':1.4' (uid=1000 pid=1276535 comm="/usr/bin/dbus-broker-launch --config-file=/usr/sha")
dbus-daemon[1276276]: [session uid=1000 pid=1276276 pidfd=4] Activated service 'org.freedesktop.systemd1' failed: Process org.freedesktop.systemd1 exited with status 1
{"trial": "N2-020-fill-COMP-nw2-r00", "outcome": "verified", "oracle_exact_match": true, "completion_mutations": 1, "takeover_envelope": null, "old_binding_envelope": null, "decoy_connections": null, "marker_in_fresh_snapshot": true, "nw2_stale_envelope": {"is_error": false, "status": null, "effect": "refused", "code": "browser_ref_stale"}, "nw2_mutations_from_stale_action": 0, "error_leaves": null}
dbus-daemon[1276276]: [session uid=1000 pid=1276276 pidfd=4] Activating service name='org.freedesktop.systemd1' requested by ':1.4' (uid=1000 pid=1276535 comm="/usr/bin/dbus-broker-launch --config-file=/usr/sha")
dbus-daemon[1276276]: [session uid=1000 pid=1276276 pidfd=4] Activated service 'org.freedesktop.systemd1' failed: Process org.freedesktop.systemd1 exited with status 1
dbus-daemon[1276276]: [session uid=1000 pid=1276276 pidfd=4] Activating service name='org.freedesktop.systemd1' requested by ':1.4' (uid=1000 pid=1276535 comm="/usr/bin/dbus-broker-launch --config-file=/usr/sha")
dbus-daemon[1276276]: [session uid=1000 pid=1276276 pidfd=4] Activated service 'org.freedesktop.systemd1' failed: Process org.freedesktop.systemd1 exited with status 1
dbus-daemon[1276276]: [session uid=1000 pid=1276276 pidfd=4] Activating service name='org.freedesktop.systemd1' requested by ':1.4' (uid=1000 pid=1276535 comm="/usr/bin/dbus-broker-launch --config-file=/usr/sha")
dbus-daemon[1276276]: [session uid=1000 pid=1276276 pidfd=4] Activated service 'org.freedesktop.systemd1' failed: Process org.freedesktop.systemd1 exited with status 1
{"trial": "N2-021-toggle-COMP-nw2-r01", "outcome": "verified", "oracle_exact_match": true, "completion_mutations": 1, "takeover_envelope": null, "old_binding_envelope": null, "decoy_connections": null, "marker_in_fresh_snapshot": true, "nw2_stale_envelope": {"is_error": false, "status": null, "effect": "refused", "code": "browser_ref_stale"}, "nw2_mutations_from_stale_action": 0, "error_leaves": null}
dbus-daemon[1276276]: [session uid=1000 pid=1276276 pidfd=4] Activating service name='org.freedesktop.systemd1' requested by ':1.4' (uid=1000 pid=1276535 comm="/usr/bin/dbus-broker-launch --config-file=/usr/sha")
dbus-daemon[1276276]: [session uid=1000 pid=1276276 pidfd=4] Activated service 'org.freedesktop.systemd1' failed: Process org.freedesktop.systemd1 exited with status 1
dbus-daemon[1276276]: [session uid=1000 pid=1276276 pidfd=4] Activating service name='org.freedesktop.systemd1' requested by ':1.4' (uid=1000 pid=1276535 comm="/usr/bin/dbus-broker-launch --config-file=/usr/sha")
dbus-daemon[1276276]: [session uid=1000 pid=1276276 pidfd=4] Activated service 'org.freedesktop.systemd1' failed: Process org.freedesktop.systemd1 exited with status 1
dbus-daemon[1276276]: [session uid=1000 pid=1276276 pidfd=4] Activating service name='org.freedesktop.systemd1' requested by ':1.4' (uid=1000 pid=1276535 comm="/usr/bin/dbus-broker-launch --config-file=/usr/sha")
dbus-daemon[1276276]: [session uid=1000 pid=1276276 pidfd=4] Activated service 'org.freedesktop.systemd1' failed: Process org.freedesktop.systemd1 exited with status 1
{"trial": "N2-022-modal-COMP-nw2-r02", "outcome": "verified", "oracle_exact_match": true, "completion_mutations": 1, "takeover_envelope": null, "old_binding_envelope": null, "decoy_connections": null, "marker_in_fresh_snapshot": true, "nw2_stale_envelope": {"is_error": false, "status": null, "effect": "refused", "code": "browser_ref_stale"}, "nw2_mutations_from_stale_action": 0, "error_leaves": null}
dbus-daemon[1276276]: [session uid=1000 pid=1276276 pidfd=4] Activating service name='org.freedesktop.systemd1' requested by ':1.4' (uid=1000 pid=1276535 comm="/usr/bin/dbus-broker-launch --config-file=/usr/sha")
dbus-daemon[1276276]: [session uid=1000 pid=1276276 pidfd=4] Activated service 'org.freedesktop.systemd1' failed: Process org.freedesktop.systemd1 exited with status 1
dbus-daemon[1276276]: [session uid=1000 pid=1276276 pidfd=4] Activating service name='org.freedesktop.systemd1' requested by ':1.4' (uid=1000 pid=1276535 comm="/usr/bin/dbus-broker-launch --config-file=/usr/sha")
dbus-daemon[1276276]: [session uid=1000 pid=1276276 pidfd=4] Activated service 'org.freedesktop.systemd1' failed: Process org.freedesktop.systemd1 exited with status 1
dbus-daemon[1276276]: [session uid=1000 pid=1276276 pidfd=4] Activating service name='org.freedesktop.systemd1' requested by ':1.4' (uid=1000 pid=1276535 comm="/usr/bin/dbus-broker-launch --config-file=/usr/sha")
dbus-daemon[1276276]: [session uid=1000 pid=1276276 pidfd=4] Activated service 'org.freedesktop.systemd1' failed: Process org.freedesktop.systemd1 exited with status 1
{"trial": "N2-023-fill-COMP-nw2-r03", "outcome": "verified", "oracle_exact_match": true, "completion_mutations": 1, "takeover_envelope": null, "old_binding_envelope": null, "decoy_connections": null, "marker_in_fresh_snapshot": true, "nw2_stale_envelope": {"is_error": false, "status": null, "effect": "refused", "code": "browser_ref_stale"}, "nw2_mutations_from_stale_action": 0, "error_leaves": null}
dbus-daemon[1276276]: [session uid=1000 pid=1276276 pidfd=4] Activating service name='org.freedesktop.systemd1' requested by ':1.4' (uid=1000 pid=1276535 comm="/usr/bin/dbus-broker-launch --config-file=/usr/sha")
dbus-daemon[1276276]: [session uid=1000 pid=1276276 pidfd=4] Activated service 'org.freedesktop.systemd1' failed: Process org.freedesktop.systemd1 exited with status 1
dbus-daemon[1276276]: [session uid=1000 pid=1276276 pidfd=4] Activating service name='org.freedesktop.systemd1' requested by ':1.4' (uid=1000 pid=1276535 comm="/usr/bin/dbus-broker-launch --config-file=/usr/sha")
dbus-daemon[1276276]: [session uid=1000 pid=1276276 pidfd=4] Activated service 'org.freedesktop.systemd1' failed: Process org.freedesktop.systemd1 exited with status 1
dbus-daemon[1276276]: [session uid=1000 pid=1276276 pidfd=4] Activating service name='org.freedesktop.systemd1' requested by ':1.4' (uid=1000 pid=1276535 comm="/usr/bin/dbus-broker-launch --config-file=/usr/sha")
dbus-daemon[1276276]: [session uid=1000 pid=1276276 pidfd=4] Activated service 'org.freedesktop.systemd1' failed: Process org.freedesktop.systemd1 exited with status 1
{"trial": "N2-024-toggle-COMP-nw2-r04", "outcome": "verified", "oracle_exact_match": true, "completion_mutations": 1, "takeover_envelope": null, "old_binding_envelope": null, "decoy_connections": null, "marker_in_fresh_snapshot": true, "nw2_stale_envelope": {"is_error": false, "status": null, "effect": "refused", "code": "browser_ref_stale"}, "nw2_mutations_from_stale_action": 0, "error_leaves": null}
A connection to the bus can't be made
CRITICAL: [dbus_cb_name_lost:1438] Cannot connect to DBus.
[session] exit rc=0 run_dir=<lane-tmp>/x11-session.kFjx1c
[2026-10-02T19:52:59.709Z] chunk r2-10-N2 rc=0 loadavg=6.28 5.59 5.39
