[2026-10-02T17:58:01.578Z] chunk r2-10-p0b-c1-U mode=shared atspi=0 live=0 loadavg=12.80 12.64 12.95
[session] DISPLAY=:101 openbox=438763 picom=438764 dbus=unix:path=<tmp>/dbus-...,guid=063659ac0b6bc403433a4c3a6abff0ac
[r2-10] display=:101 xdg_runtime_private=yes key=absent loadavg=12.65 12.62 12.94 atspi=0
{"event": "validity", "ok": true, "display": ":101"}
dbus-daemon[438760]: [session uid=1000 pid=438760 pidfd=5] Activating service name='org.a11y.Bus' requested by ':1.0' (uid=1000 pid=438966 comm="<lanes>/bin/cua-driver-b0")
dbus-daemon[438760]: [session uid=1000 pid=438760 pidfd=5] Successfully activated service 'org.a11y.Bus'
dbus-daemon[438760]: [session uid=1000 pid=438760 pidfd=5] Activating service name='ca.desrt.dconf' requested by ':1.1' (uid=1000 pid=438973 comm="/usr/lib/at-spi-bus-launcher")
dbus-daemon[438760]: [session uid=1000 pid=438760 pidfd=5] Successfully activated service 'ca.desrt.dconf'
dbus-daemon[438760]: [session uid=1000 pid=438760 pidfd=5] Activating service name='org.freedesktop.systemd1' requested by ':1.4' (uid=1000 pid=438990 comm="/usr/bin/dbus-broker-launch --config-file=/usr/sha")
dbus-daemon[438760]: [session uid=1000 pid=438760 pidfd=5] Activated service 'org.freedesktop.systemd1' failed: Process org.freedesktop.systemd1 exited with status 1
dbus-daemon[438760]: [session uid=1000 pid=438760 pidfd=5] Activating service name='org.gtk.vfs.Daemon' requested by ':1.5' (uid=1000 pid=439047 comm="/opt/google/chrome/chrome --remote-debugging-port=")
dbus-daemon[438760]: [session uid=1000 pid=438760 pidfd=5] Successfully activated service 'org.gtk.vfs.Daemon'
fusermount3: mount failed: Operation not permitted
dbus-daemon[438760]: [session uid=1000 pid=438760 pidfd=5] Activating service name='org.freedesktop.systemd1' requested by ':1.4' (uid=1000 pid=438990 comm="/usr/bin/dbus-broker-launch --config-file=/usr/sha")
dbus-daemon[438760]: [session uid=1000 pid=438760 pidfd=5] Activated service 'org.freedesktop.systemd1' failed: Process org.freedesktop.systemd1 exited with status 1
dbus-daemon[438760]: [session uid=1000 pid=438760 pidfd=5] Activating service name='org.freedesktop.systemd1' requested by ':1.4' (uid=1000 pid=438990 comm="/usr/bin/dbus-broker-launch --config-file=/usr/sha")
dbus-daemon[438760]: [session uid=1000 pid=438760 pidfd=5] Activated service 'org.freedesktop.systemd1' failed: Process org.freedesktop.systemd1 exited with status 1
dbus-daemon[438760]: [session uid=1000 pid=438760 pidfd=5] Activating service name='org.freedesktop.Notifications' requested by ':1.7' (uid=1000 pid=439047 comm="/opt/google/chrome/chrome --remote-debugging-port=")
dbus-daemon[438760]: [session uid=1000 pid=438760 pidfd=5] Activating service name='org.freedesktop.portal.Desktop' requested by ':1.7' (uid=1000 pid=439047 comm="/opt/google/chrome/chrome --remote-debugging-port=")
dbus-daemon[438760]: [session uid=1000 pid=438760 pidfd=5] Activating service name='org.freedesktop.impl.portal.PermissionStore' requested by ':1.9' (uid=1000 pid=439318 comm="/usr/lib/xdg-desktop-portal")
dbus-daemon[438760]: [session uid=1000 pid=438760 pidfd=5] Successfully activated service 'org.freedesktop.impl.portal.PermissionStore'
dbus-daemon[438760]: [session uid=1000 pid=438760 pidfd=5] Successfully activated service 'org.freedesktop.Notifications'
dbus-daemon[438760]: [session uid=1000 pid=438760 pidfd=5] Activating service name='org.freedesktop.portal.Documents' requested by ':1.9' (uid=1000 pid=439318 comm="/usr/lib/xdg-desktop-portal")
dbus-daemon[438760]: [session uid=1000 pid=438760 pidfd=5] Successfully activated service 'org.freedesktop.portal.Documents'
fusermount3: mount failed: Operation not permitted
error: fuse init failed: Can't mount path <lane-tmp>/x11-session.aN5HEp/xdg-runtime/doc


dbus-daemon[438760]: [session uid=1000 pid=438760 pidfd=5] Activating service name='org.freedesktop.impl.portal.desktop.gtk' requested by ':1.9' (uid=1000 pid=439318 comm="/usr/lib/xdg-desktop-portal")
dbus-daemon[438760]: [session uid=1000 pid=438760 pidfd=5] Activating service name='org.freedesktop.systemd1' requested by ':1.4' (uid=1000 pid=438990 comm="/usr/bin/dbus-broker-launch --config-file=/usr/sha")
dbus-daemon[438760]: [session uid=1000 pid=438760 pidfd=5] Activated service 'org.freedesktop.systemd1' failed: Process org.freedesktop.systemd1 exited with status 1
dbus-daemon[438760]: [session uid=1000 pid=438760 pidfd=5] Successfully activated service 'org.freedesktop.impl.portal.desktop.gtk'


dbus-daemon[438760]: [session uid=1000 pid=438760 pidfd=5] Activating service name='org.freedesktop.systemd1' requested by ':1.4' (uid=1000 pid=438990 comm="/usr/bin/dbus-broker-launch --config-file=/usr/sha")

dbus-daemon[438760]: [session uid=1000 pid=438760 pidfd=5] Activated service 'org.freedesktop.systemd1' failed: Process org.freedesktop.systemd1 exited with status 1












dbus-daemon[438760]: [session uid=1000 pid=438760 pidfd=5] Successfully activated service 'org.freedesktop.portal.Desktop'
{"event": "cell", "id": "c1-c1-U-rep1", "outcome": "unknown", "verified": false, "first": "accepted", "code": null, "dup": 0}
dbus-daemon[438760]: [session uid=1000 pid=438760 pidfd=5] Activating service name='org.freedesktop.systemd1' requested by ':1.4' (uid=1000 pid=438990 comm="/usr/bin/dbus-broker-launch --config-file=/usr/sha")
dbus-daemon[438760]: [session uid=1000 pid=438760 pidfd=5] Activated service 'org.freedesktop.systemd1' failed: Process org.freedesktop.systemd1 exited with status 1
dbus-daemon[438760]: [session uid=1000 pid=438760 pidfd=5] Activating service name='org.freedesktop.systemd1' requested by ':1.4' (uid=1000 pid=438990 comm="/usr/bin/dbus-broker-launch --config-file=/usr/sha")
dbus-daemon[438760]: [session uid=1000 pid=438760 pidfd=5] Activated service 'org.freedesktop.systemd1' failed: Process org.freedesktop.systemd1 exited with status 1
dbus-daemon[438760]: [session uid=1000 pid=438760 pidfd=5] Activating service name='org.freedesktop.systemd1' requested by ':1.4' (uid=1000 pid=438990 comm="/usr/bin/dbus-broker-launch --config-file=/usr/sha")
dbus-daemon[438760]: [session uid=1000 pid=438760 pidfd=5] Activated service 'org.freedesktop.systemd1' failed: Process org.freedesktop.systemd1 exited with status 1
{"event": "cell", "id": "c1-c1-U-rep2", "outcome": "unknown", "verified": false, "first": "accepted", "code": null, "dup": 0}
dbus-daemon[438760]: [session uid=1000 pid=438760 pidfd=5] Activating service name='org.freedesktop.systemd1' requested by ':1.4' (uid=1000 pid=438990 comm="/usr/bin/dbus-broker-launch --config-file=/usr/sha")
dbus-daemon[438760]: [session uid=1000 pid=438760 pidfd=5] Activated service 'org.freedesktop.systemd1' failed: Process org.freedesktop.systemd1 exited with status 1
dbus-daemon[438760]: [session uid=1000 pid=438760 pidfd=5] Activating service name='org.freedesktop.systemd1' requested by ':1.4' (uid=1000 pid=438990 comm="/usr/bin/dbus-broker-launch --config-file=/usr/sha")
dbus-daemon[438760]: [session uid=1000 pid=438760 pidfd=5] Activated service 'org.freedesktop.systemd1' failed: Process org.freedesktop.systemd1 exited with status 1
dbus-daemon[438760]: [session uid=1000 pid=438760 pidfd=5] Activating service name='org.freedesktop.systemd1' requested by ':1.4' (uid=1000 pid=438990 comm="/usr/bin/dbus-broker-launch --config-file=/usr/sha")
dbus-daemon[438760]: [session uid=1000 pid=438760 pidfd=5] Activated service 'org.freedesktop.systemd1' failed: Process org.freedesktop.systemd1 exited with status 1
{"event": "cell", "id": "c1-c1-U-rep3", "outcome": "unknown", "verified": false, "first": "accepted", "code": null, "dup": 0}
dbus-daemon[438760]: [session uid=1000 pid=438760 pidfd=5] Activating service name='org.freedesktop.systemd1' requested by ':1.4' (uid=1000 pid=438990 comm="/usr/bin/dbus-broker-launch --config-file=/usr/sha")
dbus-daemon[438760]: [session uid=1000 pid=438760 pidfd=5] Activated service 'org.freedesktop.systemd1' failed: Process org.freedesktop.systemd1 exited with status 1
dbus-daemon[438760]: [session uid=1000 pid=438760 pidfd=5] Activating service name='org.freedesktop.systemd1' requested by ':1.4' (uid=1000 pid=438990 comm="/usr/bin/dbus-broker-launch --config-file=/usr/sha")
dbus-daemon[438760]: [session uid=1000 pid=438760 pidfd=5] Activated service 'org.freedesktop.systemd1' failed: Process org.freedesktop.systemd1 exited with status 1
dbus-daemon[438760]: [session uid=1000 pid=438760 pidfd=5] Activating service name='org.freedesktop.systemd1' requested by ':1.4' (uid=1000 pid=438990 comm="/usr/bin/dbus-broker-launch --config-file=/usr/sha")
dbus-daemon[438760]: [session uid=1000 pid=438760 pidfd=5] Activated service 'org.freedesktop.systemd1' failed: Process org.freedesktop.systemd1 exited with status 1
{"event": "cell", "id": "c1-c1-U-rep4", "outcome": "unknown", "verified": false, "first": "accepted", "code": null, "dup": 0}
dbus-daemon[438760]: [session uid=1000 pid=438760 pidfd=5] Activating service name='org.freedesktop.systemd1' requested by ':1.4' (uid=1000 pid=438990 comm="/usr/bin/dbus-broker-launch --config-file=/usr/sha")
dbus-daemon[438760]: [session uid=1000 pid=438760 pidfd=5] Activated service 'org.freedesktop.systemd1' failed: Process org.freedesktop.systemd1 exited with status 1
dbus-daemon[438760]: [session uid=1000 pid=438760 pidfd=5] Activating service name='org.freedesktop.systemd1' requested by ':1.4' (uid=1000 pid=438990 comm="/usr/bin/dbus-broker-launch --config-file=/usr/sha")
dbus-daemon[438760]: [session uid=1000 pid=438760 pidfd=5] Activated service 'org.freedesktop.systemd1' failed: Process org.freedesktop.systemd1 exited with status 1
dbus-daemon[438760]: [session uid=1000 pid=438760 pidfd=5] Activating service name='org.freedesktop.systemd1' requested by ':1.4' (uid=1000 pid=438990 comm="/usr/bin/dbus-broker-launch --config-file=/usr/sha")
dbus-daemon[438760]: [session uid=1000 pid=438760 pidfd=5] Activated service 'org.freedesktop.systemd1' failed: Process org.freedesktop.systemd1 exited with status 1
{"event": "cell", "id": "c1-c1-U-rep5", "outcome": "unknown", "verified": false, "first": "accepted", "code": null, "dup": 0}
A connection to the bus can't be made
CRITICAL: [dbus_cb_name_lost:1438] Cannot connect to DBus.
[session] exit rc=0 run_dir=<lane-tmp>/x11-session.aN5HEp
[2026-10-02T17:58:34.838Z] chunk r2-10-p0b-c1-U rc=0 loadavg=14.07 12.96 13.04
