[2026-10-02T17:55:02.590Z] chunk r2-10-p0b-c1-R mode=shared atspi=0 live=0 loadavg=13.81 13.18 13.19
[session] DISPLAY=:100 openbox=422213 picom=422216 dbus=unix:path=<tmp>/dbus-...,guid=2bc19ef9edc21fbf92766cfb6abff068
[r2-10] display=:100 xdg_runtime_private=yes key=absent loadavg=10.63 12.20 12.83 atspi=0
{"event": "validity", "ok": true, "display": ":100"}
dbus-daemon[422206]: [session uid=1000 pid=422206 pidfd=5] Activating service name='org.a11y.Bus' requested by ':1.0' (uid=1000 pid=422373 comm="<lanes>/bin/cua-driver-r2")
dbus-daemon[422206]: [session uid=1000 pid=422206 pidfd=5] Successfully activated service 'org.a11y.Bus'
dbus-daemon[422206]: [session uid=1000 pid=422206 pidfd=5] Activating service name='ca.desrt.dconf' requested by ':1.1' (uid=1000 pid=422392 comm="/usr/lib/at-spi-bus-launcher")
dbus-daemon[422206]: [session uid=1000 pid=422206 pidfd=5] Successfully activated service 'ca.desrt.dconf'
dbus-daemon[422206]: [session uid=1000 pid=422206 pidfd=5] Activating service name='org.freedesktop.systemd1' requested by ':1.4' (uid=1000 pid=422412 comm="/usr/bin/dbus-broker-launch --config-file=/usr/sha")
dbus-daemon[422206]: [session uid=1000 pid=422206 pidfd=5] Activated service 'org.freedesktop.systemd1' failed: Process org.freedesktop.systemd1 exited with status 1
dbus-daemon[422206]: [session uid=1000 pid=422206 pidfd=5] Activating service name='org.gtk.vfs.Daemon' requested by ':1.5' (uid=1000 pid=422460 comm="/opt/google/chrome/chrome --remote-debugging-port=")
dbus-daemon[422206]: [session uid=1000 pid=422206 pidfd=5] Successfully activated service 'org.gtk.vfs.Daemon'
fusermount3: mount failed: Operation not permitted
dbus-daemon[422206]: [session uid=1000 pid=422206 pidfd=5] Activating service name='org.freedesktop.systemd1' requested by ':1.4' (uid=1000 pid=422412 comm="/usr/bin/dbus-broker-launch --config-file=/usr/sha")
dbus-daemon[422206]: [session uid=1000 pid=422206 pidfd=5] Activated service 'org.freedesktop.systemd1' failed: Process org.freedesktop.systemd1 exited with status 1
dbus-daemon[422206]: [session uid=1000 pid=422206 pidfd=5] Activating service name='org.freedesktop.systemd1' requested by ':1.4' (uid=1000 pid=422412 comm="/usr/bin/dbus-broker-launch --config-file=/usr/sha")
dbus-daemon[422206]: [session uid=1000 pid=422206 pidfd=5] Activated service 'org.freedesktop.systemd1' failed: Process org.freedesktop.systemd1 exited with status 1
dbus-daemon[422206]: [session uid=1000 pid=422206 pidfd=5] Activating service name='org.freedesktop.Notifications' requested by ':1.7' (uid=1000 pid=422460 comm="/opt/google/chrome/chrome --remote-debugging-port=")
dbus-daemon[422206]: [session uid=1000 pid=422206 pidfd=5] Activating service name='org.freedesktop.portal.Desktop' requested by ':1.7' (uid=1000 pid=422460 comm="/opt/google/chrome/chrome --remote-debugging-port=")
dbus-daemon[422206]: [session uid=1000 pid=422206 pidfd=5] Successfully activated service 'org.freedesktop.Notifications'
dbus-daemon[422206]: [session uid=1000 pid=422206 pidfd=5] Activating service name='org.freedesktop.impl.portal.PermissionStore' requested by ':1.9' (uid=1000 pid=422657 comm="/usr/lib/xdg-desktop-portal")
dbus-daemon[422206]: [session uid=1000 pid=422206 pidfd=5] Successfully activated service 'org.freedesktop.impl.portal.PermissionStore'
dbus-daemon[422206]: [session uid=1000 pid=422206 pidfd=5] Activating service name='org.freedesktop.portal.Documents' requested by ':1.9' (uid=1000 pid=422657 comm="/usr/lib/xdg-desktop-portal")
dbus-daemon[422206]: [session uid=1000 pid=422206 pidfd=5] Successfully activated service 'org.freedesktop.portal.Documents'
fusermount3: mount failed: Operation not permitted
error: fuse init failed: Can't mount path <lane-tmp>/x11-session.QVULFk/xdg-runtime/doc


dbus-daemon[422206]: [session uid=1000 pid=422206 pidfd=5] Activating service name='org.freedesktop.impl.portal.desktop.gtk' requested by ':1.9' (uid=1000 pid=422657 comm="/usr/lib/xdg-desktop-portal")
dbus-daemon[422206]: [session uid=1000 pid=422206 pidfd=5] Activating service name='org.freedesktop.systemd1' requested by ':1.4' (uid=1000 pid=422412 comm="/usr/bin/dbus-broker-launch --config-file=/usr/sha")
dbus-daemon[422206]: [session uid=1000 pid=422206 pidfd=5] Activated service 'org.freedesktop.systemd1' failed: Process org.freedesktop.systemd1 exited with status 1
dbus-daemon[422206]: [session uid=1000 pid=422206 pidfd=5] Successfully activated service 'org.freedesktop.impl.portal.desktop.gtk'


dbus-daemon[422206]: [session uid=1000 pid=422206 pidfd=5] Activating service name='org.freedesktop.systemd1' requested by ':1.4' (uid=1000 pid=422412 comm="/usr/bin/dbus-broker-launch --config-file=/usr/sha")

dbus-daemon[422206]: [session uid=1000 pid=422206 pidfd=5] Activated service 'org.freedesktop.systemd1' failed: Process org.freedesktop.systemd1 exited with status 1












dbus-daemon[422206]: [session uid=1000 pid=422206 pidfd=5] Successfully activated service 'org.freedesktop.portal.Desktop'
{"event": "cell", "id": "c1-c1-F-rep1", "outcome": "verified", "verified": true, "first": "refused", "code": "browser_ref_stale", "dup": 0}
dbus-daemon[422206]: [session uid=1000 pid=422206 pidfd=5] Activating service name='org.freedesktop.systemd1' requested by ':1.4' (uid=1000 pid=422412 comm="/usr/bin/dbus-broker-launch --config-file=/usr/sha")
dbus-daemon[422206]: [session uid=1000 pid=422206 pidfd=5] Activated service 'org.freedesktop.systemd1' failed: Process org.freedesktop.systemd1 exited with status 1
dbus-daemon[422206]: [session uid=1000 pid=422206 pidfd=5] Activating service name='org.freedesktop.systemd1' requested by ':1.4' (uid=1000 pid=422412 comm="/usr/bin/dbus-broker-launch --config-file=/usr/sha")
dbus-daemon[422206]: [session uid=1000 pid=422206 pidfd=5] Activated service 'org.freedesktop.systemd1' failed: Process org.freedesktop.systemd1 exited with status 1
dbus-daemon[422206]: [session uid=1000 pid=422206 pidfd=5] Activating service name='org.freedesktop.systemd1' requested by ':1.4' (uid=1000 pid=422412 comm="/usr/bin/dbus-broker-launch --config-file=/usr/sha")
dbus-daemon[422206]: [session uid=1000 pid=422206 pidfd=5] Activated service 'org.freedesktop.systemd1' failed: Process org.freedesktop.systemd1 exited with status 1
{"event": "cell", "id": "c1-c1-F-rep2", "outcome": "verified", "verified": true, "first": "refused", "code": "browser_ref_stale", "dup": 0}
dbus-daemon[422206]: [session uid=1000 pid=422206 pidfd=5] Activating service name='org.freedesktop.systemd1' requested by ':1.4' (uid=1000 pid=422412 comm="/usr/bin/dbus-broker-launch --config-file=/usr/sha")
dbus-daemon[422206]: [session uid=1000 pid=422206 pidfd=5] Activated service 'org.freedesktop.systemd1' failed: Process org.freedesktop.systemd1 exited with status 1
dbus-daemon[422206]: [session uid=1000 pid=422206 pidfd=5] Activating service name='org.freedesktop.systemd1' requested by ':1.4' (uid=1000 pid=422412 comm="/usr/bin/dbus-broker-launch --config-file=/usr/sha")
dbus-daemon[422206]: [session uid=1000 pid=422206 pidfd=5] Activated service 'org.freedesktop.systemd1' failed: Process org.freedesktop.systemd1 exited with status 1
dbus-daemon[422206]: [session uid=1000 pid=422206 pidfd=5] Activating service name='org.freedesktop.systemd1' requested by ':1.4' (uid=1000 pid=422412 comm="/usr/bin/dbus-broker-launch --config-file=/usr/sha")
dbus-daemon[422206]: [session uid=1000 pid=422206 pidfd=5] Activated service 'org.freedesktop.systemd1' failed: Process org.freedesktop.systemd1 exited with status 1
{"event": "cell", "id": "c1-c1-F-rep3", "outcome": "verified", "verified": true, "first": "refused", "code": "browser_ref_stale", "dup": 0}
dbus-daemon[422206]: [session uid=1000 pid=422206 pidfd=5] Activating service name='org.freedesktop.systemd1' requested by ':1.4' (uid=1000 pid=422412 comm="/usr/bin/dbus-broker-launch --config-file=/usr/sha")
dbus-daemon[422206]: [session uid=1000 pid=422206 pidfd=5] Activated service 'org.freedesktop.systemd1' failed: Process org.freedesktop.systemd1 exited with status 1
dbus-daemon[422206]: [session uid=1000 pid=422206 pidfd=5] Activating service name='org.freedesktop.systemd1' requested by ':1.4' (uid=1000 pid=422412 comm="/usr/bin/dbus-broker-launch --config-file=/usr/sha")
dbus-daemon[422206]: [session uid=1000 pid=422206 pidfd=5] Activated service 'org.freedesktop.systemd1' failed: Process org.freedesktop.systemd1 exited with status 1
dbus-daemon[422206]: [session uid=1000 pid=422206 pidfd=5] Activating service name='org.freedesktop.systemd1' requested by ':1.4' (uid=1000 pid=422412 comm="/usr/bin/dbus-broker-launch --config-file=/usr/sha")
dbus-daemon[422206]: [session uid=1000 pid=422206 pidfd=5] Activated service 'org.freedesktop.systemd1' failed: Process org.freedesktop.systemd1 exited with status 1
{"event": "cell", "id": "c1-c1-F-rep4", "outcome": "verified", "verified": true, "first": "refused", "code": "browser_ref_stale", "dup": 0}
dbus-daemon[422206]: [session uid=1000 pid=422206 pidfd=5] Activating service name='org.freedesktop.systemd1' requested by ':1.4' (uid=1000 pid=422412 comm="/usr/bin/dbus-broker-launch --config-file=/usr/sha")
dbus-daemon[422206]: [session uid=1000 pid=422206 pidfd=5] Activated service 'org.freedesktop.systemd1' failed: Process org.freedesktop.systemd1 exited with status 1
dbus-daemon[422206]: [session uid=1000 pid=422206 pidfd=5] Activating service name='org.freedesktop.systemd1' requested by ':1.4' (uid=1000 pid=422412 comm="/usr/bin/dbus-broker-launch --config-file=/usr/sha")
dbus-daemon[422206]: [session uid=1000 pid=422206 pidfd=5] Activated service 'org.freedesktop.systemd1' failed: Process org.freedesktop.systemd1 exited with status 1
dbus-daemon[422206]: [session uid=1000 pid=422206 pidfd=5] Activating service name='org.freedesktop.systemd1' requested by ':1.4' (uid=1000 pid=422412 comm="/usr/bin/dbus-broker-launch --config-file=/usr/sha")
dbus-daemon[422206]: [session uid=1000 pid=422206 pidfd=5] Activated service 'org.freedesktop.systemd1' failed: Process org.freedesktop.systemd1 exited with status 1
{"event": "cell", "id": "c1-c1-F-rep5", "outcome": "verified", "verified": true, "first": "refused", "code": "browser_ref_stale", "dup": 0}
dbus-daemon[422206]: [session uid=1000 pid=422206 pidfd=5] Activating service name='org.freedesktop.systemd1' requested by ':1.4' (uid=1000 pid=422412 comm="/usr/bin/dbus-broker-launch --config-file=/usr/sha")
dbus-daemon[422206]: [session uid=1000 pid=422206 pidfd=5] Activated service 'org.freedesktop.systemd1' failed: Process org.freedesktop.systemd1 exited with status 1
dbus-daemon[422206]: [session uid=1000 pid=422206 pidfd=5] Activating service name='org.freedesktop.systemd1' requested by ':1.4' (uid=1000 pid=422412 comm="/usr/bin/dbus-broker-launch --config-file=/usr/sha")
dbus-daemon[422206]: [session uid=1000 pid=422206 pidfd=5] Activated service 'org.freedesktop.systemd1' failed: Process org.freedesktop.systemd1 exited with status 1
dbus-daemon[422206]: [session uid=1000 pid=422206 pidfd=5] Activating service name='org.freedesktop.systemd1' requested by ':1.4' (uid=1000 pid=422412 comm="/usr/bin/dbus-broker-launch --config-file=/usr/sha")
dbus-daemon[422206]: [session uid=1000 pid=422206 pidfd=5] Activated service 'org.freedesktop.systemd1' failed: Process org.freedesktop.systemd1 exited with status 1
{"event": "cell", "id": "c1-c1-F-rep6", "outcome": "verified", "verified": true, "first": "refused", "code": "browser_ref_stale", "dup": 0}
dbus-daemon[422206]: [session uid=1000 pid=422206 pidfd=5] Activating service name='org.freedesktop.systemd1' requested by ':1.4' (uid=1000 pid=422412 comm="/usr/bin/dbus-broker-launch --config-file=/usr/sha")
dbus-daemon[422206]: [session uid=1000 pid=422206 pidfd=5] Activated service 'org.freedesktop.systemd1' failed: Process org.freedesktop.systemd1 exited with status 1
dbus-daemon[422206]: [session uid=1000 pid=422206 pidfd=5] Activating service name='org.freedesktop.systemd1' requested by ':1.4' (uid=1000 pid=422412 comm="/usr/bin/dbus-broker-launch --config-file=/usr/sha")
dbus-daemon[422206]: [session uid=1000 pid=422206 pidfd=5] Activated service 'org.freedesktop.systemd1' failed: Process org.freedesktop.systemd1 exited with status 1
dbus-daemon[422206]: [session uid=1000 pid=422206 pidfd=5] Activating service name='org.freedesktop.systemd1' requested by ':1.4' (uid=1000 pid=422412 comm="/usr/bin/dbus-broker-launch --config-file=/usr/sha")
dbus-daemon[422206]: [session uid=1000 pid=422206 pidfd=5] Activated service 'org.freedesktop.systemd1' failed: Process org.freedesktop.systemd1 exited with status 1
{"event": "cell", "id": "c1-c1-F-rep7", "outcome": "verified", "verified": true, "first": "refused", "code": "browser_ref_stale", "dup": 0}
dbus-daemon[422206]: [session uid=1000 pid=422206 pidfd=5] Activating service name='org.freedesktop.systemd1' requested by ':1.4' (uid=1000 pid=422412 comm="/usr/bin/dbus-broker-launch --config-file=/usr/sha")
dbus-daemon[422206]: [session uid=1000 pid=422206 pidfd=5] Activated service 'org.freedesktop.systemd1' failed: Process org.freedesktop.systemd1 exited with status 1
dbus-daemon[422206]: [session uid=1000 pid=422206 pidfd=5] Activating service name='org.freedesktop.systemd1' requested by ':1.4' (uid=1000 pid=422412 comm="/usr/bin/dbus-broker-launch --config-file=/usr/sha")
dbus-daemon[422206]: [session uid=1000 pid=422206 pidfd=5] Activated service 'org.freedesktop.systemd1' failed: Process org.freedesktop.systemd1 exited with status 1
dbus-daemon[422206]: [session uid=1000 pid=422206 pidfd=5] Activating service name='org.freedesktop.systemd1' requested by ':1.4' (uid=1000 pid=422412 comm="/usr/bin/dbus-broker-launch --config-file=/usr/sha")
dbus-daemon[422206]: [session uid=1000 pid=422206 pidfd=5] Activated service 'org.freedesktop.systemd1' failed: Process org.freedesktop.systemd1 exited with status 1
{"event": "cell", "id": "c1-c1-F-rep8", "outcome": "verified", "verified": true, "first": "refused", "code": "browser_ref_stale", "dup": 0}
dbus-daemon[422206]: [session uid=1000 pid=422206 pidfd=5] Activating service name='org.freedesktop.systemd1' requested by ':1.4' (uid=1000 pid=422412 comm="/usr/bin/dbus-broker-launch --config-file=/usr/sha")
dbus-daemon[422206]: [session uid=1000 pid=422206 pidfd=5] Activated service 'org.freedesktop.systemd1' failed: Process org.freedesktop.systemd1 exited with status 1
dbus-daemon[422206]: [session uid=1000 pid=422206 pidfd=5] Activating service name='org.freedesktop.systemd1' requested by ':1.4' (uid=1000 pid=422412 comm="/usr/bin/dbus-broker-launch --config-file=/usr/sha")
dbus-daemon[422206]: [session uid=1000 pid=422206 pidfd=5] Activated service 'org.freedesktop.systemd1' failed: Process org.freedesktop.systemd1 exited with status 1
dbus-daemon[422206]: [session uid=1000 pid=422206 pidfd=5] Activating service name='org.freedesktop.systemd1' requested by ':1.4' (uid=1000 pid=422412 comm="/usr/bin/dbus-broker-launch --config-file=/usr/sha")
dbus-daemon[422206]: [session uid=1000 pid=422206 pidfd=5] Activated service 'org.freedesktop.systemd1' failed: Process org.freedesktop.systemd1 exited with status 1
{"event": "cell", "id": "c1-c1-F-rep9", "outcome": "verified", "verified": true, "first": "refused", "code": "browser_ref_stale", "dup": 0}
dbus-daemon[422206]: [session uid=1000 pid=422206 pidfd=5] Activating service name='org.freedesktop.systemd1' requested by ':1.4' (uid=1000 pid=422412 comm="/usr/bin/dbus-broker-launch --config-file=/usr/sha")
dbus-daemon[422206]: [session uid=1000 pid=422206 pidfd=5] Activated service 'org.freedesktop.systemd1' failed: Process org.freedesktop.systemd1 exited with status 1
dbus-daemon[422206]: [session uid=1000 pid=422206 pidfd=5] Activating service name='org.freedesktop.systemd1' requested by ':1.4' (uid=1000 pid=422412 comm="/usr/bin/dbus-broker-launch --config-file=/usr/sha")
dbus-daemon[422206]: [session uid=1000 pid=422206 pidfd=5] Activated service 'org.freedesktop.systemd1' failed: Process org.freedesktop.systemd1 exited with status 1
dbus-daemon[422206]: [session uid=1000 pid=422206 pidfd=5] Activating service name='org.freedesktop.systemd1' requested by ':1.4' (uid=1000 pid=422412 comm="/usr/bin/dbus-broker-launch --config-file=/usr/sha")
dbus-daemon[422206]: [session uid=1000 pid=422206 pidfd=5] Activated service 'org.freedesktop.systemd1' failed: Process org.freedesktop.systemd1 exited with status 1
{"event": "cell", "id": "c1-c1-F-rep10", "outcome": "verified", "verified": true, "first": "refused", "code": "browser_ref_stale", "dup": 0}
dbus-daemon[422206]: [session uid=1000 pid=422206 pidfd=5] Activating service name='org.freedesktop.systemd1' requested by ':1.4' (uid=1000 pid=422412 comm="/usr/bin/dbus-broker-launch --config-file=/usr/sha")
dbus-daemon[422206]: [session uid=1000 pid=422206 pidfd=5] Activated service 'org.freedesktop.systemd1' failed: Process org.freedesktop.systemd1 exited with status 1
dbus-daemon[422206]: [session uid=1000 pid=422206 pidfd=5] Activating service name='org.freedesktop.systemd1' requested by ':1.4' (uid=1000 pid=422412 comm="/usr/bin/dbus-broker-launch --config-file=/usr/sha")
dbus-daemon[422206]: [session uid=1000 pid=422206 pidfd=5] Activated service 'org.freedesktop.systemd1' failed: Process org.freedesktop.systemd1 exited with status 1
dbus-daemon[422206]: [session uid=1000 pid=422206 pidfd=5] Activating service name='org.freedesktop.systemd1' requested by ':1.4' (uid=1000 pid=422412 comm="/usr/bin/dbus-broker-launch --config-file=/usr/sha")
dbus-daemon[422206]: [session uid=1000 pid=422206 pidfd=5] Activated service 'org.freedesktop.systemd1' failed: Process org.freedesktop.systemd1 exited with status 1
{"event": "cell", "id": "c1-c1-F-rep11", "outcome": "verified", "verified": true, "first": "refused", "code": "browser_ref_stale", "dup": 0}
dbus-daemon[422206]: [session uid=1000 pid=422206 pidfd=5] Activating service name='org.freedesktop.systemd1' requested by ':1.4' (uid=1000 pid=422412 comm="/usr/bin/dbus-broker-launch --config-file=/usr/sha")
dbus-daemon[422206]: [session uid=1000 pid=422206 pidfd=5] Activated service 'org.freedesktop.systemd1' failed: Process org.freedesktop.systemd1 exited with status 1
dbus-daemon[422206]: [session uid=1000 pid=422206 pidfd=5] Activating service name='org.freedesktop.systemd1' requested by ':1.4' (uid=1000 pid=422412 comm="/usr/bin/dbus-broker-launch --config-file=/usr/sha")
dbus-daemon[422206]: [session uid=1000 pid=422206 pidfd=5] Activated service 'org.freedesktop.systemd1' failed: Process org.freedesktop.systemd1 exited with status 1
dbus-daemon[422206]: [session uid=1000 pid=422206 pidfd=5] Activating service name='org.freedesktop.systemd1' requested by ':1.4' (uid=1000 pid=422412 comm="/usr/bin/dbus-broker-launch --config-file=/usr/sha")
dbus-daemon[422206]: [session uid=1000 pid=422206 pidfd=5] Activated service 'org.freedesktop.systemd1' failed: Process org.freedesktop.systemd1 exited with status 1
{"event": "cell", "id": "c1-c1-F-rep12", "outcome": "verified", "verified": true, "first": "refused", "code": "browser_ref_stale", "dup": 0}
dbus-daemon[422206]: [session uid=1000 pid=422206 pidfd=5] Activating service name='org.freedesktop.systemd1' requested by ':1.4' (uid=1000 pid=422412 comm="/usr/bin/dbus-broker-launch --config-file=/usr/sha")
dbus-daemon[422206]: [session uid=1000 pid=422206 pidfd=5] Activated service 'org.freedesktop.systemd1' failed: Process org.freedesktop.systemd1 exited with status 1
dbus-daemon[422206]: [session uid=1000 pid=422206 pidfd=5] Activating service name='org.freedesktop.systemd1' requested by ':1.4' (uid=1000 pid=422412 comm="/usr/bin/dbus-broker-launch --config-file=/usr/sha")
dbus-daemon[422206]: [session uid=1000 pid=422206 pidfd=5] Activated service 'org.freedesktop.systemd1' failed: Process org.freedesktop.systemd1 exited with status 1
dbus-daemon[422206]: [session uid=1000 pid=422206 pidfd=5] Activating service name='org.freedesktop.systemd1' requested by ':1.4' (uid=1000 pid=422412 comm="/usr/bin/dbus-broker-launch --config-file=/usr/sha")
dbus-daemon[422206]: [session uid=1000 pid=422206 pidfd=5] Activated service 'org.freedesktop.systemd1' failed: Process org.freedesktop.systemd1 exited with status 1
{"event": "cell", "id": "c1-c1-F-rep13", "outcome": "verified", "verified": true, "first": "refused", "code": "browser_ref_stale", "dup": 0}
dbus-daemon[422206]: [session uid=1000 pid=422206 pidfd=5] Activating service name='org.freedesktop.systemd1' requested by ':1.4' (uid=1000 pid=422412 comm="/usr/bin/dbus-broker-launch --config-file=/usr/sha")
dbus-daemon[422206]: [session uid=1000 pid=422206 pidfd=5] Activated service 'org.freedesktop.systemd1' failed: Process org.freedesktop.systemd1 exited with status 1
dbus-daemon[422206]: [session uid=1000 pid=422206 pidfd=5] Activating service name='org.freedesktop.systemd1' requested by ':1.4' (uid=1000 pid=422412 comm="/usr/bin/dbus-broker-launch --config-file=/usr/sha")
dbus-daemon[422206]: [session uid=1000 pid=422206 pidfd=5] Activated service 'org.freedesktop.systemd1' failed: Process org.freedesktop.systemd1 exited with status 1
dbus-daemon[422206]: [session uid=1000 pid=422206 pidfd=5] Activating service name='org.freedesktop.systemd1' requested by ':1.4' (uid=1000 pid=422412 comm="/usr/bin/dbus-broker-launch --config-file=/usr/sha")
dbus-daemon[422206]: [session uid=1000 pid=422206 pidfd=5] Activated service 'org.freedesktop.systemd1' failed: Process org.freedesktop.systemd1 exited with status 1
{"event": "cell", "id": "c1-c1-F-rep14", "outcome": "verified", "verified": true, "first": "refused", "code": "browser_ref_stale", "dup": 0}
dbus-daemon[422206]: [session uid=1000 pid=422206 pidfd=5] Activating service name='org.freedesktop.systemd1' requested by ':1.4' (uid=1000 pid=422412 comm="/usr/bin/dbus-broker-launch --config-file=/usr/sha")
dbus-daemon[422206]: [session uid=1000 pid=422206 pidfd=5] Activated service 'org.freedesktop.systemd1' failed: Process org.freedesktop.systemd1 exited with status 1
dbus-daemon[422206]: [session uid=1000 pid=422206 pidfd=5] Activating service name='org.freedesktop.systemd1' requested by ':1.4' (uid=1000 pid=422412 comm="/usr/bin/dbus-broker-launch --config-file=/usr/sha")
dbus-daemon[422206]: [session uid=1000 pid=422206 pidfd=5] Activated service 'org.freedesktop.systemd1' failed: Process org.freedesktop.systemd1 exited with status 1
dbus-daemon[422206]: [session uid=1000 pid=422206 pidfd=5] Activating service name='org.freedesktop.systemd1' requested by ':1.4' (uid=1000 pid=422412 comm="/usr/bin/dbus-broker-launch --config-file=/usr/sha")
dbus-daemon[422206]: [session uid=1000 pid=422206 pidfd=5] Activated service 'org.freedesktop.systemd1' failed: Process org.freedesktop.systemd1 exited with status 1
{"event": "cell", "id": "c1-c1-F-rep15", "outcome": "verified", "verified": true, "first": "refused", "code": "browser_ref_stale", "dup": 0}
dbus-daemon[422206]: [session uid=1000 pid=422206 pidfd=5] Activating service name='org.freedesktop.systemd1' requested by ':1.4' (uid=1000 pid=422412 comm="/usr/bin/dbus-broker-launch --config-file=/usr/sha")
dbus-daemon[422206]: [session uid=1000 pid=422206 pidfd=5] Activated service 'org.freedesktop.systemd1' failed: Process org.freedesktop.systemd1 exited with status 1
dbus-daemon[422206]: [session uid=1000 pid=422206 pidfd=5] Activating service name='org.freedesktop.systemd1' requested by ':1.4' (uid=1000 pid=422412 comm="/usr/bin/dbus-broker-launch --config-file=/usr/sha")
dbus-daemon[422206]: [session uid=1000 pid=422206 pidfd=5] Activated service 'org.freedesktop.systemd1' failed: Process org.freedesktop.systemd1 exited with status 1
dbus-daemon[422206]: [session uid=1000 pid=422206 pidfd=5] Activating service name='org.freedesktop.systemd1' requested by ':1.4' (uid=1000 pid=422412 comm="/usr/bin/dbus-broker-launch --config-file=/usr/sha")
dbus-daemon[422206]: [session uid=1000 pid=422206 pidfd=5] Activated service 'org.freedesktop.systemd1' failed: Process org.freedesktop.systemd1 exited with status 1
{"event": "cell", "id": "c1-c1-F-rep16", "outcome": "verified", "verified": true, "first": "refused", "code": "browser_ref_stale", "dup": 0}
dbus-daemon[422206]: [session uid=1000 pid=422206 pidfd=5] Activating service name='org.freedesktop.systemd1' requested by ':1.4' (uid=1000 pid=422412 comm="/usr/bin/dbus-broker-launch --config-file=/usr/sha")
dbus-daemon[422206]: [session uid=1000 pid=422206 pidfd=5] Activated service 'org.freedesktop.systemd1' failed: Process org.freedesktop.systemd1 exited with status 1
dbus-daemon[422206]: [session uid=1000 pid=422206 pidfd=5] Activating service name='org.freedesktop.systemd1' requested by ':1.4' (uid=1000 pid=422412 comm="/usr/bin/dbus-broker-launch --config-file=/usr/sha")
dbus-daemon[422206]: [session uid=1000 pid=422206 pidfd=5] Activated service 'org.freedesktop.systemd1' failed: Process org.freedesktop.systemd1 exited with status 1
dbus-daemon[422206]: [session uid=1000 pid=422206 pidfd=5] Activating service name='org.freedesktop.systemd1' requested by ':1.4' (uid=1000 pid=422412 comm="/usr/bin/dbus-broker-launch --config-file=/usr/sha")
dbus-daemon[422206]: [session uid=1000 pid=422206 pidfd=5] Activated service 'org.freedesktop.systemd1' failed: Process org.freedesktop.systemd1 exited with status 1
{"event": "cell", "id": "c1-c1-F-rep17", "outcome": "verified", "verified": true, "first": "refused", "code": "browser_ref_stale", "dup": 0}
dbus-daemon[422206]: [session uid=1000 pid=422206 pidfd=5] Activating service name='org.freedesktop.systemd1' requested by ':1.4' (uid=1000 pid=422412 comm="/usr/bin/dbus-broker-launch --config-file=/usr/sha")
dbus-daemon[422206]: [session uid=1000 pid=422206 pidfd=5] Activated service 'org.freedesktop.systemd1' failed: Process org.freedesktop.systemd1 exited with status 1
dbus-daemon[422206]: [session uid=1000 pid=422206 pidfd=5] Activating service name='org.freedesktop.systemd1' requested by ':1.4' (uid=1000 pid=422412 comm="/usr/bin/dbus-broker-launch --config-file=/usr/sha")
dbus-daemon[422206]: [session uid=1000 pid=422206 pidfd=5] Activated service 'org.freedesktop.systemd1' failed: Process org.freedesktop.systemd1 exited with status 1
dbus-daemon[422206]: [session uid=1000 pid=422206 pidfd=5] Activating service name='org.freedesktop.systemd1' requested by ':1.4' (uid=1000 pid=422412 comm="/usr/bin/dbus-broker-launch --config-file=/usr/sha")
dbus-daemon[422206]: [session uid=1000 pid=422206 pidfd=5] Activated service 'org.freedesktop.systemd1' failed: Process org.freedesktop.systemd1 exited with status 1
{"event": "cell", "id": "c1-c1-F-rep18", "outcome": "verified", "verified": true, "first": "refused", "code": "browser_ref_stale", "dup": 0}
dbus-daemon[422206]: [session uid=1000 pid=422206 pidfd=5] Activating service name='org.freedesktop.systemd1' requested by ':1.4' (uid=1000 pid=422412 comm="/usr/bin/dbus-broker-launch --config-file=/usr/sha")
dbus-daemon[422206]: [session uid=1000 pid=422206 pidfd=5] Activated service 'org.freedesktop.systemd1' failed: Process org.freedesktop.systemd1 exited with status 1
dbus-daemon[422206]: [session uid=1000 pid=422206 pidfd=5] Activating service name='org.freedesktop.systemd1' requested by ':1.4' (uid=1000 pid=422412 comm="/usr/bin/dbus-broker-launch --config-file=/usr/sha")
dbus-daemon[422206]: [session uid=1000 pid=422206 pidfd=5] Activated service 'org.freedesktop.systemd1' failed: Process org.freedesktop.systemd1 exited with status 1
dbus-daemon[422206]: [session uid=1000 pid=422206 pidfd=5] Activating service name='org.freedesktop.systemd1' requested by ':1.4' (uid=1000 pid=422412 comm="/usr/bin/dbus-broker-launch --config-file=/usr/sha")
dbus-daemon[422206]: [session uid=1000 pid=422206 pidfd=5] Activated service 'org.freedesktop.systemd1' failed: Process org.freedesktop.systemd1 exited with status 1
{"event": "cell", "id": "c1-c1-F-rep19", "outcome": "verified", "verified": true, "first": "refused", "code": "browser_ref_stale", "dup": 0}
dbus-daemon[422206]: [session uid=1000 pid=422206 pidfd=5] Activating service name='org.freedesktop.systemd1' requested by ':1.4' (uid=1000 pid=422412 comm="/usr/bin/dbus-broker-launch --config-file=/usr/sha")
dbus-daemon[422206]: [session uid=1000 pid=422206 pidfd=5] Activated service 'org.freedesktop.systemd1' failed: Process org.freedesktop.systemd1 exited with status 1
dbus-daemon[422206]: [session uid=1000 pid=422206 pidfd=5] Activating service name='org.freedesktop.systemd1' requested by ':1.4' (uid=1000 pid=422412 comm="/usr/bin/dbus-broker-launch --config-file=/usr/sha")
dbus-daemon[422206]: [session uid=1000 pid=422206 pidfd=5] Activated service 'org.freedesktop.systemd1' failed: Process org.freedesktop.systemd1 exited with status 1
dbus-daemon[422206]: [session uid=1000 pid=422206 pidfd=5] Activating service name='org.freedesktop.systemd1' requested by ':1.4' (uid=1000 pid=422412 comm="/usr/bin/dbus-broker-launch --config-file=/usr/sha")
dbus-daemon[422206]: [session uid=1000 pid=422206 pidfd=5] Activated service 'org.freedesktop.systemd1' failed: Process org.freedesktop.systemd1 exited with status 1
{"event": "cell", "id": "c1-c1-F-rep20", "outcome": "verified", "verified": true, "first": "refused", "code": "browser_ref_stale", "dup": 0}
A connection to the bus can't be made
CRITICAL: [dbus_cb_name_lost:1438] Cannot connect to DBus.
X connection to :100 broken (explicit kill or server shutdown).
[session] exit rc=0 run_dir=<lane-tmp>/x11-session.QVULFk
[2026-10-02T17:57:40.386Z] chunk r2-10-p0b-c1-R rc=0 loadavg=12.60 12.61 12.95
