[2026-10-02T18:00:59.687Z] chunk r2-10-p0c-nw2-U mode=shared atspi=0 live=0 loadavg=15.61 13.46 13.17
[session] DISPLAY=:100 openbox=475367 picom=475368 dbus=unix:path=<tmp>/dbus-...,guid=54530de7003d85f2c54ac82a6abff15e
[r2-10] display=:100 xdg_runtime_private=yes key=absent loadavg=14.92 13.35 13.13 atspi=0
dbus-daemon[475365]: [session uid=1000 pid=475365 pidfd=5] Activating service name='org.a11y.Bus' requested by ':1.0' (uid=1000 pid=475744 comm="<lanes>/bin/cua-driver-b0")
dbus-daemon[475365]: [session uid=1000 pid=475365 pidfd=5] Successfully activated service 'org.a11y.Bus'
dbus-daemon[475365]: [session uid=1000 pid=475365 pidfd=5] Activating service name='ca.desrt.dconf' requested by ':1.1' (uid=1000 pid=475845 comm="/usr/lib/at-spi-bus-launcher")
dbus-daemon[475365]: [session uid=1000 pid=475365 pidfd=5] Successfully activated service 'ca.desrt.dconf'
dbus-daemon[475365]: [session uid=1000 pid=475365 pidfd=5] Activating service name='org.freedesktop.systemd1' requested by ':1.4' (uid=1000 pid=475863 comm="/usr/bin/dbus-broker-launch --config-file=/usr/sha")
dbus-daemon[475365]: [session uid=1000 pid=475365 pidfd=5] Activated service 'org.freedesktop.systemd1' failed: Process org.freedesktop.systemd1 exited with status 1
dbus-daemon[475365]: [session uid=1000 pid=475365 pidfd=5] Activating service name='org.gtk.vfs.Daemon' requested by ':1.5' (uid=1000 pid=475934 comm="/opt/google/chrome/chrome --remote-debugging-port=")
dbus-daemon[475365]: [session uid=1000 pid=475365 pidfd=5] Successfully activated service 'org.gtk.vfs.Daemon'
fusermount3: mount failed: Operation not permitted
dbus-daemon[475365]: [session uid=1000 pid=475365 pidfd=5] Activating service name='org.freedesktop.systemd1' requested by ':1.4' (uid=1000 pid=475863 comm="/usr/bin/dbus-broker-launch --config-file=/usr/sha")
dbus-daemon[475365]: [session uid=1000 pid=475365 pidfd=5] Activated service 'org.freedesktop.systemd1' failed: Process org.freedesktop.systemd1 exited with status 1
dbus-daemon[475365]: [session uid=1000 pid=475365 pidfd=5] Activating service name='org.freedesktop.systemd1' requested by ':1.4' (uid=1000 pid=475863 comm="/usr/bin/dbus-broker-launch --config-file=/usr/sha")
dbus-daemon[475365]: [session uid=1000 pid=475365 pidfd=5] Activated service 'org.freedesktop.systemd1' failed: Process org.freedesktop.systemd1 exited with status 1
dbus-daemon[475365]: [session uid=1000 pid=475365 pidfd=5] Activating service name='org.freedesktop.Notifications' requested by ':1.7' (uid=1000 pid=475934 comm="/opt/google/chrome/chrome --remote-debugging-port=")
dbus-daemon[475365]: [session uid=1000 pid=475365 pidfd=5] Activating service name='org.freedesktop.portal.Desktop' requested by ':1.7' (uid=1000 pid=475934 comm="/opt/google/chrome/chrome --remote-debugging-port=")
dbus-daemon[475365]: [session uid=1000 pid=475365 pidfd=5] Activating service name='org.freedesktop.impl.portal.PermissionStore' requested by ':1.9' (uid=1000 pid=476071 comm="/usr/lib/xdg-desktop-portal")
dbus-daemon[475365]: [session uid=1000 pid=475365 pidfd=5] Successfully activated service 'org.freedesktop.Notifications'
dbus-daemon[475365]: [session uid=1000 pid=475365 pidfd=5] Successfully activated service 'org.freedesktop.impl.portal.PermissionStore'
dbus-daemon[475365]: [session uid=1000 pid=475365 pidfd=5] Activating service name='org.freedesktop.portal.Documents' requested by ':1.9' (uid=1000 pid=476071 comm="/usr/lib/xdg-desktop-portal")
dbus-daemon[475365]: [session uid=1000 pid=475365 pidfd=5] Successfully activated service 'org.freedesktop.portal.Documents'
fusermount3: mount failed: Operation not permitted
error: fuse init failed: Can't mount path <lane-tmp>/x11-session.3GgXDW/xdg-runtime/doc


dbus-daemon[475365]: [session uid=1000 pid=475365 pidfd=5] Activating service name='org.freedesktop.impl.portal.desktop.gtk' requested by ':1.9' (uid=1000 pid=476071 comm="/usr/lib/xdg-desktop-portal")
dbus-daemon[475365]: [session uid=1000 pid=475365 pidfd=5] Activating service name='org.freedesktop.systemd1' requested by ':1.4' (uid=1000 pid=475863 comm="/usr/bin/dbus-broker-launch --config-file=/usr/sha")
dbus-daemon[475365]: [session uid=1000 pid=475365 pidfd=5] Activated service 'org.freedesktop.systemd1' failed: Process org.freedesktop.systemd1 exited with status 1
dbus-daemon[475365]: [session uid=1000 pid=475365 pidfd=5] Successfully activated service 'org.freedesktop.impl.portal.desktop.gtk'


dbus-daemon[475365]: [session uid=1000 pid=475365 pidfd=5] Activating service name='org.freedesktop.systemd1' requested by ':1.4' (uid=1000 pid=475863 comm="/usr/bin/dbus-broker-launch --config-file=/usr/sha")

dbus-daemon[475365]: [session uid=1000 pid=475365 pidfd=5] Activated service 'org.freedesktop.systemd1' failed: Process org.freedesktop.systemd1 exited with status 1












dbus-daemon[475365]: [session uid=1000 pid=475365 pidfd=5] Successfully activated service 'org.freedesktop.portal.Desktop'
{"trial": "CU000-toggle-K5-nw2gate-r00", "outcome": "verified", "oracle_exact_match": true, "completion_mutations": 1, "takeover_envelope": null, "old_binding_envelope": null, "decoy_connections": null, "marker_in_fresh_snapshot": true, "nw2_stale_envelope": {"is_error": false, "status": null, "effect": "unverifiable", "code": null}, "nw2_mutations_from_stale_action": 1, "error_leaves": null}
dbus-daemon[475365]: [session uid=1000 pid=475365 pidfd=5] Activating service name='org.freedesktop.systemd1' requested by ':1.4' (uid=1000 pid=475863 comm="/usr/bin/dbus-broker-launch --config-file=/usr/sha")
dbus-daemon[475365]: [session uid=1000 pid=475365 pidfd=5] Activated service 'org.freedesktop.systemd1' failed: Process org.freedesktop.systemd1 exited with status 1
dbus-daemon[475365]: [session uid=1000 pid=475365 pidfd=5] Activating service name='org.freedesktop.systemd1' requested by ':1.4' (uid=1000 pid=475863 comm="/usr/bin/dbus-broker-launch --config-file=/usr/sha")
dbus-daemon[475365]: [session uid=1000 pid=475365 pidfd=5] Activated service 'org.freedesktop.systemd1' failed: Process org.freedesktop.systemd1 exited with status 1
dbus-daemon[475365]: [session uid=1000 pid=475365 pidfd=5] Activating service name='org.freedesktop.systemd1' requested by ':1.4' (uid=1000 pid=475863 comm="/usr/bin/dbus-broker-launch --config-file=/usr/sha")
dbus-daemon[475365]: [session uid=1000 pid=475365 pidfd=5] Activated service 'org.freedesktop.systemd1' failed: Process org.freedesktop.systemd1 exited with status 1
{"trial": "CU001-modal-K5-nw2gate-r00", "outcome": "verified", "oracle_exact_match": true, "completion_mutations": 1, "takeover_envelope": null, "old_binding_envelope": null, "decoy_connections": null, "marker_in_fresh_snapshot": true, "nw2_stale_envelope": {"is_error": false, "status": null, "effect": "unverifiable", "code": null}, "nw2_mutations_from_stale_action": 1, "error_leaves": null}
dbus-daemon[475365]: [session uid=1000 pid=475365 pidfd=5] Activating service name='org.freedesktop.systemd1' requested by ':1.4' (uid=1000 pid=475863 comm="/usr/bin/dbus-broker-launch --config-file=/usr/sha")
dbus-daemon[475365]: [session uid=1000 pid=475365 pidfd=5] Activated service 'org.freedesktop.systemd1' failed: Process org.freedesktop.systemd1 exited with status 1
dbus-daemon[475365]: [session uid=1000 pid=475365 pidfd=5] Activating service name='org.freedesktop.systemd1' requested by ':1.4' (uid=1000 pid=475863 comm="/usr/bin/dbus-broker-launch --config-file=/usr/sha")
dbus-daemon[475365]: [session uid=1000 pid=475365 pidfd=5] Activated service 'org.freedesktop.systemd1' failed: Process org.freedesktop.systemd1 exited with status 1
dbus-daemon[475365]: [session uid=1000 pid=475365 pidfd=5] Activating service name='org.freedesktop.systemd1' requested by ':1.4' (uid=1000 pid=475863 comm="/usr/bin/dbus-broker-launch --config-file=/usr/sha")
dbus-daemon[475365]: [session uid=1000 pid=475365 pidfd=5] Activated service 'org.freedesktop.systemd1' failed: Process org.freedesktop.systemd1 exited with status 1
{"trial": "CU002-toggle-K5-nw2gate-r01", "outcome": "verified", "oracle_exact_match": true, "completion_mutations": 1, "takeover_envelope": null, "old_binding_envelope": null, "decoy_connections": null, "marker_in_fresh_snapshot": true, "nw2_stale_envelope": {"is_error": false, "status": null, "effect": "unverifiable", "code": null}, "nw2_mutations_from_stale_action": 1, "error_leaves": null}
dbus-daemon[475365]: [session uid=1000 pid=475365 pidfd=5] Activating service name='org.freedesktop.systemd1' requested by ':1.4' (uid=1000 pid=475863 comm="/usr/bin/dbus-broker-launch --config-file=/usr/sha")
dbus-daemon[475365]: [session uid=1000 pid=475365 pidfd=5] Activated service 'org.freedesktop.systemd1' failed: Process org.freedesktop.systemd1 exited with status 1
dbus-daemon[475365]: [session uid=1000 pid=475365 pidfd=5] Activating service name='org.freedesktop.systemd1' requested by ':1.4' (uid=1000 pid=475863 comm="/usr/bin/dbus-broker-launch --config-file=/usr/sha")
dbus-daemon[475365]: [session uid=1000 pid=475365 pidfd=5] Activated service 'org.freedesktop.systemd1' failed: Process org.freedesktop.systemd1 exited with status 1
dbus-daemon[475365]: [session uid=1000 pid=475365 pidfd=5] Activating service name='org.freedesktop.systemd1' requested by ':1.4' (uid=1000 pid=475863 comm="/usr/bin/dbus-broker-launch --config-file=/usr/sha")
dbus-daemon[475365]: [session uid=1000 pid=475365 pidfd=5] Activated service 'org.freedesktop.systemd1' failed: Process org.freedesktop.systemd1 exited with status 1
{"trial": "CU003-modal-K5-nw2gate-r01", "outcome": "verified", "oracle_exact_match": true, "completion_mutations": 1, "takeover_envelope": null, "old_binding_envelope": null, "decoy_connections": null, "marker_in_fresh_snapshot": true, "nw2_stale_envelope": {"is_error": false, "status": null, "effect": "unverifiable", "code": null}, "nw2_mutations_from_stale_action": 1, "error_leaves": null}
dbus-daemon[475365]: [session uid=1000 pid=475365 pidfd=5] Activating service name='org.freedesktop.systemd1' requested by ':1.4' (uid=1000 pid=475863 comm="/usr/bin/dbus-broker-launch --config-file=/usr/sha")
dbus-daemon[475365]: [session uid=1000 pid=475365 pidfd=5] Activated service 'org.freedesktop.systemd1' failed: Process org.freedesktop.systemd1 exited with status 1
dbus-daemon[475365]: [session uid=1000 pid=475365 pidfd=5] Activating service name='org.freedesktop.systemd1' requested by ':1.4' (uid=1000 pid=475863 comm="/usr/bin/dbus-broker-launch --config-file=/usr/sha")
dbus-daemon[475365]: [session uid=1000 pid=475365 pidfd=5] Activated service 'org.freedesktop.systemd1' failed: Process org.freedesktop.systemd1 exited with status 1
dbus-daemon[475365]: [session uid=1000 pid=475365 pidfd=5] Activating service name='org.freedesktop.systemd1' requested by ':1.4' (uid=1000 pid=475863 comm="/usr/bin/dbus-broker-launch --config-file=/usr/sha")
dbus-daemon[475365]: [session uid=1000 pid=475365 pidfd=5] Activated service 'org.freedesktop.systemd1' failed: Process org.freedesktop.systemd1 exited with status 1
{"trial": "CU004-toggle-K5-nw2gate-r02", "outcome": "verified", "oracle_exact_match": true, "completion_mutations": 1, "takeover_envelope": null, "old_binding_envelope": null, "decoy_connections": null, "marker_in_fresh_snapshot": true, "nw2_stale_envelope": {"is_error": false, "status": null, "effect": "unverifiable", "code": null}, "nw2_mutations_from_stale_action": 1, "error_leaves": null}
dbus-daemon[475365]: [session uid=1000 pid=475365 pidfd=5] Activating service name='org.freedesktop.systemd1' requested by ':1.4' (uid=1000 pid=475863 comm="/usr/bin/dbus-broker-launch --config-file=/usr/sha")
dbus-daemon[475365]: [session uid=1000 pid=475365 pidfd=5] Activated service 'org.freedesktop.systemd1' failed: Process org.freedesktop.systemd1 exited with status 1
dbus-daemon[475365]: [session uid=1000 pid=475365 pidfd=5] Activating service name='org.freedesktop.systemd1' requested by ':1.4' (uid=1000 pid=475863 comm="/usr/bin/dbus-broker-launch --config-file=/usr/sha")
dbus-daemon[475365]: [session uid=1000 pid=475365 pidfd=5] Activated service 'org.freedesktop.systemd1' failed: Process org.freedesktop.systemd1 exited with status 1
dbus-daemon[475365]: [session uid=1000 pid=475365 pidfd=5] Activating service name='org.freedesktop.systemd1' requested by ':1.4' (uid=1000 pid=475863 comm="/usr/bin/dbus-broker-launch --config-file=/usr/sha")
dbus-daemon[475365]: [session uid=1000 pid=475365 pidfd=5] Activated service 'org.freedesktop.systemd1' failed: Process org.freedesktop.systemd1 exited with status 1
{"trial": "CU005-modal-K5-nw2gate-r02", "outcome": "verified", "oracle_exact_match": true, "completion_mutations": 1, "takeover_envelope": null, "old_binding_envelope": null, "decoy_connections": null, "marker_in_fresh_snapshot": true, "nw2_stale_envelope": {"is_error": false, "status": null, "effect": "unverifiable", "code": null}, "nw2_mutations_from_stale_action": 1, "error_leaves": null}
dbus-daemon[475365]: [session uid=1000 pid=475365 pidfd=5] Activating service name='org.freedesktop.systemd1' requested by ':1.4' (uid=1000 pid=475863 comm="/usr/bin/dbus-broker-launch --config-file=/usr/sha")
dbus-daemon[475365]: [session uid=1000 pid=475365 pidfd=5] Activated service 'org.freedesktop.systemd1' failed: Process org.freedesktop.systemd1 exited with status 1
dbus-daemon[475365]: [session uid=1000 pid=475365 pidfd=5] Activating service name='org.freedesktop.systemd1' requested by ':1.4' (uid=1000 pid=475863 comm="/usr/bin/dbus-broker-launch --config-file=/usr/sha")
dbus-daemon[475365]: [session uid=1000 pid=475365 pidfd=5] Activated service 'org.freedesktop.systemd1' failed: Process org.freedesktop.systemd1 exited with status 1
dbus-daemon[475365]: [session uid=1000 pid=475365 pidfd=5] Activating service name='org.freedesktop.systemd1' requested by ':1.4' (uid=1000 pid=475863 comm="/usr/bin/dbus-broker-launch --config-file=/usr/sha")
dbus-daemon[475365]: [session uid=1000 pid=475365 pidfd=5] Activated service 'org.freedesktop.systemd1' failed: Process org.freedesktop.systemd1 exited with status 1
{"trial": "CU006-toggle-K5-nw2gate-r03", "outcome": "verified", "oracle_exact_match": true, "completion_mutations": 1, "takeover_envelope": null, "old_binding_envelope": null, "decoy_connections": null, "marker_in_fresh_snapshot": true, "nw2_stale_envelope": {"is_error": false, "status": null, "effect": "unverifiable", "code": null}, "nw2_mutations_from_stale_action": 1, "error_leaves": null}
dbus-daemon[475365]: [session uid=1000 pid=475365 pidfd=5] Activating service name='org.freedesktop.systemd1' requested by ':1.4' (uid=1000 pid=475863 comm="/usr/bin/dbus-broker-launch --config-file=/usr/sha")
dbus-daemon[475365]: [session uid=1000 pid=475365 pidfd=5] Activated service 'org.freedesktop.systemd1' failed: Process org.freedesktop.systemd1 exited with status 1
dbus-daemon[475365]: [session uid=1000 pid=475365 pidfd=5] Activating service name='org.freedesktop.systemd1' requested by ':1.4' (uid=1000 pid=475863 comm="/usr/bin/dbus-broker-launch --config-file=/usr/sha")
dbus-daemon[475365]: [session uid=1000 pid=475365 pidfd=5] Activated service 'org.freedesktop.systemd1' failed: Process org.freedesktop.systemd1 exited with status 1
dbus-daemon[475365]: [session uid=1000 pid=475365 pidfd=5] Activating service name='org.freedesktop.systemd1' requested by ':1.4' (uid=1000 pid=475863 comm="/usr/bin/dbus-broker-launch --config-file=/usr/sha")
dbus-daemon[475365]: [session uid=1000 pid=475365 pidfd=5] Activated service 'org.freedesktop.systemd1' failed: Process org.freedesktop.systemd1 exited with status 1
{"trial": "CU007-modal-K5-nw2gate-r03", "outcome": "verified", "oracle_exact_match": true, "completion_mutations": 1, "takeover_envelope": null, "old_binding_envelope": null, "decoy_connections": null, "marker_in_fresh_snapshot": true, "nw2_stale_envelope": {"is_error": false, "status": null, "effect": "unverifiable", "code": null}, "nw2_mutations_from_stale_action": 1, "error_leaves": null}
dbus-daemon[475365]: [session uid=1000 pid=475365 pidfd=5] Activating service name='org.freedesktop.systemd1' requested by ':1.4' (uid=1000 pid=475863 comm="/usr/bin/dbus-broker-launch --config-file=/usr/sha")
dbus-daemon[475365]: [session uid=1000 pid=475365 pidfd=5] Activated service 'org.freedesktop.systemd1' failed: Process org.freedesktop.systemd1 exited with status 1
dbus-daemon[475365]: [session uid=1000 pid=475365 pidfd=5] Activating service name='org.freedesktop.systemd1' requested by ':1.4' (uid=1000 pid=475863 comm="/usr/bin/dbus-broker-launch --config-file=/usr/sha")
dbus-daemon[475365]: [session uid=1000 pid=475365 pidfd=5] Activated service 'org.freedesktop.systemd1' failed: Process org.freedesktop.systemd1 exited with status 1
dbus-daemon[475365]: [session uid=1000 pid=475365 pidfd=5] Activating service name='org.freedesktop.systemd1' requested by ':1.4' (uid=1000 pid=475863 comm="/usr/bin/dbus-broker-launch --config-file=/usr/sha")
dbus-daemon[475365]: [session uid=1000 pid=475365 pidfd=5] Activated service 'org.freedesktop.systemd1' failed: Process org.freedesktop.systemd1 exited with status 1
{"trial": "CU008-toggle-K5-nw2gate-r04", "outcome": "verified", "oracle_exact_match": true, "completion_mutations": 1, "takeover_envelope": null, "old_binding_envelope": null, "decoy_connections": null, "marker_in_fresh_snapshot": true, "nw2_stale_envelope": {"is_error": false, "status": null, "effect": "unverifiable", "code": null}, "nw2_mutations_from_stale_action": 1, "error_leaves": null}
dbus-daemon[475365]: [session uid=1000 pid=475365 pidfd=5] Activating service name='org.freedesktop.systemd1' requested by ':1.4' (uid=1000 pid=475863 comm="/usr/bin/dbus-broker-launch --config-file=/usr/sha")
dbus-daemon[475365]: [session uid=1000 pid=475365 pidfd=5] Activated service 'org.freedesktop.systemd1' failed: Process org.freedesktop.systemd1 exited with status 1
dbus-daemon[475365]: [session uid=1000 pid=475365 pidfd=5] Activating service name='org.freedesktop.systemd1' requested by ':1.4' (uid=1000 pid=475863 comm="/usr/bin/dbus-broker-launch --config-file=/usr/sha")
dbus-daemon[475365]: [session uid=1000 pid=475365 pidfd=5] Activated service 'org.freedesktop.systemd1' failed: Process org.freedesktop.systemd1 exited with status 1
dbus-daemon[475365]: [session uid=1000 pid=475365 pidfd=5] Activating service name='org.freedesktop.systemd1' requested by ':1.4' (uid=1000 pid=475863 comm="/usr/bin/dbus-broker-launch --config-file=/usr/sha")
dbus-daemon[475365]: [session uid=1000 pid=475365 pidfd=5] Activated service 'org.freedesktop.systemd1' failed: Process org.freedesktop.systemd1 exited with status 1
{"trial": "CU009-modal-K5-nw2gate-r04", "outcome": "verified", "oracle_exact_match": true, "completion_mutations": 1, "takeover_envelope": null, "old_binding_envelope": null, "decoy_connections": null, "marker_in_fresh_snapshot": true, "nw2_stale_envelope": {"is_error": false, "status": null, "effect": "unverifiable", "code": null}, "nw2_mutations_from_stale_action": 1, "error_leaves": null}
A connection to the bus can't be made
CRITICAL: [dbus_cb_name_lost:1438] Cannot connect to DBus.
[session] exit rc=0 run_dir=<lane-tmp>/x11-session.3GgXDW
[2026-10-02T18:01:28.266Z] chunk r2-10-p0c-nw2-U rc=0 loadavg=16.71 13.83 13.29
