[2026-10-02T18:02:04.218Z] chunk r2-10-p0d-smoke-R mode=shared atspi=0 live=0 loadavg=10.99 12.71 12.93
[session] DISPLAY=:103 openbox=487906 picom=487907 dbus=unix:path=<tmp>/dbus-...,guid=f21aa266026091b3125854be6abff19f
[r2-10] display=:103 xdg_runtime_private=yes key=absent loadavg=10.27 12.53 12.88 atspi=0
dbus-daemon[487903]: [session uid=1000 pid=487903 pidfd=5] Activating service name='org.a11y.Bus' requested by ':1.0' (uid=1000 pid=488386 comm="<lanes>/bin/cua-driver-r2")
dbus-daemon[487903]: [session uid=1000 pid=487903 pidfd=5] Successfully activated service 'org.a11y.Bus'
dbus-daemon[487903]: [session uid=1000 pid=487903 pidfd=5] Activating service name='ca.desrt.dconf' requested by ':1.1' (uid=1000 pid=488394 comm="/usr/lib/at-spi-bus-launcher")
dbus-daemon[487903]: [session uid=1000 pid=487903 pidfd=5] Successfully activated service 'ca.desrt.dconf'
dbus-daemon[487903]: [session uid=1000 pid=487903 pidfd=5] Activating service name='org.freedesktop.systemd1' requested by ':1.4' (uid=1000 pid=488421 comm="/usr/bin/dbus-broker-launch --config-file=/usr/sha")
dbus-daemon[487903]: [session uid=1000 pid=487903 pidfd=5] Activated service 'org.freedesktop.systemd1' failed: Process org.freedesktop.systemd1 exited with status 1
dbus-daemon[487903]: [session uid=1000 pid=487903 pidfd=5] Activating service name='org.gtk.vfs.Daemon' requested by ':1.5' (uid=1000 pid=488492 comm="/opt/google/chrome/chrome --remote-debugging-port=")
dbus-daemon[487903]: [session uid=1000 pid=487903 pidfd=5] Successfully activated service 'org.gtk.vfs.Daemon'
fusermount3: mount failed: Operation not permitted
dbus-daemon[487903]: [session uid=1000 pid=487903 pidfd=5] Activating service name='org.freedesktop.systemd1' requested by ':1.4' (uid=1000 pid=488421 comm="/usr/bin/dbus-broker-launch --config-file=/usr/sha")
dbus-daemon[487903]: [session uid=1000 pid=487903 pidfd=5] Activated service 'org.freedesktop.systemd1' failed: Process org.freedesktop.systemd1 exited with status 1
dbus-daemon[487903]: [session uid=1000 pid=487903 pidfd=5] Activating service name='org.freedesktop.systemd1' requested by ':1.4' (uid=1000 pid=488421 comm="/usr/bin/dbus-broker-launch --config-file=/usr/sha")
dbus-daemon[487903]: [session uid=1000 pid=487903 pidfd=5] Activated service 'org.freedesktop.systemd1' failed: Process org.freedesktop.systemd1 exited with status 1
dbus-daemon[487903]: [session uid=1000 pid=487903 pidfd=5] Activating service name='org.freedesktop.Notifications' requested by ':1.7' (uid=1000 pid=488492 comm="/opt/google/chrome/chrome --remote-debugging-port=")
dbus-daemon[487903]: [session uid=1000 pid=487903 pidfd=5] Activating service name='org.freedesktop.portal.Desktop' requested by ':1.7' (uid=1000 pid=488492 comm="/opt/google/chrome/chrome --remote-debugging-port=")
dbus-daemon[487903]: [session uid=1000 pid=487903 pidfd=5] Activating service name='org.freedesktop.impl.portal.PermissionStore' requested by ':1.9' (uid=1000 pid=488666 comm="/usr/lib/xdg-desktop-portal")
dbus-daemon[487903]: [session uid=1000 pid=487903 pidfd=5] Successfully activated service 'org.freedesktop.Notifications'
dbus-daemon[487903]: [session uid=1000 pid=487903 pidfd=5] Successfully activated service 'org.freedesktop.impl.portal.PermissionStore'
dbus-daemon[487903]: [session uid=1000 pid=487903 pidfd=5] Activating service name='org.freedesktop.portal.Documents' requested by ':1.9' (uid=1000 pid=488666 comm="/usr/lib/xdg-desktop-portal")
dbus-daemon[487903]: [session uid=1000 pid=487903 pidfd=5] Successfully activated service 'org.freedesktop.portal.Documents'
fusermount3: mount failed: Operation not permitted
error: fuse init failed: Can't mount path <lane-tmp>/x11-session.uaNHIP/xdg-runtime/doc


dbus-daemon[487903]: [session uid=1000 pid=487903 pidfd=5] Activating service name='org.freedesktop.impl.portal.desktop.gtk' requested by ':1.9' (uid=1000 pid=488666 comm="/usr/lib/xdg-desktop-portal")
dbus-daemon[487903]: [session uid=1000 pid=487903 pidfd=5] Activating service name='org.freedesktop.systemd1' requested by ':1.4' (uid=1000 pid=488421 comm="/usr/bin/dbus-broker-launch --config-file=/usr/sha")
dbus-daemon[487903]: [session uid=1000 pid=487903 pidfd=5] Activated service 'org.freedesktop.systemd1' failed: Process org.freedesktop.systemd1 exited with status 1
dbus-daemon[487903]: [session uid=1000 pid=487903 pidfd=5] Successfully activated service 'org.freedesktop.impl.portal.desktop.gtk'


dbus-daemon[487903]: [session uid=1000 pid=487903 pidfd=5] Activating service name='org.freedesktop.systemd1' requested by ':1.4' (uid=1000 pid=488421 comm="/usr/bin/dbus-broker-launch --config-file=/usr/sha")

dbus-daemon[487903]: [session uid=1000 pid=487903 pidfd=5] Activated service 'org.freedesktop.systemd1' failed: Process org.freedesktop.systemd1 exited with status 1












dbus-daemon[487903]: [session uid=1000 pid=487903 pidfd=5] Successfully activated service 'org.freedesktop.portal.Desktop'
{"trial": "DR000-fill-BASE-smoke-r00", "mode": "step", "outcome": "verified", "oracle_exact_match": true, "completion_mutations": 1, "routes": ["provider", "provider"], "error": null, "la": "10.27", "prov": {"attempts": 0, "reached": 0}}
dbus-daemon[487903]: [session uid=1000 pid=487903 pidfd=5] Activating service name='org.freedesktop.systemd1' requested by ':1.4' (uid=1000 pid=488421 comm="/usr/bin/dbus-broker-launch --config-file=/usr/sha")
dbus-daemon[487903]: [session uid=1000 pid=487903 pidfd=5] Activated service 'org.freedesktop.systemd1' failed: Process org.freedesktop.systemd1 exited with status 1
dbus-daemon[487903]: [session uid=1000 pid=487903 pidfd=5] Activating service name='org.freedesktop.systemd1' requested by ':1.4' (uid=1000 pid=488421 comm="/usr/bin/dbus-broker-launch --config-file=/usr/sha")
dbus-daemon[487903]: [session uid=1000 pid=487903 pidfd=5] Activated service 'org.freedesktop.systemd1' failed: Process org.freedesktop.systemd1 exited with status 1
dbus-daemon[487903]: [session uid=1000 pid=487903 pidfd=5] Activating service name='org.freedesktop.systemd1' requested by ':1.4' (uid=1000 pid=488421 comm="/usr/bin/dbus-broker-launch --config-file=/usr/sha")
dbus-daemon[487903]: [session uid=1000 pid=487903 pidfd=5] Activated service 'org.freedesktop.systemd1' failed: Process org.freedesktop.systemd1 exited with status 1
{"trial": "DR001-fill-BASE-smoke-r01", "mode": "step", "outcome": "verified", "oracle_exact_match": true, "completion_mutations": 1, "routes": ["provider", "provider"], "error": null, "la": "10.16", "prov": {"attempts": 0, "reached": 0}}
dbus-daemon[487903]: [session uid=1000 pid=487903 pidfd=5] Activating service name='org.freedesktop.systemd1' requested by ':1.4' (uid=1000 pid=488421 comm="/usr/bin/dbus-broker-launch --config-file=/usr/sha")
dbus-daemon[487903]: [session uid=1000 pid=487903 pidfd=5] Activated service 'org.freedesktop.systemd1' failed: Process org.freedesktop.systemd1 exited with status 1
dbus-daemon[487903]: [session uid=1000 pid=487903 pidfd=5] Activating service name='org.freedesktop.systemd1' requested by ':1.4' (uid=1000 pid=488421 comm="/usr/bin/dbus-broker-launch --config-file=/usr/sha")
dbus-daemon[487903]: [session uid=1000 pid=487903 pidfd=5] Activated service 'org.freedesktop.systemd1' failed: Process org.freedesktop.systemd1 exited with status 1
dbus-daemon[487903]: [session uid=1000 pid=487903 pidfd=5] Activating service name='org.freedesktop.systemd1' requested by ':1.4' (uid=1000 pid=488421 comm="/usr/bin/dbus-broker-launch --config-file=/usr/sha")
dbus-daemon[487903]: [session uid=1000 pid=487903 pidfd=5] Activated service 'org.freedesktop.systemd1' failed: Process org.freedesktop.systemd1 exited with status 1
{"trial": "DR002-fill-BASE-smoke-r02", "mode": "step", "outcome": "verified", "oracle_exact_match": true, "completion_mutations": 1, "routes": ["provider", "provider"], "error": null, "la": "9.59", "prov": {"attempts": 0, "reached": 0}}
dbus-daemon[487903]: [session uid=1000 pid=487903 pidfd=5] Activating service name='org.freedesktop.systemd1' requested by ':1.4' (uid=1000 pid=488421 comm="/usr/bin/dbus-broker-launch --config-file=/usr/sha")
dbus-daemon[487903]: [session uid=1000 pid=487903 pidfd=5] Activated service 'org.freedesktop.systemd1' failed: Process org.freedesktop.systemd1 exited with status 1
dbus-daemon[487903]: [session uid=1000 pid=487903 pidfd=5] Activating service name='org.freedesktop.systemd1' requested by ':1.4' (uid=1000 pid=488421 comm="/usr/bin/dbus-broker-launch --config-file=/usr/sha")
dbus-daemon[487903]: [session uid=1000 pid=487903 pidfd=5] Activated service 'org.freedesktop.systemd1' failed: Process org.freedesktop.systemd1 exited with status 1
dbus-daemon[487903]: [session uid=1000 pid=487903 pidfd=5] Activating service name='org.freedesktop.systemd1' requested by ':1.4' (uid=1000 pid=488421 comm="/usr/bin/dbus-broker-launch --config-file=/usr/sha")
dbus-daemon[487903]: [session uid=1000 pid=487903 pidfd=5] Activated service 'org.freedesktop.systemd1' failed: Process org.freedesktop.systemd1 exited with status 1
{"trial": "DR003-fill-BASE-smoke-r03", "mode": "step", "outcome": "verified", "oracle_exact_match": true, "completion_mutations": 1, "routes": ["provider", "provider"], "error": null, "la": "9.14", "prov": {"attempts": 0, "reached": 0}}
dbus-daemon[487903]: [session uid=1000 pid=487903 pidfd=5] Activating service name='org.freedesktop.systemd1' requested by ':1.4' (uid=1000 pid=488421 comm="/usr/bin/dbus-broker-launch --config-file=/usr/sha")
dbus-daemon[487903]: [session uid=1000 pid=487903 pidfd=5] Activated service 'org.freedesktop.systemd1' failed: Process org.freedesktop.systemd1 exited with status 1
dbus-daemon[487903]: [session uid=1000 pid=487903 pidfd=5] Activating service name='org.freedesktop.systemd1' requested by ':1.4' (uid=1000 pid=488421 comm="/usr/bin/dbus-broker-launch --config-file=/usr/sha")
dbus-daemon[487903]: [session uid=1000 pid=487903 pidfd=5] Activated service 'org.freedesktop.systemd1' failed: Process org.freedesktop.systemd1 exited with status 1
dbus-daemon[487903]: [session uid=1000 pid=487903 pidfd=5] Activating service name='org.freedesktop.systemd1' requested by ':1.4' (uid=1000 pid=488421 comm="/usr/bin/dbus-broker-launch --config-file=/usr/sha")
dbus-daemon[487903]: [session uid=1000 pid=487903 pidfd=5] Activated service 'org.freedesktop.systemd1' failed: Process org.freedesktop.systemd1 exited with status 1
{"trial": "DR004-fill-BASE-smoke-r04", "mode": "step", "outcome": "verified", "oracle_exact_match": true, "completion_mutations": 1, "routes": ["provider", "provider"], "error": null, "la": "8.81", "prov": {"attempts": 0, "reached": 0}}
dbus-daemon[487903]: [session uid=1000 pid=487903 pidfd=5] Activating service name='org.freedesktop.systemd1' requested by ':1.4' (uid=1000 pid=488421 comm="/usr/bin/dbus-broker-launch --config-file=/usr/sha")
dbus-daemon[487903]: [session uid=1000 pid=487903 pidfd=5] Activated service 'org.freedesktop.systemd1' failed: Process org.freedesktop.systemd1 exited with status 1
dbus-daemon[487903]: [session uid=1000 pid=487903 pidfd=5] Activating service name='org.freedesktop.systemd1' requested by ':1.4' (uid=1000 pid=488421 comm="/usr/bin/dbus-broker-launch --config-file=/usr/sha")
dbus-daemon[487903]: [session uid=1000 pid=487903 pidfd=5] Activated service 'org.freedesktop.systemd1' failed: Process org.freedesktop.systemd1 exited with status 1
dbus-daemon[487903]: [session uid=1000 pid=487903 pidfd=5] Activating service name='org.freedesktop.systemd1' requested by ':1.4' (uid=1000 pid=488421 comm="/usr/bin/dbus-broker-launch --config-file=/usr/sha")
dbus-daemon[487903]: [session uid=1000 pid=487903 pidfd=5] Activated service 'org.freedesktop.systemd1' failed: Process org.freedesktop.systemd1 exited with status 1
{"trial": "DR005-toggle-BASE-smoke-r00", "mode": "step", "outcome": "verified", "oracle_exact_match": true, "completion_mutations": 1, "routes": ["provider", "provider"], "error": null, "la": "9.31", "prov": {"attempts": 0, "reached": 0}}
dbus-daemon[487903]: [session uid=1000 pid=487903 pidfd=5] Activating service name='org.freedesktop.systemd1' requested by ':1.4' (uid=1000 pid=488421 comm="/usr/bin/dbus-broker-launch --config-file=/usr/sha")
dbus-daemon[487903]: [session uid=1000 pid=487903 pidfd=5] Activated service 'org.freedesktop.systemd1' failed: Process org.freedesktop.systemd1 exited with status 1
dbus-daemon[487903]: [session uid=1000 pid=487903 pidfd=5] Activating service name='org.freedesktop.systemd1' requested by ':1.4' (uid=1000 pid=488421 comm="/usr/bin/dbus-broker-launch --config-file=/usr/sha")
dbus-daemon[487903]: [session uid=1000 pid=487903 pidfd=5] Activated service 'org.freedesktop.systemd1' failed: Process org.freedesktop.systemd1 exited with status 1
dbus-daemon[487903]: [session uid=1000 pid=487903 pidfd=5] Activating service name='org.freedesktop.systemd1' requested by ':1.4' (uid=1000 pid=488421 comm="/usr/bin/dbus-broker-launch --config-file=/usr/sha")
dbus-daemon[487903]: [session uid=1000 pid=487903 pidfd=5] Activated service 'org.freedesktop.systemd1' failed: Process org.freedesktop.systemd1 exited with status 1
{"trial": "DR006-toggle-BASE-smoke-r01", "mode": "step", "outcome": "verified", "oracle_exact_match": true, "completion_mutations": 1, "routes": ["provider", "provider"], "error": null, "la": "10.56", "prov": {"attempts": 0, "reached": 0}}
dbus-daemon[487903]: [session uid=1000 pid=487903 pidfd=5] Activating service name='org.freedesktop.systemd1' requested by ':1.4' (uid=1000 pid=488421 comm="/usr/bin/dbus-broker-launch --config-file=/usr/sha")
dbus-daemon[487903]: [session uid=1000 pid=487903 pidfd=5] Activated service 'org.freedesktop.systemd1' failed: Process org.freedesktop.systemd1 exited with status 1
dbus-daemon[487903]: [session uid=1000 pid=487903 pidfd=5] Activating service name='org.freedesktop.systemd1' requested by ':1.4' (uid=1000 pid=488421 comm="/usr/bin/dbus-broker-launch --config-file=/usr/sha")
dbus-daemon[487903]: [session uid=1000 pid=487903 pidfd=5] Activated service 'org.freedesktop.systemd1' failed: Process org.freedesktop.systemd1 exited with status 1
dbus-daemon[487903]: [session uid=1000 pid=487903 pidfd=5] Activating service name='org.freedesktop.systemd1' requested by ':1.4' (uid=1000 pid=488421 comm="/usr/bin/dbus-broker-launch --config-file=/usr/sha")
dbus-daemon[487903]: [session uid=1000 pid=487903 pidfd=5] Activated service 'org.freedesktop.systemd1' failed: Process org.freedesktop.systemd1 exited with status 1
{"trial": "DR007-toggle-BASE-smoke-r02", "mode": "step", "outcome": "verified", "oracle_exact_match": true, "completion_mutations": 1, "routes": ["provider", "provider"], "error": null, "la": "10.56", "prov": {"attempts": 0, "reached": 0}}
dbus-daemon[487903]: [session uid=1000 pid=487903 pidfd=5] Activating service name='org.freedesktop.systemd1' requested by ':1.4' (uid=1000 pid=488421 comm="/usr/bin/dbus-broker-launch --config-file=/usr/sha")
dbus-daemon[487903]: [session uid=1000 pid=487903 pidfd=5] Activated service 'org.freedesktop.systemd1' failed: Process org.freedesktop.systemd1 exited with status 1
dbus-daemon[487903]: [session uid=1000 pid=487903 pidfd=5] Activating service name='org.freedesktop.systemd1' requested by ':1.4' (uid=1000 pid=488421 comm="/usr/bin/dbus-broker-launch --config-file=/usr/sha")
dbus-daemon[487903]: [session uid=1000 pid=487903 pidfd=5] Activated service 'org.freedesktop.systemd1' failed: Process org.freedesktop.systemd1 exited with status 1
dbus-daemon[487903]: [session uid=1000 pid=487903 pidfd=5] Activating service name='org.freedesktop.systemd1' requested by ':1.4' (uid=1000 pid=488421 comm="/usr/bin/dbus-broker-launch --config-file=/usr/sha")
dbus-daemon[487903]: [session uid=1000 pid=487903 pidfd=5] Activated service 'org.freedesktop.systemd1' failed: Process org.freedesktop.systemd1 exited with status 1
{"trial": "DR008-toggle-BASE-smoke-r03", "mode": "step", "outcome": "verified", "oracle_exact_match": true, "completion_mutations": 1, "routes": ["provider", "provider"], "error": null, "la": "12.36", "prov": {"attempts": 0, "reached": 0}}
dbus-daemon[487903]: [session uid=1000 pid=487903 pidfd=5] Activating service name='org.freedesktop.systemd1' requested by ':1.4' (uid=1000 pid=488421 comm="/usr/bin/dbus-broker-launch --config-file=/usr/sha")
dbus-daemon[487903]: [session uid=1000 pid=487903 pidfd=5] Activated service 'org.freedesktop.systemd1' failed: Process org.freedesktop.systemd1 exited with status 1
dbus-daemon[487903]: [session uid=1000 pid=487903 pidfd=5] Activating service name='org.freedesktop.systemd1' requested by ':1.4' (uid=1000 pid=488421 comm="/usr/bin/dbus-broker-launch --config-file=/usr/sha")
dbus-daemon[487903]: [session uid=1000 pid=487903 pidfd=5] Activated service 'org.freedesktop.systemd1' failed: Process org.freedesktop.systemd1 exited with status 1
dbus-daemon[487903]: [session uid=1000 pid=487903 pidfd=5] Activating service name='org.freedesktop.systemd1' requested by ':1.4' (uid=1000 pid=488421 comm="/usr/bin/dbus-broker-launch --config-file=/usr/sha")
dbus-daemon[487903]: [session uid=1000 pid=487903 pidfd=5] Activated service 'org.freedesktop.systemd1' failed: Process org.freedesktop.systemd1 exited with status 1
{"trial": "DR009-toggle-BASE-smoke-r04", "mode": "step", "outcome": "verified", "oracle_exact_match": true, "completion_mutations": 1, "routes": ["provider", "provider"], "error": null, "la": "13.85", "prov": {"attempts": 0, "reached": 0}}
dbus-daemon[487903]: [session uid=1000 pid=487903 pidfd=5] Activating service name='org.freedesktop.systemd1' requested by ':1.4' (uid=1000 pid=488421 comm="/usr/bin/dbus-broker-launch --config-file=/usr/sha")
dbus-daemon[487903]: [session uid=1000 pid=487903 pidfd=5] Activated service 'org.freedesktop.systemd1' failed: Process org.freedesktop.systemd1 exited with status 1
dbus-daemon[487903]: [session uid=1000 pid=487903 pidfd=5] Activating service name='org.freedesktop.systemd1' requested by ':1.4' (uid=1000 pid=488421 comm="/usr/bin/dbus-broker-launch --config-file=/usr/sha")
dbus-daemon[487903]: [session uid=1000 pid=487903 pidfd=5] Activated service 'org.freedesktop.systemd1' failed: Process org.freedesktop.systemd1 exited with status 1
dbus-daemon[487903]: [session uid=1000 pid=487903 pidfd=5] Activating service name='org.freedesktop.systemd1' requested by ':1.4' (uid=1000 pid=488421 comm="/usr/bin/dbus-broker-launch --config-file=/usr/sha")
dbus-daemon[487903]: [session uid=1000 pid=487903 pidfd=5] Activated service 'org.freedesktop.systemd1' failed: Process org.freedesktop.systemd1 exited with status 1
{"trial": "DR010-modal-BASE-smoke-r00", "mode": "step", "outcome": "verified", "oracle_exact_match": true, "completion_mutations": 1, "routes": ["provider", "provider"], "error": null, "la": "14.43", "prov": {"attempts": 0, "reached": 0}}
dbus-daemon[487903]: [session uid=1000 pid=487903 pidfd=5] Activating service name='org.freedesktop.systemd1' requested by ':1.4' (uid=1000 pid=488421 comm="/usr/bin/dbus-broker-launch --config-file=/usr/sha")
dbus-daemon[487903]: [session uid=1000 pid=487903 pidfd=5] Activated service 'org.freedesktop.systemd1' failed: Process org.freedesktop.systemd1 exited with status 1
dbus-daemon[487903]: [session uid=1000 pid=487903 pidfd=5] Activating service name='org.freedesktop.systemd1' requested by ':1.4' (uid=1000 pid=488421 comm="/usr/bin/dbus-broker-launch --config-file=/usr/sha")
dbus-daemon[487903]: [session uid=1000 pid=487903 pidfd=5] Activated service 'org.freedesktop.systemd1' failed: Process org.freedesktop.systemd1 exited with status 1
dbus-daemon[487903]: [session uid=1000 pid=487903 pidfd=5] Activating service name='org.freedesktop.systemd1' requested by ':1.4' (uid=1000 pid=488421 comm="/usr/bin/dbus-broker-launch --config-file=/usr/sha")
dbus-daemon[487903]: [session uid=1000 pid=487903 pidfd=5] Activated service 'org.freedesktop.systemd1' failed: Process org.freedesktop.systemd1 exited with status 1
{"trial": "DR011-modal-BASE-smoke-r01", "mode": "step", "outcome": "verified", "oracle_exact_match": true, "completion_mutations": 1, "routes": ["provider", "provider"], "error": null, "la": "14.63", "prov": {"attempts": 0, "reached": 0}}
dbus-daemon[487903]: [session uid=1000 pid=487903 pidfd=5] Activating service name='org.freedesktop.systemd1' requested by ':1.4' (uid=1000 pid=488421 comm="/usr/bin/dbus-broker-launch --config-file=/usr/sha")
dbus-daemon[487903]: [session uid=1000 pid=487903 pidfd=5] Activated service 'org.freedesktop.systemd1' failed: Process org.freedesktop.systemd1 exited with status 1
dbus-daemon[487903]: [session uid=1000 pid=487903 pidfd=5] Activating service name='org.freedesktop.systemd1' requested by ':1.4' (uid=1000 pid=488421 comm="/usr/bin/dbus-broker-launch --config-file=/usr/sha")
dbus-daemon[487903]: [session uid=1000 pid=487903 pidfd=5] Activated service 'org.freedesktop.systemd1' failed: Process org.freedesktop.systemd1 exited with status 1
dbus-daemon[487903]: [session uid=1000 pid=487903 pidfd=5] Activating service name='org.freedesktop.systemd1' requested by ':1.4' (uid=1000 pid=488421 comm="/usr/bin/dbus-broker-launch --config-file=/usr/sha")
dbus-daemon[487903]: [session uid=1000 pid=487903 pidfd=5] Activated service 'org.freedesktop.systemd1' failed: Process org.freedesktop.systemd1 exited with status 1
{"trial": "DR012-modal-BASE-smoke-r02", "mode": "step", "outcome": "verified", "oracle_exact_match": true, "completion_mutations": 1, "routes": ["provider", "provider"], "error": null, "la": "14.63", "prov": {"attempts": 0, "reached": 0}}
dbus-daemon[487903]: [session uid=1000 pid=487903 pidfd=5] Activating service name='org.freedesktop.systemd1' requested by ':1.4' (uid=1000 pid=488421 comm="/usr/bin/dbus-broker-launch --config-file=/usr/sha")
dbus-daemon[487903]: [session uid=1000 pid=487903 pidfd=5] Activated service 'org.freedesktop.systemd1' failed: Process org.freedesktop.systemd1 exited with status 1
dbus-daemon[487903]: [session uid=1000 pid=487903 pidfd=5] Activating service name='org.freedesktop.systemd1' requested by ':1.4' (uid=1000 pid=488421 comm="/usr/bin/dbus-broker-launch --config-file=/usr/sha")
dbus-daemon[487903]: [session uid=1000 pid=487903 pidfd=5] Activated service 'org.freedesktop.systemd1' failed: Process org.freedesktop.systemd1 exited with status 1
dbus-daemon[487903]: [session uid=1000 pid=487903 pidfd=5] Activating service name='org.freedesktop.systemd1' requested by ':1.4' (uid=1000 pid=488421 comm="/usr/bin/dbus-broker-launch --config-file=/usr/sha")
dbus-daemon[487903]: [session uid=1000 pid=487903 pidfd=5] Activated service 'org.freedesktop.systemd1' failed: Process org.freedesktop.systemd1 exited with status 1
{"trial": "DR013-modal-BASE-smoke-r03", "mode": "step", "outcome": "verified", "oracle_exact_match": true, "completion_mutations": 1, "routes": ["provider", "provider"], "error": null, "la": "14.26", "prov": {"attempts": 0, "reached": 0}}
dbus-daemon[487903]: [session uid=1000 pid=487903 pidfd=5] Activating service name='org.freedesktop.systemd1' requested by ':1.4' (uid=1000 pid=488421 comm="/usr/bin/dbus-broker-launch --config-file=/usr/sha")
dbus-daemon[487903]: [session uid=1000 pid=487903 pidfd=5] Activated service 'org.freedesktop.systemd1' failed: Process org.freedesktop.systemd1 exited with status 1
dbus-daemon[487903]: [session uid=1000 pid=487903 pidfd=5] Activating service name='org.freedesktop.systemd1' requested by ':1.4' (uid=1000 pid=488421 comm="/usr/bin/dbus-broker-launch --config-file=/usr/sha")
dbus-daemon[487903]: [session uid=1000 pid=487903 pidfd=5] Activated service 'org.freedesktop.systemd1' failed: Process org.freedesktop.systemd1 exited with status 1
dbus-daemon[487903]: [session uid=1000 pid=487903 pidfd=5] Activating service name='org.freedesktop.systemd1' requested by ':1.4' (uid=1000 pid=488421 comm="/usr/bin/dbus-broker-launch --config-file=/usr/sha")
dbus-daemon[487903]: [session uid=1000 pid=487903 pidfd=5] Activated service 'org.freedesktop.systemd1' failed: Process org.freedesktop.systemd1 exited with status 1
{"trial": "DR014-modal-BASE-smoke-r04", "mode": "step", "outcome": "verified", "oracle_exact_match": true, "completion_mutations": 1, "routes": ["provider", "provider"], "error": null, "la": "13.44", "prov": {"attempts": 0, "reached": 0}}
A connection to the bus can't be made
CRITICAL: [dbus_cb_name_lost:1438] Cannot connect to DBus.
[session] exit rc=0 run_dir=<lane-tmp>/x11-session.uaNHIP
[2026-10-02T18:03:09.845Z] chunk r2-10-p0d-smoke-R rc=0 loadavg=12.76 12.83 12.95
