[2026-10-02T18:03:16.475Z] chunk r2-10-p0d-smoke-C mode=shared atspi=0 live=0 loadavg=12.38 12.75 12.93
[session] DISPLAY=:103 openbox=500022 picom=500023 dbus=unix:path=<tmp>/dbus-...,guid=cd743920220ddf4a50a586cb6abff1e7
[r2-10] display=:103 xdg_runtime_private=yes key=absent loadavg=11.79 12.62 12.88 atspi=0
dbus-daemon[500020]: [session uid=1000 pid=500020 pidfd=5] Activating service name='org.a11y.Bus' requested by ':1.0' (uid=1000 pid=500266 comm="<lanes>/bin/cua-driver-r2")
dbus-daemon[500020]: [session uid=1000 pid=500020 pidfd=5] Successfully activated service 'org.a11y.Bus'
dbus-daemon[500020]: [session uid=1000 pid=500020 pidfd=5] Activating service name='ca.desrt.dconf' requested by ':1.1' (uid=1000 pid=500273 comm="/usr/lib/at-spi-bus-launcher")
dbus-daemon[500020]: [session uid=1000 pid=500020 pidfd=5] Successfully activated service 'ca.desrt.dconf'
dbus-daemon[500020]: [session uid=1000 pid=500020 pidfd=5] Activating service name='org.freedesktop.systemd1' requested by ':1.4' (uid=1000 pid=500301 comm="/usr/bin/dbus-broker-launch --config-file=/usr/sha")
dbus-daemon[500020]: [session uid=1000 pid=500020 pidfd=5] Activated service 'org.freedesktop.systemd1' failed: Process org.freedesktop.systemd1 exited with status 1
dbus-daemon[500020]: [session uid=1000 pid=500020 pidfd=5] Activating service name='org.gtk.vfs.Daemon' requested by ':1.5' (uid=1000 pid=500367 comm="/opt/google/chrome/chrome --remote-debugging-port=")
dbus-daemon[500020]: [session uid=1000 pid=500020 pidfd=5] Successfully activated service 'org.gtk.vfs.Daemon'
fusermount3: mount failed: Operation not permitted
dbus-daemon[500020]: [session uid=1000 pid=500020 pidfd=5] Activating service name='org.freedesktop.systemd1' requested by ':1.4' (uid=1000 pid=500301 comm="/usr/bin/dbus-broker-launch --config-file=/usr/sha")
dbus-daemon[500020]: [session uid=1000 pid=500020 pidfd=5] Activated service 'org.freedesktop.systemd1' failed: Process org.freedesktop.systemd1 exited with status 1
dbus-daemon[500020]: [session uid=1000 pid=500020 pidfd=5] Activating service name='org.freedesktop.systemd1' requested by ':1.4' (uid=1000 pid=500301 comm="/usr/bin/dbus-broker-launch --config-file=/usr/sha")
dbus-daemon[500020]: [session uid=1000 pid=500020 pidfd=5] Activated service 'org.freedesktop.systemd1' failed: Process org.freedesktop.systemd1 exited with status 1
dbus-daemon[500020]: [session uid=1000 pid=500020 pidfd=5] Activating service name='org.freedesktop.Notifications' requested by ':1.7' (uid=1000 pid=500367 comm="/opt/google/chrome/chrome --remote-debugging-port=")
dbus-daemon[500020]: [session uid=1000 pid=500020 pidfd=5] Activating service name='org.freedesktop.portal.Desktop' requested by ':1.7' (uid=1000 pid=500367 comm="/opt/google/chrome/chrome --remote-debugging-port=")
dbus-daemon[500020]: [session uid=1000 pid=500020 pidfd=5] Activating service name='org.freedesktop.impl.portal.PermissionStore' requested by ':1.9' (uid=1000 pid=500655 comm="/usr/lib/xdg-desktop-portal")
dbus-daemon[500020]: [session uid=1000 pid=500020 pidfd=5] Successfully activated service 'org.freedesktop.Notifications'
dbus-daemon[500020]: [session uid=1000 pid=500020 pidfd=5] Successfully activated service 'org.freedesktop.impl.portal.PermissionStore'
dbus-daemon[500020]: [session uid=1000 pid=500020 pidfd=5] Activating service name='org.freedesktop.portal.Documents' requested by ':1.9' (uid=1000 pid=500655 comm="/usr/lib/xdg-desktop-portal")
dbus-daemon[500020]: [session uid=1000 pid=500020 pidfd=5] Successfully activated service 'org.freedesktop.portal.Documents'
fusermount3: mount failed: Operation not permitted
error: fuse init failed: Can't mount path <lane-tmp>/x11-session.k230dc/xdg-runtime/doc


dbus-daemon[500020]: [session uid=1000 pid=500020 pidfd=5] Activating service name='org.freedesktop.impl.portal.desktop.gtk' requested by ':1.9' (uid=1000 pid=500655 comm="/usr/lib/xdg-desktop-portal")
dbus-daemon[500020]: [session uid=1000 pid=500020 pidfd=5] Activating service name='org.freedesktop.systemd1' requested by ':1.4' (uid=1000 pid=500301 comm="/usr/bin/dbus-broker-launch --config-file=/usr/sha")
dbus-daemon[500020]: [session uid=1000 pid=500020 pidfd=5] Activated service 'org.freedesktop.systemd1' failed: Process org.freedesktop.systemd1 exited with status 1
dbus-daemon[500020]: [session uid=1000 pid=500020 pidfd=5] Successfully activated service 'org.freedesktop.impl.portal.desktop.gtk'


dbus-daemon[500020]: [session uid=1000 pid=500020 pidfd=5] Activating service name='org.freedesktop.systemd1' requested by ':1.4' (uid=1000 pid=500301 comm="/usr/bin/dbus-broker-launch --config-file=/usr/sha")

dbus-daemon[500020]: [session uid=1000 pid=500020 pidfd=5] Activated service 'org.freedesktop.systemd1' failed: Process org.freedesktop.systemd1 exited with status 1












dbus-daemon[500020]: [session uid=1000 pid=500020 pidfd=5] Successfully activated service 'org.freedesktop.portal.Desktop'
{"trial": "DC000-fill-BASE-smoke-r00", "mode": "step", "outcome": "verified", "oracle_exact_match": true, "completion_mutations": 1, "routes": ["provider", "provider"], "error": null, "la": "11.79", "prov": {"attempts": 0, "reached": 0}}
dbus-daemon[500020]: [session uid=1000 pid=500020 pidfd=5] Activating service name='org.freedesktop.systemd1' requested by ':1.4' (uid=1000 pid=500301 comm="/usr/bin/dbus-broker-launch --config-file=/usr/sha")
dbus-daemon[500020]: [session uid=1000 pid=500020 pidfd=5] Activated service 'org.freedesktop.systemd1' failed: Process org.freedesktop.systemd1 exited with status 1
dbus-daemon[500020]: [session uid=1000 pid=500020 pidfd=5] Activating service name='org.freedesktop.systemd1' requested by ':1.4' (uid=1000 pid=500301 comm="/usr/bin/dbus-broker-launch --config-file=/usr/sha")
dbus-daemon[500020]: [session uid=1000 pid=500020 pidfd=5] Activated service 'org.freedesktop.systemd1' failed: Process org.freedesktop.systemd1 exited with status 1
dbus-daemon[500020]: [session uid=1000 pid=500020 pidfd=5] Activating service name='org.freedesktop.systemd1' requested by ':1.4' (uid=1000 pid=500301 comm="/usr/bin/dbus-broker-launch --config-file=/usr/sha")
dbus-daemon[500020]: [session uid=1000 pid=500020 pidfd=5] Activated service 'org.freedesktop.systemd1' failed: Process org.freedesktop.systemd1 exited with status 1
{"trial": "DC001-fill-BASE-smoke-r01", "mode": "step", "outcome": "verified", "oracle_exact_match": true, "completion_mutations": 1, "routes": ["provider", "provider"], "error": null, "la": "11.33", "prov": {"attempts": 0, "reached": 0}}
dbus-daemon[500020]: [session uid=1000 pid=500020 pidfd=5] Activating service name='org.freedesktop.systemd1' requested by ':1.4' (uid=1000 pid=500301 comm="/usr/bin/dbus-broker-launch --config-file=/usr/sha")
dbus-daemon[500020]: [session uid=1000 pid=500020 pidfd=5] Activated service 'org.freedesktop.systemd1' failed: Process org.freedesktop.systemd1 exited with status 1
dbus-daemon[500020]: [session uid=1000 pid=500020 pidfd=5] Activating service name='org.freedesktop.systemd1' requested by ':1.4' (uid=1000 pid=500301 comm="/usr/bin/dbus-broker-launch --config-file=/usr/sha")
dbus-daemon[500020]: [session uid=1000 pid=500020 pidfd=5] Activated service 'org.freedesktop.systemd1' failed: Process org.freedesktop.systemd1 exited with status 1
dbus-daemon[500020]: [session uid=1000 pid=500020 pidfd=5] Activating service name='org.freedesktop.systemd1' requested by ':1.4' (uid=1000 pid=500301 comm="/usr/bin/dbus-broker-launch --config-file=/usr/sha")
dbus-daemon[500020]: [session uid=1000 pid=500020 pidfd=5] Activated service 'org.freedesktop.systemd1' failed: Process org.freedesktop.systemd1 exited with status 1
{"trial": "DC002-fill-BASE-smoke-r02", "mode": "step", "outcome": "verified", "oracle_exact_match": true, "completion_mutations": 1, "routes": ["provider", "provider"], "error": null, "la": "10.98", "prov": {"attempts": 0, "reached": 0}}
dbus-daemon[500020]: [session uid=1000 pid=500020 pidfd=5] Activating service name='org.freedesktop.systemd1' requested by ':1.4' (uid=1000 pid=500301 comm="/usr/bin/dbus-broker-launch --config-file=/usr/sha")
dbus-daemon[500020]: [session uid=1000 pid=500020 pidfd=5] Activated service 'org.freedesktop.systemd1' failed: Process org.freedesktop.systemd1 exited with status 1
dbus-daemon[500020]: [session uid=1000 pid=500020 pidfd=5] Activating service name='org.freedesktop.systemd1' requested by ':1.4' (uid=1000 pid=500301 comm="/usr/bin/dbus-broker-launch --config-file=/usr/sha")
dbus-daemon[500020]: [session uid=1000 pid=500020 pidfd=5] Activated service 'org.freedesktop.systemd1' failed: Process org.freedesktop.systemd1 exited with status 1
dbus-daemon[500020]: [session uid=1000 pid=500020 pidfd=5] Activating service name='org.freedesktop.systemd1' requested by ':1.4' (uid=1000 pid=500301 comm="/usr/bin/dbus-broker-launch --config-file=/usr/sha")
dbus-daemon[500020]: [session uid=1000 pid=500020 pidfd=5] Activated service 'org.freedesktop.systemd1' failed: Process org.freedesktop.systemd1 exited with status 1
{"trial": "DC003-fill-BASE-smoke-r03", "mode": "step", "outcome": "verified", "oracle_exact_match": true, "completion_mutations": 1, "routes": ["provider", "provider"], "error": null, "la": "10.66", "prov": {"attempts": 0, "reached": 0}}
dbus-daemon[500020]: [session uid=1000 pid=500020 pidfd=5] Activating service name='org.freedesktop.systemd1' requested by ':1.4' (uid=1000 pid=500301 comm="/usr/bin/dbus-broker-launch --config-file=/usr/sha")
dbus-daemon[500020]: [session uid=1000 pid=500020 pidfd=5] Activated service 'org.freedesktop.systemd1' failed: Process org.freedesktop.systemd1 exited with status 1
dbus-daemon[500020]: [session uid=1000 pid=500020 pidfd=5] Activating service name='org.freedesktop.systemd1' requested by ':1.4' (uid=1000 pid=500301 comm="/usr/bin/dbus-broker-launch --config-file=/usr/sha")
dbus-daemon[500020]: [session uid=1000 pid=500020 pidfd=5] Activated service 'org.freedesktop.systemd1' failed: Process org.freedesktop.systemd1 exited with status 1
dbus-daemon[500020]: [session uid=1000 pid=500020 pidfd=5] Activating service name='org.freedesktop.systemd1' requested by ':1.4' (uid=1000 pid=500301 comm="/usr/bin/dbus-broker-launch --config-file=/usr/sha")
dbus-daemon[500020]: [session uid=1000 pid=500020 pidfd=5] Activated service 'org.freedesktop.systemd1' failed: Process org.freedesktop.systemd1 exited with status 1
{"trial": "DC004-fill-BASE-smoke-r04", "mode": "step", "outcome": "verified", "oracle_exact_match": true, "completion_mutations": 1, "routes": ["provider", "provider"], "error": null, "la": "10.69", "prov": {"attempts": 0, "reached": 0}}
dbus-daemon[500020]: [session uid=1000 pid=500020 pidfd=5] Activating service name='org.freedesktop.systemd1' requested by ':1.4' (uid=1000 pid=500301 comm="/usr/bin/dbus-broker-launch --config-file=/usr/sha")
dbus-daemon[500020]: [session uid=1000 pid=500020 pidfd=5] Activated service 'org.freedesktop.systemd1' failed: Process org.freedesktop.systemd1 exited with status 1
dbus-daemon[500020]: [session uid=1000 pid=500020 pidfd=5] Activating service name='org.freedesktop.systemd1' requested by ':1.4' (uid=1000 pid=500301 comm="/usr/bin/dbus-broker-launch --config-file=/usr/sha")
dbus-daemon[500020]: [session uid=1000 pid=500020 pidfd=5] Activated service 'org.freedesktop.systemd1' failed: Process org.freedesktop.systemd1 exited with status 1
dbus-daemon[500020]: [session uid=1000 pid=500020 pidfd=5] Activating service name='org.freedesktop.systemd1' requested by ':1.4' (uid=1000 pid=500301 comm="/usr/bin/dbus-broker-launch --config-file=/usr/sha")
dbus-daemon[500020]: [session uid=1000 pid=500020 pidfd=5] Activated service 'org.freedesktop.systemd1' failed: Process org.freedesktop.systemd1 exited with status 1
{"trial": "DC005-toggle-BASE-smoke-r00", "mode": "step", "outcome": "verified", "oracle_exact_match": true, "completion_mutations": 1, "routes": ["provider", "provider"], "error": null, "la": "11.43", "prov": {"attempts": 0, "reached": 0}}
dbus-daemon[500020]: [session uid=1000 pid=500020 pidfd=5] Activating service name='org.freedesktop.systemd1' requested by ':1.4' (uid=1000 pid=500301 comm="/usr/bin/dbus-broker-launch --config-file=/usr/sha")
dbus-daemon[500020]: [session uid=1000 pid=500020 pidfd=5] Activated service 'org.freedesktop.systemd1' failed: Process org.freedesktop.systemd1 exited with status 1
dbus-daemon[500020]: [session uid=1000 pid=500020 pidfd=5] Activating service name='org.freedesktop.systemd1' requested by ':1.4' (uid=1000 pid=500301 comm="/usr/bin/dbus-broker-launch --config-file=/usr/sha")
dbus-daemon[500020]: [session uid=1000 pid=500020 pidfd=5] Activated service 'org.freedesktop.systemd1' failed: Process org.freedesktop.systemd1 exited with status 1
dbus-daemon[500020]: [session uid=1000 pid=500020 pidfd=5] Activating service name='org.freedesktop.systemd1' requested by ':1.4' (uid=1000 pid=500301 comm="/usr/bin/dbus-broker-launch --config-file=/usr/sha")
dbus-daemon[500020]: [session uid=1000 pid=500020 pidfd=5] Activated service 'org.freedesktop.systemd1' failed: Process org.freedesktop.systemd1 exited with status 1
{"trial": "DC006-toggle-BASE-smoke-r01", "mode": "step", "outcome": "verified", "oracle_exact_match": true, "completion_mutations": 1, "routes": ["provider", "provider"], "error": null, "la": "11.43", "prov": {"attempts": 0, "reached": 0}}
dbus-daemon[500020]: [session uid=1000 pid=500020 pidfd=5] Activating service name='org.freedesktop.systemd1' requested by ':1.4' (uid=1000 pid=500301 comm="/usr/bin/dbus-broker-launch --config-file=/usr/sha")
dbus-daemon[500020]: [session uid=1000 pid=500020 pidfd=5] Activated service 'org.freedesktop.systemd1' failed: Process org.freedesktop.systemd1 exited with status 1
dbus-daemon[500020]: [session uid=1000 pid=500020 pidfd=5] Activating service name='org.freedesktop.systemd1' requested by ':1.4' (uid=1000 pid=500301 comm="/usr/bin/dbus-broker-launch --config-file=/usr/sha")
dbus-daemon[500020]: [session uid=1000 pid=500020 pidfd=5] Activated service 'org.freedesktop.systemd1' failed: Process org.freedesktop.systemd1 exited with status 1
dbus-daemon[500020]: [session uid=1000 pid=500020 pidfd=5] Activating service name='org.freedesktop.systemd1' requested by ':1.4' (uid=1000 pid=500301 comm="/usr/bin/dbus-broker-launch --config-file=/usr/sha")
dbus-daemon[500020]: [session uid=1000 pid=500020 pidfd=5] Activated service 'org.freedesktop.systemd1' failed: Process org.freedesktop.systemd1 exited with status 1
{"trial": "DC007-toggle-BASE-smoke-r02", "mode": "step", "outcome": "verified", "oracle_exact_match": true, "completion_mutations": 1, "routes": ["provider", "provider"], "error": null, "la": "12.12", "prov": {"attempts": 0, "reached": 0}}
dbus-daemon[500020]: [session uid=1000 pid=500020 pidfd=5] Activating service name='org.freedesktop.systemd1' requested by ':1.4' (uid=1000 pid=500301 comm="/usr/bin/dbus-broker-launch --config-file=/usr/sha")
dbus-daemon[500020]: [session uid=1000 pid=500020 pidfd=5] Activated service 'org.freedesktop.systemd1' failed: Process org.freedesktop.systemd1 exited with status 1
dbus-daemon[500020]: [session uid=1000 pid=500020 pidfd=5] Activating service name='org.freedesktop.systemd1' requested by ':1.4' (uid=1000 pid=500301 comm="/usr/bin/dbus-broker-launch --config-file=/usr/sha")
dbus-daemon[500020]: [session uid=1000 pid=500020 pidfd=5] Activated service 'org.freedesktop.systemd1' failed: Process org.freedesktop.systemd1 exited with status 1
dbus-daemon[500020]: [session uid=1000 pid=500020 pidfd=5] Activating service name='org.freedesktop.systemd1' requested by ':1.4' (uid=1000 pid=500301 comm="/usr/bin/dbus-broker-launch --config-file=/usr/sha")
dbus-daemon[500020]: [session uid=1000 pid=500020 pidfd=5] Activated service 'org.freedesktop.systemd1' failed: Process org.freedesktop.systemd1 exited with status 1
{"trial": "DC008-toggle-BASE-smoke-r03", "mode": "step", "outcome": "verified", "oracle_exact_match": true, "completion_mutations": 1, "routes": ["provider", "provider"], "error": null, "la": "11.71", "prov": {"attempts": 0, "reached": 0}}
dbus-daemon[500020]: [session uid=1000 pid=500020 pidfd=5] Activating service name='org.freedesktop.systemd1' requested by ':1.4' (uid=1000 pid=500301 comm="/usr/bin/dbus-broker-launch --config-file=/usr/sha")
dbus-daemon[500020]: [session uid=1000 pid=500020 pidfd=5] Activated service 'org.freedesktop.systemd1' failed: Process org.freedesktop.systemd1 exited with status 1
dbus-daemon[500020]: [session uid=1000 pid=500020 pidfd=5] Activating service name='org.freedesktop.systemd1' requested by ':1.4' (uid=1000 pid=500301 comm="/usr/bin/dbus-broker-launch --config-file=/usr/sha")
dbus-daemon[500020]: [session uid=1000 pid=500020 pidfd=5] Activated service 'org.freedesktop.systemd1' failed: Process org.freedesktop.systemd1 exited with status 1
dbus-daemon[500020]: [session uid=1000 pid=500020 pidfd=5] Activating service name='org.freedesktop.systemd1' requested by ':1.4' (uid=1000 pid=500301 comm="/usr/bin/dbus-broker-launch --config-file=/usr/sha")
dbus-daemon[500020]: [session uid=1000 pid=500020 pidfd=5] Activated service 'org.freedesktop.systemd1' failed: Process org.freedesktop.systemd1 exited with status 1
{"trial": "DC009-toggle-BASE-smoke-r04", "mode": "step", "outcome": "verified", "oracle_exact_match": true, "completion_mutations": 1, "routes": ["provider", "provider"], "error": null, "la": "11.71", "prov": {"attempts": 0, "reached": 0}}
dbus-daemon[500020]: [session uid=1000 pid=500020 pidfd=5] Activating service name='org.freedesktop.systemd1' requested by ':1.4' (uid=1000 pid=500301 comm="/usr/bin/dbus-broker-launch --config-file=/usr/sha")
dbus-daemon[500020]: [session uid=1000 pid=500020 pidfd=5] Activated service 'org.freedesktop.systemd1' failed: Process org.freedesktop.systemd1 exited with status 1
dbus-daemon[500020]: [session uid=1000 pid=500020 pidfd=5] Activating service name='org.freedesktop.systemd1' requested by ':1.4' (uid=1000 pid=500301 comm="/usr/bin/dbus-broker-launch --config-file=/usr/sha")
dbus-daemon[500020]: [session uid=1000 pid=500020 pidfd=5] Activated service 'org.freedesktop.systemd1' failed: Process org.freedesktop.systemd1 exited with status 1
dbus-daemon[500020]: [session uid=1000 pid=500020 pidfd=5] Activating service name='org.freedesktop.systemd1' requested by ':1.4' (uid=1000 pid=500301 comm="/usr/bin/dbus-broker-launch --config-file=/usr/sha")
dbus-daemon[500020]: [session uid=1000 pid=500020 pidfd=5] Activated service 'org.freedesktop.systemd1' failed: Process org.freedesktop.systemd1 exited with status 1
{"trial": "DC010-modal-BASE-smoke-r00", "mode": "step", "outcome": "verified", "oracle_exact_match": true, "completion_mutations": 1, "routes": ["provider", "provider"], "error": null, "la": "11.65", "prov": {"attempts": 0, "reached": 0}}
dbus-daemon[500020]: [session uid=1000 pid=500020 pidfd=5] Activating service name='org.freedesktop.systemd1' requested by ':1.4' (uid=1000 pid=500301 comm="/usr/bin/dbus-broker-launch --config-file=/usr/sha")
dbus-daemon[500020]: [session uid=1000 pid=500020 pidfd=5] Activated service 'org.freedesktop.systemd1' failed: Process org.freedesktop.systemd1 exited with status 1
dbus-daemon[500020]: [session uid=1000 pid=500020 pidfd=5] Activating service name='org.freedesktop.systemd1' requested by ':1.4' (uid=1000 pid=500301 comm="/usr/bin/dbus-broker-launch --config-file=/usr/sha")
dbus-daemon[500020]: [session uid=1000 pid=500020 pidfd=5] Activated service 'org.freedesktop.systemd1' failed: Process org.freedesktop.systemd1 exited with status 1
dbus-daemon[500020]: [session uid=1000 pid=500020 pidfd=5] Activating service name='org.freedesktop.systemd1' requested by ':1.4' (uid=1000 pid=500301 comm="/usr/bin/dbus-broker-launch --config-file=/usr/sha")
dbus-daemon[500020]: [session uid=1000 pid=500020 pidfd=5] Activated service 'org.freedesktop.systemd1' failed: Process org.freedesktop.systemd1 exited with status 1
{"trial": "DC011-modal-BASE-smoke-r01", "mode": "step", "outcome": "verified", "oracle_exact_match": true, "completion_mutations": 1, "routes": ["provider", "provider"], "error": null, "la": "13.51", "prov": {"attempts": 0, "reached": 0}}
dbus-daemon[500020]: [session uid=1000 pid=500020 pidfd=5] Activating service name='org.freedesktop.systemd1' requested by ':1.4' (uid=1000 pid=500301 comm="/usr/bin/dbus-broker-launch --config-file=/usr/sha")
dbus-daemon[500020]: [session uid=1000 pid=500020 pidfd=5] Activated service 'org.freedesktop.systemd1' failed: Process org.freedesktop.systemd1 exited with status 1
dbus-daemon[500020]: [session uid=1000 pid=500020 pidfd=5] Activating service name='org.freedesktop.systemd1' requested by ':1.4' (uid=1000 pid=500301 comm="/usr/bin/dbus-broker-launch --config-file=/usr/sha")
dbus-daemon[500020]: [session uid=1000 pid=500020 pidfd=5] Activated service 'org.freedesktop.systemd1' failed: Process org.freedesktop.systemd1 exited with status 1
dbus-daemon[500020]: [session uid=1000 pid=500020 pidfd=5] Activating service name='org.freedesktop.systemd1' requested by ':1.4' (uid=1000 pid=500301 comm="/usr/bin/dbus-broker-launch --config-file=/usr/sha")
dbus-daemon[500020]: [session uid=1000 pid=500020 pidfd=5] Activated service 'org.freedesktop.systemd1' failed: Process org.freedesktop.systemd1 exited with status 1
{"trial": "DC012-modal-BASE-smoke-r02", "mode": "step", "outcome": "verified", "oracle_exact_match": true, "completion_mutations": 1, "routes": ["provider", "provider"], "error": null, "la": "13.51", "prov": {"attempts": 0, "reached": 0}}
dbus-daemon[500020]: [session uid=1000 pid=500020 pidfd=5] Activating service name='org.freedesktop.systemd1' requested by ':1.4' (uid=1000 pid=500301 comm="/usr/bin/dbus-broker-launch --config-file=/usr/sha")
dbus-daemon[500020]: [session uid=1000 pid=500020 pidfd=5] Activated service 'org.freedesktop.systemd1' failed: Process org.freedesktop.systemd1 exited with status 1
dbus-daemon[500020]: [session uid=1000 pid=500020 pidfd=5] Activating service name='org.freedesktop.systemd1' requested by ':1.4' (uid=1000 pid=500301 comm="/usr/bin/dbus-broker-launch --config-file=/usr/sha")
dbus-daemon[500020]: [session uid=1000 pid=500020 pidfd=5] Activated service 'org.freedesktop.systemd1' failed: Process org.freedesktop.systemd1 exited with status 1
dbus-daemon[500020]: [session uid=1000 pid=500020 pidfd=5] Activating service name='org.freedesktop.systemd1' requested by ':1.4' (uid=1000 pid=500301 comm="/usr/bin/dbus-broker-launch --config-file=/usr/sha")
dbus-daemon[500020]: [session uid=1000 pid=500020 pidfd=5] Activated service 'org.freedesktop.systemd1' failed: Process org.freedesktop.systemd1 exited with status 1
{"trial": "DC013-modal-BASE-smoke-r03", "mode": "step", "outcome": "verified", "oracle_exact_match": true, "completion_mutations": 1, "routes": ["provider", "provider"], "error": null, "la": "13.63", "prov": {"attempts": 0, "reached": 0}}
dbus-daemon[500020]: [session uid=1000 pid=500020 pidfd=5] Activating service name='org.freedesktop.systemd1' requested by ':1.4' (uid=1000 pid=500301 comm="/usr/bin/dbus-broker-launch --config-file=/usr/sha")
dbus-daemon[500020]: [session uid=1000 pid=500020 pidfd=5] Activated service 'org.freedesktop.systemd1' failed: Process org.freedesktop.systemd1 exited with status 1
dbus-daemon[500020]: [session uid=1000 pid=500020 pidfd=5] Activating service name='org.freedesktop.systemd1' requested by ':1.4' (uid=1000 pid=500301 comm="/usr/bin/dbus-broker-launch --config-file=/usr/sha")
dbus-daemon[500020]: [session uid=1000 pid=500020 pidfd=5] Activated service 'org.freedesktop.systemd1' failed: Process org.freedesktop.systemd1 exited with status 1
dbus-daemon[500020]: [session uid=1000 pid=500020 pidfd=5] Activating service name='org.freedesktop.systemd1' requested by ':1.4' (uid=1000 pid=500301 comm="/usr/bin/dbus-broker-launch --config-file=/usr/sha")
dbus-daemon[500020]: [session uid=1000 pid=500020 pidfd=5] Activated service 'org.freedesktop.systemd1' failed: Process org.freedesktop.systemd1 exited with status 1
{"trial": "DC014-modal-BASE-smoke-r04", "mode": "step", "outcome": "verified", "oracle_exact_match": true, "completion_mutations": 1, "routes": ["provider", "provider"], "error": null, "la": "12.70", "prov": {"attempts": 0, "reached": 0}}
A connection to the bus can't be made
CRITICAL: [dbus_cb_name_lost:1438] Cannot connect to DBus.
[session] exit rc=0 run_dir=<lane-tmp>/x11-session.k230dc
[2026-10-02T18:04:23.881Z] chunk r2-10-p0d-smoke-C rc=0 loadavg=12.70 12.69 12.89
