[2026-10-02T18:06:26.822Z] chunk r2-10-p0e-train mode=shared atspi=0 live=0 loadavg=9.70 11.57 12.44
[session] DISPLAY=:102 openbox=529995 picom=529996 dbus=unix:path=<tmp>/dbus-...,guid=8f72158bbe2a7e88a232da346abff2a5
[r2-10] display=:102 xdg_runtime_private=yes key=absent loadavg=9.40 11.47 12.41 atspi=0
dbus-daemon[529993]: [session uid=1000 pid=529993 pidfd=5] Activating service name='org.a11y.Bus' requested by ':1.0' (uid=1000 pid=530290 comm="<lanes>/bin/cua-driver-r2")
dbus-daemon[529993]: [session uid=1000 pid=529993 pidfd=5] Successfully activated service 'org.a11y.Bus'
dbus-daemon[529993]: [session uid=1000 pid=529993 pidfd=5] Activating service name='ca.desrt.dconf' requested by ':1.1' (uid=1000 pid=530334 comm="/usr/lib/at-spi-bus-launcher")
dbus-daemon[529993]: [session uid=1000 pid=529993 pidfd=5] Successfully activated service 'ca.desrt.dconf'
dbus-daemon[529993]: [session uid=1000 pid=529993 pidfd=5] Activating service name='org.freedesktop.systemd1' requested by ':1.4' (uid=1000 pid=530350 comm="/usr/bin/dbus-broker-launch --config-file=/usr/sha")
dbus-daemon[529993]: [session uid=1000 pid=529993 pidfd=5] Activated service 'org.freedesktop.systemd1' failed: Process org.freedesktop.systemd1 exited with status 1
dbus-daemon[529993]: [session uid=1000 pid=529993 pidfd=5] Activating service name='org.gtk.vfs.Daemon' requested by ':1.5' (uid=1000 pid=530566 comm="/opt/google/chrome/chrome --remote-debugging-port=")
dbus-daemon[529993]: [session uid=1000 pid=529993 pidfd=5] Successfully activated service 'org.gtk.vfs.Daemon'
fusermount3: mount failed: Operation not permitted
dbus-daemon[529993]: [session uid=1000 pid=529993 pidfd=5] Activating service name='org.freedesktop.systemd1' requested by ':1.4' (uid=1000 pid=530350 comm="/usr/bin/dbus-broker-launch --config-file=/usr/sha")
dbus-daemon[529993]: [session uid=1000 pid=529993 pidfd=5] Activated service 'org.freedesktop.systemd1' failed: Process org.freedesktop.systemd1 exited with status 1
dbus-daemon[529993]: [session uid=1000 pid=529993 pidfd=5] Activating service name='org.freedesktop.systemd1' requested by ':1.4' (uid=1000 pid=530350 comm="/usr/bin/dbus-broker-launch --config-file=/usr/sha")
dbus-daemon[529993]: [session uid=1000 pid=529993 pidfd=5] Activated service 'org.freedesktop.systemd1' failed: Process org.freedesktop.systemd1 exited with status 1
dbus-daemon[529993]: [session uid=1000 pid=529993 pidfd=5] Activating service name='org.freedesktop.Notifications' requested by ':1.7' (uid=1000 pid=530566 comm="/opt/google/chrome/chrome --remote-debugging-port=")
dbus-daemon[529993]: [session uid=1000 pid=529993 pidfd=5] Activating service name='org.freedesktop.portal.Desktop' requested by ':1.7' (uid=1000 pid=530566 comm="/opt/google/chrome/chrome --remote-debugging-port=")
dbus-daemon[529993]: [session uid=1000 pid=529993 pidfd=5] Successfully activated service 'org.freedesktop.Notifications'
dbus-daemon[529993]: [session uid=1000 pid=529993 pidfd=5] Activating service name='org.freedesktop.impl.portal.PermissionStore' requested by ':1.9' (uid=1000 pid=530799 comm="/usr/lib/xdg-desktop-portal")
dbus-daemon[529993]: [session uid=1000 pid=529993 pidfd=5] Successfully activated service 'org.freedesktop.impl.portal.PermissionStore'
dbus-daemon[529993]: [session uid=1000 pid=529993 pidfd=5] Activating service name='org.freedesktop.portal.Documents' requested by ':1.9' (uid=1000 pid=530799 comm="/usr/lib/xdg-desktop-portal")
dbus-daemon[529993]: [session uid=1000 pid=529993 pidfd=5] Successfully activated service 'org.freedesktop.portal.Documents'
fusermount3: mount failed: Operation not permitted
error: fuse init failed: Can't mount path <lane-tmp>/x11-session.ubVDSF/xdg-runtime/doc


dbus-daemon[529993]: [session uid=1000 pid=529993 pidfd=5] Activating service name='org.freedesktop.impl.portal.desktop.gtk' requested by ':1.9' (uid=1000 pid=530799 comm="/usr/lib/xdg-desktop-portal")
dbus-daemon[529993]: [session uid=1000 pid=529993 pidfd=5] Activating service name='org.freedesktop.systemd1' requested by ':1.4' (uid=1000 pid=530350 comm="/usr/bin/dbus-broker-launch --config-file=/usr/sha")
dbus-daemon[529993]: [session uid=1000 pid=529993 pidfd=5] Activated service 'org.freedesktop.systemd1' failed: Process org.freedesktop.systemd1 exited with status 1
dbus-daemon[529993]: 

[session uid=1000 pid=529993 pidfd=5] Successfully activated service 'org.freedesktop.impl.portal.desktop.gtk'
dbus-daemon[529993]: [session uid=1000 pid=529993 pidfd=5] Activating service name='org.freedesktop.systemd1' requested by ':1.4' (uid=1000 pid=530350 comm="/usr/bin/dbus-broker-launch --config-file=/usr/sha")

dbus-daemon[529993]: [session uid=1000 pid=529993 pidfd=5] Activated service 'org.freedesktop.systemd1' failed: Process org.freedesktop.systemd1 exited with status 1












dbus-daemon[529993]: [session uid=1000 pid=529993 pidfd=5] Successfully activated service 'org.freedesktop.portal.Desktop'
dbus-daemon[529993]: [session uid=1000 pid=529993 pidfd=5] Activating service name='org.freedesktop.systemd1' requested by ':1.4' (uid=1000 pid=530350 comm="/usr/bin/dbus-broker-launch --config-file=/usr/sha")
dbus-daemon[529993]: [session uid=1000 pid=529993 pidfd=5] Activated service 'org.freedesktop.systemd1' failed: Process org.freedesktop.systemd1 exited with status 1
dbus-daemon[529993]: [session uid=1000 pid=529993 pidfd=5] Activating service name='org.freedesktop.systemd1' requested by ':1.4' (uid=1000 pid=530350 comm="/usr/bin/dbus-broker-launch --config-file=/usr/sha")
dbus-daemon[529993]: [session uid=1000 pid=529993 pidfd=5] Activated service 'org.freedesktop.systemd1' failed: Process org.freedesktop.systemd1 exited with status 1
dbus-daemon[529993]: [session uid=1000 pid=529993 pidfd=5] Activating service name='org.freedesktop.systemd1' requested by ':1.4' (uid=1000 pid=530350 comm="/usr/bin/dbus-broker-launch --config-file=/usr/sha")
dbus-daemon[529993]: [session uid=1000 pid=529993 pidfd=5] Activated service 'org.freedesktop.systemd1' failed: Process org.freedesktop.systemd1 exited with status 1
{"trial": "G000-fill-COMP-measured-r00", "mode": "train", "outcome": "verified", "oracle_exact_match": true, "completion_mutations": 1, "routes": ["provider", "guarded-completion"], "error": null, "la": "9.40", "prov": {"attempts": 0, "reached": 0}}
dbus-daemon[529993]: [session uid=1000 pid=529993 pidfd=5] Activating service name='org.freedesktop.systemd1' requested by ':1.4' (uid=1000 pid=530350 comm="/usr/bin/dbus-broker-launch --config-file=/usr/sha")
dbus-daemon[529993]: [session uid=1000 pid=529993 pidfd=5] Activated service 'org.freedesktop.systemd1' failed: Process org.freedesktop.systemd1 exited with status 1
dbus-daemon[529993]: [session uid=1000 pid=529993 pidfd=5] Activating service name='org.freedesktop.systemd1' requested by ':1.4' (uid=1000 pid=530350 comm="/usr/bin/dbus-broker-launch --config-file=/usr/sha")
dbus-daemon[529993]: [session uid=1000 pid=529993 pidfd=5] Activated service 'org.freedesktop.systemd1' failed: Process org.freedesktop.systemd1 exited with status 1
dbus-daemon[529993]: [session uid=1000 pid=529993 pidfd=5] Activating service name='org.freedesktop.systemd1' requested by ':1.4' (uid=1000 pid=530350 comm="/usr/bin/dbus-broker-launch --config-file=/usr/sha")
dbus-daemon[529993]: [session uid=1000 pid=529993 pidfd=5] Activated service 'org.freedesktop.systemd1' failed: Process org.freedesktop.systemd1 exited with status 1
dbus-daemon[529993]: [session uid=1000 pid=529993 pidfd=5] Activating service name='org.freedesktop.systemd1' requested by ':1.4' (uid=1000 pid=530350 comm="/usr/bin/dbus-broker-launch --config-file=/usr/sha")
dbus-daemon[529993]: [session uid=1000 pid=529993 pidfd=5] Activated service 'org.freedesktop.systemd1' failed: Process org.freedesktop.systemd1 exited with status 1
dbus-daemon[529993]: [session uid=1000 pid=529993 pidfd=5] Activating service name='org.freedesktop.systemd1' requested by ':1.4' (uid=1000 pid=530350 comm="/usr/bin/dbus-broker-launch --config-file=/usr/sha")
dbus-daemon[529993]: [session uid=1000 pid=529993 pidfd=5] Activated service 'org.freedesktop.systemd1' failed: Process org.freedesktop.systemd1 exited with status 1
dbus-daemon[529993]: [session uid=1000 pid=529993 pidfd=5] Activating service name='org.freedesktop.systemd1' requested by ':1.4' (uid=1000 pid=530350 comm="/usr/bin/dbus-broker-launch --config-file=/usr/sha")
dbus-daemon[529993]: [session uid=1000 pid=529993 pidfd=5] Activated service 'org.freedesktop.systemd1' failed: Process org.freedesktop.systemd1 exited with status 1
{"trial": "G001-fill-COMP-measured-r01", "mode": "train", "outcome": "verified", "oracle_exact_match": true, "completion_mutations": 1, "routes": ["provider", "guarded-completion"], "error": null, "la": "8.97", "prov": {"attempts": 0, "reached": 0}}
dbus-daemon[529993]: [session uid=1000 pid=529993 pidfd=5] Activating service name='org.freedesktop.systemd1' requested by ':1.4' (uid=1000 pid=530350 comm="/usr/bin/dbus-broker-launch --config-file=/usr/sha")
dbus-daemon[529993]: [session uid=1000 pid=529993 pidfd=5] Activated service 'org.freedesktop.systemd1' failed: Process org.freedesktop.systemd1 exited with status 1
dbus-daemon[529993]: [session uid=1000 pid=529993 pidfd=5] Activating service name='org.freedesktop.systemd1' requested by ':1.4' (uid=1000 pid=530350 comm="/usr/bin/dbus-broker-launch --config-file=/usr/sha")
dbus-daemon[529993]: [session uid=1000 pid=529993 pidfd=5] Activated service 'org.freedesktop.systemd1' failed: Process org.freedesktop.systemd1 exited with status 1
dbus-daemon[529993]: [session uid=1000 pid=529993 pidfd=5] Activating service name='org.freedesktop.systemd1' requested by ':1.4' (uid=1000 pid=530350 comm="/usr/bin/dbus-broker-launch --config-file=/usr/sha")
dbus-daemon[529993]: [session uid=1000 pid=529993 pidfd=5] Activated service 'org.freedesktop.systemd1' failed: Process org.freedesktop.systemd1 exited with status 1
dbus-daemon[529993]: [session uid=1000 pid=529993 pidfd=5] Activating service name='org.freedesktop.systemd1' requested by ':1.4' (uid=1000 pid=530350 comm="/usr/bin/dbus-broker-launch --config-file=/usr/sha")
dbus-daemon[529993]: [session uid=1000 pid=529993 pidfd=5] Activated service 'org.freedesktop.systemd1' failed: Process org.freedesktop.systemd1 exited with status 1
dbus-daemon[529993]: [session uid=1000 pid=529993 pidfd=5] Activating service name='org.freedesktop.systemd1' requested by ':1.4' (uid=1000 pid=530350 comm="/usr/bin/dbus-broker-launch --config-file=/usr/sha")
dbus-daemon[529993]: [session uid=1000 pid=529993 pidfd=5] Activated service 'org.freedesktop.systemd1' failed: Process org.freedesktop.systemd1 exited with status 1
dbus-daemon[529993]: [session uid=1000 pid=529993 pidfd=5] Activating service name='org.freedesktop.systemd1' requested by ':1.4' (uid=1000 pid=530350 comm="/usr/bin/dbus-broker-launch --config-file=/usr/sha")
dbus-daemon[529993]: [session uid=1000 pid=529993 pidfd=5] Activated service 'org.freedesktop.systemd1' failed: Process org.freedesktop.systemd1 exited with status 1
{"trial": "G002-fill-COMP-measured-r02", "mode": "train", "outcome": "verified", "oracle_exact_match": true, "completion_mutations": 1, "routes": ["provider", "guarded-completion"], "error": null, "la": "8.97", "prov": {"attempts": 0, "reached": 0}}
dbus-daemon[529993]: [session uid=1000 pid=529993 pidfd=5] Activating service name='org.freedesktop.systemd1' requested by ':1.4' (uid=1000 pid=530350 comm="/usr/bin/dbus-broker-launch --config-file=/usr/sha")
dbus-daemon[529993]: [session uid=1000 pid=529993 pidfd=5] Activated service 'org.freedesktop.systemd1' failed: Process org.freedesktop.systemd1 exited with status 1
dbus-daemon[529993]: [session uid=1000 pid=529993 pidfd=5] Activating service name='org.freedesktop.systemd1' requested by ':1.4' (uid=1000 pid=530350 comm="/usr/bin/dbus-broker-launch --config-file=/usr/sha")
dbus-daemon[529993]: [session uid=1000 pid=529993 pidfd=5] Activated service 'org.freedesktop.systemd1' failed: Process org.freedesktop.systemd1 exited with status 1
dbus-daemon[529993]: [session uid=1000 pid=529993 pidfd=5] Activating service name='org.freedesktop.systemd1' requested by ':1.4' (uid=1000 pid=530350 comm="/usr/bin/dbus-broker-launch --config-file=/usr/sha")
dbus-daemon[529993]: [session uid=1000 pid=529993 pidfd=5] Activated service 'org.freedesktop.systemd1' failed: Process org.freedesktop.systemd1 exited with status 1
dbus-daemon[529993]: [session uid=1000 pid=529993 pidfd=5] Activating service name='org.freedesktop.systemd1' requested by ':1.4' (uid=1000 pid=530350 comm="/usr/bin/dbus-broker-launch --config-file=/usr/sha")
dbus-daemon[529993]: [session uid=1000 pid=529993 pidfd=5] Activated service 'org.freedesktop.systemd1' failed: Process org.freedesktop.systemd1 exited with status 1
dbus-daemon[529993]: [session uid=1000 pid=529993 pidfd=5] Activating service name='org.freedesktop.systemd1' requested by ':1.4' (uid=1000 pid=530350 comm="/usr/bin/dbus-broker-launch --config-file=/usr/sha")
dbus-daemon[529993]: [session uid=1000 pid=529993 pidfd=5] Activated service 'org.freedesktop.systemd1' failed: Process org.freedesktop.systemd1 exited with status 1
dbus-daemon[529993]: [session uid=1000 pid=529993 pidfd=5] Activating service name='org.freedesktop.systemd1' requested by ':1.4' (uid=1000 pid=530350 comm="/usr/bin/dbus-broker-launch --config-file=/usr/sha")
dbus-daemon[529993]: [session uid=1000 pid=529993 pidfd=5] Activated service 'org.freedesktop.systemd1' failed: Process org.freedesktop.systemd1 exited with status 1
{"trial": "G003-fill-COMP-measured-r03", "mode": "train", "outcome": "verified", "oracle_exact_match": true, "completion_mutations": 1, "routes": ["provider", "guarded-completion"], "error": null, "la": "10.81", "prov": {"attempts": 0, "reached": 0}}
dbus-daemon[529993]: [session uid=1000 pid=529993 pidfd=5] Activating service name='org.freedesktop.systemd1' requested by ':1.4' (uid=1000 pid=530350 comm="/usr/bin/dbus-broker-launch --config-file=/usr/sha")
dbus-daemon[529993]: [session uid=1000 pid=529993 pidfd=5] Activated service 'org.freedesktop.systemd1' failed: Process org.freedesktop.systemd1 exited with status 1
dbus-daemon[529993]: [session uid=1000 pid=529993 pidfd=5] Activating service name='org.freedesktop.systemd1' requested by ':1.4' (uid=1000 pid=530350 comm="/usr/bin/dbus-broker-launch --config-file=/usr/sha")
dbus-daemon[529993]: [session uid=1000 pid=529993 pidfd=5] Activated service 'org.freedesktop.systemd1' failed: Process org.freedesktop.systemd1 exited with status 1
dbus-daemon[529993]: [session uid=1000 pid=529993 pidfd=5] Activating service name='org.freedesktop.systemd1' requested by ':1.4' (uid=1000 pid=530350 comm="/usr/bin/dbus-broker-launch --config-file=/usr/sha")
dbus-daemon[529993]: [session uid=1000 pid=529993 pidfd=5] Activated service 'org.freedesktop.systemd1' failed: Process org.freedesktop.systemd1 exited with status 1
dbus-daemon[529993]: [session uid=1000 pid=529993 pidfd=5] Activating service name='org.freedesktop.systemd1' requested by ':1.4' (uid=1000 pid=530350 comm="/usr/bin/dbus-broker-launch --config-file=/usr/sha")
dbus-daemon[529993]: [session uid=1000 pid=529993 pidfd=5] Activated service 'org.freedesktop.systemd1' failed: Process org.freedesktop.systemd1 exited with status 1
dbus-daemon[529993]: [session uid=1000 pid=529993 pidfd=5] Activating service name='org.freedesktop.systemd1' requested by ':1.4' (uid=1000 pid=530350 comm="/usr/bin/dbus-broker-launch --config-file=/usr/sha")
dbus-daemon[529993]: [session uid=1000 pid=529993 pidfd=5] Activated service 'org.freedesktop.systemd1' failed: Process org.freedesktop.systemd1 exited with status 1
dbus-daemon[529993]: [session uid=1000 pid=529993 pidfd=5] Activating service name='org.freedesktop.systemd1' requested by ':1.4' (uid=1000 pid=530350 comm="/usr/bin/dbus-broker-launch --config-file=/usr/sha")
dbus-daemon[529993]: [session uid=1000 pid=529993 pidfd=5] Activated service 'org.freedesktop.systemd1' failed: Process org.freedesktop.systemd1 exited with status 1
{"trial": "G004-fill-COMP-measured-r04", "mode": "train", "outcome": "verified", "oracle_exact_match": true, "completion_mutations": 1, "routes": ["provider", "guarded-completion"], "error": null, "la": "10.81", "prov": {"attempts": 0, "reached": 0}}
A connection to the bus can't be made
X connection to :102 broken (explicit kill or server shutdown).
[session] exit rc=0 run_dir=<lane-tmp>/x11-session.ubVDSF
[2026-10-02T18:06:46.357Z] chunk r2-10-p0e-train rc=0 loadavg=10.83 11.68 12.46
