[2026-10-02T17:48:13.071Z] chunk r2-10-lshake2 mode=shared atspi=0 live=1 loadavg=10.85 13.69 13.23
[session] DISPLAY=:100 openbox=329704 picom=329705 dbus=unix:path=<tmp>/dbus-...,guid=f1c3540113b7621ec50209e36abfee60
[r2-10] display=:100 xdg_runtime_private=yes key=present loadavg=10.54 13.58 13.20 atspi=0
dbus-daemon[329701]: [session uid=1000 pid=329701 pidfd=5] Activating service name='org.a11y.Bus' requested by ':1.0' (uid=1000 pid=329859 comm="<lanes>/bin/cua-driver-r2")
dbus-daemon[329701]: [session uid=1000 pid=329701 pidfd=5] Successfully activated service 'org.a11y.Bus'
dbus-daemon[329701]: [session uid=1000 pid=329701 pidfd=5] Activating service name='ca.desrt.dconf' requested by ':1.1' (uid=1000 pid=329871 comm="/usr/lib/at-spi-bus-launcher")
dbus-daemon[329701]: [session uid=1000 pid=329701 pidfd=5] Successfully activated service 'ca.desrt.dconf'
dbus-daemon[329701]: [session uid=1000 pid=329701 pidfd=5] Activating service name='org.freedesktop.systemd1' requested by ':1.4' (uid=1000 pid=329905 comm="/usr/bin/dbus-broker-launch --config-file=/usr/sha")
dbus-daemon[329701]: [session uid=1000 pid=329701 pidfd=5] Activated service 'org.freedesktop.systemd1' failed: Process org.freedesktop.systemd1 exited with status 1
dbus-daemon[329701]: [session uid=1000 pid=329701 pidfd=5] Activating service name='org.gtk.vfs.Daemon' requested by ':1.5' (uid=1000 pid=330008 comm="/opt/google/chrome/chrome --remote-debugging-port=")
dbus-daemon[329701]: [session uid=1000 pid=329701 pidfd=5] Successfully activated service 'org.gtk.vfs.Daemon'
fusermount3: mount failed: Operation not permitted
dbus-daemon[329701]: [session uid=1000 pid=329701 pidfd=5] Activating service name='org.freedesktop.systemd1' requested by ':1.4' (uid=1000 pid=329905 comm="/usr/bin/dbus-broker-launch --config-file=/usr/sha")
dbus-daemon[329701]: [session uid=1000 pid=329701 pidfd=5] Activated service 'org.freedesktop.systemd1' failed: Process org.freedesktop.systemd1 exited with status 1
dbus-daemon[329701]: [session uid=1000 pid=329701 pidfd=5] Activating service name='org.freedesktop.systemd1' requested by ':1.4' (uid=1000 pid=329905 comm="/usr/bin/dbus-broker-launch --config-file=/usr/sha")
dbus-daemon[329701]: [session uid=1000 pid=329701 pidfd=5] Activated service 'org.freedesktop.systemd1' failed: Process org.freedesktop.systemd1 exited with status 1
dbus-daemon[329701]: [session uid=1000 pid=329701 pidfd=5] Activating service name='org.freedesktop.Notifications' requested by ':1.7' (uid=1000 pid=330008 comm="/opt/google/chrome/chrome --remote-debugging-port=")
dbus-daemon[329701]: [session uid=1000 pid=329701 pidfd=5] Activating service name='org.freedesktop.portal.Desktop' requested by ':1.7' (uid=1000 pid=330008 comm="/opt/google/chrome/chrome --remote-debugging-port=")
dbus-daemon[329701]: [session uid=1000 pid=329701 pidfd=5] Activating service name='org.freedesktop.impl.portal.PermissionStore' requested by ':1.9' (uid=1000 pid=330188 comm="/usr/lib/xdg-desktop-portal")
dbus-daemon[329701]: [session uid=1000 pid=329701 pidfd=5] Successfully activated service 'org.freedesktop.Notifications'
dbus-daemon[329701]: [session uid=1000 pid=329701 pidfd=5] Successfully activated service 'org.freedesktop.impl.portal.PermissionStore'
dbus-daemon[329701]: [session uid=1000 pid=329701 pidfd=5] Activating service name='org.freedesktop.portal.Documents' requested by ':1.9' (uid=1000 pid=330188 comm="/usr/lib/xdg-desktop-portal")
dbus-daemon[329701]: [session uid=1000 pid=329701 pidfd=5] Successfully activated service 'org.freedesktop.portal.Documents'
fusermount3: mount failed: Operation not permitted
error: fuse init failed: Can't mount path <lane-tmp>/x11-session.FsXSzy/xdg-runtime/doc


dbus-daemon[329701]: [session uid=1000 pid=329701 pidfd=5] Activating service name='org.freedesktop.impl.portal.desktop.gtk' requested by ':1.9' (uid=1000 pid=330188 comm="/usr/lib/xdg-desktop-portal")
dbus-daemon[329701]: [session uid=1000 pid=329701 pidfd=5] Activating service name='org.freedesktop.systemd1' requested by ':1.4' (uid=1000 pid=329905 comm="/usr/bin/dbus-broker-launch --config-file=/usr/sha")
dbus-daemon[329701]: [session uid=1000 pid=329701 pidfd=5] Activated service 'org.freedesktop.systemd1' failed: Process org.freedesktop.systemd1 exited with status 1
dbus-daemon[329701]: [session uid=1000 pid=329701 pidfd=5] Successfully activated service 'org.freedesktop.impl.portal.desktop.gtk'


dbus-daemon[329701]: [session uid=1000 pid=329701 pidfd=5] Activating service name='org.freedesktop.systemd1' requested by ':1.4' (uid=1000 pid=329905 comm="/usr/bin/dbus-broker-launch --config-file=/usr/sha")

dbus-daemon[329701]: [session uid=1000 pid=329701 pidfd=5] Activated service 'org.freedesktop.systemd1' failed: Process org.freedesktop.systemd1 exited with status 1












dbus-daemon[329701]: [session uid=1000 pid=329701 pidfd=5] Successfully activated service 'org.freedesktop.portal.Desktop'
dbus-daemon[329701]: [session uid=1000 pid=329701 pidfd=5] Activating service name='org.freedesktop.systemd1' requested by ':1.4' (uid=1000 pid=329905 comm="/usr/bin/dbus-broker-launch --config-file=/usr/sha")
dbus-daemon[329701]: [session uid=1000 pid=329701 pidfd=5] Activated service 'org.freedesktop.systemd1' failed: Process org.freedesktop.systemd1 exited with status 1
dbus-daemon[329701]: [session uid=1000 pid=329701 pidfd=5] Activating service name='org.freedesktop.systemd1' requested by ':1.4' (uid=1000 pid=329905 comm="/usr/bin/dbus-broker-launch --config-file=/usr/sha")
dbus-daemon[329701]: [session uid=1000 pid=329701 pidfd=5] Activated service 'org.freedesktop.systemd1' failed: Process org.freedesktop.systemd1 exited with status 1
dbus-daemon[329701]: [session uid=1000 pid=329701 pidfd=5] Activating service name='org.freedesktop.systemd1' requested by ':1.4' (uid=1000 pid=329905 comm="/usr/bin/dbus-broker-launch --config-file=/usr/sha")
dbus-daemon[329701]: [session uid=1000 pid=329701 pidfd=5] Activated service 'org.freedesktop.systemd1' failed: Process org.freedesktop.systemd1 exited with status 1
{"trial": "LK000-fill-COMP-measured-r00", "mode": "train", "outcome": "verified", "oracle_exact_match": true, "completion_mutations": 1, "routes": ["provider", "guarded-completion"], "error": null, "la": "11.14", "prov": {"attempts": 1, "reached": 1}}
dbus-daemon[329701]: [session uid=1000 pid=329701 pidfd=5] Activating service name='org.freedesktop.systemd1' requested by ':1.4' (uid=1000 pid=329905 comm="/usr/bin/dbus-broker-launch --config-file=/usr/sha")
dbus-daemon[329701]: [session uid=1000 pid=329701 pidfd=5] Activated service 'org.freedesktop.systemd1' failed: Process org.freedesktop.systemd1 exited with status 1
dbus-daemon[329701]: [session uid=1000 pid=329701 pidfd=5] Activating service name='org.freedesktop.systemd1' requested by ':1.4' (uid=1000 pid=329905 comm="/usr/bin/dbus-broker-launch --config-file=/usr/sha")
dbus-daemon[329701]: [session uid=1000 pid=329701 pidfd=5] Activated service 'org.freedesktop.systemd1' failed: Process org.freedesktop.systemd1 exited with status 1
dbus-daemon[329701]: [session uid=1000 pid=329701 pidfd=5] Activating service name='org.freedesktop.systemd1' requested by ':1.4' (uid=1000 pid=329905 comm="/usr/bin/dbus-broker-launch --config-file=/usr/sha")
dbus-daemon[329701]: [session uid=1000 pid=329701 pidfd=5] Activated service 'org.freedesktop.systemd1' failed: Process org.freedesktop.systemd1 exited with status 1
{"trial": "LK001-toggle-BASE-measured-r00", "mode": "step", "outcome": "verified", "oracle_exact_match": true, "completion_mutations": 1, "routes": ["provider", "provider"], "error": null, "la": "11.14", "prov": {"attempts": 3, "reached": 3}}
dbus-daemon[329701]: [session uid=1000 pid=329701 pidfd=5] Activating service name='org.freedesktop.systemd1' requested by ':1.4' (uid=1000 pid=329905 comm="/usr/bin/dbus-broker-launch --config-file=/usr/sha")
dbus-daemon[329701]: [session uid=1000 pid=329701 pidfd=5] Activated service 'org.freedesktop.systemd1' failed: Process org.freedesktop.systemd1 exited with status 1
dbus-daemon[329701]: [session uid=1000 pid=329701 pidfd=5] Activating service name='org.freedesktop.systemd1' requested by ':1.4' (uid=1000 pid=329905 comm="/usr/bin/dbus-broker-launch --config-file=/usr/sha")
dbus-daemon[329701]: [session uid=1000 pid=329701 pidfd=5] Activated service 'org.freedesktop.systemd1' failed: Process org.freedesktop.systemd1 exited with status 1
dbus-daemon[329701]: [session uid=1000 pid=329701 pidfd=5] Activating service name='org.freedesktop.systemd1' requested by ':1.4' (uid=1000 pid=329905 comm="/usr/bin/dbus-broker-launch --config-file=/usr/sha")
dbus-daemon[329701]: [session uid=1000 pid=329701 pidfd=5] Activated service 'org.freedesktop.systemd1' failed: Process org.freedesktop.systemd1 exited with status 1
{"trial": "LK002-modal-BASE-measured-r00", "mode": "step", "outcome": "verified", "oracle_exact_match": true, "completion_mutations": 1, "routes": ["provider", "provider"], "error": null, "la": "11.61", "prov": {"attempts": 5, "reached": 5}}
X connection to :100 broken (explicit kill or server shutdown).
A connection to the bus can't be made
X connection to :100 broken (explicit kill or server shutdown).
[session] exit rc=0 run_dir=<lane-tmp>/x11-session.FsXSzy
[2026-10-02T17:48:31.867Z] chunk r2-10-lshake2 rc=0 loadavg=11.00 13.55 13.19
