[2026-10-02T17:48:42.795Z] chunk r2-10-shake3 mode=shared atspi=0 live=0 loadavg=10.06 13.27 13.10
[session] DISPLAY=:103 openbox=335049 picom=335050 dbus=unix:path=<tmp>/dbus-...,guid=62ea89ffbb08f6c7369088dc6abfee7d
[r2-10] display=:103 xdg_runtime_private=yes key=absent loadavg=10.46 13.30 13.11 atspi=0
dbus-daemon[335047]: [session uid=1000 pid=335047 pidfd=5] Activating service name='org.a11y.Bus' requested by ':1.0' (uid=1000 pid=335289 comm="<lanes>/bin/cua-driver-r2")
dbus-daemon[335047]: [session uid=1000 pid=335047 pidfd=5] Successfully activated service 'org.a11y.Bus'
dbus-daemon[335047]: [session uid=1000 pid=335047 pidfd=5] Activating service name='ca.desrt.dconf' requested by ':1.1' (uid=1000 pid=335317 comm="/usr/lib/at-spi-bus-launcher")
dbus-daemon[335047]: [session uid=1000 pid=335047 pidfd=5] Successfully activated service 'ca.desrt.dconf'
dbus-daemon[335047]: [session uid=1000 pid=335047 pidfd=5] Activating service name='org.freedesktop.systemd1' requested by ':1.4' (uid=1000 pid=335339 comm="/usr/bin/dbus-broker-launch --config-file=/usr/sha")
dbus-daemon[335047]: [session uid=1000 pid=335047 pidfd=5] Activated service 'org.freedesktop.systemd1' failed: Process org.freedesktop.systemd1 exited with status 1
dbus-daemon[335047]: [session uid=1000 pid=335047 pidfd=5] Activating service name='org.gtk.vfs.Daemon' requested by ':1.5' (uid=1000 pid=335406 comm="/opt/google/chrome/chrome --remote-debugging-port=")
dbus-daemon[335047]: [session uid=1000 pid=335047 pidfd=5] Successfully activated service 'org.gtk.vfs.Daemon'
fusermount3: mount failed: Operation not permitted
dbus-daemon[335047]: [session uid=1000 pid=335047 pidfd=5] Activating service name='org.freedesktop.systemd1' requested by ':1.4' (uid=1000 pid=335339 comm="/usr/bin/dbus-broker-launch --config-file=/usr/sha")
dbus-daemon[335047]: [session uid=1000 pid=335047 pidfd=5] Activated service 'org.freedesktop.systemd1' failed: Process org.freedesktop.systemd1 exited with status 1
dbus-daemon[335047]: [session uid=1000 pid=335047 pidfd=5] Activating service name='org.freedesktop.systemd1' requested by ':1.4' (uid=1000 pid=335339 comm="/usr/bin/dbus-broker-launch --config-file=/usr/sha")
dbus-daemon[335047]: [session uid=1000 pid=335047 pidfd=5] Activated service 'org.freedesktop.systemd1' failed: Process org.freedesktop.systemd1 exited with status 1
dbus-daemon[335047]: [session uid=1000 pid=335047 pidfd=5] Activating service name='org.freedesktop.Notifications' requested by ':1.7' (uid=1000 pid=335406 comm="/opt/google/chrome/chrome --remote-debugging-port=")
dbus-daemon[335047]: [session uid=1000 pid=335047 pidfd=5] Activating service name='org.freedesktop.portal.Desktop' requested by ':1.7' (uid=1000 pid=335406 comm="/opt/google/chrome/chrome --remote-debugging-port=")
dbus-daemon[335047]: [session uid=1000 pid=335047 pidfd=5] Activating service name='org.freedesktop.impl.portal.PermissionStore' requested by ':1.8' (uid=1000 pid=335548 comm="/usr/lib/xdg-desktop-portal")
dbus-daemon[335047]: [session uid=1000 pid=335047 pidfd=5] Successfully activated service 'org.freedesktop.impl.portal.PermissionStore'
dbus-daemon[335047]: [session uid=1000 pid=335047 pidfd=5] Activating service name='org.freedesktop.portal.Documents' requested by ':1.8' (uid=1000 pid=335548 comm="/usr/lib/xdg-desktop-portal")
dbus-daemon[335047]: [session uid=1000 pid=335047 pidfd=5] Successfully activated service 'org.freedesktop.Notifications'
dbus-daemon[335047]: [session uid=1000 pid=335047 pidfd=5] Successfully activated service 'org.freedesktop.portal.Documents'
fusermount3: mount failed: Operation not permitted
error: fuse init failed: Can't mount path <lane-tmp>/x11-session.A0iMpI/xdg-runtime/doc


dbus-daemon[335047]: [session uid=1000 pid=335047 pidfd=5] Activating service name='org.freedesktop.impl.portal.desktop.gtk' requested by ':1.8' (uid=1000 pid=335548 comm="/usr/lib/xdg-desktop-portal")
dbus-daemon[335047]: [session uid=1000 pid=335047 pidfd=5] Activating service name='org.freedesktop.systemd1' requested by ':1.4' (uid=1000 pid=335339 comm="/usr/bin/dbus-broker-launch --config-file=/usr/sha")
dbus-daemon[335047]: [session uid=1000 pid=335047 pidfd=5] Activated service 'org.freedesktop.systemd1' failed: Process org.freedesktop.systemd1 exited with status 1


dbus-daemon[335047]: [session uid=1000 pid=335047 pidfd=5] Successfully activated service 'org.freedesktop.impl.portal.desktop.gtk'
dbus-daemon[335047]: [session uid=1000 pid=335047 pidfd=5] Activating service name='org.freedesktop.systemd1' requested by ':1.4' (uid=1000 pid=335339 comm="/usr/bin/dbus-broker-launch --config-file=/usr/sha")

dbus-daemon[335047]: [session uid=1000 pid=335047 pidfd=5] Activated service 'org.freedesktop.systemd1' failed: Process org.freedesktop.systemd1 exited with status 1












dbus-daemon[335047]: [session uid=1000 pid=335047 pidfd=5] Successfully activated service 'org.freedesktop.portal.Desktop'
{"trial": "K000-fill-BASE-measured-r00", "mode": "step", "outcome": "verified", "oracle_exact_match": true, "completion_mutations": 1, "routes": ["provider", "provider"], "error": null, "la": "10.46", "prov": {"attempts": 0, "reached": 0}}
dbus-daemon[335047]: [session uid=1000 pid=335047 pidfd=5] Activating service name='org.freedesktop.systemd1' requested by ':1.4' (uid=1000 pid=335339 comm="/usr/bin/dbus-broker-launch --config-file=/usr/sha")
dbus-daemon[335047]: [session uid=1000 pid=335047 pidfd=5] Activated service 'org.freedesktop.systemd1' failed: Process org.freedesktop.systemd1 exited with status 1
dbus-daemon[335047]: [session uid=1000 pid=335047 pidfd=5] Activating service name='org.freedesktop.systemd1' requested by ':1.4' (uid=1000 pid=335339 comm="/usr/bin/dbus-broker-launch --config-file=/usr/sha")
dbus-daemon[335047]: [session uid=1000 pid=335047 pidfd=5] Activated service 'org.freedesktop.systemd1' failed: Process org.freedesktop.systemd1 exited with status 1
dbus-daemon[335047]: [session uid=1000 pid=335047 pidfd=5] Activating service name='org.freedesktop.systemd1' requested by ':1.4' (uid=1000 pid=335339 comm="/usr/bin/dbus-broker-launch --config-file=/usr/sha")
dbus-daemon[335047]: [session uid=1000 pid=335047 pidfd=5] Activated service 'org.freedesktop.systemd1' failed: Process org.freedesktop.systemd1 exited with status 1
dbus-daemon[335047]: [session uid=1000 pid=335047 pidfd=5] Activating service name='org.freedesktop.systemd1' requested by ':1.4' (uid=1000 pid=335339 comm="/usr/bin/dbus-broker-launch --config-file=/usr/sha")
dbus-daemon[335047]: [session uid=1000 pid=335047 pidfd=5] Activated service 'org.freedesktop.systemd1' failed: Process org.freedesktop.systemd1 exited with status 1
dbus-daemon[335047]: [session uid=1000 pid=335047 pidfd=5] Activating service name='org.freedesktop.systemd1' requested by ':1.4' (uid=1000 pid=335339 comm="/usr/bin/dbus-broker-launch --config-file=/usr/sha")
dbus-daemon[335047]: [session uid=1000 pid=335047 pidfd=5] Activated service 'org.freedesktop.systemd1' failed: Process org.freedesktop.systemd1 exited with status 1
dbus-daemon[335047]: [session uid=1000 pid=335047 pidfd=5] Activating service name='org.freedesktop.systemd1' requested by ':1.4' (uid=1000 pid=335339 comm="/usr/bin/dbus-broker-launch --config-file=/usr/sha")
dbus-daemon[335047]: [session uid=1000 pid=335047 pidfd=5] Activated service 'org.freedesktop.systemd1' failed: Process org.freedesktop.systemd1 exited with status 1
{"trial": "K001-fill-COMP-measured-r00", "mode": "train", "outcome": "verified", "oracle_exact_match": true, "completion_mutations": 1, "routes": ["provider", "guarded-completion"], "error": null, "la": "11.06", "prov": {"attempts": 0, "reached": 0}}
dbus-daemon[335047]: [session uid=1000 pid=335047 pidfd=5] Activating service name='org.freedesktop.systemd1' requested by ':1.4' (uid=1000 pid=335339 comm="/usr/bin/dbus-broker-launch --config-file=/usr/sha")
dbus-daemon[335047]: [session uid=1000 pid=335047 pidfd=5] Activated service 'org.freedesktop.systemd1' failed: Process org.freedesktop.systemd1 exited with status 1
dbus-daemon[335047]: [session uid=1000 pid=335047 pidfd=5] Activating service name='org.freedesktop.systemd1' requested by ':1.4' (uid=1000 pid=335339 comm="/usr/bin/dbus-broker-launch --config-file=/usr/sha")
dbus-daemon[335047]: [session uid=1000 pid=335047 pidfd=5] Activated service 'org.freedesktop.systemd1' failed: Process org.freedesktop.systemd1 exited with status 1
dbus-daemon[335047]: [session uid=1000 pid=335047 pidfd=5] Activating service name='org.freedesktop.systemd1' requested by ':1.4' (uid=1000 pid=335339 comm="/usr/bin/dbus-broker-launch --config-file=/usr/sha")
dbus-daemon[335047]: [session uid=1000 pid=335047 pidfd=5] Activated service 'org.freedesktop.systemd1' failed: Process org.freedesktop.systemd1 exited with status 1
dbus-daemon[335047]: [session uid=1000 pid=335047 pidfd=5] Activating service name='org.freedesktop.systemd1' requested by ':1.4' (uid=1000 pid=335339 comm="/usr/bin/dbus-broker-launch --config-file=/usr/sha")
dbus-daemon[335047]: [session uid=1000 pid=335047 pidfd=5] Activated service 'org.freedesktop.systemd1' failed: Process org.freedesktop.systemd1 exited with status 1
dbus-daemon[335047]: [session uid=1000 pid=335047 pidfd=5] Activating service name='org.freedesktop.systemd1' requested by ':1.4' (uid=1000 pid=335339 comm="/usr/bin/dbus-broker-launch --config-file=/usr/sha")
dbus-daemon[335047]: [session uid=1000 pid=335047 pidfd=5] Activated service 'org.freedesktop.systemd1' failed: Process org.freedesktop.systemd1 exited with status 1
dbus-daemon[335047]: [session uid=1000 pid=335047 pidfd=5] Activating service name='org.freedesktop.systemd1' requested by ':1.4' (uid=1000 pid=335339 comm="/usr/bin/dbus-broker-launch --config-file=/usr/sha")
dbus-daemon[335047]: [session uid=1000 pid=335047 pidfd=5] Activated service 'org.freedesktop.systemd1' failed: Process org.freedesktop.systemd1 exited with status 1
{"trial": "K002-fill-COMP_K-measured-r00", "mode": "train", "outcome": "verified", "oracle_exact_match": true, "completion_mutations": 1, "routes": ["provider", "guarded-completion"], "error": null, "la": "10.34", "prov": {"attempts": 0, "reached": 0}}
dbus-daemon[335047]: [session uid=1000 pid=335047 pidfd=5] Activating service name='org.freedesktop.systemd1' requested by ':1.4' (uid=1000 pid=335339 comm="/usr/bin/dbus-broker-launch --config-file=/usr/sha")
dbus-daemon[335047]: [session uid=1000 pid=335047 pidfd=5] Activated service 'org.freedesktop.systemd1' failed: Process org.freedesktop.systemd1 exited with status 1
dbus-daemon[335047]: [session uid=1000 pid=335047 pidfd=5] Activating service name='org.freedesktop.systemd1' requested by ':1.4' (uid=1000 pid=335339 comm="/usr/bin/dbus-broker-launch --config-file=/usr/sha")
dbus-daemon[335047]: [session uid=1000 pid=335047 pidfd=5] Activated service 'org.freedesktop.systemd1' failed: Process org.freedesktop.systemd1 exited with status 1
dbus-daemon[335047]: [session uid=1000 pid=335047 pidfd=5] Activating service name='org.freedesktop.systemd1' requested by ':1.4' (uid=1000 pid=335339 comm="/usr/bin/dbus-broker-launch --config-file=/usr/sha")
dbus-daemon[335047]: [session uid=1000 pid=335047 pidfd=5] Activated service 'org.freedesktop.systemd1' failed: Process org.freedesktop.systemd1 exited with status 1
dbus-daemon[335047]: [session uid=1000 pid=335047 pidfd=5] Activating service name='org.freedesktop.systemd1' requested by ':1.4' (uid=1000 pid=335339 comm="/usr/bin/dbus-broker-launch --config-file=/usr/sha")
dbus-daemon[335047]: [session uid=1000 pid=335047 pidfd=5] Activated service 'org.freedesktop.systemd1' failed: Process org.freedesktop.systemd1 exited with status 1
dbus-daemon[335047]: [session uid=1000 pid=335047 pidfd=5] Activating service name='org.freedesktop.systemd1' requested by ':1.4' (uid=1000 pid=335339 comm="/usr/bin/dbus-broker-launch --config-file=/usr/sha")
dbus-daemon[335047]: [session uid=1000 pid=335047 pidfd=5] Activated service 'org.freedesktop.systemd1' failed: Process org.freedesktop.systemd1 exited with status 1
dbus-daemon[335047]: [session uid=1000 pid=335047 pidfd=5] Activating service name='org.freedesktop.systemd1' requested by ':1.4' (uid=1000 pid=335339 comm="/usr/bin/dbus-broker-launch --config-file=/usr/sha")
dbus-daemon[335047]: [session uid=1000 pid=335047 pidfd=5] Activated service 'org.freedesktop.systemd1' failed: Process org.freedesktop.systemd1 exited with status 1
{"trial": "K003-fill-COMP_E-measured-r00", "mode": "train", "outcome": "verified", "oracle_exact_match": true, "completion_mutations": 1, "routes": ["provider", "guarded-completion"], "error": null, "la": "10.07", "prov": {"attempts": 0, "reached": 0}}
dbus-daemon[335047]: [session uid=1000 pid=335047 pidfd=5] Activating service name='org.freedesktop.systemd1' requested by ':1.4' (uid=1000 pid=335339 comm="/usr/bin/dbus-broker-launch --config-file=/usr/sha")
dbus-daemon[335047]: [session uid=1000 pid=335047 pidfd=5] Activated service 'org.freedesktop.systemd1' failed: Process org.freedesktop.systemd1 exited with status 1
dbus-daemon[335047]: [session uid=1000 pid=335047 pidfd=5] Activating service name='org.freedesktop.systemd1' requested by ':1.4' (uid=1000 pid=335339 comm="/usr/bin/dbus-broker-launch --config-file=/usr/sha")
dbus-daemon[335047]: [session uid=1000 pid=335047 pidfd=5] Activated service 'org.freedesktop.systemd1' failed: Process org.freedesktop.systemd1 exited with status 1
dbus-daemon[335047]: [session uid=1000 pid=335047 pidfd=5] Activating service name='org.freedesktop.systemd1' requested by ':1.4' (uid=1000 pid=335339 comm="/usr/bin/dbus-broker-launch --config-file=/usr/sha")
dbus-daemon[335047]: [session uid=1000 pid=335047 pidfd=5] Activated service 'org.freedesktop.systemd1' failed: Process org.freedesktop.systemd1 exited with status 1
{"trial": "K004-toggle-BASE-measured-r00", "mode": "step", "outcome": "verified", "oracle_exact_match": true, "completion_mutations": 1, "routes": ["provider", "provider"], "error": null, "la": "11.58", "prov": {"attempts": 0, "reached": 0}}
dbus-daemon[335047]: [session uid=1000 pid=335047 pidfd=5] Activating service name='org.freedesktop.systemd1' requested by ':1.4' (uid=1000 pid=335339 comm="/usr/bin/dbus-broker-launch --config-file=/usr/sha")
dbus-daemon[335047]: [session uid=1000 pid=335047 pidfd=5] Activated service 'org.freedesktop.systemd1' failed: Process org.freedesktop.systemd1 exited with status 1
dbus-daemon[335047]: [session uid=1000 pid=335047 pidfd=5] Activating service name='org.freedesktop.systemd1' requested by ':1.4' (uid=1000 pid=335339 comm="/usr/bin/dbus-broker-launch --config-file=/usr/sha")
dbus-daemon[335047]: [session uid=1000 pid=335047 pidfd=5] Activated service 'org.freedesktop.systemd1' failed: Process org.freedesktop.systemd1 exited with status 1
dbus-daemon[335047]: [session uid=1000 pid=335047 pidfd=5] Activating service name='org.freedesktop.systemd1' requested by ':1.4' (uid=1000 pid=335339 comm="/usr/bin/dbus-broker-launch --config-file=/usr/sha")
dbus-daemon[335047]: [session uid=1000 pid=335047 pidfd=5] Activated service 'org.freedesktop.systemd1' failed: Process org.freedesktop.systemd1 exited with status 1
{"trial": "K005-toggle-COMP-measured-r00", "mode": "step", "outcome": "verified", "oracle_exact_match": true, "completion_mutations": 1, "routes": ["provider", "provider"], "error": null, "la": "11.94", "prov": {"attempts": 0, "reached": 0}}
dbus-daemon[335047]: [session uid=1000 pid=335047 pidfd=5] Activating service name='org.freedesktop.systemd1' requested by ':1.4' (uid=1000 pid=335339 comm="/usr/bin/dbus-broker-launch --config-file=/usr/sha")
dbus-daemon[335047]: [session uid=1000 pid=335047 pidfd=5] Activated service 'org.freedesktop.systemd1' failed: Process org.freedesktop.systemd1 exited with status 1
dbus-daemon[335047]: [session uid=1000 pid=335047 pidfd=5] Activating service name='org.freedesktop.systemd1' requested by ':1.4' (uid=1000 pid=335339 comm="/usr/bin/dbus-broker-launch --config-file=/usr/sha")
dbus-daemon[335047]: [session uid=1000 pid=335047 pidfd=5] Activated service 'org.freedesktop.systemd1' failed: Process org.freedesktop.systemd1 exited with status 1
dbus-daemon[335047]: [session uid=1000 pid=335047 pidfd=5] Activating service name='org.freedesktop.systemd1' requested by ':1.4' (uid=1000 pid=335339 comm="/usr/bin/dbus-broker-launch --config-file=/usr/sha")
dbus-daemon[335047]: [session uid=1000 pid=335047 pidfd=5] Activated service 'org.freedesktop.systemd1' failed: Process org.freedesktop.systemd1 exited with status 1
{"trial": "K006-toggle-COMP_K-measured-r00", "mode": "step", "outcome": "verified", "oracle_exact_match": true, "completion_mutations": 1, "routes": ["provider", "provider"], "error": null, "la": "11.94", "prov": {"attempts": 0, "reached": 0}}
dbus-daemon[335047]: [session uid=1000 pid=335047 pidfd=5] Activating service name='org.freedesktop.systemd1' requested by ':1.4' (uid=1000 pid=335339 comm="/usr/bin/dbus-broker-launch --config-file=/usr/sha")
dbus-daemon[335047]: [session uid=1000 pid=335047 pidfd=5] Activated service 'org.freedesktop.systemd1' failed: Process org.freedesktop.systemd1 exited with status 1
dbus-daemon[335047]: [session uid=1000 pid=335047 pidfd=5] Activating service name='org.freedesktop.systemd1' requested by ':1.4' (uid=1000 pid=335339 comm="/usr/bin/dbus-broker-launch --config-file=/usr/sha")
dbus-daemon[335047]: [session uid=1000 pid=335047 pidfd=5] Activated service 'org.freedesktop.systemd1' failed: Process org.freedesktop.systemd1 exited with status 1
dbus-daemon[335047]: [session uid=1000 pid=335047 pidfd=5] Activating service name='org.freedesktop.systemd1' requested by ':1.4' (uid=1000 pid=335339 comm="/usr/bin/dbus-broker-launch --config-file=/usr/sha")
dbus-daemon[335047]: [session uid=1000 pid=335047 pidfd=5] Activated service 'org.freedesktop.systemd1' failed: Process org.freedesktop.systemd1 exited with status 1
{"trial": "K007-toggle-COMP_E-measured-r00", "mode": "step", "outcome": "verified", "oracle_exact_match": true, "completion_mutations": 1, "routes": ["provider", "provider"], "error": null, "la": "12.74", "prov": {"attempts": 0, "reached": 0}}
dbus-daemon[335047]: [session uid=1000 pid=335047 pidfd=5] Activating service name='org.freedesktop.systemd1' requested by ':1.4' (uid=1000 pid=335339 comm="/usr/bin/dbus-broker-launch --config-file=/usr/sha")
dbus-daemon[335047]: [session uid=1000 pid=335047 pidfd=5] Activated service 'org.freedesktop.systemd1' failed: Process org.freedesktop.systemd1 exited with status 1
dbus-daemon[335047]: [session uid=1000 pid=335047 pidfd=5] Activating service name='org.freedesktop.systemd1' requested by ':1.4' (uid=1000 pid=335339 comm="/usr/bin/dbus-broker-launch --config-file=/usr/sha")
dbus-daemon[335047]: [session uid=1000 pid=335047 pidfd=5] Activated service 'org.freedesktop.systemd1' failed: Process org.freedesktop.systemd1 exited with status 1
dbus-daemon[335047]: [session uid=1000 pid=335047 pidfd=5] Activating service name='org.freedesktop.systemd1' requested by ':1.4' (uid=1000 pid=335339 comm="/usr/bin/dbus-broker-launch --config-file=/usr/sha")
dbus-daemon[335047]: [session uid=1000 pid=335047 pidfd=5] Activated service 'org.freedesktop.systemd1' failed: Process org.freedesktop.systemd1 exited with status 1
{"trial": "K008-modal-BASE-measured-r00", "mode": "step", "outcome": "verified", "oracle_exact_match": true, "completion_mutations": 1, "routes": ["provider", "provider"], "error": null, "la": "12.74", "prov": {"attempts": 0, "reached": 0}}
dbus-daemon[335047]: [session uid=1000 pid=335047 pidfd=5] Activating service name='org.freedesktop.systemd1' requested by ':1.4' (uid=1000 pid=335339 comm="/usr/bin/dbus-broker-launch --config-file=/usr/sha")
dbus-daemon[335047]: [session uid=1000 pid=335047 pidfd=5] Activated service 'org.freedesktop.systemd1' failed: Process org.freedesktop.systemd1 exited with status 1
dbus-daemon[335047]: [session uid=1000 pid=335047 pidfd=5] Activating service name='org.freedesktop.systemd1' requested by ':1.4' (uid=1000 pid=335339 comm="/usr/bin/dbus-broker-launch --config-file=/usr/sha")
dbus-daemon[335047]: [session uid=1000 pid=335047 pidfd=5] Activated service 'org.freedesktop.systemd1' failed: Process org.freedesktop.systemd1 exited with status 1
dbus-daemon[335047]: [session uid=1000 pid=335047 pidfd=5] Activating service name='org.freedesktop.systemd1' requested by ':1.4' (uid=1000 pid=335339 comm="/usr/bin/dbus-broker-launch --config-file=/usr/sha")
dbus-daemon[335047]: [session uid=1000 pid=335047 pidfd=5] Activated service 'org.freedesktop.systemd1' failed: Process org.freedesktop.systemd1 exited with status 1
{"trial": "K009-modal-COMP-measured-r00", "mode": "step", "outcome": "verified", "oracle_exact_match": true, "completion_mutations": 1, "routes": ["provider", "provider"], "error": null, "la": "12.28", "prov": {"attempts": 0, "reached": 0}}
dbus-daemon[335047]: [session uid=1000 pid=335047 pidfd=5] Activating service name='org.freedesktop.systemd1' requested by ':1.4' (uid=1000 pid=335339 comm="/usr/bin/dbus-broker-launch --config-file=/usr/sha")
dbus-daemon[335047]: [session uid=1000 pid=335047 pidfd=5] Activated service 'org.freedesktop.systemd1' failed: Process org.freedesktop.systemd1 exited with status 1
dbus-daemon[335047]: [session uid=1000 pid=335047 pidfd=5] Activating service name='org.freedesktop.systemd1' requested by ':1.4' (uid=1000 pid=335339 comm="/usr/bin/dbus-broker-launch --config-file=/usr/sha")
dbus-daemon[335047]: [session uid=1000 pid=335047 pidfd=5] Activated service 'org.freedesktop.systemd1' failed: Process org.freedesktop.systemd1 exited with status 1
dbus-daemon[335047]: [session uid=1000 pid=335047 pidfd=5] Activating service name='org.freedesktop.systemd1' requested by ':1.4' (uid=1000 pid=335339 comm="/usr/bin/dbus-broker-launch --config-file=/usr/sha")
dbus-daemon[335047]: [session uid=1000 pid=335047 pidfd=5] Activated service 'org.freedesktop.systemd1' failed: Process org.freedesktop.systemd1 exited with status 1
{"trial": "K010-modal-COMP_K-measured-r00", "mode": "step", "outcome": "verified", "oracle_exact_match": true, "completion_mutations": 1, "routes": ["provider", "provider"], "error": null, "la": "12.28", "prov": {"attempts": 0, "reached": 0}}
dbus-daemon[335047]: [session uid=1000 pid=335047 pidfd=5] Activating service name='org.freedesktop.systemd1' requested by ':1.4' (uid=1000 pid=335339 comm="/usr/bin/dbus-broker-launch --config-file=/usr/sha")
dbus-daemon[335047]: [session uid=1000 pid=335047 pidfd=5] Activated service 'org.freedesktop.systemd1' failed: Process org.freedesktop.systemd1 exited with status 1
dbus-daemon[335047]: [session uid=1000 pid=335047 pidfd=5] Activating service name='org.freedesktop.systemd1' requested by ':1.4' (uid=1000 pid=335339 comm="/usr/bin/dbus-broker-launch --config-file=/usr/sha")
dbus-daemon[335047]: [session uid=1000 pid=335047 pidfd=5] Activated service 'org.freedesktop.systemd1' failed: Process org.freedesktop.systemd1 exited with status 1
dbus-daemon[335047]: [session uid=1000 pid=335047 pidfd=5] Activating service name='org.freedesktop.systemd1' requested by ':1.4' (uid=1000 pid=335339 comm="/usr/bin/dbus-broker-launch --config-file=/usr/sha")
dbus-daemon[335047]: [session uid=1000 pid=335047 pidfd=5] Activated service 'org.freedesktop.systemd1' failed: Process org.freedesktop.systemd1 exited with status 1
{"trial": "K011-modal-COMP_E-measured-r00", "mode": "step", "outcome": "verified", "oracle_exact_match": true, "completion_mutations": 1, "routes": ["provider", "provider"], "error": null, "la": "12.98", "prov": {"attempts": 0, "reached": 0}}
dbus-daemon[335047]: [session uid=1000 pid=335047 pidfd=5] Activating service name='org.freedesktop.systemd1' requested by ':1.4' (uid=1000 pid=335339 comm="/usr/bin/dbus-broker-launch --config-file=/usr/sha")
dbus-daemon[335047]: [session uid=1000 pid=335047 pidfd=5] Activated service 'org.freedesktop.systemd1' failed: Process org.freedesktop.systemd1 exited with status 1
dbus-daemon[335047]: [session uid=1000 pid=335047 pidfd=5] Activating service name='org.freedesktop.systemd1' requested by ':1.4' (uid=1000 pid=335339 comm="/usr/bin/dbus-broker-launch --config-file=/usr/sha")
dbus-daemon[335047]: [session uid=1000 pid=335047 pidfd=5] Activated service 'org.freedesktop.systemd1' failed: Process org.freedesktop.systemd1 exited with status 1
dbus-daemon[335047]: [session uid=1000 pid=335047 pidfd=5] Activating service name='org.freedesktop.systemd1' requested by ':1.4' (uid=1000 pid=335339 comm="/usr/bin/dbus-broker-launch --config-file=/usr/sha")
dbus-daemon[335047]: [session uid=1000 pid=335047 pidfd=5] Activated service 'org.freedesktop.systemd1' failed: Process org.freedesktop.systemd1 exited with status 1
{"trial": "K012-fill-COMP-n4a-r00", "mode": "replay", "outcome": "verified", "oracle_exact_match": true, "completion_mutations": 1, "routes": ["compiled"], "error": null, "la": "14.75", "prov": {"attempts": 0, "reached": 0}}
dbus-daemon[335047]: [session uid=1000 pid=335047 pidfd=5] Activating service name='org.freedesktop.systemd1' requested by ':1.4' (uid=1000 pid=335339 comm="/usr/bin/dbus-broker-launch --config-file=/usr/sha")
dbus-daemon[335047]: [session uid=1000 pid=335047 pidfd=5] Activated service 'org.freedesktop.systemd1' failed: Process org.freedesktop.systemd1 exited with status 1
dbus-daemon[335047]: [session uid=1000 pid=335047 pidfd=5] Activating service name='org.freedesktop.systemd1' requested by ':1.4' (uid=1000 pid=335339 comm="/usr/bin/dbus-broker-launch --config-file=/usr/sha")
dbus-daemon[335047]: [session uid=1000 pid=335047 pidfd=5] Activated service 'org.freedesktop.systemd1' failed: Process org.freedesktop.systemd1 exited with status 1
dbus-daemon[335047]: [session uid=1000 pid=335047 pidfd=5] Activating service name='org.freedesktop.systemd1' requested by ':1.4' (uid=1000 pid=335339 comm="/usr/bin/dbus-broker-launch --config-file=/usr/sha")
dbus-daemon[335047]: [session uid=1000 pid=335047 pidfd=5] Activated service 'org.freedesktop.systemd1' failed: Process org.freedesktop.systemd1 exited with status 1
{"trial": "K013-toggle-COMP-n4a-r00", "mode": "step", "outcome": "verified", "oracle_exact_match": true, "completion_mutations": 1, "routes": ["provider", "provider", "provider"], "error": null, "la": "20.21", "prov": {"attempts": 0, "reached": 0}}
dbus-daemon[335047]: [session uid=1000 pid=335047 pidfd=5] Activating service name='org.freedesktop.systemd1' requested by ':1.4' (uid=1000 pid=335339 comm="/usr/bin/dbus-broker-launch --config-file=/usr/sha")
dbus-daemon[335047]: [session uid=1000 pid=335047 pidfd=5] Activated service 'org.freedesktop.systemd1' failed: Process org.freedesktop.systemd1 exited with status 1
dbus-daemon[335047]: [session uid=1000 pid=335047 pidfd=5] Activating service name='org.freedesktop.systemd1' requested by ':1.4' (uid=1000 pid=335339 comm="/usr/bin/dbus-broker-launch --config-file=/usr/sha")
dbus-daemon[335047]: [session uid=1000 pid=335047 pidfd=5] Activated service 'org.freedesktop.systemd1' failed: Process org.freedesktop.systemd1 exited with status 1
dbus-daemon[335047]: [session uid=1000 pid=335047 pidfd=5] Activating service name='org.freedesktop.systemd1' requested by ':1.4' (uid=1000 pid=335339 comm="/usr/bin/dbus-broker-launch --config-file=/usr/sha")
dbus-daemon[335047]: [session uid=1000 pid=335047 pidfd=5] Activated service 'org.freedesktop.systemd1' failed: Process org.freedesktop.systemd1 exited with status 1
{"trial": "K014-modal-COMP-n4a-r00", "mode": "step", "outcome": "verified", "oracle_exact_match": true, "completion_mutations": 1, "routes": ["provider", "provider", "provider"], "error": null, "la": "20.43", "prov": {"attempts": 0, "reached": 0}}
dbus-daemon[335047]: [session uid=1000 pid=335047 pidfd=5] Activating service name='org.freedesktop.systemd1' requested by ':1.4' (uid=1000 pid=335339 comm="/usr/bin/dbus-broker-launch --config-file=/usr/sha")
dbus-daemon[335047]: [session uid=1000 pid=335047 pidfd=5] Activated service 'org.freedesktop.systemd1' failed: Process org.freedesktop.systemd1 exited with status 1
dbus-daemon[335047]: [session uid=1000 pid=335047 pidfd=5] Activating service name='org.freedesktop.systemd1' requested by ':1.4' (uid=1000 pid=335339 comm="/usr/bin/dbus-broker-launch --config-file=/usr/sha")
dbus-daemon[335047]: [session uid=1000 pid=335047 pidfd=5] Activated service 'org.freedesktop.systemd1' failed: Process org.freedesktop.systemd1 exited with status 1
dbus-daemon[335047]: [session uid=1000 pid=335047 pidfd=5] Activating service name='org.freedesktop.systemd1' requested by ':1.4' (uid=1000 pid=335339 comm="/usr/bin/dbus-broker-launch --config-file=/usr/sha")
dbus-daemon[335047]: [session uid=1000 pid=335047 pidfd=5] Activated service 'org.freedesktop.systemd1' failed: Process org.freedesktop.systemd1 exited with status 1
{"trial": "K015-fill-COMP-ood-r00", "mode": "replay", "outcome": "verified", "oracle_exact_match": true, "completion_mutations": 1, "routes": ["compiled", "fallback:provider", "fallback:provider"], "error": null, "la": "20.43", "prov": {"attempts": 0, "reached": 0}}
dbus-daemon[335047]: [session uid=1000 pid=335047 pidfd=5] Activating service name='org.freedesktop.systemd1' requested by ':1.4' (uid=1000 pid=335339 comm="/usr/bin/dbus-broker-launch --config-file=/usr/sha")
dbus-daemon[335047]: [session uid=1000 pid=335047 pidfd=5] Activated service 'org.freedesktop.systemd1' failed: Process org.freedesktop.systemd1 exited with status 1
dbus-daemon[335047]: [session uid=1000 pid=335047 pidfd=5] Activating service name='org.freedesktop.systemd1' requested by ':1.4' (uid=1000 pid=335339 comm="/usr/bin/dbus-broker-launch --config-file=/usr/sha")
dbus-daemon[335047]: [session uid=1000 pid=335047 pidfd=5] Activated service 'org.freedesktop.systemd1' failed: Process org.freedesktop.systemd1 exited with status 1
dbus-daemon[335047]: [session uid=1000 pid=335047 pidfd=5] Activating service name='org.freedesktop.systemd1' requested by ':1.4' (uid=1000 pid=335339 comm="/usr/bin/dbus-broker-launch --config-file=/usr/sha")
dbus-daemon[335047]: [session uid=1000 pid=335047 pidfd=5] Activated service 'org.freedesktop.systemd1' failed: Process org.freedesktop.systemd1 exited with status 1
{"trial": "K016-toggle-COMP-nw2-r00", "outcome": "verified", "oracle_exact_match": true, "completion_mutations": 1, "takeover_envelope": null, "old_binding_envelope": null, "decoy_connections": null, "marker_in_fresh_snapshot": true, "nw2_stale_envelope": {"is_error": false, "status": null, "effect": "refused", "code": "browser_ref_stale"}, "nw2_mutations_from_stale_action": 0, "error_leaves": null}
A connection to the bus can't be made
CRITICAL: [dbus_cb_name_lost:1438] Cannot connect to DBus.
[session] exit rc=0 run_dir=<lane-tmp>/x11-session.A0iMpI
[2026-10-02T17:49:44.405Z] chunk r2-10-shake3 rc=0 loadavg=20.43 15.19 13.75
