[2026-10-02T17:32:08.666Z] chunk r2-10-shake1 mode=shared atspi=0 live=0 loadavg=14.52 14.68 9.67
[session] DISPLAY=:99 openbox=215978 picom=215981 dbus=unix:path=<tmp>/dbus-...,guid=0efae612944a035b7420137a6abfeb5c
[r2-10] display=:99 xdg_runtime_private=yes key=absent loadavg=15.10 14.60 10.60 atspi=0
dbus-daemon[215972]: [session uid=1000 pid=215972 pidfd=5] Activating service name='org.a11y.Bus' requested by ':1.0' (uid=1000 pid=216225 comm="<lanes>/bin/cua-driver-r2")
dbus-daemon[215972]: [session uid=1000 pid=215972 pidfd=5] Successfully activated service 'org.a11y.Bus'
dbus-daemon[215972]: [session uid=1000 pid=215972 pidfd=5] Activating service name='ca.desrt.dconf' requested by ':1.1' (uid=1000 pid=216256 comm="/usr/lib/at-spi-bus-launcher")
dbus-daemon[215972]: [session uid=1000 pid=215972 pidfd=5] Successfully activated service 'ca.desrt.dconf'
dbus-daemon[215972]: [session uid=1000 pid=215972 pidfd=5] Activating service name='org.freedesktop.systemd1' requested by ':1.4' (uid=1000 pid=216278 comm="/usr/bin/dbus-broker-launch --config-file=/usr/sha")
dbus-daemon[215972]: [session uid=1000 pid=215972 pidfd=5] Activated service 'org.freedesktop.systemd1' failed: Process org.freedesktop.systemd1 exited with status 1
Traceback (most recent call last):
  File "<lanes>/w3-r2-10-composition/docs/experiments/r2-10-composition-2026-10-02/harness/r2_10_browser.py", line 992, in <module>
    main()
  File "<lanes>/w3-r2-10-composition/docs/experiments/r2-10-composition-2026-10-02/harness/r2_10_browser.py", line 988, in main
    asyncio.run(main_async(args))
  File "<home>/.local/share/uv/python/cpython-3.12.13-linux-x86_64-gnu/lib/python3.12/asyncio/runners.py", line 195, in run
    return runner.run(main)
           ^^^^^^^^^^^^^^^^
  File "<home>/.local/share/uv/python/cpython-3.12.13-linux-x86_64-gnu/lib/python3.12/asyncio/runners.py", line 118, in run
    return self._loop.run_until_complete(task)
           ^^^^^^^^^^^^^^^^^^^^^^^^^^^^^^^^^^^
  File "<home>/.local/share/uv/python/cpython-3.12.13-linux-x86_64-gnu/lib/python3.12/asyncio/base_events.py", line 691, in run_until_complete
    return future.result()
           ^^^^^^^^^^^^^^^
  File "<lanes>/w3-r2-10-composition/docs/experiments/r2-10-composition-2026-10-02/harness/r2_10_browser.py", line 940, in main_async
    await one(spec, args, fixtures, store, out)
  File "<lanes>/w3-r2-10-composition/docs/experiments/r2-10-composition-2026-10-02/harness/r2_10_browser.py", line 740, in one
    record = await finish_record(record, res, sampler, rec, fixtures, spec.get("page_cls", spec["cls"]), t0, drv)
             ^^^^^^^^^^^^^^^^^^^^^^^^^^^^^^^^^^^^^^^^^^^^^^^^^^^^^^^^^^^^^^^^^^^^^^^^^^^^^^^^^^^^^^^^^^^^^^^^^^^^
  File "<lanes>/w3-r2-10-composition/docs/experiments/r2-10-composition-2026-10-02/harness/r2_10_browser.py", line 667, in finish_record
    sampler.stop()
  File "<lanes>/w3-r2-10-composition/docs/experiments/r2-10-composition-2026-10-02/harness/r2_10_browser.py", line 206, in stop
    self._thread.join(timeout=2)
  File "<home>/.local/share/uv/python/cpython-3.12.13-linux-x86_64-gnu/lib/python3.12/threading.py", line 1144, in join
    raise RuntimeError("cannot join thread before it is started")
RuntimeError: cannot join thread before it is started
<home>/.local/opt/cua-e2e-x11/root/usr/bin/xvfb-run: line 185: kill: (215912) - No such process
[session] exit rc=1 run_dir=<lane-tmp>/x11-session.E1nF0u
[2026-10-02T17:35:29.029Z] chunk r2-10-shake1 rc=1 loadavg=15.10 14.60 10.60
