[2026-10-02T17:47:34.884Z] chunk r2-10-lshake1 mode=shared atspi=0 live=1 loadavg=10.93 14.04 13.32
[session] DISPLAY=:101 openbox=324149 picom=324150 dbus=unix:path=<tmp>/dbus-...,guid=8974a149498ff4c878a43dc86abfee39
[r2-10] display=:101 xdg_runtime_private=yes key=present loadavg=10.53 13.90 13.28 atspi=0
dbus-daemon[324146]: [session uid=1000 pid=324146 pidfd=5] Activating service name='org.a11y.Bus' requested by ':1.0' (uid=1000 pid=324893 comm="<lanes>/bin/cua-driver-r2")
dbus-daemon[324146]: [session uid=1000 pid=324146 pidfd=5] Successfully activated service 'org.a11y.Bus'
dbus-daemon[324146]: [session uid=1000 pid=324146 pidfd=5] Activating service name='ca.desrt.dconf' requested by ':1.1' (uid=1000 pid=324920 comm="/usr/lib/at-spi-bus-launcher")
dbus-daemon[324146]: [session uid=1000 pid=324146 pidfd=5] Successfully activated service 'ca.desrt.dconf'
dbus-daemon[324146]: [session uid=1000 pid=324146 pidfd=5] Activating service name='org.freedesktop.systemd1' requested by ':1.4' (uid=1000 pid=324949 comm="/usr/bin/dbus-broker-launch --config-file=/usr/sha")
dbus-daemon[324146]: [session uid=1000 pid=324146 pidfd=5] Activated service 'org.freedesktop.systemd1' failed: Process org.freedesktop.systemd1 exited with status 1
dbus-daemon[324146]: [session uid=1000 pid=324146 pidfd=5] Activating service name='org.gtk.vfs.Daemon' requested by ':1.5' (uid=1000 pid=325096 comm="/opt/google/chrome/chrome --remote-debugging-port=")
dbus-daemon[324146]: [session uid=1000 pid=324146 pidfd=5] Successfully activated service 'org.gtk.vfs.Daemon'
fusermount3: mount failed: Operation not permitted
dbus-daemon[324146]: [session uid=1000 pid=324146 pidfd=5] Activating service name='org.freedesktop.systemd1' requested by ':1.4' (uid=1000 pid=324949 comm="/usr/bin/dbus-broker-launch --config-file=/usr/sha")
dbus-daemon[324146]: [session uid=1000 pid=324146 pidfd=5] Activated service 'org.freedesktop.systemd1' failed: Process org.freedesktop.systemd1 exited with status 1
dbus-daemon[324146]: [session uid=1000 pid=324146 pidfd=5] Activating service name='org.freedesktop.systemd1' requested by ':1.4' (uid=1000 pid=324949 comm="/usr/bin/dbus-broker-launch --config-file=/usr/sha")
dbus-daemon[324146]: [session uid=1000 pid=324146 pidfd=5] Activated service 'org.freedesktop.systemd1' failed: Process org.freedesktop.systemd1 exited with status 1
dbus-daemon[324146]: [session uid=1000 pid=324146 pidfd=5] Activating service name='org.freedesktop.Notifications' requested by ':1.7' (uid=1000 pid=325096 comm="/opt/google/chrome/chrome --remote-debugging-port=")
dbus-daemon[324146]: [session uid=1000 pid=324146 pidfd=5] Activating service name='org.freedesktop.portal.Desktop' requested by ':1.7' (uid=1000 pid=325096 comm="/opt/google/chrome/chrome --remote-debugging-port=")
dbus-daemon[324146]: [session uid=1000 pid=324146 pidfd=5] Activating service name='org.freedesktop.impl.portal.PermissionStore' requested by ':1.9' (uid=1000 pid=325384 comm="/usr/lib/xdg-desktop-portal")
dbus-daemon[324146]: [session uid=1000 pid=324146 pidfd=5] Successfully activated service 'org.freedesktop.Notifications'
dbus-daemon[324146]: [session uid=1000 pid=324146 pidfd=5] Successfully activated service 'org.freedesktop.impl.portal.PermissionStore'
dbus-daemon[324146]: [session uid=1000 pid=324146 pidfd=5] Activating service name='org.freedesktop.portal.Documents' requested by ':1.9' (uid=1000 pid=325384 comm="/usr/lib/xdg-desktop-portal")
dbus-daemon[324146]: [session uid=1000 pid=324146 pidfd=5] Successfully activated service 'org.freedesktop.portal.Documents'
fusermount3: mount failed: Operation not permitted
error: fuse init failed: Can't mount path <lane-tmp>/x11-session.31Mvj7/xdg-runtime/doc


dbus-daemon[324146]: [session uid=1000 pid=324146 pidfd=5] Activating service name='org.freedesktop.impl.portal.desktop.gtk' requested by ':1.9' (uid=1000 pid=325384 comm="/usr/lib/xdg-desktop-portal")
dbus-daemon[324146]: [session uid=1000 pid=324146 pidfd=5] Activating service name='org.freedesktop.systemd1' requested by ':1.4' (uid=1000 pid=324949 comm="/usr/bin/dbus-broker-launch --config-file=/usr/sha")
dbus-daemon[324146]: [session uid=1000 pid=324146 pidfd=5] Activated service 'org.freedesktop.systemd1' failed: Process org.freedesktop.systemd1 exited with status 1
dbus-daemon[324146]: [session uid=1000 pid=324146 pidfd=5] Successfully activated service 'org.freedesktop.impl.portal.desktop.gtk'


dbus-daemon[324146]: [session uid=1000 pid=324146 pidfd=5] Activating service name='org.freedesktop.systemd1' requested by ':1.4' (uid=1000 pid=324949 comm="/usr/bin/dbus-broker-launch --config-file=/usr/sha")

dbus-daemon[324146]: [session uid=1000 pid=324146 pidfd=5] Activated service 'org.freedesktop.systemd1' failed: Process org.freedesktop.systemd1 exited with status 1












dbus-daemon[324146]: [session uid=1000 pid=324146 pidfd=5] Successfully activated service 'org.freedesktop.portal.Desktop'
dbus-daemon[324146]: [session uid=1000 pid=324146 pidfd=5] Activating service name='org.freedesktop.systemd1' requested by ':1.4' (uid=1000 pid=324949 comm="/usr/bin/dbus-broker-launch --config-file=/usr/sha")
dbus-daemon[324146]: [session uid=1000 pid=324146 pidfd=5] Activated service 'org.freedesktop.systemd1' failed: Process org.freedesktop.systemd1 exited with status 1
dbus-daemon[324146]: [session uid=1000 pid=324146 pidfd=5] Activating service name='org.freedesktop.systemd1' requested by ':1.4' (uid=1000 pid=324949 comm="/usr/bin/dbus-broker-launch --config-file=/usr/sha")
dbus-daemon[324146]: [session uid=1000 pid=324146 pidfd=5] Activated service 'org.freedesktop.systemd1' failed: Process org.freedesktop.systemd1 exited with status 1
dbus-daemon[324146]: [session uid=1000 pid=324146 pidfd=5] Activating service name='org.freedesktop.systemd1' requested by ':1.4' (uid=1000 pid=324949 comm="/usr/bin/dbus-broker-launch --config-file=/usr/sha")
dbus-daemon[324146]: [session uid=1000 pid=324146 pidfd=5] Activated service 'org.freedesktop.systemd1' failed: Process org.freedesktop.systemd1 exited with status 1
{"trial": "LK000-fill-COMP-measured-r00", "mode": "train", "outcome": "verified", "oracle_exact_match": true, "completion_mutations": 1, "routes": ["provider", "guarded-completion"], "error": null, "la": "10.53", "prov": {"attempts": 0, "reached": 0}}
dbus-daemon[324146]: [session uid=1000 pid=324146 pidfd=5] Activating service name='org.freedesktop.systemd1' requested by ':1.4' (uid=1000 pid=324949 comm="/usr/bin/dbus-broker-launch --config-file=/usr/sha")
dbus-daemon[324146]: [session uid=1000 pid=324146 pidfd=5] Activated service 'org.freedesktop.systemd1' failed: Process org.freedesktop.systemd1 exited with status 1
dbus-daemon[324146]: [session uid=1000 pid=324146 pidfd=5] Activating service name='org.freedesktop.systemd1' requested by ':1.4' (uid=1000 pid=324949 comm="/usr/bin/dbus-broker-launch --config-file=/usr/sha")
dbus-daemon[324146]: [session uid=1000 pid=324146 pidfd=5] Activated service 'org.freedesktop.systemd1' failed: Process org.freedesktop.systemd1 exited with status 1
dbus-daemon[324146]: [session uid=1000 pid=324146 pidfd=5] Activating service name='org.freedesktop.systemd1' requested by ':1.4' (uid=1000 pid=324949 comm="/usr/bin/dbus-broker-launch --config-file=/usr/sha")
dbus-daemon[324146]: [session uid=1000 pid=324146 pidfd=5] Activated service 'org.freedesktop.systemd1' failed: Process org.freedesktop.systemd1 exited with status 1
{"trial": "LK001-toggle-BASE-measured-r00", "mode": "step", "outcome": "verified", "oracle_exact_match": true, "completion_mutations": 1, "routes": ["provider", "provider"], "error": null, "la": "10.53", "prov": {"attempts": 0, "reached": 0}}
dbus-daemon[324146]: [session uid=1000 pid=324146 pidfd=5] Activating service name='org.freedesktop.systemd1' requested by ':1.4' (uid=1000 pid=324949 comm="/usr/bin/dbus-broker-launch --config-file=/usr/sha")
dbus-daemon[324146]: [session uid=1000 pid=324146 pidfd=5] Activated service 'org.freedesktop.systemd1' failed: Process org.freedesktop.systemd1 exited with status 1
dbus-daemon[324146]: [session uid=1000 pid=324146 pidfd=5] Activating service name='org.freedesktop.systemd1' requested by ':1.4' (uid=1000 pid=324949 comm="/usr/bin/dbus-broker-launch --config-file=/usr/sha")
dbus-daemon[324146]: [session uid=1000 pid=324146 pidfd=5] Activated service 'org.freedesktop.systemd1' failed: Process org.freedesktop.systemd1 exited with status 1
dbus-daemon[324146]: [session uid=1000 pid=324146 pidfd=5] Activating service name='org.freedesktop.systemd1' requested by ':1.4' (uid=1000 pid=324949 comm="/usr/bin/dbus-broker-launch --config-file=/usr/sha")
dbus-daemon[324146]: [session uid=1000 pid=324146 pidfd=5] Activated service 'org.freedesktop.systemd1' failed: Process org.freedesktop.systemd1 exited with status 1
{"trial": "LK002-modal-BASE-measured-r00", "mode": "step", "outcome": "verified", "oracle_exact_match": true, "completion_mutations": 1, "routes": ["provider", "provider"], "error": null, "la": "12.01", "prov": {"attempts": 0, "reached": 0}}
X connection to :101 broken (explicit kill or server shutdown).
X connection to :101 broken (explicit kill or server shutdown).
A connection to the bus can't be made
[session] exit rc=0 run_dir=<lane-tmp>/x11-session.31Mvj7
[2026-10-02T17:47:52.504Z] chunk r2-10-lshake1 rc=0 loadavg=11.69 14.05 13.33
