   Compiling cua-driver-contract v0.33.1 (<scrubbed0>/libs/cua-driver/rust/crates/cua-driver-contract)
   Compiling pip-preview v0.33.1 (<scrubbed0>/libs/cua-driver/rust/crates/pip-preview)
   Compiling cua-driver-core v0.33.1 (<scrubbed0>/libs/cua-driver/rust/crates/cua-driver-core)
   Compiling cursor-overlay v0.33.1 (<scrubbed0>/libs/cua-driver/rust/crates/cursor-overlay)
   Compiling platform-linux v0.33.1 (<scrubbed0>/libs/cua-driver/rust/crates/platform-linux)
    Finished `test` profile [unoptimized + debuginfo] target(s) in 42.99s
warning: the following packages contain code that will be rejected by a future version of Rust: nom v1.2.4
note: to see what the problems were, use the option `--future-incompat-report`, or run `cargo report future-incompatibilities --id 1`
     Running unittests src/lib.rs (<scrubbed-target>/cua-release-fix02r/debug/deps/platform_linux-c692f3ac707c9ddf)

running 2 tests
test atspi::residue_fallback_tests::observed_action_without_its_object_is_stale_and_never_re_walks ... ok
test atspi::residue_fallback_tests::window_scoped_set_value_without_its_snapshot_is_stale_not_resolved_pid_wide ... FAILED

failures:

---- atspi::residue_fallback_tests::window_scoped_set_value_without_its_snapshot_is_stale_not_resolved_pid_wide stdout ----

thread 'atspi::residue_fallback_tests::window_scoped_set_value_without_its_snapshot_is_stale_not_resolved_pid_wide' (4064195) panicked at crates/platform-linux/src/atspi/mod.rs:906:9:
AT-SPI connect failed: ZBus Error: MethodError(OwnedErrorName("org.freedesktop.DBus.Error.NameHasNoOwner"), Some("Could not activate remote peer 'org.a11y.atspi.Registry': unit failed"), Msg { type: Error, serial: 4294967295, sender: UniqueName("org.freedesktop.DBus"), reply-serial: 4, body: Str, fds: [] })
note: run with `RUST_BACKTRACE=1` environment variable to display a backtrace


failures:
    atspi::residue_fallback_tests::window_scoped_set_value_without_its_snapshot_is_stale_not_resolved_pid_wide

test result: FAILED. 1 passed; 1 failed; 0 ignored; 0 measured; 616 filtered out; finished in 0.02s

error: test failed, to rerun pass `-p platform-linux --lib`
