[session] DISPLAY=:99 openbox=3210673 picom=3210674 dbus=unix:path=/tmp/dbus-QTBJsQB2c5,guid=26d4220fc0417f3e095e1b7d6abf8317
preflight {"checks": {"dbus_daemon_is_session_child": true, "display_is_private_number": true, "display_not_host_x0_x2": true, "landlock_no_new_privs": true, "no_host_atspi_bus": true, "no_wayland_vars": true, "x_socket_owned_by_session_xvfb": true, "xauthority_absent_or_session_own": true, "xdg_runtime_dir_in_session_run_dir": true}, "display": ":99", "ok": true, "run_dir": "<lane-tmp>/x11-session.PVOPtI"}
Cua Driver sends content-free product telemetry by default. Run `cua-driver telemetry disable` to stop it; `cua-driver telemetry status` shows the current setting.
[2m2026-10-02T10:10:34.449183Z[0m [33m WARN[0m [2mcua_driver_sdk::runtime[0m[2m:[0m could not activate the persistent AT-SPI listener: AT-SPI connect failed: ZBus Error: MethodError(OwnedErrorName("org.freedesktop.DBus.Error.NameHasNoOwner"), Some("Could not activate remote peer 'org.a11y.atspi.Registry': unit failed"), Msg { type: Error, serial: 4294967295, sender: UniqueName("org.freedesktop.DBus"), reply-serial: 10, body: Str, fds: [] })
[2m2026-10-02T10:10:34.456460Z[0m [33m WARN[0m [2mplatform_linux::overlay[0m[2m:[0m X11 overlay: root reads cannot see this window's own pixels; save-unders will be served without readback confirmation
fusermount3: mount failed: Operation not permitted
fusermount3: mount failed: Operation not permitted
error: fuse init failed: Can't mount path <tmp>/x11-session.PVOPtI/xdg-runtime/doc
(/usr/lib/xdg-desktop-portal:3210987): xdg-desktop-portal-WARNING **: 05:10:34.868: Document portal fuse mount point unknown: GDBus.Error:org.freedesktop.DBus.Error.ServiceUnknown: The name :1.11 was not provided by any .service files
(/usr/lib/xdg-desktop-portal:3210987): xdg-desktop-portal-WARNING **: 05:10:34.868: Choosing gtk.portal for org.freedesktop.impl.portal.Lockdown as a last-resort fallback
** (xdg-desktop-portal-gtk:3211061): WARNING **: 05:10:34.891: AT-SPI: Could not obtain desktop path or name
(/usr/lib/xdg-desktop-portal:3210987): xdg-desktop-portal-WARNING **: 05:10:34.892: Choosing gtk.portal for org.freedesktop.impl.portal.Access as a last-resort fallback
** (xdg-desktop-portal-gtk:3211061): WARNING **: 05:10:34.892: atk-bridge: GetRegisteredEvents returned message with unknown signature
** (xdg-desktop-portal-gtk:3211061): WARNING **: 05:10:34.892: atk-bridge: get_device_events_reply: unknown signature
(/usr/lib/xdg-desktop-portal:3210987): xdg-desktop-portal-WARNING **: 05:10:34.903: Choosing gtk.portal for org.freedesktop.impl.portal.Settings as a last-resort fallback
(/usr/lib/xdg-desktop-portal:3210987): xdg-desktop-portal-WARNING **: 05:10:34.903: Choosing gtk.portal for org.freedesktop.impl.portal.FileChooser as a last-resort fallback
(/usr/lib/xdg-desktop-portal:3210987): xdg-desktop-portal-WARNING **: 05:10:34.904: Choosing gtk.portal for org.freedesktop.impl.portal.AppChooser as a last-resort fallback
(/usr/lib/xdg-desktop-portal:3210987): xdg-desktop-portal-WARNING **: 05:10:34.904: Choosing gtk.portal for org.freedesktop.impl.portal.Print as a last-resort fallback
(/usr/lib/xdg-desktop-portal:3210987): xdg-desktop-portal-WARNING **: 05:10:34.904: Choosing gtk.portal for org.freedesktop.impl.portal.Notification as a last-resort fallback
(/usr/lib/xdg-desktop-portal:3210987): xdg-desktop-portal-WARNING **: 05:10:34.905: Choosing gtk.portal for org.freedesktop.impl.portal.Inhibit as a last-resort fallback
(/usr/lib/xdg-desktop-portal:3210987): xdg-desktop-portal-WARNING **: 05:10:34.906: Failed to connect to PipeWire: Couldn't connect to PipeWire
(/usr/lib/xdg-desktop-portal:3210987): xdg-desktop-portal-WARNING **: 05:10:34.906: Choosing gtk.portal for org.freedesktop.impl.portal.Account as a last-resort fallback
(/usr/lib/xdg-desktop-portal:3210987): xdg-desktop-portal-WARNING **: 05:10:34.907: Choosing gtk.portal for org.freedesktop.impl.portal.Email as a last-resort fallback
(/usr/lib/xdg-desktop-portal:3210987): xdg-desktop-portal-WARNING **: 05:10:34.907: Choosing gtk.portal for org.freedesktop.impl.portal.DynamicLauncher as a last-resort fallback
{"trial": "ctl-3-000-controls-DC01-C_shadow_audit", "arm": "C_shadow_audit", "outcome": "verified", "oracle_verified": true, "submits_main": 1, "error": null}
[2m2026-10-02T10:10:36.048241Z[0m [33m WARN[0m [2mcua_driver_sdk::runtime[0m[2m:[0m could not activate the persistent AT-SPI listener: AT-SPI connect failed: ZBus Error: MethodError(OwnedErrorName("org.freedesktop.DBus.Error.NameHasNoOwner"), Some("Could not activate remote peer 'org.a11y.atspi.Registry': unit failed"), Msg { type: Error, serial: 4294967295, sender: UniqueName("org.freedesktop.DBus"), reply-serial: 9, body: Str, fds: [] })
[2m2026-10-02T10:10:36.055025Z[0m [33m WARN[0m [2mplatform_linux::overlay[0m[2m:[0m X11 overlay: root reads cannot see this window's own pixels; save-unders will be served without readback confirmation
{"trial": "ctl-3-001-controls-DC01-A", "arm": "A", "outcome": "verified", "oracle_verified": true, "submits_main": 1, "error": null}
[2m2026-10-02T10:10:37.559032Z[0m [33m WARN[0m [2mcua_driver_sdk::runtime[0m[2m:[0m could not activate the persistent AT-SPI listener: AT-SPI connect failed: ZBus Error: MethodError(OwnedErrorName("org.freedesktop.DBus.Error.NameHasNoOwner"), Some("Could not activate remote peer 'org.a11y.atspi.Registry': unit failed"), Msg { type: Error, serial: 4294967295, sender: UniqueName("org.freedesktop.DBus"), reply-serial: 9, body: Str, fds: [] })
[2m2026-10-02T10:10:37.565649Z[0m [33m WARN[0m [2mplatform_linux::overlay[0m[2m:[0m X11 overlay: root reads cannot see this window's own pixels; save-unders will be served without readback confirmation
{"trial": "ctl-3-002-controls-DC02-C_shadow_audit", "arm": "C_shadow_audit", "outcome": "verified", "oracle_verified": true, "submits_main": 1, "error": null}
[2m2026-10-02T10:10:39.137924Z[0m [33m WARN[0m [2mcua_driver_sdk::runtime[0m[2m:[0m could not activate the persistent AT-SPI listener: AT-SPI connect failed: ZBus Error: MethodError(OwnedErrorName("org.freedesktop.DBus.Error.NameHasNoOwner"), Some("Could not activate remote peer 'org.a11y.atspi.Registry': unit failed"), Msg { type: Error, serial: 4294967295, sender: UniqueName("org.freedesktop.DBus"), reply-serial: 9, body: Str, fds: [] })
[2m2026-10-02T10:10:39.145671Z[0m [33m WARN[0m [2mplatform_linux::overlay[0m[2m:[0m X11 overlay: root reads cannot see this window's own pixels; save-unders will be served without readback confirmation
{"trial": "ctl-3-003-controls-DC02-A", "arm": "A", "outcome": "verified", "oracle_verified": true, "submits_main": 1, "error": null}
[2m2026-10-02T10:10:40.716124Z[0m [33m WARN[0m [2mcua_driver_sdk::runtime[0m[2m:[0m could not activate the persistent AT-SPI listener: AT-SPI connect failed: ZBus Error: MethodError(OwnedErrorName("org.freedesktop.DBus.Error.NameHasNoOwner"), Some("Could not activate remote peer 'org.a11y.atspi.Registry': unit failed"), Msg { type: Error, serial: 4294967295, sender: UniqueName("org.freedesktop.DBus"), reply-serial: 9, body: Str, fds: [] })
[2m2026-10-02T10:10:40.723186Z[0m [33m WARN[0m [2mplatform_linux::overlay[0m[2m:[0m X11 overlay: root reads cannot see this window's own pixels; save-unders will be served without readback confirmation
{"trial": "ctl-3-004-controls-DC03-C_shadow_audit", "arm": "C_shadow_audit", "outcome": "verified", "oracle_verified": true, "submits_main": 1, "error": null}
[2m2026-10-02T10:10:42.098002Z[0m [33m WARN[0m [2mcua_driver_sdk::runtime[0m[2m:[0m could not activate the persistent AT-SPI listener: AT-SPI connect failed: ZBus Error: MethodError(OwnedErrorName("org.freedesktop.DBus.Error.NameHasNoOwner"), Some("Could not activate remote peer 'org.a11y.atspi.Registry': unit failed"), Msg { type: Error, serial: 4294967295, sender: UniqueName("org.freedesktop.DBus"), reply-serial: 9, body: Str, fds: [] })
[2m2026-10-02T10:10:42.105130Z[0m [33m WARN[0m [2mplatform_linux::overlay[0m[2m:[0m X11 overlay: root reads cannot see this window's own pixels; save-unders will be served without readback confirmation
{"trial": "ctl-3-005-controls-DC03-A", "arm": "A", "outcome": "verified", "oracle_verified": true, "submits_main": 1, "error": null}
[2m2026-10-02T10:10:43.478031Z[0m [33m WARN[0m [2mcua_driver_sdk::runtime[0m[2m:[0m could not activate the persistent AT-SPI listener: AT-SPI connect failed: ZBus Error: MethodError(OwnedErrorName("org.freedesktop.DBus.Error.NameHasNoOwner"), Some("Could not activate remote peer 'org.a11y.atspi.Registry': unit failed"), Msg { type: Error, serial: 4294967295, sender: UniqueName("org.freedesktop.DBus"), reply-serial: 9, body: Str, fds: [] })
[2m2026-10-02T10:10:43.485157Z[0m [33m WARN[0m [2mplatform_linux::overlay[0m[2m:[0m X11 overlay: root reads cannot see this window's own pixels; save-unders will be served without readback confirmation
{"trial": "ctl-3-006-controls-DC04-C_shadow_audit", "arm": "C_shadow_audit", "outcome": "budget_exhausted", "oracle_verified": false, "submits_main": 0, "error": null}
[2m2026-10-02T10:10:47.468700Z[0m [33m WARN[0m [2mcua_driver_sdk::runtime[0m[2m:[0m could not activate the persistent AT-SPI listener: AT-SPI connect failed: ZBus Error: MethodError(OwnedErrorName("org.freedesktop.DBus.Error.NameHasNoOwner"), Some("Could not activate remote peer 'org.a11y.atspi.Registry': unit failed"), Msg { type: Error, serial: 4294967295, sender: UniqueName("org.freedesktop.DBus"), reply-serial: 9, body: Str, fds: [] })
[2m2026-10-02T10:10:47.475420Z[0m [33m WARN[0m [2mplatform_linux::overlay[0m[2m:[0m X11 overlay: root reads cannot see this window's own pixels; save-unders will be served without readback confirmation
{"trial": "ctl-3-007-controls-DC04-A", "arm": "A", "outcome": "budget_exhausted", "oracle_verified": false, "submits_main": 0, "error": null}
[2m2026-10-02T10:10:51.454586Z[0m [33m WARN[0m [2mcua_driver_sdk::runtime[0m[2m:[0m could not activate the persistent AT-SPI listener: AT-SPI connect failed: ZBus Error: MethodError(OwnedErrorName("org.freedesktop.DBus.Error.NameHasNoOwner"), Some("Could not activate remote peer 'org.a11y.atspi.Registry': unit failed"), Msg { type: Error, serial: 4294967295, sender: UniqueName("org.freedesktop.DBus"), reply-serial: 9, body: Str, fds: [] })
[2m2026-10-02T10:10:51.461697Z[0m [33m WARN[0m [2mplatform_linux::overlay[0m[2m:[0m X11 overlay: root reads cannot see this window's own pixels; save-unders will be served without readback confirmation
{"trial": "ctl-3-008-controls-DC05a-C_shadow_audit", "arm": "C_shadow_audit", "outcome": "verified", "oracle_verified": true, "submits_main": 1, "error": null}
[2m2026-10-02T10:10:52.884173Z[0m [33m WARN[0m [2mcua_driver_sdk::runtime[0m[2m:[0m could not activate the persistent AT-SPI listener: AT-SPI connect failed: ZBus Error: MethodError(OwnedErrorName("org.freedesktop.DBus.Error.NameHasNoOwner"), Some("Could not activate remote peer 'org.a11y.atspi.Registry': unit failed"), Msg { type: Error, serial: 4294967295, sender: UniqueName("org.freedesktop.DBus"), reply-serial: 9, body: Str, fds: [] })
[2m2026-10-02T10:10:52.891312Z[0m [33m WARN[0m [2mplatform_linux::overlay[0m[2m:[0m X11 overlay: root reads cannot see this window's own pixels; save-unders will be served without readback confirmation
{"trial": "ctl-3-009-controls-DC05a-A", "arm": "A", "outcome": "verified", "oracle_verified": true, "submits_main": 1, "error": null}
[2m2026-10-02T10:10:54.245478Z[0m [33m WARN[0m [2mcua_driver_sdk::runtime[0m[2m:[0m could not activate the persistent AT-SPI listener: AT-SPI connect failed: ZBus Error: MethodError(OwnedErrorName("org.freedesktop.DBus.Error.NameHasNoOwner"), Some("Could not activate remote peer 'org.a11y.atspi.Registry': unit failed"), Msg { type: Error, serial: 4294967295, sender: UniqueName("org.freedesktop.DBus"), reply-serial: 9, body: Str, fds: [] })
[2m2026-10-02T10:10:54.252782Z[0m [33m WARN[0m [2mplatform_linux::overlay[0m[2m:[0m X11 overlay: root reads cannot see this window's own pixels; save-unders will be served without readback confirmation
{"trial": "ctl-3-010-controls-DC07-C_shadow_audit", "arm": "C_shadow_audit", "outcome": "verified", "oracle_verified": true, "submits_main": 1, "error": null}
[2m2026-10-02T10:10:57.831986Z[0m [33m WARN[0m [2mcua_driver_sdk::runtime[0m[2m:[0m could not activate the persistent AT-SPI listener: AT-SPI connect failed: ZBus Error: MethodError(OwnedErrorName("org.freedesktop.DBus.Error.NameHasNoOwner"), Some("Could not activate remote peer 'org.a11y.atspi.Registry': unit failed"), Msg { type: Error, serial: 4294967295, sender: UniqueName("org.freedesktop.DBus"), reply-serial: 9, body: Str, fds: [] })
[2m2026-10-02T10:10:57.839499Z[0m [33m WARN[0m [2mplatform_linux::overlay[0m[2m:[0m X11 overlay: root reads cannot see this window's own pixels; save-unders will be served without readback confirmation
{"trial": "ctl-3-011-controls-DC07-A", "arm": "A", "outcome": "verified", "oracle_verified": true, "submits_main": 1, "error": null}
[2m2026-10-02T10:11:01.411229Z[0m [33m WARN[0m [2mcua_driver_sdk::runtime[0m[2m:[0m could not activate the persistent AT-SPI listener: AT-SPI connect failed: ZBus Error: MethodError(OwnedErrorName("org.freedesktop.DBus.Error.NameHasNoOwner"), Some("Could not activate remote peer 'org.a11y.atspi.Registry': unit failed"), Msg { type: Error, serial: 4294967295, sender: UniqueName("org.freedesktop.DBus"), reply-serial: 9, body: Str, fds: [] })
[2m2026-10-02T10:11:01.418677Z[0m [33m WARN[0m [2mplatform_linux::overlay[0m[2m:[0m X11 overlay: root reads cannot see this window's own pixels; save-unders will be served without readback confirmation
{"trial": "ctl-3-012-controls-DC10-C_shadow_audit", "arm": "C_shadow_audit", "outcome": "verified", "oracle_verified": true, "submits_main": 1, "error": null}
[2m2026-10-02T10:11:02.835310Z[0m [33m WARN[0m [2mcua_driver_sdk::runtime[0m[2m:[0m could not activate the persistent AT-SPI listener: AT-SPI connect failed: ZBus Error: MethodError(OwnedErrorName("org.freedesktop.DBus.Error.NameHasNoOwner"), Some("Could not activate remote peer 'org.a11y.atspi.Registry': unit failed"), Msg { type: Error, serial: 4294967295, sender: UniqueName("org.freedesktop.DBus"), reply-serial: 9, body: Str, fds: [] })
[2m2026-10-02T10:11:02.843167Z[0m [33m WARN[0m [2mplatform_linux::overlay[0m[2m:[0m X11 overlay: root reads cannot see this window's own pixels; save-unders will be served without readback confirmation
{"trial": "ctl-3-013-controls-DC10-A", "arm": "A", "outcome": "verified", "oracle_verified": true, "submits_main": 1, "error": null}
[2m2026-10-02T10:11:04.204866Z[0m [33m WARN[0m [2mcua_driver_sdk::runtime[0m[2m:[0m could not activate the persistent AT-SPI listener: AT-SPI connect failed: ZBus Error: MethodError(OwnedErrorName("org.freedesktop.DBus.Error.NameHasNoOwner"), Some("Could not activate remote peer 'org.a11y.atspi.Registry': unit failed"), Msg { type: Error, serial: 4294967295, sender: UniqueName("org.freedesktop.DBus"), reply-serial: 9, body: Str, fds: [] })
[2m2026-10-02T10:11:04.212564Z[0m [33m WARN[0m [2mplatform_linux::overlay[0m[2m:[0m X11 overlay: root reads cannot see this window's own pixels; save-unders will be served without readback confirmation
{"trial": "ctl-3-014-controls-DC11-C_shadow_audit", "arm": "C_shadow_audit", "outcome": "unknown", "oracle_verified": false, "submits_main": 0, "error": null}
[2m2026-10-02T10:12:48.618854Z[0m [33m WARN[0m [2mcua_driver_sdk::runtime[0m[2m:[0m could not activate the persistent AT-SPI listener: AT-SPI connect failed: ZBus Error: MethodError(OwnedErrorName("org.freedesktop.DBus.Error.NameHasNoOwner"), Some("Could not activate remote peer 'org.a11y.atspi.Registry': unit failed"), Msg { type: Error, serial: 4294967295, sender: UniqueName("org.freedesktop.DBus"), reply-serial: 9, body: Str, fds: [] })
[2m2026-10-02T10:12:48.625776Z[0m [33m WARN[0m [2mplatform_linux::overlay[0m[2m:[0m X11 overlay: root reads cannot see this window's own pixels; save-unders will be served without readback confirmation
WARNING: Error releasing name org.freedesktop.Notifications: The connection is closed
XIO:  fatal IO error 25 (Inappropriate ioctl for device) on X server ":99"
      after 957 requests (957 known processed) with 0 events remaining.
