[session] DISPLAY=:102 openbox=3962515 picom=3962516 dbus=unix:path=<session-tmp>/dbus-X,guid=92447b0a57c54c2b1c2c7b026abf42bf
[b02] DISPLAY=:102 start_utc=2026-10-02T05:36:01.211Z loadavg=16.37 13.75 13.75 23/2802 3962769
Cua Driver sends content-free product telemetry by default. Run `cua-driver telemetry disable` to stop it; `cua-driver telemetry status` shows the current setting.
dbus-daemon[3962513]: [session uid=1000 pid=3962513 pidfd=5] Activating service name='org.a11y.Bus' requested by ':1.0' (uid=1000 pid=3962833 comm="<lanes>/bin/cua-driver-b0")
dbus-daemon[3962513]: [session uid=1000 pid=3962513 pidfd=5] Successfully activated service 'org.a11y.Bus'
dbus-daemon[3962513]: [session uid=1000 pid=3962513 pidfd=5] Activating service name='ca.desrt.dconf' requested by ':1.1' (uid=1000 pid=3962873 comm="/usr/lib/at-spi-bus-launcher")
dbus-daemon[3962513]: [session uid=1000 pid=3962513 pidfd=5] Successfully activated service 'ca.desrt.dconf'
dbus-daemon[3962513]: [session uid=1000 pid=3962513 pidfd=5] Activating service name='org.freedesktop.systemd1' requested by ':1.4' (uid=1000 pid=3962897 comm="/usr/bin/dbus-broker-launch --config-file=/usr/sha")
dbus-daemon[3962513]: [session uid=1000 pid=3962513 pidfd=5] Activated service 'org.freedesktop.systemd1' failed: Process org.freedesktop.systemd1 exited with status 1
dbus-daemon[3962513]: [session uid=1000 pid=3962513 pidfd=5] Activating service name='org.freedesktop.systemd1' requested by ':1.4' (uid=1000 pid=3962897 comm="/usr/bin/dbus-broker-launch --config-file=/usr/sha")
dbus-daemon[3962513]: [session uid=1000 pid=3962513 pidfd=5] Activated service 'org.freedesktop.systemd1' failed: Process org.freedesktop.systemd1 exited with status 1
[2m2026-10-02T05:36:02.249550Z[0m [33m WARN[0m [2mcua_driver_sdk::runtime[0m[2m:[0m could not activate the persistent AT-SPI listener: AT-SPI connect failed: ZBus Error: MethodError(OwnedErrorName("org.freedesktop.DBus.Error.NameHasNoOwner"), Some("Could not activate remote peer 'org.a11y.atspi.Registry': unit failed"), Msg { type: Error, serial: 4294967295, sender: UniqueName("org.freedesktop.DBus"), reply-serial: 10, body: Str, fds: [] })
[2m2026-10-02T05:36:02.271565Z[0m [33m WARN[0m [2mplatform_linux::overlay[0m[2m:[0m X11 overlay: root reads cannot see this window's own pixels; save-unders will be served without readback confirmation
dbus-daemon[3962513]: [session uid=1000 pid=3962513 pidfd=5] Activating service name='org.gtk.vfs.Daemon' requested by ':1.5' (uid=1000 pid=3962990 comm="/opt/google/chrome/chrome --remote-debugging-port=")
dbus-daemon[3962513]: [session uid=1000 pid=3962513 pidfd=5] Successfully activated service 'org.gtk.vfs.Daemon'
fusermount3: mount failed: Operation not permitted
dbus-daemon[3962513]: [session uid=1000 pid=3962513 pidfd=5] Activating service name='org.freedesktop.systemd1' requested by ':1.4' (uid=1000 pid=3962897 comm="/usr/bin/dbus-broker-launch --config-file=/usr/sha")
dbus-daemon[3962513]: [session uid=1000 pid=3962513 pidfd=5] Activated service 'org.freedesktop.systemd1' failed: Process org.freedesktop.systemd1 exited with status 1
dbus-daemon[3962513]: [session uid=1000 pid=3962513 pidfd=5] Activating service name='org.freedesktop.systemd1' requested by ':1.4' (uid=1000 pid=3962897 comm="/usr/bin/dbus-broker-launch --config-file=/usr/sha")
dbus-daemon[3962513]: [session uid=1000 pid=3962513 pidfd=5] Activated service 'org.freedesktop.systemd1' failed: Process org.freedesktop.systemd1 exited with status 1
dbus-daemon[3962513]: [session uid=1000 pid=3962513 pidfd=5] Activating service name='org.freedesktop.Notifications' requested by ':1.7' (uid=1000 pid=3962990 comm="/opt/google/chrome/chrome --remote-debugging-port=")
dbus-daemon[3962513]: [session uid=1000 pid=3962513 pidfd=5] Activating service name='org.freedesktop.portal.Desktop' requested by ':1.7' (uid=1000 pid=3962990 comm="/opt/google/chrome/chrome --remote-debugging-port=")
dbus-daemon[3962513]: [session uid=1000 pid=3962513 pidfd=5] Successfully activated service 'org.freedesktop.Notifications'
dbus-daemon[3962513]: [session uid=1000 pid=3962513 pidfd=5] Activating service name='org.freedesktop.impl.portal.PermissionStore' requested by ':1.9' (uid=1000 pid=3963200 comm="/usr/lib/xdg-desktop-portal")
dbus-daemon[3962513]: [session uid=1000 pid=3962513 pidfd=5] Successfully activated service 'org.freedesktop.impl.portal.PermissionStore'
dbus-daemon[3962513]: [session uid=1000 pid=3962513 pidfd=5] Activating service name='org.freedesktop.portal.Documents' requested by ':1.9' (uid=1000 pid=3963200 comm="/usr/lib/xdg-desktop-portal")
dbus-daemon[3962513]: [session uid=1000 pid=3962513 pidfd=5] Successfully activated service 'org.freedesktop.portal.Documents'
fusermount3: mount failed: Operation not permitted
error: fuse init failed: Can't mount path <lane-tmp>/x11-session.vF2x21/xdg-runtime/doc

(/usr/lib/xdg-desktop-portal:3963200): xdg-desktop-portal-WARNING **: 00:36:03.303: Document portal fuse mount point unknown: GDBus.Error:org.freedesktop.DBus.Error.ServiceUnknown: The name :1.11 was not provided by any .service files

(/usr/lib/xdg-desktop-portal:3963200): xdg-desktop-portal-WARNING **: 00:36:03.303: Choosing gtk.portal for org.freedesktop.impl.portal.Lockdown as a last-resort fallback
dbus-daemon[3962513]: [session uid=1000 pid=3962513 pidfd=5] Activating service name='org.freedesktop.impl.portal.desktop.gtk' requested by ':1.9' (uid=1000 pid=3963200 comm="/usr/lib/xdg-desktop-portal")
dbus-daemon[3962513]: [session uid=1000 pid=3962513 pidfd=5] Activating service name='org.freedesktop.systemd1' requested by ':1.4' (uid=1000 pid=3962897 comm="/usr/bin/dbus-broker-launch --config-file=/usr/sha")
dbus-daemon[3962513]: [session uid=1000 pid=3962513 pidfd=5] Activated service 'org.freedesktop.systemd1' failed: Process org.freedesktop.systemd1 exited with status 1

** (xdg-desktop-portal-gtk:3963226): WARNING **: 00:36:03.354: AT-SPI: Could not obtain desktop path or name

dbus-daemon[3962513]: [session uid=1000 pid=3962513 pidfd=5] Successfully activated service 'org.freedesktop.impl.portal.desktop.gtk'
dbus-daemon[3962513]: [session uid=1000 pid=3962513 pidfd=5] Activating service name='org.freedesktop.systemd1' requested by ':1.4' (uid=1000 pid=3962897 comm="/usr/bin/dbus-broker-launch --config-file=/usr/sha")

(/usr/lib/xdg-desktop-portal:3963200): xdg-desktop-portal-WARNING **: 00:36:03.356: Choosing gtk.portal for org.freedesktop.impl.portal.Access as a last-resort fallback
dbus-daemon[3962513]: [session uid=1000 pid=3962513 pidfd=5] Activated service 'org.freedesktop.systemd1' failed: Process org.freedesktop.systemd1 exited with status 1

** (xdg-desktop-portal-gtk:3963226): WARNING **: 00:36:03.358: atk-bridge: GetRegisteredEvents returned message with unknown signature

** (xdg-desktop-portal-gtk:3963226): WARNING **: 00:36:03.358: atk-bridge: get_device_events_reply: unknown signature

(/usr/lib/xdg-desktop-portal:3963200): xdg-desktop-portal-WARNING **: 00:36:03.382: Choosing gtk.portal for org.freedesktop.impl.portal.Settings as a last-resort fallback

(/usr/lib/xdg-desktop-portal:3963200): xdg-desktop-portal-WARNING **: 00:36:03.383: Choosing gtk.portal for org.freedesktop.impl.portal.FileChooser as a last-resort fallback

(/usr/lib/xdg-desktop-portal:3963200): xdg-desktop-portal-WARNING **: 00:36:03.383: Choosing gtk.portal for org.freedesktop.impl.portal.AppChooser as a last-resort fallback

(/usr/lib/xdg-desktop-portal:3963200): xdg-desktop-portal-WARNING **: 00:36:03.384: Choosing gtk.portal for org.freedesktop.impl.portal.Print as a last-resort fallback

(/usr/lib/xdg-desktop-portal:3963200): xdg-desktop-portal-WARNING **: 00:36:03.384: Choosing gtk.portal for org.freedesktop.impl.portal.Notification as a last-resort fallback

(/usr/lib/xdg-desktop-portal:3963200): xdg-desktop-portal-WARNING **: 00:36:03.385: Choosing gtk.portal for org.freedesktop.impl.portal.Inhibit as a last-resort fallback

(/usr/lib/xdg-desktop-portal:3963200): xdg-desktop-portal-WARNING **: 00:36:03.387: Failed to connect to PipeWire: Couldn't connect to PipeWire

(/usr/lib/xdg-desktop-portal:3963200): xdg-desktop-portal-WARNING **: 00:36:03.387: Choosing gtk.portal for org.freedesktop.impl.portal.Account as a last-resort fallback

(/usr/lib/xdg-desktop-portal:3963200): xdg-desktop-portal-WARNING **: 00:36:03.390: Choosing gtk.portal for org.freedesktop.impl.portal.Email as a last-resort fallback

(/usr/lib/xdg-desktop-portal:3963200): xdg-desktop-portal-WARNING **: 00:36:03.391: Choosing gtk.portal for org.freedesktop.impl.portal.DynamicLauncher as a last-resort fallback
dbus-daemon[3962513]: [session uid=1000 pid=3962513 pidfd=5] Successfully activated service 'org.freedesktop.portal.Desktop'
dbus-daemon[3962513]: [session uid=1000 pid=3962513 pidfd=5] Activating service name='org.freedesktop.systemd1' requested by ':1.4' (uid=1000 pid=3962897 comm="/usr/bin/dbus-broker-launch --config-file=/usr/sha")
dbus-daemon[3962513]: [session uid=1000 pid=3962513 pidfd=5] Activated service 'org.freedesktop.systemd1' failed: Process org.freedesktop.systemd1 exited with status 1
[2m2026-10-02T05:36:04.850643Z[0m [33m WARN[0m [2mcua_driver_sdk::runtime[0m[2m:[0m could not activate the persistent AT-SPI listener: AT-SPI connect failed: ZBus Error: MethodError(OwnedErrorName("org.freedesktop.DBus.Error.NameHasNoOwner"), Some("Could not activate remote peer 'org.a11y.atspi.Registry': unit failed"), Msg { type: Error, serial: 4294967295, sender: UniqueName("org.freedesktop.DBus"), reply-serial: 9, body: Str, fds: [] })
[2m2026-10-02T05:36:04.864298Z[0m [33m WARN[0m [2mplatform_linux::overlay[0m[2m:[0m X11 overlay: root reads cannot see this window's own pixels; save-unders will be served without readback confirmation
{"trial": "s000-fill-step0", "second": {"is_error": false, "status": "refused", "effect": null, "code": "browser_consent_required", "has_target": false}}
dbus-daemon[3962513]: [session uid=1000 pid=3962513 pidfd=5] Activating service name='org.freedesktop.systemd1' requested by ':1.4' (uid=1000 pid=3962897 comm="/usr/bin/dbus-broker-launch --config-file=/usr/sha")
dbus-daemon[3962513]: [session uid=1000 pid=3962513 pidfd=5] Activated service 'org.freedesktop.systemd1' failed: Process org.freedesktop.systemd1 exited with status 1
[2m2026-10-02T05:36:06.548517Z[0m [33m WARN[0m [2mcua_driver_sdk::runtime[0m[2m:[0m could not activate the persistent AT-SPI listener: AT-SPI connect failed: ZBus Error: MethodError(OwnedErrorName("org.freedesktop.DBus.Error.NameHasNoOwner"), Some("Could not activate remote peer 'org.a11y.atspi.Registry': unit failed"), Msg { type: Error, serial: 4294967295, sender: UniqueName("org.freedesktop.DBus"), reply-serial: 9, body: Str, fds: [] })
[2m2026-10-02T05:36:06.561298Z[0m [33m WARN[0m [2mplatform_linux::overlay[0m[2m:[0m X11 overlay: root reads cannot see this window's own pixels; save-unders will be served without readback confirmation
dbus-daemon[3962513]: [session uid=1000 pid=3962513 pidfd=5] Activating service name='org.freedesktop.systemd1' requested by ':1.4' (uid=1000 pid=3962897 comm="/usr/bin/dbus-broker-launch --config-file=/usr/sha")
dbus-daemon[3962513]: [session uid=1000 pid=3962513 pidfd=5] Activated service 'org.freedesktop.systemd1' failed: Process org.freedesktop.systemd1 exited with status 1
dbus-daemon[3962513]: [session uid=1000 pid=3962513 pidfd=5] Activating service name='org.freedesktop.systemd1' requested by ':1.4' (uid=1000 pid=3962897 comm="/usr/bin/dbus-broker-launch --config-file=/usr/sha")
dbus-daemon[3962513]: [session uid=1000 pid=3962513 pidfd=5] Activated service 'org.freedesktop.systemd1' failed: Process org.freedesktop.systemd1 exited with status 1
dbus-daemon[3962513]: [session uid=1000 pid=3962513 pidfd=5] Activating service name='org.freedesktop.systemd1' requested by ':1.4' (uid=1000 pid=3962897 comm="/usr/bin/dbus-broker-launch --config-file=/usr/sha")
dbus-daemon[3962513]: [session uid=1000 pid=3962513 pidfd=5] Activated service 'org.freedesktop.systemd1' failed: Process org.freedesktop.systemd1 exited with status 1
[2m2026-10-02T05:36:08.519368Z[0m [33m WARN[0m [2mcua_driver_sdk::runtime[0m[2m:[0m could not activate the persistent AT-SPI listener: AT-SPI connect failed: ZBus Error: MethodError(OwnedErrorName("org.freedesktop.DBus.Error.NameHasNoOwner"), Some("Could not activate remote peer 'org.a11y.atspi.Registry': unit failed"), Msg { type: Error, serial: 4294967295, sender: UniqueName("org.freedesktop.DBus"), reply-serial: 9, body: Str, fds: [] })
[2m2026-10-02T05:36:08.537549Z[0m [33m WARN[0m [2mplatform_linux::overlay[0m[2m:[0m X11 overlay: root reads cannot see this window's own pixels; save-unders will be served without readback confirmation
{"trial": "s001-toggle-step0", "second": {"is_error": false, "status": "refused", "effect": null, "code": "browser_consent_required", "has_target": false}}
dbus-daemon[3962513]: [session uid=1000 pid=3962513 pidfd=5] Activating service name='org.freedesktop.systemd1' requested by ':1.4' (uid=1000 pid=3962897 comm="/usr/bin/dbus-broker-launch --config-file=/usr/sha")
dbus-daemon[3962513]: [session uid=1000 pid=3962513 pidfd=5] Activated service 'org.freedesktop.systemd1' failed: Process org.freedesktop.systemd1 exited with status 1
[2m2026-10-02T05:36:10.120356Z[0m [33m WARN[0m [2mcua_driver_sdk::runtime[0m[2m:[0m could not activate the persistent AT-SPI listener: AT-SPI connect failed: ZBus Error: MethodError(OwnedErrorName("org.freedesktop.DBus.Error.NameHasNoOwner"), Some("Could not activate remote peer 'org.a11y.atspi.Registry': unit failed"), Msg { type: Error, serial: 4294967295, sender: UniqueName("org.freedesktop.DBus"), reply-serial: 9, body: Str, fds: [] })
[2m2026-10-02T05:36:10.137110Z[0m [33m WARN[0m [2mplatform_linux::overlay[0m[2m:[0m X11 overlay: root reads cannot see this window's own pixels; save-unders will be served without readback confirmation
dbus-daemon[3962513]: [session uid=1000 pid=3962513 pidfd=5] Activating service name='org.freedesktop.systemd1' requested by ':1.4' (uid=1000 pid=3962897 comm="/usr/bin/dbus-broker-launch --config-file=/usr/sha")
dbus-daemon[3962513]: [session uid=1000 pid=3962513 pidfd=5] Activated service 'org.freedesktop.systemd1' failed: Process org.freedesktop.systemd1 exited with status 1
dbus-daemon[3962513]: [session uid=1000 pid=3962513 pidfd=5] Activating service name='org.freedesktop.systemd1' requested by ':1.4' (uid=1000 pid=3962897 comm="/usr/bin/dbus-broker-launch --config-file=/usr/sha")
dbus-daemon[3962513]: [session uid=1000 pid=3962513 pidfd=5] Activated service 'org.freedesktop.systemd1' failed: Process org.freedesktop.systemd1 exited with status 1
dbus-daemon[3962513]: [session uid=1000 pid=3962513 pidfd=5] Activating service name='org.freedesktop.systemd1' requested by ':1.4' (uid=1000 pid=3962897 comm="/usr/bin/dbus-broker-launch --config-file=/usr/sha")
dbus-daemon[3962513]: [session uid=1000 pid=3962513 pidfd=5] Activated service 'org.freedesktop.systemd1' failed: Process org.freedesktop.systemd1 exited with status 1
[2m2026-10-02T05:36:12.257584Z[0m [33m WARN[0m [2mcua_driver_sdk::runtime[0m[2m:[0m could not activate the persistent AT-SPI listener: AT-SPI connect failed: ZBus Error: MethodError(OwnedErrorName("org.freedesktop.DBus.Error.NameHasNoOwner"), Some("Could not activate remote peer 'org.a11y.atspi.Registry': unit failed"), Msg { type: Error, serial: 4294967295, sender: UniqueName("org.freedesktop.DBus"), reply-serial: 9, body: Str, fds: [] })
[2m2026-10-02T05:36:12.268438Z[0m [33m WARN[0m [2mplatform_linux::overlay[0m[2m:[0m X11 overlay: root reads cannot see this window's own pixels; save-unders will be served without readback confirmation
{"trial": "s002-modal-step0", "second": {"is_error": false, "status": "refused", "effect": null, "code": "browser_consent_required", "has_target": false}}
[b02] end_utc=2026-10-02T05:36:14.830Z rc=0
X connection to :102 broken (explicit kill or server shutdown).
X connection to :102 broken (explicit kill or server shutdown).
A connection to the bus can't be made
[session] exit rc=0 run_dir=<lane-tmp>/x11-session.vF2x21
