# same heads-only clone, default fetch behaviour with --state: missing refs fetched read-only from the fork / upstream
# tested commit: 3a59fa571b63a011cbb4d89c806191a1a180fbe4 (lane head at run: 3a59fa571b63a011cbb4d89c806191a1a180fbe4)
# clone: clone-heads (shallow, 2 refs, alternates: no)
# STATE.json sha256: ba636f47d3c00624bd0fe5351fade70598e8520c550da08390e6431024dcb673
# command: hostless python3 docs/rfc/3963-rewrite/verify_artifacts.py --state <loop STATE.json> --all-commits  (CUA_PRIVACY_NAMES_FILE set)
# utc: 2026-10-03T16:28:46Z
NEED regen           packet objects are missing from this clone (see shas NEED); fetch them to regenerate
NEED shas            row PUB-03 sha cb18ebfbd: needs ref refs/heads/exp/own-20g-guard-final-diff-r1c-20261003, which is not published on the fork (held or local only); fetch it from the lane's local clone
NEED shas            backticked SHA cb18ebfbd: needs ref refs/heads/exp/own-20g-guard-final-diff-r1c-20261003, which is not published on the fork (held or local only); fetch it from the lane's local clone
DIFF state           N-03: STATE None vs draft KEEP; reason: STATE lists per-component verdicts without a row-level token; the deleted components (V, ax_fg S0 scoped) make the row KEEP, HCL stays OWNER_DECISION; superseded for E2/E3 by N-04.
DIFF state           BUG-01: STATE CONFIRMED_BUG vs draft KEEP; reason: STATE uses CONFIRMED_BUG / ACCUMULATION_ONLY; the draft maps a confirmed bug with a red/green fix candidate to KEEP (fix candidate) and B to an evidence note.
DIFF state           OWN-75: STATE PENDING vs draft SUPERSEDED; reason: STATE keeps the wave-2 hard-stop record as PENDING with superseded_by OWN-75R; it carries no evidence, so the draft lists it as SUPERSEDED and cites OWN-75R.
FLAG origin          UNPUBLISHED OWN-75: exp/own-75-timing-parity-4336-20261002 on the fork is absent, cited cd1878872
FLAG origin          UNPUBLISHED PUB-03: exp/own-20g-guard-final-diff-r1c-20261003 on the fork is absent, cited cb18ebfbd
PASS autolink        no upstream autolink form or at-mention in 10 files
PASS claims          242 claims (152 generated, 90 curated) traced to their pointer
PASS files           10 files present and parse
PASS freshness       upstream main 9a2b1d99e is 41 commits past 0f1955d2f; the 2 Linux/core paths since the base are listed with their status
PASS graph           31 nodes, 38 edges; mermaid and JSON agree; open-lane nodes match the OPEN rows
PASS numbers         129 row templates: every number is a pointer (packet line / packet JSON / STATE)
PASS open            13 OPEN rows across 6 wave-7 lanes; no claim cites a wave-7 result
PASS origin          55 cited branch heads equal the fork
PASS pending         30 moving rows and 6 wave-7 lanes named in PENDING.md
PASS privacy         0 findings over 10 files in the directory (tracked or not)
PASS privacy-commits 0 findings in 2 commits since 5de1a3799 (18 blobs and every message)
PASS rows            78 rows, 0 PENDING, table agrees; BLOCKED 21, KEEP 37, KILL 4, REVISE 15, SUPERSEDED 1
PASS sections        README has all 10 required sections (section 11 = PENDING.md)
PASS shas            census SHA ed6887c11 fetched read-only from the fork ref research/rfc3963-dependency-census-20260925
PASS shas            145 SHA references checked: 143 resolve (52 refs fetched read-only), 2 NEED a ref
PASS state           STATE.json sha256 equals the one the rows were generated from (ba636f47d3c0)
PASS state           STATE row N-01 covered: hard-stop record superseded by N-01R (no evidence)
PASS state           STATE row B-01R covered: text-fix lane; its head is the accepted B-01 commit
PASS state           every row matches STATE.json (3 listed as DIFF with a reason)
SUMMARY FAIL=0 NEED=3 DIFF=3 FLAG=2 SKIP=0 PASS=19
# exit: 0
