test_rejects_corrupt_receipt_identity_and_claims (test_checker.ReceiptCheckerTest.test_rejects_corrupt_receipt_identity_and_claims) ... 
  test_rejects_corrupt_receipt_identity_and_claims (test_checker.ReceiptCheckerTest.test_rejects_corrupt_receipt_identity_and_claims) (error='pin_mismatch') ... FAIL
  test_rejects_corrupt_receipt_identity_and_claims (test_checker.ReceiptCheckerTest.test_rejects_corrupt_receipt_identity_and_claims) (error='unexpected_branch') ... FAIL
  test_rejects_corrupt_receipt_identity_and_claims (test_checker.ReceiptCheckerTest.test_rejects_corrupt_receipt_identity_and_claims) (error='proof_candidate_mismatch') ... FAIL
  test_rejects_corrupt_receipt_identity_and_claims (test_checker.ReceiptCheckerTest.test_rejects_corrupt_receipt_identity_and_claims) (error='accepted_without_plan') ... FAIL
  test_rejects_corrupt_receipt_identity_and_claims (test_checker.ReceiptCheckerTest.test_rejects_corrupt_receipt_identity_and_claims) (error='non_page_acceptance') ... FAIL
  test_rejects_corrupt_receipt_identity_and_claims (test_checker.ReceiptCheckerTest.test_rejects_corrupt_receipt_identity_and_claims) (error='proof_not_unique') ... FAIL
  test_rejects_corrupt_receipt_identity_and_claims (test_checker.ReceiptCheckerTest.test_rejects_corrupt_receipt_identity_and_claims) (error='field_not_proven') ... FAIL
test_rejects_corrupt_receipt_identity_and_claims (test_checker.ReceiptCheckerTest.test_rejects_corrupt_receipt_identity_and_claims) ... FAIL
test_rejects_corrupt_stale_ref_proof (test_checker.ReceiptCheckerTest.test_rejects_corrupt_stale_ref_proof) ... ok

======================================================================
FAIL: test_rejects_corrupt_receipt_identity_and_claims (test_checker.ReceiptCheckerTest.test_rejects_corrupt_receipt_identity_and_claims) (error='pin_mismatch')
----------------------------------------------------------------------
Traceback (most recent call last):
  File "/mnt/zer0models/github/cua-lanes/speed-predicate/research/work-deletion/predicate-cycle-001/test_checker.py", line 42, in test_rejects_corrupt_receipt_identity_and_claims
    self.assertIn(error,check([row]))
    ~~~~~~~~~~~~~^^^^^^^^^^^^^^^^^^^^
AssertionError: 'pin_mismatch' not found in []

======================================================================
FAIL: test_rejects_corrupt_receipt_identity_and_claims (test_checker.ReceiptCheckerTest.test_rejects_corrupt_receipt_identity_and_claims) (error='unexpected_branch')
----------------------------------------------------------------------
Traceback (most recent call last):
  File "/mnt/zer0models/github/cua-lanes/speed-predicate/research/work-deletion/predicate-cycle-001/test_checker.py", line 42, in test_rejects_corrupt_receipt_identity_and_claims
    self.assertIn(error,check([row]))
    ~~~~~~~~~~~~~^^^^^^^^^^^^^^^^^^^^
AssertionError: 'unexpected_branch' not found in []

======================================================================
FAIL: test_rejects_corrupt_receipt_identity_and_claims (test_checker.ReceiptCheckerTest.test_rejects_corrupt_receipt_identity_and_claims) (error='proof_candidate_mismatch')
----------------------------------------------------------------------
Traceback (most recent call last):
  File "/mnt/zer0models/github/cua-lanes/speed-predicate/research/work-deletion/predicate-cycle-001/test_checker.py", line 42, in test_rejects_corrupt_receipt_identity_and_claims
    self.assertIn(error,check([row]))
    ~~~~~~~~~~~~~^^^^^^^^^^^^^^^^^^^^
AssertionError: 'proof_candidate_mismatch' not found in []

======================================================================
FAIL: test_rejects_corrupt_receipt_identity_and_claims (test_checker.ReceiptCheckerTest.test_rejects_corrupt_receipt_identity_and_claims) (error='accepted_without_plan')
----------------------------------------------------------------------
Traceback (most recent call last):
  File "/mnt/zer0models/github/cua-lanes/speed-predicate/research/work-deletion/predicate-cycle-001/test_checker.py", line 42, in test_rejects_corrupt_receipt_identity_and_claims
    self.assertIn(error,check([row]))
    ~~~~~~~~~~~~~^^^^^^^^^^^^^^^^^^^^
AssertionError: 'accepted_without_plan' not found in []

======================================================================
FAIL: test_rejects_corrupt_receipt_identity_and_claims (test_checker.ReceiptCheckerTest.test_rejects_corrupt_receipt_identity_and_claims) (error='non_page_acceptance')
----------------------------------------------------------------------
Traceback (most recent call last):
  File "/mnt/zer0models/github/cua-lanes/speed-predicate/research/work-deletion/predicate-cycle-001/test_checker.py", line 42, in test_rejects_corrupt_receipt_identity_and_claims
    self.assertIn(error,check([row]))
    ~~~~~~~~~~~~~^^^^^^^^^^^^^^^^^^^^
AssertionError: 'non_page_acceptance' not found in []

======================================================================
FAIL: test_rejects_corrupt_receipt_identity_and_claims (test_checker.ReceiptCheckerTest.test_rejects_corrupt_receipt_identity_and_claims) (error='proof_not_unique')
----------------------------------------------------------------------
Traceback (most recent call last):
  File "/mnt/zer0models/github/cua-lanes/speed-predicate/research/work-deletion/predicate-cycle-001/test_checker.py", line 42, in test_rejects_corrupt_receipt_identity_and_claims
    self.assertIn(error,check([row]))
    ~~~~~~~~~~~~~^^^^^^^^^^^^^^^^^^^^
AssertionError: 'proof_not_unique' not found in []

======================================================================
FAIL: test_rejects_corrupt_receipt_identity_and_claims (test_checker.ReceiptCheckerTest.test_rejects_corrupt_receipt_identity_and_claims) (error='field_not_proven')
----------------------------------------------------------------------
Traceback (most recent call last):
  File "/mnt/zer0models/github/cua-lanes/speed-predicate/research/work-deletion/predicate-cycle-001/test_checker.py", line 42, in test_rejects_corrupt_receipt_identity_and_claims
    self.assertIn(error,check([row]))
    ~~~~~~~~~~~~~^^^^^^^^^^^^^^^^^^^^
AssertionError: 'field_not_proven' not found in []

======================================================================
FAIL: test_rejects_corrupt_receipt_identity_and_claims (test_checker.ReceiptCheckerTest.test_rejects_corrupt_receipt_identity_and_claims)
----------------------------------------------------------------------
Traceback (most recent call last):
  File "/mnt/zer0models/github/cua-lanes/speed-predicate/research/work-deletion/predicate-cycle-001/test_checker.py", line 44, in test_rejects_corrupt_receipt_identity_and_claims
    self.assertIn('duplicate_trial_key',check([row,copy.deepcopy(row)]))
    ~~~~~~~~~~~~~^^^^^^^^^^^^^^^^^^^^^^^^^^^^^^^^^^^^^^^^^^^^^^^^^^^^^^^
AssertionError: 'duplicate_trial_key' not found in []

----------------------------------------------------------------------
Ran 2 tests in 0.002s

FAILED (failures=8)
