test_rejects_corrupt_receipt_identity_and_claims (test_checker.ReceiptCheckerTest.test_rejects_corrupt_receipt_identity_and_claims) ... ok
test_rejects_corrupt_runner_receipts (test_checker.ReceiptCheckerTest.test_rejects_corrupt_runner_receipts) ... 
  test_rejects_corrupt_runner_receipts (test_checker.ReceiptCheckerTest.test_rejects_corrupt_runner_receipts) (error='no_driver_cleanup') ... FAIL
  test_rejects_corrupt_runner_receipts (test_checker.ReceiptCheckerTest.test_rejects_corrupt_runner_receipts) (error='field_leak_reported') ... FAIL
  test_rejects_corrupt_runner_receipts (test_checker.ReceiptCheckerTest.test_rejects_corrupt_runner_receipts) (error='cross_session') ... FAIL
  test_rejects_corrupt_runner_receipts (test_checker.ReceiptCheckerTest.test_rejects_corrupt_runner_receipts) (error='wrong_mutation') ... FAIL
  test_rejects_corrupt_runner_receipts (test_checker.ReceiptCheckerTest.test_rejects_corrupt_runner_receipts) (error='verified_without_oracle') ... FAIL
  test_rejects_corrupt_runner_receipts (test_checker.ReceiptCheckerTest.test_rejects_corrupt_runner_receipts) (error='default_off_guard') ... FAIL
  test_rejects_corrupt_runner_receipts (test_checker.ReceiptCheckerTest.test_rejects_corrupt_runner_receipts) (error='guarded_model_scores') ... FAIL
  test_rejects_corrupt_runner_receipts (test_checker.ReceiptCheckerTest.test_rejects_corrupt_runner_receipts) (error='guarded_provider_work') ... FAIL
  test_rejects_corrupt_runner_receipts (test_checker.ReceiptCheckerTest.test_rejects_corrupt_runner_receipts) (error='lost_response_retried') ... FAIL
test_rejects_corrupt_stale_ref_proof (test_checker.ReceiptCheckerTest.test_rejects_corrupt_stale_ref_proof) ... ok

======================================================================
FAIL: test_rejects_corrupt_runner_receipts (test_checker.ReceiptCheckerTest.test_rejects_corrupt_runner_receipts) (error='no_driver_cleanup')
----------------------------------------------------------------------
Traceback (most recent call last):
  File "/mnt/zer0models/github/cua-lanes/speed-predicate/research/work-deletion/predicate-cycle-001/test_checker.py", line 68, in test_rejects_corrupt_runner_receipts
    self.assertIn(error,check([row]))
    ~~~~~~~~~~~~~^^^^^^^^^^^^^^^^^^^^
AssertionError: 'no_driver_cleanup' not found in []

======================================================================
FAIL: test_rejects_corrupt_runner_receipts (test_checker.ReceiptCheckerTest.test_rejects_corrupt_runner_receipts) (error='field_leak_reported')
----------------------------------------------------------------------
Traceback (most recent call last):
  File "/mnt/zer0models/github/cua-lanes/speed-predicate/research/work-deletion/predicate-cycle-001/test_checker.py", line 68, in test_rejects_corrupt_runner_receipts
    self.assertIn(error,check([row]))
    ~~~~~~~~~~~~~^^^^^^^^^^^^^^^^^^^^
AssertionError: 'field_leak_reported' not found in []

======================================================================
FAIL: test_rejects_corrupt_runner_receipts (test_checker.ReceiptCheckerTest.test_rejects_corrupt_runner_receipts) (error='cross_session')
----------------------------------------------------------------------
Traceback (most recent call last):
  File "/mnt/zer0models/github/cua-lanes/speed-predicate/research/work-deletion/predicate-cycle-001/test_checker.py", line 68, in test_rejects_corrupt_runner_receipts
    self.assertIn(error,check([row]))
    ~~~~~~~~~~~~~^^^^^^^^^^^^^^^^^^^^
AssertionError: 'cross_session' not found in []

======================================================================
FAIL: test_rejects_corrupt_runner_receipts (test_checker.ReceiptCheckerTest.test_rejects_corrupt_runner_receipts) (error='wrong_mutation')
----------------------------------------------------------------------
Traceback (most recent call last):
  File "/mnt/zer0models/github/cua-lanes/speed-predicate/research/work-deletion/predicate-cycle-001/test_checker.py", line 68, in test_rejects_corrupt_runner_receipts
    self.assertIn(error,check([row]))
    ~~~~~~~~~~~~~^^^^^^^^^^^^^^^^^^^^
AssertionError: 'wrong_mutation' not found in []

======================================================================
FAIL: test_rejects_corrupt_runner_receipts (test_checker.ReceiptCheckerTest.test_rejects_corrupt_runner_receipts) (error='verified_without_oracle')
----------------------------------------------------------------------
Traceback (most recent call last):
  File "/mnt/zer0models/github/cua-lanes/speed-predicate/research/work-deletion/predicate-cycle-001/test_checker.py", line 68, in test_rejects_corrupt_runner_receipts
    self.assertIn(error,check([row]))
    ~~~~~~~~~~~~~^^^^^^^^^^^^^^^^^^^^
AssertionError: 'verified_without_oracle' not found in []

======================================================================
FAIL: test_rejects_corrupt_runner_receipts (test_checker.ReceiptCheckerTest.test_rejects_corrupt_runner_receipts) (error='default_off_guard')
----------------------------------------------------------------------
Traceback (most recent call last):
  File "/mnt/zer0models/github/cua-lanes/speed-predicate/research/work-deletion/predicate-cycle-001/test_checker.py", line 68, in test_rejects_corrupt_runner_receipts
    self.assertIn(error,check([row]))
    ~~~~~~~~~~~~~^^^^^^^^^^^^^^^^^^^^
AssertionError: 'default_off_guard' not found in []

======================================================================
FAIL: test_rejects_corrupt_runner_receipts (test_checker.ReceiptCheckerTest.test_rejects_corrupt_runner_receipts) (error='guarded_model_scores')
----------------------------------------------------------------------
Traceback (most recent call last):
  File "/mnt/zer0models/github/cua-lanes/speed-predicate/research/work-deletion/predicate-cycle-001/test_checker.py", line 68, in test_rejects_corrupt_runner_receipts
    self.assertIn(error,check([row]))
    ~~~~~~~~~~~~~^^^^^^^^^^^^^^^^^^^^
AssertionError: 'guarded_model_scores' not found in []

======================================================================
FAIL: test_rejects_corrupt_runner_receipts (test_checker.ReceiptCheckerTest.test_rejects_corrupt_runner_receipts) (error='guarded_provider_work')
----------------------------------------------------------------------
Traceback (most recent call last):
  File "/mnt/zer0models/github/cua-lanes/speed-predicate/research/work-deletion/predicate-cycle-001/test_checker.py", line 68, in test_rejects_corrupt_runner_receipts
    self.assertIn(error,check([row]))
    ~~~~~~~~~~~~~^^^^^^^^^^^^^^^^^^^^
AssertionError: 'guarded_provider_work' not found in []

======================================================================
FAIL: test_rejects_corrupt_runner_receipts (test_checker.ReceiptCheckerTest.test_rejects_corrupt_runner_receipts) (error='lost_response_retried')
----------------------------------------------------------------------
Traceback (most recent call last):
  File "/mnt/zer0models/github/cua-lanes/speed-predicate/research/work-deletion/predicate-cycle-001/test_checker.py", line 68, in test_rejects_corrupt_runner_receipts
    self.assertIn(error,check([row]))
    ~~~~~~~~~~~~~^^^^^^^^^^^^^^^^^^^^
AssertionError: 'lost_response_retried' not found in []

----------------------------------------------------------------------
Ran 3 tests in 0.005s

FAILED (failures=9)
