[session] DISPLAY=:99 openbox=1128328 picom=1128330 dbus=unix:path=/tmp/dbus-Nr08M6m7Kl,guid=336a34580454b92698da27496abf627b
preflight {"checks": {"dbus_daemon_is_session_child": true, "display_is_private_number": true, "display_not_host_x0_x2": true, "landlock_no_new_privs": true, "no_host_atspi_bus": true, "no_wayland_vars": true, "x_socket_owned_by_session_xvfb": true, "xauthority_absent_or_session_own": true, "xdg_runtime_dir_in_session_run_dir": true}, "display": ":99", "ok": true, "run_dir": "<lane-tmp>/x11-session.xEEJcz"}
Cua Driver sends content-free product telemetry by default. Run `cua-driver telemetry disable` to stop it; `cua-driver telemetry status` shows the current setting.
[2m2026-10-02T07:51:26.171003Z[0m [33m WARN[0m [2mcua_driver_sdk::runtime[0m[2m:[0m could not activate the persistent AT-SPI listener: AT-SPI connect failed: ZBus Error: MethodError(OwnedErrorName("org.freedesktop.DBus.Error.NameHasNoOwner"), Some("Could not activate remote peer 'org.a11y.atspi.Registry': unit failed"), Msg { type: Error, serial: 4294967295, sender: UniqueName("org.freedesktop.DBus"), reply-serial: 10, body: Str, fds: [] })
[2m2026-10-02T07:51:26.185807Z[0m [33m WARN[0m [2mplatform_linux::overlay[0m[2m:[0m X11 overlay: root reads cannot see this window's own pixels; save-unders will be served without readback confirmation
fusermount3: mount failed: Operation not permitted
fusermount3: mount failed: Operation not permitted
error: fuse init failed: Can't mount path <tmp>/x11-session.xEEJcz/xdg-runtime/doc
(/usr/lib/xdg-desktop-portal:1132013): xdg-desktop-portal-WARNING **: 02:51:26.786: Document portal fuse mount point unknown: GDBus.Error:org.freedesktop.DBus.Error.NoReply: Message recipient disconnected from message bus without replying
(/usr/lib/xdg-desktop-portal:1132013): xdg-desktop-portal-WARNING **: 02:51:26.786: Choosing gtk.portal for org.freedesktop.impl.portal.Lockdown as a last-resort fallback
** (xdg-desktop-portal-gtk:1132101): WARNING **: 02:51:26.824: AT-SPI: Could not obtain desktop path or name
(/usr/lib/xdg-desktop-portal:1132013): xdg-desktop-portal-WARNING **: 02:51:26.825: Choosing gtk.portal for org.freedesktop.impl.portal.Access as a last-resort fallback
** (xdg-desktop-portal-gtk:1132101): WARNING **: 02:51:26.825: atk-bridge: GetRegisteredEvents returned message with unknown signature
** (xdg-desktop-portal-gtk:1132101): WARNING **: 02:51:26.825: atk-bridge: get_device_events_reply: unknown signature
(/usr/lib/xdg-desktop-portal:1132013): xdg-desktop-portal-WARNING **: 02:51:26.844: Choosing gtk.portal for org.freedesktop.impl.portal.Settings as a last-resort fallback
(/usr/lib/xdg-desktop-portal:1132013): xdg-desktop-portal-WARNING **: 02:51:26.844: Choosing gtk.portal for org.freedesktop.impl.portal.FileChooser as a last-resort fallback
(/usr/lib/xdg-desktop-portal:1132013): xdg-desktop-portal-WARNING **: 02:51:26.845: Choosing gtk.portal for org.freedesktop.impl.portal.AppChooser as a last-resort fallback
(/usr/lib/xdg-desktop-portal:1132013): xdg-desktop-portal-WARNING **: 02:51:26.846: Choosing gtk.portal for org.freedesktop.impl.portal.Print as a last-resort fallback
(/usr/lib/xdg-desktop-portal:1132013): xdg-desktop-portal-WARNING **: 02:51:26.846: Choosing gtk.portal for org.freedesktop.impl.portal.Notification as a last-resort fallback
(/usr/lib/xdg-desktop-portal:1132013): xdg-desktop-portal-WARNING **: 02:51:26.847: Choosing gtk.portal for org.freedesktop.impl.portal.Inhibit as a last-resort fallback
(/usr/lib/xdg-desktop-portal:1132013): xdg-desktop-portal-WARNING **: 02:51:26.849: Failed to connect to PipeWire: Couldn't connect to PipeWire
(/usr/lib/xdg-desktop-portal:1132013): xdg-desktop-portal-WARNING **: 02:51:26.849: Choosing gtk.portal for org.freedesktop.impl.portal.Account as a last-resort fallback
(/usr/lib/xdg-desktop-portal:1132013): xdg-desktop-portal-WARNING **: 02:51:26.851: Choosing gtk.portal for org.freedesktop.impl.portal.Email as a last-resort fallback
(/usr/lib/xdg-desktop-portal:1132013): xdg-desktop-portal-WARNING **: 02:51:26.851: Choosing gtk.portal for org.freedesktop.impl.portal.DynamicLauncher as a last-resort fallback
{"trial": "smoke-s3-000-smoke-W-quiet-A", "arm": "A", "outcome": "verified", "oracle_verified": true, "submits_main": 1, "error": null}
[2m2026-10-02T07:51:27.901759Z[0m [33m WARN[0m [2mcua_driver_sdk::runtime[0m[2m:[0m could not activate the persistent AT-SPI listener: AT-SPI connect failed: ZBus Error: MethodError(OwnedErrorName("org.freedesktop.DBus.Error.NameHasNoOwner"), Some("Could not activate remote peer 'org.a11y.atspi.Registry': unit failed"), Msg { type: Error, serial: 4294967295, sender: UniqueName("org.freedesktop.DBus"), reply-serial: 9, body: Str, fds: [] })
[2m2026-10-02T07:51:27.913314Z[0m [33m WARN[0m [2mplatform_linux::overlay[0m[2m:[0m X11 overlay: root reads cannot see this window's own pixels; save-unders will be served without readback confirmation
{"trial": "smoke-s3-001-smoke-W-quiet-C_shadow_audit", "arm": "C_shadow_audit", "outcome": "verified", "oracle_verified": true, "submits_main": 1, "error": null}
[2m2026-10-02T07:51:29.536336Z[0m [33m WARN[0m [2mcua_driver_sdk::runtime[0m[2m:[0m could not activate the persistent AT-SPI listener: AT-SPI connect failed: ZBus Error: MethodError(OwnedErrorName("org.freedesktop.DBus.Error.NameHasNoOwner"), Some("Could not activate remote peer 'org.a11y.atspi.Registry': unit failed"), Msg { type: Error, serial: 4294967295, sender: UniqueName("org.freedesktop.DBus"), reply-serial: 9, body: Str, fds: [] })
[2m2026-10-02T07:51:29.547624Z[0m [33m WARN[0m [2mplatform_linux::overlay[0m[2m:[0m X11 overlay: root reads cannot see this window's own pixels; save-unders will be served without readback confirmation
{"trial": "smoke-s3-002-smoke-W-churn-A", "arm": "A", "outcome": "verified", "oracle_verified": true, "submits_main": 1, "error": null}
[2m2026-10-02T07:51:31.375305Z[0m [33m WARN[0m [2mcua_driver_sdk::runtime[0m[2m:[0m could not activate the persistent AT-SPI listener: AT-SPI connect failed: ZBus Error: MethodError(OwnedErrorName("org.freedesktop.DBus.Error.NameHasNoOwner"), Some("Could not activate remote peer 'org.a11y.atspi.Registry': unit failed"), Msg { type: Error, serial: 4294967295, sender: UniqueName("org.freedesktop.DBus"), reply-serial: 9, body: Str, fds: [] })
[2m2026-10-02T07:51:31.388477Z[0m [33m WARN[0m [2mplatform_linux::overlay[0m[2m:[0m X11 overlay: root reads cannot see this window's own pixels; save-unders will be served without readback confirmation
{"trial": "smoke-s3-003-smoke-W-churn-C_shadow_audit", "arm": "C_shadow_audit", "outcome": "verified", "oracle_verified": true, "submits_main": 1, "error": null}
A connection to the bus can't be made
CRITICAL: [dbus_cb_name_lost:1438] Cannot connect to DBus.
[session] exit rc=0 run_dir=<tmp>/x11-session.xEEJcz
