[session] DISPLAY=:99 openbox=1985615 picom=1985616 dbus=unix:path=/tmp/dbus-gJcJH1Gwsc,guid=7a6e5b745cddcc4e7bee00ee6abf6714
preflight {"checks": {"dbus_daemon_is_session_child": true, "display_is_private_number": true, "display_not_host_x0_x2": true, "landlock_no_new_privs": true, "no_host_atspi_bus": true, "no_wayland_vars": true, "x_socket_owned_by_session_xvfb": true, "xauthority_absent_or_session_own": true, "xdg_runtime_dir_in_session_run_dir": true}, "display": ":99", "ok": true, "run_dir": "<lane-tmp>/x11-session.UTG5rQ"}
Cua Driver sends content-free product telemetry by default. Run `cua-driver telemetry disable` to stop it; `cua-driver telemetry status` shows the current setting.
[2m2026-10-02T08:11:03.441752Z[0m [33m WARN[0m [2mcua_driver_sdk::runtime[0m[2m:[0m could not activate the persistent AT-SPI listener: AT-SPI connect failed: ZBus Error: MethodError(OwnedErrorName("org.freedesktop.DBus.Error.NameHasNoOwner"), Some("Could not activate remote peer 'org.a11y.atspi.Registry': unit failed"), Msg { type: Error, serial: 4294967295, sender: UniqueName("org.freedesktop.DBus"), reply-serial: 10, body: Str, fds: [] })
[2m2026-10-02T08:11:03.470047Z[0m [33m WARN[0m [2mplatform_linux::overlay[0m[2m:[0m X11 overlay: root reads cannot see this window's own pixels; save-unders will be served without readback confirmation
fusermount3: mount failed: Operation not permitted
fusermount3: mount failed: Operation not permitted
error: fuse init failed: Can't mount path <tmp>/x11-session.UTG5rQ/xdg-runtime/doc
(/usr/lib/xdg-desktop-portal:1988934): xdg-desktop-portal-WARNING **: 03:11:04.772: Document portal fuse mount point unknown: GDBus.Error:org.freedesktop.DBus.Error.ServiceUnknown: The name :1.11 was not provided by any .service files
(/usr/lib/xdg-desktop-portal:1988934): xdg-desktop-portal-WARNING **: 03:11:04.772: Choosing gtk.portal for org.freedesktop.impl.portal.Lockdown as a last-resort fallback
** (xdg-desktop-portal-gtk:1988976): WARNING **: 03:11:04.804: AT-SPI: Could not obtain desktop path or name
** (xdg-desktop-portal-gtk:1988976): WARNING **: 03:11:04.806: atk-bridge: GetRegisteredEvents returned message with unknown signature
** (xdg-desktop-portal-gtk:1988976): WARNING **: 03:11:04.806: atk-bridge: get_device_events_reply: unknown signature
(/usr/lib/xdg-desktop-portal:1988934): xdg-desktop-portal-WARNING **: 03:11:04.806: Choosing gtk.portal for org.freedesktop.impl.portal.Access as a last-resort fallback
(/usr/lib/xdg-desktop-portal:1988934): xdg-desktop-portal-WARNING **: 03:11:04.838: Choosing gtk.portal for org.freedesktop.impl.portal.Settings as a last-resort fallback
(/usr/lib/xdg-desktop-portal:1988934): xdg-desktop-portal-WARNING **: 03:11:04.840: Choosing gtk.portal for org.freedesktop.impl.portal.FileChooser as a last-resort fallback
(/usr/lib/xdg-desktop-portal:1988934): xdg-desktop-portal-WARNING **: 03:11:04.841: Choosing gtk.portal for org.freedesktop.impl.portal.AppChooser as a last-resort fallback
(/usr/lib/xdg-desktop-portal:1988934): xdg-desktop-portal-WARNING **: 03:11:04.842: Choosing gtk.portal for org.freedesktop.impl.portal.Print as a last-resort fallback
(/usr/lib/xdg-desktop-portal:1988934): xdg-desktop-portal-WARNING **: 03:11:04.844: Choosing gtk.portal for org.freedesktop.impl.portal.Notification as a last-resort fallback
(/usr/lib/xdg-desktop-portal:1988934): xdg-desktop-portal-WARNING **: 03:11:04.846: Choosing gtk.portal for org.freedesktop.impl.portal.Inhibit as a last-resort fallback
(/usr/lib/xdg-desktop-portal:1988934): xdg-desktop-portal-WARNING **: 03:11:04.849: Failed to connect to PipeWire: Couldn't connect to PipeWire
(/usr/lib/xdg-desktop-portal:1988934): xdg-desktop-portal-WARNING **: 03:11:04.849: Choosing gtk.portal for org.freedesktop.impl.portal.Account as a last-resort fallback
(/usr/lib/xdg-desktop-portal:1988934): xdg-desktop-portal-WARNING **: 03:11:04.851: Choosing gtk.portal for org.freedesktop.impl.portal.Email as a last-resort fallback
(/usr/lib/xdg-desktop-portal:1988934): xdg-desktop-portal-WARNING **: 03:11:04.852: Choosing gtk.portal for org.freedesktop.impl.portal.DynamicLauncher as a last-resort fallback
PROC 1928029 ppid=1697475 hwm=VmHWM:	    6240 kB rss=VmRSS:	    4072 kB
PROC 1987065 ppid=1987062 hwm=VmHWM:	  109720 kB rss=VmRSS:	   28252 kB
PROC 1987786 ppid=1987065 hwm=VmHWM:	   53048 kB rss=VmRSS:	   50092 kB
{"trial": "smoke-m3-idle-000-idle-W-idle-quiet-A", "arm": "A", "outcome": "idle_complete", "oracle_verified": false, "submits_main": 0, "error": null}
[2m2026-10-02T08:11:27.272292Z[0m [33m WARN[0m [2mcua_driver_sdk::runtime[0m[2m:[0m could not activate the persistent AT-SPI listener: AT-SPI connect failed: ZBus Error: MethodError(OwnedErrorName("org.freedesktop.DBus.Error.NameHasNoOwner"), Some("Could not activate remote peer 'org.a11y.atspi.Registry': unit failed"), Msg { type: Error, serial: 4294967295, sender: UniqueName("org.freedesktop.DBus"), reply-serial: 9, body: Str, fds: [] })
[2m2026-10-02T08:11:27.304910Z[0m [33m WARN[0m [2mplatform_linux::overlay[0m[2m:[0m X11 overlay: root reads cannot see this window's own pixels; save-unders will be served without readback confirmation
{"trial": "smoke-m3-idle-001-idle-W-idle-quiet-C_shadow_M", "arm": "C_shadow_M", "outcome": "idle_complete", "oracle_verified": false, "submits_main": 0, "error": null}
CRITICAL: [dbus_cb_name_lost:1438] Cannot connect to DBus.
A connection to the bus can't be made
[session] exit rc=0 run_dir=<tmp>/x11-session.UTG5rQ
