[session] DISPLAY=:99 openbox=1845611 picom=1845612 dbus=unix:path=/tmp/dbus-DeOxVk2KAb,guid=960745ce6f74a24431dcf3506abf6660
preflight {"checks": {"dbus_daemon_is_session_child": true, "display_is_private_number": true, "display_not_host_x0_x2": true, "landlock_no_new_privs": true, "no_host_atspi_bus": true, "no_wayland_vars": true, "x_socket_owned_by_session_xvfb": true, "xauthority_absent_or_session_own": true, "xdg_runtime_dir_in_session_run_dir": true}, "display": ":99", "ok": true, "run_dir": "<lane-tmp>/x11-session.05akDH"}
Cua Driver sends content-free product telemetry by default. Run `cua-driver telemetry disable` to stop it; `cua-driver telemetry status` shows the current setting.
[2m2026-10-02T08:08:04.001098Z[0m [33m WARN[0m [2mcua_driver_sdk::runtime[0m[2m:[0m could not activate the persistent AT-SPI listener: AT-SPI connect failed: ZBus Error: MethodError(OwnedErrorName("org.freedesktop.DBus.Error.NameHasNoOwner"), Some("Could not activate remote peer 'org.a11y.atspi.Registry': unit failed"), Msg { type: Error, serial: 4294967295, sender: UniqueName("org.freedesktop.DBus"), reply-serial: 10, body: Str, fds: [] })
[2m2026-10-02T08:08:04.019077Z[0m [33m WARN[0m [2mplatform_linux::overlay[0m[2m:[0m X11 overlay: root reads cannot see this window's own pixels; save-unders will be served without readback confirmation
fusermount3: mount failed: Operation not permitted
fusermount3: mount failed: Operation not permitted
error: fuse init failed: Can't mount path <tmp>/x11-session.05akDH/xdg-runtime/doc
(/usr/lib/xdg-desktop-portal:1849011): xdg-desktop-portal-WARNING **: 03:08:04.999: Document portal fuse mount point unknown: GDBus.Error:org.freedesktop.DBus.Error.ServiceUnknown: The name :1.11 was not provided by any .service files
(/usr/lib/xdg-desktop-portal:1849011): xdg-desktop-portal-WARNING **: 03:08:04.999: Choosing gtk.portal for org.freedesktop.impl.portal.Lockdown as a last-resort fallback
** (xdg-desktop-portal-gtk:1849069): WARNING **: 03:08:05.042: AT-SPI: Could not obtain desktop path or name
** (xdg-desktop-portal-gtk:1849069): WARNING **: 03:08:05.044: atk-bridge: GetRegisteredEvents returned message with unknown signature
** (xdg-desktop-portal-gtk:1849069): WARNING **: 03:08:05.044: atk-bridge: get_device_events_reply: unknown signature
(/usr/lib/xdg-desktop-portal:1849011): xdg-desktop-portal-WARNING **: 03:08:05.048: Choosing gtk.portal for org.freedesktop.impl.portal.Access as a last-resort fallback
(/usr/lib/xdg-desktop-portal:1849011): xdg-desktop-portal-WARNING **: 03:08:05.072: Choosing gtk.portal for org.freedesktop.impl.portal.Settings as a last-resort fallback
(/usr/lib/xdg-desktop-portal:1849011): xdg-desktop-portal-WARNING **: 03:08:05.075: Choosing gtk.portal for org.freedesktop.impl.portal.FileChooser as a last-resort fallback
(/usr/lib/xdg-desktop-portal:1849011): xdg-desktop-portal-WARNING **: 03:08:05.076: Choosing gtk.portal for org.freedesktop.impl.portal.AppChooser as a last-resort fallback
(/usr/lib/xdg-desktop-portal:1849011): xdg-desktop-portal-WARNING **: 03:08:05.078: Choosing gtk.portal for org.freedesktop.impl.portal.Print as a last-resort fallback
(/usr/lib/xdg-desktop-portal:1849011): xdg-desktop-portal-WARNING **: 03:08:05.079: Choosing gtk.portal for org.freedesktop.impl.portal.Notification as a last-resort fallback
(/usr/lib/xdg-desktop-portal:1849011): xdg-desktop-portal-WARNING **: 03:08:05.080: Choosing gtk.portal for org.freedesktop.impl.portal.Inhibit as a last-resort fallback
(/usr/lib/xdg-desktop-portal:1849011): xdg-desktop-portal-WARNING **: 03:08:05.086: Failed to connect to PipeWire: Couldn't connect to PipeWire
(/usr/lib/xdg-desktop-portal:1849011): xdg-desktop-portal-WARNING **: 03:08:05.086: Choosing gtk.portal for org.freedesktop.impl.portal.Account as a last-resort fallback
(/usr/lib/xdg-desktop-portal:1849011): xdg-desktop-portal-WARNING **: 03:08:05.089: Choosing gtk.portal for org.freedesktop.impl.portal.Email as a last-resort fallback
(/usr/lib/xdg-desktop-portal:1849011): xdg-desktop-portal-WARNING **: 03:08:05.090: Choosing gtk.portal for org.freedesktop.impl.portal.DynamicLauncher as a last-resort fallback
{"trial": "smoke-m2-idle-000-idle-W-idle-churn-A", "arm": "A", "outcome": "idle_complete", "oracle_verified": false, "submits_main": 0, "error": null}
[2m2026-10-02T08:08:27.511503Z[0m [33m WARN[0m [2mcua_driver_sdk::runtime[0m[2m:[0m could not activate the persistent AT-SPI listener: AT-SPI connect failed: ZBus Error: MethodError(OwnedErrorName("org.freedesktop.DBus.Error.NameHasNoOwner"), Some("Could not activate remote peer 'org.a11y.atspi.Registry': unit failed"), Msg { type: Error, serial: 4294967295, sender: UniqueName("org.freedesktop.DBus"), reply-serial: 9, body: Str, fds: [] })
[2m2026-10-02T08:08:27.546317Z[0m [33m WARN[0m [2mplatform_linux::overlay[0m[2m:[0m X11 overlay: root reads cannot see this window's own pixels; save-unders will be served without readback confirmation
{"trial": "smoke-m2-idle-001-idle-W-idle-churn-C_shadow_M", "arm": "C_shadow_M", "outcome": "idle_complete", "oracle_verified": false, "submits_main": 0, "error": null}
preflight {"checks": {"dbus_daemon_is_session_child": true, "display_is_private_number": true, "display_not_host_x0_x2": true, "landlock_no_new_privs": true, "no_host_atspi_bus": true, "no_wayland_vars": true, "x_socket_owned_by_session_xvfb": true, "xauthority_absent_or_session_own": true, "xdg_runtime_dir_in_session_run_dir": true}, "display": ":99", "ok": true, "run_dir": "<lane-tmp>/x11-session.05akDH"}
[2m2026-10-02T08:08:52.543383Z[0m [33m WARN[0m [2mcua_driver_sdk::runtime[0m[2m:[0m could not activate the persistent AT-SPI listener: AT-SPI connect failed: ZBus Error: MethodError(OwnedErrorName("org.freedesktop.DBus.Error.NameHasNoOwner"), Some("Could not activate remote peer 'org.a11y.atspi.Registry': unit failed"), Msg { type: Error, serial: 4294967295, sender: UniqueName("org.freedesktop.DBus"), reply-serial: 9, body: Str, fds: [] })
[2m2026-10-02T08:08:52.562369Z[0m [33m WARN[0m [2mplatform_linux::overlay[0m[2m:[0m X11 overlay: root reads cannot see this window's own pixels; save-unders will be served without readback confirmation
{"trial": "smoke-m2-res-000-resident-W-churn-A", "arm": "A", "outcome": "resident_complete", "oracle_verified": false, "submits_main": 2, "error": null}
[2m2026-10-02T08:08:55.115921Z[0m [33m WARN[0m [2mcua_driver_sdk::runtime[0m[2m:[0m could not activate the persistent AT-SPI listener: AT-SPI connect failed: ZBus Error: MethodError(OwnedErrorName("org.freedesktop.DBus.Error.NameHasNoOwner"), Some("Could not activate remote peer 'org.a11y.atspi.Registry': unit failed"), Msg { type: Error, serial: 4294967295, sender: UniqueName("org.freedesktop.DBus"), reply-serial: 9, body: Str, fds: [] })
[2m2026-10-02T08:08:55.130329Z[0m [33m WARN[0m [2mplatform_linux::overlay[0m[2m:[0m X11 overlay: root reads cannot see this window's own pixels; save-unders will be served without readback confirmation
{"trial": "smoke-m2-res-001-resident-W-churn-C_shadow_M", "arm": "C_shadow_M", "outcome": "resident_complete", "oracle_verified": false, "submits_main": 2, "error": null}
A connection to the bus can't be made
CRITICAL: [dbus_cb_name_lost:1438] Cannot connect to DBus.
X connection to :99 broken (explicit kill or server shutdown).
[session] exit rc=0 run_dir=<tmp>/x11-session.05akDH
