[session] DISPLAY=:101 openbox=1678565 picom=1678566 dbus=unix:path=/tmp/dbus-<redacted>,guid=512cd03a816b6e17ab6204c26ac13801
[fix04-probe] xdpyinfo ok DISPLAY=:101 outer_hostless=1
[fix04] loadavg=4.15 4.02 4.46 phase_args=--phase a3 --arm F6 --driver cua-driver-fix04-f6-802700282 --out d2-a3-F6 --start-rep 1 --reps 10 
{"event": "validity", "ok": true, "display": ":101"}
dbus-daemon[1678563]: [session uid=1000 pid=1678563 pidfd=5] Activating service name='org.a11y.Bus' requested by ':1.0' (uid=1000 pid=1678616 comm="<scrubbed1>/bin/cua-driver-fi")
dbus-daemon[1678563]: [session uid=1000 pid=1678563 pidfd=5] Successfully activated service 'org.a11y.Bus'
dbus-daemon[1678563]: [session uid=1000 pid=1678563 pidfd=5] Activating service name='ca.desrt.dconf' requested by ':1.1' (uid=1000 pid=1678623 comm="/usr/lib/at-spi-bus-launcher")
dbus-daemon[1678563]: [session uid=1000 pid=1678563 pidfd=5] Successfully activated service 'ca.desrt.dconf'
dbus-daemon[1678563]: [session uid=1000 pid=1678563 pidfd=5] Activating service name='org.freedesktop.systemd1' requested by ':1.4' (uid=1000 pid=1678666 comm="/usr/bin/dbus-broker-launch --config-file=/usr/sha")
dbus-daemon[1678563]: [session uid=1000 pid=1678563 pidfd=5] Activated service 'org.freedesktop.systemd1' failed: Process org.freedesktop.systemd1 exited with status 1
dbus-daemon[1678563]: [session uid=1000 pid=1678563 pidfd=5] Activating service name='org.gtk.vfs.Daemon' requested by ':1.5' (uid=1000 pid=1678737 comm="/opt/google/chrome/chrome --remote-debugging-port=")
dbus-daemon[1678563]: [session uid=1000 pid=1678563 pidfd=5] Successfully activated service 'org.gtk.vfs.Daemon'
fusermount3: mount failed: Operation not permitted
dbus-daemon[1678563]: [session uid=1000 pid=1678563 pidfd=5] Activating service name='org.freedesktop.systemd1' requested by ':1.4' (uid=1000 pid=1678666 comm="/usr/bin/dbus-broker-launch --config-file=/usr/sha")
dbus-daemon[1678563]: [session uid=1000 pid=1678563 pidfd=5] Activated service 'org.freedesktop.systemd1' failed: Process org.freedesktop.systemd1 exited with status 1
dbus-daemon[1678563]: [session uid=1000 pid=1678563 pidfd=5] Activating service name='org.freedesktop.systemd1' requested by ':1.4' (uid=1000 pid=1678666 comm="/usr/bin/dbus-broker-launch --config-file=/usr/sha")
dbus-daemon[1678563]: [session uid=1000 pid=1678563 pidfd=5] Activated service 'org.freedesktop.systemd1' failed: Process org.freedesktop.systemd1 exited with status 1
dbus-daemon[1678563]: [session uid=1000 pid=1678563 pidfd=5] Activating service name='org.freedesktop.Notifications' requested by ':1.7' (uid=1000 pid=1678737 comm="/opt/google/chrome/chrome --remote-debugging-port=")
dbus-daemon[1678563]: [session uid=1000 pid=1678563 pidfd=5] Activating service name='org.freedesktop.portal.Desktop' requested by ':1.7' (uid=1000 pid=1678737 comm="/opt/google/chrome/chrome --remote-debugging-port=")
dbus-daemon[1678563]: [session uid=1000 pid=1678563 pidfd=5] Successfully activated service 'org.freedesktop.Notifications'
dbus-daemon[1678563]: [session uid=1000 pid=1678563 pidfd=5] Activating service name='org.freedesktop.impl.portal.PermissionStore' requested by ':1.9' (uid=1000 pid=1678944 comm="/usr/lib/xdg-desktop-portal")
dbus-daemon[1678563]: [session uid=1000 pid=1678563 pidfd=5] Successfully activated service 'org.freedesktop.impl.portal.PermissionStore'
dbus-daemon[1678563]: [session uid=1000 pid=1678563 pidfd=5] Activating service name='org.freedesktop.portal.Documents' requested by ':1.9' (uid=1000 pid=1678944 comm="/usr/lib/xdg-desktop-portal")
dbus-daemon[1678563]: [session uid=1000 pid=1678563 pidfd=5] Successfully activated service 'org.freedesktop.portal.Documents'
fusermount3: mount failed: Operation not permitted
error: fuse init failed: Can't mount path <scrubbed0>/x11-session.TUuXwQ/xdg-runtime/doc

(/usr/lib/xdg-desktop-portal:1678944): xdg-desktop-portal-WARNING **: 12:14:45.615: Document portal fuse mount point unknown: GDBus.Error:org.freedesktop.DBus.Error.ServiceUnknown: The name :1.11 was not provided by any .service files

(/usr/lib/xdg-desktop-portal:1678944): xdg-desktop-portal-WARNING **: 12:14:45.615: Choosing gtk.portal for org.freedesktop.impl.portal.Lockdown as a last-resort fallback
dbus-daemon[1678563]: [session uid=1000 pid=1678563 pidfd=5] Activating service name='org.freedesktop.impl.portal.desktop.gtk' requested by ':1.9' (uid=1000 pid=1678944 comm="/usr/lib/xdg-desktop-portal")
dbus-daemon[1678563]: [session uid=1000 pid=1678563 pidfd=5] Activating service name='org.freedesktop.systemd1' requested by ':1.4' (uid=1000 pid=1678666 comm="/usr/bin/dbus-broker-launch --config-file=/usr/sha")
dbus-daemon[1678563]: [session uid=1000 pid=1678563 pidfd=5] Activated service 'org.freedesktop.systemd1' failed: Process org.freedesktop.systemd1 exited with status 1
dbus-daemon[1678563]: 
** (xdg-desktop-portal-gtk:1679007): WARNING **: 12:14:45.647: AT-SPI: Could not obtain desktop path or name

[session uid=1000 pid=1678563 pidfd=5] Successfully activated service 'org.freedesktop.impl.portal.desktop.gtk'
dbus-daemon[1678563]: [session uid=1000 pid=1678563 pidfd=5] Activating service name='org.freedesktop.systemd1' requested by ':1.4' (uid=1000 pid=1678666 comm="/usr/bin/dbus-broker-launch --config-file=/usr/sha")

(/usr/lib/xdg-desktop-portal:1678944): xdg-desktop-portal-WARNING **: 12:14:45.648: Choosing gtk.portal for org.freedesktop.impl.portal.Access as a last-resort fallback
dbus-daemon[1678563]: [session uid=1000 pid=1678563 pidfd=5] Activated service 'org.freedesktop.systemd1' failed: Process org.freedesktop.systemd1 exited with status 1

** (xdg-desktop-portal-gtk:1679007): WARNING **: 12:14:45.648: atk-bridge: GetRegisteredEvents returned message with unknown signature

** (xdg-desktop-portal-gtk:1679007): WARNING **: 12:14:45.648: atk-bridge: get_device_events_reply: unknown signature

(/usr/lib/xdg-desktop-portal:1678944): xdg-desktop-portal-WARNING **: 12:14:45.658: Choosing gtk.portal for org.freedesktop.impl.portal.Settings as a last-resort fallback

(/usr/lib/xdg-desktop-portal:1678944): xdg-desktop-portal-WARNING **: 12:14:45.659: Choosing gtk.portal for org.freedesktop.impl.portal.FileChooser as a last-resort fallback

(/usr/lib/xdg-desktop-portal:1678944): xdg-desktop-portal-WARNING **: 12:14:45.659: Choosing gtk.portal for org.freedesktop.impl.portal.AppChooser as a last-resort fallback

(/usr/lib/xdg-desktop-portal:1678944): xdg-desktop-portal-WARNING **: 12:14:45.660: Choosing gtk.portal for org.freedesktop.impl.portal.Print as a last-resort fallback

(/usr/lib/xdg-desktop-portal:1678944): xdg-desktop-portal-WARNING **: 12:14:45.660: Choosing gtk.portal for org.freedesktop.impl.portal.Notification as a last-resort fallback

(/usr/lib/xdg-desktop-portal:1678944): xdg-desktop-portal-WARNING **: 12:14:45.660: Choosing gtk.portal for org.freedesktop.impl.portal.Inhibit as a last-resort fallback

(/usr/lib/xdg-desktop-portal:1678944): xdg-desktop-portal-WARNING **: 12:14:45.662: Failed to connect to PipeWire: Couldn't connect to PipeWire

(/usr/lib/xdg-desktop-portal:1678944): xdg-desktop-portal-WARNING **: 12:14:45.662: Choosing gtk.portal for org.freedesktop.impl.portal.Account as a last-resort fallback

(/usr/lib/xdg-desktop-portal:1678944): xdg-desktop-portal-WARNING **: 12:14:45.662: Choosing gtk.portal for org.freedesktop.impl.portal.Email as a last-resort fallback

(/usr/lib/xdg-desktop-portal:1678944): xdg-desktop-portal-WARNING **: 12:14:45.663: Choosing gtk.portal for org.freedesktop.impl.portal.DynamicLauncher as a last-resort fallback
dbus-daemon[1678563]: [session uid=1000 pid=1678563 pidfd=5] Successfully activated service 'org.freedesktop.portal.Desktop'
{"event": "cell", "id": "a3-F6-rep01", "outcome": "verified", "first": "accepted", "status": "ok", "code": null, "race": false, "gen0_events": 2, "rebind": false}
dbus-daemon[1678563]: [session uid=1000 pid=1678563 pidfd=5] Activating service name='org.freedesktop.systemd1' requested by ':1.4' (uid=1000 pid=1678666 comm="/usr/bin/dbus-broker-launch --config-file=/usr/sha")
dbus-daemon[1678563]: [session uid=1000 pid=1678563 pidfd=5] Activated service 'org.freedesktop.systemd1' failed: Process org.freedesktop.systemd1 exited with status 1
dbus-daemon[1678563]: [session uid=1000 pid=1678563 pidfd=5] Activating service name='org.freedesktop.systemd1' requested by ':1.4' (uid=1000 pid=1678666 comm="/usr/bin/dbus-broker-launch --config-file=/usr/sha")
dbus-daemon[1678563]: [session uid=1000 pid=1678563 pidfd=5] Activated service 'org.freedesktop.systemd1' failed: Process org.freedesktop.systemd1 exited with status 1
dbus-daemon[1678563]: [session uid=1000 pid=1678563 pidfd=5] Activating service name='org.freedesktop.systemd1' requested by ':1.4' (uid=1000 pid=1678666 comm="/usr/bin/dbus-broker-launch --config-file=/usr/sha")
dbus-daemon[1678563]: [session uid=1000 pid=1678563 pidfd=5] Activated service 'org.freedesktop.systemd1' failed: Process org.freedesktop.systemd1 exited with status 1
{"event": "cell", "id": "a3-F6-rep02", "outcome": "verified", "first": "accepted", "status": "ok", "code": null, "race": false, "gen0_events": 2, "rebind": false}
dbus-daemon[1678563]: [session uid=1000 pid=1678563 pidfd=5] Activating service name='org.freedesktop.systemd1' requested by ':1.4' (uid=1000 pid=1678666 comm="/usr/bin/dbus-broker-launch --config-file=/usr/sha")
dbus-daemon[1678563]: [session uid=1000 pid=1678563 pidfd=5] Activated service 'org.freedesktop.systemd1' failed: Process org.freedesktop.systemd1 exited with status 1
dbus-daemon[1678563]: [session uid=1000 pid=1678563 pidfd=5] Activating service name='org.freedesktop.systemd1' requested by ':1.4' (uid=1000 pid=1678666 comm="/usr/bin/dbus-broker-launch --config-file=/usr/sha")
dbus-daemon[1678563]: [session uid=1000 pid=1678563 pidfd=5] Activated service 'org.freedesktop.systemd1' failed: Process org.freedesktop.systemd1 exited with status 1
dbus-daemon[1678563]: [session uid=1000 pid=1678563 pidfd=5] Activating service name='org.freedesktop.systemd1' requested by ':1.4' (uid=1000 pid=1678666 comm="/usr/bin/dbus-broker-launch --config-file=/usr/sha")
dbus-daemon[1678563]: [session uid=1000 pid=1678563 pidfd=5] Activated service 'org.freedesktop.systemd1' failed: Process org.freedesktop.systemd1 exited with status 1
{"event": "cell", "id": "a3-F6-rep03", "outcome": "verified", "first": "accepted", "status": "ok", "code": null, "race": false, "gen0_events": 2, "rebind": false}
dbus-daemon[1678563]: [session uid=1000 pid=1678563 pidfd=5] Activating service name='org.freedesktop.systemd1' requested by ':1.4' (uid=1000 pid=1678666 comm="/usr/bin/dbus-broker-launch --config-file=/usr/sha")
dbus-daemon[1678563]: [session uid=1000 pid=1678563 pidfd=5] Activated service 'org.freedesktop.systemd1' failed: Process org.freedesktop.systemd1 exited with status 1
dbus-daemon[1678563]: [session uid=1000 pid=1678563 pidfd=5] Activating service name='org.freedesktop.systemd1' requested by ':1.4' (uid=1000 pid=1678666 comm="/usr/bin/dbus-broker-launch --config-file=/usr/sha")
dbus-daemon[1678563]: [session uid=1000 pid=1678563 pidfd=5] Activated service 'org.freedesktop.systemd1' failed: Process org.freedesktop.systemd1 exited with status 1
dbus-daemon[1678563]: [session uid=1000 pid=1678563 pidfd=5] Activating service name='org.freedesktop.systemd1' requested by ':1.4' (uid=1000 pid=1678666 comm="/usr/bin/dbus-broker-launch --config-file=/usr/sha")
dbus-daemon[1678563]: [session uid=1000 pid=1678563 pidfd=5] Activated service 'org.freedesktop.systemd1' failed: Process org.freedesktop.systemd1 exited with status 1
{"event": "cell", "id": "a3-F6-rep04", "outcome": "verified", "first": "accepted", "status": "ok", "code": null, "race": false, "gen0_events": 2, "rebind": false}
dbus-daemon[1678563]: [session uid=1000 pid=1678563 pidfd=5] Activating service name='org.freedesktop.systemd1' requested by ':1.4' (uid=1000 pid=1678666 comm="/usr/bin/dbus-broker-launch --config-file=/usr/sha")
dbus-daemon[1678563]: [session uid=1000 pid=1678563 pidfd=5] Activated service 'org.freedesktop.systemd1' failed: Process org.freedesktop.systemd1 exited with status 1
dbus-daemon[1678563]: [session uid=1000 pid=1678563 pidfd=5] Activating service name='org.freedesktop.systemd1' requested by ':1.4' (uid=1000 pid=1678666 comm="/usr/bin/dbus-broker-launch --config-file=/usr/sha")
dbus-daemon[1678563]: [session uid=1000 pid=1678563 pidfd=5] Activated service 'org.freedesktop.systemd1' failed: Process org.freedesktop.systemd1 exited with status 1
dbus-daemon[1678563]: [session uid=1000 pid=1678563 pidfd=5] Activating service name='org.freedesktop.systemd1' requested by ':1.4' (uid=1000 pid=1678666 comm="/usr/bin/dbus-broker-launch --config-file=/usr/sha")
dbus-daemon[1678563]: [session uid=1000 pid=1678563 pidfd=5] Activated service 'org.freedesktop.systemd1' failed: Process org.freedesktop.systemd1 exited with status 1
{"event": "cell", "id": "a3-F6-rep05", "outcome": "verified", "first": "accepted", "status": "ok", "code": null, "race": false, "gen0_events": 2, "rebind": false}
dbus-daemon[1678563]: [session uid=1000 pid=1678563 pidfd=5] Activating service name='org.freedesktop.systemd1' requested by ':1.4' (uid=1000 pid=1678666 comm="/usr/bin/dbus-broker-launch --config-file=/usr/sha")
dbus-daemon[1678563]: [session uid=1000 pid=1678563 pidfd=5] Activated service 'org.freedesktop.systemd1' failed: Process org.freedesktop.systemd1 exited with status 1
dbus-daemon[1678563]: [session uid=1000 pid=1678563 pidfd=5] Activating service name='org.freedesktop.systemd1' requested by ':1.4' (uid=1000 pid=1678666 comm="/usr/bin/dbus-broker-launch --config-file=/usr/sha")
dbus-daemon[1678563]: [session uid=1000 pid=1678563 pidfd=5] Activated service 'org.freedesktop.systemd1' failed: Process org.freedesktop.systemd1 exited with status 1
dbus-daemon[1678563]: [session uid=1000 pid=1678563 pidfd=5] Activating service name='org.freedesktop.systemd1' requested by ':1.4' (uid=1000 pid=1678666 comm="/usr/bin/dbus-broker-launch --config-file=/usr/sha")
dbus-daemon[1678563]: [session uid=1000 pid=1678563 pidfd=5] Activated service 'org.freedesktop.systemd1' failed: Process org.freedesktop.systemd1 exited with status 1
{"event": "cell", "id": "a3-F6-rep06", "outcome": "verified", "first": "accepted", "status": "ok", "code": null, "race": false, "gen0_events": 2, "rebind": false}
dbus-daemon[1678563]: [session uid=1000 pid=1678563 pidfd=5] Activating service name='org.freedesktop.systemd1' requested by ':1.4' (uid=1000 pid=1678666 comm="/usr/bin/dbus-broker-launch --config-file=/usr/sha")
dbus-daemon[1678563]: [session uid=1000 pid=1678563 pidfd=5] Activated service 'org.freedesktop.systemd1' failed: Process org.freedesktop.systemd1 exited with status 1
dbus-daemon[1678563]: [session uid=1000 pid=1678563 pidfd=5] Activating service name='org.freedesktop.systemd1' requested by ':1.4' (uid=1000 pid=1678666 comm="/usr/bin/dbus-broker-launch --config-file=/usr/sha")
dbus-daemon[1678563]: [session uid=1000 pid=1678563 pidfd=5] Activated service 'org.freedesktop.systemd1' failed: Process org.freedesktop.systemd1 exited with status 1
dbus-daemon[1678563]: [session uid=1000 pid=1678563 pidfd=5] Activating service name='org.freedesktop.systemd1' requested by ':1.4' (uid=1000 pid=1678666 comm="/usr/bin/dbus-broker-launch --config-file=/usr/sha")
dbus-daemon[1678563]: [session uid=1000 pid=1678563 pidfd=5] Activated service 'org.freedesktop.systemd1' failed: Process org.freedesktop.systemd1 exited with status 1
{"event": "cell", "id": "a3-F6-rep07", "outcome": "verified", "first": "accepted", "status": "ok", "code": null, "race": false, "gen0_events": 2, "rebind": false}
dbus-daemon[1678563]: [session uid=1000 pid=1678563 pidfd=5] Activating service name='org.freedesktop.systemd1' requested by ':1.4' (uid=1000 pid=1678666 comm="/usr/bin/dbus-broker-launch --config-file=/usr/sha")
dbus-daemon[1678563]: [session uid=1000 pid=1678563 pidfd=5] Activated service 'org.freedesktop.systemd1' failed: Process org.freedesktop.systemd1 exited with status 1
dbus-daemon[1678563]: [session uid=1000 pid=1678563 pidfd=5] Activating service name='org.freedesktop.systemd1' requested by ':1.4' (uid=1000 pid=1678666 comm="/usr/bin/dbus-broker-launch --config-file=/usr/sha")
dbus-daemon[1678563]: [session uid=1000 pid=1678563 pidfd=5] Activated service 'org.freedesktop.systemd1' failed: Process org.freedesktop.systemd1 exited with status 1
dbus-daemon[1678563]: [session uid=1000 pid=1678563 pidfd=5] Activating service name='org.freedesktop.systemd1' requested by ':1.4' (uid=1000 pid=1678666 comm="/usr/bin/dbus-broker-launch --config-file=/usr/sha")
dbus-daemon[1678563]: [session uid=1000 pid=1678563 pidfd=5] Activated service 'org.freedesktop.systemd1' failed: Process org.freedesktop.systemd1 exited with status 1
{"event": "cell", "id": "a3-F6-rep08", "outcome": "verified", "first": "accepted", "status": "ok", "code": null, "race": false, "gen0_events": 2, "rebind": false}
dbus-daemon[1678563]: [session uid=1000 pid=1678563 pidfd=5] Activating service name='org.freedesktop.systemd1' requested by ':1.4' (uid=1000 pid=1678666 comm="/usr/bin/dbus-broker-launch --config-file=/usr/sha")
dbus-daemon[1678563]: [session uid=1000 pid=1678563 pidfd=5] Activated service 'org.freedesktop.systemd1' failed: Process org.freedesktop.systemd1 exited with status 1
dbus-daemon[1678563]: [session uid=1000 pid=1678563 pidfd=5] Activating service name='org.freedesktop.systemd1' requested by ':1.4' (uid=1000 pid=1678666 comm="/usr/bin/dbus-broker-launch --config-file=/usr/sha")
dbus-daemon[1678563]: [session uid=1000 pid=1678563 pidfd=5] Activated service 'org.freedesktop.systemd1' failed: Process org.freedesktop.systemd1 exited with status 1
dbus-daemon[1678563]: [session uid=1000 pid=1678563 pidfd=5] Activating service name='org.freedesktop.systemd1' requested by ':1.4' (uid=1000 pid=1678666 comm="/usr/bin/dbus-broker-launch --config-file=/usr/sha")
dbus-daemon[1678563]: [session uid=1000 pid=1678563 pidfd=5] Activated service 'org.freedesktop.systemd1' failed: Process org.freedesktop.systemd1 exited with status 1
{"event": "cell", "id": "a3-F6-rep09", "outcome": "verified", "first": "accepted", "status": "ok", "code": null, "race": false, "gen0_events": 2, "rebind": false}
dbus-daemon[1678563]: [session uid=1000 pid=1678563 pidfd=5] Activating service name='org.freedesktop.systemd1' requested by ':1.4' (uid=1000 pid=1678666 comm="/usr/bin/dbus-broker-launch --config-file=/usr/sha")
dbus-daemon[1678563]: [session uid=1000 pid=1678563 pidfd=5] Activated service 'org.freedesktop.systemd1' failed: Process org.freedesktop.systemd1 exited with status 1
dbus-daemon[1678563]: [session uid=1000 pid=1678563 pidfd=5] Activating service name='org.freedesktop.systemd1' requested by ':1.4' (uid=1000 pid=1678666 comm="/usr/bin/dbus-broker-launch --config-file=/usr/sha")
dbus-daemon[1678563]: [session uid=1000 pid=1678563 pidfd=5] Activated service 'org.freedesktop.systemd1' failed: Process org.freedesktop.systemd1 exited with status 1
dbus-daemon[1678563]: [session uid=1000 pid=1678563 pidfd=5] Activating service name='org.freedesktop.systemd1' requested by ':1.4' (uid=1000 pid=1678666 comm="/usr/bin/dbus-broker-launch --config-file=/usr/sha")
dbus-daemon[1678563]: [session uid=1000 pid=1678563 pidfd=5] Activated service 'org.freedesktop.systemd1' failed: Process org.freedesktop.systemd1 exited with status 1
{"event": "cell", "id": "a3-F6-rep10", "outcome": "verified", "first": "accepted", "status": "ok", "code": null, "race": false, "gen0_events": 2, "rebind": false}
A connection to the bus can't be made
X connection to :101 broken (explicit kill or server shutdown).
CRITICAL: [dbus_cb_name_lost:1438] Cannot connect to DBus.
[session] exit rc=0 run_dir=<scrubbed0>/x11-session.TUuXwQ
