[session] DISPLAY=:101 openbox=1694170 picom=1694171 dbus=unix:path=/tmp/dbus-<redacted>,guid=003a7bf84e3d6869cc3b79a26ac138b5
[fix04-probe] xdpyinfo ok DISPLAY=:101 outer_hostless=1
[fix04] loadavg=4.80 3.92 4.31 phase_args=--phase a1 --arm F6 --driver cua-driver-fix04-f6-802700282 --out d3-a1-F6 --start-rep 11 --reps 10 
{"event": "validity", "ok": true, "display": ":101"}
dbus-daemon[1694168]: [session uid=1000 pid=1694168 pidfd=5] Activating service name='org.a11y.Bus' requested by ':1.0' (uid=1000 pid=1694273 comm="<scrubbed1>/bin/cua-driver-fi")
dbus-daemon[1694168]: [session uid=1000 pid=1694168 pidfd=5] Successfully activated service 'org.a11y.Bus'
dbus-daemon[1694168]: [session uid=1000 pid=1694168 pidfd=5] Activating service name='ca.desrt.dconf' requested by ':1.1' (uid=1000 pid=1694280 comm="/usr/lib/at-spi-bus-launcher")
dbus-daemon[1694168]: [session uid=1000 pid=1694168 pidfd=5] Successfully activated service 'ca.desrt.dconf'
dbus-daemon[1694168]: [session uid=1000 pid=1694168 pidfd=5] Activating service name='org.freedesktop.systemd1' requested by ':1.4' (uid=1000 pid=1694298 comm="/usr/bin/dbus-broker-launch --config-file=/usr/sha")
dbus-daemon[1694168]: [session uid=1000 pid=1694168 pidfd=5] Activated service 'org.freedesktop.systemd1' failed: Process org.freedesktop.systemd1 exited with status 1
dbus-daemon[1694168]: [session uid=1000 pid=1694168 pidfd=5] Activating service name='org.gtk.vfs.Daemon' requested by ':1.5' (uid=1000 pid=1694347 comm="/opt/google/chrome/chrome --remote-debugging-port=")
dbus-daemon[1694168]: [session uid=1000 pid=1694168 pidfd=5] Successfully activated service 'org.gtk.vfs.Daemon'
fusermount3: mount failed: Operation not permitted
dbus-daemon[1694168]: [session uid=1000 pid=1694168 pidfd=5] Activating service name='org.freedesktop.systemd1' requested by ':1.4' (uid=1000 pid=1694298 comm="/usr/bin/dbus-broker-launch --config-file=/usr/sha")
dbus-daemon[1694168]: [session uid=1000 pid=1694168 pidfd=5] Activated service 'org.freedesktop.systemd1' failed: Process org.freedesktop.systemd1 exited with status 1
dbus-daemon[1694168]: [session uid=1000 pid=1694168 pidfd=5] Activating service name='org.freedesktop.systemd1' requested by ':1.4' (uid=1000 pid=1694298 comm="/usr/bin/dbus-broker-launch --config-file=/usr/sha")
dbus-daemon[1694168]: [session uid=1000 pid=1694168 pidfd=5] Activated service 'org.freedesktop.systemd1' failed: Process org.freedesktop.systemd1 exited with status 1
dbus-daemon[1694168]: [session uid=1000 pid=1694168 pidfd=5] Activating service name='org.freedesktop.Notifications' requested by ':1.7' (uid=1000 pid=1694347 comm="/opt/google/chrome/chrome --remote-debugging-port=")
dbus-daemon[1694168]: [session uid=1000 pid=1694168 pidfd=5] Activating service name='org.freedesktop.portal.Desktop' requested by ':1.7' (uid=1000 pid=1694347 comm="/opt/google/chrome/chrome --remote-debugging-port=")
dbus-daemon[1694168]: [session uid=1000 pid=1694168 pidfd=5] Successfully activated service 'org.freedesktop.Notifications'
dbus-daemon[1694168]: [session uid=1000 pid=1694168 pidfd=5] Activating service name='org.freedesktop.impl.portal.PermissionStore' requested by ':1.9' (uid=1000 pid=1694567 comm="/usr/lib/xdg-desktop-portal")
dbus-daemon[1694168]: [session uid=1000 pid=1694168 pidfd=5] Successfully activated service 'org.freedesktop.impl.portal.PermissionStore'
dbus-daemon[1694168]: [session uid=1000 pid=1694168 pidfd=5] Activating service name='org.freedesktop.portal.Documents' requested by ':1.9' (uid=1000 pid=1694567 comm="/usr/lib/xdg-desktop-portal")
dbus-daemon[1694168]: [session uid=1000 pid=1694168 pidfd=5] Successfully activated service 'org.freedesktop.portal.Documents'
fusermount3: mount failed: Operation not permitted
error: fuse init failed: Can't mount path <scrubbed0>/x11-session.trAKN3/xdg-runtime/doc

(/usr/lib/xdg-desktop-portal:1694567): xdg-desktop-portal-WARNING **: 12:17:45.530: Document portal fuse mount point unknown: GDBus.Error:org.freedesktop.DBus.Error.ServiceUnknown: The name :1.11 was not provided by any .service files

(/usr/lib/xdg-desktop-portal:1694567): xdg-desktop-portal-WARNING **: 12:17:45.530: Choosing gtk.portal for org.freedesktop.impl.portal.Lockdown as a last-resort fallback
dbus-daemon[1694168]: [session uid=1000 pid=1694168 pidfd=5] Activating service name='org.freedesktop.impl.portal.desktop.gtk' requested by ':1.9' (uid=1000 pid=1694567 comm="/usr/lib/xdg-desktop-portal")
dbus-daemon[1694168]: [session uid=1000 pid=1694168 pidfd=5] Activating service name='org.freedesktop.systemd1' requested by ':1.4' (uid=1000 pid=1694298 comm="/usr/bin/dbus-broker-launch --config-file=/usr/sha")
dbus-daemon[1694168]: [session uid=1000 pid=1694168 pidfd=5] Activated service 'org.freedesktop.systemd1' failed: Process org.freedesktop.systemd1 exited with status 1
dbus-daemon[1694168]: [session uid=1000 pid=1694168 pidfd=5] Successfully activated service 'org.freedesktop.impl.portal.desktop.gtk'

** (xdg-desktop-portal-gtk:1694590): WARNING **: 12:17:45.560: AT-SPI: Could not obtain desktop path or name

dbus-daemon[1694168]: [session uid=1000 pid=1694168 pidfd=5] Activating service name='org.freedesktop.systemd1' requested by ':1.4' (uid=1000 pid=1694298 comm="/usr/bin/dbus-broker-launch --config-file=/usr/sha")

(/usr/lib/xdg-desktop-portal:1694567): xdg-desktop-portal-WARNING **: 12:17:45.561: Choosing gtk.portal for org.freedesktop.impl.portal.Access as a last-resort fallback
dbus-daemon[1694168]: [session uid=1000 pid=1694168 pidfd=5] Activated service 'org.freedesktop.systemd1' failed: Process org.freedesktop.systemd1 exited with status 1

** (xdg-desktop-portal-gtk:1694590): WARNING **: 12:17:45.562: atk-bridge: GetRegisteredEvents returned message with unknown signature

** (xdg-desktop-portal-gtk:1694590): WARNING **: 12:17:45.562: atk-bridge: get_device_events_reply: unknown signature

(/usr/lib/xdg-desktop-portal:1694567): xdg-desktop-portal-WARNING **: 12:17:45.577: Choosing gtk.portal for org.freedesktop.impl.portal.Settings as a last-resort fallback

(/usr/lib/xdg-desktop-portal:1694567): xdg-desktop-portal-WARNING **: 12:17:45.577: Choosing gtk.portal for org.freedesktop.impl.portal.FileChooser as a last-resort fallback

(/usr/lib/xdg-desktop-portal:1694567): xdg-desktop-portal-WARNING **: 12:17:45.578: Choosing gtk.portal for org.freedesktop.impl.portal.AppChooser as a last-resort fallback

(/usr/lib/xdg-desktop-portal:1694567): xdg-desktop-portal-WARNING **: 12:17:45.578: Choosing gtk.portal for org.freedesktop.impl.portal.Print as a last-resort fallback

(/usr/lib/xdg-desktop-portal:1694567): xdg-desktop-portal-WARNING **: 12:17:45.578: Choosing gtk.portal for org.freedesktop.impl.portal.Notification as a last-resort fallback

(/usr/lib/xdg-desktop-portal:1694567): xdg-desktop-portal-WARNING **: 12:17:45.579: Choosing gtk.portal for org.freedesktop.impl.portal.Inhibit as a last-resort fallback

(/usr/lib/xdg-desktop-portal:1694567): xdg-desktop-portal-WARNING **: 12:17:45.583: Failed to connect to PipeWire: Couldn't connect to PipeWire

(/usr/lib/xdg-desktop-portal:1694567): xdg-desktop-portal-WARNING **: 12:17:45.583: Choosing gtk.portal for org.freedesktop.impl.portal.Account as a last-resort fallback

(/usr/lib/xdg-desktop-portal:1694567): xdg-desktop-portal-WARNING **: 12:17:45.583: Choosing gtk.portal for org.freedesktop.impl.portal.Email as a last-resort fallback

(/usr/lib/xdg-desktop-portal:1694567): xdg-desktop-portal-WARNING **: 12:17:45.584: Choosing gtk.portal for org.freedesktop.impl.portal.DynamicLauncher as a last-resort fallback
dbus-daemon[1694168]: [session uid=1000 pid=1694168 pidfd=5] Successfully activated service 'org.freedesktop.portal.Desktop'
{"event": "cell", "id": "a1-F6-rep11", "outcome": "verified", "first": "refused", "status": null, "code": "browser_ref_stale", "race": true, "gen0_events": 3, "rebind": true}
dbus-daemon[1694168]: [session uid=1000 pid=1694168 pidfd=5] Activating service name='org.freedesktop.systemd1' requested by ':1.4' (uid=1000 pid=1694298 comm="/usr/bin/dbus-broker-launch --config-file=/usr/sha")
dbus-daemon[1694168]: [session uid=1000 pid=1694168 pidfd=5] Activated service 'org.freedesktop.systemd1' failed: Process org.freedesktop.systemd1 exited with status 1
dbus-daemon[1694168]: [session uid=1000 pid=1694168 pidfd=5] Activating service name='org.freedesktop.systemd1' requested by ':1.4' (uid=1000 pid=1694298 comm="/usr/bin/dbus-broker-launch --config-file=/usr/sha")
dbus-daemon[1694168]: [session uid=1000 pid=1694168 pidfd=5] Activated service 'org.freedesktop.systemd1' failed: Process org.freedesktop.systemd1 exited with status 1
dbus-daemon[1694168]: [session uid=1000 pid=1694168 pidfd=5] Activating service name='org.freedesktop.systemd1' requested by ':1.4' (uid=1000 pid=1694298 comm="/usr/bin/dbus-broker-launch --config-file=/usr/sha")
dbus-daemon[1694168]: [session uid=1000 pid=1694168 pidfd=5] Activated service 'org.freedesktop.systemd1' failed: Process org.freedesktop.systemd1 exited with status 1
{"event": "cell", "id": "a1-F6-rep12", "outcome": "verified", "first": "refused", "status": null, "code": "browser_ref_stale", "race": true, "gen0_events": 3, "rebind": true}
dbus-daemon[1694168]: [session uid=1000 pid=1694168 pidfd=5] Activating service name='org.freedesktop.systemd1' requested by ':1.4' (uid=1000 pid=1694298 comm="/usr/bin/dbus-broker-launch --config-file=/usr/sha")
dbus-daemon[1694168]: [session uid=1000 pid=1694168 pidfd=5] Activated service 'org.freedesktop.systemd1' failed: Process org.freedesktop.systemd1 exited with status 1
dbus-daemon[1694168]: [session uid=1000 pid=1694168 pidfd=5] Activating service name='org.freedesktop.systemd1' requested by ':1.4' (uid=1000 pid=1694298 comm="/usr/bin/dbus-broker-launch --config-file=/usr/sha")
dbus-daemon[1694168]: [session uid=1000 pid=1694168 pidfd=5] Activated service 'org.freedesktop.systemd1' failed: Process org.freedesktop.systemd1 exited with status 1
dbus-daemon[1694168]: [session uid=1000 pid=1694168 pidfd=5] Activating service name='org.freedesktop.systemd1' requested by ':1.4' (uid=1000 pid=1694298 comm="/usr/bin/dbus-broker-launch --config-file=/usr/sha")
dbus-daemon[1694168]: [session uid=1000 pid=1694168 pidfd=5] Activated service 'org.freedesktop.systemd1' failed: Process org.freedesktop.systemd1 exited with status 1
{"event": "cell", "id": "a1-F6-rep13", "outcome": "verified", "first": "refused", "status": null, "code": "browser_ref_stale", "race": true, "gen0_events": 3, "rebind": true}
dbus-daemon[1694168]: [session uid=1000 pid=1694168 pidfd=5] Activating service name='org.freedesktop.systemd1' requested by ':1.4' (uid=1000 pid=1694298 comm="/usr/bin/dbus-broker-launch --config-file=/usr/sha")
dbus-daemon[1694168]: [session uid=1000 pid=1694168 pidfd=5] Activated service 'org.freedesktop.systemd1' failed: Process org.freedesktop.systemd1 exited with status 1
dbus-daemon[1694168]: [session uid=1000 pid=1694168 pidfd=5] Activating service name='org.freedesktop.systemd1' requested by ':1.4' (uid=1000 pid=1694298 comm="/usr/bin/dbus-broker-launch --config-file=/usr/sha")
dbus-daemon[1694168]: [session uid=1000 pid=1694168 pidfd=5] Activated service 'org.freedesktop.systemd1' failed: Process org.freedesktop.systemd1 exited with status 1
dbus-daemon[1694168]: [session uid=1000 pid=1694168 pidfd=5] Activating service name='org.freedesktop.systemd1' requested by ':1.4' (uid=1000 pid=1694298 comm="/usr/bin/dbus-broker-launch --config-file=/usr/sha")
dbus-daemon[1694168]: [session uid=1000 pid=1694168 pidfd=5] Activated service 'org.freedesktop.systemd1' failed: Process org.freedesktop.systemd1 exited with status 1
{"event": "cell", "id": "a1-F6-rep14", "outcome": "verified", "first": "refused", "status": null, "code": "browser_ref_stale", "race": true, "gen0_events": 3, "rebind": true}
dbus-daemon[1694168]: [session uid=1000 pid=1694168 pidfd=5] Activating service name='org.freedesktop.systemd1' requested by ':1.4' (uid=1000 pid=1694298 comm="/usr/bin/dbus-broker-launch --config-file=/usr/sha")
dbus-daemon[1694168]: [session uid=1000 pid=1694168 pidfd=5] Activated service 'org.freedesktop.systemd1' failed: Process org.freedesktop.systemd1 exited with status 1
dbus-daemon[1694168]: [session uid=1000 pid=1694168 pidfd=5] Activating service name='org.freedesktop.systemd1' requested by ':1.4' (uid=1000 pid=1694298 comm="/usr/bin/dbus-broker-launch --config-file=/usr/sha")
dbus-daemon[1694168]: [session uid=1000 pid=1694168 pidfd=5] Activated service 'org.freedesktop.systemd1' failed: Process org.freedesktop.systemd1 exited with status 1
dbus-daemon[1694168]: [session uid=1000 pid=1694168 pidfd=5] Activating service name='org.freedesktop.systemd1' requested by ':1.4' (uid=1000 pid=1694298 comm="/usr/bin/dbus-broker-launch --config-file=/usr/sha")
dbus-daemon[1694168]: [session uid=1000 pid=1694168 pidfd=5] Activated service 'org.freedesktop.systemd1' failed: Process org.freedesktop.systemd1 exited with status 1
{"event": "cell", "id": "a1-F6-rep15", "outcome": "verified", "first": "refused", "status": null, "code": "browser_ref_stale", "race": true, "gen0_events": 3, "rebind": true}
dbus-daemon[1694168]: [session uid=1000 pid=1694168 pidfd=5] Activating service name='org.freedesktop.systemd1' requested by ':1.4' (uid=1000 pid=1694298 comm="/usr/bin/dbus-broker-launch --config-file=/usr/sha")
dbus-daemon[1694168]: [session uid=1000 pid=1694168 pidfd=5] Activated service 'org.freedesktop.systemd1' failed: Process org.freedesktop.systemd1 exited with status 1
dbus-daemon[1694168]: [session uid=1000 pid=1694168 pidfd=5] Activating service name='org.freedesktop.systemd1' requested by ':1.4' (uid=1000 pid=1694298 comm="/usr/bin/dbus-broker-launch --config-file=/usr/sha")
dbus-daemon[1694168]: [session uid=1000 pid=1694168 pidfd=5] Activated service 'org.freedesktop.systemd1' failed: Process org.freedesktop.systemd1 exited with status 1
dbus-daemon[1694168]: [session uid=1000 pid=1694168 pidfd=5] Activating service name='org.freedesktop.systemd1' requested by ':1.4' (uid=1000 pid=1694298 comm="/usr/bin/dbus-broker-launch --config-file=/usr/sha")
dbus-daemon[1694168]: [session uid=1000 pid=1694168 pidfd=5] Activated service 'org.freedesktop.systemd1' failed: Process org.freedesktop.systemd1 exited with status 1
{"event": "cell", "id": "a1-F6-rep16", "outcome": "verified", "first": "refused", "status": null, "code": "browser_ref_stale", "race": true, "gen0_events": 3, "rebind": true}
dbus-daemon[1694168]: [session uid=1000 pid=1694168 pidfd=5] Activating service name='org.freedesktop.systemd1' requested by ':1.4' (uid=1000 pid=1694298 comm="/usr/bin/dbus-broker-launch --config-file=/usr/sha")
dbus-daemon[1694168]: [session uid=1000 pid=1694168 pidfd=5] Activated service 'org.freedesktop.systemd1' failed: Process org.freedesktop.systemd1 exited with status 1
dbus-daemon[1694168]: [session uid=1000 pid=1694168 pidfd=5] Activating service name='org.freedesktop.systemd1' requested by ':1.4' (uid=1000 pid=1694298 comm="/usr/bin/dbus-broker-launch --config-file=/usr/sha")
dbus-daemon[1694168]: [session uid=1000 pid=1694168 pidfd=5] Activated service 'org.freedesktop.systemd1' failed: Process org.freedesktop.systemd1 exited with status 1
dbus-daemon[1694168]: [session uid=1000 pid=1694168 pidfd=5] Activating service name='org.freedesktop.systemd1' requested by ':1.4' (uid=1000 pid=1694298 comm="/usr/bin/dbus-broker-launch --config-file=/usr/sha")
dbus-daemon[1694168]: [session uid=1000 pid=1694168 pidfd=5] Activated service 'org.freedesktop.systemd1' failed: Process org.freedesktop.systemd1 exited with status 1
{"event": "cell", "id": "a1-F6-rep17", "outcome": "verified", "first": "refused", "status": null, "code": "browser_ref_stale", "race": true, "gen0_events": 3, "rebind": true}
dbus-daemon[1694168]: [session uid=1000 pid=1694168 pidfd=5] Activating service name='org.freedesktop.systemd1' requested by ':1.4' (uid=1000 pid=1694298 comm="/usr/bin/dbus-broker-launch --config-file=/usr/sha")
dbus-daemon[1694168]: [session uid=1000 pid=1694168 pidfd=5] Activated service 'org.freedesktop.systemd1' failed: Process org.freedesktop.systemd1 exited with status 1
dbus-daemon[1694168]: [session uid=1000 pid=1694168 pidfd=5] Activating service name='org.freedesktop.systemd1' requested by ':1.4' (uid=1000 pid=1694298 comm="/usr/bin/dbus-broker-launch --config-file=/usr/sha")
dbus-daemon[1694168]: [session uid=1000 pid=1694168 pidfd=5] Activated service 'org.freedesktop.systemd1' failed: Process org.freedesktop.systemd1 exited with status 1
dbus-daemon[1694168]: [session uid=1000 pid=1694168 pidfd=5] Activating service name='org.freedesktop.systemd1' requested by ':1.4' (uid=1000 pid=1694298 comm="/usr/bin/dbus-broker-launch --config-file=/usr/sha")
dbus-daemon[1694168]: [session uid=1000 pid=1694168 pidfd=5] Activated service 'org.freedesktop.systemd1' failed: Process org.freedesktop.systemd1 exited with status 1
{"event": "cell", "id": "a1-F6-rep18", "outcome": "verified", "first": "refused", "status": null, "code": "browser_ref_stale", "race": true, "gen0_events": 3, "rebind": true}
dbus-daemon[1694168]: [session uid=1000 pid=1694168 pidfd=5] Activating service name='org.freedesktop.systemd1' requested by ':1.4' (uid=1000 pid=1694298 comm="/usr/bin/dbus-broker-launch --config-file=/usr/sha")
dbus-daemon[1694168]: [session uid=1000 pid=1694168 pidfd=5] Activated service 'org.freedesktop.systemd1' failed: Process org.freedesktop.systemd1 exited with status 1
dbus-daemon[1694168]: [session uid=1000 pid=1694168 pidfd=5] Activating service name='org.freedesktop.systemd1' requested by ':1.4' (uid=1000 pid=1694298 comm="/usr/bin/dbus-broker-launch --config-file=/usr/sha")
dbus-daemon[1694168]: [session uid=1000 pid=1694168 pidfd=5] Activated service 'org.freedesktop.systemd1' failed: Process org.freedesktop.systemd1 exited with status 1
dbus-daemon[1694168]: [session uid=1000 pid=1694168 pidfd=5] Activating service name='org.freedesktop.systemd1' requested by ':1.4' (uid=1000 pid=1694298 comm="/usr/bin/dbus-broker-launch --config-file=/usr/sha")
dbus-daemon[1694168]: [session uid=1000 pid=1694168 pidfd=5] Activated service 'org.freedesktop.systemd1' failed: Process org.freedesktop.systemd1 exited with status 1
{"event": "cell", "id": "a1-F6-rep19", "outcome": "verified", "first": "refused", "status": null, "code": "browser_ref_stale", "race": true, "gen0_events": 3, "rebind": true}
dbus-daemon[1694168]: [session uid=1000 pid=1694168 pidfd=5] Activating service name='org.freedesktop.systemd1' requested by ':1.4' (uid=1000 pid=1694298 comm="/usr/bin/dbus-broker-launch --config-file=/usr/sha")
dbus-daemon[1694168]: [session uid=1000 pid=1694168 pidfd=5] Activated service 'org.freedesktop.systemd1' failed: Process org.freedesktop.systemd1 exited with status 1
dbus-daemon[1694168]: [session uid=1000 pid=1694168 pidfd=5] Activating service name='org.freedesktop.systemd1' requested by ':1.4' (uid=1000 pid=1694298 comm="/usr/bin/dbus-broker-launch --config-file=/usr/sha")
dbus-daemon[1694168]: [session uid=1000 pid=1694168 pidfd=5] Activated service 'org.freedesktop.systemd1' failed: Process org.freedesktop.systemd1 exited with status 1
dbus-daemon[1694168]: [session uid=1000 pid=1694168 pidfd=5] Activating service name='org.freedesktop.systemd1' requested by ':1.4' (uid=1000 pid=1694298 comm="/usr/bin/dbus-broker-launch --config-file=/usr/sha")
dbus-daemon[1694168]: [session uid=1000 pid=1694168 pidfd=5] Activated service 'org.freedesktop.systemd1' failed: Process org.freedesktop.systemd1 exited with status 1
{"event": "cell", "id": "a1-F6-rep20", "outcome": "verified", "first": "refused", "status": null, "code": "browser_ref_stale", "race": true, "gen0_events": 3, "rebind": true}
A connection to the bus can't be made
X connection to :101 broken (explicit kill or server shutdown).
[session] exit rc=0 run_dir=<scrubbed0>/x11-session.trAKN3
