npm warn Unknown env config "http-proxy". This will stop working in the next major version of npm.

> test
> node --import tsx --test typescript/*.test.ts

✔ bounded chooser mock emits only the fixed response (2.329263ms)
✔ bounded chooser uses the SDK and preserves provider model identity (31.005366ms)
✔ bounded chooser rejects unsafe history and missing reserved IDs (2.414713ms)
✔ bounded chooser rejects a provider ID outside the request (0.810173ms)
✔ mock types before submitting (3.444558ms)
✔ mock submits once the value matches (1.191325ms)
✔ unknown or stale choices fail closed (0.873323ms)
✔ selected id resolves to the original immutable candidate arguments (1.698292ms)
✔ reserved candidates are always available (0.326753ms)
✔ visual fixture builds a candidate without claiming interactivity (1.634724ms)
✔ Retina affine mapping keeps the original screenshot point (#4289) (0.511505ms)
✔ identity screenshot_pixels mapping (0.479034ms)
✔ unrepresentable coordinate mappings fail closed (2.045908ms)
✔ submit path depends on the DOM button ref (1.020958ms)
✔ visual input does not change a semantic executable candidate set (0.840144ms)
✔ foreground escalation is a distinct visual candidate (0.715349ms)
✔ ambiguous visual regions offer only reobserve and abstain (0.82213ms)
✔ non-Submit visual observation offers only reobserve and abstain (0.549752ms)
✔ visual candidate requires the capture-bound click contract (1.889809ms)
✔ null optionals and ASCII case rules match Python (0.734187ms)
✔ stale, malformed, and duplicate visual selections fail closed (0.419012ms)
✔ capture-bound selection rejects a newer capture (0.387648ms)
✔ only the external oracle can verify completion (0.14544ms)
✔ live adapter sends one Choice keyed by executable candidate id (22.301404ms)
✔ live adapter rejects an id outside the supplied table (0.438817ms)
✔ driver repeats the explicit session label (0.79491ms)
✔ visual tool is optional and uses the public contract when advertised (0.731779ms)
✔ visual status is logged for ok, not_installed, and error (2.085042ms)
✔ driver errors carry the structured error code (0.446329ms)
✔ visual parse runs only when it can contribute a candidate (1.786587ms)
✔ structured background refusal escalates but other errors do not (0.757026ms)
✔ capture-bound click requires capture_id in the advertised schema (0.288273ms)
✔ provider delay then capture change refuses without an unbound retry (35.988159ms)
✔ fixture URL is confined to loopback HTTP (0.394126ms)
✔ tab selection accepts unknown active state (0.26089ms)
✔ form state reports field status without the value (4.229194ms)
✔ redaction is nested and deterministic (0.519604ms)
✔ pre-fix submit state hid readiness and leaked the token (0.270821ms)
✔ after typing the observation states the filled form (2.40719ms)
✔ visual text is redacted too (0.553184ms)
✔ background refusal history is compact (0.162737ms)
✔ mock provider types then submits over recorded snapshots (0.402592ms)
✔ recorded live choices replay through the new state (3.740371ms)
✔ forwards desktop session variables when set (1.223514ms)
✔ omits desktop session variables when unset (0.326052ms)
✔ forwards Cua Driver variables (0.162372ms)
✔ does not forward provider credentials (0.649906ms)
✔ guarded completion returns the fresh candidate and exact redacted accepted telemetry (8.534344ms)
✔ guarded completion declines session "" before other checks (4.126283ms)
✔ guarded completion declines session "session-b" before other checks (0.384947ms)
✔ guarded completion declines a different task before checking page presence (0.42559ms)
✔ guarded completion declines a missing page without reading task state (0.323893ms)
✔ guarded completion declines unproven field "" before targets (0.870309ms)
✔ guarded completion declines unproven field "other" before targets (0.251176ms)
✔ guarded completion declines unproven field undefined before targets (3.494653ms)
✔ guarded completion declines non-unique submit refs [] before reuse (0.455211ms)
✔ guarded completion declines non-unique submit refs ["p2:1","p2:2"] before reuse (0.434749ms)
✔ guarded completion declines non-unique submit refs ["p1:1","p1:1"] before reuse (0.298018ms)
✔ guarded completion declines non-unique submit refs [""] before reuse (0.148164ms)
✔ guarded completion declines old-ref reuse before checking executable candidates (0.258851ms)
✔ guarded completion declines a candidate with wrong ID (0.299807ms)
✔ guarded completion declines a candidate with wrong tool (0.46205ms)
✔ guarded completion declines a candidate with visual tool (0.235616ms)
✔ guarded completion declines a candidate with missing tool (0.191769ms)
✔ guarded completion declines a candidate with visual source (0.114719ms)
✔ guarded completion declines a candidate with native source (0.155852ms)
✔ guarded completion declines a candidate with missing source (2.817833ms)
✔ guarded completion declines 0 executable candidates before ref matching (0.300109ms)
✔ guarded completion declines 2 executable candidates before ref matching (0.307772ms)
✔ guarded completion declines mismatched or malformed candidate ref "p1:1" (0.360142ms)
✔ guarded completion declines mismatched or malformed candidate ref "p2:2" (0.129605ms)
✔ guarded completion declines mismatched or malformed candidate ref "" (0.673547ms)
✔ guarded completion declines mismatched or malformed candidate ref undefined (0.237144ms)
✔ guarded completion declines mismatched or malformed candidate ref null (0.160973ms)
✔ guarded completion declines mismatched or malformed candidate ref 2 (0.224278ms)
✔ guarded completion declines mismatched or malformed candidate ref {"ref":"p2:1"} (1.710127ms)
✔ guarded completion still requires a unique initial target (0.279875ms)
✔ recorded canvas trees have no application elements (4.536897ms)
✔ canvas trees fall back to visual regions; partial, truncated, and form cases do not (4.22499ms)
✔ the canvas task is registered and bound to its state file (0.974935ms)
✔ only the Cancel region is executable, through a capture-bound click (6.434915ms)
✔ a background refusal offers an explicit foreground variant only when allowed (3.193452ms)
✔ the canvas oracle (0.78281ms)
✔ normalizedRole matches the Driver normalizer cases (8.541412ms)
✔ each platform maps its raw roles and excludes the rest (0.589083ms)
✔ role tables are keyed by the Driver normalization (1.377105ms)
✔ v2 requests validate with sources and elements (6.05267ms)
✔ v1 rejects v2 fields and v2 rejects malformed fields (5.173215ms)
✔ mock chooser answers v2 with the unchanged response schema (0.849421ms)
✔ compose keeps relevant candidates over the cap in element order (4.421775ms)
✔ density fixtures reproduce the golden candidate sets (101.32607ms)
✔ expectedNext follows the declared steps (1.143984ms)
✔ every harness has the same three tasks (12.691548ms)
✔ recorded task controls map to the same candidate IDs (19.555816ms)
✔ a text entry value is never a label (3.986267ms)
✔ the Windows title bar is window chrome and GTK3 roles map (1.185985ms)
✔ WinUI3 roles map through the Windows table with no WinUI3-specific row (1.590542ms)
✔ v2 accepts progress and the observation carries it (8.584155ms)
✔ v2 without progress keeps its observation, and v1 rejects progress (5.764312ms)
✔ v2 rejects malformed progress (2.170229ms)
✔ only performed actions count (21.070244ms)
✔ save is described as waiting for the note until the note is set (11.725664ms)
✔ a completed step says so and unordered steps have no precondition (2.125683ms)
✔ a task without steps sends no progress (0.232873ms)
✔ recorded Python requests are reproduced exactly (8.695808ms)
✔ shared ID, slug, and risk fixture matches Python (43.30539ms)
✔ AppKit fixture controls, exclusions, and ID stability (8.758022ms)
✔ each element rule excludes (1.34075ms)
✔ compose orders by source, dedups, filters risk, and caps (1.728296ms)
✔ save-note task candidates, arguments, and redacted v2 request (18.791886ms)
✔ satisfied controls leave the set and foreground needs permission (6.798504ms)
✔ mock provider follows task preferences (6.459869ms)
✔ app-state oracle and classification (14.515595ms)
✔ core entry points send byte-identical provider requests (130.952398ms)
✔ task spec and sources send byte-identical provider requests (62.710095ms)
✔ runner dispatches the accepted fresh candidate with proof telemetry, not model scores (807.098113ms)
✔ runner accepted outcomes omit the verification token (guarded=false) (700.129398ms)
✔ runner accepted outcomes omit the verification token (guarded=true) (652.18928ms)
✔ runner already-verified outcomes omit the verification token (guarded=false) (636.70151ms)
✔ runner already-verified outcomes omit the verification token (guarded=true) (667.846295ms)
✔ runner budget outcomes omit the verification token (guarded=false) (678.687865ms)
✔ runner budget outcomes omit the verification token (guarded=true) (723.141792ms)
✔ runner keeps the default-off provider path and scores unchanged (679.582339ms)
✔ runner logs a declined reobserve step and consumes the pending proof once (651.125627ms)
✔ runner logs a declined abstain outcome (704.003949ms)
✔ runner logs a declined no-choice outcome (844.325975ms)
✔ runner retains declined telemetry on a normal provider action (846.079107ms)
✔ runner logs action failure telemetry for accepted (guarded=false) (731.993207ms)
✔ runner logs action failure telemetry for accepted (guarded=true) (774.974878ms)
✔ runner logs action failure telemetry for ref-reused (guarded=false) (964.921502ms)
✔ runner logs action failure telemetry for ref-reused (guarded=true) (829.094937ms)
✔ runner logs declined telemetry on background refusal without carrying it to foreground (936.981174ms)
✔ runner logs declined telemetry on provider validation failure (803.107228ms)
✔ runner logs declined telemetry on provider request failure (679.561091ms)
✔ runner preserves default-off provider failure behavior without guard telemetry (901.572527ms)
✔ step timing field names and values are stable (2.200179ms)
✔ s1ServiceUrl accepts only loopback http (6.514457ms)
✔ validateDecision accepts selected, reobserve, and abstain (0.495696ms)
✔ validateDecision rejects malformed decisions (0.373165ms)
✔ chooseS1Service posts the request and returns the choice (55.282842ms)
✔ chooseS1Service rejects HTTP errors, invalid JSON, and an unreachable service (24.544033ms)
✔ the native runner accepts the s1 provider (0.499902ms)
✔ sources implement one interface with distinct kinds (5.104949ms)
✔ page source addresses refs with exact browser arguments (0.620361ms)
✔ visual source clicks only capture-bound and never types (0.782716ms)
✔ built-in task declares its spec (0.657133ms)
✔ oracle classification uses the task budget (0.273841ms)
✔ candidates outside the allowed action kinds are refused (1.653934ms)
✔ state summary reads the step sources (0.684233ms)
✔ visual fixture exposes Submit only as text and as one visual region (2.236686ms)
✔ submit state names the visual path instead of a missing button (1.81684ms)
✔ pre-fix step-one state contradicted the outline (1.075701ms)
✔ page-structure fixture types then submits with browser_click (1.104672ms)
✔ visual fixture types then submits with a capture-bound click (0.972426ms)
✔ recorded visual-run choices replay through the new state (15.41066ms)
ℹ tests 155
ℹ suites 0
ℹ pass 155
ℹ fail 0
ℹ cancelled 0
ℹ skipped 0
ℹ todo 0
ℹ duration_ms 17681.755127
npm notice
npm notice New major version of npm available! 11.9.0 -> 12.2.0
npm notice Changelog: https://github.com/npm/cli/releases/tag/v12.2.0
npm notice To update run: npm install -g npm@12.2.0
npm notice
