test_counts_from_ledger_runlog_and_journal (test_analysis.CountsTest.test_counts_from_ledger_runlog_and_journal) ... ok
test_cleanup_and_lifetime (test_analysis.DecomposeTest.test_cleanup_and_lifetime) ... ok
test_guard_plan_and_candidate_build_are_named (test_analysis.DecomposeTest.test_guard_plan_and_candidate_build_are_named) ... ok
test_ledger_marks_do_not_change_the_decomposition (test_analysis.DecomposeTest.test_ledger_marks_do_not_change_the_decomposition) ... ok
test_oracle_end_and_components_sum_to_T (test_analysis.DecomposeTest.test_oracle_end_and_components_sum_to_T) ... ok
test_runner_end_is_available (test_analysis.DecomposeTest.test_runner_end_is_available) ... ok
test_spans10_mapping (test_analysis.DecomposeTest.test_spans10_mapping) ... ok
test_undefined_without_snapshot_or_oracle (test_analysis.DecomposeTest.test_undefined_without_snapshot_or_oracle) ... ok
test_continuation_rule (test_analysis.StatsAndDecisionTest.test_continuation_rule) ... ok
test_disposition (test_analysis.StatsAndDecisionTest.test_disposition) ... ok
test_paired_analysis_uses_complete_valid_pairs_only (test_analysis.StatsAndDecisionTest.test_paired_analysis_uses_complete_valid_pairs_only) ... ok
test_required_zero_counts (test_analysis.StatsAndDecisionTest.test_required_zero_counts) ... ok
test_verdict_thresholds (test_analysis.StatsAndDecisionTest.test_verdict_thresholds) ... ok
test_forced_paths (test_analysis.ValidityTest.test_forced_paths) ... ok
test_code_from_every_known_place (test_envelope.EnvelopeTest.test_code_from_every_known_place) ... ok
test_envelope_keeps_short_scalars_and_one_level_of_codes_only (test_envelope.EnvelopeTest.test_envelope_keeps_short_scalars_and_one_level_of_codes_only) ... ok
test_churn_page_keeps_the_form_and_adds_a_seeded_region (test_fixture.PagesTest.test_churn_page_keeps_the_form_and_adds_a_seeded_region) ... ok
test_churn_words_never_name_the_form_controls (test_fixture.PagesTest.test_churn_words_never_name_the_form_controls) ... ok
test_control_page_has_the_channel_and_every_registered_op (test_fixture.PagesTest.test_control_page_has_the_channel_and_every_registered_op) ... ok
test_inline_scripts_parse (test_fixture.PagesTest.test_inline_scripts_parse) ... ok
test_quiet_page_is_the_jev_page_byte_for_byte (test_fixture.PagesTest.test_quiet_page_is_the_jev_page_byte_for_byte) ... ok
test_a_stream_from_an_earlier_trial_never_takes_a_later_op (test_fixture.ServerTest.test_a_stream_from_an_earlier_trial_never_takes_a_later_op) ... ok
test_ack_wait_times_out (test_fixture.ServerTest.test_ack_wait_times_out) ... ok
test_control_channel_delivers_once_and_journals_ack (test_fixture.ServerTest.test_control_channel_delivers_once_and_journals_ack) ... ok
test_count_does_not_drain (test_fixture.ServerTest.test_count_does_not_drain) ... ok
test_decoy_and_competing_are_wrong_target_and_never_set_submitted (test_fixture.ServerTest.test_decoy_and_competing_are_wrong_target_and_never_set_submitted) ... ok
test_note_and_wait_note (test_fixture.ServerTest.test_note_and_wait_note) ... ok
test_state_is_jev_compatible_and_poller_records_first_ok (test_fixture.ServerTest.test_state_is_jev_compatible_and_poller_records_first_ok) ... ok
test_submit_delay_journals_receipt_then_apply (test_fixture.ServerTest.test_submit_delay_journals_receipt_then_apply) ... ok
test_unknown_op_is_refused (test_fixture.ServerTest.test_unknown_op_is_refused) ... ok
test_wrong_value_is_not_ok_and_reset_clears (test_fixture.ServerTest.test_wrong_value_is_not_ok_and_reset_clears) ... ok
test_baseline_accepts_with_the_fresh_ref_and_deletes_one_decision (test_guard_matrix.GuardMatrixTest.test_baseline_accepts_with_the_fresh_ref_and_deletes_one_decision) ... ok
test_benign_rerender_accepts_a_fresh_ref (test_guard_matrix.GuardMatrixTest.test_benign_rerender_accepts_a_fresh_ref) ... ok
test_check_to_dispatch_controls_are_invisible_to_the_guard (test_guard_matrix.GuardMatrixTest.test_check_to_dispatch_controls_are_invisible_to_the_guard) ... ok
test_competing_submit_declines_and_arm_a_takes_the_first_match (test_guard_matrix.GuardMatrixTest.test_competing_submit_declines_and_arm_a_takes_the_first_match) ... ok
test_driver_dependent_controls_have_both_branches (test_guard_matrix.GuardMatrixTest.test_driver_dependent_controls_have_both_branches) ... ok
test_field_changed_declines_field_not_proven (test_guard_matrix.GuardMatrixTest.test_field_changed_declines_field_not_proven) ... ok
test_relocated_lookalike_is_accepted_missing_scope_fact (test_guard_matrix.GuardMatrixTest.test_relocated_lookalike_is_accepted_missing_scope_fact) ... ok
test_removed_submit_declines (test_guard_matrix.GuardMatrixTest.test_removed_submit_declines) ... ok
test_rows_are_json_and_token_free (test_guard_matrix.GuardMatrixTest.test_rows_are_json_and_token_free) ... ok
test_accepts_private_display_with_ancestor (test_isolation_guard.IsolationGuardTest.test_accepts_private_display_with_ancestor) ... ok
test_hostless_ancestor_is_found_from_the_process_tree (test_isolation_guard.IsolationGuardTest.test_hostless_ancestor_is_found_from_the_process_tree) ... ok
test_isolation_record (test_isolation_guard.IsolationGuardTest.test_isolation_record) ... ok
test_refuses_host_session_variables_and_bypass_knobs (test_isolation_guard.IsolationGuardTest.test_refuses_host_session_variables_and_bypass_knobs) ... ok
test_refuses_without_a_hostless_ancestor (test_isolation_guard.IsolationGuardTest.test_refuses_without_a_hostless_ancestor) ... ok
test_consecutive_blocks_resolve_in_order (test_lock_group.LockGroupTest.test_consecutive_blocks_resolve_in_order) ... ok
test_gaps_or_reordering_are_refused (test_lock_group.LockGroupTest.test_gaps_or_reordering_are_refused) ... ok
test_check_to_dispatch_controls_fire_before_the_click (test_plan.ControlRegistryTest.test_check_to_dispatch_controls_fire_before_the_click) ... ok
test_control_values_never_derive_from_a_token (test_plan.ControlRegistryTest.test_control_values_never_derive_from_a_token) ... ok
test_every_op_exists_on_the_control_page_and_points_are_known (test_plan.ControlRegistryTest.test_every_op_exists_on_the_control_page_and_points_are_known) ... ok
test_registry_matches_the_prereg_lane_d_list (test_plan.ControlRegistryTest.test_registry_matches_the_prereg_lane_d_list) ... ok
test_cmpd_blocks_are_counterbalanced_and_consecutive_pairs_stay_adjacent (test_plan.ScheduleTest.test_cmpd_blocks_are_counterbalanced_and_consecutive_pairs_stay_adjacent) ... ok
test_cmpd_has_30_pairs_per_condition_with_alternating_order (test_plan.ScheduleTest.test_cmpd_has_30_pairs_per_condition_with_alternating_order) ... ok
test_continuation_blocks_are_predeclared_and_not_run_by_default (test_plan.ScheduleTest.test_continuation_blocks_are_predeclared_and_not_run_by_default) ... ok
test_controls_have_at_least_5_per_arm_and_alternate_order (test_plan.ScheduleTest.test_controls_have_at_least_5_per_arm_and_alternate_order) ... ok
test_k2_runs_after_k1_with_a_64_char_token_of_another_class (test_plan.ScheduleTest.test_k2_runs_after_k1_with_a_64_char_token_of_another_class) ... ok
test_names_are_unique_and_file_safe (test_plan.ScheduleTest.test_names_are_unique_and_file_safe) ... ok
test_shakedown_is_flagged_excluded (test_plan.ScheduleTest.test_shakedown_is_flagged_excluded) ... ok
{"trial": "t-quiet-A", "outcome": "verified", "poller_first_ok_ns": 230009352767463, "loadavg_before": "14.54 13.83 14.78 13/2107 3886478"}
{"trial": "t-quiet-D", "outcome": "verified", "poller_first_ok_ns": 230009362322000, "loadavg_before": "14.54 13.83 14.78 13/2107 3886496"}
{"trial": "t-churn-A", "outcome": "verified", "poller_first_ok_ns": 230009370775889, "loadavg_before": "14.54 13.83 14.78 14/2107 3886512"}
{"trial": "t-churn-D", "outcome": "verified", "poller_first_ok_ns": 230009381396420, "loadavg_before": "14.54 13.83 14.78 14/2107 3886528"}
{"trial": "t-dc01-D", "outcome": "verified", "poller_first_ok_ns": 230009396459482, "loadavg_before": "14.54 13.83 14.78 14/2107 3886545"}
{"trial": "t-dc03-A", "outcome": "budget_exhausted", "poller_first_ok_ns": null, "loadavg_before": "14.54 13.83 14.78 14/2108 3886574"}
{"trial": "t-dc03-D", "outcome": "budget_exhausted", "poller_first_ok_ns": null, "loadavg_before": "14.37 13.82 14.76 12/2108 3894014"}
{"trial": "t-dc06-D", "outcome": "budget_exhausted", "poller_first_ok_ns": null, "loadavg_before": "14.01 13.76 14.73 12/2123 3901636"}
{"trial": "t-dc06-A", "outcome": "budget_exhausted", "poller_first_ok_ns": null, "loadavg_before": "14.01 13.76 14.73 14/2035 3907891"}
{"trial": "t-dc10-D", "outcome": "verified", "poller_first_ok_ns": 230044238460466, "loadavg_before": "13.86 13.74 14.71 16/2011 3914415"}
{"trial": "t-dc05b-D", "outcome": "verified", "poller_first_ok_ns": 230046266769453, "loadavg_before": "13.86 13.74 14.71 14/2009 3914681"}
{"trial": "t-dc07-D", "outcome": "unknown", "poller_first_ok_ns": null, "loadavg_before": "13.23 13.61 14.66 7/2024 3916850"}
{"trial": "t-k2-A", "outcome": "verified", "poller_first_ok_ns": 230048796509131, "loadavg_before": "13.23 13.61 14.66 17/2059 3918815"}
test_arm_a_and_d_paths_and_work_deleted (test_runner_fake.FakeRunnerTest.test_arm_a_and_d_paths_and_work_deleted) ... ok
test_cleanup_resources_and_environment_records (test_runner_fake.FakeRunnerTest.test_cleanup_resources_and_environment_records) ... ok
test_cursor_disabled_before_prepare_in_both_arms (test_runner_fake.FakeRunnerTest.test_cursor_disabled_before_prepare_in_both_arms) ... ok
test_dc01_guard_declines_field_not_proven_then_recovers (test_runner_fake.FakeRunnerTest.test_dc01_guard_declines_field_not_proven_then_recovers) ... ok
test_dc03_competing_submit (test_runner_fake.FakeRunnerTest.test_dc03_competing_submit) ... ok
test_dc05b_detached_click_is_recorded_as_driver_stale_acceptance (test_runner_fake.FakeRunnerTest.test_dc05b_detached_click_is_recorded_as_driver_stale_acceptance) ... ok
test_dc06_lookalike_is_a_wrong_target_in_both_arms_and_revises_d (test_runner_fake.FakeRunnerTest.test_dc06_lookalike_is_a_wrong_target_in_both_arms_and_revises_d) ... ok
test_dc07_document_replacement_refused_stale_before_dispatch (test_runner_fake.FakeRunnerTest.test_dc07_document_replacement_refused_stale_before_dispatch) ... ok
test_dc10_probe_in_a_new_session_is_refused_without_effect (test_runner_fake.FakeRunnerTest.test_dc10_probe_in_a_new_session_is_refused_without_effect) ... ok
test_ledger_row_has_the_10_fields (test_runner_fake.FakeRunnerTest.test_ledger_row_has_the_10_fields) ... ok
test_no_token_in_any_written_file (test_runner_fake.FakeRunnerTest.test_no_token_in_any_written_file) ... ok
test_trials_are_valid_and_decomposable (test_runner_fake.FakeRunnerTest.test_trials_are_valid_and_decomposable) ... ok

----------------------------------------------------------------------
Ran 70 tests in 46.001s

OK
