test_code_from_every_known_place (test_envelope.EnvelopeTest.test_code_from_every_known_place) ... FAIL
test_envelope_keeps_short_scalars_and_one_level_of_codes_only (test_envelope.EnvelopeTest.test_envelope_keeps_short_scalars_and_one_level_of_codes_only) ... ERROR

======================================================================
ERROR: test_envelope_keeps_short_scalars_and_one_level_of_codes_only (test_envelope.EnvelopeTest.test_envelope_keeps_short_scalars_and_one_level_of_codes_only)
----------------------------------------------------------------------
Traceback (most recent call last):
  File "<wt>/docs/experiments/i107-d-2026-10-02/harness/tests/test_envelope.py", line 22, in test_envelope_keeps_short_scalars_and_one_level_of_codes_only
    env = R.envelope({"effect": "refused", "route": "dom", "error": {"code": "x", "message": "m" * 500},
          ^^^^^^^^^^
AttributeError: module 'run_d' has no attribute 'envelope'

======================================================================
FAIL: test_code_from_every_known_place (test_envelope.EnvelopeTest.test_code_from_every_known_place)
----------------------------------------------------------------------
Traceback (most recent call last):
  File "<wt>/docs/experiments/i107-d-2026-10-02/harness/tests/test_envelope.py", line 18, in test_code_from_every_known_place
    self.assertEqual(R._code({"error": {"code": "browser_ref_stale"}, "effect": "refused"}), "browser_ref_stale")
AssertionError: None != 'browser_ref_stale'

----------------------------------------------------------------------
Ran 2 tests in 0.001s

FAILED (failures=1, errors=1)
