   Compiling proc-macro2 v1.0.106
   Compiling unicode-ident v1.0.24
   Compiling libc v0.2.186
   Compiling memchr v2.8.0
   Compiling quote v1.0.45
   Compiling winnow v1.0.3
   Compiling rustix v1.1.4
   Compiling smallvec v1.15.1
   Compiling linux-raw-sys v0.12.1
   Compiling crossbeam-utils v0.8.21
   Compiling toml_datetime v1.1.1+spec-1.1.0
   Compiling futures-core v0.3.32
   Compiling syn v2.0.117
   Compiling parking v2.2.1
   Compiling futures-io v0.3.32
   Compiling pkg-config v0.3.33
   Compiling endi v1.1.1
   Compiling slab v0.4.12
   Compiling toml_parser v1.1.2+spec-1.1.0
   Compiling concurrent-queue v2.5.0
   Compiling jobserver v0.1.35
   Compiling find-msvc-tools v0.1.9
   Compiling shlex v1.3.0
   Compiling event-listener v5.4.1
   Compiling cc v1.2.62
   Compiling futures-lite v2.6.1
   Compiling toml_edit v0.25.12+spec-1.1.0
   Compiling event-listener-strategy v0.5.4
   Compiling tracing-core v0.1.36
   Compiling getrandom v0.4.2
   Compiling crypto-common v0.2.2
   Compiling parking_lot_core v0.9.12
   Compiling proc-macro-crate v3.5.0
   Compiling parking_lot v0.12.5
   Compiling errno v0.3.14
   Compiling signal-hook-registry v1.4.8
   Compiling mio v1.2.0
   Compiling socket2 v0.6.3
   Compiling cipher v0.5.2
   Compiling async-io v2.6.0
   Compiling log v0.4.29
   Compiling async-task v4.7.1
   Compiling async-channel v2.5.0
   Compiling atomic-waker v1.1.2
   Compiling serde_json v1.0.149
   Compiling piper v0.2.5
   Compiling getrandom v0.3.4
   Compiling getrandom v0.2.17
   Compiling async-lock v3.4.2
   Compiling aho-corasick v1.1.4
   Compiling blocking v1.6.2
   Compiling async-executor v1.14.0
   Compiling async-broadcast v0.7.2
   Compiling ordered-stream v0.2.0
   Compiling hex v0.4.3
   Compiling synstructure v0.13.2
   Compiling num v0.4.3
   Compiling wayland-sys v0.31.11
   Compiling regex-automata v0.4.14
   Compiling semver v1.0.28
   Compiling wayland-backend v0.3.15
   Compiling polling v3.11.0
   Compiling rustc_version v0.4.1
   Compiling block-padding v0.3.3
   Compiling inout v0.1.4
   Compiling heapless v0.7.17
   Compiling async-signal v0.2.14
   Compiling serde_derive v1.0.228
   Compiling enumflags2_derive v0.7.12
   Compiling zerofrom-derive v0.1.7
   Compiling yoke-derive v0.8.2
   Compiling zeroize_derive v1.5.0
   Compiling zerocopy-derive v0.8.48
   Compiling zerovec-derive v0.11.3
   Compiling zeroize v1.8.2
   Compiling chacha20 v0.10.1
   Compiling displaydoc v0.2.5
   Compiling zerofrom v0.1.8
   Compiling yoke v0.8.2
   Compiling tracing-attributes v0.1.31
   Compiling rand v0.10.2
   Compiling tokio-macros v2.7.0
   Compiling zerovec v0.11.6
   Compiling thiserror-impl v2.0.18
   Compiling zerocopy v0.8.48
   Compiling tokio v1.52.1
   Compiling uuid v1.23.1
   Compiling tinystr v0.8.3
   Compiling async-trait v0.1.89
   Compiling tracing v0.1.44
   Compiling icu_locale_core v2.2.0
   Compiling potential_utf v0.1.5
   Compiling zerotrie v0.2.4
   Compiling thiserror v2.0.18
   Compiling icu_collections v2.2.0
   Compiling serde_repr v0.1.20
   Compiling ref-cast-impl v1.0.25
   Compiling serde v1.0.228
   Compiling async-recursion v1.1.1
   Compiling async-process v2.5.0
   Compiling enumflags2 v0.7.12
   Compiling zvariant_utils v3.4.0
   Compiling quick-xml v0.39.4
   Compiling icu_provider v2.2.0
   Compiling ref-cast v1.0.25
   Compiling futures-macro v0.3.32
   Compiling zvariant_derive v5.12.0
   Compiling uniffi_internal_macros v0.31.0
   Compiling icu_properties v2.2.0
   Compiling icu_normalizer v2.2.0
   Compiling tempfile v3.27.0
   Compiling futures-util v0.3.32
   Compiling zvariant v5.12.0
   Compiling uniffi_pipeline v0.31.0
   Compiling ppv-lite86 v0.2.21
   Compiling idna_adapter v1.2.2
   Compiling thiserror-impl v1.0.69
   Compiling rand_core v0.6.4
   Compiling zstd-sys v2.0.16+zstd.1.5.7
   Compiling bytemuck v1.25.0
   Compiling wayland-client v0.31.14
   Compiling downcast-rs v1.2.1
   Compiling toml v0.9.12+spec-1.1.0
   Compiling thiserror v1.0.69
   Compiling fluent-uri v0.4.1
   Compiling zbus_names v4.3.2
   Compiling zbus_xml v5.1.1
   Compiling rand_chacha v0.3.1
   Compiling zbus_macros v5.16.0
   Compiling idna v1.1.0
   Compiling zbus-lockstep v0.5.2
   Compiling uniffi_meta v0.31.0
   Compiling wayland-scanner v0.31.10
   Compiling ahash v0.8.12
   Compiling half v2.7.1
   Compiling cargo-platform v0.1.9
   Compiling cipher v0.4.4
   Compiling hash32 v0.2.1
   Compiling serde_derive_internals v0.29.1
   Compiling spin v0.9.9
   Compiling foldhash v0.1.5
   Compiling referencing v0.46.10
   Compiling ciborium-ll v0.2.2
   Compiling hashbrown v0.15.5
   Compiling uniffi_macros v0.31.0
   Compiling schemars_derive v1.2.1
   Compiling cargo_metadata v0.19.2
   Compiling zbus-lockstep-macros v0.5.2
   Compiling zbus v5.16.0
   Compiling rand v0.8.6
   Compiling fancy-regex v0.18.0
   Compiling universal-hash v0.6.1
   Compiling email_address v0.2.9
   Compiling cobs v0.3.0
   Compiling regex v1.12.3
   Compiling fraction v0.15.4
   Compiling bstr v1.13.0
   Compiling memoffset v0.6.5
   Compiling radium v0.7.0
   Compiling zstd-safe v7.2.4
   Compiling fixedbitset v0.5.7
   Compiling image v0.25.10
   Compiling tungstenite v0.24.0
   Compiling globset v0.4.19
   Compiling petgraph v0.8.3
   Compiling schemars v1.2.1
   Compiling jsonschema v0.46.10
   Compiling uniffi v0.31.0
   Compiling url v2.5.8
   Compiling postcard v1.1.3
   Compiling poly1305 v0.9.1
   Compiling wayland-protocols v0.32.12
   Compiling ciborium v0.2.2
   Compiling serde_yaml v0.9.34+deprecated
   Compiling cbc v0.1.2
   Compiling aes v0.8.4
   Compiling aead v0.6.1
   Compiling nom v8.0.0
   Compiling strict-num v0.1.1
   Compiling tap v1.0.1
   Compiling arrayref v0.3.9
   Compiling tiny-skia-path v0.11.4
   Compiling regorus v0.10.1
   Compiling wyz v0.5.1
   Compiling chacha20poly1305 v0.11.0
   Compiling coset v0.4.2
   Compiling tree_magic_mini v3.2.2
   Compiling cua-driver-contract v0.32.0 (<scrubbed1>/w6-fix03-red1/libs/cua-driver/rust/crates/cua-driver-contract)
   Compiling tokio-tungstenite v0.24.0
   Compiling atspi-common v0.14.0
   Compiling wayland-protocols-wlr v0.3.12
   Compiling secret-service v5.1.0
   Compiling serde_yaml_ng v0.10.0
   Compiling gethostname v1.1.0
   Compiling keyring-core v1.0.0
   Compiling fs2 v0.4.3
   Compiling os_pipe v1.2.3
   Compiling x11 v2.21.0
   Compiling option-ext v0.2.0
   Compiling funty v2.0.0
   Compiling bitflags v1.3.2
   Compiling ttf-parser v0.21.1
   Compiling atspi-proxies v0.14.0
   Compiling arrayvec v0.7.6
   Compiling x11rb-protocol v0.13.2
   Compiling fontdue v0.9.3
   Compiling tiny-skia v0.11.4
   Compiling zstd v0.13.3
   Compiling bitvec v1.0.1
   Compiling nix v0.23.2
   Compiling cua-driver-core v0.32.0 (<scrubbed1>/w6-fix03-red1/libs/cua-driver/rust/crates/cua-driver-core)
   Compiling atspi-connection v0.14.0
   Compiling dirs-sys v0.4.1
   Compiling wl-clipboard-rs v0.9.3
   Compiling zbus-secret-service-keyring-store v1.0.0
   Compiling matchers v0.2.0
   Compiling sharded-slab v0.1.7
   Compiling tracing-log v0.2.0
   Compiling thread_local v1.1.9
   Compiling nu-ansi-term v0.50.3
   Compiling fnv v1.0.7
   Compiling nom v1.2.4
   Compiling tracing-subscriber v0.3.23
   Compiling meval v0.2.0
   Compiling keyring v4.1.6
   Compiling dirs v5.0.1
   Compiling evdev v0.12.2
   Compiling atspi v0.30.0
   Compiling ashpd v0.13.11
   Compiling pip-preview v0.32.0 (<scrubbed1>/w6-fix03-red1/libs/cua-driver/rust/crates/pip-preview)
   Compiling memmap2 v0.9.10
   Compiling crossbeam-channel v0.5.15
   Compiling x11rb v0.13.2
   Compiling clipboard-rs v0.3.5
   Compiling cursor-overlay v0.32.0 (<scrubbed1>/w6-fix03-red1/libs/cua-driver/rust/crates/cursor-overlay)
   Compiling platform-linux v0.32.0 (<scrubbed1>/w6-fix03-red1/libs/cua-driver/rust/crates/platform-linux)
    Finished `test` profile [unoptimized + debuginfo] target(s) in 1m 09s
warning: the following packages contain code that will be rejected by a future version of Rust: nom v1.2.4
note: to see what the problems were, use the option `--future-incompat-report`, or run `cargo report future-incompatibilities --id 1`
     Running unittests src/lib.rs (<scrubbed3>/cargo-targets/cua-release-fix02r/debug/deps/platform_linux-6d020a7d4959d2d9)

running 1 test
test tools::impl_::pid_window_resolver_tests::snapshot_routing_follows_only_the_callers_own_snapshots ... FAILED

failures:

---- tools::impl_::pid_window_resolver_tests::snapshot_routing_follows_only_the_callers_own_snapshots stdout ----

thread 'tools::impl_::pid_window_resolver_tests::snapshot_routing_follows_only_the_callers_own_snapshots' (3338934) panicked at crates/platform-linux/src/tools/impl_/pid_window_resolver_tests.rs:138:9:
assertion `left == right` failed: route-B: ToolResult { content: [Text { text: "ok", annotations: None }], is_error: None, structured_content: None, action_record: None }
  left: 8395475
 right: 0
note: run with `RUST_BACKTRACE=1` environment variable to display a backtrace


failures:
    tools::impl_::pid_window_resolver_tests::snapshot_routing_follows_only_the_callers_own_snapshots

test result: FAILED. 0 passed; 1 failed; 0 ignored; 0 measured; 612 filtered out; finished in 0.00s

error: test failed, to rerun pass `-p platform-linux --lib`
