[session] DISPLAY=:101 openbox=3747032 picom=3747033 dbus=unix:path=<session-tmp>/dbus-X,guid=285b77960ad128abc27b4edd6abf3d23
[b02] DISPLAY=:101 start_utc=2026-10-02T05:12:05.086Z loadavg=15.16 8.87 9.06 28/2598 3747411
dbus-daemon[3747024]: [session uid=1000 pid=3747024 pidfd=5] Activating service name='org.a11y.Bus' requested by ':1.0' (uid=1000 pid=3747968 comm="<lanes>/bin/cua-driver-b0")
dbus-daemon[3747024]: [session uid=1000 pid=3747024 pidfd=5] Successfully activated service 'org.a11y.Bus'
dbus-daemon[3747024]: [session uid=1000 pid=3747024 pidfd=5] Activating service name='ca.desrt.dconf' requested by ':1.1' (uid=1000 pid=3748034 comm="/usr/lib/at-spi-bus-launcher")
dbus-daemon[3747024]: [session uid=1000 pid=3747024 pidfd=5] Successfully activated service 'ca.desrt.dconf'
dbus-daemon[3747024]: [session uid=1000 pid=3747024 pidfd=5] Activating service name='org.freedesktop.systemd1' requested by ':1.4' (uid=1000 pid=3748074 comm="/usr/bin/dbus-broker-launch --config-file=/usr/sha")
dbus-daemon[3747024]: [session uid=1000 pid=3747024 pidfd=5] Activated service 'org.freedesktop.systemd1' failed: Process org.freedesktop.systemd1 exited with status 1
{"trial": "n0000-K5-nv", "n_replies": 8}
dbus-daemon[3747024]: [session uid=1000 pid=3747024 pidfd=5] Activating service name='org.freedesktop.systemd1' requested by ':1.4' (uid=1000 pid=3748074 comm="/usr/bin/dbus-broker-launch --config-file=/usr/sha")
dbus-daemon[3747024]: [session uid=1000 pid=3747024 pidfd=5] Activated service 'org.freedesktop.systemd1' failed: Process org.freedesktop.systemd1 exited with status 1
{"trial": "n0001-K5V-nv", "n_replies": 8}
dbus-daemon[3747024]: [session uid=1000 pid=3747024 pidfd=5] Activating service name='org.freedesktop.systemd1' requested by ':1.4' (uid=1000 pid=3748074 comm="/usr/bin/dbus-broker-launch --config-file=/usr/sha")
dbus-daemon[3747024]: [session uid=1000 pid=3747024 pidfd=5] Activated service 'org.freedesktop.systemd1' failed: Process org.freedesktop.systemd1 exited with status 1
{"trial": "n0002-K5V-nv", "n_replies": 8}
dbus-daemon[3747024]: [session uid=1000 pid=3747024 pidfd=5] Activating service name='org.freedesktop.systemd1' requested by ':1.4' (uid=1000 pid=3748074 comm="/usr/bin/dbus-broker-launch --config-file=/usr/sha")
dbus-daemon[3747024]: [session uid=1000 pid=3747024 pidfd=5] Activated service 'org.freedesktop.systemd1' failed: Process org.freedesktop.systemd1 exited with status 1
{"trial": "n0003-K5-nv", "n_replies": 8}
dbus-daemon[3747024]: [session uid=1000 pid=3747024 pidfd=5] Activating service name='org.freedesktop.systemd1' requested by ':1.4' (uid=1000 pid=3748074 comm="/usr/bin/dbus-broker-launch --config-file=/usr/sha")
dbus-daemon[3747024]: [session uid=1000 pid=3747024 pidfd=5] Activated service 'org.freedesktop.systemd1' failed: Process org.freedesktop.systemd1 exited with status 1
{"trial": "n0004-K5-nv", "n_replies": 8}
dbus-daemon[3747024]: [session uid=1000 pid=3747024 pidfd=5] Activating service name='org.freedesktop.systemd1' requested by ':1.4' (uid=1000 pid=3748074 comm="/usr/bin/dbus-broker-launch --config-file=/usr/sha")
dbus-daemon[3747024]: [session uid=1000 pid=3747024 pidfd=5] Activated service 'org.freedesktop.systemd1' failed: Process org.freedesktop.systemd1 exited with status 1
{"trial": "n0005-K5V-nv", "n_replies": 8}
dbus-daemon[3747024]: [session uid=1000 pid=3747024 pidfd=5] Activating service name='org.freedesktop.systemd1' requested by ':1.4' (uid=1000 pid=3748074 comm="/usr/bin/dbus-broker-launch --config-file=/usr/sha")
dbus-daemon[3747024]: [session uid=1000 pid=3747024 pidfd=5] Activated service 'org.freedesktop.systemd1' failed: Process org.freedesktop.systemd1 exited with status 1
{"trial": "n0006-K5V-nv", "n_replies": 8}
dbus-daemon[3747024]: [session uid=1000 pid=3747024 pidfd=5] Activating service name='org.freedesktop.systemd1' requested by ':1.4' (uid=1000 pid=3748074 comm="/usr/bin/dbus-broker-launch --config-file=/usr/sha")
dbus-daemon[3747024]: [session uid=1000 pid=3747024 pidfd=5] Activated service 'org.freedesktop.systemd1' failed: Process org.freedesktop.systemd1 exited with status 1
{"trial": "n0007-K5-nv", "n_replies": 8}
dbus-daemon[3747024]: [session uid=1000 pid=3747024 pidfd=5] Activating service name='org.freedesktop.systemd1' requested by ':1.4' (uid=1000 pid=3748074 comm="/usr/bin/dbus-broker-launch --config-file=/usr/sha")
dbus-daemon[3747024]: [session uid=1000 pid=3747024 pidfd=5] Activated service 'org.freedesktop.systemd1' failed: Process org.freedesktop.systemd1 exited with status 1
{"trial": "n0008-K5-nv", "n_replies": 8}
dbus-daemon[3747024]: [session uid=1000 pid=3747024 pidfd=5] Activating service name='org.freedesktop.systemd1' requested by ':1.4' (uid=1000 pid=3748074 comm="/usr/bin/dbus-broker-launch --config-file=/usr/sha")
dbus-daemon[3747024]: [session uid=1000 pid=3747024 pidfd=5] Activated service 'org.freedesktop.systemd1' failed: Process org.freedesktop.systemd1 exited with status 1
{"trial": "n0009-K5V-nv", "n_replies": 8}
[b02] end_utc=2026-10-02T05:12:16.716Z rc=0
[session] exit rc=0 run_dir=<lane-tmp>/x11-session.S4ahE9
