[session] DISPLAY=:102 openbox=129699 picom=129700 dbus=unix:path=<session-tmp>/dbus-X,guid=d55e1c1b29281b115435c06c6abfe955
[b03] DISPLAY=:102 start_utc=2026-10-02T17:26:47.550Z loadavg=15.13 12.19 6.93 17/2881 129907 telemetry_env=0 dnt=1
dbus-daemon[129697]: [session uid=1000 pid=129697 pidfd=5] Activating service name='org.a11y.Bus' requested by ':1.0' (uid=1000 pid=134437 comm="<lanes>/bin/cua-driver-b0")
dbus-daemon[129697]: [session uid=1000 pid=129697 pidfd=5] Successfully activated service 'org.a11y.Bus'
dbus-daemon[129697]: [session uid=1000 pid=129697 pidfd=5] Activating service name='ca.desrt.dconf' requested by ':1.1' (uid=1000 pid=134448 comm="/usr/lib/at-spi-bus-launcher")
dbus-daemon[129697]: [session uid=1000 pid=129697 pidfd=5] Successfully activated service 'ca.desrt.dconf'
dbus-daemon[129697]: [session uid=1000 pid=129697 pidfd=5] Activating service name='org.freedesktop.systemd1' requested by ':1.4' (uid=1000 pid=134476 comm="/usr/bin/dbus-broker-launch --config-file=/usr/sha")
dbus-daemon[129697]: [session uid=1000 pid=129697 pidfd=5] Activated service 'org.freedesktop.systemd1' failed: Process org.freedesktop.systemd1 exited with status 1
[2m2026-10-02T17:27:23.225650Z[0m [33m WARN[0m [2mcua_driver_sdk::runtime[0m[2m:[0m could not activate the persistent AT-SPI listener: AT-SPI connect failed: ZBus Error: MethodError(OwnedErrorName("org.freedesktop.DBus.Error.NameHasNoOwner"), Some("Could not activate remote peer 'org.a11y.atspi.Registry': unit failed"), Msg { type: Error, serial: 4294967295, sender: UniqueName("org.freedesktop.DBus"), reply-serial: 10, body: Str, fds: [] })
[2m2026-10-02T17:27:23.251145Z[0m [33m WARN[0m [2mplatform_linux::overlay[0m[2m:[0m X11 overlay: root reads cannot see this window's own pixels; save-unders will be served without readback confirmation
dbus-daemon[129697]: [session uid=1000 pid=129697 pidfd=5] Activating service name='org.gtk.vfs.Daemon' requested by ':1.5' (uid=1000 pid=134561 comm="/opt/google/chrome/chrome --remote-debugging-port=")
dbus-daemon[129697]: [session uid=1000 pid=129697 pidfd=5] Successfully activated service 'org.gtk.vfs.Daemon'
fusermount3: mount failed: Operation not permitted
dbus-daemon[129697]: [session uid=1000 pid=129697 pidfd=5] Activating service name='org.freedesktop.systemd1' requested by ':1.4' (uid=1000 pid=134476 comm="/usr/bin/dbus-broker-launch --config-file=/usr/sha")
dbus-daemon[129697]: [session uid=1000 pid=129697 pidfd=5] Activated service 'org.freedesktop.systemd1' failed: Process org.freedesktop.systemd1 exited with status 1
dbus-daemon[129697]: [session uid=1000 pid=129697 pidfd=5] Activating service name='org.freedesktop.systemd1' requested by ':1.4' (uid=1000 pid=134476 comm="/usr/bin/dbus-broker-launch --config-file=/usr/sha")
dbus-daemon[129697]: [session uid=1000 pid=129697 pidfd=5] Activated service 'org.freedesktop.systemd1' failed: Process org.freedesktop.systemd1 exited with status 1
dbus-daemon[129697]: [session uid=1000 pid=129697 pidfd=5] Activating service name='org.freedesktop.Notifications' requested by ':1.7' (uid=1000 pid=134561 comm="/opt/google/chrome/chrome --remote-debugging-port=")
dbus-daemon[129697]: [session uid=1000 pid=129697 pidfd=5] Activating service name='org.freedesktop.portal.Desktop' requested by ':1.7' (uid=1000 pid=134561 comm="/opt/google/chrome/chrome --remote-debugging-port=")
dbus-daemon[129697]: [session uid=1000 pid=129697 pidfd=5] Successfully activated service 'org.freedesktop.Notifications'
dbus-daemon[129697]: [session uid=1000 pid=129697 pidfd=5] Activating service name='org.freedesktop.impl.portal.PermissionStore' requested by ':1.9' (uid=1000 pid=134912 comm="/usr/lib/xdg-desktop-portal")
dbus-daemon[129697]: [session uid=1000 pid=129697 pidfd=5] Successfully activated service 'org.freedesktop.impl.portal.PermissionStore'
dbus-daemon[129697]: [session uid=1000 pid=129697 pidfd=5] Activating service name='org.freedesktop.portal.Documents' requested by ':1.9' (uid=1000 pid=134912 comm="/usr/lib/xdg-desktop-portal")
dbus-daemon[129697]: [session uid=1000 pid=129697 pidfd=5] Successfully activated service 'org.freedesktop.portal.Documents'
fusermount3: mount failed: Operation not permitted
error: fuse init failed: Can't mount path <lane-tmp>/x11-session.Mg6xAb/xdg-runtime/doc

(/usr/lib/xdg-desktop-portal:134912): xdg-desktop-portal-WARNING **: 12:27:24.812: Document portal fuse mount point unknown: GDBus.Error:org.freedesktop.DBus.Error.ServiceUnknown: The name :1.11 was not provided by any .service files

(/usr/lib/xdg-desktop-portal:134912): xdg-desktop-portal-WARNING **: 12:27:24.812: Choosing gtk.portal for org.freedesktop.impl.portal.Lockdown as a last-resort fallback
dbus-daemon[129697]: [session uid=1000 pid=129697 pidfd=5] Activating service name='org.freedesktop.impl.portal.desktop.gtk' requested by ':1.9' (uid=1000 pid=134912 comm="/usr/lib/xdg-desktop-portal")
dbus-daemon[129697]: [session uid=1000 pid=129697 pidfd=5] Activating service name='org.freedesktop.systemd1' requested by ':1.4' (uid=1000 pid=134476 comm="/usr/bin/dbus-broker-launch --config-file=/usr/sha")
dbus-daemon[129697]: [session uid=1000 pid=129697 pidfd=5] Activated service 'org.freedesktop.systemd1' failed: Process org.freedesktop.systemd1 exited with status 1
dbus-daemon[129697]: [session uid=1000 pid=129697 pidfd=5] Successfully activated service 'org.freedesktop.impl.portal.desktop.gtk'

** (xdg-desktop-portal-gtk:134938): WARNING **: 12:27:24.858: AT-SPI: Could not obtain desktop path or name

dbus-daemon[129697]: [session uid=1000 pid=129697 pidfd=5] Activating service name='org.freedesktop.systemd1' requested by ':1.4' (uid=1000 pid=134476 comm="/usr/bin/dbus-broker-launch --config-file=/usr/sha")

(/usr/lib/xdg-desktop-portal:134912): xdg-desktop-portal-WARNING **: 12:27:24.860: Choosing gtk.portal for org.freedesktop.impl.portal.Access as a last-resort fallback
dbus-daemon[129697]: [session uid=1000 pid=129697 pidfd=5] Activated service 'org.freedesktop.systemd1' failed: Process org.freedesktop.systemd1 exited with status 1

** (xdg-desktop-portal-gtk:134938): WARNING **: 12:27:24.862: atk-bridge: GetRegisteredEvents returned message with unknown signature

** (xdg-desktop-portal-gtk:134938): WARNING **: 12:27:24.862: atk-bridge: get_device_events_reply: unknown signature

(/usr/lib/xdg-desktop-portal:134912): xdg-desktop-portal-WARNING **: 12:27:24.886: Choosing gtk.portal for org.freedesktop.impl.portal.Settings as a last-resort fallback

(/usr/lib/xdg-desktop-portal:134912): xdg-desktop-portal-WARNING **: 12:27:24.887: Choosing gtk.portal for org.freedesktop.impl.portal.FileChooser as a last-resort fallback

(/usr/lib/xdg-desktop-portal:134912): xdg-desktop-portal-WARNING **: 12:27:24.887: Choosing gtk.portal for org.freedesktop.impl.portal.AppChooser as a last-resort fallback

(/usr/lib/xdg-desktop-portal:134912): xdg-desktop-portal-WARNING **: 12:27:24.888: Choosing gtk.portal for org.freedesktop.impl.portal.Print as a last-resort fallback

(/usr/lib/xdg-desktop-portal:134912): xdg-desktop-portal-WARNING **: 12:27:24.889: Choosing gtk.portal for org.freedesktop.impl.portal.Notification as a last-resort fallback

(/usr/lib/xdg-desktop-portal:134912): xdg-desktop-portal-WARNING **: 12:27:24.889: Choosing gtk.portal for org.freedesktop.impl.portal.Inhibit as a last-resort fallback

(/usr/lib/xdg-desktop-portal:134912): xdg-desktop-portal-WARNING **: 12:27:24.893: Failed to connect to PipeWire: Couldn't connect to PipeWire

(/usr/lib/xdg-desktop-portal:134912): xdg-desktop-portal-WARNING **: 12:27:24.893: Choosing gtk.portal for org.freedesktop.impl.portal.Account as a last-resort fallback

(/usr/lib/xdg-desktop-portal:134912): xdg-desktop-portal-WARNING **: 12:27:24.894: Choosing gtk.portal for org.freedesktop.impl.portal.Email as a last-resort fallback

(/usr/lib/xdg-desktop-portal:134912): xdg-desktop-portal-WARNING **: 12:27:24.894: Choosing gtk.portal for org.freedesktop.impl.portal.DynamicLauncher as a last-resort fallback
dbus-daemon[129697]: [session uid=1000 pid=129697 pidfd=5] Successfully activated service 'org.freedesktop.portal.Desktop'
dbus-daemon[129697]: [session uid=1000 pid=129697 pidfd=5] Activating service name='org.freedesktop.systemd1' requested by ':1.4' (uid=1000 pid=134476 comm="/usr/bin/dbus-broker-launch --config-file=/usr/sha")
dbus-daemon[129697]: [session uid=1000 pid=129697 pidfd=5] Activated service 'org.freedesktop.systemd1' failed: Process org.freedesktop.systemd1 exited with status 1
[2m2026-10-02T17:27:25.443341Z[0m [33m WARN[0m [2mcua_driver_sdk::runtime[0m[2m:[0m could not activate the persistent AT-SPI listener: AT-SPI connect failed: ZBus Error: MethodError(OwnedErrorName("org.freedesktop.DBus.Error.NameHasNoOwner"), Some("Could not activate remote peer 'org.a11y.atspi.Registry': unit failed"), Msg { type: Error, serial: 4294967295, sender: UniqueName("org.freedesktop.DBus"), reply-serial: 9, body: Str, fds: [] })
[2m2026-10-02T17:27:25.470488Z[0m [33m WARN[0m [2mplatform_linux::overlay[0m[2m:[0m X11 overlay: root reads cannot see this window's own pixels; save-unders will be served without readback confirmation
dbus-daemon[129697]: [session uid=1000 pid=129697 pidfd=5] Activating service name='org.freedesktop.systemd1' requested by ':1.4' (uid=1000 pid=134476 comm="/usr/bin/dbus-broker-launch --config-file=/usr/sha")
dbus-daemon[129697]: [session uid=1000 pid=129697 pidfd=5] Activated service 'org.freedesktop.systemd1' failed: Process org.freedesktop.systemd1 exited with status 1
dbus-daemon[129697]: [session uid=1000 pid=129697 pidfd=5] Activating service name='org.freedesktop.systemd1' requested by ':1.4' (uid=1000 pid=134476 comm="/usr/bin/dbus-broker-launch --config-file=/usr/sha")
dbus-daemon[129697]: [session uid=1000 pid=129697 pidfd=5] Activated service 'org.freedesktop.systemd1' failed: Process org.freedesktop.systemd1 exited with status 1
dbus-daemon[129697]: [session uid=1000 pid=129697 pidfd=5] Activating service name='org.freedesktop.systemd1' requested by ':1.4' (uid=1000 pid=134476 comm="/usr/bin/dbus-broker-launch --config-file=/usr/sha")
dbus-daemon[129697]: [session uid=1000 pid=129697 pidfd=5] Activated service 'org.freedesktop.systemd1' failed: Process org.freedesktop.systemd1 exited with status 1
[2m2026-10-02T17:27:27.055360Z[0m [33m WARN[0m [2mcua_driver_sdk::runtime[0m[2m:[0m could not activate the persistent AT-SPI listener: AT-SPI connect failed: ZBus Error: MethodError(OwnedErrorName("org.freedesktop.DBus.Error.NameHasNoOwner"), Some("Could not activate remote peer 'org.a11y.atspi.Registry': unit failed"), Msg { type: Error, serial: 4294967295, sender: UniqueName("org.freedesktop.DBus"), reply-serial: 9, body: Str, fds: [] })
[2m2026-10-02T17:27:27.074950Z[0m [33m WARN[0m [2mplatform_linux::overlay[0m[2m:[0m X11 overlay: root reads cannot see this window's own pixels; save-unders will be served without readback confirmation
dbus-daemon[129697]: [session uid=1000 pid=129697 pidfd=5] Activating service name='org.freedesktop.systemd1' requested by ':1.4' (uid=1000 pid=134476 comm="/usr/bin/dbus-broker-launch --config-file=/usr/sha")
dbus-daemon[129697]: [session uid=1000 pid=129697 pidfd=5] Activated service 'org.freedesktop.systemd1' failed: Process org.freedesktop.systemd1 exited with status 1
dbus-daemon[129697]: [session uid=1000 pid=129697 pidfd=5] Activating service name='org.freedesktop.systemd1' requested by ':1.4' (uid=1000 pid=134476 comm="/usr/bin/dbus-broker-launch --config-file=/usr/sha")
dbus-daemon[129697]: [session uid=1000 pid=129697 pidfd=5] Activated service 'org.freedesktop.systemd1' failed: Process org.freedesktop.systemd1 exited with status 1
dbus-daemon[129697]: [session uid=1000 pid=129697 pidfd=5] Activating service name='org.freedesktop.systemd1' requested by ':1.4' (uid=1000 pid=134476 comm="/usr/bin/dbus-broker-launch --config-file=/usr/sha")
dbus-daemon[129697]: [session uid=1000 pid=129697 pidfd=5] Activated service 'org.freedesktop.systemd1' failed: Process org.freedesktop.systemd1 exited with status 1
[2m2026-10-02T17:27:28.620927Z[0m [33m WARN[0m [2mcua_driver_sdk::runtime[0m[2m:[0m could not activate the persistent AT-SPI listener: AT-SPI connect failed: ZBus Error: MethodError(OwnedErrorName("org.freedesktop.DBus.Error.NameHasNoOwner"), Some("Could not activate remote peer 'org.a11y.atspi.Registry': unit failed"), Msg { type: Error, serial: 4294967295, sender: UniqueName("org.freedesktop.DBus"), reply-serial: 9, body: Str, fds: [] })
[2m2026-10-02T17:27:28.637897Z[0m [33m WARN[0m [2mplatform_linux::overlay[0m[2m:[0m X11 overlay: root reads cannot see this window's own pixels; save-unders will be served without readback confirmation
dbus-daemon[129697]: [session uid=1000 pid=129697 pidfd=5] Activating service name='org.freedesktop.systemd1' requested by ':1.4' (uid=1000 pid=134476 comm="/usr/bin/dbus-broker-launch --config-file=/usr/sha")
dbus-daemon[129697]: [session uid=1000 pid=129697 pidfd=5] Activated service 'org.freedesktop.systemd1' failed: Process org.freedesktop.systemd1 exited with status 1
dbus-daemon[129697]: [session uid=1000 pid=129697 pidfd=5] Activating service name='org.freedesktop.systemd1' requested by ':1.4' (uid=1000 pid=134476 comm="/usr/bin/dbus-broker-launch --config-file=/usr/sha")
dbus-daemon[129697]: [session uid=1000 pid=129697 pidfd=5] Activated service 'org.freedesktop.systemd1' failed: Process org.freedesktop.systemd1 exited with status 1
dbus-daemon[129697]: [session uid=1000 pid=129697 pidfd=5] Activating service name='org.freedesktop.systemd1' requested by ':1.4' (uid=1000 pid=134476 comm="/usr/bin/dbus-broker-launch --config-file=/usr/sha")
dbus-daemon[129697]: [session uid=1000 pid=129697 pidfd=5] Activated service 'org.freedesktop.systemd1' failed: Process org.freedesktop.systemd1 exited with status 1
[2m2026-10-02T17:27:30.092040Z[0m [33m WARN[0m [2mcua_driver_sdk::runtime[0m[2m:[0m could not activate the persistent AT-SPI listener: AT-SPI connect failed: ZBus Error: MethodError(OwnedErrorName("org.freedesktop.DBus.Error.NameHasNoOwner"), Some("Could not activate remote peer 'org.a11y.atspi.Registry': unit failed"), Msg { type: Error, serial: 4294967295, sender: UniqueName("org.freedesktop.DBus"), reply-serial: 9, body: Str, fds: [] })
[2m2026-10-02T17:27:30.107268Z[0m [33m WARN[0m [2mplatform_linux::overlay[0m[2m:[0m X11 overlay: root reads cannot see this window's own pixels; save-unders will be served without readback confirmation
dbus-daemon[129697]: [session uid=1000 pid=129697 pidfd=5] Activating service name='org.freedesktop.systemd1' requested by ':1.4' (uid=1000 pid=134476 comm="/usr/bin/dbus-broker-launch --config-file=/usr/sha")
dbus-daemon[129697]: [session uid=1000 pid=129697 pidfd=5] Activated service 'org.freedesktop.systemd1' failed: Process org.freedesktop.systemd1 exited with status 1
dbus-daemon[129697]: [session uid=1000 pid=129697 pidfd=5] Activating service name='org.freedesktop.systemd1' requested by ':1.4' (uid=1000 pid=134476 comm="/usr/bin/dbus-broker-launch --config-file=/usr/sha")
dbus-daemon[129697]: [session uid=1000 pid=129697 pidfd=5] Activated service 'org.freedesktop.systemd1' failed: Process org.freedesktop.systemd1 exited with status 1
dbus-daemon[129697]: [session uid=1000 pid=129697 pidfd=5] Activating service name='org.freedesktop.systemd1' requested by ':1.4' (uid=1000 pid=134476 comm="/usr/bin/dbus-broker-launch --config-file=/usr/sha")
dbus-daemon[129697]: [session uid=1000 pid=129697 pidfd=5] Activated service 'org.freedesktop.systemd1' failed: Process org.freedesktop.systemd1 exited with status 1
[2m2026-10-02T17:27:31.584225Z[0m [33m WARN[0m [2mcua_driver_sdk::runtime[0m[2m:[0m could not activate the persistent AT-SPI listener: AT-SPI connect failed: ZBus Error: MethodError(OwnedErrorName("org.freedesktop.DBus.Error.NameHasNoOwner"), Some("Could not activate remote peer 'org.a11y.atspi.Registry': unit failed"), Msg { type: Error, serial: 4294967295, sender: UniqueName("org.freedesktop.DBus"), reply-serial: 9, body: Str, fds: [] })
[2m2026-10-02T17:27:31.609623Z[0m [33m WARN[0m [2mplatform_linux::overlay[0m[2m:[0m X11 overlay: root reads cannot see this window's own pixels; save-unders will be served without readback confirmation
dbus-daemon[129697]: [session uid=1000 pid=129697 pidfd=5] Activating service name='org.freedesktop.systemd1' requested by ':1.4' (uid=1000 pid=134476 comm="/usr/bin/dbus-broker-launch --config-file=/usr/sha")
dbus-daemon[129697]: [session uid=1000 pid=129697 pidfd=5] Activated service 'org.freedesktop.systemd1' failed: Process org.freedesktop.systemd1 exited with status 1
dbus-daemon[129697]: [session uid=1000 pid=129697 pidfd=5] Activating service name='org.freedesktop.systemd1' requested by ':1.4' (uid=1000 pid=134476 comm="/usr/bin/dbus-broker-launch --config-file=/usr/sha")
dbus-daemon[129697]: [session uid=1000 pid=129697 pidfd=5] Activated service 'org.freedesktop.systemd1' failed: Process org.freedesktop.systemd1 exited with status 1
dbus-daemon[129697]: [session uid=1000 pid=129697 pidfd=5] Activating service name='org.freedesktop.systemd1' requested by ':1.4' (uid=1000 pid=134476 comm="/usr/bin/dbus-broker-launch --config-file=/usr/sha")
dbus-daemon[129697]: [session uid=1000 pid=129697 pidfd=5] Activated service 'org.freedesktop.systemd1' failed: Process org.freedesktop.systemd1 exited with status 1
[2m2026-10-02T17:27:33.473728Z[0m [33m WARN[0m [2mcua_driver_sdk::runtime[0m[2m:[0m could not activate the persistent AT-SPI listener: AT-SPI connect failed: ZBus Error: MethodError(OwnedErrorName("org.freedesktop.DBus.Error.NameHasNoOwner"), Some("Could not activate remote peer 'org.a11y.atspi.Registry': unit failed"), Msg { type: Error, serial: 4294967295, sender: UniqueName("org.freedesktop.DBus"), reply-serial: 9, body: Str, fds: [] })
[2m2026-10-02T17:27:33.507468Z[0m [33m WARN[0m [2mplatform_linux::overlay[0m[2m:[0m X11 overlay: root reads cannot see this window's own pixels; save-unders will be served without readback confirmation
dbus-daemon[129697]: [session uid=1000 pid=129697 pidfd=5] Activating service name='org.freedesktop.systemd1' requested by ':1.4' (uid=1000 pid=134476 comm="/usr/bin/dbus-broker-launch --config-file=/usr/sha")
dbus-daemon[129697]: [session uid=1000 pid=129697 pidfd=5] Activated service 'org.freedesktop.systemd1' failed: Process org.freedesktop.systemd1 exited with status 1
dbus-daemon[129697]: [session uid=1000 pid=129697 pidfd=5] Activating service name='org.freedesktop.systemd1' requested by ':1.4' (uid=1000 pid=134476 comm="/usr/bin/dbus-broker-launch --config-file=/usr/sha")
dbus-daemon[129697]: [session uid=1000 pid=129697 pidfd=5] Activated service 'org.freedesktop.systemd1' failed: Process org.freedesktop.systemd1 exited with status 1
[b03] end_utc=2026-10-02T17:27:36.167Z rc=0
A connection to the bus can't be made
CRITICAL: [dbus_cb_name_lost:1438] Cannot connect to DBus.
X connection to :102 broken (explicit kill or server shutdown).
[session] exit rc=0 run_dir=<lane-tmp>/x11-session.Mg6xAb
