[fix01] outer_hostless=1 display=:99 xdg_runtime_private=yes
[fix01] DISPLAY=:99 loadavg=18.96 16.29 12.38 phase_args=--phase c2 --driver cua-driver-fix01-8cfa8c1db --driver-label F --runner fixed --reps 10 --out c2-Ffixed-b1 
{"event": "validity", "ok": true, "display": ":99"}
Cua Driver sends content-free product telemetry by default. Run `cua-driver telemetry disable` to stop it; `cua-driver telemetry status` shows the current setting.
[2m2026-10-02T05:18:27.184616Z[0m [33m WARN[0m [2mcua_driver_sdk::runtime[0m[2m:[0m could not activate the persistent AT-SPI listener: AT-SPI connect failed: ZBus Error: MethodError(OwnedErrorName("org.freedesktop.DBus.Error.NameHasNoOwner"), Some("Could not activate remote peer 'org.a11y.atspi.Registry': unit failed"), Msg { type: Error, serial: 4294967295, sender: UniqueName("org.freedesktop.DBus"), reply-serial: 10, body: Str, fds: [] })
[2m2026-10-02T05:18:27.212545Z[0m [33m WARN[0m [2mplatform_linux::overlay[0m[2m:[0m X11 overlay: root reads cannot see this window's own pixels; save-unders will be served without readback confirmation
{"action_ms": 180.08, "candidate": "type-verification-value", "candidate_build_ms": 0.13, "confidence": 1.0, "decision_ms": 97.38, "decision_route": "provider", "delivery_mode": null, "dry_run": false, "event": "step", "probabilities": {"abstain": 0.0, "reobserve": 0.0, "type-verification-value": 1.0}, "provider_decision_ms": 0.02, "semantic_observe_ms": 97.15, "step": 1, "tool": "browser_type", "total_step_ms": 277.49, "visual": {"reason": "page_structure_candidate", "status": "skipped"}, "visual_observe_ms": 0.0}
{"action_refused": "browser_ref_stale", "candidate": "submit-form", "event": "step", "phase": "refused", "step": 2, "tool": "browser_click", "visual": {"reason": "page_structure_candidate", "status": "skipped"}}
{"action_ms": 67.01, "candidate": "submit-form", "candidate_build_ms": 0.07, "confidence": 1.0, "decision_ms": 16.68, "decision_route": "provider", "delivery_mode": null, "dry_run": false, "event": "step", "probabilities": {"abstain": 0.0, "reobserve": 0.0, "submit-form": 1.0}, "provider_decision_ms": 0.01, "semantic_observe_ms": 16.53, "step": 3, "tool": "browser_click", "total_step_ms": 83.71, "visual": {"reason": "page_structure_candidate", "status": "skipped"}, "visual_observe_ms": 0.0}
{"event": "outcome", "outcome": "verified"}
{"event": "cell", "id": "c2-N4a_ord-F-fixed-rep1", "outcome": "verified", "verified": true, "first": null, "code": "browser_ref_stale", "dup": 0}
[2m2026-10-02T05:18:30.578261Z[0m [33m WARN[0m [2mcua_driver_sdk::runtime[0m[2m:[0m could not activate the persistent AT-SPI listener: AT-SPI connect failed: ZBus Error: MethodError(OwnedErrorName("org.freedesktop.DBus.Error.NameHasNoOwner"), Some("Could not activate remote peer 'org.a11y.atspi.Registry': unit failed"), Msg { type: Error, serial: 4294967295, sender: UniqueName("org.freedesktop.DBus"), reply-serial: 9, body: Str, fds: [] })
[2m2026-10-02T05:18:30.608901Z[0m [33m WARN[0m [2mplatform_linux::overlay[0m[2m:[0m X11 overlay: root reads cannot see this window's own pixels; save-unders will be served without readback confirmation
{"action_ms": 168.98, "candidate": "type-verification-value", "candidate_build_ms": 0.17, "confidence": 1.0, "decision_ms": 45.32, "decision_route": "provider", "delivery_mode": null, "dry_run": false, "event": "step", "probabilities": {"abstain": 0.0, "reobserve": 0.0, "type-verification-value": 1.0}, "provider_decision_ms": 0.03, "semantic_observe_ms": 45.05, "step": 1, "tool": "browser_type", "total_step_ms": 214.32, "visual": {"reason": "page_structure_candidate", "status": "skipped"}, "visual_observe_ms": 0.0}
{"action_refused": "browser_ref_stale", "candidate": "submit-form", "event": "step", "phase": "refused", "step": 2, "tool": "browser_click", "visual": {"reason": "page_structure_candidate", "status": "skipped"}}
{"action_ms": 51.13, "candidate": "submit-form", "candidate_build_ms": 0.09, "confidence": 1.0, "decision_ms": 21.33, "decision_route": "provider", "delivery_mode": null, "dry_run": false, "event": "step", "probabilities": {"abstain": 0.0, "reobserve": 0.0, "submit-form": 1.0}, "provider_decision_ms": 0.01, "semantic_observe_ms": 21.16, "step": 3, "tool": "browser_click", "total_step_ms": 72.48, "visual": {"reason": "page_structure_candidate", "status": "skipped"}, "visual_observe_ms": 0.0}
{"event": "outcome", "outcome": "verified"}
{"event": "cell", "id": "c2-N4a_ord-F-fixed-rep2", "outcome": "verified", "verified": true, "first": null, "code": "browser_ref_stale", "dup": 0}
[2m2026-10-02T05:18:33.207514Z[0m [33m WARN[0m [2mcua_driver_sdk::runtime[0m[2m:[0m could not activate the persistent AT-SPI listener: AT-SPI connect failed: ZBus Error: MethodError(OwnedErrorName("org.freedesktop.DBus.Error.NameHasNoOwner"), Some("Could not activate remote peer 'org.a11y.atspi.Registry': unit failed"), Msg { type: Error, serial: 4294967295, sender: UniqueName("org.freedesktop.DBus"), reply-serial: 9, body: Str, fds: [] })
[2m2026-10-02T05:18:33.230931Z[0m [33m WARN[0m [2mplatform_linux::overlay[0m[2m:[0m X11 overlay: root reads cannot see this window's own pixels; save-unders will be served without readback confirmation
{"action_ms": 173.82, "candidate": "type-verification-value", "candidate_build_ms": 0.12, "confidence": 1.0, "decision_ms": 75.99, "decision_route": "provider", "delivery_mode": null, "dry_run": false, "event": "step", "probabilities": {"abstain": 0.0, "reobserve": 0.0, "type-verification-value": 1.0}, "provider_decision_ms": 0.02, "semantic_observe_ms": 75.8, "step": 1, "tool": "browser_type", "total_step_ms": 249.83, "visual": {"reason": "page_structure_candidate", "status": "skipped"}, "visual_observe_ms": 0.0}
{"action_refused": "browser_ref_stale", "candidate": "submit-form", "event": "step", "phase": "refused", "step": 2, "tool": "browser_click", "visual": {"reason": "page_structure_candidate", "status": "skipped"}}
{"action_ms": 60.1, "candidate": "submit-form", "candidate_build_ms": 0.09, "confidence": 1.0, "decision_ms": 16.76, "decision_route": "provider", "delivery_mode": null, "dry_run": false, "event": "step", "probabilities": {"abstain": 0.0, "reobserve": 0.0, "submit-form": 1.0}, "provider_decision_ms": 0.01, "semantic_observe_ms": 16.55, "step": 3, "tool": "browser_click", "total_step_ms": 76.89, "visual": {"reason": "page_structure_candidate", "status": "skipped"}, "visual_observe_ms": 0.0}
{"event": "outcome", "outcome": "verified"}
{"event": "cell", "id": "c2-N4a_ord-F-fixed-rep3", "outcome": "verified", "verified": true, "first": null, "code": "browser_ref_stale", "dup": 0}
[2m2026-10-02T05:18:36.676309Z[0m [33m WARN[0m [2mcua_driver_sdk::runtime[0m[2m:[0m could not activate the persistent AT-SPI listener: AT-SPI connect failed: ZBus Error: MethodError(OwnedErrorName("org.freedesktop.DBus.Error.NameHasNoOwner"), Some("Could not activate remote peer 'org.a11y.atspi.Registry': unit failed"), Msg { type: Error, serial: 4294967295, sender: UniqueName("org.freedesktop.DBus"), reply-serial: 9, body: Str, fds: [] })
[2m2026-10-02T05:18:36.707842Z[0m [33m WARN[0m [2mplatform_linux::overlay[0m[2m:[0m X11 overlay: root reads cannot see this window's own pixels; save-unders will be served without readback confirmation
{"action_ms": 182.17, "candidate": "type-verification-value", "candidate_build_ms": 0.12, "confidence": 1.0, "decision_ms": 90.68, "decision_route": "provider", "delivery_mode": null, "dry_run": false, "event": "step", "probabilities": {"abstain": 0.0, "reobserve": 0.0, "type-verification-value": 1.0}, "provider_decision_ms": 0.02, "semantic_observe_ms": 90.49, "step": 1, "tool": "browser_type", "total_step_ms": 272.91, "visual": {"reason": "page_structure_candidate", "status": "skipped"}, "visual_observe_ms": 0.0}
{"action_refused": "browser_ref_stale", "candidate": "submit-form", "event": "step", "phase": "refused", "step": 2, "tool": "browser_click", "visual": {"reason": "page_structure_candidate", "status": "skipped"}}
{"action_ms": 72.5, "candidate": "submit-form", "candidate_build_ms": 0.1, "confidence": 1.0, "decision_ms": 18.8, "decision_route": "provider", "delivery_mode": null, "dry_run": false, "event": "step", "probabilities": {"abstain": 0.0, "reobserve": 0.0, "submit-form": 1.0}, "provider_decision_ms": 0.01, "semantic_observe_ms": 18.59, "step": 3, "tool": "browser_click", "total_step_ms": 91.33, "visual": {"reason": "page_structure_candidate", "status": "skipped"}, "visual_observe_ms": 0.0}
{"event": "outcome", "outcome": "verified"}
{"event": "cell", "id": "c2-N4a_ord-F-fixed-rep4", "outcome": "verified", "verified": true, "first": null, "code": "browser_ref_stale", "dup": 0}
[2m2026-10-02T05:18:39.688143Z[0m [33m WARN[0m [2mcua_driver_sdk::runtime[0m[2m:[0m could not activate the persistent AT-SPI listener: AT-SPI connect failed: ZBus Error: MethodError(OwnedErrorName("org.freedesktop.DBus.Error.NameHasNoOwner"), Some("Could not activate remote peer 'org.a11y.atspi.Registry': unit failed"), Msg { type: Error, serial: 4294967295, sender: UniqueName("org.freedesktop.DBus"), reply-serial: 9, body: Str, fds: [] })
[2m2026-10-02T05:18:39.714348Z[0m [33m WARN[0m [2mplatform_linux::overlay[0m[2m:[0m X11 overlay: root reads cannot see this window's own pixels; save-unders will be served without readback confirmation
{"action_ms": 162.92, "candidate": "type-verification-value", "candidate_build_ms": 0.08, "confidence": 1.0, "decision_ms": 61.23, "decision_route": "provider", "delivery_mode": null, "dry_run": false, "event": "step", "probabilities": {"abstain": 0.0, "reobserve": 0.0, "type-verification-value": 1.0}, "provider_decision_ms": 0.01, "semantic_observe_ms": 61.1, "step": 1, "tool": "browser_type", "total_step_ms": 224.18, "visual": {"reason": "page_structure_candidate", "status": "skipped"}, "visual_observe_ms": 0.0}
{"action_refused": "browser_ref_stale", "candidate": "submit-form", "event": "step", "phase": "refused", "step": 2, "tool": "browser_click", "visual": {"reason": "page_structure_candidate", "status": "skipped"}}
{"action_ms": 53.12, "candidate": "submit-form", "candidate_build_ms": 0.08, "confidence": 1.0, "decision_ms": 18.02, "decision_route": "provider", "delivery_mode": null, "dry_run": false, "event": "step", "probabilities": {"abstain": 0.0, "reobserve": 0.0, "submit-form": 1.0}, "provider_decision_ms": 0.02, "semantic_observe_ms": 17.8, "step": 3, "tool": "browser_click", "total_step_ms": 71.16, "visual": {"reason": "page_structure_candidate", "status": "skipped"}, "visual_observe_ms": 0.0}
{"event": "outcome", "outcome": "verified"}
{"event": "cell", "id": "c2-N4a_ord-F-fixed-rep5", "outcome": "verified", "verified": true, "first": null, "code": "browser_ref_stale", "dup": 0}
[2m2026-10-02T05:18:43.373435Z[0m [33m WARN[0m [2mcua_driver_sdk::runtime[0m[2m:[0m could not activate the persistent AT-SPI listener: AT-SPI connect failed: ZBus Error: MethodError(OwnedErrorName("org.freedesktop.DBus.Error.NameHasNoOwner"), Some("Could not activate remote peer 'org.a11y.atspi.Registry': unit failed"), Msg { type: Error, serial: 4294967295, sender: UniqueName("org.freedesktop.DBus"), reply-serial: 9, body: Str, fds: [] })
[2m2026-10-02T05:18:43.398095Z[0m [33m WARN[0m [2mplatform_linux::overlay[0m[2m:[0m X11 overlay: root reads cannot see this window's own pixels; save-unders will be served without readback confirmation
{"action_ms": 139.67, "candidate": "type-verification-value", "candidate_build_ms": 0.08, "confidence": 1.0, "decision_ms": 47.58, "decision_route": "provider", "delivery_mode": null, "dry_run": false, "event": "step", "probabilities": {"abstain": 0.0, "reobserve": 0.0, "type-verification-value": 1.0}, "provider_decision_ms": 0.01, "semantic_observe_ms": 47.46, "step": 1, "tool": "browser_type", "total_step_ms": 187.26, "visual": {"reason": "page_structure_candidate", "status": "skipped"}, "visual_observe_ms": 0.0}
{"action_refused": "browser_ref_stale", "candidate": "submit-form", "event": "step", "phase": "refused", "step": 2, "tool": "browser_click", "visual": {"reason": "page_structure_candidate", "status": "skipped"}}
{"action_ms": 30.46, "candidate": "submit-form", "candidate_build_ms": 0.05, "confidence": 1.0, "decision_ms": 9.6, "decision_route": "provider", "delivery_mode": null, "dry_run": false, "event": "step", "probabilities": {"abstain": 0.0, "reobserve": 0.0, "submit-form": 1.0}, "provider_decision_ms": 0.01, "semantic_observe_ms": 9.49, "step": 3, "tool": "browser_click", "total_step_ms": 40.08, "visual": {"reason": "page_structure_candidate", "status": "skipped"}, "visual_observe_ms": 0.0}
{"event": "outcome", "outcome": "verified"}
{"event": "cell", "id": "c2-N4a_ord-F-fixed-rep6", "outcome": "verified", "verified": true, "first": null, "code": "browser_ref_stale", "dup": 0}
[2m2026-10-02T05:18:45.862168Z[0m [33m WARN[0m [2mcua_driver_sdk::runtime[0m[2m:[0m could not activate the persistent AT-SPI listener: AT-SPI connect failed: ZBus Error: MethodError(OwnedErrorName("org.freedesktop.DBus.Error.NameHasNoOwner"), Some("Could not activate remote peer 'org.a11y.atspi.Registry': unit failed"), Msg { type: Error, serial: 4294967295, sender: UniqueName("org.freedesktop.DBus"), reply-serial: 9, body: Str, fds: [] })
[2m2026-10-02T05:18:45.878450Z[0m [33m WARN[0m [2mplatform_linux::overlay[0m[2m:[0m X11 overlay: root reads cannot see this window's own pixels; save-unders will be served without readback confirmation
{"action_ms": 141.12, "candidate": "type-verification-value", "candidate_build_ms": 0.1, "confidence": 1.0, "decision_ms": 40.16, "decision_route": "provider", "delivery_mode": null, "dry_run": false, "event": "step", "probabilities": {"abstain": 0.0, "reobserve": 0.0, "type-verification-value": 1.0}, "provider_decision_ms": 0.01, "semantic_observe_ms": 40.0, "step": 1, "tool": "browser_type", "total_step_ms": 181.3, "visual": {"reason": "page_structure_candidate", "status": "skipped"}, "visual_observe_ms": 0.0}
{"action_refused": "browser_ref_stale", "candidate": "submit-form", "event": "step", "phase": "refused", "step": 2, "tool": "browser_click", "visual": {"reason": "page_structure_candidate", "status": "skipped"}}
{"action_ms": 30.74, "candidate": "submit-form", "candidate_build_ms": 0.03, "confidence": 1.0, "decision_ms": 7.33, "decision_route": "provider", "delivery_mode": null, "dry_run": false, "event": "step", "probabilities": {"abstain": 0.0, "reobserve": 0.0, "submit-form": 1.0}, "provider_decision_ms": 0.0, "semantic_observe_ms": 7.27, "step": 3, "tool": "browser_click", "total_step_ms": 38.09, "visual": {"reason": "page_structure_candidate", "status": "skipped"}, "visual_observe_ms": 0.0}
{"event": "outcome", "outcome": "verified"}
{"event": "cell", "id": "c2-N4a_ord-F-fixed-rep7", "outcome": "verified", "verified": true, "first": null, "code": "browser_ref_stale", "dup": 0}
[2m2026-10-02T05:18:47.860734Z[0m [33m WARN[0m [2mcua_driver_sdk::runtime[0m[2m:[0m could not activate the persistent AT-SPI listener: AT-SPI connect failed: ZBus Error: MethodError(OwnedErrorName("org.freedesktop.DBus.Error.NameHasNoOwner"), Some("Could not activate remote peer 'org.a11y.atspi.Registry': unit failed"), Msg { type: Error, serial: 4294967295, sender: UniqueName("org.freedesktop.DBus"), reply-serial: 9, body: Str, fds: [] })
[2m2026-10-02T05:18:47.879619Z[0m [33m WARN[0m [2mplatform_linux::overlay[0m[2m:[0m X11 overlay: root reads cannot see this window's own pixels; save-unders will be served without readback confirmation
{"action_ms": 148.06, "candidate": "type-verification-value", "candidate_build_ms": 0.09, "confidence": 1.0, "decision_ms": 59.04, "decision_route": "provider", "delivery_mode": null, "dry_run": false, "event": "step", "probabilities": {"abstain": 0.0, "reobserve": 0.0, "type-verification-value": 1.0}, "provider_decision_ms": 0.01, "semantic_observe_ms": 58.89, "step": 1, "tool": "browser_type", "total_step_ms": 207.11, "visual": {"reason": "page_structure_candidate", "status": "skipped"}, "visual_observe_ms": 0.0}
{"action_refused": "browser_ref_stale", "candidate": "submit-form", "event": "step", "phase": "refused", "step": 2, "tool": "browser_click", "visual": {"reason": "page_structure_candidate", "status": "skipped"}}
{"action_ms": 30.72, "candidate": "submit-form", "candidate_build_ms": 0.05, "confidence": 1.0, "decision_ms": 9.78, "decision_route": "provider", "delivery_mode": null, "dry_run": false, "event": "step", "probabilities": {"abstain": 0.0, "reobserve": 0.0, "submit-form": 1.0}, "provider_decision_ms": 0.0, "semantic_observe_ms": 9.69, "step": 3, "tool": "browser_click", "total_step_ms": 40.52, "visual": {"reason": "page_structure_candidate", "status": "skipped"}, "visual_observe_ms": 0.0}
{"event": "outcome", "outcome": "verified"}
{"event": "cell", "id": "c2-N4a_ord-F-fixed-rep8", "outcome": "verified", "verified": true, "first": null, "code": "browser_ref_stale", "dup": 0}
[2m2026-10-02T05:18:50.071897Z[0m [33m WARN[0m [2mcua_driver_sdk::runtime[0m[2m:[0m could not activate the persistent AT-SPI listener: AT-SPI connect failed: ZBus Error: MethodError(OwnedErrorName("org.freedesktop.DBus.Error.NameHasNoOwner"), Some("Could not activate remote peer 'org.a11y.atspi.Registry': unit failed"), Msg { type: Error, serial: 4294967295, sender: UniqueName("org.freedesktop.DBus"), reply-serial: 9, body: Str, fds: [] })
[2m2026-10-02T05:18:50.085732Z[0m [33m WARN[0m [2mplatform_linux::overlay[0m[2m:[0m X11 overlay: root reads cannot see this window's own pixels; save-unders will be served without readback confirmation
{"action_ms": 141.56, "candidate": "type-verification-value", "candidate_build_ms": 0.04, "confidence": 1.0, "decision_ms": 43.88, "decision_route": "provider", "delivery_mode": null, "dry_run": false, "event": "step", "probabilities": {"abstain": 0.0, "reobserve": 0.0, "type-verification-value": 1.0}, "provider_decision_ms": 0.01, "semantic_observe_ms": 43.81, "step": 1, "tool": "browser_type", "total_step_ms": 185.45, "visual": {"reason": "page_structure_candidate", "status": "skipped"}, "visual_observe_ms": 0.0}
{"action_refused": "browser_ref_stale", "candidate": "submit-form", "event": "step", "phase": "refused", "step": 2, "tool": "browser_click", "visual": {"reason": "page_structure_candidate", "status": "skipped"}}
{"action_ms": 27.35, "candidate": "submit-form", "candidate_build_ms": 0.03, "confidence": 1.0, "decision_ms": 7.95, "decision_route": "provider", "delivery_mode": null, "dry_run": false, "event": "step", "probabilities": {"abstain": 0.0, "reobserve": 0.0, "submit-form": 1.0}, "provider_decision_ms": 0.0, "semantic_observe_ms": 7.88, "step": 3, "tool": "browser_click", "total_step_ms": 35.32, "visual": {"reason": "page_structure_candidate", "status": "skipped"}, "visual_observe_ms": 0.0}
{"event": "outcome", "outcome": "verified"}
{"event": "cell", "id": "c2-N4a_ord-F-fixed-rep9", "outcome": "verified", "verified": true, "first": null, "code": "browser_ref_stale", "dup": 0}
[2m2026-10-02T05:18:52.124533Z[0m [33m WARN[0m [2mcua_driver_sdk::runtime[0m[2m:[0m could not activate the persistent AT-SPI listener: AT-SPI connect failed: ZBus Error: MethodError(OwnedErrorName("org.freedesktop.DBus.Error.NameHasNoOwner"), Some("Could not activate remote peer 'org.a11y.atspi.Registry': unit failed"), Msg { type: Error, serial: 4294967295, sender: UniqueName("org.freedesktop.DBus"), reply-serial: 9, body: Str, fds: [] })
[2m2026-10-02T05:18:52.139180Z[0m [33m WARN[0m [2mplatform_linux::overlay[0m[2m:[0m X11 overlay: root reads cannot see this window's own pixels; save-unders will be served without readback confirmation
{"action_ms": 133.61, "candidate": "type-verification-value", "candidate_build_ms": 0.06, "confidence": 1.0, "decision_ms": 28.07, "decision_route": "provider", "delivery_mode": null, "dry_run": false, "event": "step", "probabilities": {"abstain": 0.0, "reobserve": 0.0, "type-verification-value": 1.0}, "provider_decision_ms": 0.01, "semantic_observe_ms": 27.97, "step": 1, "tool": "browser_type", "total_step_ms": 161.69, "visual": {"reason": "page_structure_candidate", "status": "skipped"}, "visual_observe_ms": 0.0}
{"action_refused": "browser_ref_stale", "candidate": "submit-form", "event": "step", "phase": "refused", "step": 2, "tool": "browser_click", "visual": {"reason": "page_structure_candidate", "status": "skipped"}}
{"action_ms": 40.37, "candidate": "submit-form", "candidate_build_ms": 0.05, "confidence": 1.0, "decision_ms": 34.79, "decision_route": "provider", "delivery_mode": null, "dry_run": false, "event": "step", "probabilities": {"abstain": 0.0, "reobserve": 0.0, "submit-form": 1.0}, "provider_decision_ms": 0.01, "semantic_observe_ms": 34.68, "step": 3, "tool": "browser_click", "total_step_ms": 75.18, "visual": {"reason": "page_structure_candidate", "status": "skipped"}, "visual_observe_ms": 0.0}
{"event": "outcome", "outcome": "verified"}
{"event": "cell", "id": "c2-N4a_ord-F-fixed-rep10", "outcome": "verified", "verified": true, "first": null, "code": "browser_ref_stale", "dup": 0}
