[fix01] outer_hostless=1 display=:99 xdg_runtime_private=yes
[fix01] DISPLAY=:99 loadavg=19.83 16.85 12.71 phase_args=--phase c5 --driver cua-driver-fix01-8cfa8c1db --driver-label F --runner fixed --reps 10 --out c5-Ffixed-b1 
{"event": "validity", "ok": true, "display": ":99"}
Cua Driver sends content-free product telemetry by default. Run `cua-driver telemetry disable` to stop it; `cua-driver telemetry status` shows the current setting.
[2m2026-10-02T05:19:01.523776Z[0m [33m WARN[0m [2mcua_driver_sdk::runtime[0m[2m:[0m could not activate the persistent AT-SPI listener: AT-SPI connect failed: ZBus Error: MethodError(OwnedErrorName("org.freedesktop.DBus.Error.NameHasNoOwner"), Some("Could not activate remote peer 'org.a11y.atspi.Registry': unit failed"), Msg { type: Error, serial: 4294967295, sender: UniqueName("org.freedesktop.DBus"), reply-serial: 10, body: Str, fds: [] })
[2m2026-10-02T05:19:01.540010Z[0m [33m WARN[0m [2mplatform_linux::overlay[0m[2m:[0m X11 overlay: root reads cannot see this window's own pixels; save-unders will be served without readback confirmation
{"action_ms": 171.33, "candidate": "type-verification-value", "candidate_build_ms": 0.07, "confidence": 1.0, "decision_ms": 69.95, "decision_route": "provider", "delivery_mode": null, "dry_run": false, "event": "step", "probabilities": {"abstain": 0.0, "reobserve": 0.0, "type-verification-value": 1.0}, "provider_decision_ms": 0.01, "semantic_observe_ms": 69.83, "step": 1, "tool": "browser_type", "total_step_ms": 241.3, "visual": {"reason": "page_structure_candidate", "status": "skipped"}, "visual_observe_ms": 0.0}
{"action_refused": "browser_ref_stale", "candidate": "submit-form", "event": "step", "phase": "refused", "step": 2, "tool": "browser_click", "visual": {"reason": "page_structure_candidate", "status": "skipped"}}
{"action_ms": 41.45, "candidate": "submit-form", "candidate_build_ms": 0.07, "confidence": 1.0, "decision_ms": 10.11, "decision_route": "provider", "delivery_mode": null, "dry_run": false, "event": "step", "probabilities": {"abstain": 0.0, "reobserve": 0.0, "submit-form": 1.0}, "provider_decision_ms": 0.01, "semantic_observe_ms": 9.99, "step": 3, "tool": "browser_click", "total_step_ms": 51.57, "visual": {"reason": "page_structure_candidate", "status": "skipped"}, "visual_observe_ms": 0.0}
{"event": "outcome", "outcome": "verified"}
{"event": "cell", "id": "c5-N4b_ord-F-fixed-rep1", "outcome": "verified", "verified": true, "first": null, "code": "browser_ref_stale", "dup": 0}
[2m2026-10-02T05:19:03.998536Z[0m [33m WARN[0m [2mcua_driver_sdk::runtime[0m[2m:[0m could not activate the persistent AT-SPI listener: AT-SPI connect failed: ZBus Error: MethodError(OwnedErrorName("org.freedesktop.DBus.Error.NameHasNoOwner"), Some("Could not activate remote peer 'org.a11y.atspi.Registry': unit failed"), Msg { type: Error, serial: 4294967295, sender: UniqueName("org.freedesktop.DBus"), reply-serial: 9, body: Str, fds: [] })
[2m2026-10-02T05:19:04.010259Z[0m [33m WARN[0m [2mplatform_linux::overlay[0m[2m:[0m X11 overlay: root reads cannot see this window's own pixels; save-unders will be served without readback confirmation
{"action_ms": 130.74, "candidate": "type-verification-value", "candidate_build_ms": 0.06, "confidence": 1.0, "decision_ms": 27.91, "decision_route": "provider", "delivery_mode": null, "dry_run": false, "event": "step", "probabilities": {"abstain": 0.0, "reobserve": 0.0, "type-verification-value": 1.0}, "provider_decision_ms": 0.0, "semantic_observe_ms": 27.83, "step": 1, "tool": "browser_type", "total_step_ms": 158.67, "visual": {"reason": "page_structure_candidate", "status": "skipped"}, "visual_observe_ms": 0.0}
{"action_refused": "browser_ref_stale", "candidate": "submit-form", "event": "step", "phase": "refused", "step": 2, "tool": "browser_click", "visual": {"reason": "page_structure_candidate", "status": "skipped"}}
{"action_ms": 26.97, "candidate": "submit-form", "candidate_build_ms": 0.03, "confidence": 1.0, "decision_ms": 6.46, "decision_route": "provider", "delivery_mode": null, "dry_run": false, "event": "step", "probabilities": {"abstain": 0.0, "reobserve": 0.0, "submit-form": 1.0}, "provider_decision_ms": 0.0, "semantic_observe_ms": 6.4, "step": 3, "tool": "browser_click", "total_step_ms": 33.44, "visual": {"reason": "page_structure_candidate", "status": "skipped"}, "visual_observe_ms": 0.0}
{"event": "outcome", "outcome": "verified"}
{"event": "cell", "id": "c5-N4b_ord-F-fixed-rep2", "outcome": "verified", "verified": true, "first": null, "code": "browser_ref_stale", "dup": 0}
[2m2026-10-02T05:19:05.862767Z[0m [33m WARN[0m [2mcua_driver_sdk::runtime[0m[2m:[0m could not activate the persistent AT-SPI listener: AT-SPI connect failed: ZBus Error: MethodError(OwnedErrorName("org.freedesktop.DBus.Error.NameHasNoOwner"), Some("Could not activate remote peer 'org.a11y.atspi.Registry': unit failed"), Msg { type: Error, serial: 4294967295, sender: UniqueName("org.freedesktop.DBus"), reply-serial: 9, body: Str, fds: [] })
[2m2026-10-02T05:19:05.872614Z[0m [33m WARN[0m [2mplatform_linux::overlay[0m[2m:[0m X11 overlay: root reads cannot see this window's own pixels; save-unders will be served without readback confirmation
{"action_ms": 133.64, "candidate": "type-verification-value", "candidate_build_ms": 0.07, "confidence": 1.0, "decision_ms": 28.61, "decision_route": "provider", "delivery_mode": null, "dry_run": false, "event": "step", "probabilities": {"abstain": 0.0, "reobserve": 0.0, "type-verification-value": 1.0}, "provider_decision_ms": 0.01, "semantic_observe_ms": 28.49, "step": 1, "tool": "browser_type", "total_step_ms": 162.26, "visual": {"reason": "page_structure_candidate", "status": "skipped"}, "visual_observe_ms": 0.0}
{"action_refused": "browser_ref_stale", "candidate": "submit-form", "event": "step", "phase": "refused", "step": 2, "tool": "browser_click", "visual": {"reason": "page_structure_candidate", "status": "skipped"}}
{"action_ms": 27.79, "candidate": "submit-form", "candidate_build_ms": 0.04, "confidence": 1.0, "decision_ms": 6.22, "decision_route": "provider", "delivery_mode": null, "dry_run": false, "event": "step", "probabilities": {"abstain": 0.0, "reobserve": 0.0, "submit-form": 1.0}, "provider_decision_ms": 0.01, "semantic_observe_ms": 6.13, "step": 3, "tool": "browser_click", "total_step_ms": 34.03, "visual": {"reason": "page_structure_candidate", "status": "skipped"}, "visual_observe_ms": 0.0}
{"event": "outcome", "outcome": "verified"}
{"event": "cell", "id": "c5-N4b_ord-F-fixed-rep3", "outcome": "verified", "verified": true, "first": null, "code": "browser_ref_stale", "dup": 0}
[2m2026-10-02T05:19:07.671850Z[0m [33m WARN[0m [2mcua_driver_sdk::runtime[0m[2m:[0m could not activate the persistent AT-SPI listener: AT-SPI connect failed: ZBus Error: MethodError(OwnedErrorName("org.freedesktop.DBus.Error.NameHasNoOwner"), Some("Could not activate remote peer 'org.a11y.atspi.Registry': unit failed"), Msg { type: Error, serial: 4294967295, sender: UniqueName("org.freedesktop.DBus"), reply-serial: 9, body: Str, fds: [] })
[2m2026-10-02T05:19:07.682081Z[0m [33m WARN[0m [2mplatform_linux::overlay[0m[2m:[0m X11 overlay: root reads cannot see this window's own pixels; save-unders will be served without readback confirmation
{"action_ms": 146.87, "candidate": "type-verification-value", "candidate_build_ms": 0.04, "confidence": 1.0, "decision_ms": 40.23, "decision_route": "provider", "delivery_mode": null, "dry_run": false, "event": "step", "probabilities": {"abstain": 0.0, "reobserve": 0.0, "type-verification-value": 1.0}, "provider_decision_ms": 0.0, "semantic_observe_ms": 40.16, "step": 1, "tool": "browser_type", "total_step_ms": 187.1, "visual": {"reason": "page_structure_candidate", "status": "skipped"}, "visual_observe_ms": 0.0}
{"action_refused": "browser_ref_stale", "candidate": "submit-form", "event": "step", "phase": "refused", "step": 2, "tool": "browser_click", "visual": {"reason": "page_structure_candidate", "status": "skipped"}}
{"action_ms": 27.55, "candidate": "submit-form", "candidate_build_ms": 0.03, "confidence": 1.0, "decision_ms": 7.69, "decision_route": "provider", "delivery_mode": null, "dry_run": false, "event": "step", "probabilities": {"abstain": 0.0, "reobserve": 0.0, "submit-form": 1.0}, "provider_decision_ms": 0.0, "semantic_observe_ms": 7.62, "step": 3, "tool": "browser_click", "total_step_ms": 35.24, "visual": {"reason": "page_structure_candidate", "status": "skipped"}, "visual_observe_ms": 0.0}
{"event": "outcome", "outcome": "verified"}
{"event": "cell", "id": "c5-N4b_ord-F-fixed-rep4", "outcome": "verified", "verified": true, "first": null, "code": "browser_ref_stale", "dup": 0}
[2m2026-10-02T05:19:09.629956Z[0m [33m WARN[0m [2mcua_driver_sdk::runtime[0m[2m:[0m could not activate the persistent AT-SPI listener: AT-SPI connect failed: ZBus Error: MethodError(OwnedErrorName("org.freedesktop.DBus.Error.NameHasNoOwner"), Some("Could not activate remote peer 'org.a11y.atspi.Registry': unit failed"), Msg { type: Error, serial: 4294967295, sender: UniqueName("org.freedesktop.DBus"), reply-serial: 9, body: Str, fds: [] })
[2m2026-10-02T05:19:09.652029Z[0m [33m WARN[0m [2mplatform_linux::overlay[0m[2m:[0m X11 overlay: root reads cannot see this window's own pixels; save-unders will be served without readback confirmation
{"action_ms": 150.28, "candidate": "type-verification-value", "candidate_build_ms": 0.04, "confidence": 1.0, "decision_ms": 34.44, "decision_route": "provider", "delivery_mode": null, "dry_run": false, "event": "step", "probabilities": {"abstain": 0.0, "reobserve": 0.0, "type-verification-value": 1.0}, "provider_decision_ms": 0.0, "semantic_observe_ms": 34.37, "step": 1, "tool": "browser_type", "total_step_ms": 184.72, "visual": {"reason": "page_structure_candidate", "status": "skipped"}, "visual_observe_ms": 0.0}
{"action_refused": "browser_ref_stale", "candidate": "submit-form", "event": "step", "phase": "refused", "step": 2, "tool": "browser_click", "visual": {"reason": "page_structure_candidate", "status": "skipped"}}
{"action_ms": 33.13, "candidate": "submit-form", "candidate_build_ms": 0.04, "confidence": 1.0, "decision_ms": 6.58, "decision_route": "provider", "delivery_mode": null, "dry_run": false, "event": "step", "probabilities": {"abstain": 0.0, "reobserve": 0.0, "submit-form": 1.0}, "provider_decision_ms": 0.0, "semantic_observe_ms": 6.51, "step": 3, "tool": "browser_click", "total_step_ms": 39.73, "visual": {"reason": "page_structure_candidate", "status": "skipped"}, "visual_observe_ms": 0.0}
{"event": "outcome", "outcome": "verified"}
{"event": "cell", "id": "c5-N4b_ord-F-fixed-rep5", "outcome": "verified", "verified": true, "first": null, "code": "browser_ref_stale", "dup": 0}
[2m2026-10-02T05:19:11.771313Z[0m [33m WARN[0m [2mcua_driver_sdk::runtime[0m[2m:[0m could not activate the persistent AT-SPI listener: AT-SPI connect failed: ZBus Error: MethodError(OwnedErrorName("org.freedesktop.DBus.Error.NameHasNoOwner"), Some("Could not activate remote peer 'org.a11y.atspi.Registry': unit failed"), Msg { type: Error, serial: 4294967295, sender: UniqueName("org.freedesktop.DBus"), reply-serial: 9, body: Str, fds: [] })
[2m2026-10-02T05:19:11.792991Z[0m [33m WARN[0m [2mplatform_linux::overlay[0m[2m:[0m X11 overlay: root reads cannot see this window's own pixels; save-unders will be served without readback confirmation
{"action_ms": 134.76, "candidate": "type-verification-value", "candidate_build_ms": 0.1, "confidence": 1.0, "decision_ms": 44.34, "decision_route": "provider", "delivery_mode": null, "dry_run": false, "event": "step", "probabilities": {"abstain": 0.0, "reobserve": 0.0, "type-verification-value": 1.0}, "provider_decision_ms": 0.01, "semantic_observe_ms": 44.19, "step": 1, "tool": "browser_type", "total_step_ms": 179.12, "visual": {"reason": "page_structure_candidate", "status": "skipped"}, "visual_observe_ms": 0.0}
{"action_refused": "browser_ref_stale", "candidate": "submit-form", "event": "step", "phase": "refused", "step": 2, "tool": "browser_click", "visual": {"reason": "page_structure_candidate", "status": "skipped"}}
{"action_ms": 36.71, "candidate": "submit-form", "candidate_build_ms": 0.06, "confidence": 1.0, "decision_ms": 7.29, "decision_route": "provider", "delivery_mode": null, "dry_run": false, "event": "step", "probabilities": {"abstain": 0.0, "reobserve": 0.0, "submit-form": 1.0}, "provider_decision_ms": 0.01, "semantic_observe_ms": 7.17, "step": 3, "tool": "browser_click", "total_step_ms": 44.01, "visual": {"reason": "page_structure_candidate", "status": "skipped"}, "visual_observe_ms": 0.0}
{"event": "outcome", "outcome": "verified"}
{"event": "cell", "id": "c5-N4b_ord-F-fixed-rep6", "outcome": "verified", "verified": true, "first": null, "code": "browser_ref_stale", "dup": 0}
[2m2026-10-02T05:19:14.760133Z[0m [33m WARN[0m [2mcua_driver_sdk::runtime[0m[2m:[0m could not activate the persistent AT-SPI listener: AT-SPI connect failed: ZBus Error: MethodError(OwnedErrorName("org.freedesktop.DBus.Error.NameHasNoOwner"), Some("Could not activate remote peer 'org.a11y.atspi.Registry': unit failed"), Msg { type: Error, serial: 4294967295, sender: UniqueName("org.freedesktop.DBus"), reply-serial: 9, body: Str, fds: [] })
[2m2026-10-02T05:19:14.782170Z[0m [33m WARN[0m [2mplatform_linux::overlay[0m[2m:[0m X11 overlay: root reads cannot see this window's own pixels; save-unders will be served without readback confirmation
{"action_ms": 143.89, "candidate": "type-verification-value", "candidate_build_ms": 0.05, "confidence": 1.0, "decision_ms": 44.66, "decision_route": "provider", "delivery_mode": null, "dry_run": false, "event": "step", "probabilities": {"abstain": 0.0, "reobserve": 0.0, "type-verification-value": 1.0}, "provider_decision_ms": 0.01, "semantic_observe_ms": 44.58, "step": 1, "tool": "browser_type", "total_step_ms": 188.57, "visual": {"reason": "page_structure_candidate", "status": "skipped"}, "visual_observe_ms": 0.0}
{"action_refused": "browser_ref_stale", "candidate": "submit-form", "event": "step", "phase": "refused", "step": 2, "tool": "browser_click", "visual": {"reason": "page_structure_candidate", "status": "skipped"}}
{"action_ms": 28.35, "candidate": "submit-form", "candidate_build_ms": 0.03, "confidence": 1.0, "decision_ms": 8.29, "decision_route": "provider", "delivery_mode": null, "dry_run": false, "event": "step", "probabilities": {"abstain": 0.0, "reobserve": 0.0, "submit-form": 1.0}, "provider_decision_ms": 0.0, "semantic_observe_ms": 8.23, "step": 3, "tool": "browser_click", "total_step_ms": 36.65, "visual": {"reason": "page_structure_candidate", "status": "skipped"}, "visual_observe_ms": 0.0}
{"event": "outcome", "outcome": "verified"}
{"event": "cell", "id": "c5-N4b_ord-F-fixed-rep7", "outcome": "verified", "verified": true, "first": null, "code": "browser_ref_stale", "dup": 0}
[2m2026-10-02T05:19:17.148575Z[0m [33m WARN[0m [2mcua_driver_sdk::runtime[0m[2m:[0m could not activate the persistent AT-SPI listener: AT-SPI connect failed: ZBus Error: MethodError(OwnedErrorName("org.freedesktop.DBus.Error.NameHasNoOwner"), Some("Could not activate remote peer 'org.a11y.atspi.Registry': unit failed"), Msg { type: Error, serial: 4294967295, sender: UniqueName("org.freedesktop.DBus"), reply-serial: 9, body: Str, fds: [] })
[2m2026-10-02T05:19:17.165295Z[0m [33m WARN[0m [2mplatform_linux::overlay[0m[2m:[0m X11 overlay: root reads cannot see this window's own pixels; save-unders will be served without readback confirmation
{"action_ms": 162.76, "candidate": "type-verification-value", "candidate_build_ms": 0.13, "confidence": 1.0, "decision_ms": 64.26, "decision_route": "provider", "delivery_mode": null, "dry_run": false, "event": "step", "probabilities": {"abstain": 0.0, "reobserve": 0.0, "type-verification-value": 1.0}, "provider_decision_ms": 0.01, "semantic_observe_ms": 64.06, "step": 1, "tool": "browser_type", "total_step_ms": 227.04, "visual": {"reason": "page_structure_candidate", "status": "skipped"}, "visual_observe_ms": 0.0}
{"action_refused": "browser_ref_stale", "candidate": "submit-form", "event": "step", "phase": "refused", "step": 2, "tool": "browser_click", "visual": {"reason": "page_structure_candidate", "status": "skipped"}}
{"action_ms": 59.29, "candidate": "submit-form", "candidate_build_ms": 0.12, "confidence": 1.0, "decision_ms": 17.07, "decision_route": "provider", "delivery_mode": null, "dry_run": false, "event": "step", "probabilities": {"abstain": 0.0, "reobserve": 0.0, "submit-form": 1.0}, "provider_decision_ms": 0.01, "semantic_observe_ms": 16.83, "step": 3, "tool": "browser_click", "total_step_ms": 76.38, "visual": {"reason": "page_structure_candidate", "status": "skipped"}, "visual_observe_ms": 0.0}
{"event": "outcome", "outcome": "verified"}
{"event": "cell", "id": "c5-N4b_ord-F-fixed-rep8", "outcome": "verified", "verified": true, "first": null, "code": "browser_ref_stale", "dup": 0}
[2m2026-10-02T05:19:19.730347Z[0m [33m WARN[0m [2mcua_driver_sdk::runtime[0m[2m:[0m could not activate the persistent AT-SPI listener: AT-SPI connect failed: ZBus Error: MethodError(OwnedErrorName("org.freedesktop.DBus.Error.NameHasNoOwner"), Some("Could not activate remote peer 'org.a11y.atspi.Registry': unit failed"), Msg { type: Error, serial: 4294967295, sender: UniqueName("org.freedesktop.DBus"), reply-serial: 9, body: Str, fds: [] })
[2m2026-10-02T05:19:19.752764Z[0m [33m WARN[0m [2mplatform_linux::overlay[0m[2m:[0m X11 overlay: root reads cannot see this window's own pixels; save-unders will be served without readback confirmation
{"action_ms": 136.94, "candidate": "type-verification-value", "candidate_build_ms": 0.07, "confidence": 1.0, "decision_ms": 40.0, "decision_route": "provider", "delivery_mode": null, "dry_run": false, "event": "step", "probabilities": {"abstain": 0.0, "reobserve": 0.0, "type-verification-value": 1.0}, "provider_decision_ms": 0.01, "semantic_observe_ms": 39.9, "step": 1, "tool": "browser_type", "total_step_ms": 176.95, "visual": {"reason": "page_structure_candidate", "status": "skipped"}, "visual_observe_ms": 0.0}
{"action_refused": "browser_ref_stale", "candidate": "submit-form", "event": "step", "phase": "refused", "step": 2, "tool": "browser_click", "visual": {"reason": "page_structure_candidate", "status": "skipped"}}
{"action_ms": 23.78, "candidate": "submit-form", "candidate_build_ms": 0.03, "confidence": 1.0, "decision_ms": 5.22, "decision_route": "provider", "delivery_mode": null, "dry_run": false, "event": "step", "probabilities": {"abstain": 0.0, "reobserve": 0.0, "submit-form": 1.0}, "provider_decision_ms": 0.0, "semantic_observe_ms": 5.16, "step": 3, "tool": "browser_click", "total_step_ms": 29.01, "visual": {"reason": "page_structure_candidate", "status": "skipped"}, "visual_observe_ms": 0.0}
{"event": "outcome", "outcome": "verified"}
{"event": "cell", "id": "c5-N4b_ord-F-fixed-rep9", "outcome": "verified", "verified": true, "first": null, "code": "browser_ref_stale", "dup": 0}
[2m2026-10-02T05:19:22.239928Z[0m [33m WARN[0m [2mcua_driver_sdk::runtime[0m[2m:[0m could not activate the persistent AT-SPI listener: AT-SPI connect failed: ZBus Error: MethodError(OwnedErrorName("org.freedesktop.DBus.Error.NameHasNoOwner"), Some("Could not activate remote peer 'org.a11y.atspi.Registry': unit failed"), Msg { type: Error, serial: 4294967295, sender: UniqueName("org.freedesktop.DBus"), reply-serial: 9, body: Str, fds: [] })
[2m2026-10-02T05:19:22.256002Z[0m [33m WARN[0m [2mplatform_linux::overlay[0m[2m:[0m X11 overlay: root reads cannot see this window's own pixels; save-unders will be served without readback confirmation
{"action_ms": 146.28, "candidate": "type-verification-value", "candidate_build_ms": 0.06, "confidence": 1.0, "decision_ms": 46.38, "decision_route": "provider", "delivery_mode": null, "dry_run": false, "event": "step", "probabilities": {"abstain": 0.0, "reobserve": 0.0, "type-verification-value": 1.0}, "provider_decision_ms": 0.01, "semantic_observe_ms": 46.28, "step": 1, "tool": "browser_type", "total_step_ms": 192.68, "visual": {"reason": "page_structure_candidate", "status": "skipped"}, "visual_observe_ms": 0.0}
{"action_refused": "browser_ref_stale", "candidate": "submit-form", "event": "step", "phase": "refused", "step": 2, "tool": "browser_click", "visual": {"reason": "page_structure_candidate", "status": "skipped"}}
{"action_ms": 42.24, "candidate": "submit-form", "candidate_build_ms": 0.04, "confidence": 1.0, "decision_ms": 7.85, "decision_route": "provider", "delivery_mode": null, "dry_run": false, "event": "step", "probabilities": {"abstain": 0.0, "reobserve": 0.0, "submit-form": 1.0}, "provider_decision_ms": 0.01, "semantic_observe_ms": 7.76, "step": 3, "tool": "browser_click", "total_step_ms": 50.11, "visual": {"reason": "page_structure_candidate", "status": "skipped"}, "visual_observe_ms": 0.0}
{"event": "outcome", "outcome": "verified"}
{"event": "cell", "id": "c5-N4b_ord-F-fixed-rep10", "outcome": "verified", "verified": true, "first": null, "code": "browser_ref_stale", "dup": 0}
