[fix01] outer_hostless=1 display=:99 xdg_runtime_private=yes
[fix01] DISPLAY=:99 loadavg=8.97 12.74 11.97 phase_args=--phase c6fill --driver cua-driver-fix01-8cfa8c1db --driver-label F --reps 10 --start-rep 1 --out c6fill-F-b1 
{"event": "validity", "ok": true, "display": ":99"}
Cua Driver sends content-free product telemetry by default. Run `cua-driver telemetry disable` to stop it; `cua-driver telemetry status` shows the current setting.
[2m2026-10-02T05:22:28.873031Z[0m [33m WARN[0m [2mcua_driver_sdk::runtime[0m[2m:[0m could not activate the persistent AT-SPI listener: AT-SPI connect failed: ZBus Error: MethodError(OwnedErrorName("org.freedesktop.DBus.Error.NameHasNoOwner"), Some("Could not activate remote peer 'org.a11y.atspi.Registry': unit failed"), Msg { type: Error, serial: 4294967295, sender: UniqueName("org.freedesktop.DBus"), reply-serial: 10, body: Str, fds: [] })
[2m2026-10-02T05:22:28.888008Z[0m [33m WARN[0m [2mplatform_linux::overlay[0m[2m:[0m X11 overlay: root reads cannot see this window's own pixels; save-unders will be served without readback confirmation
{"action_ms": 154.9, "candidate": "type-verification-value", "candidate_build_ms": 0.09, "confidence": 1.0, "decision_ms": 52.06, "decision_route": "provider", "delivery_mode": null, "dry_run": false, "event": "step", "probabilities": {"abstain": 0.0, "reobserve": 0.0, "type-verification-value": 1.0}, "provider_decision_ms": 0.01, "semantic_observe_ms": 51.91, "step": 1, "tool": "browser_type", "total_step_ms": 206.98, "visual": {"reason": "page_structure_candidate", "status": "skipped"}, "visual_observe_ms": 0.0}
{"action_ms": 31.87, "candidate": "submit-form", "candidate_build_ms": 0.08, "confidence": 1.0, "decision_ms": 10.05, "decision_route": "provider", "delivery_mode": null, "dry_run": false, "event": "step", "probabilities": {"abstain": 0.0, "reobserve": 0.0, "submit-form": 1.0}, "provider_decision_ms": 0.02, "semantic_observe_ms": 9.88, "step": 2, "tool": "browser_click", "total_step_ms": 41.94, "visual": {"reason": "page_structure_candidate", "status": "skipped"}, "visual_observe_ms": 0.0}
{"event": "outcome", "outcome": "verified"}
{"event": "cell", "id": "c6fill-fill-F-fixed-rep1", "outcome": "verified", "verified": true, "first": null, "code": null, "dup": 0}
[2m2026-10-02T05:22:30.855465Z[0m [33m WARN[0m [2mcua_driver_sdk::runtime[0m[2m:[0m could not activate the persistent AT-SPI listener: AT-SPI connect failed: ZBus Error: MethodError(OwnedErrorName("org.freedesktop.DBus.Error.NameHasNoOwner"), Some("Could not activate remote peer 'org.a11y.atspi.Registry': unit failed"), Msg { type: Error, serial: 4294967295, sender: UniqueName("org.freedesktop.DBus"), reply-serial: 9, body: Str, fds: [] })
[2m2026-10-02T05:22:30.865897Z[0m [33m WARN[0m [2mplatform_linux::overlay[0m[2m:[0m X11 overlay: root reads cannot see this window's own pixels; save-unders will be served without readback confirmation
{"action_ms": 145.77, "candidate": "type-verification-value", "candidate_build_ms": 0.06, "confidence": 1.0, "decision_ms": 36.93, "decision_route": "provider", "delivery_mode": null, "dry_run": false, "event": "step", "probabilities": {"abstain": 0.0, "reobserve": 0.0, "type-verification-value": 1.0}, "provider_decision_ms": 0.01, "semantic_observe_ms": 36.83, "step": 1, "tool": "browser_type", "total_step_ms": 182.71, "visual": {"reason": "page_structure_candidate", "status": "skipped"}, "visual_observe_ms": 0.0}
{"action_ms": 45.37, "candidate": "submit-form", "candidate_build_ms": 0.07, "confidence": 1.0, "decision_ms": 13.0, "decision_route": "provider", "delivery_mode": null, "dry_run": false, "event": "step", "probabilities": {"abstain": 0.0, "reobserve": 0.0, "submit-form": 1.0}, "provider_decision_ms": 0.01, "semantic_observe_ms": 12.87, "step": 2, "tool": "browser_click", "total_step_ms": 58.39, "visual": {"reason": "page_structure_candidate", "status": "skipped"}, "visual_observe_ms": 0.0}
{"event": "outcome", "outcome": "verified"}
{"event": "cell", "id": "c6fill-fill-F-fixed-rep2", "outcome": "verified", "verified": true, "first": null, "code": null, "dup": 0}
[2m2026-10-02T05:22:32.864548Z[0m [33m WARN[0m [2mcua_driver_sdk::runtime[0m[2m:[0m could not activate the persistent AT-SPI listener: AT-SPI connect failed: ZBus Error: MethodError(OwnedErrorName("org.freedesktop.DBus.Error.NameHasNoOwner"), Some("Could not activate remote peer 'org.a11y.atspi.Registry': unit failed"), Msg { type: Error, serial: 4294967295, sender: UniqueName("org.freedesktop.DBus"), reply-serial: 9, body: Str, fds: [] })
[2m2026-10-02T05:22:32.886838Z[0m [33m WARN[0m [2mplatform_linux::overlay[0m[2m:[0m X11 overlay: root reads cannot see this window's own pixels; save-unders will be served without readback confirmation
{"action_ms": 140.07, "candidate": "type-verification-value", "candidate_build_ms": 0.04, "confidence": 1.0, "decision_ms": 36.38, "decision_route": "provider", "delivery_mode": null, "dry_run": false, "event": "step", "probabilities": {"abstain": 0.0, "reobserve": 0.0, "type-verification-value": 1.0}, "provider_decision_ms": 0.0, "semantic_observe_ms": 36.31, "step": 1, "tool": "browser_type", "total_step_ms": 176.46, "visual": {"reason": "page_structure_candidate", "status": "skipped"}, "visual_observe_ms": 0.0}
{"action_ms": 32.46, "candidate": "submit-form", "candidate_build_ms": 0.03, "confidence": 1.0, "decision_ms": 8.01, "decision_route": "provider", "delivery_mode": null, "dry_run": false, "event": "step", "probabilities": {"abstain": 0.0, "reobserve": 0.0, "submit-form": 1.0}, "provider_decision_ms": 0.0, "semantic_observe_ms": 7.93, "step": 2, "tool": "browser_click", "total_step_ms": 40.48, "visual": {"reason": "page_structure_candidate", "status": "skipped"}, "visual_observe_ms": 0.0}
{"event": "outcome", "outcome": "verified"}
{"event": "cell", "id": "c6fill-fill-F-fixed-rep3", "outcome": "verified", "verified": true, "first": null, "code": null, "dup": 0}
[2m2026-10-02T05:22:34.818778Z[0m [33m WARN[0m [2mcua_driver_sdk::runtime[0m[2m:[0m could not activate the persistent AT-SPI listener: AT-SPI connect failed: ZBus Error: MethodError(OwnedErrorName("org.freedesktop.DBus.Error.NameHasNoOwner"), Some("Could not activate remote peer 'org.a11y.atspi.Registry': unit failed"), Msg { type: Error, serial: 4294967295, sender: UniqueName("org.freedesktop.DBus"), reply-serial: 9, body: Str, fds: [] })
[2m2026-10-02T05:22:34.849550Z[0m [33m WARN[0m [2mplatform_linux::overlay[0m[2m:[0m X11 overlay: root reads cannot see this window's own pixels; save-unders will be served without readback confirmation
{"action_ms": 148.05, "candidate": "type-verification-value", "candidate_build_ms": 0.07, "confidence": 1.0, "decision_ms": 34.37, "decision_route": "provider", "delivery_mode": null, "dry_run": false, "event": "step", "probabilities": {"abstain": 0.0, "reobserve": 0.0, "type-verification-value": 1.0}, "provider_decision_ms": 0.01, "semantic_observe_ms": 34.25, "step": 1, "tool": "browser_type", "total_step_ms": 182.43, "visual": {"reason": "page_structure_candidate", "status": "skipped"}, "visual_observe_ms": 0.0}
{"action_ms": 31.95, "candidate": "submit-form", "candidate_build_ms": 0.05, "confidence": 1.0, "decision_ms": 8.71, "decision_route": "provider", "delivery_mode": null, "dry_run": false, "event": "step", "probabilities": {"abstain": 0.0, "reobserve": 0.0, "submit-form": 1.0}, "provider_decision_ms": 0.01, "semantic_observe_ms": 8.62, "step": 2, "tool": "browser_click", "total_step_ms": 40.68, "visual": {"reason": "page_structure_candidate", "status": "skipped"}, "visual_observe_ms": 0.0}
{"event": "outcome", "outcome": "verified"}
{"event": "cell", "id": "c6fill-fill-F-fixed-rep4", "outcome": "verified", "verified": true, "first": null, "code": null, "dup": 0}
[2m2026-10-02T05:22:36.775835Z[0m [33m WARN[0m [2mcua_driver_sdk::runtime[0m[2m:[0m could not activate the persistent AT-SPI listener: AT-SPI connect failed: ZBus Error: MethodError(OwnedErrorName("org.freedesktop.DBus.Error.NameHasNoOwner"), Some("Could not activate remote peer 'org.a11y.atspi.Registry': unit failed"), Msg { type: Error, serial: 4294967295, sender: UniqueName("org.freedesktop.DBus"), reply-serial: 9, body: Str, fds: [] })
[2m2026-10-02T05:22:36.791321Z[0m [33m WARN[0m [2mplatform_linux::overlay[0m[2m:[0m X11 overlay: root reads cannot see this window's own pixels; save-unders will be served without readback confirmation
{"action_ms": 136.24, "candidate": "type-verification-value", "candidate_build_ms": 0.05, "confidence": 1.0, "decision_ms": 39.34, "decision_route": "provider", "delivery_mode": null, "dry_run": false, "event": "step", "probabilities": {"abstain": 0.0, "reobserve": 0.0, "type-verification-value": 1.0}, "provider_decision_ms": 0.01, "semantic_observe_ms": 39.26, "step": 1, "tool": "browser_type", "total_step_ms": 175.59, "visual": {"reason": "page_structure_candidate", "status": "skipped"}, "visual_observe_ms": 0.0}
{"action_ms": 47.03, "candidate": "submit-form", "candidate_build_ms": 0.05, "confidence": 1.0, "decision_ms": 9.55, "decision_route": "provider", "delivery_mode": null, "dry_run": false, "event": "step", "probabilities": {"abstain": 0.0, "reobserve": 0.0, "submit-form": 1.0}, "provider_decision_ms": 0.01, "semantic_observe_ms": 9.45, "step": 2, "tool": "browser_click", "total_step_ms": 56.59, "visual": {"reason": "page_structure_candidate", "status": "skipped"}, "visual_observe_ms": 0.0}
{"event": "outcome", "outcome": "verified"}
{"event": "cell", "id": "c6fill-fill-F-fixed-rep5", "outcome": "verified", "verified": true, "first": null, "code": null, "dup": 0}
[2m2026-10-02T05:22:38.759895Z[0m [33m WARN[0m [2mcua_driver_sdk::runtime[0m[2m:[0m could not activate the persistent AT-SPI listener: AT-SPI connect failed: ZBus Error: MethodError(OwnedErrorName("org.freedesktop.DBus.Error.NameHasNoOwner"), Some("Could not activate remote peer 'org.a11y.atspi.Registry': unit failed"), Msg { type: Error, serial: 4294967295, sender: UniqueName("org.freedesktop.DBus"), reply-serial: 9, body: Str, fds: [] })
[2m2026-10-02T05:22:38.772144Z[0m [33m WARN[0m [2mplatform_linux::overlay[0m[2m:[0m X11 overlay: root reads cannot see this window's own pixels; save-unders will be served without readback confirmation
{"action_ms": 147.54, "candidate": "type-verification-value", "candidate_build_ms": 0.07, "confidence": 1.0, "decision_ms": 39.11, "decision_route": "provider", "delivery_mode": null, "dry_run": false, "event": "step", "probabilities": {"abstain": 0.0, "reobserve": 0.0, "type-verification-value": 1.0}, "provider_decision_ms": 0.01, "semantic_observe_ms": 39.0, "step": 1, "tool": "browser_type", "total_step_ms": 186.66, "visual": {"reason": "page_structure_candidate", "status": "skipped"}, "visual_observe_ms": 0.0}
{"action_ms": 37.05, "candidate": "submit-form", "candidate_build_ms": 0.04, "confidence": 1.0, "decision_ms": 8.41, "decision_route": "provider", "delivery_mode": null, "dry_run": false, "event": "step", "probabilities": {"abstain": 0.0, "reobserve": 0.0, "submit-form": 1.0}, "provider_decision_ms": 0.01, "semantic_observe_ms": 8.31, "step": 2, "tool": "browser_click", "total_step_ms": 45.48, "visual": {"reason": "page_structure_candidate", "status": "skipped"}, "visual_observe_ms": 0.0}
{"event": "outcome", "outcome": "verified"}
{"event": "cell", "id": "c6fill-fill-F-fixed-rep6", "outcome": "verified", "verified": true, "first": null, "code": null, "dup": 0}
[2m2026-10-02T05:22:40.694595Z[0m [33m WARN[0m [2mcua_driver_sdk::runtime[0m[2m:[0m could not activate the persistent AT-SPI listener: AT-SPI connect failed: ZBus Error: MethodError(OwnedErrorName("org.freedesktop.DBus.Error.NameHasNoOwner"), Some("Could not activate remote peer 'org.a11y.atspi.Registry': unit failed"), Msg { type: Error, serial: 4294967295, sender: UniqueName("org.freedesktop.DBus"), reply-serial: 9, body: Str, fds: [] })
[2m2026-10-02T05:22:40.705399Z[0m [33m WARN[0m [2mplatform_linux::overlay[0m[2m:[0m X11 overlay: root reads cannot see this window's own pixels; save-unders will be served without readback confirmation
{"action_ms": 142.73, "candidate": "type-verification-value", "candidate_build_ms": 0.06, "confidence": 1.0, "decision_ms": 37.18, "decision_route": "provider", "delivery_mode": null, "dry_run": false, "event": "step", "probabilities": {"abstain": 0.0, "reobserve": 0.0, "type-verification-value": 1.0}, "provider_decision_ms": 0.01, "semantic_observe_ms": 37.09, "step": 1, "tool": "browser_type", "total_step_ms": 179.92, "visual": {"reason": "page_structure_candidate", "status": "skipped"}, "visual_observe_ms": 0.0}
{"action_ms": 37.54, "candidate": "submit-form", "candidate_build_ms": 0.08, "confidence": 1.0, "decision_ms": 19.7, "decision_route": "provider", "delivery_mode": null, "dry_run": false, "event": "step", "probabilities": {"abstain": 0.0, "reobserve": 0.0, "submit-form": 1.0}, "provider_decision_ms": 0.01, "semantic_observe_ms": 19.56, "step": 2, "tool": "browser_click", "total_step_ms": 57.25, "visual": {"reason": "page_structure_candidate", "status": "skipped"}, "visual_observe_ms": 0.0}
{"event": "outcome", "outcome": "verified"}
{"event": "cell", "id": "c6fill-fill-F-fixed-rep7", "outcome": "verified", "verified": true, "first": null, "code": null, "dup": 0}
[2m2026-10-02T05:22:42.717473Z[0m [33m WARN[0m [2mcua_driver_sdk::runtime[0m[2m:[0m could not activate the persistent AT-SPI listener: AT-SPI connect failed: ZBus Error: MethodError(OwnedErrorName("org.freedesktop.DBus.Error.NameHasNoOwner"), Some("Could not activate remote peer 'org.a11y.atspi.Registry': unit failed"), Msg { type: Error, serial: 4294967295, sender: UniqueName("org.freedesktop.DBus"), reply-serial: 9, body: Str, fds: [] })
[2m2026-10-02T05:22:42.732515Z[0m [33m WARN[0m [2mplatform_linux::overlay[0m[2m:[0m X11 overlay: root reads cannot see this window's own pixels; save-unders will be served without readback confirmation
{"action_ms": 145.58, "candidate": "type-verification-value", "candidate_build_ms": 0.06, "confidence": 1.0, "decision_ms": 26.83, "decision_route": "provider", "delivery_mode": null, "dry_run": false, "event": "step", "probabilities": {"abstain": 0.0, "reobserve": 0.0, "type-verification-value": 1.0}, "provider_decision_ms": 0.01, "semantic_observe_ms": 26.74, "step": 1, "tool": "browser_type", "total_step_ms": 172.42, "visual": {"reason": "page_structure_candidate", "status": "skipped"}, "visual_observe_ms": 0.0}
{"action_ms": 32.66, "candidate": "submit-form", "candidate_build_ms": 0.05, "confidence": 1.0, "decision_ms": 7.8, "decision_route": "provider", "delivery_mode": null, "dry_run": false, "event": "step", "probabilities": {"abstain": 0.0, "reobserve": 0.0, "submit-form": 1.0}, "provider_decision_ms": 0.01, "semantic_observe_ms": 7.71, "step": 2, "tool": "browser_click", "total_step_ms": 40.47, "visual": {"reason": "page_structure_candidate", "status": "skipped"}, "visual_observe_ms": 0.0}
{"event": "outcome", "outcome": "verified"}
{"event": "cell", "id": "c6fill-fill-F-fixed-rep8", "outcome": "verified", "verified": true, "first": null, "code": null, "dup": 0}
[2m2026-10-02T05:22:44.637432Z[0m [33m WARN[0m [2mcua_driver_sdk::runtime[0m[2m:[0m could not activate the persistent AT-SPI listener: AT-SPI connect failed: ZBus Error: MethodError(OwnedErrorName("org.freedesktop.DBus.Error.NameHasNoOwner"), Some("Could not activate remote peer 'org.a11y.atspi.Registry': unit failed"), Msg { type: Error, serial: 4294967295, sender: UniqueName("org.freedesktop.DBus"), reply-serial: 9, body: Str, fds: [] })
[2m2026-10-02T05:22:44.660312Z[0m [33m WARN[0m [2mplatform_linux::overlay[0m[2m:[0m X11 overlay: root reads cannot see this window's own pixels; save-unders will be served without readback confirmation
{"action_ms": 152.15, "candidate": "type-verification-value", "candidate_build_ms": 0.06, "confidence": 1.0, "decision_ms": 69.76, "decision_route": "provider", "delivery_mode": null, "dry_run": false, "event": "step", "probabilities": {"abstain": 0.0, "reobserve": 0.0, "type-verification-value": 1.0}, "provider_decision_ms": 0.01, "semantic_observe_ms": 69.64, "step": 1, "tool": "browser_type", "total_step_ms": 221.92, "visual": {"reason": "page_structure_candidate", "status": "skipped"}, "visual_observe_ms": 0.0}
{"action_ms": 33.58, "candidate": "submit-form", "candidate_build_ms": 0.06, "confidence": 1.0, "decision_ms": 11.32, "decision_route": "provider", "delivery_mode": null, "dry_run": false, "event": "step", "probabilities": {"abstain": 0.0, "reobserve": 0.0, "submit-form": 1.0}, "provider_decision_ms": 0.01, "semantic_observe_ms": 11.2, "step": 2, "tool": "browser_click", "total_step_ms": 44.92, "visual": {"reason": "page_structure_candidate", "status": "skipped"}, "visual_observe_ms": 0.0}
{"event": "outcome", "outcome": "verified"}
{"event": "cell", "id": "c6fill-fill-F-fixed-rep9", "outcome": "verified", "verified": true, "first": null, "code": null, "dup": 0}
[2m2026-10-02T05:22:46.686848Z[0m [33m WARN[0m [2mcua_driver_sdk::runtime[0m[2m:[0m could not activate the persistent AT-SPI listener: AT-SPI connect failed: ZBus Error: MethodError(OwnedErrorName("org.freedesktop.DBus.Error.NameHasNoOwner"), Some("Could not activate remote peer 'org.a11y.atspi.Registry': unit failed"), Msg { type: Error, serial: 4294967295, sender: UniqueName("org.freedesktop.DBus"), reply-serial: 9, body: Str, fds: [] })
[2m2026-10-02T05:22:46.703627Z[0m [33m WARN[0m [2mplatform_linux::overlay[0m[2m:[0m X11 overlay: root reads cannot see this window's own pixels; save-unders will be served without readback confirmation
{"action_ms": 136.46, "candidate": "type-verification-value", "candidate_build_ms": 0.07, "confidence": 1.0, "decision_ms": 30.15, "decision_route": "provider", "delivery_mode": null, "dry_run": false, "event": "step", "probabilities": {"abstain": 0.0, "reobserve": 0.0, "type-verification-value": 1.0}, "provider_decision_ms": 0.01, "semantic_observe_ms": 30.03, "step": 1, "tool": "browser_type", "total_step_ms": 166.62, "visual": {"reason": "page_structure_candidate", "status": "skipped"}, "visual_observe_ms": 0.0}
{"action_ms": 28.14, "candidate": "submit-form", "candidate_build_ms": 0.03, "confidence": 1.0, "decision_ms": 5.84, "decision_route": "provider", "delivery_mode": null, "dry_run": false, "event": "step", "probabilities": {"abstain": 0.0, "reobserve": 0.0, "submit-form": 1.0}, "provider_decision_ms": 0.0, "semantic_observe_ms": 5.78, "step": 2, "tool": "browser_click", "total_step_ms": 34.0, "visual": {"reason": "page_structure_candidate", "status": "skipped"}, "visual_observe_ms": 0.0}
{"event": "outcome", "outcome": "verified"}
{"event": "cell", "id": "c6fill-fill-F-fixed-rep10", "outcome": "verified", "verified": true, "first": null, "code": null, "dup": 0}
