[fix01] outer_hostless=1 display=:99 xdg_runtime_private=yes
[fix01] DISPLAY=:99 loadavg=10.19 12.73 11.99 phase_args=--phase c6fill --driver cua-driver-fix01-8cfa8c1db --driver-label F --reps 10 --start-rep 11 --out c6fill-F-b2 
{"event": "validity", "ok": true, "display": ":99"}
Cua Driver sends content-free product telemetry by default. Run `cua-driver telemetry disable` to stop it; `cua-driver telemetry status` shows the current setting.
[2m2026-10-02T05:22:54.608761Z[0m [33m WARN[0m [2mcua_driver_sdk::runtime[0m[2m:[0m could not activate the persistent AT-SPI listener: AT-SPI connect failed: ZBus Error: MethodError(OwnedErrorName("org.freedesktop.DBus.Error.NameHasNoOwner"), Some("Could not activate remote peer 'org.a11y.atspi.Registry': unit failed"), Msg { type: Error, serial: 4294967295, sender: UniqueName("org.freedesktop.DBus"), reply-serial: 10, body: Str, fds: [] })
[2m2026-10-02T05:22:54.628733Z[0m [33m WARN[0m [2mplatform_linux::overlay[0m[2m:[0m X11 overlay: root reads cannot see this window's own pixels; save-unders will be served without readback confirmation
{"action_ms": 142.32, "candidate": "type-verification-value", "candidate_build_ms": 0.06, "confidence": 1.0, "decision_ms": 72.06, "decision_route": "provider", "delivery_mode": null, "dry_run": false, "event": "step", "probabilities": {"abstain": 0.0, "reobserve": 0.0, "type-verification-value": 1.0}, "provider_decision_ms": 0.01, "semantic_observe_ms": 71.96, "step": 1, "tool": "browser_type", "total_step_ms": 214.39, "visual": {"reason": "page_structure_candidate", "status": "skipped"}, "visual_observe_ms": 0.0}
{"action_ms": 35.41, "candidate": "submit-form", "candidate_build_ms": 0.05, "confidence": 1.0, "decision_ms": 7.31, "decision_route": "provider", "delivery_mode": null, "dry_run": false, "event": "step", "probabilities": {"abstain": 0.0, "reobserve": 0.0, "submit-form": 1.0}, "provider_decision_ms": 0.01, "semantic_observe_ms": 7.21, "step": 2, "tool": "browser_click", "total_step_ms": 42.75, "visual": {"reason": "page_structure_candidate", "status": "skipped"}, "visual_observe_ms": 0.0}
{"event": "outcome", "outcome": "verified"}
{"event": "cell", "id": "c6fill-fill-F-fixed-rep11", "outcome": "verified", "verified": true, "first": null, "code": null, "dup": 0}
[2m2026-10-02T05:22:56.655176Z[0m [33m WARN[0m [2mcua_driver_sdk::runtime[0m[2m:[0m could not activate the persistent AT-SPI listener: AT-SPI connect failed: ZBus Error: MethodError(OwnedErrorName("org.freedesktop.DBus.Error.NameHasNoOwner"), Some("Could not activate remote peer 'org.a11y.atspi.Registry': unit failed"), Msg { type: Error, serial: 4294967295, sender: UniqueName("org.freedesktop.DBus"), reply-serial: 9, body: Str, fds: [] })
[2m2026-10-02T05:22:56.669704Z[0m [33m WARN[0m [2mplatform_linux::overlay[0m[2m:[0m X11 overlay: root reads cannot see this window's own pixels; save-unders will be served without readback confirmation
{"action_ms": 141.98, "candidate": "type-verification-value", "candidate_build_ms": 0.08, "confidence": 1.0, "decision_ms": 47.23, "decision_route": "provider", "delivery_mode": null, "dry_run": false, "event": "step", "probabilities": {"abstain": 0.0, "reobserve": 0.0, "type-verification-value": 1.0}, "provider_decision_ms": 0.01, "semantic_observe_ms": 47.11, "step": 1, "tool": "browser_type", "total_step_ms": 189.23, "visual": {"reason": "page_structure_candidate", "status": "skipped"}, "visual_observe_ms": 0.0}
{"action_ms": 35.81, "candidate": "submit-form", "candidate_build_ms": 0.04, "confidence": 1.0, "decision_ms": 6.67, "decision_route": "provider", "delivery_mode": null, "dry_run": false, "event": "step", "probabilities": {"abstain": 0.0, "reobserve": 0.0, "submit-form": 1.0}, "provider_decision_ms": 0.01, "semantic_observe_ms": 6.59, "step": 2, "tool": "browser_click", "total_step_ms": 42.5, "visual": {"reason": "page_structure_candidate", "status": "skipped"}, "visual_observe_ms": 0.0}
{"event": "outcome", "outcome": "verified"}
{"event": "cell", "id": "c6fill-fill-F-fixed-rep12", "outcome": "verified", "verified": true, "first": null, "code": null, "dup": 0}
[2m2026-10-02T05:22:58.612489Z[0m [33m WARN[0m [2mcua_driver_sdk::runtime[0m[2m:[0m could not activate the persistent AT-SPI listener: AT-SPI connect failed: ZBus Error: MethodError(OwnedErrorName("org.freedesktop.DBus.Error.NameHasNoOwner"), Some("Could not activate remote peer 'org.a11y.atspi.Registry': unit failed"), Msg { type: Error, serial: 4294967295, sender: UniqueName("org.freedesktop.DBus"), reply-serial: 9, body: Str, fds: [] })
[2m2026-10-02T05:22:58.629727Z[0m [33m WARN[0m [2mplatform_linux::overlay[0m[2m:[0m X11 overlay: root reads cannot see this window's own pixels; save-unders will be served without readback confirmation
{"action_ms": 135.93, "candidate": "type-verification-value", "candidate_build_ms": 0.14, "confidence": 1.0, "decision_ms": 41.87, "decision_route": "provider", "delivery_mode": null, "dry_run": false, "event": "step", "probabilities": {"abstain": 0.0, "reobserve": 0.0, "type-verification-value": 1.0}, "provider_decision_ms": 0.02, "semantic_observe_ms": 41.64, "step": 1, "tool": "browser_type", "total_step_ms": 177.82, "visual": {"reason": "page_structure_candidate", "status": "skipped"}, "visual_observe_ms": 0.0}
{"action_ms": 28.79, "candidate": "submit-form", "candidate_build_ms": 0.05, "confidence": 1.0, "decision_ms": 7.16, "decision_route": "provider", "delivery_mode": null, "dry_run": false, "event": "step", "probabilities": {"abstain": 0.0, "reobserve": 0.0, "submit-form": 1.0}, "provider_decision_ms": 0.01, "semantic_observe_ms": 7.06, "step": 2, "tool": "browser_click", "total_step_ms": 35.96, "visual": {"reason": "page_structure_candidate", "status": "skipped"}, "visual_observe_ms": 0.0}
{"event": "outcome", "outcome": "verified"}
{"event": "cell", "id": "c6fill-fill-F-fixed-rep13", "outcome": "verified", "verified": true, "first": null, "code": null, "dup": 0}
[2m2026-10-02T05:23:00.572437Z[0m [33m WARN[0m [2mcua_driver_sdk::runtime[0m[2m:[0m could not activate the persistent AT-SPI listener: AT-SPI connect failed: ZBus Error: MethodError(OwnedErrorName("org.freedesktop.DBus.Error.NameHasNoOwner"), Some("Could not activate remote peer 'org.a11y.atspi.Registry': unit failed"), Msg { type: Error, serial: 4294967295, sender: UniqueName("org.freedesktop.DBus"), reply-serial: 9, body: Str, fds: [] })
[2m2026-10-02T05:23:00.584765Z[0m [33m WARN[0m [2mplatform_linux::overlay[0m[2m:[0m X11 overlay: root reads cannot see this window's own pixels; save-unders will be served without readback confirmation
{"action_ms": 140.04, "candidate": "type-verification-value", "candidate_build_ms": 0.04, "confidence": 1.0, "decision_ms": 38.9, "decision_route": "provider", "delivery_mode": null, "dry_run": false, "event": "step", "probabilities": {"abstain": 0.0, "reobserve": 0.0, "type-verification-value": 1.0}, "provider_decision_ms": 0.01, "semantic_observe_ms": 38.82, "step": 1, "tool": "browser_type", "total_step_ms": 178.95, "visual": {"reason": "page_structure_candidate", "status": "skipped"}, "visual_observe_ms": 0.0}
{"action_ms": 29.18, "candidate": "submit-form", "candidate_build_ms": 0.03, "confidence": 1.0, "decision_ms": 7.93, "decision_route": "provider", "delivery_mode": null, "dry_run": false, "event": "step", "probabilities": {"abstain": 0.0, "reobserve": 0.0, "submit-form": 1.0}, "provider_decision_ms": 0.0, "semantic_observe_ms": 7.86, "step": 2, "tool": "browser_click", "total_step_ms": 37.13, "visual": {"reason": "page_structure_candidate", "status": "skipped"}, "visual_observe_ms": 0.0}
{"event": "outcome", "outcome": "verified"}
{"event": "cell", "id": "c6fill-fill-F-fixed-rep14", "outcome": "verified", "verified": true, "first": null, "code": null, "dup": 0}
[2m2026-10-02T05:23:02.541397Z[0m [33m WARN[0m [2mcua_driver_sdk::runtime[0m[2m:[0m could not activate the persistent AT-SPI listener: AT-SPI connect failed: ZBus Error: MethodError(OwnedErrorName("org.freedesktop.DBus.Error.NameHasNoOwner"), Some("Could not activate remote peer 'org.a11y.atspi.Registry': unit failed"), Msg { type: Error, serial: 4294967295, sender: UniqueName("org.freedesktop.DBus"), reply-serial: 9, body: Str, fds: [] })
[2m2026-10-02T05:23:02.556306Z[0m [33m WARN[0m [2mplatform_linux::overlay[0m[2m:[0m X11 overlay: root reads cannot see this window's own pixels; save-unders will be served without readback confirmation
{"action_ms": 140.05, "candidate": "type-verification-value", "candidate_build_ms": 0.07, "confidence": 1.0, "decision_ms": 44.83, "decision_route": "provider", "delivery_mode": null, "dry_run": false, "event": "step", "probabilities": {"abstain": 0.0, "reobserve": 0.0, "type-verification-value": 1.0}, "provider_decision_ms": 0.01, "semantic_observe_ms": 44.73, "step": 1, "tool": "browser_type", "total_step_ms": 184.9, "visual": {"reason": "page_structure_candidate", "status": "skipped"}, "visual_observe_ms": 0.0}
{"action_ms": 33.73, "candidate": "submit-form", "candidate_build_ms": 0.05, "confidence": 1.0, "decision_ms": 7.86, "decision_route": "provider", "delivery_mode": null, "dry_run": false, "event": "step", "probabilities": {"abstain": 0.0, "reobserve": 0.0, "submit-form": 1.0}, "provider_decision_ms": 0.01, "semantic_observe_ms": 7.76, "step": 2, "tool": "browser_click", "total_step_ms": 41.6, "visual": {"reason": "page_structure_candidate", "status": "skipped"}, "visual_observe_ms": 0.0}
{"event": "outcome", "outcome": "verified"}
{"event": "cell", "id": "c6fill-fill-F-fixed-rep15", "outcome": "verified", "verified": true, "first": null, "code": null, "dup": 0}
[2m2026-10-02T05:23:04.513259Z[0m [33m WARN[0m [2mcua_driver_sdk::runtime[0m[2m:[0m could not activate the persistent AT-SPI listener: AT-SPI connect failed: ZBus Error: MethodError(OwnedErrorName("org.freedesktop.DBus.Error.NameHasNoOwner"), Some("Could not activate remote peer 'org.a11y.atspi.Registry': unit failed"), Msg { type: Error, serial: 4294967295, sender: UniqueName("org.freedesktop.DBus"), reply-serial: 9, body: Str, fds: [] })
[2m2026-10-02T05:23:04.533264Z[0m [33m WARN[0m [2mplatform_linux::overlay[0m[2m:[0m X11 overlay: root reads cannot see this window's own pixels; save-unders will be served without readback confirmation
{"action_ms": 141.63, "candidate": "type-verification-value", "candidate_build_ms": 0.04, "confidence": 1.0, "decision_ms": 37.43, "decision_route": "provider", "delivery_mode": null, "dry_run": false, "event": "step", "probabilities": {"abstain": 0.0, "reobserve": 0.0, "type-verification-value": 1.0}, "provider_decision_ms": 0.0, "semantic_observe_ms": 37.37, "step": 1, "tool": "browser_type", "total_step_ms": 179.08, "visual": {"reason": "page_structure_candidate", "status": "skipped"}, "visual_observe_ms": 0.0}
{"action_ms": 34.01, "candidate": "submit-form", "candidate_build_ms": 0.05, "confidence": 1.0, "decision_ms": 9.22, "decision_route": "provider", "delivery_mode": null, "dry_run": false, "event": "step", "probabilities": {"abstain": 0.0, "reobserve": 0.0, "submit-form": 1.0}, "provider_decision_ms": 0.0, "semantic_observe_ms": 9.12, "step": 2, "tool": "browser_click", "total_step_ms": 43.25, "visual": {"reason": "page_structure_candidate", "status": "skipped"}, "visual_observe_ms": 0.0}
{"event": "outcome", "outcome": "verified"}
{"event": "cell", "id": "c6fill-fill-F-fixed-rep16", "outcome": "verified", "verified": true, "first": null, "code": null, "dup": 0}
[2m2026-10-02T05:23:06.473547Z[0m [33m WARN[0m [2mcua_driver_sdk::runtime[0m[2m:[0m could not activate the persistent AT-SPI listener: AT-SPI connect failed: ZBus Error: MethodError(OwnedErrorName("org.freedesktop.DBus.Error.NameHasNoOwner"), Some("Could not activate remote peer 'org.a11y.atspi.Registry': unit failed"), Msg { type: Error, serial: 4294967295, sender: UniqueName("org.freedesktop.DBus"), reply-serial: 9, body: Str, fds: [] })
[2m2026-10-02T05:23:06.483880Z[0m [33m WARN[0m [2mplatform_linux::overlay[0m[2m:[0m X11 overlay: root reads cannot see this window's own pixels; save-unders will be served without readback confirmation
{"action_ms": 143.24, "candidate": "type-verification-value", "candidate_build_ms": 0.08, "confidence": 1.0, "decision_ms": 28.53, "decision_route": "provider", "delivery_mode": null, "dry_run": false, "event": "step", "probabilities": {"abstain": 0.0, "reobserve": 0.0, "type-verification-value": 1.0}, "provider_decision_ms": 0.01, "semantic_observe_ms": 28.41, "step": 1, "tool": "browser_type", "total_step_ms": 171.79, "visual": {"reason": "page_structure_candidate", "status": "skipped"}, "visual_observe_ms": 0.0}
{"action_ms": 43.25, "candidate": "submit-form", "candidate_build_ms": 0.06, "confidence": 1.0, "decision_ms": 8.2, "decision_route": "provider", "delivery_mode": null, "dry_run": false, "event": "step", "probabilities": {"abstain": 0.0, "reobserve": 0.0, "submit-form": 1.0}, "provider_decision_ms": 0.01, "semantic_observe_ms": 8.07, "step": 2, "tool": "browser_click", "total_step_ms": 51.47, "visual": {"reason": "page_structure_candidate", "status": "skipped"}, "visual_observe_ms": 0.0}
{"event": "outcome", "outcome": "verified"}
{"event": "cell", "id": "c6fill-fill-F-fixed-rep17", "outcome": "verified", "verified": true, "first": null, "code": null, "dup": 0}
[2m2026-10-02T05:23:08.393363Z[0m [33m WARN[0m [2mcua_driver_sdk::runtime[0m[2m:[0m could not activate the persistent AT-SPI listener: AT-SPI connect failed: ZBus Error: MethodError(OwnedErrorName("org.freedesktop.DBus.Error.NameHasNoOwner"), Some("Could not activate remote peer 'org.a11y.atspi.Registry': unit failed"), Msg { type: Error, serial: 4294967295, sender: UniqueName("org.freedesktop.DBus"), reply-serial: 9, body: Str, fds: [] })
[2m2026-10-02T05:23:08.411934Z[0m [33m WARN[0m [2mplatform_linux::overlay[0m[2m:[0m X11 overlay: root reads cannot see this window's own pixels; save-unders will be served without readback confirmation
{"action_ms": 134.38, "candidate": "type-verification-value", "candidate_build_ms": 0.03, "confidence": 1.0, "decision_ms": 33.36, "decision_route": "provider", "delivery_mode": null, "dry_run": false, "event": "step", "probabilities": {"abstain": 0.0, "reobserve": 0.0, "type-verification-value": 1.0}, "provider_decision_ms": 0.0, "semantic_observe_ms": 33.31, "step": 1, "tool": "browser_type", "total_step_ms": 167.75, "visual": {"reason": "page_structure_candidate", "status": "skipped"}, "visual_observe_ms": 0.0}
{"action_ms": 38.13, "candidate": "submit-form", "candidate_build_ms": 0.05, "confidence": 1.0, "decision_ms": 8.66, "decision_route": "provider", "delivery_mode": null, "dry_run": false, "event": "step", "probabilities": {"abstain": 0.0, "reobserve": 0.0, "submit-form": 1.0}, "provider_decision_ms": 0.01, "semantic_observe_ms": 8.56, "step": 2, "tool": "browser_click", "total_step_ms": 46.82, "visual": {"reason": "page_structure_candidate", "status": "skipped"}, "visual_observe_ms": 0.0}
{"event": "outcome", "outcome": "verified"}
{"event": "cell", "id": "c6fill-fill-F-fixed-rep18", "outcome": "verified", "verified": true, "first": null, "code": null, "dup": 0}
[2m2026-10-02T05:23:10.325305Z[0m [33m WARN[0m [2mcua_driver_sdk::runtime[0m[2m:[0m could not activate the persistent AT-SPI listener: AT-SPI connect failed: ZBus Error: MethodError(OwnedErrorName("org.freedesktop.DBus.Error.NameHasNoOwner"), Some("Could not activate remote peer 'org.a11y.atspi.Registry': unit failed"), Msg { type: Error, serial: 4294967295, sender: UniqueName("org.freedesktop.DBus"), reply-serial: 9, body: Str, fds: [] })
[2m2026-10-02T05:23:10.340928Z[0m [33m WARN[0m [2mplatform_linux::overlay[0m[2m:[0m X11 overlay: root reads cannot see this window's own pixels; save-unders will be served without readback confirmation
{"action_ms": 147.57, "candidate": "type-verification-value", "candidate_build_ms": 0.09, "confidence": 1.0, "decision_ms": 48.58, "decision_route": "provider", "delivery_mode": null, "dry_run": false, "event": "step", "probabilities": {"abstain": 0.0, "reobserve": 0.0, "type-verification-value": 1.0}, "provider_decision_ms": 0.01, "semantic_observe_ms": 48.42, "step": 1, "tool": "browser_type", "total_step_ms": 196.16, "visual": {"reason": "page_structure_candidate", "status": "skipped"}, "visual_observe_ms": 0.0}
{"action_ms": 35.72, "candidate": "submit-form", "candidate_build_ms": 0.05, "confidence": 1.0, "decision_ms": 9.58, "decision_route": "provider", "delivery_mode": null, "dry_run": false, "event": "step", "probabilities": {"abstain": 0.0, "reobserve": 0.0, "submit-form": 1.0}, "provider_decision_ms": 0.0, "semantic_observe_ms": 9.48, "step": 2, "tool": "browser_click", "total_step_ms": 45.31, "visual": {"reason": "page_structure_candidate", "status": "skipped"}, "visual_observe_ms": 0.0}
{"event": "outcome", "outcome": "verified"}
{"event": "cell", "id": "c6fill-fill-F-fixed-rep19", "outcome": "verified", "verified": true, "first": null, "code": null, "dup": 0}
[2m2026-10-02T05:23:12.314252Z[0m [33m WARN[0m [2mcua_driver_sdk::runtime[0m[2m:[0m could not activate the persistent AT-SPI listener: AT-SPI connect failed: ZBus Error: MethodError(OwnedErrorName("org.freedesktop.DBus.Error.NameHasNoOwner"), Some("Could not activate remote peer 'org.a11y.atspi.Registry': unit failed"), Msg { type: Error, serial: 4294967295, sender: UniqueName("org.freedesktop.DBus"), reply-serial: 9, body: Str, fds: [] })
[2m2026-10-02T05:23:12.325820Z[0m [33m WARN[0m [2mplatform_linux::overlay[0m[2m:[0m X11 overlay: root reads cannot see this window's own pixels; save-unders will be served without readback confirmation
{"action_ms": 144.36, "candidate": "type-verification-value", "candidate_build_ms": 0.03, "confidence": 1.0, "decision_ms": 29.72, "decision_route": "provider", "delivery_mode": null, "dry_run": false, "event": "step", "probabilities": {"abstain": 0.0, "reobserve": 0.0, "type-verification-value": 1.0}, "provider_decision_ms": 0.0, "semantic_observe_ms": 29.67, "step": 1, "tool": "browser_type", "total_step_ms": 174.11, "visual": {"reason": "page_structure_candidate", "status": "skipped"}, "visual_observe_ms": 0.0}
{"action_ms": 42.19, "candidate": "submit-form", "candidate_build_ms": 0.06, "confidence": 1.0, "decision_ms": 19.23, "decision_route": "provider", "delivery_mode": null, "dry_run": false, "event": "step", "probabilities": {"abstain": 0.0, "reobserve": 0.0, "submit-form": 1.0}, "provider_decision_ms": 0.01, "semantic_observe_ms": 19.12, "step": 2, "tool": "browser_click", "total_step_ms": 61.43, "visual": {"reason": "page_structure_candidate", "status": "skipped"}, "visual_observe_ms": 0.0}
{"event": "outcome", "outcome": "verified"}
{"event": "cell", "id": "c6fill-fill-F-fixed-rep20", "outcome": "verified", "verified": true, "first": null, "code": null, "dup": 0}
