[fix01] outer_hostless=1 display=:100 xdg_runtime_private=yes
[fix01] DISPLAY=:100 loadavg=17.66 18.60 18.35 phase_args=--phase g6 --driver-u cua-driver-r2-main-229b65b28 --driver-f cua-driver-fix01-8cfa8c1db --pairs 10 --start-pair 10 --out g6-UF-b2 
{"event": "validity", "ok": true, "display": ":100"}
{"event": "cell", "id": "g6-r010-1-CU", "outcome": "verified", "verified": true, "first": null, "code": null, "dup": 0}
{"event": "cell", "id": "g6-r010-2-CF", "outcome": "verified", "verified": true, "first": null, "code": null, "dup": 0}
{"event": "cell", "id": "g6-r011-1-CF", "outcome": "verified", "verified": true, "first": null, "code": null, "dup": 0}
{"event": "cell", "id": "g6-r011-2-CU", "outcome": "verified", "verified": true, "first": null, "code": null, "dup": 0}
{"event": "cell", "id": "g6-r012-1-CU", "outcome": "verified", "verified": true, "first": null, "code": null, "dup": 0}
{"event": "cell", "id": "g6-r012-2-CF", "outcome": "verified", "verified": true, "first": null, "code": null, "dup": 0}
{"event": "cell", "id": "g6-r013-1-CF", "outcome": "verified", "verified": true, "first": null, "code": null, "dup": 0}
{"event": "cell", "id": "g6-r013-2-CU", "outcome": "verified", "verified": true, "first": null, "code": null, "dup": 0}
{"event": "cell", "id": "g6-r014-1-CU", "outcome": "verified", "verified": true, "first": null, "code": null, "dup": 0}
{"event": "cell", "id": "g6-r014-2-CF", "outcome": "verified", "verified": true, "first": null, "code": null, "dup": 0}
{"event": "cell", "id": "g6-r015-1-CF", "outcome": "verified", "verified": true, "first": null, "code": null, "dup": 0}
{"event": "cell", "id": "g6-r015-2-CU", "outcome": "verified", "verified": true, "first": null, "code": null, "dup": 0}
{"event": "cell", "id": "g6-r016-1-CU", "outcome": "verified", "verified": true, "first": null, "code": null, "dup": 0}
{"event": "cell", "id": "g6-r016-2-CF", "outcome": "verified", "verified": true, "first": null, "code": null, "dup": 0}
{"event": "cell", "id": "g6-r017-1-CF", "outcome": "verified", "verified": true, "first": null, "code": null, "dup": 0}
{"event": "cell", "id": "g6-r017-2-CU", "outcome": "verified", "verified": true, "first": null, "code": null, "dup": 0}
{"event": "cell", "id": "g6-r018-1-CU", "outcome": "verified", "verified": true, "first": null, "code": null, "dup": 0}
{"event": "cell", "id": "g6-r018-2-CF", "outcome": "verified", "verified": true, "first": null, "code": null, "dup": 0}
{"event": "cell", "id": "g6-r019-1-CF", "outcome": "verified", "verified": true, "first": null, "code": null, "dup": 0}
{"event": "cell", "id": "g6-r019-2-CU", "outcome": "verified", "verified": true, "first": null, "code": null, "dup": 0}
