[fix01] outer_hostless=1 display=:100 xdg_runtime_private=yes
[fix01] DISPLAY=:100 loadavg=15.62 13.95 13.46 phase_args=--phase g6 --driver-u cua-driver-r2-main-229b65b28 --driver-f cua-driver-fix01-8cfa8c1db --pairs 10 --start-pair 0 --out g6-UF-b1 
{"event": "validity", "ok": true, "display": ":100"}
{"event": "cell", "id": "g6-r000-1-CU", "outcome": "verified", "verified": true, "first": null, "code": null, "dup": 0}
{"event": "cell", "id": "g6-r000-2-CF", "outcome": "verified", "verified": true, "first": null, "code": null, "dup": 0}
{"event": "cell", "id": "g6-r001-1-CF", "outcome": "verified", "verified": true, "first": null, "code": null, "dup": 0}
{"event": "cell", "id": "g6-r001-2-CU", "outcome": "verified", "verified": true, "first": null, "code": null, "dup": 0}
{"event": "cell", "id": "g6-r002-1-CU", "outcome": "verified", "verified": true, "first": null, "code": null, "dup": 0}
{"event": "cell", "id": "g6-r002-2-CF", "outcome": "verified", "verified": true, "first": null, "code": null, "dup": 0}
{"event": "cell", "id": "g6-r003-1-CF", "outcome": "verified", "verified": true, "first": null, "code": null, "dup": 0}
{"event": "cell", "id": "g6-r003-2-CU", "outcome": "verified", "verified": true, "first": null, "code": null, "dup": 0}
{"event": "cell", "id": "g6-r004-1-CU", "outcome": "verified", "verified": true, "first": null, "code": null, "dup": 0}
{"event": "cell", "id": "g6-r004-2-CF", "outcome": "verified", "verified": true, "first": null, "code": null, "dup": 0}
{"event": "cell", "id": "g6-r005-1-CF", "outcome": "verified", "verified": true, "first": null, "code": null, "dup": 0}
{"event": "cell", "id": "g6-r005-2-CU", "outcome": "verified", "verified": true, "first": null, "code": null, "dup": 0}
{"event": "cell", "id": "g6-r006-1-CU", "outcome": "verified", "verified": true, "first": null, "code": null, "dup": 0}
{"event": "cell", "id": "g6-r006-2-CF", "outcome": "verified", "verified": true, "first": null, "code": null, "dup": 0}
{"event": "cell", "id": "g6-r007-1-CF", "outcome": "verified", "verified": true, "first": null, "code": null, "dup": 0}
{"event": "cell", "id": "g6-r007-2-CU", "outcome": "verified", "verified": true, "first": null, "code": null, "dup": 0}
{"event": "cell", "id": "g6-r008-1-CU", "outcome": "verified", "verified": true, "first": null, "code": null, "dup": 0}
{"event": "cell", "id": "g6-r008-2-CF", "outcome": "verified", "verified": true, "first": null, "code": null, "dup": 0}
{"event": "cell", "id": "g6-r009-1-CF", "outcome": "verified", "verified": true, "first": null, "code": null, "dup": 0}
{"event": "cell", "id": "g6-r009-2-CU", "outcome": "verified", "verified": true, "first": null, "code": null, "dup": 0}
