[session] DISPLAY=:101 openbox=3348625 picom=3348626 dbus=unix:path=/tmp/dbus-<redacted>,guid=feac96cafb016756195383b16ac102ed
[fix03-probe] xdpyinfo ok DISPLAY=:101 outer_hostless=1
[fix03] loadavg=10.28 12.65 10.96 phase_args=--phase a1 --arm F5 --driver cua-driver-fix03-f5pre-ea12e6f86 --out s2-a1-F5 --start-rep 1 --reps 1 
{"event": "validity", "ok": true, "display": ":101"}
dbus-daemon[3348622]: [session uid=1000 pid=3348622 pidfd=5] Activating service name='org.a11y.Bus' requested by ':1.0' (uid=1000 pid=3349467 comm="<lanes>/bin/cua-driver-fi")
dbus-daemon[3348622]: [session uid=1000 pid=3348622 pidfd=5] Successfully activated service 'org.a11y.Bus'
dbus-daemon[3348622]: [session uid=1000 pid=3348622 pidfd=5] Activating service name='ca.desrt.dconf' requested by ':1.1' (uid=1000 pid=3349475 comm="/usr/lib/at-spi-bus-launcher")
dbus-daemon[3348622]: [session uid=1000 pid=3348622 pidfd=5] Successfully activated service 'ca.desrt.dconf'
dbus-daemon[3348622]: [session uid=1000 pid=3348622 pidfd=5] Activating service name='org.freedesktop.systemd1' requested by ':1.4' (uid=1000 pid=3349509 comm="/usr/bin/dbus-broker-launch --config-file=/usr/sha")
dbus-daemon[3348622]: [session uid=1000 pid=3348622 pidfd=5] Activated service 'org.freedesktop.systemd1' failed: Process org.freedesktop.systemd1 exited with status 1
dbus-daemon[3348622]: [session uid=1000 pid=3348622 pidfd=5] Activating service name='org.gtk.vfs.Daemon' requested by ':1.5' (uid=1000 pid=3349587 comm="/opt/google/chrome/chrome --remote-debugging-port=")
dbus-daemon[3348622]: [session uid=1000 pid=3348622 pidfd=5] Successfully activated service 'org.gtk.vfs.Daemon'
fusermount3: mount failed: Operation not permitted
dbus-daemon[3348622]: [session uid=1000 pid=3348622 pidfd=5] Activating service name='org.freedesktop.systemd1' requested by ':1.4' (uid=1000 pid=3349509 comm="/usr/bin/dbus-broker-launch --config-file=/usr/sha")
dbus-daemon[3348622]: [session uid=1000 pid=3348622 pidfd=5] Activated service 'org.freedesktop.systemd1' failed: Process org.freedesktop.systemd1 exited with status 1
dbus-daemon[3348622]: [session uid=1000 pid=3348622 pidfd=5] Activating service name='org.freedesktop.systemd1' requested by ':1.4' (uid=1000 pid=3349509 comm="/usr/bin/dbus-broker-launch --config-file=/usr/sha")
dbus-daemon[3348622]: [session uid=1000 pid=3348622 pidfd=5] Activated service 'org.freedesktop.systemd1' failed: Process org.freedesktop.systemd1 exited with status 1
dbus-daemon[3348622]: [session uid=1000 pid=3348622 pidfd=5] Activating service name='org.freedesktop.Notifications' requested by ':1.7' (uid=1000 pid=3349587 comm="/opt/google/chrome/chrome --remote-debugging-port=")
dbus-daemon[3348622]: [session uid=1000 pid=3348622 pidfd=5] Activating service name='org.freedesktop.portal.Desktop' requested by ':1.7' (uid=1000 pid=3349587 comm="/opt/google/chrome/chrome --remote-debugging-port=")
dbus-daemon[3348622]: [session uid=1000 pid=3348622 pidfd=5] Successfully activated service 'org.freedesktop.Notifications'
dbus-daemon[3348622]: [session uid=1000 pid=3348622 pidfd=5] Activating service name='org.freedesktop.impl.portal.PermissionStore' requested by ':1.9' (uid=1000 pid=3350143 comm="/usr/lib/xdg-desktop-portal")
dbus-daemon[3348622]: [session uid=1000 pid=3348622 pidfd=5] Successfully activated service 'org.freedesktop.impl.portal.PermissionStore'
dbus-daemon[3348622]: [session uid=1000 pid=3348622 pidfd=5] Activating service name='org.freedesktop.portal.Documents' requested by ':1.9' (uid=1000 pid=3350143 comm="/usr/lib/xdg-desktop-portal")
dbus-daemon[3348622]: [session uid=1000 pid=3348622 pidfd=5] Successfully activated service 'org.freedesktop.portal.Documents'
fusermount3: mount failed: Operation not permitted
error: fuse init failed: Can't mount path <lane-tmp>/x11-session.8Onayn/xdg-runtime/doc

(/usr/lib/xdg-desktop-portal:3350143): xdg-desktop-portal-WARNING **: 08:28:18.848: Document portal fuse mount point unknown: GDBus.Error:org.freedesktop.DBus.Error.ServiceUnknown: The name :1.11 was not provided by any .service files

(/usr/lib/xdg-desktop-portal:3350143): xdg-desktop-portal-WARNING **: 08:28:18.848: Choosing gtk.portal for org.freedesktop.impl.portal.Lockdown as a last-resort fallback
dbus-daemon[3348622]: [session uid=1000 pid=3348622 pidfd=5] Activating service name='org.freedesktop.impl.portal.desktop.gtk' requested by ':1.9' (uid=1000 pid=3350143 comm="/usr/lib/xdg-desktop-portal")
dbus-daemon[3348622]: [session uid=1000 pid=3348622 pidfd=5] Activating service name='org.freedesktop.systemd1' requested by ':1.4' (uid=1000 pid=3349509 comm="/usr/bin/dbus-broker-launch --config-file=/usr/sha")
dbus-daemon[3348622]: [session uid=1000 pid=3348622 pidfd=5] Activated service 'org.freedesktop.systemd1' failed: Process org.freedesktop.systemd1 exited with status 1
dbus-daemon[3348622]: [session uid=1000 pid=3348622 pidfd=5] Successfully activated service 'org.freedesktop.impl.portal.desktop.gtk'

** (xdg-desktop-portal-gtk:3350173): WARNING **: 08:28:18.884: AT-SPI: Could not obtain desktop path or name

dbus-daemon[3348622]: [session uid=1000 pid=3348622 pidfd=5] Activating service name='org.freedesktop.systemd1' requested by ':1.4' (uid=1000 pid=3349509 comm="/usr/bin/dbus-broker-launch --config-file=/usr/sha")

(/usr/lib/xdg-desktop-portal:3350143): xdg-desktop-portal-WARNING **: 08:28:18.884: Choosing gtk.portal for org.freedesktop.impl.portal.Access as a last-resort fallback
dbus-daemon[3348622]: [session uid=1000 pid=3348622 pidfd=5] Activated service 'org.freedesktop.systemd1' failed: Process org.freedesktop.systemd1 exited with status 1

** (xdg-desktop-portal-gtk:3350173): WARNING **: 08:28:18.885: atk-bridge: GetRegisteredEvents returned message with unknown signature

** (xdg-desktop-portal-gtk:3350173): WARNING **: 08:28:18.885: atk-bridge: get_device_events_reply: unknown signature

(/usr/lib/xdg-desktop-portal:3350143): xdg-desktop-portal-WARNING **: 08:28:18.905: Choosing gtk.portal for org.freedesktop.impl.portal.Settings as a last-resort fallback

(/usr/lib/xdg-desktop-portal:3350143): xdg-desktop-portal-WARNING **: 08:28:18.905: Choosing gtk.portal for org.freedesktop.impl.portal.FileChooser as a last-resort fallback

(/usr/lib/xdg-desktop-portal:3350143): xdg-desktop-portal-WARNING **: 08:28:18.905: Choosing gtk.portal for org.freedesktop.impl.portal.AppChooser as a last-resort fallback

(/usr/lib/xdg-desktop-portal:3350143): xdg-desktop-portal-WARNING **: 08:28:18.906: Choosing gtk.portal for org.freedesktop.impl.portal.Print as a last-resort fallback

(/usr/lib/xdg-desktop-portal:3350143): xdg-desktop-portal-WARNING **: 08:28:18.906: Choosing gtk.portal for org.freedesktop.impl.portal.Notification as a last-resort fallback

(/usr/lib/xdg-desktop-portal:3350143): xdg-desktop-portal-WARNING **: 08:28:18.906: Choosing gtk.portal for org.freedesktop.impl.portal.Inhibit as a last-resort fallback

(/usr/lib/xdg-desktop-portal:3350143): xdg-desktop-portal-WARNING **: 08:28:18.908: Failed to connect to PipeWire: Couldn't connect to PipeWire

(/usr/lib/xdg-desktop-portal:3350143): xdg-desktop-portal-WARNING **: 08:28:18.908: Choosing gtk.portal for org.freedesktop.impl.portal.Account as a last-resort fallback

(/usr/lib/xdg-desktop-portal:3350143): xdg-desktop-portal-WARNING **: 08:28:18.908: Choosing gtk.portal for org.freedesktop.impl.portal.Email as a last-resort fallback

(/usr/lib/xdg-desktop-portal:3350143): xdg-desktop-portal-WARNING **: 08:28:18.909: Choosing gtk.portal for org.freedesktop.impl.portal.DynamicLauncher as a last-resort fallback
dbus-daemon[3348622]: [session uid=1000 pid=3348622 pidfd=5] Successfully activated service 'org.freedesktop.portal.Desktop'
{"event": "cell", "id": "a1-F5-rep01", "outcome": "verified", "first": "refused", "status": null, "code": "browser_ref_stale", "race": false, "gen0_events": 3, "rebind": true}
A connection to the bus can't be made
CRITICAL: [dbus_cb_name_lost:1438] Cannot connect to DBus.
X connection to :101 broken (explicit kill or server shutdown).
[session] exit rc=0 run_dir=<lane-tmp>/x11-session.8Onayn
