[session] DISPLAY=:101 openbox=3355802 picom=3355803 dbus=unix:path=/tmp/dbus-<redacted>,guid=7fed5132e7f3db6df0d6f2626ac10317
[fix03-probe] xdpyinfo ok DISPLAY=:101 outer_hostless=1
[fix03] loadavg=10.79 12.50 10.99 phase_args=--phase a3 --arm F5 --driver cua-driver-fix03-f5pre-ea12e6f86 --out s3-a3-F5 --start-rep 1 --reps 1 
{"event": "validity", "ok": true, "display": ":101"}
dbus-daemon[3355792]: [session uid=1000 pid=3355792 pidfd=5] Activating service name='org.a11y.Bus' requested by ':1.0' (uid=1000 pid=3356073 comm="<lanes>/bin/cua-driver-fi")
dbus-daemon[3355792]: [session uid=1000 pid=3355792 pidfd=5] Successfully activated service 'org.a11y.Bus'
dbus-daemon[3355792]: [session uid=1000 pid=3355792 pidfd=5] Activating service name='ca.desrt.dconf' requested by ':1.1' (uid=1000 pid=3356080 comm="/usr/lib/at-spi-bus-launcher")
dbus-daemon[3355792]: [session uid=1000 pid=3355792 pidfd=5] Successfully activated service 'ca.desrt.dconf'
dbus-daemon[3355792]: [session uid=1000 pid=3355792 pidfd=5] Activating service name='org.freedesktop.systemd1' requested by ':1.4' (uid=1000 pid=3356094 comm="/usr/bin/dbus-broker-launch --config-file=/usr/sha")
dbus-daemon[3355792]: [session uid=1000 pid=3355792 pidfd=5] Activated service 'org.freedesktop.systemd1' failed: Process org.freedesktop.systemd1 exited with status 1
dbus-daemon[3355792]: [session uid=1000 pid=3355792 pidfd=5] Activating service name='org.gtk.vfs.Daemon' requested by ':1.5' (uid=1000 pid=3356169 comm="/opt/google/chrome/chrome --remote-debugging-port=")
dbus-daemon[3355792]: [session uid=1000 pid=3355792 pidfd=5] Successfully activated service 'org.gtk.vfs.Daemon'
fusermount3: mount failed: Operation not permitted
dbus-daemon[3355792]: [session uid=1000 pid=3355792 pidfd=5] Activating service name='org.freedesktop.systemd1' requested by ':1.4' (uid=1000 pid=3356094 comm="/usr/bin/dbus-broker-launch --config-file=/usr/sha")
dbus-daemon[3355792]: [session uid=1000 pid=3355792 pidfd=5] Activated service 'org.freedesktop.systemd1' failed: Process org.freedesktop.systemd1 exited with status 1
dbus-daemon[3355792]: [session uid=1000 pid=3355792 pidfd=5] Activating service name='org.freedesktop.systemd1' requested by ':1.4' (uid=1000 pid=3356094 comm="/usr/bin/dbus-broker-launch --config-file=/usr/sha")
dbus-daemon[3355792]: [session uid=1000 pid=3355792 pidfd=5] Activated service 'org.freedesktop.systemd1' failed: Process org.freedesktop.systemd1 exited with status 1
dbus-daemon[3355792]: [session uid=1000 pid=3355792 pidfd=5] Activating service name='org.freedesktop.Notifications' requested by ':1.7' (uid=1000 pid=3356169 comm="/opt/google/chrome/chrome --remote-debugging-port=")
dbus-daemon[3355792]: [session uid=1000 pid=3355792 pidfd=5] Activating service name='org.freedesktop.portal.Desktop' requested by ':1.7' (uid=1000 pid=3356169 comm="/opt/google/chrome/chrome --remote-debugging-port=")
dbus-daemon[3355792]: [session uid=1000 pid=3355792 pidfd=5] Activating service name='org.freedesktop.impl.portal.PermissionStore' requested by ':1.9' (uid=1000 pid=3356386 comm="/usr/lib/xdg-desktop-portal")
dbus-daemon[3355792]: [session uid=1000 pid=3355792 pidfd=5] Successfully activated service 'org.freedesktop.impl.portal.PermissionStore'
dbus-daemon[3355792]: [session uid=1000 pid=3355792 pidfd=5] Successfully activated service 'org.freedesktop.Notifications'
dbus-daemon[3355792]: [session uid=1000 pid=3355792 pidfd=5] Activating service name='org.freedesktop.portal.Documents' requested by ':1.9' (uid=1000 pid=3356386 comm="/usr/lib/xdg-desktop-portal")
dbus-daemon[3355792]: [session uid=1000 pid=3355792 pidfd=5] Successfully activated service 'org.freedesktop.portal.Documents'
fusermount3: mount failed: Operation not permitted
error: fuse init failed: Can't mount path <lane-tmp>/x11-session.8dscYr/xdg-runtime/doc

(/usr/lib/xdg-desktop-portal:3356386): xdg-desktop-portal-WARNING **: 08:29:00.059: Document portal fuse mount point unknown: GDBus.Error:org.freedesktop.DBus.Error.ServiceUnknown: The name :1.11 was not provided by any .service files

(/usr/lib/xdg-desktop-portal:3356386): xdg-desktop-portal-WARNING **: 08:29:00.059: Choosing gtk.portal for org.freedesktop.impl.portal.Lockdown as a last-resort fallback
dbus-daemon[3355792]: [session uid=1000 pid=3355792 pidfd=5] Activating service name='org.freedesktop.impl.portal.desktop.gtk' requested by ':1.9' (uid=1000 pid=3356386 comm="/usr/lib/xdg-desktop-portal")
dbus-daemon[3355792]: [session uid=1000 pid=3355792 pidfd=5] Activating service name='org.freedesktop.systemd1' requested by ':1.4' (uid=1000 pid=3356094 comm="/usr/bin/dbus-broker-launch --config-file=/usr/sha")
dbus-daemon[3355792]: [session uid=1000 pid=3355792 pidfd=5] Activated service 'org.freedesktop.systemd1' failed: Process org.freedesktop.systemd1 exited with status 1
dbus-daemon[3355792]: [session uid=1000 pid=3355792 pidfd=5] Successfully activated service 'org.freedesktop.impl.portal.desktop.gtk'

** (xdg-desktop-portal-gtk:3356413): WARNING **: 08:29:00.082: AT-SPI: Could not obtain desktop path or name

dbus-daemon[3355792]: [session uid=1000 pid=3355792 pidfd=5] Activating service name='org.freedesktop.systemd1' requested by ':1.4' (uid=1000 pid=3356094 comm="/usr/bin/dbus-broker-launch --config-file=/usr/sha")

(/usr/lib/xdg-desktop-portal:3356386): xdg-desktop-portal-WARNING **: 08:29:00.082: Choosing gtk.portal for org.freedesktop.impl.portal.Access as a last-resort fallback
dbus-daemon[3355792]: [session uid=1000 pid=3355792 pidfd=5] Activated service 'org.freedesktop.systemd1' failed: Process org.freedesktop.systemd1 exited with status 1

** (xdg-desktop-portal-gtk:3356413): WARNING **: 08:29:00.083: atk-bridge: GetRegisteredEvents returned message with unknown signature

** (xdg-desktop-portal-gtk:3356413): WARNING **: 08:29:00.083: atk-bridge: get_device_events_reply: unknown signature

(/usr/lib/xdg-desktop-portal:3356386): xdg-desktop-portal-WARNING **: 08:29:00.098: Choosing gtk.portal for org.freedesktop.impl.portal.Settings as a last-resort fallback

(/usr/lib/xdg-desktop-portal:3356386): xdg-desktop-portal-WARNING **: 08:29:00.099: Choosing gtk.portal for org.freedesktop.impl.portal.FileChooser as a last-resort fallback

(/usr/lib/xdg-desktop-portal:3356386): xdg-desktop-portal-WARNING **: 08:29:00.099: Choosing gtk.portal for org.freedesktop.impl.portal.AppChooser as a last-resort fallback

(/usr/lib/xdg-desktop-portal:3356386): xdg-desktop-portal-WARNING **: 08:29:00.100: Choosing gtk.portal for org.freedesktop.impl.portal.Print as a last-resort fallback

(/usr/lib/xdg-desktop-portal:3356386): xdg-desktop-portal-WARNING **: 08:29:00.100: Choosing gtk.portal for org.freedesktop.impl.portal.Notification as a last-resort fallback

(/usr/lib/xdg-desktop-portal:3356386): xdg-desktop-portal-WARNING **: 08:29:00.100: Choosing gtk.portal for org.freedesktop.impl.portal.Inhibit as a last-resort fallback

(/usr/lib/xdg-desktop-portal:3356386): xdg-desktop-portal-WARNING **: 08:29:00.102: Failed to connect to PipeWire: Couldn't connect to PipeWire

(/usr/lib/xdg-desktop-portal:3356386): xdg-desktop-portal-WARNING **: 08:29:00.102: Choosing gtk.portal for org.freedesktop.impl.portal.Account as a last-resort fallback

(/usr/lib/xdg-desktop-portal:3356386): xdg-desktop-portal-WARNING **: 08:29:00.102: Choosing gtk.portal for org.freedesktop.impl.portal.Email as a last-resort fallback

(/usr/lib/xdg-desktop-portal:3356386): xdg-desktop-portal-WARNING **: 08:29:00.103: Choosing gtk.portal for org.freedesktop.impl.portal.DynamicLauncher as a last-resort fallback
dbus-daemon[3355792]: [session uid=1000 pid=3355792 pidfd=5] Successfully activated service 'org.freedesktop.portal.Desktop'
{"event": "cell", "id": "a3-F5-rep01", "outcome": "verified", "first": "accepted", "status": "ok", "code": null, "race": false, "gen0_events": 2, "rebind": false}
X connection to :101 broken (explicit kill or server shutdown).
X connection to :101 broken (explicit kill or server shutdown).
A connection to the bus can't be made
[session] exit rc=0 run_dir=<lane-tmp>/x11-session.8dscYr
