[session] DISPLAY=:100 openbox=1028954 picom=1028955 dbus=unix:path=<TMPDBUS>,guid=<GUID>
[fix02] outer_hostless=1 display=:100 xdg_runtime_private=yes
[a3-probe] xdpyinfo ok DISPLAY=:100
[fix02] DISPLAY=:100 loadavg=14.85 12.65 8.71 phase_args=--phase f3 --arm F --driver cua-driver-fix02r3-f-df4f1edf5 --out k8-f3-F-stale --start-rep 1 --reps 1 --code stale 
{"event": "validity", "ok": true, "display": ":100"}
dbus-daemon[1028951]: [session uid=1000 pid=1028951 pidfd=5] Activating service name='org.a11y.Bus' requested by ':1.0' (uid=1000 pid=1029527 comm="<lanes>/bin/cua-driver-fi")
dbus-daemon[1028951]: [session uid=1000 pid=1028951 pidfd=5] Successfully activated service 'org.a11y.Bus'
dbus-daemon[1028951]: [session uid=1000 pid=1028951 pidfd=5] Activating service name='ca.desrt.dconf' requested by ':1.1' (uid=1000 pid=1029535 comm="/usr/lib/at-spi-bus-launcher")
dbus-daemon[1028951]: [session uid=1000 pid=1028951 pidfd=5] Successfully activated service 'ca.desrt.dconf'
dbus-daemon[1028951]: [session uid=1000 pid=1028951 pidfd=5] Activating service name='org.freedesktop.systemd1' requested by ':1.4' (uid=1000 pid=1029552 comm="/usr/bin/dbus-broker-launch --config-file=/usr/sha")
dbus-daemon[1028951]: [session uid=1000 pid=1028951 pidfd=5] Activated service 'org.freedesktop.systemd1' failed: Process org.freedesktop.systemd1 exited with status 1
2026-10-03T07:36:06.747349Z  WARN cua_driver_sdk::runtime: could not activate the persistent AT-SPI listener: AT-SPI connect failed: ZBus Error: MethodError(OwnedErrorName("org.freedesktop.DBus.Error.NameHasNoOwner"), Some("Could not activate remote peer 'org.a11y.atspi.Registry': unit failed"), Msg { type: Error, serial: 4294967295, sender: UniqueName("org.freedesktop.DBus"), reply-serial: 10, body: Str, fds: [] })
2026-10-03T07:36:06.758369Z  WARN platform_linux::overlay: X11 overlay: root reads cannot see this window's own pixels; save-unders will be served without readback confirmation
dbus-daemon[1028951]: [session uid=1000 pid=1028951 pidfd=5] Activating service name='org.gtk.vfs.Daemon' requested by ':1.5' (uid=1000 pid=1029625 comm="/opt/google/chrome/chrome --remote-debugging-port=")
dbus-daemon[1028951]: [session uid=1000 pid=1028951 pidfd=5] Successfully activated service 'org.gtk.vfs.Daemon'
fusermount3: mount failed: Operation not permitted
dbus-daemon[1028951]: [session uid=1000 pid=1028951 pidfd=5] Activating service name='org.freedesktop.systemd1' requested by ':1.4' (uid=1000 pid=1029552 comm="/usr/bin/dbus-broker-launch --config-file=/usr/sha")
dbus-daemon[1028951]: [session uid=1000 pid=1028951 pidfd=5] Activated service 'org.freedesktop.systemd1' failed: Process org.freedesktop.systemd1 exited with status 1
dbus-daemon[1028951]: [session uid=1000 pid=1028951 pidfd=5] Activating service name='org.freedesktop.systemd1' requested by ':1.4' (uid=1000 pid=1029552 comm="/usr/bin/dbus-broker-launch --config-file=/usr/sha")
dbus-daemon[1028951]: [session uid=1000 pid=1028951 pidfd=5] Activated service 'org.freedesktop.systemd1' failed: Process org.freedesktop.systemd1 exited with status 1
dbus-daemon[1028951]: [session uid=1000 pid=1028951 pidfd=5] Activating service name='org.freedesktop.Notifications' requested by ':1.7' (uid=1000 pid=1029625 comm="/opt/google/chrome/chrome --remote-debugging-port=")
dbus-daemon[1028951]: [session uid=1000 pid=1028951 pidfd=5] Activating service name='org.freedesktop.portal.Desktop' requested by ':1.7' (uid=1000 pid=1029625 comm="/opt/google/chrome/chrome --remote-debugging-port=")
dbus-daemon[1028951]: [session uid=1000 pid=1028951 pidfd=5] Activating service name='org.freedesktop.impl.portal.PermissionStore' requested by ':1.9' (uid=1000 pid=1029947 comm="/usr/lib/xdg-desktop-portal")
dbus-daemon[1028951]: [session uid=1000 pid=1028951 pidfd=5] Successfully activated service 'org.freedesktop.impl.portal.PermissionStore'
dbus-daemon[1028951]: [session uid=1000 pid=1028951 pidfd=5] Successfully activated service 'org.freedesktop.Notifications'
dbus-daemon[1028951]: [session uid=1000 pid=1028951 pidfd=5] Activating service name='org.freedesktop.portal.Documents' requested by ':1.9' (uid=1000 pid=1029947 comm="/usr/lib/xdg-desktop-portal")
dbus-daemon[1028951]: [session uid=1000 pid=1028951 pidfd=5] Successfully activated service 'org.freedesktop.portal.Documents'
fusermount3: mount failed: Operation not permitted
error: fuse init failed: Can't mount path <tmp>/x11-session.KipVsj/xdg-runtime/doc

(/usr/lib/xdg-desktop-portal:1029947): xdg-desktop-portal-WARNING **: 02:36:07.810: Document portal fuse mount point unknown: GDBus.Error:org.freedesktop.DBus.Error.ServiceUnknown: The name :1.11 was not provided by any .service files

(/usr/lib/xdg-desktop-portal:1029947): xdg-desktop-portal-WARNING **: 02:36:07.811: Choosing gtk.portal for org.freedesktop.impl.portal.Lockdown as a last-resort fallback
dbus-daemon[1028951]: [session uid=1000 pid=1028951 pidfd=5] Activating service name='org.freedesktop.impl.portal.desktop.gtk' requested by ':1.9' (uid=1000 pid=1029947 comm="/usr/lib/xdg-desktop-portal")
dbus-daemon[1028951]: [session uid=1000 pid=1028951 pidfd=5] Activating service name='org.freedesktop.systemd1' requested by ':1.4' (uid=1000 pid=1029552 comm="/usr/bin/dbus-broker-launch --config-file=/usr/sha")
dbus-daemon[1028951]: [session uid=1000 pid=1028951 pidfd=5] Activated service 'org.freedesktop.systemd1' failed: Process org.freedesktop.systemd1 exited with status 1
dbus-daemon[1028951]: [session uid=1000 pid=1028951 pidfd=5] Successfully activated service 'org.freedesktop.impl.portal.desktop.gtk'

** (xdg-desktop-portal-gtk:1029973): WARNING **: 02:36:07.837: AT-SPI: Could not obtain desktop path or name

dbus-daemon[1028951]: [session uid=1000 pid=1028951 pidfd=5] Activating service name='org.freedesktop.systemd1' requested by ':1.4' (uid=1000 pid=1029552 comm="/usr/bin/dbus-broker-launch --config-file=/usr/sha")

(/usr/lib/xdg-desktop-portal:1029947): xdg-desktop-portal-WARNING **: 02:36:07.838: Choosing gtk.portal for org.freedesktop.impl.portal.Access as a last-resort fallback
dbus-daemon[1028951]: [session uid=1000 pid=1028951 pidfd=5] Activated service 'org.freedesktop.systemd1' failed: Process org.freedesktop.systemd1 exited with status 1

** (xdg-desktop-portal-gtk:1029973): WARNING **: 02:36:07.838: atk-bridge: GetRegisteredEvents returned message with unknown signature

** (xdg-desktop-portal-gtk:1029973): WARNING **: 02:36:07.839: atk-bridge: get_device_events_reply: unknown signature

(/usr/lib/xdg-desktop-portal:1029947): xdg-desktop-portal-WARNING **: 02:36:07.853: Choosing gtk.portal for org.freedesktop.impl.portal.Settings as a last-resort fallback

(/usr/lib/xdg-desktop-portal:1029947): xdg-desktop-portal-WARNING **: 02:36:07.853: Choosing gtk.portal for org.freedesktop.impl.portal.FileChooser as a last-resort fallback

(/usr/lib/xdg-desktop-portal:1029947): xdg-desktop-portal-WARNING **: 02:36:07.853: Choosing gtk.portal for org.freedesktop.impl.portal.AppChooser as a last-resort fallback

(/usr/lib/xdg-desktop-portal:1029947): xdg-desktop-portal-WARNING **: 02:36:07.853: Choosing gtk.portal for org.freedesktop.impl.portal.Print as a last-resort fallback

(/usr/lib/xdg-desktop-portal:1029947): xdg-desktop-portal-WARNING **: 02:36:07.854: Choosing gtk.portal for org.freedesktop.impl.portal.Notification as a last-resort fallback

(/usr/lib/xdg-desktop-portal:1029947): xdg-desktop-portal-WARNING **: 02:36:07.854: Choosing gtk.portal for org.freedesktop.impl.portal.Inhibit as a last-resort fallback

(/usr/lib/xdg-desktop-portal:1029947): xdg-desktop-portal-WARNING **: 02:36:07.856: Failed to connect to PipeWire: Couldn't connect to PipeWire

(/usr/lib/xdg-desktop-portal:1029947): xdg-desktop-portal-WARNING **: 02:36:07.856: Choosing gtk.portal for org.freedesktop.impl.portal.Account as a last-resort fallback

(/usr/lib/xdg-desktop-portal:1029947): xdg-desktop-portal-WARNING **: 02:36:07.856: Choosing gtk.portal for org.freedesktop.impl.portal.Email as a last-resort fallback

(/usr/lib/xdg-desktop-portal:1029947): xdg-desktop-portal-WARNING **: 02:36:07.856: Choosing gtk.portal for org.freedesktop.impl.portal.DynamicLauncher as a last-resort fallback
dbus-daemon[1028951]: [session uid=1000 pid=1028951 pidfd=5] Successfully activated service 'org.freedesktop.portal.Desktop'
{"action_ms": 136.46, "candidate": "type-verification-value", "candidate_build_ms": 0.04, "confidence": 1.0, "decision_ms": 50.1, "delivery_mode": null, "dry_run": false, "event": "step", "probabilities": {"abstain": 0.0, "reobserve": 0.0, "type-verification-value": 1.0}, "provider_decision_ms": 0.0, "semantic_observe_ms": 50.03, "step": 1, "tool": "browser_type", "total_step_ms": 186.57, "visual": {"reason": "page_structure_candidate", "status": "skipped"}, "visual_observe_ms": 0.0}
{"action_refused": "browser_ref_stale", "candidate": "submit-form", "event": "step", "phase": "refused", "step": 2, "tool": "browser_click", "visual": {"reason": "page_structure_candidate", "status": "skipped"}}
{"action_ms": 26.48, "candidate": "submit-form", "candidate_build_ms": 0.04, "confidence": 1.0, "decision_ms": 8.12, "delivery_mode": null, "dry_run": false, "event": "step", "probabilities": {"abstain": 0.0, "reobserve": 0.0, "submit-form": 1.0}, "provider_decision_ms": 0.0, "semantic_observe_ms": 8.05, "step": 3, "tool": "browser_click", "total_step_ms": 34.61, "visual": {"reason": "page_structure_candidate", "status": "skipped"}, "visual_observe_ms": 0.0}
{"event": "outcome", "outcome": "verified", "token": "fix02-772c673a2580"}
{"event": "cell", "id": "f3-stale-F-rep01", "outcome": "verified", "clicks": 2, "applied": 1, "old": null, "code": null}
A connection to the bus can't be made
CRITICAL: [dbus_cb_name_lost:1438] Cannot connect to DBus.
[session] exit rc=0 run_dir=<tmp>/x11-session.KipVsj
