[session] DISPLAY=:100 openbox=1020158 picom=1020159 dbus=unix:path=<TMPDBUS>,guid=<GUID>
[fix02] outer_hostless=1 display=:100 xdg_runtime_private=yes
[a3-probe] xdpyinfo ok DISPLAY=:100
[fix02] DISPLAY=:100 loadavg=12.06 11.42 8.07 phase_args=--phase f3ts --arm F --driver cua-driver-fix02r3-f-df4f1edf5 --out k6-f3ts-F-stale --start-rep 1 --reps 1 --code stale --ts-examples jev-use 
{"event": "validity", "ok": true, "display": ":100"}
dbus-daemon[1020142]: [session uid=1000 pid=1020142 pidfd=5] Activating service name='org.a11y.Bus' requested by ':1.0' (uid=1000 pid=1024304 comm="<lanes>/bin/cua-driver-fi")
dbus-daemon[1020142]: [session uid=1000 pid=1020142 pidfd=5] Successfully activated service 'org.a11y.Bus'
dbus-daemon[1020142]: [session uid=1000 pid=1020142 pidfd=5] Activating service name='ca.desrt.dconf' requested by ':1.1' (uid=1000 pid=1024343 comm="/usr/lib/at-spi-bus-launcher")
dbus-daemon[1020142]: [session uid=1000 pid=1020142 pidfd=5] Successfully activated service 'ca.desrt.dconf'
dbus-daemon[1020142]: [session uid=1000 pid=1020142 pidfd=5] Activating service name='org.freedesktop.systemd1' requested by ':1.4' (uid=1000 pid=1024384 comm="/usr/bin/dbus-broker-launch --config-file=/usr/sha")
dbus-daemon[1020142]: [session uid=1000 pid=1020142 pidfd=5] Activated service 'org.freedesktop.systemd1' failed: Process org.freedesktop.systemd1 exited with status 1
dbus-daemon[1020142]: [session uid=1000 pid=1020142 pidfd=5] Activating service name='org.freedesktop.systemd1' requested by ':1.4' (uid=1000 pid=1024384 comm="/usr/bin/dbus-broker-launch --config-file=/usr/sha")
dbus-daemon[1020142]: [session uid=1000 pid=1020142 pidfd=5] Activated service 'org.freedesktop.systemd1' failed: Process org.freedesktop.systemd1 exited with status 1
dbus-daemon[1020142]: [session uid=1000 pid=1020142 pidfd=5] Activating service name='org.gtk.vfs.Daemon' requested by ':1.5' (uid=1000 pid=1024687 comm="/opt/google/chrome/chrome --remote-debugging-port=")
dbus-daemon[1020142]: [session uid=1000 pid=1020142 pidfd=5] Successfully activated service 'org.gtk.vfs.Daemon'
fusermount3: mount failed: Operation not permitted
dbus-daemon[1020142]: [session uid=1000 pid=1020142 pidfd=5] Activating service name='org.freedesktop.systemd1' requested by ':1.4' (uid=1000 pid=1024384 comm="/usr/bin/dbus-broker-launch --config-file=/usr/sha")
dbus-daemon[1020142]: [session uid=1000 pid=1020142 pidfd=5] Activated service 'org.freedesktop.systemd1' failed: Process org.freedesktop.systemd1 exited with status 1
dbus-daemon[1020142]: [session uid=1000 pid=1020142 pidfd=5] Activating service name='org.freedesktop.systemd1' requested by ':1.4' (uid=1000 pid=1024384 comm="/usr/bin/dbus-broker-launch --config-file=/usr/sha")
dbus-daemon[1020142]: [session uid=1000 pid=1020142 pidfd=5] Activated service 'org.freedesktop.systemd1' failed: Process org.freedesktop.systemd1 exited with status 1
dbus-daemon[1020142]: [session uid=1000 pid=1020142 pidfd=5] Activating service name='org.freedesktop.Notifications' requested by ':1.7' (uid=1000 pid=1024687 comm="/opt/google/chrome/chrome --remote-debugging-port=")
dbus-daemon[1020142]: [session uid=1000 pid=1020142 pidfd=5] Activating service name='org.freedesktop.portal.Desktop' requested by ':1.7' (uid=1000 pid=1024687 comm="/opt/google/chrome/chrome --remote-debugging-port=")
dbus-daemon[1020142]: [session uid=1000 pid=1020142 pidfd=5] Activating service name='org.freedesktop.impl.portal.PermissionStore' requested by ':1.9' (uid=1000 pid=1025111 comm="/usr/lib/xdg-desktop-portal")
dbus-daemon[1020142]: [session uid=1000 pid=1020142 pidfd=5] Successfully activated service 'org.freedesktop.impl.portal.PermissionStore'
dbus-daemon[1020142]: [session uid=1000 pid=1020142 pidfd=5] Activating service name='org.freedesktop.portal.Documents' requested by ':1.9' (uid=1000 pid=1025111 comm="/usr/lib/xdg-desktop-portal")
dbus-daemon[1020142]: [session uid=1000 pid=1020142 pidfd=5] Successfully activated service 'org.freedesktop.Notifications'
dbus-daemon[1020142]: [session uid=1000 pid=1020142 pidfd=5] Successfully activated service 'org.freedesktop.portal.Documents'
fusermount3: mount failed: Operation not permitted
error: fuse init failed: Can't mount path <tmp>/x11-session.OZzwlg/xdg-runtime/doc

(/usr/lib/xdg-desktop-portal:1025111): xdg-desktop-portal-WARNING **: 02:35:31.314: Document portal fuse mount point unknown: GDBus.Error:org.freedesktop.DBus.Error.ServiceUnknown: The name :1.11 was not provided by any .service files

(/usr/lib/xdg-desktop-portal:1025111): xdg-desktop-portal-WARNING **: 02:35:31.314: Choosing gtk.portal for org.freedesktop.impl.portal.Lockdown as a last-resort fallback
dbus-daemon[1020142]: [session uid=1000 pid=1020142 pidfd=5] Activating service name='org.freedesktop.impl.portal.desktop.gtk' requested by ':1.9' (uid=1000 pid=1025111 comm="/usr/lib/xdg-desktop-portal")
dbus-daemon[1020142]: [session uid=1000 pid=1020142 pidfd=5] Activating service name='org.freedesktop.systemd1' requested by ':1.4' (uid=1000 pid=1024384 comm="/usr/bin/dbus-broker-launch --config-file=/usr/sha")
dbus-daemon[1020142]: [session uid=1000 pid=1020142 pidfd=5] Activated service 'org.freedesktop.systemd1' failed: Process org.freedesktop.systemd1 exited with status 1

** (xdg-desktop-portal-gtk:1025160): WARNING **: 02:35:31.508: AT-SPI: Could not obtain desktop path or name

dbus-daemon[1020142]: [session uid=1000 pid=1020142 pidfd=5] Activating service name='org.freedesktop.systemd1' requested by ':1.4' (uid=1000 pid=1024384 comm="/usr/bin/dbus-broker-launch --config-file=/usr/sha")
dbus-daemon[1020142]: [session uid=1000 pid=1020142 pidfd=5] Successfully activated service 'org.freedesktop.impl.portal.desktop.gtk'
dbus-daemon[1020142]: [session uid=1000 pid=1020142 pidfd=5] Activated service 'org.freedesktop.systemd1' failed: Process org.freedesktop.systemd1 exited with status 1

** (xdg-desktop-portal-gtk:1025160): WARNING **: 02:35:31.515: atk-bridge: GetRegisteredEvents returned message with unknown signature

** (xdg-desktop-portal-gtk:1025160): WARNING **: 02:35:31.515: atk-bridge: get_device_events_reply: unknown signature

(/usr/lib/xdg-desktop-portal:1025111): xdg-desktop-portal-WARNING **: 02:35:31.520: Choosing gtk.portal for org.freedesktop.impl.portal.Access as a last-resort fallback

(/usr/lib/xdg-desktop-portal:1025111): xdg-desktop-portal-WARNING **: 02:35:31.583: Choosing gtk.portal for org.freedesktop.impl.portal.Settings as a last-resort fallback

(/usr/lib/xdg-desktop-portal:1025111): xdg-desktop-portal-WARNING **: 02:35:31.595: Choosing gtk.portal for org.freedesktop.impl.portal.FileChooser as a last-resort fallback

(/usr/lib/xdg-desktop-portal:1025111): xdg-desktop-portal-WARNING **: 02:35:31.606: Choosing gtk.portal for org.freedesktop.impl.portal.AppChooser as a last-resort fallback

(/usr/lib/xdg-desktop-portal:1025111): xdg-desktop-portal-WARNING **: 02:35:31.614: Choosing gtk.portal for org.freedesktop.impl.portal.Print as a last-resort fallback

(/usr/lib/xdg-desktop-portal:1025111): xdg-desktop-portal-WARNING **: 02:35:31.623: Choosing gtk.portal for org.freedesktop.impl.portal.Notification as a last-resort fallback

(/usr/lib/xdg-desktop-portal:1025111): xdg-desktop-portal-WARNING **: 02:35:31.633: Choosing gtk.portal for org.freedesktop.impl.portal.Inhibit as a last-resort fallback

(/usr/lib/xdg-desktop-portal:1025111): xdg-desktop-portal-WARNING **: 02:35:31.652: Failed to connect to PipeWire: Couldn't connect to PipeWire

(/usr/lib/xdg-desktop-portal:1025111): xdg-desktop-portal-WARNING **: 02:35:31.652: Choosing gtk.portal for org.freedesktop.impl.portal.Account as a last-resort fallback

(/usr/lib/xdg-desktop-portal:1025111): xdg-desktop-portal-WARNING **: 02:35:31.664: Choosing gtk.portal for org.freedesktop.impl.portal.Email as a last-resort fallback

(/usr/lib/xdg-desktop-portal:1025111): xdg-desktop-portal-WARNING **: 02:35:31.678: Choosing gtk.portal for org.freedesktop.impl.portal.DynamicLauncher as a last-resort fallback
dbus-daemon[1020142]: [session uid=1000 pid=1020142 pidfd=5] Successfully activated service 'org.freedesktop.portal.Desktop'
{"event": "cell", "id": "f3ts-stale-F-rep01", "outcome": "verified", "clicks": 2, "applied": 1, "old": null, "code": null}
A connection to the bus can't be made
CRITICAL: [dbus_cb_name_lost:1438] Cannot connect to DBus.
X connection to :100 broken (explicit kill or server shutdown).
[session] exit rc=0 run_dir=<tmp>/x11-session.OZzwlg
