[session] attempt=1 jitter_ms=2196
dbus-daemon[320479]: [session uid=1000 pid=320479 pidfd=5] Activating service name='org.freedesktop.systemd1' requested by ':1.1' (uid=1000 pid=320488 comm="/usr/bin/dbus-broker-launch --config-file=/usr/sha")
dbus-daemon[320479]: [session uid=1000 pid=320479 pidfd=5] Activated service 'org.freedesktop.systemd1' failed: Process org.freedesktop.systemd1 exited with status 1
[session] DISPLAY=:101 openbox=320512 picom=320513 dbus=unix:path=/tmp/dbus-RxZSDZpKxr,guid=bb15a5946a37004d032f233b6ac17e1b
[probe] display_set=yes atspi=1 loadavg=6.87 9.05 11.32 start=2026-10-03T22:13:50Z
dbus-daemon[320479]: [session uid=1000 pid=320479 pidfd=5] Activating service name='org.gtk.vfs.Daemon' requested by ':1.5' (uid=1000 pid=320712 comm="/usr/bin/python3 <lanes>/")
dbus-daemon[320479]: [session uid=1000 pid=320479 pidfd=5] Successfully activated service 'org.gtk.vfs.Daemon'
fusermount3: mount failed: Operation not permitted
dbus-daemon[320479]: [session uid=1000 pid=320479 pidfd=5] Activating service name='ca.desrt.dconf' requested by ':1.0' (uid=1000 pid=320481 comm="/usr/lib/at-spi-bus-launcher --launch-immediately")
dbus-daemon[320479]: [session uid=1000 pid=320479 pidfd=5] Successfully activated service 'ca.desrt.dconf'
dbus-daemon[320479]: [session uid=1000 pid=320479 pidfd=5] Activating service name='org.gtk.vfs.Metadata' requested by ':1.5' (uid=1000 pid=320712 comm="/usr/bin/python3 <lanes>/")
dbus-daemon[320479]: [session uid=1000 pid=320479 pidfd=5] Successfully activated service 'org.gtk.vfs.Metadata'
[probe] M8-r1 failure=None
[probe] M8F-r1 failure=None
[probe] M8F-r2 failure=None
[probe] M8-r2 failure=None
[probe] M8-r3 failure=None
[probe] M8F-r3 failure=None
[probe] M8F-r4 failure=None
[probe] M8-r4 failure=None
[probe] M8-r5 failure=None
[probe] M8F-r5 failure=None
[probe] rc=0 loadavg=5.07 8.23 10.91 end=2026-10-03T22:14:47Z
A connection to the bus can't be made
[session] exit rc=0 run_dir=<tmp>/x11-session.g4DIOq
