[2026-10-03T18:50:24.364Z] chunk r207g-L1 mode=exclusive live=1 loadavg=1.62 1.89 2.28
[2026-10-03T18:50:24.367Z] chunk r207g-L1 cargo lock held before acquiring: rc=74
[2026-10-03T18:50:54.378Z] chunk r207g-L1 mode=exclusive live=1 loadavg=1.81 1.91 2.27
[2026-10-03T18:50:54.382Z] chunk r207g-L1 cargo lock held before acquiring: rc=74
[2026-10-03T18:51:24.400Z] chunk r207g-L1 mode=exclusive live=1 loadavg=1.81 1.91 2.26
[2026-10-03T18:51:24.403Z] chunk r207g-L1 cargo lock held before acquiring: rc=74
[2026-10-03T18:51:54.424Z] chunk r207g-L1 mode=exclusive live=1 loadavg=1.42 1.80 2.21
[2026-10-03T18:51:54.428Z] chunk r207g-L1 cargo lock held before acquiring: rc=74
[2026-10-03T18:52:24.439Z] chunk r207g-L1 mode=exclusive live=1 loadavg=1.47 1.76 2.18
[2026-10-03T18:52:24.442Z] chunk r207g-L1 cargo lock held before acquiring: rc=74
[2026-10-03T18:52:54.453Z] chunk r207g-L1 mode=exclusive live=1 loadavg=1.22 1.67 2.14
[2026-10-03T18:52:54.456Z] chunk r207g-L1 cargo lock held before acquiring: rc=74
[2026-10-03T18:53:24.470Z] chunk r207g-L1 mode=exclusive live=1 loadavg=1.14 1.61 2.10
[2026-10-03T18:53:24.474Z] chunk r207g-L1 cargo lock held before acquiring: rc=74
[2026-10-03T18:53:54.494Z] chunk r207g-L1 mode=exclusive live=1 loadavg=1.41 1.62 2.09
[2026-10-03T18:53:54.497Z] chunk r207g-L1 cargo lock held before acquiring: rc=74
[2026-10-03T18:54:24.510Z] chunk r207g-L1 mode=exclusive live=1 loadavg=1.56 1.64 2.08
[2026-10-03T18:54:24.513Z] chunk r207g-L1 cargo lock held before acquiring: rc=74
[2026-10-03T18:54:54.531Z] chunk r207g-L1 mode=exclusive live=1 loadavg=1.52 1.62 2.06
[2026-10-03T18:54:54.533Z] chunk r207g-L1 cargo lock held before acquiring: rc=74
[2026-10-03T18:55:24.546Z] chunk r207g-L1 mode=exclusive live=1 loadavg=1.38 1.58 2.03
[2026-10-03T18:55:24.549Z] chunk r207g-L1 cargo lock held before acquiring: rc=74
[2026-10-03T18:55:54.560Z] chunk r207g-L1 mode=exclusive live=1 loadavg=2.56 1.82 2.09
[2026-10-03T18:55:54.563Z] chunk r207g-L1 cargo lock held before acquiring: rc=74
[2026-10-03T18:56:24.585Z] chunk r207g-L1 mode=exclusive live=1 loadavg=2.28 1.82 2.09
[2026-10-03T18:56:24.588Z] chunk r207g-L1 cargo lock held before acquiring: rc=74
[2026-10-03T18:56:54.606Z] chunk r207g-L1 mode=exclusive live=1 loadavg=1.78 1.74 2.05
[2026-10-03T18:56:54.609Z] chunk r207g-L1 cargo lock held before acquiring: rc=74
[2026-10-03T18:57:24.626Z] chunk r207g-L1 mode=exclusive live=1 loadavg=2.55 1.91 2.10
[2026-10-03T18:57:24.629Z] chunk r207g-L1 cargo lock held before acquiring: rc=74
[2026-10-03T18:57:54.640Z] chunk r207g-L1 mode=exclusive live=1 loadavg=2.26 1.90 2.09
[2026-10-03T18:57:54.643Z] chunk r207g-L1 cargo lock held before acquiring: rc=74
[2026-10-03T18:58:24.654Z] chunk r207g-L1 mode=exclusive live=1 loadavg=1.91 1.85 2.06
[2026-10-03T18:58:24.657Z] chunk r207g-L1 cargo lock held before acquiring: rc=74
[2026-10-03T18:58:54.679Z] chunk r207g-L1 mode=exclusive live=1 loadavg=1.87 1.85 2.06
[2026-10-03T18:58:54.682Z] chunk r207g-L1 cargo lock held before acquiring: rc=74
[2026-10-03T18:59:24.693Z] chunk r207g-L1 mode=exclusive live=1 loadavg=2.09 1.90 2.07
[2026-10-03T18:59:24.696Z] chunk r207g-L1 cargo lock held before acquiring: rc=74
[2026-10-03T18:59:54.714Z] chunk r207g-L1 mode=exclusive live=1 loadavg=2.05 1.91 2.06
[2026-10-03T18:59:54.717Z] chunk r207g-L1 cargo lock held before acquiring: rc=74
[2026-10-03T19:00:24.735Z] chunk r207g-L1 mode=exclusive live=1 loadavg=1.70 1.84 2.03
[2026-10-03T19:00:24.739Z] chunk r207g-L1 cargo lock held before acquiring: rc=74
[2026-10-03T19:00:54.752Z] chunk r207g-L1 mode=exclusive live=1 loadavg=2.60 2.03 2.09
[2026-10-03T19:00:54.755Z] chunk r207g-L1 cargo lock held before acquiring: rc=74
[2026-10-03T19:01:24.767Z] chunk r207g-L1 mode=exclusive live=1 loadavg=2.21 1.99 2.08
[r2-07d] xdpyinfo probe ok DISPLAY=:100
[r2-07c] display=:100 xdg_runtime_private=yes key=present loadavg=6.21 4.94 4.00
[2m2026-10-03T19:27:43.036744Z[0m [33m WARN[0m [2mcua_driver_sdk::runtime[0m[2m:[0m could not activate the persistent AT-SPI listener: AT-SPI connect failed: ZBus Error: MethodError(OwnedErrorName("org.freedesktop.DBus.Error.NameHasNoOwner"), Some("Could not activate remote peer 'org.a11y.atspi.Registry': unit failed"), Msg { type: Error, serial: 4294967295, sender: UniqueName("org.freedesktop.DBus"), reply-serial: 10, body: Str, fds: [] })
[2m2026-10-03T19:27:43.052406Z[0m [33m WARN[0m [2mplatform_linux::overlay[0m[2m:[0m X11 overlay: root reads cannot see this window's own pixels; save-unders will be served without readback confirmation
fusermount3: mount failed: Operation not permitted
fusermount3: mount failed: Operation not permitted

(/usr/lib/xdg-desktop-portal:3141145): xdg-desktop-portal-WARNING **: 14:27:43.683: Document portal fuse mount point unknown: GDBus.Error:org.freedesktop.DBus.Error.ServiceUnknown: The name :1.11 was not provided by any .service files

(/usr/lib/xdg-desktop-portal:3141145): xdg-desktop-portal-WARNING **: 14:27:43.683: Choosing gtk.portal for org.freedesktop.impl.portal.Lockdown as a last-resort fallback

** (xdg-desktop-portal-gtk:3141207): WARNING **: 14:27:43.709: AT-SPI: Could not obtain desktop path or name


(/usr/lib/xdg-desktop-portal:3141145): xdg-desktop-portal-WARNING **: 14:27:43.710: Choosing gtk.portal for org.freedesktop.impl.portal.Access as a last-resort fallback

** (xdg-desktop-portal-gtk:3141207): WARNING **: 14:27:43.711: atk-bridge: GetRegisteredEvents returned message with unknown signature

** (xdg-desktop-portal-gtk:3141207): WARNING **: 14:27:43.711: atk-bridge: get_device_events_reply: unknown signature

(/usr/lib/xdg-desktop-portal:3141145): xdg-desktop-portal-WARNING **: 14:27:43.724: Choosing gtk.portal for org.freedesktop.impl.portal.Settings as a last-resort fallback

(/usr/lib/xdg-desktop-portal:3141145): xdg-desktop-portal-WARNING **: 14:27:43.725: Choosing gtk.portal for org.freedesktop.impl.portal.FileChooser as a last-resort fallback

(/usr/lib/xdg-desktop-portal:3141145): xdg-desktop-portal-WARNING **: 14:27:43.725: Choosing gtk.portal for org.freedesktop.impl.portal.AppChooser as a last-resort fallback

(/usr/lib/xdg-desktop-portal:3141145): xdg-desktop-portal-WARNING **: 14:27:43.725: Choosing gtk.portal for org.freedesktop.impl.portal.Print as a last-resort fallback

(/usr/lib/xdg-desktop-portal:3141145): xdg-desktop-portal-WARNING **: 14:27:43.726: Choosing gtk.portal for org.freedesktop.impl.portal.Notification as a last-resort fallback

(/usr/lib/xdg-desktop-portal:3141145): xdg-desktop-portal-WARNING **: 14:27:43.726: Choosing gtk.portal for org.freedesktop.impl.portal.Inhibit as a last-resort fallback

(/usr/lib/xdg-desktop-portal:3141145): xdg-desktop-portal-WARNING **: 14:27:43.727: Failed to connect to PipeWire: Couldn't connect to PipeWire

(/usr/lib/xdg-desktop-portal:3141145): xdg-desktop-portal-WARNING **: 14:27:43.727: Choosing gtk.portal for org.freedesktop.impl.portal.Account as a last-resort fallback

(/usr/lib/xdg-desktop-portal:3141145): xdg-desktop-portal-WARNING **: 14:27:43.728: Choosing gtk.portal for org.freedesktop.impl.portal.Email as a last-resort fallback

(/usr/lib/xdg-desktop-portal:3141145): xdg-desktop-portal-WARNING **: 14:27:43.728: Choosing gtk.portal for org.freedesktop.impl.portal.DynamicLauncher as a last-resort fallback
[2m2026-10-03T19:27:44.232349Z[0m [33m WARN[0m [2mcua_driver_sdk::runtime[0m[2m:[0m could not activate the persistent AT-SPI listener: AT-SPI connect failed: ZBus Error: MethodError(OwnedErrorName("org.freedesktop.DBus.Error.NameHasNoOwner"), Some("Could not activate remote peer 'org.a11y.atspi.Registry': unit failed"), Msg { type: Error, serial: 4294967295, sender: UniqueName("org.freedesktop.DBus"), reply-serial: 9, body: Str, fds: [] })
[2m2026-10-03T19:27:44.241830Z[0m [33m WARN[0m [2mplatform_linux::overlay[0m[2m:[0m X11 overlay: root reads cannot see this window's own pixels; save-unders will be served without readback confirmation

✨ cua-driver v0.33.0 is available (you have v0.32.0).
   Update with: cua-driver update
   Release notes: https://github.com/trycua/cua/releases/tag/cua-driver-rs-v0.33.0

{"trial": "L000-modal-COMP_CR-train-r-1-admission", "kind": "admission", "outcome": "verified", "routine_outcome": "verified", "oracle_exact_match": true, "completion_mutations": 1, "routes": ["compiled"], "error": null, "la": "6.51", "dec": 0, "prov": {"attempts": 0, "reached": 0}}
{"trial": "L000-modal-COMP_CR-train-r-1", "kind": "train", "outcome": "verified", "routine_outcome": null, "oracle_exact_match": true, "completion_mutations": 1, "routes": ["provider", "provider"], "error": null, "la": "6.21", "dec": 2, "prov": {"attempts": 0, "reached": 0}}
[2m2026-10-03T19:27:45.857309Z[0m [33m WARN[0m [2mcua_driver_sdk::runtime[0m[2m:[0m could not activate the persistent AT-SPI listener: AT-SPI connect failed: ZBus Error: MethodError(OwnedErrorName("org.freedesktop.DBus.Error.NameHasNoOwner"), Some("Could not activate remote peer 'org.a11y.atspi.Registry': unit failed"), Msg { type: Error, serial: 4294967295, sender: UniqueName("org.freedesktop.DBus"), reply-serial: 9, body: Str, fds: [] })
[2m2026-10-03T19:27:45.868521Z[0m [33m WARN[0m [2mplatform_linux::overlay[0m[2m:[0m X11 overlay: root reads cannot see this window's own pixels; save-unders will be served without readback confirmation

✨ cua-driver v0.33.0 is available (you have v0.32.0).
   Update with: cua-driver update
   Release notes: https://github.com/trycua/cua/releases/tag/cua-driver-rs-v0.33.0

[2m2026-10-03T19:27:46.885685Z[0m [33m WARN[0m [2mcua_driver_sdk::runtime[0m[2m:[0m could not activate the persistent AT-SPI listener: AT-SPI connect failed: ZBus Error: MethodError(OwnedErrorName("org.freedesktop.DBus.Error.NameHasNoOwner"), Some("Could not activate remote peer 'org.a11y.atspi.Registry': unit failed"), Msg { type: Error, serial: 4294967295, sender: UniqueName("org.freedesktop.DBus"), reply-serial: 9, body: Str, fds: [] })
[2m2026-10-03T19:27:46.893887Z[0m [33m WARN[0m [2mplatform_linux::overlay[0m[2m:[0m X11 overlay: root reads cannot see this window's own pixels; save-unders will be served without readback confirmation

✨ cua-driver v0.33.0 is available (you have v0.32.0).
   Update with: cua-driver update
   Release notes: https://github.com/trycua/cua/releases/tag/cua-driver-rs-v0.33.0

{"trial": "L001-toggle-COMP_CR-train-r-1-admission", "kind": "admission", "outcome": "verified", "routine_outcome": "verified", "oracle_exact_match": true, "completion_mutations": 1, "routes": ["compiled"], "error": null, "la": "6.51", "dec": 0, "prov": {"attempts": 0, "reached": 0}}
{"trial": "L001-toggle-COMP_CR-train-r-1", "kind": "train", "outcome": "verified", "routine_outcome": null, "oracle_exact_match": true, "completion_mutations": 1, "routes": ["provider", "provider"], "error": null, "la": "6.51", "dec": 2, "prov": {"attempts": 0, "reached": 0}}
[2m2026-10-03T19:27:48.507527Z[0m [33m WARN[0m [2mcua_driver_sdk::runtime[0m[2m:[0m could not activate the persistent AT-SPI listener: AT-SPI connect failed: ZBus Error: MethodError(OwnedErrorName("org.freedesktop.DBus.Error.NameHasNoOwner"), Some("Could not activate remote peer 'org.a11y.atspi.Registry': unit failed"), Msg { type: Error, serial: 4294967295, sender: UniqueName("org.freedesktop.DBus"), reply-serial: 9, body: Str, fds: [] })
[2m2026-10-03T19:27:48.517007Z[0m [33m WARN[0m [2mplatform_linux::overlay[0m[2m:[0m X11 overlay: root reads cannot see this window's own pixels; save-unders will be served without readback confirmation

✨ cua-driver v0.33.0 is available (you have v0.32.0).
   Update with: cua-driver update
   Release notes: https://github.com/trycua/cua/releases/tag/cua-driver-rs-v0.33.0

{"trial": "L002-modal-COMP_CR-n7-r00", "kind": "n7", "outcome": "budget_exhausted", "routine_outcome": "budget_exhausted", "oracle_exact_match": false, "completion_mutations": 0, "routes": ["compiled", "fallback:provider", "fallback:provider", "fallback:provider", "fallback:provider"], "error": null, "la": "6.23", "dec": 4, "prov": {"attempts": 0, "reached": 0}}
[2m2026-10-03T19:27:53.664397Z[0m [33m WARN[0m [2mcua_driver_sdk::runtime[0m[2m:[0m could not activate the persistent AT-SPI listener: AT-SPI connect failed: ZBus Error: MethodError(OwnedErrorName("org.freedesktop.DBus.Error.NameHasNoOwner"), Some("Could not activate remote peer 'org.a11y.atspi.Registry': unit failed"), Msg { type: Error, serial: 4294967295, sender: UniqueName("org.freedesktop.DBus"), reply-serial: 9, body: Str, fds: [] })
[2m2026-10-03T19:27:53.674742Z[0m [33m WARN[0m [2mplatform_linux::overlay[0m[2m:[0m X11 overlay: root reads cannot see this window's own pixels; save-unders will be served without readback confirmation

✨ cua-driver v0.33.0 is available (you have v0.32.0).
   Update with: cua-driver update
   Release notes: https://github.com/trycua/cua/releases/tag/cua-driver-rs-v0.33.0

{"trial": "L003-modal-COMP_CR-n7-r01", "kind": "n7", "outcome": "budget_exhausted", "routine_outcome": "budget_exhausted", "oracle_exact_match": false, "completion_mutations": 0, "routes": ["compiled", "fallback:provider", "fallback:provider", "fallback:provider", "fallback:provider"], "error": null, "la": "5.81", "dec": 4, "prov": {"attempts": 0, "reached": 0}}
[2m2026-10-03T19:27:58.212998Z[0m [33m WARN[0m [2mcua_driver_sdk::runtime[0m[2m:[0m could not activate the persistent AT-SPI listener: AT-SPI connect failed: ZBus Error: MethodError(OwnedErrorName("org.freedesktop.DBus.Error.NameHasNoOwner"), Some("Could not activate remote peer 'org.a11y.atspi.Registry': unit failed"), Msg { type: Error, serial: 4294967295, sender: UniqueName("org.freedesktop.DBus"), reply-serial: 9, body: Str, fds: [] })
[2m2026-10-03T19:27:58.221348Z[0m [33m WARN[0m [2mplatform_linux::overlay[0m[2m:[0m X11 overlay: root reads cannot see this window's own pixels; save-unders will be served without readback confirmation

✨ cua-driver v0.33.0 is available (you have v0.32.0).
   Update with: cua-driver update
   Release notes: https://github.com/trycua/cua/releases/tag/cua-driver-rs-v0.33.0

{"trial": "L004-modal-COMP_CR-n7-r02", "kind": "n7", "outcome": "budget_exhausted", "routine_outcome": "budget_exhausted", "oracle_exact_match": false, "completion_mutations": 0, "routes": ["compiled", "fallback:provider", "fallback:provider", "fallback:provider", "fallback:provider"], "error": null, "la": "5.51", "dec": 4, "prov": {"attempts": 0, "reached": 0}}
[2m2026-10-03T19:28:03.131157Z[0m [33m WARN[0m [2mcua_driver_sdk::runtime[0m[2m:[0m could not activate the persistent AT-SPI listener: AT-SPI connect failed: ZBus Error: MethodError(OwnedErrorName("org.freedesktop.DBus.Error.NameHasNoOwner"), Some("Could not activate remote peer 'org.a11y.atspi.Registry': unit failed"), Msg { type: Error, serial: 4294967295, sender: UniqueName("org.freedesktop.DBus"), reply-serial: 9, body: Str, fds: [] })
[2m2026-10-03T19:28:03.141176Z[0m [33m WARN[0m [2mplatform_linux::overlay[0m[2m:[0m X11 overlay: root reads cannot see this window's own pixels; save-unders will be served without readback confirmation

✨ cua-driver v0.33.0 is available (you have v0.32.0).
   Update with: cua-driver update
   Release notes: https://github.com/trycua/cua/releases/tag/cua-driver-rs-v0.33.0

{"trial": "L005-toggle-COMP_CR-n1-r03", "kind": "n1", "outcome": "abstained", "routine_outcome": "abstained", "oracle_exact_match": false, "completion_mutations": 0, "routes": ["compiled", "fallback:provider", "fallback:provider", "fallback:provider", "fallback:provider"], "error": null, "la": "5.51", "dec": 4, "prov": {"attempts": 0, "reached": 0}}
CRITICAL: [dbus_cb_name_lost:1438] Cannot connect to DBus.
A connection to the bus can't be made
[2026-10-03T19:28:08.682Z] chunk r207g-L1 rc=0 loadavg=5.49 4.89 4.01
