[session] DISPLAY=:102 openbox=851869 picom=851870 dbus=unix:path=<tmp>/dbus-4Y6klmiGFq,guid=05cc34133e9f1830aa1a2e736ac12f9a
[fresh07] display_set=yes loadavg=6.63 9.74 9.77 atspi=0 mode=once
dbus-daemon[851867]: [session uid=1000 pid=851867 pidfd=5] Activating service name='org.a11y.Bus' requested by ':1.0' (uid=1000 pid=851989 comm="<lanes>/bin/cua-driver-fr")
dbus-daemon[851867]: [session uid=1000 pid=851867 pidfd=5] Successfully activated service 'org.a11y.Bus'
dbus-daemon[851867]: [session uid=1000 pid=851867 pidfd=5] Activating service name='ca.desrt.dconf' requested by ':1.1' (uid=1000 pid=851996 comm="/usr/lib/at-spi-bus-launcher")
dbus-daemon[851867]: [session uid=1000 pid=851867 pidfd=5] Successfully activated service 'ca.desrt.dconf'
dbus-daemon[851867]: [session uid=1000 pid=851867 pidfd=5] Activating service name='org.freedesktop.systemd1' requested by ':1.4' (uid=1000 pid=852022 comm="/usr/bin/dbus-broker-launch --config-file=/usr/sha")
dbus-daemon[851867]: [session uid=1000 pid=851867 pidfd=5] Activated service 'org.freedesktop.systemd1' failed: Process org.freedesktop.systemd1 exited with status 1
[2m2026-10-03T16:38:53.115918Z[0m [33m WARN[0m [2mcua_driver_sdk::runtime[0m[2m:[0m could not activate the persistent AT-SPI listener: AT-SPI connect failed: ZBus Error: MethodError(OwnedErrorName("org.freedesktop.DBus.Error.NameHasNoOwner"), Some("Could not activate remote peer 'org.a11y.atspi.Registry': unit failed"), Msg { type: Error, serial: 4294967295, sender: UniqueName("org.freedesktop.DBus"), reply-serial: 10, body: Str, fds: [] })
[2m2026-10-03T16:38:53.123259Z[0m [33m WARN[0m [2mplatform_linux::overlay[0m[2m:[0m X11 overlay: root reads cannot see this window's own pixels; save-unders will be served without readback confirmation
dbus-daemon[851867]: [session uid=1000 pid=851867 pidfd=5] Activating service name='org.gtk.vfs.Daemon' requested by ':1.5' (uid=1000 pid=852092 comm="/opt/google/chrome/chrome --remote-debugging-port=")
dbus-daemon[851867]: [session uid=1000 pid=851867 pidfd=5] Successfully activated service 'org.gtk.vfs.Daemon'
fusermount3: mount failed: Operation not permitted
dbus-daemon[851867]: [session uid=1000 pid=851867 pidfd=5] Activating service name='org.freedesktop.systemd1' requested by ':1.4' (uid=1000 pid=852022 comm="/usr/bin/dbus-broker-launch --config-file=/usr/sha")
dbus-daemon[851867]: [session uid=1000 pid=851867 pidfd=5] Activated service 'org.freedesktop.systemd1' failed: Process org.freedesktop.systemd1 exited with status 1
dbus-daemon[851867]: [session uid=1000 pid=851867 pidfd=5] Activating service name='org.freedesktop.systemd1' requested by ':1.4' (uid=1000 pid=852022 comm="/usr/bin/dbus-broker-launch --config-file=/usr/sha")
dbus-daemon[851867]: [session uid=1000 pid=851867 pidfd=5] Activated service 'org.freedesktop.systemd1' failed: Process org.freedesktop.systemd1 exited with status 1
dbus-daemon[851867]: [session uid=1000 pid=851867 pidfd=5] Activating service name='org.freedesktop.Notifications' requested by ':1.7' (uid=1000 pid=852092 comm="/opt/google/chrome/chrome --remote-debugging-port=")
dbus-daemon[851867]: [session uid=1000 pid=851867 pidfd=5] Activating service name='org.freedesktop.portal.Desktop' requested by ':1.7' (uid=1000 pid=852092 comm="/opt/google/chrome/chrome --remote-debugging-port=")
dbus-daemon[851867]: [session uid=1000 pid=851867 pidfd=5] Activating service name='org.freedesktop.impl.portal.PermissionStore' requested by ':1.9' (uid=1000 pid=852244 comm="/usr/lib/xdg-desktop-portal")
dbus-daemon[851867]: [session uid=1000 pid=851867 pidfd=5] Successfully activated service 'org.freedesktop.Notifications'
dbus-daemon[851867]: [session uid=1000 pid=851867 pidfd=5] Successfully activated service 'org.freedesktop.impl.portal.PermissionStore'
dbus-daemon[851867]: [session uid=1000 pid=851867 pidfd=5] Activating service name='org.freedesktop.portal.Documents' requested by ':1.9' (uid=1000 pid=852244 comm="/usr/lib/xdg-desktop-portal")
dbus-daemon[851867]: [session uid=1000 pid=851867 pidfd=5] Successfully activated service 'org.freedesktop.portal.Documents'
fusermount3: mount failed: Operation not permitted
error: fuse init failed: Can't mount path <tmp>/x11-session.8RTsjk/xdg-runtime/doc

(/usr/lib/xdg-desktop-portal:852244): xdg-desktop-portal-WARNING **: 11:38:53.579: Document portal fuse mount point unknown: GDBus.Error:org.freedesktop.DBus.Error.ServiceUnknown: The name :1.11 was not provided by any .service files

(/usr/lib/xdg-desktop-portal:852244): xdg-desktop-portal-WARNING **: 11:38:53.579: Choosing gtk.portal for org.freedesktop.impl.portal.Lockdown as a last-resort fallback
dbus-daemon[851867]: [session uid=1000 pid=851867 pidfd=5] Activating service name='org.freedesktop.impl.portal.desktop.gtk' requested by ':1.9' (uid=1000 pid=852244 comm="/usr/lib/xdg-desktop-portal")
dbus-daemon[851867]: [session uid=1000 pid=851867 pidfd=5] Activating service name='org.freedesktop.systemd1' requested by ':1.4' (uid=1000 pid=852022 comm="/usr/bin/dbus-broker-launch --config-file=/usr/sha")
dbus-daemon[851867]: [session uid=1000 pid=851867 pidfd=5] Activated service 'org.freedesktop.systemd1' failed: Process org.freedesktop.systemd1 exited with status 1
dbus-daemon[851867]: [session uid=1000 pid=851867 pidfd=5] Successfully activated service 'org.freedesktop.impl.portal.desktop.gtk'

** (xdg-desktop-portal-gtk:852271): WARNING **: 11:38:53.606: AT-SPI: Could not obtain desktop path or name

dbus-daemon[851867]: [session uid=1000 pid=851867 pidfd=5] Activating service name='org.freedesktop.systemd1' requested by ':1.4' (uid=1000 pid=852022 comm="/usr/bin/dbus-broker-launch --config-file=/usr/sha")

(/usr/lib/xdg-desktop-portal:852244): xdg-desktop-portal-WARNING **: 11:38:53.606: Choosing gtk.portal for org.freedesktop.impl.portal.Access as a last-resort fallback
dbus-daemon[851867]: [session uid=1000 pid=851867 pidfd=5] Activated service 'org.freedesktop.systemd1' failed: Process org.freedesktop.systemd1 exited with status 1

** (xdg-desktop-portal-gtk:852271): WARNING **: 11:38:53.607: atk-bridge: GetRegisteredEvents returned message with unknown signature

** (xdg-desktop-portal-gtk:852271): WARNING **: 11:38:53.607: atk-bridge: get_device_events_reply: unknown signature

(/usr/lib/xdg-desktop-portal:852244): xdg-desktop-portal-WARNING **: 11:38:53.615: Choosing gtk.portal for org.freedesktop.impl.portal.Settings as a last-resort fallback

(/usr/lib/xdg-desktop-portal:852244): xdg-desktop-portal-WARNING **: 11:38:53.616: Choosing gtk.portal for org.freedesktop.impl.portal.FileChooser as a last-resort fallback

(/usr/lib/xdg-desktop-portal:852244): xdg-desktop-portal-WARNING **: 11:38:53.616: Choosing gtk.portal for org.freedesktop.impl.portal.AppChooser as a last-resort fallback

(/usr/lib/xdg-desktop-portal:852244): xdg-desktop-portal-WARNING **: 11:38:53.617: Choosing gtk.portal for org.freedesktop.impl.portal.Print as a last-resort fallback

(/usr/lib/xdg-desktop-portal:852244): xdg-desktop-portal-WARNING **: 11:38:53.617: Choosing gtk.portal for org.freedesktop.impl.portal.Notification as a last-resort fallback

(/usr/lib/xdg-desktop-portal:852244): xdg-desktop-portal-WARNING **: 11:38:53.618: Choosing gtk.portal for org.freedesktop.impl.portal.Inhibit as a last-resort fallback

(/usr/lib/xdg-desktop-portal:852244): xdg-desktop-portal-WARNING **: 11:38:53.619: Failed to connect to PipeWire: Couldn't connect to PipeWire

(/usr/lib/xdg-desktop-portal:852244): xdg-desktop-portal-WARNING **: 11:38:53.619: Choosing gtk.portal for org.freedesktop.impl.portal.Account as a last-resort fallback

(/usr/lib/xdg-desktop-portal:852244): xdg-desktop-portal-WARNING **: 11:38:53.620: Choosing gtk.portal for org.freedesktop.impl.portal.Email as a last-resort fallback

(/usr/lib/xdg-desktop-portal:852244): xdg-desktop-portal-WARNING **: 11:38:53.620: Choosing gtk.portal for org.freedesktop.impl.portal.DynamicLauncher as a last-resort fallback
dbus-daemon[851867]: [session uid=1000 pid=851867 pidfd=5] Successfully activated service 'org.freedesktop.portal.Desktop'
{"trial": "smoke-C-000-fill-BASE-smoke-r00", "mode": "step", "outcome": "verified", "oracle_exact_match": true, "completion_mutations": 1, "routes": ["provider", "provider"], "error": null, "la": "6.63", "prov": {"attempts": 0, "reached": 0}}
dbus-daemon[851867]: [session uid=1000 pid=851867 pidfd=5] Activating service name='org.freedesktop.systemd1' requested by ':1.4' (uid=1000 pid=852022 comm="/usr/bin/dbus-broker-launch --config-file=/usr/sha")
dbus-daemon[851867]: [session uid=1000 pid=851867 pidfd=5] Activated service 'org.freedesktop.systemd1' failed: Process org.freedesktop.systemd1 exited with status 1
[2m2026-10-03T16:38:57.251867Z[0m [33m WARN[0m [2mcua_driver_sdk::runtime[0m[2m:[0m could not activate the persistent AT-SPI listener: AT-SPI connect failed: ZBus Error: MethodError(OwnedErrorName("org.freedesktop.DBus.Error.NameHasNoOwner"), Some("Could not activate remote peer 'org.a11y.atspi.Registry': unit failed"), Msg { type: Error, serial: 4294967295, sender: UniqueName("org.freedesktop.DBus"), reply-serial: 9, body: Str, fds: [] })
[2m2026-10-03T16:38:57.257990Z[0m [33m WARN[0m [2mplatform_linux::overlay[0m[2m:[0m X11 overlay: root reads cannot see this window's own pixels; save-unders will be served without readback confirmation
dbus-daemon[851867]: [session uid=1000 pid=851867 pidfd=5] Activating service name='org.freedesktop.systemd1' requested by ':1.4' (uid=1000 pid=852022 comm="/usr/bin/dbus-broker-launch --config-file=/usr/sha")
dbus-daemon[851867]: [session uid=1000 pid=851867 pidfd=5] Activated service 'org.freedesktop.systemd1' failed: Process org.freedesktop.systemd1 exited with status 1
dbus-daemon[851867]: [session uid=1000 pid=851867 pidfd=5] Activating service name='org.freedesktop.systemd1' requested by ':1.4' (uid=1000 pid=852022 comm="/usr/bin/dbus-broker-launch --config-file=/usr/sha")
dbus-daemon[851867]: [session uid=1000 pid=851867 pidfd=5] Activated service 'org.freedesktop.systemd1' failed: Process org.freedesktop.systemd1 exited with status 1
{"trial": "smoke-C-001-fill-BASE-smoke-r01", "mode": "step", "outcome": "verified", "oracle_exact_match": true, "completion_mutations": 1, "routes": ["provider", "provider"], "error": null, "la": "6.26", "prov": {"attempts": 0, "reached": 0}}
dbus-daemon[851867]: [session uid=1000 pid=851867 pidfd=5] Activating service name='org.freedesktop.systemd1' requested by ':1.4' (uid=1000 pid=852022 comm="/usr/bin/dbus-broker-launch --config-file=/usr/sha")
dbus-daemon[851867]: [session uid=1000 pid=851867 pidfd=5] Activated service 'org.freedesktop.systemd1' failed: Process org.freedesktop.systemd1 exited with status 1
[2m2026-10-03T16:39:01.267516Z[0m [33m WARN[0m [2mcua_driver_sdk::runtime[0m[2m:[0m could not activate the persistent AT-SPI listener: AT-SPI connect failed: ZBus Error: MethodError(OwnedErrorName("org.freedesktop.DBus.Error.NameHasNoOwner"), Some("Could not activate remote peer 'org.a11y.atspi.Registry': unit failed"), Msg { type: Error, serial: 4294967295, sender: UniqueName("org.freedesktop.DBus"), reply-serial: 9, body: Str, fds: [] })
[2m2026-10-03T16:39:01.273719Z[0m [33m WARN[0m [2mplatform_linux::overlay[0m[2m:[0m X11 overlay: root reads cannot see this window's own pixels; save-unders will be served without readback confirmation
dbus-daemon[851867]: [session uid=1000 pid=851867 pidfd=5] Activating service name='org.freedesktop.systemd1' requested by ':1.4' (uid=1000 pid=852022 comm="/usr/bin/dbus-broker-launch --config-file=/usr/sha")
dbus-daemon[851867]: [session uid=1000 pid=851867 pidfd=5] Activated service 'org.freedesktop.systemd1' failed: Process org.freedesktop.systemd1 exited with status 1
dbus-daemon[851867]: [session uid=1000 pid=851867 pidfd=5] Activating service name='org.freedesktop.systemd1' requested by ':1.4' (uid=1000 pid=852022 comm="/usr/bin/dbus-broker-launch --config-file=/usr/sha")
dbus-daemon[851867]: [session uid=1000 pid=851867 pidfd=5] Activated service 'org.freedesktop.systemd1' failed: Process org.freedesktop.systemd1 exited with status 1
{"trial": "smoke-C-002-fill-BASE-smoke-r02", "mode": "step", "outcome": "verified", "oracle_exact_match": true, "completion_mutations": 1, "routes": ["provider", "provider"], "error": null, "la": "5.84", "prov": {"attempts": 0, "reached": 0}}
dbus-daemon[851867]: [session uid=1000 pid=851867 pidfd=5] Activating service name='org.freedesktop.systemd1' requested by ':1.4' (uid=1000 pid=852022 comm="/usr/bin/dbus-broker-launch --config-file=/usr/sha")
dbus-daemon[851867]: [session uid=1000 pid=851867 pidfd=5] Activated service 'org.freedesktop.systemd1' failed: Process org.freedesktop.systemd1 exited with status 1
[2m2026-10-03T16:39:05.292574Z[0m [33m WARN[0m [2mcua_driver_sdk::runtime[0m[2m:[0m could not activate the persistent AT-SPI listener: AT-SPI connect failed: ZBus Error: MethodError(OwnedErrorName("org.freedesktop.DBus.Error.NameHasNoOwner"), Some("Could not activate remote peer 'org.a11y.atspi.Registry': unit failed"), Msg { type: Error, serial: 4294967295, sender: UniqueName("org.freedesktop.DBus"), reply-serial: 9, body: Str, fds: [] })
[2m2026-10-03T16:39:05.298827Z[0m [33m WARN[0m [2mplatform_linux::overlay[0m[2m:[0m X11 overlay: root reads cannot see this window's own pixels; save-unders will be served without readback confirmation
dbus-daemon[851867]: [session uid=1000 pid=851867 pidfd=5] Activating service name='org.freedesktop.systemd1' requested by ':1.4' (uid=1000 pid=852022 comm="/usr/bin/dbus-broker-launch --config-file=/usr/sha")
dbus-daemon[851867]: [session uid=1000 pid=851867 pidfd=5] Activated service 'org.freedesktop.systemd1' failed: Process org.freedesktop.systemd1 exited with status 1
dbus-daemon[851867]: [session uid=1000 pid=851867 pidfd=5] Activating service name='org.freedesktop.systemd1' requested by ':1.4' (uid=1000 pid=852022 comm="/usr/bin/dbus-broker-launch --config-file=/usr/sha")
dbus-daemon[851867]: [session uid=1000 pid=851867 pidfd=5] Activated service 'org.freedesktop.systemd1' failed: Process org.freedesktop.systemd1 exited with status 1
{"trial": "smoke-C-003-fill-BASE-smoke-r03", "mode": "step", "outcome": "verified", "oracle_exact_match": true, "completion_mutations": 1, "routes": ["provider", "provider"], "error": null, "la": "5.84", "prov": {"attempts": 0, "reached": 0}}
dbus-daemon[851867]: [session uid=1000 pid=851867 pidfd=5] Activating service name='org.freedesktop.systemd1' requested by ':1.4' (uid=1000 pid=852022 comm="/usr/bin/dbus-broker-launch --config-file=/usr/sha")
dbus-daemon[851867]: [session uid=1000 pid=851867 pidfd=5] Activated service 'org.freedesktop.systemd1' failed: Process org.freedesktop.systemd1 exited with status 1
[2m2026-10-03T16:39:09.358431Z[0m [33m WARN[0m [2mcua_driver_sdk::runtime[0m[2m:[0m could not activate the persistent AT-SPI listener: AT-SPI connect failed: ZBus Error: MethodError(OwnedErrorName("org.freedesktop.DBus.Error.NameHasNoOwner"), Some("Could not activate remote peer 'org.a11y.atspi.Registry': unit failed"), Msg { type: Error, serial: 4294967295, sender: UniqueName("org.freedesktop.DBus"), reply-serial: 9, body: Str, fds: [] })
[2m2026-10-03T16:39:09.365093Z[0m [33m WARN[0m [2mplatform_linux::overlay[0m[2m:[0m X11 overlay: root reads cannot see this window's own pixels; save-unders will be served without readback confirmation
dbus-daemon[851867]: [session uid=1000 pid=851867 pidfd=5] Activating service name='org.freedesktop.systemd1' requested by ':1.4' (uid=1000 pid=852022 comm="/usr/bin/dbus-broker-launch --config-file=/usr/sha")
dbus-daemon[851867]: [session uid=1000 pid=851867 pidfd=5] Activated service 'org.freedesktop.systemd1' failed: Process org.freedesktop.systemd1 exited with status 1
dbus-daemon[851867]: [session uid=1000 pid=851867 pidfd=5] Activating service name='org.freedesktop.systemd1' requested by ':1.4' (uid=1000 pid=852022 comm="/usr/bin/dbus-broker-launch --config-file=/usr/sha")
dbus-daemon[851867]: [session uid=1000 pid=851867 pidfd=5] Activated service 'org.freedesktop.systemd1' failed: Process org.freedesktop.systemd1 exited with status 1
{"trial": "smoke-C-004-fill-BASE-smoke-r04", "mode": "step", "outcome": "verified", "oracle_exact_match": true, "completion_mutations": 1, "routes": ["provider", "provider"], "error": null, "la": "5.53", "prov": {"attempts": 0, "reached": 0}}
dbus-daemon[851867]: [session uid=1000 pid=851867 pidfd=5] Activating service name='org.freedesktop.systemd1' requested by ':1.4' (uid=1000 pid=852022 comm="/usr/bin/dbus-broker-launch --config-file=/usr/sha")
dbus-daemon[851867]: [session uid=1000 pid=851867 pidfd=5] Activated service 'org.freedesktop.systemd1' failed: Process org.freedesktop.systemd1 exited with status 1
[2m2026-10-03T16:39:13.426117Z[0m [33m WARN[0m [2mcua_driver_sdk::runtime[0m[2m:[0m could not activate the persistent AT-SPI listener: AT-SPI connect failed: ZBus Error: MethodError(OwnedErrorName("org.freedesktop.DBus.Error.NameHasNoOwner"), Some("Could not activate remote peer 'org.a11y.atspi.Registry': unit failed"), Msg { type: Error, serial: 4294967295, sender: UniqueName("org.freedesktop.DBus"), reply-serial: 9, body: Str, fds: [] })
[2m2026-10-03T16:39:13.434142Z[0m [33m WARN[0m [2mplatform_linux::overlay[0m[2m:[0m X11 overlay: root reads cannot see this window's own pixels; save-unders will be served without readback confirmation
dbus-daemon[851867]: [session uid=1000 pid=851867 pidfd=5] Activating service name='org.freedesktop.systemd1' requested by ':1.4' (uid=1000 pid=852022 comm="/usr/bin/dbus-broker-launch --config-file=/usr/sha")
dbus-daemon[851867]: [session uid=1000 pid=851867 pidfd=5] Activated service 'org.freedesktop.systemd1' failed: Process org.freedesktop.systemd1 exited with status 1
dbus-daemon[851867]: [session uid=1000 pid=851867 pidfd=5] Activating service name='org.freedesktop.systemd1' requested by ':1.4' (uid=1000 pid=852022 comm="/usr/bin/dbus-broker-launch --config-file=/usr/sha")
dbus-daemon[851867]: [session uid=1000 pid=851867 pidfd=5] Activated service 'org.freedesktop.systemd1' failed: Process org.freedesktop.systemd1 exited with status 1
{"trial": "smoke-C-005-toggle-BASE-smoke-r00", "mode": "step", "outcome": "verified", "oracle_exact_match": true, "completion_mutations": 1, "routes": ["provider", "provider"], "error": null, "la": "5.25", "prov": {"attempts": 0, "reached": 0}}
dbus-daemon[851867]: [session uid=1000 pid=851867 pidfd=5] Activating service name='org.freedesktop.systemd1' requested by ':1.4' (uid=1000 pid=852022 comm="/usr/bin/dbus-broker-launch --config-file=/usr/sha")
dbus-daemon[851867]: [session uid=1000 pid=851867 pidfd=5] Activated service 'org.freedesktop.systemd1' failed: Process org.freedesktop.systemd1 exited with status 1
[2m2026-10-03T16:39:16.803621Z[0m [33m WARN[0m [2mcua_driver_sdk::runtime[0m[2m:[0m could not activate the persistent AT-SPI listener: AT-SPI connect failed: ZBus Error: MethodError(OwnedErrorName("org.freedesktop.DBus.Error.NameHasNoOwner"), Some("Could not activate remote peer 'org.a11y.atspi.Registry': unit failed"), Msg { type: Error, serial: 4294967295, sender: UniqueName("org.freedesktop.DBus"), reply-serial: 9, body: Str, fds: [] })
[2m2026-10-03T16:39:16.814457Z[0m [33m WARN[0m [2mplatform_linux::overlay[0m[2m:[0m X11 overlay: root reads cannot see this window's own pixels; save-unders will be served without readback confirmation
dbus-daemon[851867]: [session uid=1000 pid=851867 pidfd=5] Activating service name='org.freedesktop.systemd1' requested by ':1.4' (uid=1000 pid=852022 comm="/usr/bin/dbus-broker-launch --config-file=/usr/sha")
dbus-daemon[851867]: [session uid=1000 pid=851867 pidfd=5] Activated service 'org.freedesktop.systemd1' failed: Process org.freedesktop.systemd1 exited with status 1
dbus-daemon[851867]: [session uid=1000 pid=851867 pidfd=5] Activating service name='org.freedesktop.systemd1' requested by ':1.4' (uid=1000 pid=852022 comm="/usr/bin/dbus-broker-launch --config-file=/usr/sha")
dbus-daemon[851867]: [session uid=1000 pid=851867 pidfd=5] Activated service 'org.freedesktop.systemd1' failed: Process org.freedesktop.systemd1 exited with status 1
{"trial": "smoke-C-006-toggle-BASE-smoke-r01", "mode": "step", "outcome": "verified", "oracle_exact_match": true, "completion_mutations": 1, "routes": ["provider", "provider"], "error": null, "la": "5.07", "prov": {"attempts": 0, "reached": 0}}
dbus-daemon[851867]: [session uid=1000 pid=851867 pidfd=5] Activating service name='org.freedesktop.systemd1' requested by ':1.4' (uid=1000 pid=852022 comm="/usr/bin/dbus-broker-launch --config-file=/usr/sha")
dbus-daemon[851867]: [session uid=1000 pid=851867 pidfd=5] Activated service 'org.freedesktop.systemd1' failed: Process org.freedesktop.systemd1 exited with status 1
[2m2026-10-03T16:39:20.160896Z[0m [33m WARN[0m [2mcua_driver_sdk::runtime[0m[2m:[0m could not activate the persistent AT-SPI listener: AT-SPI connect failed: ZBus Error: MethodError(OwnedErrorName("org.freedesktop.DBus.Error.NameHasNoOwner"), Some("Could not activate remote peer 'org.a11y.atspi.Registry': unit failed"), Msg { type: Error, serial: 4294967295, sender: UniqueName("org.freedesktop.DBus"), reply-serial: 9, body: Str, fds: [] })
[2m2026-10-03T16:39:20.167019Z[0m [33m WARN[0m [2mplatform_linux::overlay[0m[2m:[0m X11 overlay: root reads cannot see this window's own pixels; save-unders will be served without readback confirmation
dbus-daemon[851867]: [session uid=1000 pid=851867 pidfd=5] Activating service name='org.freedesktop.systemd1' requested by ':1.4' (uid=1000 pid=852022 comm="/usr/bin/dbus-broker-launch --config-file=/usr/sha")
dbus-daemon[851867]: [session uid=1000 pid=851867 pidfd=5] Activated service 'org.freedesktop.systemd1' failed: Process org.freedesktop.systemd1 exited with status 1
dbus-daemon[851867]: [session uid=1000 pid=851867 pidfd=5] Activating service name='org.freedesktop.systemd1' requested by ':1.4' (uid=1000 pid=852022 comm="/usr/bin/dbus-broker-launch --config-file=/usr/sha")
dbus-daemon[851867]: [session uid=1000 pid=851867 pidfd=5] Activated service 'org.freedesktop.systemd1' failed: Process org.freedesktop.systemd1 exited with status 1
{"trial": "smoke-C-007-toggle-BASE-smoke-r02", "mode": "step", "outcome": "verified", "oracle_exact_match": true, "completion_mutations": 1, "routes": ["provider", "provider"], "error": null, "la": "5.07", "prov": {"attempts": 0, "reached": 0}}
dbus-daemon[851867]: [session uid=1000 pid=851867 pidfd=5] Activating service name='org.freedesktop.systemd1' requested by ':1.4' (uid=1000 pid=852022 comm="/usr/bin/dbus-broker-launch --config-file=/usr/sha")
dbus-daemon[851867]: [session uid=1000 pid=851867 pidfd=5] Activated service 'org.freedesktop.systemd1' failed: Process org.freedesktop.systemd1 exited with status 1
[2m2026-10-03T16:39:23.529958Z[0m [33m WARN[0m [2mcua_driver_sdk::runtime[0m[2m:[0m could not activate the persistent AT-SPI listener: AT-SPI connect failed: ZBus Error: MethodError(OwnedErrorName("org.freedesktop.DBus.Error.NameHasNoOwner"), Some("Could not activate remote peer 'org.a11y.atspi.Registry': unit failed"), Msg { type: Error, serial: 4294967295, sender: UniqueName("org.freedesktop.DBus"), reply-serial: 9, body: Str, fds: [] })
[2m2026-10-03T16:39:23.537036Z[0m [33m WARN[0m [2mplatform_linux::overlay[0m[2m:[0m X11 overlay: root reads cannot see this window's own pixels; save-unders will be served without readback confirmation
dbus-daemon[851867]: [session uid=1000 pid=851867 pidfd=5] Activating service name='org.freedesktop.systemd1' requested by ':1.4' (uid=1000 pid=852022 comm="/usr/bin/dbus-broker-launch --config-file=/usr/sha")
dbus-daemon[851867]: [session uid=1000 pid=851867 pidfd=5] Activated service 'org.freedesktop.systemd1' failed: Process org.freedesktop.systemd1 exited with status 1
dbus-daemon[851867]: [session uid=1000 pid=851867 pidfd=5] Activating service name='org.freedesktop.systemd1' requested by ':1.4' (uid=1000 pid=852022 comm="/usr/bin/dbus-broker-launch --config-file=/usr/sha")
dbus-daemon[851867]: [session uid=1000 pid=851867 pidfd=5] Activated service 'org.freedesktop.systemd1' failed: Process org.freedesktop.systemd1 exited with status 1
{"trial": "smoke-C-008-toggle-BASE-smoke-r03", "mode": "step", "outcome": "verified", "oracle_exact_match": true, "completion_mutations": 1, "routes": ["provider", "provider"], "error": null, "la": "4.90", "prov": {"attempts": 0, "reached": 0}}
dbus-daemon[851867]: [session uid=1000 pid=851867 pidfd=5] Activating service name='org.freedesktop.systemd1' requested by ':1.4' (uid=1000 pid=852022 comm="/usr/bin/dbus-broker-launch --config-file=/usr/sha")
dbus-daemon[851867]: [session uid=1000 pid=851867 pidfd=5] Activated service 'org.freedesktop.systemd1' failed: Process org.freedesktop.systemd1 exited with status 1
[2m2026-10-03T16:39:26.883495Z[0m [33m WARN[0m [2mcua_driver_sdk::runtime[0m[2m:[0m could not activate the persistent AT-SPI listener: AT-SPI connect failed: ZBus Error: MethodError(OwnedErrorName("org.freedesktop.DBus.Error.NameHasNoOwner"), Some("Could not activate remote peer 'org.a11y.atspi.Registry': unit failed"), Msg { type: Error, serial: 4294967295, sender: UniqueName("org.freedesktop.DBus"), reply-serial: 9, body: Str, fds: [] })
[2m2026-10-03T16:39:26.890681Z[0m [33m WARN[0m [2mplatform_linux::overlay[0m[2m:[0m X11 overlay: root reads cannot see this window's own pixels; save-unders will be served without readback confirmation
dbus-daemon[851867]: [session uid=1000 pid=851867 pidfd=5] Activating service name='org.freedesktop.systemd1' requested by ':1.4' (uid=1000 pid=852022 comm="/usr/bin/dbus-broker-launch --config-file=/usr/sha")
dbus-daemon[851867]: [session uid=1000 pid=851867 pidfd=5] Activated service 'org.freedesktop.systemd1' failed: Process org.freedesktop.systemd1 exited with status 1
dbus-daemon[851867]: [session uid=1000 pid=851867 pidfd=5] Activating service name='org.freedesktop.systemd1' requested by ':1.4' (uid=1000 pid=852022 comm="/usr/bin/dbus-broker-launch --config-file=/usr/sha")
dbus-daemon[851867]: [session uid=1000 pid=851867 pidfd=5] Activated service 'org.freedesktop.systemd1' failed: Process org.freedesktop.systemd1 exited with status 1
{"trial": "smoke-C-009-toggle-BASE-smoke-r04", "mode": "step", "outcome": "verified", "oracle_exact_match": true, "completion_mutations": 1, "routes": ["provider", "provider"], "error": null, "la": "5.15", "prov": {"attempts": 0, "reached": 0}}
dbus-daemon[851867]: [session uid=1000 pid=851867 pidfd=5] Activating service name='org.freedesktop.systemd1' requested by ':1.4' (uid=1000 pid=852022 comm="/usr/bin/dbus-broker-launch --config-file=/usr/sha")
dbus-daemon[851867]: [session uid=1000 pid=851867 pidfd=5] Activated service 'org.freedesktop.systemd1' failed: Process org.freedesktop.systemd1 exited with status 1
[2m2026-10-03T16:39:30.198805Z[0m [33m WARN[0m [2mcua_driver_sdk::runtime[0m[2m:[0m could not activate the persistent AT-SPI listener: AT-SPI connect failed: ZBus Error: MethodError(OwnedErrorName("org.freedesktop.DBus.Error.NameHasNoOwner"), Some("Could not activate remote peer 'org.a11y.atspi.Registry': unit failed"), Msg { type: Error, serial: 4294967295, sender: UniqueName("org.freedesktop.DBus"), reply-serial: 9, body: Str, fds: [] })
[2m2026-10-03T16:39:30.204821Z[0m [33m WARN[0m [2mplatform_linux::overlay[0m[2m:[0m X11 overlay: root reads cannot see this window's own pixels; save-unders will be served without readback confirmation
dbus-daemon[851867]: [session uid=1000 pid=851867 pidfd=5] Activating service name='org.freedesktop.systemd1' requested by ':1.4' (uid=1000 pid=852022 comm="/usr/bin/dbus-broker-launch --config-file=/usr/sha")
dbus-daemon[851867]: [session uid=1000 pid=851867 pidfd=5] Activated service 'org.freedesktop.systemd1' failed: Process org.freedesktop.systemd1 exited with status 1
dbus-daemon[851867]: [session uid=1000 pid=851867 pidfd=5] Activating service name='org.freedesktop.systemd1' requested by ':1.4' (uid=1000 pid=852022 comm="/usr/bin/dbus-broker-launch --config-file=/usr/sha")
dbus-daemon[851867]: [session uid=1000 pid=851867 pidfd=5] Activated service 'org.freedesktop.systemd1' failed: Process org.freedesktop.systemd1 exited with status 1
{"trial": "smoke-C-010-modal-BASE-smoke-r00", "mode": "step", "outcome": "verified", "oracle_exact_match": true, "completion_mutations": 1, "routes": ["provider", "provider"], "error": null, "la": "5.15", "prov": {"attempts": 0, "reached": 0}}
dbus-daemon[851867]: [session uid=1000 pid=851867 pidfd=5] Activating service name='org.freedesktop.systemd1' requested by ':1.4' (uid=1000 pid=852022 comm="/usr/bin/dbus-broker-launch --config-file=/usr/sha")
dbus-daemon[851867]: [session uid=1000 pid=851867 pidfd=5] Activated service 'org.freedesktop.systemd1' failed: Process org.freedesktop.systemd1 exited with status 1
[2m2026-10-03T16:39:33.657700Z[0m [33m WARN[0m [2mcua_driver_sdk::runtime[0m[2m:[0m could not activate the persistent AT-SPI listener: AT-SPI connect failed: ZBus Error: MethodError(OwnedErrorName("org.freedesktop.DBus.Error.NameHasNoOwner"), Some("Could not activate remote peer 'org.a11y.atspi.Registry': unit failed"), Msg { type: Error, serial: 4294967295, sender: UniqueName("org.freedesktop.DBus"), reply-serial: 9, body: Str, fds: [] })
[2m2026-10-03T16:39:33.664291Z[0m [33m WARN[0m [2mplatform_linux::overlay[0m[2m:[0m X11 overlay: root reads cannot see this window's own pixels; save-unders will be served without readback confirmation
dbus-daemon[851867]: [session uid=1000 pid=851867 pidfd=5] Activating service name='org.freedesktop.systemd1' requested by ':1.4' (uid=1000 pid=852022 comm="/usr/bin/dbus-broker-launch --config-file=/usr/sha")
dbus-daemon[851867]: [session uid=1000 pid=851867 pidfd=5] Activated service 'org.freedesktop.systemd1' failed: Process org.freedesktop.systemd1 exited with status 1
dbus-daemon[851867]: [session uid=1000 pid=851867 pidfd=5] Activating service name='org.freedesktop.systemd1' requested by ':1.4' (uid=1000 pid=852022 comm="/usr/bin/dbus-broker-launch --config-file=/usr/sha")
dbus-daemon[851867]: [session uid=1000 pid=851867 pidfd=5] Activated service 'org.freedesktop.systemd1' failed: Process org.freedesktop.systemd1 exited with status 1
{"trial": "smoke-C-011-modal-BASE-smoke-r01", "mode": "step", "outcome": "verified", "oracle_exact_match": true, "completion_mutations": 1, "routes": ["provider", "provider"], "error": null, "la": "4.74", "prov": {"attempts": 0, "reached": 0}}
dbus-daemon[851867]: [session uid=1000 pid=851867 pidfd=5] Activating service name='org.freedesktop.systemd1' requested by ':1.4' (uid=1000 pid=852022 comm="/usr/bin/dbus-broker-launch --config-file=/usr/sha")
dbus-daemon[851867]: [session uid=1000 pid=851867 pidfd=5] Activated service 'org.freedesktop.systemd1' failed: Process org.freedesktop.systemd1 exited with status 1
[2m2026-10-03T16:39:36.975354Z[0m [33m WARN[0m [2mcua_driver_sdk::runtime[0m[2m:[0m could not activate the persistent AT-SPI listener: AT-SPI connect failed: ZBus Error: MethodError(OwnedErrorName("org.freedesktop.DBus.Error.NameHasNoOwner"), Some("Could not activate remote peer 'org.a11y.atspi.Registry': unit failed"), Msg { type: Error, serial: 4294967295, sender: UniqueName("org.freedesktop.DBus"), reply-serial: 9, body: Str, fds: [] })
[2m2026-10-03T16:39:36.982541Z[0m [33m WARN[0m [2mplatform_linux::overlay[0m[2m:[0m X11 overlay: root reads cannot see this window's own pixels; save-unders will be served without readback confirmation
dbus-daemon[851867]: [session uid=1000 pid=851867 pidfd=5] Activating service name='org.freedesktop.systemd1' requested by ':1.4' (uid=1000 pid=852022 comm="/usr/bin/dbus-broker-launch --config-file=/usr/sha")
dbus-daemon[851867]: [session uid=1000 pid=851867 pidfd=5] Activated service 'org.freedesktop.systemd1' failed: Process org.freedesktop.systemd1 exited with status 1
dbus-daemon[851867]: [session uid=1000 pid=851867 pidfd=5] Activating service name='org.freedesktop.systemd1' requested by ':1.4' (uid=1000 pid=852022 comm="/usr/bin/dbus-broker-launch --config-file=/usr/sha")
dbus-daemon[851867]: [session uid=1000 pid=851867 pidfd=5] Activated service 'org.freedesktop.systemd1' failed: Process org.freedesktop.systemd1 exited with status 1
{"trial": "smoke-C-012-modal-BASE-smoke-r02", "mode": "step", "outcome": "verified", "oracle_exact_match": true, "completion_mutations": 1, "routes": ["provider", "provider"], "error": null, "la": "4.76", "prov": {"attempts": 0, "reached": 0}}
dbus-daemon[851867]: [session uid=1000 pid=851867 pidfd=5] Activating service name='org.freedesktop.systemd1' requested by ':1.4' (uid=1000 pid=852022 comm="/usr/bin/dbus-broker-launch --config-file=/usr/sha")
dbus-daemon[851867]: [session uid=1000 pid=851867 pidfd=5] Activated service 'org.freedesktop.systemd1' failed: Process org.freedesktop.systemd1 exited with status 1
[2m2026-10-03T16:39:40.289129Z[0m [33m WARN[0m [2mcua_driver_sdk::runtime[0m[2m:[0m could not activate the persistent AT-SPI listener: AT-SPI connect failed: ZBus Error: MethodError(OwnedErrorName("org.freedesktop.DBus.Error.NameHasNoOwner"), Some("Could not activate remote peer 'org.a11y.atspi.Registry': unit failed"), Msg { type: Error, serial: 4294967295, sender: UniqueName("org.freedesktop.DBus"), reply-serial: 9, body: Str, fds: [] })
[2m2026-10-03T16:39:40.295004Z[0m [33m WARN[0m [2mplatform_linux::overlay[0m[2m:[0m X11 overlay: root reads cannot see this window's own pixels; save-unders will be served without readback confirmation
dbus-daemon[851867]: [session uid=1000 pid=851867 pidfd=5] Activating service name='org.freedesktop.systemd1' requested by ':1.4' (uid=1000 pid=852022 comm="/usr/bin/dbus-broker-launch --config-file=/usr/sha")
dbus-daemon[851867]: [session uid=1000 pid=851867 pidfd=5] Activated service 'org.freedesktop.systemd1' failed: Process org.freedesktop.systemd1 exited with status 1
dbus-daemon[851867]: [session uid=1000 pid=851867 pidfd=5] Activating service name='org.freedesktop.systemd1' requested by ':1.4' (uid=1000 pid=852022 comm="/usr/bin/dbus-broker-launch --config-file=/usr/sha")
dbus-daemon[851867]: [session uid=1000 pid=851867 pidfd=5] Activated service 'org.freedesktop.systemd1' failed: Process org.freedesktop.systemd1 exited with status 1
{"trial": "smoke-C-013-modal-BASE-smoke-r03", "mode": "step", "outcome": "verified", "oracle_exact_match": true, "completion_mutations": 1, "routes": ["provider", "provider"], "error": null, "la": "4.76", "prov": {"attempts": 0, "reached": 0}}
dbus-daemon[851867]: [session uid=1000 pid=851867 pidfd=5] Activating service name='org.freedesktop.systemd1' requested by ':1.4' (uid=1000 pid=852022 comm="/usr/bin/dbus-broker-launch --config-file=/usr/sha")
dbus-daemon[851867]: [session uid=1000 pid=851867 pidfd=5] Activated service 'org.freedesktop.systemd1' failed: Process org.freedesktop.systemd1 exited with status 1
[2m2026-10-03T16:39:43.587500Z[0m [33m WARN[0m [2mcua_driver_sdk::runtime[0m[2m:[0m could not activate the persistent AT-SPI listener: AT-SPI connect failed: ZBus Error: MethodError(OwnedErrorName("org.freedesktop.DBus.Error.NameHasNoOwner"), Some("Could not activate remote peer 'org.a11y.atspi.Registry': unit failed"), Msg { type: Error, serial: 4294967295, sender: UniqueName("org.freedesktop.DBus"), reply-serial: 9, body: Str, fds: [] })
[2m2026-10-03T16:39:43.593567Z[0m [33m WARN[0m [2mplatform_linux::overlay[0m[2m:[0m X11 overlay: root reads cannot see this window's own pixels; save-unders will be served without readback confirmation
dbus-daemon[851867]: [session uid=1000 pid=851867 pidfd=5] Activating service name='org.freedesktop.systemd1' requested by ':1.4' (uid=1000 pid=852022 comm="/usr/bin/dbus-broker-launch --config-file=/usr/sha")
dbus-daemon[851867]: [session uid=1000 pid=851867 pidfd=5] Activated service 'org.freedesktop.systemd1' failed: Process org.freedesktop.systemd1 exited with status 1
dbus-daemon[851867]: [session uid=1000 pid=851867 pidfd=5] Activating service name='org.freedesktop.systemd1' requested by ':1.4' (uid=1000 pid=852022 comm="/usr/bin/dbus-broker-launch --config-file=/usr/sha")
dbus-daemon[851867]: [session uid=1000 pid=851867 pidfd=5] Activated service 'org.freedesktop.systemd1' failed: Process org.freedesktop.systemd1 exited with status 1
{"trial": "smoke-C-014-modal-BASE-smoke-r04", "mode": "step", "outcome": "verified", "oracle_exact_match": true, "completion_mutations": 1, "routes": ["provider", "provider"], "error": null, "la": "4.38", "prov": {"attempts": 0, "reached": 0}}
[fresh07] once smoke-C.DONE rc=0 loadavg=4.19 8.53 9.36
X connection to :102 broken (explicit kill or server shutdown).
A connection to the bus can't be made
[session] exit rc=0 run_dir=<tmp>/x11-session.8RTsjk
