[session] DISPLAY=:101 openbox=843060 picom=843061 dbus=unix:path=<tmp>/dbus-O4KmXFguW4,guid=30e1a5988c82f8820c1671c16ac12f52
[fresh07] display_set=yes loadavg=6.40 10.30 9.93 atspi=0 mode=once
dbus-daemon[843051]: [session uid=1000 pid=843051 pidfd=5] Activating service name='org.a11y.Bus' requested by ':1.0' (uid=1000 pid=843304 comm="<lanes>/bin/cua-driver-fr")
dbus-daemon[843051]: [session uid=1000 pid=843051 pidfd=5] Successfully activated service 'org.a11y.Bus'
dbus-daemon[843051]: [session uid=1000 pid=843051 pidfd=5] Activating service name='ca.desrt.dconf' requested by ':1.1' (uid=1000 pid=843311 comm="/usr/lib/at-spi-bus-launcher")
dbus-daemon[843051]: [session uid=1000 pid=843051 pidfd=5] Successfully activated service 'ca.desrt.dconf'
dbus-daemon[843051]: [session uid=1000 pid=843051 pidfd=5] Activating service name='org.freedesktop.systemd1' requested by ':1.4' (uid=1000 pid=843339 comm="/usr/bin/dbus-broker-launch --config-file=/usr/sha")
dbus-daemon[843051]: [session uid=1000 pid=843051 pidfd=5] Activated service 'org.freedesktop.systemd1' failed: Process org.freedesktop.systemd1 exited with status 1
[2m2026-10-03T16:37:41.541862Z[0m [33m WARN[0m [2mcua_driver_sdk::runtime[0m[2m:[0m could not activate the persistent AT-SPI listener: AT-SPI connect failed: ZBus Error: MethodError(OwnedErrorName("org.freedesktop.DBus.Error.NameHasNoOwner"), Some("Could not activate remote peer 'org.a11y.atspi.Registry': unit failed"), Msg { type: Error, serial: 4294967295, sender: UniqueName("org.freedesktop.DBus"), reply-serial: 10, body: Str, fds: [] })
[2m2026-10-03T16:37:41.550492Z[0m [33m WARN[0m [2mplatform_linux::overlay[0m[2m:[0m X11 overlay: root reads cannot see this window's own pixels; save-unders will be served without readback confirmation
dbus-daemon[843051]: [session uid=1000 pid=843051 pidfd=5] Activating service name='org.gtk.vfs.Daemon' requested by ':1.5' (uid=1000 pid=843385 comm="/opt/google/chrome/chrome --remote-debugging-port=")
dbus-daemon[843051]: [session uid=1000 pid=843051 pidfd=5] Successfully activated service 'org.gtk.vfs.Daemon'
fusermount3: mount failed: Operation not permitted
dbus-daemon[843051]: [session uid=1000 pid=843051 pidfd=5] Activating service name='org.freedesktop.systemd1' requested by ':1.4' (uid=1000 pid=843339 comm="/usr/bin/dbus-broker-launch --config-file=/usr/sha")
dbus-daemon[843051]: [session uid=1000 pid=843051 pidfd=5] Activated service 'org.freedesktop.systemd1' failed: Process org.freedesktop.systemd1 exited with status 1
dbus-daemon[843051]: [session uid=1000 pid=843051 pidfd=5] Activating service name='org.freedesktop.systemd1' requested by ':1.4' (uid=1000 pid=843339 comm="/usr/bin/dbus-broker-launch --config-file=/usr/sha")
dbus-daemon[843051]: [session uid=1000 pid=843051 pidfd=5] Activated service 'org.freedesktop.systemd1' failed: Process org.freedesktop.systemd1 exited with status 1
dbus-daemon[843051]: [session uid=1000 pid=843051 pidfd=5] Activating service name='org.freedesktop.Notifications' requested by ':1.7' (uid=1000 pid=843385 comm="/opt/google/chrome/chrome --remote-debugging-port=")
dbus-daemon[843051]: [session uid=1000 pid=843051 pidfd=5] Activating service name='org.freedesktop.portal.Desktop' requested by ':1.7' (uid=1000 pid=843385 comm="/opt/google/chrome/chrome --remote-debugging-port=")
dbus-daemon[843051]: [session uid=1000 pid=843051 pidfd=5] Successfully activated service 'org.freedesktop.Notifications'
dbus-daemon[843051]: [session uid=1000 pid=843051 pidfd=5] Activating service name='org.freedesktop.impl.portal.PermissionStore' requested by ':1.9' (uid=1000 pid=843624 comm="/usr/lib/xdg-desktop-portal")
dbus-daemon[843051]: [session uid=1000 pid=843051 pidfd=5] Successfully activated service 'org.freedesktop.impl.portal.PermissionStore'
dbus-daemon[843051]: [session uid=1000 pid=843051 pidfd=5] Activating service name='org.freedesktop.portal.Documents' requested by ':1.9' (uid=1000 pid=843624 comm="/usr/lib/xdg-desktop-portal")
dbus-daemon[843051]: [session uid=1000 pid=843051 pidfd=5] Successfully activated service 'org.freedesktop.portal.Documents'
fusermount3: mount failed: Operation not permitted
error: fuse init failed: Can't mount path <tmp>/x11-session.XdOrx9/xdg-runtime/doc

(/usr/lib/xdg-desktop-portal:843624): xdg-desktop-portal-WARNING **: 11:37:42.622: Document portal fuse mount point unknown: GDBus.Error:org.freedesktop.DBus.Error.ServiceUnknown: The name :1.11 was not provided by any .service files

(/usr/lib/xdg-desktop-portal:843624): xdg-desktop-portal-WARNING **: 11:37:42.622: Choosing gtk.portal for org.freedesktop.impl.portal.Lockdown as a last-resort fallback
dbus-daemon[843051]: [session uid=1000 pid=843051 pidfd=5] Activating service name='org.freedesktop.impl.portal.desktop.gtk' requested by ':1.9' (uid=1000 pid=843624 comm="/usr/lib/xdg-desktop-portal")
dbus-daemon[843051]: [session uid=1000 pid=843051 pidfd=5] Activating service name='org.freedesktop.systemd1' requested by ':1.4' (uid=1000 pid=843339 comm="/usr/bin/dbus-broker-launch --config-file=/usr/sha")
dbus-daemon[843051]: [session uid=1000 pid=843051 pidfd=5] Activated service 'org.freedesktop.systemd1' failed: Process org.freedesktop.systemd1 exited with status 1
dbus-daemon[843051]: [session uid=1000 pid=843051 pidfd=5] Successfully activated service 'org.freedesktop.impl.portal.desktop.gtk'

** (xdg-desktop-portal-gtk:843647): WARNING **: 11:37:42.649: AT-SPI: Could not obtain desktop path or name

dbus-daemon[843051]: [session uid=1000 pid=843051 pidfd=5] Activating service name='org.freedesktop.systemd1' requested by ':1.4' (uid=1000 pid=843339 comm="/usr/bin/dbus-broker-launch --config-file=/usr/sha")

(/usr/lib/xdg-desktop-portal:843624): xdg-desktop-portal-WARNING **: 11:37:42.650: Choosing gtk.portal for org.freedesktop.impl.portal.Access as a last-resort fallback
dbus-daemon[843051]: [session uid=1000 pid=843051 pidfd=5] Activated service 'org.freedesktop.systemd1' failed: Process org.freedesktop.systemd1 exited with status 1

** (xdg-desktop-portal-gtk:843647): WARNING **: 11:37:42.651: atk-bridge: GetRegisteredEvents returned message with unknown signature

** (xdg-desktop-portal-gtk:843647): WARNING **: 11:37:42.651: atk-bridge: get_device_events_reply: unknown signature

(/usr/lib/xdg-desktop-portal:843624): xdg-desktop-portal-WARNING **: 11:37:42.668: Choosing gtk.portal for org.freedesktop.impl.portal.Settings as a last-resort fallback

(/usr/lib/xdg-desktop-portal:843624): xdg-desktop-portal-WARNING **: 11:37:42.671: Choosing gtk.portal for org.freedesktop.impl.portal.FileChooser as a last-resort fallback

(/usr/lib/xdg-desktop-portal:843624): xdg-desktop-portal-WARNING **: 11:37:42.671: Choosing gtk.portal for org.freedesktop.impl.portal.AppChooser as a last-resort fallback

(/usr/lib/xdg-desktop-portal:843624): xdg-desktop-portal-WARNING **: 11:37:42.672: Choosing gtk.portal for org.freedesktop.impl.portal.Print as a last-resort fallback

(/usr/lib/xdg-desktop-portal:843624): xdg-desktop-portal-WARNING **: 11:37:42.672: Choosing gtk.portal for org.freedesktop.impl.portal.Notification as a last-resort fallback

(/usr/lib/xdg-desktop-portal:843624): xdg-desktop-portal-WARNING **: 11:37:42.673: Choosing gtk.portal for org.freedesktop.impl.portal.Inhibit as a last-resort fallback

(/usr/lib/xdg-desktop-portal:843624): xdg-desktop-portal-WARNING **: 11:37:42.674: Failed to connect to PipeWire: Couldn't connect to PipeWire

(/usr/lib/xdg-desktop-portal:843624): xdg-desktop-portal-WARNING **: 11:37:42.674: Choosing gtk.portal for org.freedesktop.impl.portal.Account as a last-resort fallback

(/usr/lib/xdg-desktop-portal:843624): xdg-desktop-portal-WARNING **: 11:37:42.675: Choosing gtk.portal for org.freedesktop.impl.portal.Email as a last-resort fallback

(/usr/lib/xdg-desktop-portal:843624): xdg-desktop-portal-WARNING **: 11:37:42.675: Choosing gtk.portal for org.freedesktop.impl.portal.DynamicLauncher as a last-resort fallback
dbus-daemon[843051]: [session uid=1000 pid=843051 pidfd=5] Successfully activated service 'org.freedesktop.portal.Desktop'
{"trial": "smoke-R-000-fill-BASE-smoke-r00", "mode": "step", "outcome": "verified", "oracle_exact_match": true, "completion_mutations": 1, "routes": ["provider", "provider"], "error": null, "la": "6.29", "prov": {"attempts": 0, "reached": 0}}
dbus-daemon[843051]: [session uid=1000 pid=843051 pidfd=5] Activating service name='org.freedesktop.systemd1' requested by ':1.4' (uid=1000 pid=843339 comm="/usr/bin/dbus-broker-launch --config-file=/usr/sha")
dbus-daemon[843051]: [session uid=1000 pid=843051 pidfd=5] Activated service 'org.freedesktop.systemd1' failed: Process org.freedesktop.systemd1 exited with status 1
[2m2026-10-03T16:37:46.391454Z[0m [33m WARN[0m [2mcua_driver_sdk::runtime[0m[2m:[0m could not activate the persistent AT-SPI listener: AT-SPI connect failed: ZBus Error: MethodError(OwnedErrorName("org.freedesktop.DBus.Error.NameHasNoOwner"), Some("Could not activate remote peer 'org.a11y.atspi.Registry': unit failed"), Msg { type: Error, serial: 4294967295, sender: UniqueName("org.freedesktop.DBus"), reply-serial: 9, body: Str, fds: [] })
[2m2026-10-03T16:37:46.405209Z[0m [33m WARN[0m [2mplatform_linux::overlay[0m[2m:[0m X11 overlay: root reads cannot see this window's own pixels; save-unders will be served without readback confirmation
dbus-daemon[843051]: [session uid=1000 pid=843051 pidfd=5] Activating service name='org.freedesktop.systemd1' requested by ':1.4' (uid=1000 pid=843339 comm="/usr/bin/dbus-broker-launch --config-file=/usr/sha")
dbus-daemon[843051]: [session uid=1000 pid=843051 pidfd=5] Activated service 'org.freedesktop.systemd1' failed: Process org.freedesktop.systemd1 exited with status 1
dbus-daemon[843051]: [session uid=1000 pid=843051 pidfd=5] Activating service name='org.freedesktop.systemd1' requested by ':1.4' (uid=1000 pid=843339 comm="/usr/bin/dbus-broker-launch --config-file=/usr/sha")
dbus-daemon[843051]: [session uid=1000 pid=843051 pidfd=5] Activated service 'org.freedesktop.systemd1' failed: Process org.freedesktop.systemd1 exited with status 1
{"trial": "smoke-R-001-fill-BASE-smoke-r01", "mode": "step", "outcome": "verified", "oracle_exact_match": true, "completion_mutations": 1, "routes": ["provider", "provider"], "error": null, "la": "6.83", "prov": {"attempts": 0, "reached": 0}}
dbus-daemon[843051]: [session uid=1000 pid=843051 pidfd=5] Activating service name='org.freedesktop.systemd1' requested by ':1.4' (uid=1000 pid=843339 comm="/usr/bin/dbus-broker-launch --config-file=/usr/sha")
dbus-daemon[843051]: [session uid=1000 pid=843051 pidfd=5] Activated service 'org.freedesktop.systemd1' failed: Process org.freedesktop.systemd1 exited with status 1
[2m2026-10-03T16:37:50.878055Z[0m [33m WARN[0m [2mcua_driver_sdk::runtime[0m[2m:[0m could not activate the persistent AT-SPI listener: AT-SPI connect failed: ZBus Error: MethodError(OwnedErrorName("org.freedesktop.DBus.Error.NameHasNoOwner"), Some("Could not activate remote peer 'org.a11y.atspi.Registry': unit failed"), Msg { type: Error, serial: 4294967295, sender: UniqueName("org.freedesktop.DBus"), reply-serial: 9, body: Str, fds: [] })
[2m2026-10-03T16:37:50.894877Z[0m [33m WARN[0m [2mplatform_linux::overlay[0m[2m:[0m X11 overlay: root reads cannot see this window's own pixels; save-unders will be served without readback confirmation
dbus-daemon[843051]: [session uid=1000 pid=843051 pidfd=5] Activating service name='org.freedesktop.systemd1' requested by ':1.4' (uid=1000 pid=843339 comm="/usr/bin/dbus-broker-launch --config-file=/usr/sha")
dbus-daemon[843051]: [session uid=1000 pid=843051 pidfd=5] Activated service 'org.freedesktop.systemd1' failed: Process org.freedesktop.systemd1 exited with status 1
dbus-daemon[843051]: [session uid=1000 pid=843051 pidfd=5] Activating service name='org.freedesktop.systemd1' requested by ':1.4' (uid=1000 pid=843339 comm="/usr/bin/dbus-broker-launch --config-file=/usr/sha")
dbus-daemon[843051]: [session uid=1000 pid=843051 pidfd=5] Activated service 'org.freedesktop.systemd1' failed: Process org.freedesktop.systemd1 exited with status 1
{"trial": "smoke-R-002-fill-BASE-smoke-r02", "mode": "step", "outcome": "verified", "oracle_exact_match": true, "completion_mutations": 1, "routes": ["provider", "provider"], "error": null, "la": "6.83", "prov": {"attempts": 0, "reached": 0}}
dbus-daemon[843051]: [session uid=1000 pid=843051 pidfd=5] Activating service name='org.freedesktop.systemd1' requested by ':1.4' (uid=1000 pid=843339 comm="/usr/bin/dbus-broker-launch --config-file=/usr/sha")
dbus-daemon[843051]: [session uid=1000 pid=843051 pidfd=5] Activated service 'org.freedesktop.systemd1' failed: Process org.freedesktop.systemd1 exited with status 1
[2m2026-10-03T16:37:55.366572Z[0m [33m WARN[0m [2mcua_driver_sdk::runtime[0m[2m:[0m could not activate the persistent AT-SPI listener: AT-SPI connect failed: ZBus Error: MethodError(OwnedErrorName("org.freedesktop.DBus.Error.NameHasNoOwner"), Some("Could not activate remote peer 'org.a11y.atspi.Registry': unit failed"), Msg { type: Error, serial: 4294967295, sender: UniqueName("org.freedesktop.DBus"), reply-serial: 9, body: Str, fds: [] })
[2m2026-10-03T16:37:55.374396Z[0m [33m WARN[0m [2mplatform_linux::overlay[0m[2m:[0m X11 overlay: root reads cannot see this window's own pixels; save-unders will be served without readback confirmation
dbus-daemon[843051]: [session uid=1000 pid=843051 pidfd=5] Activating service name='org.freedesktop.systemd1' requested by ':1.4' (uid=1000 pid=843339 comm="/usr/bin/dbus-broker-launch --config-file=/usr/sha")
dbus-daemon[843051]: [session uid=1000 pid=843051 pidfd=5] Activated service 'org.freedesktop.systemd1' failed: Process org.freedesktop.systemd1 exited with status 1
dbus-daemon[843051]: [session uid=1000 pid=843051 pidfd=5] Activating service name='org.freedesktop.systemd1' requested by ':1.4' (uid=1000 pid=843339 comm="/usr/bin/dbus-broker-launch --config-file=/usr/sha")
dbus-daemon[843051]: [session uid=1000 pid=843051 pidfd=5] Activated service 'org.freedesktop.systemd1' failed: Process org.freedesktop.systemd1 exited with status 1
{"trial": "smoke-R-003-fill-BASE-smoke-r03", "mode": "step", "outcome": "verified", "oracle_exact_match": true, "completion_mutations": 1, "routes": ["provider", "provider"], "error": null, "la": "7.32", "prov": {"attempts": 0, "reached": 0}}
dbus-daemon[843051]: [session uid=1000 pid=843051 pidfd=5] Activating service name='org.freedesktop.systemd1' requested by ':1.4' (uid=1000 pid=843339 comm="/usr/bin/dbus-broker-launch --config-file=/usr/sha")
dbus-daemon[843051]: [session uid=1000 pid=843051 pidfd=5] Activated service 'org.freedesktop.systemd1' failed: Process org.freedesktop.systemd1 exited with status 1
[2m2026-10-03T16:37:59.795254Z[0m [33m WARN[0m [2mcua_driver_sdk::runtime[0m[2m:[0m could not activate the persistent AT-SPI listener: AT-SPI connect failed: ZBus Error: MethodError(OwnedErrorName("org.freedesktop.DBus.Error.NameHasNoOwner"), Some("Could not activate remote peer 'org.a11y.atspi.Registry': unit failed"), Msg { type: Error, serial: 4294967295, sender: UniqueName("org.freedesktop.DBus"), reply-serial: 9, body: Str, fds: [] })
[2m2026-10-03T16:37:59.807662Z[0m [33m WARN[0m [2mplatform_linux::overlay[0m[2m:[0m X11 overlay: root reads cannot see this window's own pixels; save-unders will be served without readback confirmation
dbus-daemon[843051]: [session uid=1000 pid=843051 pidfd=5] Activating service name='org.freedesktop.systemd1' requested by ':1.4' (uid=1000 pid=843339 comm="/usr/bin/dbus-broker-launch --config-file=/usr/sha")
dbus-daemon[843051]: [session uid=1000 pid=843051 pidfd=5] Activated service 'org.freedesktop.systemd1' failed: Process org.freedesktop.systemd1 exited with status 1
dbus-daemon[843051]: [session uid=1000 pid=843051 pidfd=5] Activating service name='org.freedesktop.systemd1' requested by ':1.4' (uid=1000 pid=843339 comm="/usr/bin/dbus-broker-launch --config-file=/usr/sha")
dbus-daemon[843051]: [session uid=1000 pid=843051 pidfd=5] Activated service 'org.freedesktop.systemd1' failed: Process org.freedesktop.systemd1 exited with status 1
{"trial": "smoke-R-004-fill-BASE-smoke-r04", "mode": "step", "outcome": "verified", "oracle_exact_match": true, "completion_mutations": 1, "routes": ["provider", "provider"], "error": null, "la": "8.34", "prov": {"attempts": 0, "reached": 0}}
dbus-daemon[843051]: [session uid=1000 pid=843051 pidfd=5] Activating service name='org.freedesktop.systemd1' requested by ':1.4' (uid=1000 pid=843339 comm="/usr/bin/dbus-broker-launch --config-file=/usr/sha")
dbus-daemon[843051]: [session uid=1000 pid=843051 pidfd=5] Activated service 'org.freedesktop.systemd1' failed: Process org.freedesktop.systemd1 exited with status 1
[2m2026-10-03T16:38:04.199672Z[0m [33m WARN[0m [2mcua_driver_sdk::runtime[0m[2m:[0m could not activate the persistent AT-SPI listener: AT-SPI connect failed: ZBus Error: MethodError(OwnedErrorName("org.freedesktop.DBus.Error.NameHasNoOwner"), Some("Could not activate remote peer 'org.a11y.atspi.Registry': unit failed"), Msg { type: Error, serial: 4294967295, sender: UniqueName("org.freedesktop.DBus"), reply-serial: 9, body: Str, fds: [] })
[2m2026-10-03T16:38:04.219317Z[0m [33m WARN[0m [2mplatform_linux::overlay[0m[2m:[0m X11 overlay: root reads cannot see this window's own pixels; save-unders will be served without readback confirmation
dbus-daemon[843051]: [session uid=1000 pid=843051 pidfd=5] Activating service name='org.freedesktop.systemd1' requested by ':1.4' (uid=1000 pid=843339 comm="/usr/bin/dbus-broker-launch --config-file=/usr/sha")
dbus-daemon[843051]: [session uid=1000 pid=843051 pidfd=5] Activated service 'org.freedesktop.systemd1' failed: Process org.freedesktop.systemd1 exited with status 1
dbus-daemon[843051]: [session uid=1000 pid=843051 pidfd=5] Activating service name='org.freedesktop.systemd1' requested by ':1.4' (uid=1000 pid=843339 comm="/usr/bin/dbus-broker-launch --config-file=/usr/sha")
dbus-daemon[843051]: [session uid=1000 pid=843051 pidfd=5] Activated service 'org.freedesktop.systemd1' failed: Process org.freedesktop.systemd1 exited with status 1
{"trial": "smoke-R-005-toggle-BASE-smoke-r00", "mode": "step", "outcome": "verified", "oracle_exact_match": true, "completion_mutations": 1, "routes": ["provider", "provider"], "error": null, "la": "8.55", "prov": {"attempts": 0, "reached": 0}}
dbus-daemon[843051]: [session uid=1000 pid=843051 pidfd=5] Activating service name='org.freedesktop.systemd1' requested by ':1.4' (uid=1000 pid=843339 comm="/usr/bin/dbus-broker-launch --config-file=/usr/sha")
dbus-daemon[843051]: [session uid=1000 pid=843051 pidfd=5] Activated service 'org.freedesktop.systemd1' failed: Process org.freedesktop.systemd1 exited with status 1
[2m2026-10-03T16:38:08.114784Z[0m [33m WARN[0m [2mcua_driver_sdk::runtime[0m[2m:[0m could not activate the persistent AT-SPI listener: AT-SPI connect failed: ZBus Error: MethodError(OwnedErrorName("org.freedesktop.DBus.Error.NameHasNoOwner"), Some("Could not activate remote peer 'org.a11y.atspi.Registry': unit failed"), Msg { type: Error, serial: 4294967295, sender: UniqueName("org.freedesktop.DBus"), reply-serial: 9, body: Str, fds: [] })
[2m2026-10-03T16:38:08.129067Z[0m [33m WARN[0m [2mplatform_linux::overlay[0m[2m:[0m X11 overlay: root reads cannot see this window's own pixels; save-unders will be served without readback confirmation
dbus-daemon[843051]: [session uid=1000 pid=843051 pidfd=5] Activating service name='org.freedesktop.systemd1' requested by ':1.4' (uid=1000 pid=843339 comm="/usr/bin/dbus-broker-launch --config-file=/usr/sha")
dbus-daemon[843051]: [session uid=1000 pid=843051 pidfd=5] Activated service 'org.freedesktop.systemd1' failed: Process org.freedesktop.systemd1 exited with status 1
dbus-daemon[843051]: [session uid=1000 pid=843051 pidfd=5] Activating service name='org.freedesktop.systemd1' requested by ':1.4' (uid=1000 pid=843339 comm="/usr/bin/dbus-broker-launch --config-file=/usr/sha")
dbus-daemon[843051]: [session uid=1000 pid=843051 pidfd=5] Activated service 'org.freedesktop.systemd1' failed: Process org.freedesktop.systemd1 exited with status 1
{"trial": "smoke-R-006-toggle-BASE-smoke-r01", "mode": "step", "outcome": "verified", "oracle_exact_match": true, "completion_mutations": 1, "routes": ["provider", "provider"], "error": null, "la": "8.67", "prov": {"attempts": 0, "reached": 0}}
dbus-daemon[843051]: [session uid=1000 pid=843051 pidfd=5] Activating service name='org.freedesktop.systemd1' requested by ':1.4' (uid=1000 pid=843339 comm="/usr/bin/dbus-broker-launch --config-file=/usr/sha")
dbus-daemon[843051]: [session uid=1000 pid=843051 pidfd=5] Activated service 'org.freedesktop.systemd1' failed: Process org.freedesktop.systemd1 exited with status 1
[2m2026-10-03T16:38:11.506109Z[0m [33m WARN[0m [2mcua_driver_sdk::runtime[0m[2m:[0m could not activate the persistent AT-SPI listener: AT-SPI connect failed: ZBus Error: MethodError(OwnedErrorName("org.freedesktop.DBus.Error.NameHasNoOwner"), Some("Could not activate remote peer 'org.a11y.atspi.Registry': unit failed"), Msg { type: Error, serial: 4294967295, sender: UniqueName("org.freedesktop.DBus"), reply-serial: 9, body: Str, fds: [] })
[2m2026-10-03T16:38:11.516382Z[0m [33m WARN[0m [2mplatform_linux::overlay[0m[2m:[0m X11 overlay: root reads cannot see this window's own pixels; save-unders will be served without readback confirmation
dbus-daemon[843051]: [session uid=1000 pid=843051 pidfd=5] Activating service name='org.freedesktop.systemd1' requested by ':1.4' (uid=1000 pid=843339 comm="/usr/bin/dbus-broker-launch --config-file=/usr/sha")
dbus-daemon[843051]: [session uid=1000 pid=843051 pidfd=5] Activated service 'org.freedesktop.systemd1' failed: Process org.freedesktop.systemd1 exited with status 1
dbus-daemon[843051]: [session uid=1000 pid=843051 pidfd=5] Activating service name='org.freedesktop.systemd1' requested by ':1.4' (uid=1000 pid=843339 comm="/usr/bin/dbus-broker-launch --config-file=/usr/sha")
dbus-daemon[843051]: [session uid=1000 pid=843051 pidfd=5] Activated service 'org.freedesktop.systemd1' failed: Process org.freedesktop.systemd1 exited with status 1
{"trial": "smoke-R-007-toggle-BASE-smoke-r02", "mode": "step", "outcome": "verified", "oracle_exact_match": true, "completion_mutations": 1, "routes": ["provider", "provider"], "error": null, "la": "8.29", "prov": {"attempts": 0, "reached": 0}}
dbus-daemon[843051]: [session uid=1000 pid=843051 pidfd=5] Activating service name='org.freedesktop.systemd1' requested by ':1.4' (uid=1000 pid=843339 comm="/usr/bin/dbus-broker-launch --config-file=/usr/sha")
dbus-daemon[843051]: [session uid=1000 pid=843051 pidfd=5] Activated service 'org.freedesktop.systemd1' failed: Process org.freedesktop.systemd1 exited with status 1
[2m2026-10-03T16:38:14.938314Z[0m [33m WARN[0m [2mcua_driver_sdk::runtime[0m[2m:[0m could not activate the persistent AT-SPI listener: AT-SPI connect failed: ZBus Error: MethodError(OwnedErrorName("org.freedesktop.DBus.Error.NameHasNoOwner"), Some("Could not activate remote peer 'org.a11y.atspi.Registry': unit failed"), Msg { type: Error, serial: 4294967295, sender: UniqueName("org.freedesktop.DBus"), reply-serial: 9, body: Str, fds: [] })
[2m2026-10-03T16:38:14.959529Z[0m [33m WARN[0m [2mplatform_linux::overlay[0m[2m:[0m X11 overlay: root reads cannot see this window's own pixels; save-unders will be served without readback confirmation
dbus-daemon[843051]: [session uid=1000 pid=843051 pidfd=5] Activating service name='org.freedesktop.systemd1' requested by ':1.4' (uid=1000 pid=843339 comm="/usr/bin/dbus-broker-launch --config-file=/usr/sha")
dbus-daemon[843051]: [session uid=1000 pid=843051 pidfd=5] Activated service 'org.freedesktop.systemd1' failed: Process org.freedesktop.systemd1 exited with status 1
dbus-daemon[843051]: [session uid=1000 pid=843051 pidfd=5] Activating service name='org.freedesktop.systemd1' requested by ':1.4' (uid=1000 pid=843339 comm="/usr/bin/dbus-broker-launch --config-file=/usr/sha")
dbus-daemon[843051]: [session uid=1000 pid=843051 pidfd=5] Activated service 'org.freedesktop.systemd1' failed: Process org.freedesktop.systemd1 exited with status 1
{"trial": "smoke-R-008-toggle-BASE-smoke-r03", "mode": "step", "outcome": "verified", "oracle_exact_match": true, "completion_mutations": 1, "routes": ["provider", "provider"], "error": null, "la": "8.29", "prov": {"attempts": 0, "reached": 0}}
dbus-daemon[843051]: [session uid=1000 pid=843051 pidfd=5] Activating service name='org.freedesktop.systemd1' requested by ':1.4' (uid=1000 pid=843339 comm="/usr/bin/dbus-broker-launch --config-file=/usr/sha")
dbus-daemon[843051]: [session uid=1000 pid=843051 pidfd=5] Activated service 'org.freedesktop.systemd1' failed: Process org.freedesktop.systemd1 exited with status 1
[2m2026-10-03T16:38:18.824738Z[0m [33m WARN[0m [2mcua_driver_sdk::runtime[0m[2m:[0m could not activate the persistent AT-SPI listener: AT-SPI connect failed: ZBus Error: MethodError(OwnedErrorName("org.freedesktop.DBus.Error.NameHasNoOwner"), Some("Could not activate remote peer 'org.a11y.atspi.Registry': unit failed"), Msg { type: Error, serial: 4294967295, sender: UniqueName("org.freedesktop.DBus"), reply-serial: 9, body: Str, fds: [] })
[2m2026-10-03T16:38:18.843180Z[0m [33m WARN[0m [2mplatform_linux::overlay[0m[2m:[0m X11 overlay: root reads cannot see this window's own pixels; save-unders will be served without readback confirmation
dbus-daemon[843051]: [session uid=1000 pid=843051 pidfd=5] Activating service name='org.freedesktop.systemd1' requested by ':1.4' (uid=1000 pid=843339 comm="/usr/bin/dbus-broker-launch --config-file=/usr/sha")
dbus-daemon[843051]: [session uid=1000 pid=843051 pidfd=5] Activated service 'org.freedesktop.systemd1' failed: Process org.freedesktop.systemd1 exited with status 1
dbus-daemon[843051]: [session uid=1000 pid=843051 pidfd=5] Activating service name='org.freedesktop.systemd1' requested by ':1.4' (uid=1000 pid=843339 comm="/usr/bin/dbus-broker-launch --config-file=/usr/sha")
dbus-daemon[843051]: [session uid=1000 pid=843051 pidfd=5] Activated service 'org.freedesktop.systemd1' failed: Process org.freedesktop.systemd1 exited with status 1
{"trial": "smoke-R-009-toggle-BASE-smoke-r04", "mode": "step", "outcome": "verified", "oracle_exact_match": true, "completion_mutations": 1, "routes": ["provider", "provider"], "error": null, "la": "8.59", "prov": {"attempts": 0, "reached": 0}}
dbus-daemon[843051]: [session uid=1000 pid=843051 pidfd=5] Activating service name='org.freedesktop.systemd1' requested by ':1.4' (uid=1000 pid=843339 comm="/usr/bin/dbus-broker-launch --config-file=/usr/sha")
dbus-daemon[843051]: [session uid=1000 pid=843051 pidfd=5] Activated service 'org.freedesktop.systemd1' failed: Process org.freedesktop.systemd1 exited with status 1
[2m2026-10-03T16:38:22.667542Z[0m [33m WARN[0m [2mcua_driver_sdk::runtime[0m[2m:[0m could not activate the persistent AT-SPI listener: AT-SPI connect failed: ZBus Error: MethodError(OwnedErrorName("org.freedesktop.DBus.Error.NameHasNoOwner"), Some("Could not activate remote peer 'org.a11y.atspi.Registry': unit failed"), Msg { type: Error, serial: 4294967295, sender: UniqueName("org.freedesktop.DBus"), reply-serial: 9, body: Str, fds: [] })
[2m2026-10-03T16:38:22.676038Z[0m [33m WARN[0m [2mplatform_linux::overlay[0m[2m:[0m X11 overlay: root reads cannot see this window's own pixels; save-unders will be served without readback confirmation
dbus-daemon[843051]: [session uid=1000 pid=843051 pidfd=5] Activating service name='org.freedesktop.systemd1' requested by ':1.4' (uid=1000 pid=843339 comm="/usr/bin/dbus-broker-launch --config-file=/usr/sha")
dbus-daemon[843051]: [session uid=1000 pid=843051 pidfd=5] Activated service 'org.freedesktop.systemd1' failed: Process org.freedesktop.systemd1 exited with status 1
dbus-daemon[843051]: [session uid=1000 pid=843051 pidfd=5] Activating service name='org.freedesktop.systemd1' requested by ':1.4' (uid=1000 pid=843339 comm="/usr/bin/dbus-broker-launch --config-file=/usr/sha")
dbus-daemon[843051]: [session uid=1000 pid=843051 pidfd=5] Activated service 'org.freedesktop.systemd1' failed: Process org.freedesktop.systemd1 exited with status 1
{"trial": "smoke-R-010-modal-BASE-smoke-r00", "mode": "step", "outcome": "verified", "oracle_exact_match": true, "completion_mutations": 1, "routes": ["provider", "provider"], "error": null, "la": "8.30", "prov": {"attempts": 0, "reached": 0}}
dbus-daemon[843051]: [session uid=1000 pid=843051 pidfd=5] Activating service name='org.freedesktop.systemd1' requested by ':1.4' (uid=1000 pid=843339 comm="/usr/bin/dbus-broker-launch --config-file=/usr/sha")
dbus-daemon[843051]: [session uid=1000 pid=843051 pidfd=5] Activated service 'org.freedesktop.systemd1' failed: Process org.freedesktop.systemd1 exited with status 1
[2m2026-10-03T16:38:26.086799Z[0m [33m WARN[0m [2mcua_driver_sdk::runtime[0m[2m:[0m could not activate the persistent AT-SPI listener: AT-SPI connect failed: ZBus Error: MethodError(OwnedErrorName("org.freedesktop.DBus.Error.NameHasNoOwner"), Some("Could not activate remote peer 'org.a11y.atspi.Registry': unit failed"), Msg { type: Error, serial: 4294967295, sender: UniqueName("org.freedesktop.DBus"), reply-serial: 9, body: Str, fds: [] })
[2m2026-10-03T16:38:26.096954Z[0m [33m WARN[0m [2mplatform_linux::overlay[0m[2m:[0m X11 overlay: root reads cannot see this window's own pixels; save-unders will be served without readback confirmation
dbus-daemon[843051]: [session uid=1000 pid=843051 pidfd=5] Activating service name='org.freedesktop.systemd1' requested by ':1.4' (uid=1000 pid=843339 comm="/usr/bin/dbus-broker-launch --config-file=/usr/sha")
dbus-daemon[843051]: [session uid=1000 pid=843051 pidfd=5] Activated service 'org.freedesktop.systemd1' failed: Process org.freedesktop.systemd1 exited with status 1
dbus-daemon[843051]: [session uid=1000 pid=843051 pidfd=5] Activating service name='org.freedesktop.systemd1' requested by ':1.4' (uid=1000 pid=843339 comm="/usr/bin/dbus-broker-launch --config-file=/usr/sha")
dbus-daemon[843051]: [session uid=1000 pid=843051 pidfd=5] Activated service 'org.freedesktop.systemd1' failed: Process org.freedesktop.systemd1 exited with status 1
{"trial": "smoke-R-011-modal-BASE-smoke-r01", "mode": "step", "outcome": "verified", "oracle_exact_match": true, "completion_mutations": 1, "routes": ["provider", "provider"], "error": null, "la": "8.30", "prov": {"attempts": 0, "reached": 0}}
dbus-daemon[843051]: [session uid=1000 pid=843051 pidfd=5] Activating service name='org.freedesktop.systemd1' requested by ':1.4' (uid=1000 pid=843339 comm="/usr/bin/dbus-broker-launch --config-file=/usr/sha")
dbus-daemon[843051]: [session uid=1000 pid=843051 pidfd=5] Activated service 'org.freedesktop.systemd1' failed: Process org.freedesktop.systemd1 exited with status 1
[2m2026-10-03T16:38:29.759854Z[0m [33m WARN[0m [2mcua_driver_sdk::runtime[0m[2m:[0m could not activate the persistent AT-SPI listener: AT-SPI connect failed: ZBus Error: MethodError(OwnedErrorName("org.freedesktop.DBus.Error.NameHasNoOwner"), Some("Could not activate remote peer 'org.a11y.atspi.Registry': unit failed"), Msg { type: Error, serial: 4294967295, sender: UniqueName("org.freedesktop.DBus"), reply-serial: 9, body: Str, fds: [] })
[2m2026-10-03T16:38:29.774678Z[0m [33m WARN[0m [2mplatform_linux::overlay[0m[2m:[0m X11 overlay: root reads cannot see this window's own pixels; save-unders will be served without readback confirmation
dbus-daemon[843051]: [session uid=1000 pid=843051 pidfd=5] Activating service name='org.freedesktop.systemd1' requested by ':1.4' (uid=1000 pid=843339 comm="/usr/bin/dbus-broker-launch --config-file=/usr/sha")
dbus-daemon[843051]: [session uid=1000 pid=843051 pidfd=5] Activated service 'org.freedesktop.systemd1' failed: Process org.freedesktop.systemd1 exited with status 1
dbus-daemon[843051]: [session uid=1000 pid=843051 pidfd=5] Activating service name='org.freedesktop.systemd1' requested by ':1.4' (uid=1000 pid=843339 comm="/usr/bin/dbus-broker-launch --config-file=/usr/sha")
dbus-daemon[843051]: [session uid=1000 pid=843051 pidfd=5] Activated service 'org.freedesktop.systemd1' failed: Process org.freedesktop.systemd1 exited with status 1
{"trial": "smoke-R-012-modal-BASE-smoke-r02", "mode": "step", "outcome": "verified", "oracle_exact_match": true, "completion_mutations": 1, "routes": ["provider", "provider"], "error": null, "la": "8.12", "prov": {"attempts": 0, "reached": 0}}
dbus-daemon[843051]: [session uid=1000 pid=843051 pidfd=5] Activating service name='org.freedesktop.systemd1' requested by ':1.4' (uid=1000 pid=843339 comm="/usr/bin/dbus-broker-launch --config-file=/usr/sha")
dbus-daemon[843051]: [session uid=1000 pid=843051 pidfd=5] Activated service 'org.freedesktop.systemd1' failed: Process org.freedesktop.systemd1 exited with status 1
[2m2026-10-03T16:38:33.536868Z[0m [33m WARN[0m [2mcua_driver_sdk::runtime[0m[2m:[0m could not activate the persistent AT-SPI listener: AT-SPI connect failed: ZBus Error: MethodError(OwnedErrorName("org.freedesktop.DBus.Error.NameHasNoOwner"), Some("Could not activate remote peer 'org.a11y.atspi.Registry': unit failed"), Msg { type: Error, serial: 4294967295, sender: UniqueName("org.freedesktop.DBus"), reply-serial: 9, body: Str, fds: [] })
[2m2026-10-03T16:38:33.548284Z[0m [33m WARN[0m [2mplatform_linux::overlay[0m[2m:[0m X11 overlay: root reads cannot see this window's own pixels; save-unders will be served without readback confirmation
dbus-daemon[843051]: [session uid=1000 pid=843051 pidfd=5] Activating service name='org.freedesktop.systemd1' requested by ':1.4' (uid=1000 pid=843339 comm="/usr/bin/dbus-broker-launch --config-file=/usr/sha")
dbus-daemon[843051]: [session uid=1000 pid=843051 pidfd=5] Activated service 'org.freedesktop.systemd1' failed: Process org.freedesktop.systemd1 exited with status 1
dbus-daemon[843051]: [session uid=1000 pid=843051 pidfd=5] Activating service name='org.freedesktop.systemd1' requested by ':1.4' (uid=1000 pid=843339 comm="/usr/bin/dbus-broker-launch --config-file=/usr/sha")
dbus-daemon[843051]: [session uid=1000 pid=843051 pidfd=5] Activated service 'org.freedesktop.systemd1' failed: Process org.freedesktop.systemd1 exited with status 1
{"trial": "smoke-R-013-modal-BASE-smoke-r03", "mode": "step", "outcome": "verified", "oracle_exact_match": true, "completion_mutations": 1, "routes": ["provider", "provider"], "error": null, "la": "8.11", "prov": {"attempts": 0, "reached": 0}}
dbus-daemon[843051]: [session uid=1000 pid=843051 pidfd=5] Activating service name='org.freedesktop.systemd1' requested by ':1.4' (uid=1000 pid=843339 comm="/usr/bin/dbus-broker-launch --config-file=/usr/sha")
dbus-daemon[843051]: [session uid=1000 pid=843051 pidfd=5] Activated service 'org.freedesktop.systemd1' failed: Process org.freedesktop.systemd1 exited with status 1
[2m2026-10-03T16:38:37.295174Z[0m [33m WARN[0m [2mcua_driver_sdk::runtime[0m[2m:[0m could not activate the persistent AT-SPI listener: AT-SPI connect failed: ZBus Error: MethodError(OwnedErrorName("org.freedesktop.DBus.Error.NameHasNoOwner"), Some("Could not activate remote peer 'org.a11y.atspi.Registry': unit failed"), Msg { type: Error, serial: 4294967295, sender: UniqueName("org.freedesktop.DBus"), reply-serial: 9, body: Str, fds: [] })
[2m2026-10-03T16:38:37.302577Z[0m [33m WARN[0m [2mplatform_linux::overlay[0m[2m:[0m X11 overlay: root reads cannot see this window's own pixels; save-unders will be served without readback confirmation
dbus-daemon[843051]: [session uid=1000 pid=843051 pidfd=5] Activating service name='org.freedesktop.systemd1' requested by ':1.4' (uid=1000 pid=843339 comm="/usr/bin/dbus-broker-launch --config-file=/usr/sha")
dbus-daemon[843051]: [session uid=1000 pid=843051 pidfd=5] Activated service 'org.freedesktop.systemd1' failed: Process org.freedesktop.systemd1 exited with status 1
dbus-daemon[843051]: [session uid=1000 pid=843051 pidfd=5] Activating service name='org.freedesktop.systemd1' requested by ':1.4' (uid=1000 pid=843339 comm="/usr/bin/dbus-broker-launch --config-file=/usr/sha")
dbus-daemon[843051]: [session uid=1000 pid=843051 pidfd=5] Activated service 'org.freedesktop.systemd1' failed: Process org.freedesktop.systemd1 exited with status 1
{"trial": "smoke-R-014-modal-BASE-smoke-r04", "mode": "step", "outcome": "verified", "oracle_exact_match": true, "completion_mutations": 1, "routes": ["provider", "provider"], "error": null, "la": "8.26", "prov": {"attempts": 0, "reached": 0}}
[fresh07] once smoke-R.DONE rc=0 loadavg=7.84 10.07 9.88
A connection to the bus can't be made
CRITICAL: [dbus_cb_name_lost:1438] Cannot connect to DBus.
X connection to :101 broken (explicit kill or server shutdown).
[session] exit rc=0 run_dir=<tmp>/x11-session.XdOrx9
