[session] DISPLAY=:99 openbox=3982079 picom=3982080 dbus=unix:path=<session-tmp>/dbus-X,guid=c5f9d62c1609062565071bef6abf435a
[b02] DISPLAY=:99 start_utc=2026-10-02T05:38:36.953Z loadavg=5.97 11.09 12.80 3/2467 3982236
Cua Driver sends content-free product telemetry by default. Run `cua-driver telemetry disable` to stop it; `cua-driver telemetry status` shows the current setting.
dbus-daemon[3982076]: [session uid=1000 pid=3982076 pidfd=5] Activating service name='org.a11y.Bus' requested by ':1.0' (uid=1000 pid=3982324 comm="<lanes>/bin/cua-driver-b0")
dbus-daemon[3982076]: [session uid=1000 pid=3982076 pidfd=5] Successfully activated service 'org.a11y.Bus'
dbus-daemon[3982076]: [session uid=1000 pid=3982076 pidfd=5] Activating service name='ca.desrt.dconf' requested by ':1.1' (uid=1000 pid=3982352 comm="/usr/lib/at-spi-bus-launcher")
dbus-daemon[3982076]: [session uid=1000 pid=3982076 pidfd=5] Successfully activated service 'ca.desrt.dconf'
dbus-daemon[3982076]: [session uid=1000 pid=3982076 pidfd=5] Activating service name='org.freedesktop.systemd1' requested by ':1.4' (uid=1000 pid=3982371 comm="/usr/bin/dbus-broker-launch --config-file=/usr/sha")
dbus-daemon[3982076]: [session uid=1000 pid=3982076 pidfd=5] Activated service 'org.freedesktop.systemd1' failed: Process org.freedesktop.systemd1 exited with status 1
[2m2026-10-02T05:38:37.584806Z[0m [33m WARN[0m [2mcua_driver_sdk::runtime[0m[2m:[0m could not activate the persistent AT-SPI listener: AT-SPI connect failed: ZBus Error: MethodError(OwnedErrorName("org.freedesktop.DBus.Error.NameHasNoOwner"), Some("Could not activate remote peer 'org.a11y.atspi.Registry': unit failed"), Msg { type: Error, serial: 4294967295, sender: UniqueName("org.freedesktop.DBus"), reply-serial: 10, body: Str, fds: [] })
[2m2026-10-02T05:38:37.594658Z[0m [33m WARN[0m [2mplatform_linux::overlay[0m[2m:[0m X11 overlay: root reads cannot see this window's own pixels; save-unders will be served without readback confirmation
dbus-daemon[3982076]: [session uid=1000 pid=3982076 pidfd=5] Activating service name='org.gtk.vfs.Daemon' requested by ':1.5' (uid=1000 pid=3982492 comm="/opt/google/chrome/chrome --remote-debugging-port=")
dbus-daemon[3982076]: [session uid=1000 pid=3982076 pidfd=5] Successfully activated service 'org.gtk.vfs.Daemon'
fusermount3: mount failed: Operation not permitted
dbus-daemon[3982076]: [session uid=1000 pid=3982076 pidfd=5] Activating service name='org.freedesktop.systemd1' requested by ':1.4' (uid=1000 pid=3982371 comm="/usr/bin/dbus-broker-launch --config-file=/usr/sha")
dbus-daemon[3982076]: [session uid=1000 pid=3982076 pidfd=5] Activated service 'org.freedesktop.systemd1' failed: Process org.freedesktop.systemd1 exited with status 1
dbus-daemon[3982076]: [session uid=1000 pid=3982076 pidfd=5] Activating service name='org.freedesktop.systemd1' requested by ':1.4' (uid=1000 pid=3982371 comm="/usr/bin/dbus-broker-launch --config-file=/usr/sha")
dbus-daemon[3982076]: [session uid=1000 pid=3982076 pidfd=5] Activated service 'org.freedesktop.systemd1' failed: Process org.freedesktop.systemd1 exited with status 1
dbus-daemon[3982076]: [session uid=1000 pid=3982076 pidfd=5] Activating service name='org.freedesktop.Notifications' requested by ':1.7' (uid=1000 pid=3982492 comm="/opt/google/chrome/chrome --remote-debugging-port=")
dbus-daemon[3982076]: [session uid=1000 pid=3982076 pidfd=5] Successfully activated service 'org.freedesktop.Notifications'
dbus-daemon[3982076]: [session uid=1000 pid=3982076 pidfd=5] Activating service name='org.freedesktop.portal.Desktop' requested by ':1.7' (uid=1000 pid=3982492 comm="/opt/google/chrome/chrome --remote-debugging-port=")
dbus-daemon[3982076]: [session uid=1000 pid=3982076 pidfd=5] Activating service name='org.freedesktop.impl.portal.PermissionStore' requested by ':1.9' (uid=1000 pid=3982704 comm="/usr/lib/xdg-desktop-portal")
dbus-daemon[3982076]: [session uid=1000 pid=3982076 pidfd=5] Successfully activated service 'org.freedesktop.impl.portal.PermissionStore'
dbus-daemon[3982076]: [session uid=1000 pid=3982076 pidfd=5] Activating service name='org.freedesktop.portal.Documents' requested by ':1.9' (uid=1000 pid=3982704 comm="/usr/lib/xdg-desktop-portal")
dbus-daemon[3982076]: [session uid=1000 pid=3982076 pidfd=5] Successfully activated service 'org.freedesktop.portal.Documents'
fusermount3: mount failed: Operation not permitted
error: fuse init failed: Can't mount path <lane-tmp>/x11-session.rhEdqQ/xdg-runtime/doc

(/usr/lib/xdg-desktop-portal:3982704): xdg-desktop-portal-WARNING **: 00:38:38.603: Document portal fuse mount point unknown: GDBus.Error:org.freedesktop.DBus.Error.ServiceUnknown: The name :1.11 was not provided by any .service files

(/usr/lib/xdg-desktop-portal:3982704): xdg-desktop-portal-WARNING **: 00:38:38.603: Choosing gtk.portal for org.freedesktop.impl.portal.Lockdown as a last-resort fallback
dbus-daemon[3982076]: [session uid=1000 pid=3982076 pidfd=5] Activating service name='org.freedesktop.impl.portal.desktop.gtk' requested by ':1.9' (uid=1000 pid=3982704 comm="/usr/lib/xdg-desktop-portal")
dbus-daemon[3982076]: [session uid=1000 pid=3982076 pidfd=5] Activating service name='org.freedesktop.systemd1' requested by ':1.4' (uid=1000 pid=3982371 comm="/usr/bin/dbus-broker-launch --config-file=/usr/sha")
dbus-daemon[3982076]: [session uid=1000 pid=3982076 pidfd=5] Activated service 'org.freedesktop.systemd1' failed: Process org.freedesktop.systemd1 exited with status 1

** (xdg-desktop-portal-gtk:3982726): WARNING **: 00:38:38.625: AT-SPI: Could not obtain desktop path or name

dbus-daemon[3982076]: [session uid=1000 pid=3982076 pidfd=5] Successfully activated service 'org.freedesktop.impl.portal.desktop.gtk'
dbus-daemon[3982076]: [session uid=1000 pid=3982076 pidfd=5] Activating service name='org.freedesktop.systemd1' requested by ':1.4' (uid=1000 pid=3982371 comm="/usr/bin/dbus-broker-launch --config-file=/usr/sha")

(/usr/lib/xdg-desktop-portal:3982704): xdg-desktop-portal-WARNING **: 00:38:38.626: Choosing gtk.portal for org.freedesktop.impl.portal.Access as a last-resort fallback
dbus-daemon[3982076]: [session uid=1000 pid=3982076 pidfd=5] Activated service 'org.freedesktop.systemd1' failed: Process org.freedesktop.systemd1 exited with status 1

** (xdg-desktop-portal-gtk:3982726): WARNING **: 00:38:38.626: atk-bridge: GetRegisteredEvents returned message with unknown signature

** (xdg-desktop-portal-gtk:3982726): WARNING **: 00:38:38.626: atk-bridge: get_device_events_reply: unknown signature

(/usr/lib/xdg-desktop-portal:3982704): xdg-desktop-portal-WARNING **: 00:38:38.638: Choosing gtk.portal for org.freedesktop.impl.portal.Settings as a last-resort fallback

(/usr/lib/xdg-desktop-portal:3982704): xdg-desktop-portal-WARNING **: 00:38:38.639: Choosing gtk.portal for org.freedesktop.impl.portal.FileChooser as a last-resort fallback

(/usr/lib/xdg-desktop-portal:3982704): xdg-desktop-portal-WARNING **: 00:38:38.639: Choosing gtk.portal for org.freedesktop.impl.portal.AppChooser as a last-resort fallback

(/usr/lib/xdg-desktop-portal:3982704): xdg-desktop-portal-WARNING **: 00:38:38.639: Choosing gtk.portal for org.freedesktop.impl.portal.Print as a last-resort fallback

(/usr/lib/xdg-desktop-portal:3982704): xdg-desktop-portal-WARNING **: 00:38:38.640: Choosing gtk.portal for org.freedesktop.impl.portal.Notification as a last-resort fallback

(/usr/lib/xdg-desktop-portal:3982704): xdg-desktop-portal-WARNING **: 00:38:38.640: Choosing gtk.portal for org.freedesktop.impl.portal.Inhibit as a last-resort fallback

(/usr/lib/xdg-desktop-portal:3982704): xdg-desktop-portal-WARNING **: 00:38:38.642: Failed to connect to PipeWire: Couldn't connect to PipeWire

(/usr/lib/xdg-desktop-portal:3982704): xdg-desktop-portal-WARNING **: 00:38:38.642: Choosing gtk.portal for org.freedesktop.impl.portal.Account as a last-resort fallback

(/usr/lib/xdg-desktop-portal:3982704): xdg-desktop-portal-WARNING **: 00:38:38.642: Choosing gtk.portal for org.freedesktop.impl.portal.Email as a last-resort fallback

(/usr/lib/xdg-desktop-portal:3982704): xdg-desktop-portal-WARNING **: 00:38:38.643: Choosing gtk.portal for org.freedesktop.impl.portal.DynamicLauncher as a last-resort fallback
dbus-daemon[3982076]: [session uid=1000 pid=3982076 pidfd=5] Successfully activated service 'org.freedesktop.portal.Desktop'
{"trial": "shake000-fill-K5-measured", "outcome": "verified", "oracle_exact_match": true, "completion_mutations": 1, "routes": ["provider", "guarded-completion"], "loadavg_before": "5.97 11.09 12.80 5/2421 3982322"}
dbus-daemon[3982076]: [session uid=1000 pid=3982076 pidfd=5] Activating service name='org.freedesktop.systemd1' requested by ':1.4' (uid=1000 pid=3982371 comm="/usr/bin/dbus-broker-launch --config-file=/usr/sha")
dbus-daemon[3982076]: [session uid=1000 pid=3982076 pidfd=5] Activated service 'org.freedesktop.systemd1' failed: Process org.freedesktop.systemd1 exited with status 1
[2m2026-10-02T05:38:39.494324Z[0m [33m WARN[0m [2mcua_driver_sdk::runtime[0m[2m:[0m could not activate the persistent AT-SPI listener: AT-SPI connect failed: ZBus Error: MethodError(OwnedErrorName("org.freedesktop.DBus.Error.NameHasNoOwner"), Some("Could not activate remote peer 'org.a11y.atspi.Registry': unit failed"), Msg { type: Error, serial: 4294967295, sender: UniqueName("org.freedesktop.DBus"), reply-serial: 9, body: Str, fds: [] })
[2m2026-10-02T05:38:39.501442Z[0m [33m WARN[0m [2mplatform_linux::overlay[0m[2m:[0m X11 overlay: root reads cannot see this window's own pixels; save-unders will be served without readback confirmation
dbus-daemon[3982076]: [session uid=1000 pid=3982076 pidfd=5] Activating service name='org.freedesktop.systemd1' requested by ':1.4' (uid=1000 pid=3982371 comm="/usr/bin/dbus-broker-launch --config-file=/usr/sha")
dbus-daemon[3982076]: [session uid=1000 pid=3982076 pidfd=5] Activated service 'org.freedesktop.systemd1' failed: Process org.freedesktop.systemd1 exited with status 1
dbus-daemon[3982076]: [session uid=1000 pid=3982076 pidfd=5] Activating service name='org.freedesktop.systemd1' requested by ':1.4' (uid=1000 pid=3982371 comm="/usr/bin/dbus-broker-launch --config-file=/usr/sha")
dbus-daemon[3982076]: [session uid=1000 pid=3982076 pidfd=5] Activated service 'org.freedesktop.systemd1' failed: Process org.freedesktop.systemd1 exited with status 1
{"trial": "shake001-toggle-K5E-measured", "outcome": "verified", "oracle_exact_match": true, "completion_mutations": 1, "routes": ["provider", "provider"], "loadavg_before": "5.97 11.09 12.80 4/2460 3982828"}
dbus-daemon[3982076]: [session uid=1000 pid=3982076 pidfd=5] Activating service name='org.freedesktop.systemd1' requested by ':1.4' (uid=1000 pid=3982371 comm="/usr/bin/dbus-broker-launch --config-file=/usr/sha")
dbus-daemon[3982076]: [session uid=1000 pid=3982076 pidfd=5] Activated service 'org.freedesktop.systemd1' failed: Process org.freedesktop.systemd1 exited with status 1
[2m2026-10-02T05:38:40.836109Z[0m [33m WARN[0m [2mcua_driver_sdk::runtime[0m[2m:[0m could not activate the persistent AT-SPI listener: AT-SPI connect failed: ZBus Error: MethodError(OwnedErrorName("org.freedesktop.DBus.Error.NameHasNoOwner"), Some("Could not activate remote peer 'org.a11y.atspi.Registry': unit failed"), Msg { type: Error, serial: 4294967295, sender: UniqueName("org.freedesktop.DBus"), reply-serial: 9, body: Str, fds: [] })
[2m2026-10-02T05:38:40.843257Z[0m [33m WARN[0m [2mplatform_linux::overlay[0m[2m:[0m X11 overlay: root reads cannot see this window's own pixels; save-unders will be served without readback confirmation
dbus-daemon[3982076]: [session uid=1000 pid=3982076 pidfd=5] Activating service name='org.freedesktop.systemd1' requested by ':1.4' (uid=1000 pid=3982371 comm="/usr/bin/dbus-broker-launch --config-file=/usr/sha")
dbus-daemon[3982076]: [session uid=1000 pid=3982076 pidfd=5] Activated service 'org.freedesktop.systemd1' failed: Process org.freedesktop.systemd1 exited with status 1
dbus-daemon[3982076]: [session uid=1000 pid=3982076 pidfd=5] Activating service name='org.freedesktop.systemd1' requested by ':1.4' (uid=1000 pid=3982371 comm="/usr/bin/dbus-broker-launch --config-file=/usr/sha")
dbus-daemon[3982076]: [session uid=1000 pid=3982076 pidfd=5] Activated service 'org.freedesktop.systemd1' failed: Process org.freedesktop.systemd1 exited with status 1
{"trial": "shake002-modal-K5V-measured", "outcome": "verified", "oracle_exact_match": true, "completion_mutations": 1, "routes": ["provider", "provider"], "loadavg_before": "5.97 11.09 12.80 3/2465 3983166"}
dbus-daemon[3982076]: [session uid=1000 pid=3982076 pidfd=5] Activating service name='org.freedesktop.systemd1' requested by ':1.4' (uid=1000 pid=3982371 comm="/usr/bin/dbus-broker-launch --config-file=/usr/sha")
dbus-daemon[3982076]: [session uid=1000 pid=3982076 pidfd=5] Activated service 'org.freedesktop.systemd1' failed: Process org.freedesktop.systemd1 exited with status 1
[2m2026-10-02T05:38:42.163015Z[0m [33m WARN[0m [2mcua_driver_sdk::runtime[0m[2m:[0m could not activate the persistent AT-SPI listener: AT-SPI connect failed: ZBus Error: MethodError(OwnedErrorName("org.freedesktop.DBus.Error.NameHasNoOwner"), Some("Could not activate remote peer 'org.a11y.atspi.Registry': unit failed"), Msg { type: Error, serial: 4294967295, sender: UniqueName("org.freedesktop.DBus"), reply-serial: 9, body: Str, fds: [] })
[2m2026-10-02T05:38:42.170075Z[0m [33m WARN[0m [2mplatform_linux::overlay[0m[2m:[0m X11 overlay: root reads cannot see this window's own pixels; save-unders will be served without readback confirmation
dbus-daemon[3982076]: [session uid=1000 pid=3982076 pidfd=5] Activating service name='org.freedesktop.systemd1' requested by ':1.4' (uid=1000 pid=3982371 comm="/usr/bin/dbus-broker-launch --config-file=/usr/sha")
dbus-daemon[3982076]: [session uid=1000 pid=3982076 pidfd=5] Activated service 'org.freedesktop.systemd1' failed: Process org.freedesktop.systemd1 exited with status 1
dbus-daemon[3982076]: [session uid=1000 pid=3982076 pidfd=5] Activating service name='org.freedesktop.systemd1' requested by ':1.4' (uid=1000 pid=3982371 comm="/usr/bin/dbus-broker-launch --config-file=/usr/sha")
dbus-daemon[3982076]: [session uid=1000 pid=3982076 pidfd=5] Activated service 'org.freedesktop.systemd1' failed: Process org.freedesktop.systemd1 exited with status 1
{"trial": "shake003-fill-K5EV-measured", "outcome": "verified", "oracle_exact_match": true, "completion_mutations": 1, "routes": ["provider", "guarded-completion"], "loadavg_before": "5.81 10.97 12.76 2/2473 3983517"}
dbus-daemon[3982076]: [session uid=1000 pid=3982076 pidfd=5] Activating service name='org.freedesktop.systemd1' requested by ':1.4' (uid=1000 pid=3982371 comm="/usr/bin/dbus-broker-launch --config-file=/usr/sha")
dbus-daemon[3982076]: [session uid=1000 pid=3982076 pidfd=5] Activated service 'org.freedesktop.systemd1' failed: Process org.freedesktop.systemd1 exited with status 1
[2m2026-10-02T05:38:43.572121Z[0m [33m WARN[0m [2mcua_driver_sdk::runtime[0m[2m:[0m could not activate the persistent AT-SPI listener: AT-SPI connect failed: ZBus Error: MethodError(OwnedErrorName("org.freedesktop.DBus.Error.NameHasNoOwner"), Some("Could not activate remote peer 'org.a11y.atspi.Registry': unit failed"), Msg { type: Error, serial: 4294967295, sender: UniqueName("org.freedesktop.DBus"), reply-serial: 9, body: Str, fds: [] })
[2m2026-10-02T05:38:43.579569Z[0m [33m WARN[0m [2mplatform_linux::overlay[0m[2m:[0m X11 overlay: root reads cannot see this window's own pixels; save-unders will be served without readback confirmation
dbus-daemon[3982076]: [session uid=1000 pid=3982076 pidfd=5] Activating service name='org.freedesktop.systemd1' requested by ':1.4' (uid=1000 pid=3982371 comm="/usr/bin/dbus-broker-launch --config-file=/usr/sha")
dbus-daemon[3982076]: [session uid=1000 pid=3982076 pidfd=5] Activated service 'org.freedesktop.systemd1' failed: Process org.freedesktop.systemd1 exited with status 1
dbus-daemon[3982076]: [session uid=1000 pid=3982076 pidfd=5] Activating service name='org.freedesktop.systemd1' requested by ':1.4' (uid=1000 pid=3982371 comm="/usr/bin/dbus-broker-launch --config-file=/usr/sha")
dbus-daemon[3982076]: [session uid=1000 pid=3982076 pidfd=5] Activated service 'org.freedesktop.systemd1' failed: Process org.freedesktop.systemd1 exited with status 1
{"trial": "shake004-toggle-K5E-ne1", "outcome": "unknown", "oracle_exact_match": false, "completion_mutations": 0, "takeover_envelope": {"is_error": false, "status": null, "effect": "refused", "code": "browser_binding_stale"}, "old_binding_envelope": null, "decoy_connections": null, "marker_in_fresh_snapshot": null, "error": null}
dbus-daemon[3982076]: [session uid=1000 pid=3982076 pidfd=5] Activating service name='org.freedesktop.systemd1' requested by ':1.4' (uid=1000 pid=3982371 comm="/usr/bin/dbus-broker-launch --config-file=/usr/sha")
dbus-daemon[3982076]: [session uid=1000 pid=3982076 pidfd=5] Activated service 'org.freedesktop.systemd1' failed: Process org.freedesktop.systemd1 exited with status 1
[2m2026-10-02T05:38:57.899958Z[0m [33m WARN[0m [2mcua_driver_sdk::runtime[0m[2m:[0m could not activate the persistent AT-SPI listener: AT-SPI connect failed: ZBus Error: MethodError(OwnedErrorName("org.freedesktop.DBus.Error.NameHasNoOwner"), Some("Could not activate remote peer 'org.a11y.atspi.Registry': unit failed"), Msg { type: Error, serial: 4294967295, sender: UniqueName("org.freedesktop.DBus"), reply-serial: 9, body: Str, fds: [] })
[2m2026-10-02T05:38:57.907683Z[0m [33m WARN[0m [2mplatform_linux::overlay[0m[2m:[0m X11 overlay: root reads cannot see this window's own pixels; save-unders will be served without readback confirmation
dbus-daemon[3982076]: [session uid=1000 pid=3982076 pidfd=5] Activating service name='org.freedesktop.systemd1' requested by ':1.4' (uid=1000 pid=3982371 comm="/usr/bin/dbus-broker-launch --config-file=/usr/sha")
dbus-daemon[3982076]: [session uid=1000 pid=3982076 pidfd=5] Activated service 'org.freedesktop.systemd1' failed: Process org.freedesktop.systemd1 exited with status 1
dbus-daemon[3982076]: [session uid=1000 pid=3982076 pidfd=5] Activating service name='org.freedesktop.systemd1' requested by ':1.4' (uid=1000 pid=3982371 comm="/usr/bin/dbus-broker-launch --config-file=/usr/sha")
dbus-daemon[3982076]: [session uid=1000 pid=3982076 pidfd=5] Activated service 'org.freedesktop.systemd1' failed: Process org.freedesktop.systemd1 exited with status 1
dbus-daemon[3982076]: [session uid=1000 pid=3982076 pidfd=5] Activating service name='org.freedesktop.systemd1' requested by ':1.4' (uid=1000 pid=3982371 comm="/usr/bin/dbus-broker-launch --config-file=/usr/sha")
dbus-daemon[3982076]: [session uid=1000 pid=3982076 pidfd=5] Activated service 'org.freedesktop.systemd1' failed: Process org.freedesktop.systemd1 exited with status 1
dbus-daemon[3982076]: [session uid=1000 pid=3982076 pidfd=5] Activating service name='org.freedesktop.systemd1' requested by ':1.4' (uid=1000 pid=3982371 comm="/usr/bin/dbus-broker-launch --config-file=/usr/sha")
dbus-daemon[3982076]: [session uid=1000 pid=3982076 pidfd=5] Activated service 'org.freedesktop.systemd1' failed: Process org.freedesktop.systemd1 exited with status 1
dbus-daemon[3982076]: [session uid=1000 pid=3982076 pidfd=5] Activating service name='org.freedesktop.systemd1' requested by ':1.4' (uid=1000 pid=3982371 comm="/usr/bin/dbus-broker-launch --config-file=/usr/sha")
dbus-daemon[3982076]: [session uid=1000 pid=3982076 pidfd=5] Activated service 'org.freedesktop.systemd1' failed: Process org.freedesktop.systemd1 exited with status 1
dbus-daemon[3982076]: [session uid=1000 pid=3982076 pidfd=5] Activating service name='org.freedesktop.systemd1' requested by ':1.4' (uid=1000 pid=3982371 comm="/usr/bin/dbus-broker-launch --config-file=/usr/sha")
dbus-daemon[3982076]: [session uid=1000 pid=3982076 pidfd=5] Activated service 'org.freedesktop.systemd1' failed: Process org.freedesktop.systemd1 exited with status 1
dbus-daemon[3982076]: [session uid=1000 pid=3982076 pidfd=5] Activating service name='org.freedesktop.systemd1' requested by ':1.4' (uid=1000 pid=3982371 comm="/usr/bin/dbus-broker-launch --config-file=/usr/sha")
dbus-daemon[3982076]: [session uid=1000 pid=3982076 pidfd=5] Activated service 'org.freedesktop.systemd1' failed: Process org.freedesktop.systemd1 exited with status 1
dbus-daemon[3982076]: [session uid=1000 pid=3982076 pidfd=5] Activating service name='org.freedesktop.systemd1' requested by ':1.4' (uid=1000 pid=3982371 comm="/usr/bin/dbus-broker-launch --config-file=/usr/sha")
dbus-daemon[3982076]: [session uid=1000 pid=3982076 pidfd=5] Activated service 'org.freedesktop.systemd1' failed: Process org.freedesktop.systemd1 exited with status 1
dbus-daemon[3982076]: [session uid=1000 pid=3982076 pidfd=5] Activating service name='org.freedesktop.systemd1' requested by ':1.4' (uid=1000 pid=3982371 comm="/usr/bin/dbus-broker-launch --config-file=/usr/sha")
dbus-daemon[3982076]: [session uid=1000 pid=3982076 pidfd=5] Activated service 'org.freedesktop.systemd1' failed: Process org.freedesktop.systemd1 exited with status 1
dbus-daemon[3982076]: [session uid=1000 pid=3982076 pidfd=5] Activating service name='org.freedesktop.systemd1' requested by ':1.4' (uid=1000 pid=3982371 comm="/usr/bin/dbus-broker-launch --config-file=/usr/sha")
dbus-daemon[3982076]: [session uid=1000 pid=3982076 pidfd=5] Activated service 'org.freedesktop.systemd1' failed: Process org.freedesktop.systemd1 exited with status 1
dbus-daemon[3982076]: [session uid=1000 pid=3982076 pidfd=5] Activating service name='org.freedesktop.systemd1' requested by ':1.4' (uid=1000 pid=3982371 comm="/usr/bin/dbus-broker-launch --config-file=/usr/sha")
dbus-daemon[3982076]: [session uid=1000 pid=3982076 pidfd=5] Activated service 'org.freedesktop.systemd1' failed: Process org.freedesktop.systemd1 exited with status 1
dbus-daemon[3982076]: [session uid=1000 pid=3982076 pidfd=5] Activating service name='org.freedesktop.systemd1' requested by ':1.4' (uid=1000 pid=3982371 comm="/usr/bin/dbus-broker-launch --config-file=/usr/sha")
dbus-daemon[3982076]: [session uid=1000 pid=3982076 pidfd=5] Activated service 'org.freedesktop.systemd1' failed: Process org.freedesktop.systemd1 exited with status 1
dbus-daemon[3982076]: [session uid=1000 pid=3982076 pidfd=5] Activating service name='org.freedesktop.systemd1' requested by ':1.4' (uid=1000 pid=3982371 comm="/usr/bin/dbus-broker-launch --config-file=/usr/sha")
dbus-daemon[3982076]: [session uid=1000 pid=3982076 pidfd=5] Activated service 'org.freedesktop.systemd1' failed: Process org.freedesktop.systemd1 exited with status 1
dbus-daemon[3982076]: [session uid=1000 pid=3982076 pidfd=5] Activating service name='org.freedesktop.systemd1' requested by ':1.4' (uid=1000 pid=3982371 comm="/usr/bin/dbus-broker-launch --config-file=/usr/sha")
dbus-daemon[3982076]: [session uid=1000 pid=3982076 pidfd=5] Activated service 'org.freedesktop.systemd1' failed: Process org.freedesktop.systemd1 exited with status 1
dbus-daemon[3982076]: [session uid=1000 pid=3982076 pidfd=5] Activating service name='org.freedesktop.systemd1' requested by ':1.4' (uid=1000 pid=3982371 comm="/usr/bin/dbus-broker-launch --config-file=/usr/sha")
dbus-daemon[3982076]: [session uid=1000 pid=3982076 pidfd=5] Activated service 'org.freedesktop.systemd1' failed: Process org.freedesktop.systemd1 exited with status 1
dbus-daemon[3982076]: [session uid=1000 pid=3982076 pidfd=5] Activating service name='org.freedesktop.systemd1' requested by ':1.4' (uid=1000 pid=3982371 comm="/usr/bin/dbus-broker-launch --config-file=/usr/sha")
dbus-daemon[3982076]: [session uid=1000 pid=3982076 pidfd=5] Activated service 'org.freedesktop.systemd1' failed: Process org.freedesktop.systemd1 exited with status 1
dbus-daemon[3982076]: [session uid=1000 pid=3982076 pidfd=5] Activating service name='org.freedesktop.systemd1' requested by ':1.4' (uid=1000 pid=3982371 comm="/usr/bin/dbus-broker-launch --config-file=/usr/sha")
dbus-daemon[3982076]: [session uid=1000 pid=3982076 pidfd=5] Activated service 'org.freedesktop.systemd1' failed: Process org.freedesktop.systemd1 exited with status 1
dbus-daemon[3982076]: [session uid=1000 pid=3982076 pidfd=5] Activating service name='org.freedesktop.systemd1' requested by ':1.4' (uid=1000 pid=3982371 comm="/usr/bin/dbus-broker-launch --config-file=/usr/sha")
dbus-daemon[3982076]: [session uid=1000 pid=3982076 pidfd=5] Activated service 'org.freedesktop.systemd1' failed: Process org.freedesktop.systemd1 exited with status 1
dbus-daemon[3982076]: [session uid=1000 pid=3982076 pidfd=5] Activating service name='org.freedesktop.systemd1' requested by ':1.4' (uid=1000 pid=3982371 comm="/usr/bin/dbus-broker-launch --config-file=/usr/sha")
dbus-daemon[3982076]: [session uid=1000 pid=3982076 pidfd=5] Activated service 'org.freedesktop.systemd1' failed: Process org.freedesktop.systemd1 exited with status 1
dbus-daemon[3982076]: [session uid=1000 pid=3982076 pidfd=5] Activating service name='org.freedesktop.systemd1' requested by ':1.4' (uid=1000 pid=3982371 comm="/usr/bin/dbus-broker-launch --config-file=/usr/sha")
dbus-daemon[3982076]: [session uid=1000 pid=3982076 pidfd=5] Activated service 'org.freedesktop.systemd1' failed: Process org.freedesktop.systemd1 exited with status 1
dbus-daemon[3982076]: [session uid=1000 pid=3982076 pidfd=5] Activating service name='org.freedesktop.systemd1' requested by ':1.4' (uid=1000 pid=3982371 comm="/usr/bin/dbus-broker-launch --config-file=/usr/sha")
dbus-daemon[3982076]: [session uid=1000 pid=3982076 pidfd=5] Activated service 'org.freedesktop.systemd1' failed: Process org.freedesktop.systemd1 exited with status 1
dbus-daemon[3982076]: [session uid=1000 pid=3982076 pidfd=5] Activating service name='org.freedesktop.systemd1' requested by ':1.4' (uid=1000 pid=3982371 comm="/usr/bin/dbus-broker-launch --config-file=/usr/sha")
dbus-daemon[3982076]: [session uid=1000 pid=3982076 pidfd=5] Activated service 'org.freedesktop.systemd1' failed: Process org.freedesktop.systemd1 exited with status 1
dbus-daemon[3982076]: [session uid=1000 pid=3982076 pidfd=5] Activating service name='org.freedesktop.systemd1' requested by ':1.4' (uid=1000 pid=3982371 comm="/usr/bin/dbus-broker-launch --config-file=/usr/sha")
dbus-daemon[3982076]: [session uid=1000 pid=3982076 pidfd=5] Activated service 'org.freedesktop.systemd1' failed: Process org.freedesktop.systemd1 exited with status 1
dbus-daemon[3982076]: [session uid=1000 pid=3982076 pidfd=5] Activating service name='org.freedesktop.systemd1' requested by ':1.4' (uid=1000 pid=3982371 comm="/usr/bin/dbus-broker-launch --config-file=/usr/sha")
dbus-daemon[3982076]: [session uid=1000 pid=3982076 pidfd=5] Activated service 'org.freedesktop.systemd1' failed: Process org.freedesktop.systemd1 exited with status 1
dbus-daemon[3982076]: [session uid=1000 pid=3982076 pidfd=5] Activating service name='org.freedesktop.systemd1' requested by ':1.4' (uid=1000 pid=3982371 comm="/usr/bin/dbus-broker-launch --config-file=/usr/sha")
dbus-daemon[3982076]: [session uid=1000 pid=3982076 pidfd=5] Activated service 'org.freedesktop.systemd1' failed: Process org.freedesktop.systemd1 exited with status 1
dbus-daemon[3982076]: [session uid=1000 pid=3982076 pidfd=5] Activating service name='org.freedesktop.systemd1' requested by ':1.4' (uid=1000 pid=3982371 comm="/usr/bin/dbus-broker-launch --config-file=/usr/sha")
dbus-daemon[3982076]: [session uid=1000 pid=3982076 pidfd=5] Activated service 'org.freedesktop.systemd1' failed: Process org.freedesktop.systemd1 exited with status 1
dbus-daemon[3982076]: [session uid=1000 pid=3982076 pidfd=5] Activating service name='org.freedesktop.systemd1' requested by ':1.4' (uid=1000 pid=3982371 comm="/usr/bin/dbus-broker-launch --config-file=/usr/sha")
dbus-daemon[3982076]: [session uid=1000 pid=3982076 pidfd=5] Activated service 'org.freedesktop.systemd1' failed: Process org.freedesktop.systemd1 exited with status 1
dbus-daemon[3982076]: [session uid=1000 pid=3982076 pidfd=5] Activating service name='org.freedesktop.systemd1' requested by ':1.4' (uid=1000 pid=3982371 comm="/usr/bin/dbus-broker-launch --config-file=/usr/sha")
dbus-daemon[3982076]: [session uid=1000 pid=3982076 pidfd=5] Activated service 'org.freedesktop.systemd1' failed: Process org.freedesktop.systemd1 exited with status 1
dbus-daemon[3982076]: [session uid=1000 pid=3982076 pidfd=5] Activating service name='org.freedesktop.systemd1' requested by ':1.4' (uid=1000 pid=3982371 comm="/usr/bin/dbus-broker-launch --config-file=/usr/sha")
dbus-daemon[3982076]: [session uid=1000 pid=3982076 pidfd=5] Activated service 'org.freedesktop.systemd1' failed: Process org.freedesktop.systemd1 exited with status 1
dbus-daemon[3982076]: [session uid=1000 pid=3982076 pidfd=5] Activating service name='org.freedesktop.systemd1' requested by ':1.4' (uid=1000 pid=3982371 comm="/usr/bin/dbus-broker-launch --config-file=/usr/sha")
dbus-daemon[3982076]: [session uid=1000 pid=3982076 pidfd=5] Activated service 'org.freedesktop.systemd1' failed: Process org.freedesktop.systemd1 exited with status 1
dbus-daemon[3982076]: [session uid=1000 pid=3982076 pidfd=5] Activating service name='org.freedesktop.systemd1' requested by ':1.4' (uid=1000 pid=3982371 comm="/usr/bin/dbus-broker-launch --config-file=/usr/sha")
dbus-daemon[3982076]: [session uid=1000 pid=3982076 pidfd=5] Activated service 'org.freedesktop.systemd1' failed: Process org.freedesktop.systemd1 exited with status 1
dbus-daemon[3982076]: [session uid=1000 pid=3982076 pidfd=5] Activating service name='org.freedesktop.systemd1' requested by ':1.4' (uid=1000 pid=3982371 comm="/usr/bin/dbus-broker-launch --config-file=/usr/sha")
dbus-daemon[3982076]: [session uid=1000 pid=3982076 pidfd=5] Activated service 'org.freedesktop.systemd1' failed: Process org.freedesktop.systemd1 exited with status 1
dbus-daemon[3982076]: [session uid=1000 pid=3982076 pidfd=5] Activating service name='org.freedesktop.systemd1' requested by ':1.4' (uid=1000 pid=3982371 comm="/usr/bin/dbus-broker-launch --config-file=/usr/sha")
dbus-daemon[3982076]: [session uid=1000 pid=3982076 pidfd=5] Activated service 'org.freedesktop.systemd1' failed: Process org.freedesktop.systemd1 exited with status 1
dbus-daemon[3982076]: [session uid=1000 pid=3982076 pidfd=5] Activating service name='org.freedesktop.systemd1' requested by ':1.4' (uid=1000 pid=3982371 comm="/usr/bin/dbus-broker-launch --config-file=/usr/sha")
dbus-daemon[3982076]: [session uid=1000 pid=3982076 pidfd=5] Activated service 'org.freedesktop.systemd1' failed: Process org.freedesktop.systemd1 exited with status 1
{"trial": "shake005-fill-K5E-ne2", "outcome": "error", "oracle_exact_match": false, "completion_mutations": 0, "takeover_envelope": null, "old_binding_envelope": {"is_error": false, "status": null, "effect": "refused", "code": "browser_binding_stale"}, "decoy_connections": null, "marker_in_fresh_snapshot": null, "error": "ExceptionGroup: unhandled errors in a TaskGroup (1 sub-exception)"}
dbus-daemon[3982076]: [session uid=1000 pid=3982076 pidfd=5] Activating service name='org.freedesktop.systemd1' requested by ':1.4' (uid=1000 pid=3982371 comm="/usr/bin/dbus-broker-launch --config-file=/usr/sha")
dbus-daemon[3982076]: [session uid=1000 pid=3982076 pidfd=5] Activated service 'org.freedesktop.systemd1' failed: Process org.freedesktop.systemd1 exited with status 1
[2m2026-10-02T05:42:03.109007Z[0m [33m WARN[0m [2mcua_driver_sdk::runtime[0m[2m:[0m could not activate the persistent AT-SPI listener: AT-SPI connect failed: ZBus Error: MethodError(OwnedErrorName("org.freedesktop.DBus.Error.NameHasNoOwner"), Some("Could not activate remote peer 'org.a11y.atspi.Registry': unit failed"), Msg { type: Error, serial: 4294967295, sender: UniqueName("org.freedesktop.DBus"), reply-serial: 9, body: Str, fds: [] })
[2m2026-10-02T05:42:03.126202Z[0m [33m WARN[0m [2mplatform_linux::overlay[0m[2m:[0m X11 overlay: root reads cannot see this window's own pixels; save-unders will be served without readback confirmation
dbus-daemon[3982076]: [session uid=1000 pid=3982076 pidfd=5] Activating service name='org.freedesktop.systemd1' requested by ':1.4' (uid=1000 pid=3982371 comm="/usr/bin/dbus-broker-launch --config-file=/usr/sha")
dbus-daemon[3982076]: [session uid=1000 pid=3982076 pidfd=5] Activated service 'org.freedesktop.systemd1' failed: Process org.freedesktop.systemd1 exited with status 1
dbus-daemon[3982076]: [session uid=1000 pid=3982076 pidfd=5] Activating service name='org.freedesktop.systemd1' requested by ':1.4' (uid=1000 pid=3982371 comm="/usr/bin/dbus-broker-launch --config-file=/usr/sha")
dbus-daemon[3982076]: [session uid=1000 pid=3982076 pidfd=5] Activated service 'org.freedesktop.systemd1' failed: Process org.freedesktop.systemd1 exited with status 1
{"trial": "shake006-modal-K5EV-stale_ref", "outcome": "unknown", "oracle_exact_match": false, "completion_mutations": 0, "routes": ["provider", "provider"], "loadavg_before": "14.02 12.32 12.90 15/2726 4003925"}
dbus-daemon[3982076]: [session uid=1000 pid=3982076 pidfd=5] Activating service name='org.freedesktop.systemd1' requested by ':1.4' (uid=1000 pid=3982371 comm="/usr/bin/dbus-broker-launch --config-file=/usr/sha")
dbus-daemon[3982076]: [session uid=1000 pid=3982076 pidfd=5] Activated service 'org.freedesktop.systemd1' failed: Process org.freedesktop.systemd1 exited with status 1
[2m2026-10-02T05:42:08.329090Z[0m [33m WARN[0m [2mcua_driver_sdk::runtime[0m[2m:[0m could not activate the persistent AT-SPI listener: AT-SPI connect failed: ZBus Error: MethodError(OwnedErrorName("org.freedesktop.DBus.Error.NameHasNoOwner"), Some("Could not activate remote peer 'org.a11y.atspi.Registry': unit failed"), Msg { type: Error, serial: 4294967295, sender: UniqueName("org.freedesktop.DBus"), reply-serial: 9, body: Str, fds: [] })
[2m2026-10-02T05:42:08.353320Z[0m [33m WARN[0m [2mplatform_linux::overlay[0m[2m:[0m X11 overlay: root reads cannot see this window's own pixels; save-unders will be served without readback confirmation
dbus-daemon[3982076]: [session uid=1000 pid=3982076 pidfd=5] Activating service name='org.freedesktop.systemd1' requested by ':1.4' (uid=1000 pid=3982371 comm="/usr/bin/dbus-broker-launch --config-file=/usr/sha")
dbus-daemon[3982076]: [session uid=1000 pid=3982076 pidfd=5] Activated service 'org.freedesktop.systemd1' failed: Process org.freedesktop.systemd1 exited with status 1
dbus-daemon[3982076]: [session uid=1000 pid=3982076 pidfd=5] Activating service name='org.freedesktop.systemd1' requested by ':1.4' (uid=1000 pid=3982371 comm="/usr/bin/dbus-broker-launch --config-file=/usr/sha")
dbus-daemon[3982076]: [session uid=1000 pid=3982076 pidfd=5] Activated service 'org.freedesktop.systemd1' failed: Process org.freedesktop.systemd1 exited with status 1
{"trial": "shake007-fill-K5-nw2", "outcome": "verified", "oracle_exact_match": true, "completion_mutations": 1, "takeover_envelope": null, "old_binding_envelope": null, "decoy_connections": null, "marker_in_fresh_snapshot": true, "error": null}
dbus-daemon[3982076]: [session uid=1000 pid=3982076 pidfd=5] Activating service name='org.freedesktop.systemd1' requested by ':1.4' (uid=1000 pid=3982371 comm="/usr/bin/dbus-broker-launch --config-file=/usr/sha")
dbus-daemon[3982076]: [session uid=1000 pid=3982076 pidfd=5] Activated service 'org.freedesktop.systemd1' failed: Process org.freedesktop.systemd1 exited with status 1
[2m2026-10-02T05:42:10.726360Z[0m [33m WARN[0m [2mcua_driver_sdk::runtime[0m[2m:[0m could not activate the persistent AT-SPI listener: AT-SPI connect failed: ZBus Error: MethodError(OwnedErrorName("org.freedesktop.DBus.Error.NameHasNoOwner"), Some("Could not activate remote peer 'org.a11y.atspi.Registry': unit failed"), Msg { type: Error, serial: 4294967295, sender: UniqueName("org.freedesktop.DBus"), reply-serial: 9, body: Str, fds: [] })
[2m2026-10-02T05:42:10.753319Z[0m [33m WARN[0m [2mplatform_linux::overlay[0m[2m:[0m X11 overlay: root reads cannot see this window's own pixels; save-unders will be served without readback confirmation
dbus-daemon[3982076]: [session uid=1000 pid=3982076 pidfd=5] Activating service name='org.freedesktop.systemd1' requested by ':1.4' (uid=1000 pid=3982371 comm="/usr/bin/dbus-broker-launch --config-file=/usr/sha")
dbus-daemon[3982076]: [session uid=1000 pid=3982076 pidfd=5] Activated service 'org.freedesktop.systemd1' failed: Process org.freedesktop.systemd1 exited with status 1
dbus-daemon[3982076]: [session uid=1000 pid=3982076 pidfd=5] Activating service name='org.freedesktop.systemd1' requested by ':1.4' (uid=1000 pid=3982371 comm="/usr/bin/dbus-broker-launch --config-file=/usr/sha")
dbus-daemon[3982076]: [session uid=1000 pid=3982076 pidfd=5] Activated service 'org.freedesktop.systemd1' failed: Process org.freedesktop.systemd1 exited with status 1
{"trial": "shake008-modal-K5V-nw2", "outcome": "verified", "oracle_exact_match": true, "completion_mutations": 1, "takeover_envelope": null, "old_binding_envelope": null, "decoy_connections": null, "marker_in_fresh_snapshot": true, "error": null}
dbus-daemon[3982076]: [session uid=1000 pid=3982076 pidfd=5] Activating service name='org.freedesktop.systemd1' requested by ':1.4' (uid=1000 pid=3982371 comm="/usr/bin/dbus-broker-launch --config-file=/usr/sha")
dbus-daemon[3982076]: [session uid=1000 pid=3982076 pidfd=5] Activated service 'org.freedesktop.systemd1' failed: Process org.freedesktop.systemd1 exited with status 1
{"trial": "shake009-none-K5V-nv", "n_replies": 8}
[b02] end_utc=2026-10-02T05:42:14.530Z rc=0
A connection to the bus can't be made
CRITICAL: [dbus_cb_name_lost:1438] Cannot connect to DBus.
X connection to :99 broken (explicit kill or server shutdown).
[session] exit rc=0 run_dir=<lane-tmp>/x11-session.rhEdqQ
