[session] attempt=1 jitter_ms=2551
dbus-daemon[327548]: [session uid=1000 pid=327548 pidfd=5] Activating service name='org.freedesktop.systemd1' requested by ':1.1' (uid=1000 pid=327557 comm="/usr/bin/dbus-broker-launch --config-file=/usr/sha")
dbus-daemon[327548]: [session uid=1000 pid=327548 pidfd=5] Activated service 'org.freedesktop.systemd1' failed: Process org.freedesktop.systemd1 exited with status 1
[session] DISPLAY=:101 openbox=327594 picom=327595 dbus=unix:path=/tmp/dbus-VjFkb5Fv6c,guid=a17c3566841c27881e7ae3386ac17e7b
[probe] display_set=yes atspi=1 loadavg=5.23 7.86 10.67 start=2026-10-03T22:15:26Z
dbus-daemon[327548]: [session uid=1000 pid=327548 pidfd=5] Activating service name='org.gtk.vfs.Daemon' requested by ':1.5' (uid=1000 pid=327817 comm="/usr/bin/python3 <lanes>/")
dbus-daemon[327548]: [session uid=1000 pid=327548 pidfd=5] Successfully activated service 'org.gtk.vfs.Daemon'
fusermount3: mount failed: Operation not permitted
dbus-daemon[327548]: [session uid=1000 pid=327548 pidfd=5] Activating service name='ca.desrt.dconf' requested by ':1.0' (uid=1000 pid=327550 comm="/usr/lib/at-spi-bus-launcher --launch-immediately")
dbus-daemon[327548]: [session uid=1000 pid=327548 pidfd=5] Successfully activated service 'ca.desrt.dconf'
dbus-daemon[327548]: [session uid=1000 pid=327548 pidfd=5] Activating service name='org.gtk.vfs.Metadata' requested by ':1.5' (uid=1000 pid=327817 comm="/usr/bin/python3 <lanes>/")
dbus-daemon[327548]: [session uid=1000 pid=327548 pidfd=5] Successfully activated service 'org.gtk.vfs.Metadata'
[probe] M8F-r1 failure=None
[probe] M8-r1 failure=None
[probe] M8-r2 failure=None
[probe] M8F-r2 failure=None
[probe] M8F-r3 failure=None
[probe] M8-r3 failure=None
[probe] M8-r4 failure=None
[probe] M8F-r4 failure=None
[probe] M8F-r5 failure=None
[probe] M8-r5 failure=None
[probe] rc=0 loadavg=8.26 8.19 10.62 end=2026-10-03T22:16:23Z
A connection to the bus can't be made
[session] exit rc=0 run_dir=<tmp>/x11-session.6NWFEy
