       Fresh autocfg v1.5.0
       Fresh typenum v1.20.0
       Fresh serde_core v1.0.228
       Fresh pin-project-lite v0.2.17
       Fresh smallvec v1.15.1
       Fresh serde_derive v1.0.228
       Fresh version_check v0.9.5
       Fresh futures-core v0.3.32
       Fresh serde v1.0.228
       Fresh libc v0.2.186
       Fresh scopeguard v1.2.0
       Fresh log v0.4.29
       Fresh futures-io v0.3.32
       Fresh lock_api v0.4.14
       Fresh jobserver v0.1.35
       Fresh find-msvc-tools v0.1.9
       Fresh shlex v1.3.0
       Fresh hybrid-array v0.4.14
       Fresh cc v1.2.62
       Fresh enumflags2_derive v0.7.12
       Fresh zeroize_derive v1.5.0
       Fresh parking_lot_core v0.9.12
       Fresh rand_core v0.10.1
       Fresh bytes v1.11.1
       Fresh zeroize v1.8.2
       Fresh crossbeam-utils v0.8.21
       Fresh errno v0.3.14
       Fresh parking_lot v0.12.5
       Fresh getrandom v0.4.2
       Fresh generic-array v0.14.7
       Fresh signal-hook-registry v1.4.8
       Fresh synstructure v0.13.2
       Fresh crypto-common v0.2.2
       Fresh proc-macro-crate v3.5.0
       Fresh parking v2.2.1
       Fresh itoa v1.0.18
       Fresh concurrent-queue v2.5.0
       Fresh zerocopy-derive v0.8.48
       Fresh zvariant_derive v5.12.0
       Fresh num-traits v0.2.19
       Fresh stable_deref_trait v1.2.1
       Fresh pkg-config v0.3.33
       Fresh slab v0.4.12
       Fresh zerofrom-derive v0.1.7
       Fresh inout v0.2.2
       Fresh zerocopy v0.8.48
       Fresh tokio-macros v2.7.0
       Fresh socket2 v0.6.3
       Fresh mio v1.2.0
       Fresh equivalent v1.0.2
       Fresh zerofrom v0.1.8
       Fresh yoke-derive v0.8.2
       Fresh block-buffer v0.12.1
       Fresh tokio v1.52.1
       Fresh unicode-ident v1.0.24
       Fresh winnow v1.0.3
       Fresh cpufeatures v0.3.0
       Fresh yoke v0.8.2
       Fresh cipher v0.5.2
       Fresh proc-macro2 v1.0.106
       Fresh crypto-common v0.1.7
       Fresh chacha20 v0.10.1
       Fresh event-listener v5.4.1
       Fresh tracing-core v0.1.36
       Fresh quote v1.0.45
       Fresh zerovec-derive v0.11.3
       Fresh subtle v2.6.1
       Fresh hashbrown v0.17.1
       Fresh event-listener-strategy v0.5.4
       Fresh zerovec v0.11.6
       Fresh indexmap v2.14.0
       Fresh syn v2.0.117
       Fresh futures-lite v2.6.1
       Fresh enumflags2 v0.7.12
       Fresh tracing-attributes v0.1.31
       Fresh displaydoc v0.2.5
       Fresh getrandom v0.2.17
       Fresh memchr v2.8.0
       Fresh zmij v1.0.21
       Fresh zvariant_utils v3.4.0
       Fresh tracing v0.1.44
       Fresh rand v0.10.2
       Fresh block-buffer v0.10.4
       Fresh polling v3.11.0
       Fresh endi v1.1.1
       Fresh serde_json v1.0.149
       Fresh digest v0.10.7
       Fresh uuid v1.23.1
       Fresh num-integer v0.1.46
       Fresh async-task v4.7.1
       Fresh zvariant v5.12.0
       Fresh async-io v2.6.0
       Fresh tinystr v0.8.3
       Fresh async-channel v2.5.0
       Fresh async-trait v0.1.89
       Fresh thiserror-impl v2.0.18
       Fresh cpufeatures v0.2.17
       Fresh zbus_names v4.3.2
       Fresh writeable v0.6.3
       Fresh litemap v0.8.2
       Fresh regex-syntax v0.8.10
       Fresh atomic-waker v1.1.2
       Fresh async-signal v0.2.14
       Fresh num-bigint v0.4.8
       Fresh piper v0.2.5
       Fresh icu_locale_core v2.2.0
       Fresh thiserror v2.0.18
       Fresh zerotrie v0.2.4
       Fresh potential_utf v0.1.5
       Fresh async-lock v3.4.2
       Fresh aho-corasick v1.1.4
       Fresh utf8_iter v1.0.4
       Fresh hex v0.4.3
       Fresh regex-automata v0.4.14
       Fresh icu_collections v2.2.0
       Fresh async-process v2.5.0
       Fresh blocking v1.6.2
       Fresh icu_provider v2.2.0
       Fresh num-rational v0.4.2
       Fresh num-iter v0.1.46
       Fresh async-executor v1.14.0
       Fresh zbus_macros v5.16.0
       Fresh async-broadcast v0.7.2
       Fresh ppv-lite86 v0.2.21
       Fresh num-complex v0.4.6
       Fresh ordered-stream v0.2.0
       Fresh serde_repr v0.1.20
       Fresh ref-cast-impl v1.0.25
       Fresh async-recursion v1.1.1
       Fresh futures-macro v0.3.32
       Fresh simd-adler32 v0.3.9
       Fresh cfg-if v1.0.4
       Fresh linux-raw-sys v0.12.1
       Fresh futures-sink v0.3.32
       Fresh static_assertions v1.1.0
       Fresh futures-task v0.3.32
       Fresh bitflags v2.11.1
       Fresh zbus v5.16.0
       Fresh ref-cast v1.0.25
       Fresh getrandom v0.3.4
       Fresh rustix v1.1.4
       Fresh futures-util v0.3.32
       Fresh num v0.4.3
       Fresh icu_normalizer_data v2.2.0
       Fresh icu_properties_data v2.2.0
       Fresh uniffi_internal_macros v0.31.0
       Fresh percent-encoding v2.3.2
       Fresh once_cell v1.21.4
       Fresh adler2 v2.0.1
       Fresh byteorder v1.5.0
       Fresh fastrand v2.4.1
       Fresh icu_properties v2.2.0
       Fresh rustc_version v0.4.1
       Fresh miniz_oxide v0.8.9
       Fresh icu_normalizer v2.2.0
       Fresh anyhow v1.0.102
       Fresh crc32fast v1.5.0
       Fresh block-padding v0.3.3
       Fresh lazy_static v1.5.0
       Fresh inout v0.1.4
       Fresh httparse v1.10.1
       Fresh idna_adapter v1.2.2
       Fresh wayland-sys v0.31.11
       Fresh flate2 v1.1.9
       Fresh sha2 v0.10.9
       Fresh hmac v0.12.1
       Fresh rand_core v0.6.4
       Fresh http v1.4.0
       Fresh quick-xml v0.39.4
       Fresh serde_spanned v1.1.1
       Fresh thiserror-impl v1.0.69
       Fresh toml_datetime v0.7.5+spec-1.1.0
       Fresh semver v1.0.28
       Fresh foldhash v0.2.0
       Fresh cmov v0.5.4
       Fresh winnow v0.7.15
       Fresh siphasher v1.0.2
       Fresh allocator-api2 v0.2.21
       Fresh ipnet v2.12.0
       Fresh bytemuck v1.25.0
       Fresh data-encoding v2.11.0
       Fresh borrow-or-share v0.2.4
       Fresh bit-vec v0.8.0
       Fresh downcast-rs v1.2.1
       Fresh wayland-backend v0.3.15
       Fresh hashbrown v0.16.1
       Fresh fluent-uri v0.4.1
       Fresh bit-set v0.8.0
       Fresh phf_shared v0.12.1
       Fresh ctutils v0.4.2
       Fresh uniffi_meta v0.31.0
       Fresh toml v0.9.12+spec-1.1.0
       Fresh rand_chacha v0.3.1
       Fresh thiserror v1.0.69
       Fresh zbus_xml v5.1.1
       Fresh cipher v0.4.4
       Fresh hkdf v0.12.4
       Fresh idna v1.1.0
       Fresh ahash v0.8.12
       Fresh fs-err v2.11.0
       Fresh camino v1.2.4
       Fresh hash32 v0.2.1
       Fresh fdeflate v0.3.7
       Fresh wayland-scanner v0.31.10
       Fresh tempfile v3.27.0
       Fresh async-compat v0.2.5
       Fresh half v2.7.1
       Fresh spin v0.9.9
       Fresh cargo-platform v0.1.9
       Fresh serde_derive_internals v0.29.1
       Fresh pxfm v0.1.29
       Fresh micromap v0.3.0
       Fresh ryu v1.0.23
       Fresh iana-time-zone v0.1.65
       Fresh vsimd v0.8.0
       Fresh outref v0.5.2
       Fresh unsafe-libyaml v0.2.11
       Fresh zune-core v0.5.1
       Fresh foldhash v0.1.5
       Fresh ciborium-io v0.2.2
       Fresh heck v0.5.0
       Fresh referencing v0.46.10
       Fresh hashbrown v0.15.5
       Fresh ciborium-ll v0.2.2
       Fresh uniffi_pipeline v0.31.0
       Fresh zune-jpeg v0.5.15
       Fresh chrono v0.4.45
       Fresh moxcms v0.8.1
       Fresh uuid-simd v0.8.0
       Fresh schemars_derive v1.2.1
       Fresh uniffi_core v0.31.0
       Fresh cargo_metadata v0.19.2
       Fresh wayland-client v0.31.14
       Fresh heapless v0.7.17
       Fresh png v0.18.1
       Fresh uniffi_macros v0.31.0
       Fresh zbus-lockstep-macros v0.5.2
       Fresh zbus-lockstep v0.5.2
       Fresh rand v0.8.6
       Fresh fancy-regex v0.18.0
       Fresh universal-hash v0.6.1
       Fresh phf v0.12.1
       Fresh unicode-general-category v1.1.0
       Fresh fraction v0.15.4
       Fresh form_urlencoded v1.2.2
       Fresh regex v1.12.3
       Fresh cobs v0.3.0
       Fresh jsonschema-regex v0.46.10
       Fresh sha1 v0.10.6
       Fresh email_address v0.2.9
       Fresh bstr v1.13.0
       Fresh byteorder-lite v0.1.0
       Fresh base64 v0.22.1
       Fresh num-cmp v0.1.0
       Fresh bytecount v0.6.9
       Fresh dyn-clone v1.0.20
       Fresh utf-8 v0.7.6
       Fresh fixedbitset v0.5.7
       Fresh powerfmt v0.2.0
       Fresh jsonschema v0.46.10
       Fresh image v0.25.10
       Fresh petgraph v0.8.3
       Fresh tungstenite v0.24.0
       Fresh deranged v0.5.8
       Fresh schemars v1.2.1
       Fresh postcard v1.1.3
       Fresh url v2.5.8
       Fresh globset v0.4.19
       Fresh atspi-common v0.14.0
       Fresh poly1305 v0.9.1
       Fresh chrono-tz v0.10.4
       Fresh uniffi v0.31.0
       Fresh wayland-protocols v0.32.12
       Fresh ciborium v0.2.2
       Fresh serde_yaml v0.9.34+deprecated
       Fresh msvc_spectre_libs v0.1.3
       Fresh zstd-sys v2.0.16+zstd.1.5.7
       Fresh aes v0.8.4
       Fresh cbc v0.1.2
       Fresh aead v0.6.1
       Fresh nom v8.0.0
       Fresh arrayref v0.3.9
       Fresh tap v1.0.1
       Fresh spin v0.10.1
       Fresh lru v0.18.1
       Fresh strict-num v0.1.1
       Fresh time-core v0.1.8
       Fresh num-conv v0.2.1
       Fresh tiny-skia-path v0.11.4
       Fresh tree_magic_mini v3.2.2
       Fresh wyz v0.5.1
       Fresh regorus v0.10.1
       Fresh time v0.3.47
       Fresh coset v0.4.2
       Fresh chacha20poly1305 v0.11.0
       Fresh secret-service v5.1.0
       Fresh wayland-protocols-wlr v0.3.12
       Fresh zstd-safe v7.2.4
       Dirty cua-driver-contract v0.32.0 (<scrubbed1>/w6-fix03-f5wip/libs/cua-driver/rust/crates/cua-driver-contract): the file `crates/cua-driver-contract/src/cursor.rs` has changed (1791035002.558673850s, 20m 46s after last build at 1791033756.717728128s)
   Compiling cua-driver-contract v0.32.0 (<scrubbed1>/w6-fix03-f5wip/libs/cua-driver/rust/crates/cua-driver-contract)
       Fresh atspi-proxies v0.14.0
       Fresh memoffset v0.6.5
       Fresh io-lifetimes v3.0.1
       Fresh tokio-tungstenite v0.24.0
       Fresh io-lifetimes v2.0.4
       Fresh radium v0.7.0
       Fresh serde_yaml_ng v0.10.0
       Fresh rustls-pki-types v1.14.1
       Fresh keyring-core v1.0.0
       Fresh gethostname v1.1.0
       Fresh os_pipe v1.2.3
       Fresh fs2 v0.4.3
       Fresh untrusted v0.9.0
       Fresh ttf-parser v0.21.1
       Fresh option-ext v0.2.0
       Fresh arrayvec v0.7.6
       Fresh bitflags v1.3.2
       Fresh x11rb-protocol v0.13.2
       Fresh funty v2.0.0
       Fresh fontdue v0.9.3
       Fresh dirs-sys v0.4.1
       Fresh bitvec v1.0.1
       Fresh nix v0.23.2
       Fresh x11rb v0.13.2
       Fresh tiny-skia v0.11.4
       Fresh ring v0.17.14
       Fresh wl-clipboard-rs v0.9.3
       Fresh zbus-secret-service-keyring-store v1.0.0
     Running `<scrubbed2>/.rustup/toolchains/stable-x86_64-unknown-linux-gnu/bin/rustc --crate-name cua_driver_contract --edition=2021 crates/cua-driver-contract/src/lib.rs --error-format=json --json=diagnostic-rendered-ansi,artifacts,future-incompat --crate-type lib --emit=dep-info,metadata,link -C opt-level=3 -C embed-bitcode=no --check-cfg 'cfg(docsrs,test)' --check-cfg 'cfg(feature, values())' -C metadata=7c4f995020135730 -C extra-filename=-41ef840a3a5335ec --out-dir <scrubbed3>/cargo-targets/cua-release-fix02r/release/deps -C linker=clang -C strip=debuginfo -L dependency=<scrubbed3>/cargo-targets/cua-release-fix02r/release/deps --extern schemars=<scrubbed3>/cargo-targets/cua-release-fix02r/release/deps/libschemars-e329add2f17432fe.rmeta --extern serde=<scrubbed3>/cargo-targets/cua-release-fix02r/release/deps/libserde-d5a5aa6204032aa9.rmeta --extern serde_json=<scrubbed3>/cargo-targets/cua-release-fix02r/release/deps/libserde_json-70750f884ef62b10.rmeta --extern uniffi=<scrubbed3>/cargo-targets/cua-release-fix02r/release/deps/libuniffi-a2e0d8a7b064ace6.rmeta -C link-arg=-fuse-ld=lld`
       Fresh fs-set-times v0.20.3
       Fresh io-extras v0.19.0
       Fresh zstd v0.13.3
       Fresh atspi-connection v0.14.0
       Fresh rand_core v0.9.5
       Fresh rustix-linux-procfs v0.1.1
       Fresh memmap2 v0.9.10
       Fresh xkeysym v0.2.1
       Fresh maybe-owned v0.3.4
       Fresh ambient-authority v0.0.2
       Fresh fnv v1.0.7
       Fresh nom v1.2.4
       Fresh cap-primitives v4.0.3
       Fresh xkbcommon v0.9.0
       Fresh x11 v2.21.0
       Fresh atspi v0.30.0
       Fresh meval v0.2.0
       Fresh rand_chacha v0.9.0
       Fresh clipboard-rs v0.3.5
       Fresh keyring v4.1.6
       Fresh rustls-webpki v0.103.15
       Fresh evdev v0.12.2
       Fresh dirs v5.0.1
       Fresh ashpd v0.13.11
       Fresh reis v0.7.0
       Dirty pip-preview v0.32.0 (<scrubbed1>/w6-fix03-f5wip/libs/cua-driver/rust/crates/pip-preview): the file `crates/pip-preview/src/lib.rs` has changed (1791035002.561673786s, 20m 46s after last build at 1791033756.721728046s)
   Compiling pip-preview v0.32.0 (<scrubbed1>/w6-fix03-f5wip/libs/cua-driver/rust/crates/pip-preview)
       Fresh calloop v0.14.4
       Fresh toml_parser v1.1.2+spec-1.1.0
       Fresh crossbeam-channel v0.5.15
       Dirty cua-driver-sdk v0.32.0 (<scrubbed1>/w6-fix03-f5wip/libs/cua-driver/rust/crates/cua-driver-sdk): the file `crates/cua-driver-sdk/build.rs` has changed (1791035002.560673807s, 20m 46s after last build at 1791033756.723728005s)
   Compiling cua-driver-sdk v0.32.0 (<scrubbed1>/w6-fix03-f5wip/libs/cua-driver/rust/crates/cua-driver-sdk)
       Fresh toml_datetime v1.1.1+spec-1.1.0
       Fresh toml_writer v1.1.2+spec-1.1.0
       Fresh rustls v0.23.45
       Fresh rand v0.9.5
     Running `<scrubbed2>/.rustup/toolchains/stable-x86_64-unknown-linux-gnu/bin/rustc --crate-name pip_preview --edition=2021 crates/pip-preview/src/lib.rs --error-format=json --json=diagnostic-rendered-ansi,artifacts,future-incompat --crate-type lib --emit=dep-info,metadata,link -C opt-level=3 -C embed-bitcode=no --check-cfg 'cfg(docsrs,test)' --check-cfg 'cfg(feature, values())' -C metadata=a979d1dffd93e080 -C extra-filename=-07cd9c76ff07bb0e --out-dir <scrubbed3>/cargo-targets/cua-release-fix02r/release/deps -C linker=clang -C strip=debuginfo -L dependency=<scrubbed3>/cargo-targets/cua-release-fix02r/release/deps --extern serde_json=<scrubbed3>/cargo-targets/cua-release-fix02r/release/deps/libserde_json-70750f884ef62b10.rmeta -C link-arg=-fuse-ld=lld`
     Running `<scrubbed2>/.rustup/toolchains/stable-x86_64-unknown-linux-gnu/bin/rustc --crate-name build_script_build --edition=2021 crates/cua-driver-sdk/build.rs --error-format=json --json=diagnostic-rendered-ansi,artifacts,future-incompat --crate-type bin --emit=dep-info,link -C embed-bitcode=no -C debug-assertions=off --cfg 'feature="default"' --check-cfg 'cfg(docsrs,test)' --check-cfg 'cfg(feature, values("default", "portal-capture", "portal-input", "portal-libei"))' -C metadata=6cf770d6c55f2730 -C extra-filename=-4d066ab2ed49630b --out-dir <scrubbed3>/cargo-targets/cua-release-fix02r/release/build/cua-driver-sdk-4d066ab2ed49630b -C linker=clang -C strip=debuginfo -L dependency=<scrubbed3>/cargo-targets/cua-release-fix02r/release/deps -C link-arg=-fuse-ld=lld`
       Fresh toml_edit v0.25.12+spec-1.1.0
       Fresh cap-std v4.0.3
       Fresh webpki-roots v1.0.7
       Fresh ureq-proto v0.6.0
       Fresh sharded-slab v0.1.7
       Fresh matchers v0.2.0
       Fresh tracing-log v0.2.0
       Fresh filetime v0.2.29
       Fresh thread_local v1.1.9
       Fresh nu-ansi-term v0.50.3
       Fresh utf8-zero v0.8.1
       Dirty cua-driver v0.32.0 (<scrubbed1>/w6-fix03-f5wip/libs/cua-driver/rust/crates/cua-driver): the file `crates/cua-driver/build.rs` has changed (1791035002.560673807s, 20m 46s after last build at 1791033756.726727943s)
   Compiling cua-driver v0.32.0 (<scrubbed1>/w6-fix03-f5wip/libs/cua-driver/rust/crates/cua-driver)
       Fresh tar v0.4.46
       Fresh cap-fs-ext v4.0.3
       Fresh ureq v3.3.0
       Fresh tracing-subscriber v0.3.23
       Fresh cua-telemetry v0.1.0 (<scrubbed1>/w6-fix03-f5wip/libs/cua/crates/cua-telemetry)
     Running `<scrubbed2>/.rustup/toolchains/stable-x86_64-unknown-linux-gnu/bin/rustc --crate-name build_script_build --edition=2021 crates/cua-driver/build.rs --error-format=json --json=diagnostic-rendered-ansi,artifacts,future-incompat --crate-type bin --emit=dep-info,link -C embed-bitcode=no -C debug-assertions=off --cfg 'feature="default"' --cfg 'feature="portal-input"' --check-cfg 'cfg(docsrs,test)' --check-cfg 'cfg(feature, values("default", "portal-capture", "portal-input", "portal-libei", "review-trust-root"))' -C metadata=4f4d6af1f1df6c37 -C extra-filename=-324ba4fdec1270c2 --out-dir <scrubbed3>/cargo-targets/cua-release-fix02r/release/build/cua-driver-324ba4fdec1270c2 -C linker=clang -C strip=debuginfo -L dependency=<scrubbed3>/cargo-targets/cua-release-fix02r/release/deps -C link-arg=-fuse-ld=lld`
     Running `<scrubbed3>/cargo-targets/cua-release-fix02r/release/build/cua-driver-324ba4fdec1270c2/build-script-build`
     Running `<scrubbed3>/cargo-targets/cua-release-fix02r/release/build/cua-driver-sdk-4d066ab2ed49630b/build-script-build`
       Dirty cua-driver-core v0.32.0 (<scrubbed1>/w6-fix03-f5wip/libs/cua-driver/rust/crates/cua-driver-core): the dependency `cua-driver-contract` was rebuilt
   Compiling cua-driver-core v0.32.0 (<scrubbed1>/w6-fix03-f5wip/libs/cua-driver/rust/crates/cua-driver-core)
     Running `<scrubbed2>/.rustup/toolchains/stable-x86_64-unknown-linux-gnu/bin/rustc --crate-name cua_driver_core --edition=2021 crates/cua-driver-core/src/lib.rs --error-format=json --json=diagnostic-rendered-ansi,artifacts,future-incompat --crate-type lib --emit=dep-info,metadata,link -C opt-level=3 -C embed-bitcode=no --cfg 'feature="default"' --cfg 'feature="rego"' --cfg 'feature="yaml"' --check-cfg 'cfg(docsrs,test)' --check-cfg 'cfg(feature, values("default", "rego", "yaml"))' -C metadata=16284f3c3ad2fddf -C extra-filename=-d5ab8808bfb32465 --out-dir <scrubbed3>/cargo-targets/cua-release-fix02r/release/deps -C linker=clang -C strip=debuginfo -L dependency=<scrubbed3>/cargo-targets/cua-release-fix02r/release/deps --extern anyhow=<scrubbed3>/cargo-targets/cua-release-fix02r/release/deps/libanyhow-a3519ea747103ea1.rmeta --extern async_trait=<scrubbed3>/cargo-targets/cua-release-fix02r/release/deps/libasync_trait-55220fc45a8cf230.so --extern base64=<scrubbed3>/cargo-targets/cua-release-fix02r/release/deps/libbase64-ae2cbef4fe75522f.rmeta --extern chacha20poly1305=<scrubbed3>/cargo-targets/cua-release-fix02r/release/deps/libchacha20poly1305-8e0072084e3c63a0.rmeta --extern ciborium=<scrubbed3>/cargo-targets/cua-release-fix02r/release/deps/libciborium-2870ab89ec46af21.rmeta --extern coset=<scrubbed3>/cargo-targets/cua-release-fix02r/release/deps/libcoset-7e8e9ffc6a3b774a.rmeta --extern cua_driver_contract=<scrubbed3>/cargo-targets/cua-release-fix02r/release/deps/libcua_driver_contract-41ef840a3a5335ec.rmeta --extern fs2=<scrubbed3>/cargo-targets/cua-release-fix02r/release/deps/libfs2-44bb6a05e063d604.rmeta --extern futures_util=<scrubbed3>/cargo-targets/cua-release-fix02r/release/deps/libfutures_util-ea7a270591753f8d.rmeta --extern getrandom=<scrubbed3>/cargo-targets/cua-release-fix02r/release/deps/libgetrandom-eb08c46a532916ca.rmeta --extern hkdf=<scrubbed3>/cargo-targets/cua-release-fix02r/release/deps/libhkdf-9e3de85bd08bce84.rmeta --extern hmac=<scrubbed3>/cargo-targets/cua-release-fix02r/release/deps/libhmac-e2e1dce2050abfd7.rmeta --extern image=<scrubbed3>/cargo-targets/cua-release-fix02r/release/deps/libimage-7a3feed0168a3a57.rmeta --extern jsonschema=<scrubbed3>/cargo-targets/cua-release-fix02r/release/deps/libjsonschema-28b1583961a3909d.rmeta --extern libc=<scrubbed3>/cargo-targets/cua-release-fix02r/release/deps/liblibc-4964f7b7473a893c.rmeta --extern regex=<scrubbed3>/cargo-targets/cua-release-fix02r/release/deps/libregex-5df060b0d31499e6.rmeta --extern regorus=<scrubbed3>/cargo-targets/cua-release-fix02r/release/deps/libregorus-c05956e0ac9a4af9.rmeta --extern serde=<scrubbed3>/cargo-targets/cua-release-fix02r/release/deps/libserde-d5a5aa6204032aa9.rmeta --extern serde_json=<scrubbed3>/cargo-targets/cua-release-fix02r/release/deps/libserde_json-70750f884ef62b10.rmeta --extern serde_yaml_ng=<scrubbed3>/cargo-targets/cua-release-fix02r/release/deps/libserde_yaml_ng-3910755194622283.rmeta --extern sha2=<scrubbed3>/cargo-targets/cua-release-fix02r/release/deps/libsha2-4d72be5651bbf913.rmeta --extern tempfile=<scrubbed3>/cargo-targets/cua-release-fix02r/release/deps/libtempfile-73dd354bc199b074.rmeta --extern thiserror=<scrubbed3>/cargo-targets/cua-release-fix02r/release/deps/libthiserror-cd8f28e91cd99ce0.rmeta --extern time=<scrubbed3>/cargo-targets/cua-release-fix02r/release/deps/libtime-51cae478de2e2db3.rmeta --extern tokio=<scrubbed3>/cargo-targets/cua-release-fix02r/release/deps/libtokio-aa9e3a082cf43d46.rmeta --extern tokio_tungstenite=<scrubbed3>/cargo-targets/cua-release-fix02r/release/deps/libtokio_tungstenite-cb6e2bea0d74cab6.rmeta --extern tracing=<scrubbed3>/cargo-targets/cua-release-fix02r/release/deps/libtracing-6998855b5de710b0.rmeta --extern url=<scrubbed3>/cargo-targets/cua-release-fix02r/release/deps/liburl-a82d5767da2fc0a6.rmeta --extern uuid=<scrubbed3>/cargo-targets/cua-release-fix02r/release/deps/libuuid-bd487f75e2aac965.rmeta --extern zeroize=<scrubbed3>/cargo-targets/cua-release-fix02r/release/deps/libzeroize-eac2a24be3078de4.rmeta --extern zune_core=<scrubbed3>/cargo-targets/cua-release-fix02r/release/deps/libzune_core-b46a5dc554a9e4e6.rmeta -C link-arg=-fuse-ld=lld`
       Dirty cursor-overlay v0.32.0 (<scrubbed1>/w6-fix03-f5wip/libs/cua-driver/rust/crates/cursor-overlay): the dependency `cua-driver-contract` was rebuilt
   Compiling cursor-overlay v0.32.0 (<scrubbed1>/w6-fix03-f5wip/libs/cua-driver/rust/crates/cursor-overlay)
     Running `<scrubbed2>/.rustup/toolchains/stable-x86_64-unknown-linux-gnu/bin/rustc --crate-name cursor_overlay --edition=2021 crates/cursor-overlay/src/lib.rs --error-format=json --json=diagnostic-rendered-ansi,artifacts,future-incompat --crate-type lib --emit=dep-info,metadata,link -C opt-level=3 -C embed-bitcode=no --cfg 'feature="default"' --check-cfg 'cfg(docsrs,test)' --check-cfg 'cfg(feature, values("default", "theme-authoring"))' -C metadata=a431d92171c15005 -C extra-filename=-01d40c9976ae5e15 --out-dir <scrubbed3>/cargo-targets/cua-release-fix02r/release/deps -C linker=clang -C strip=debuginfo -L dependency=<scrubbed3>/cargo-targets/cua-release-fix02r/release/deps --extern anyhow=<scrubbed3>/cargo-targets/cua-release-fix02r/release/deps/libanyhow-a3519ea747103ea1.rmeta --extern cua_driver_contract=<scrubbed3>/cargo-targets/cua-release-fix02r/release/deps/libcua_driver_contract-41ef840a3a5335ec.rmeta --extern cua_driver_core=<scrubbed3>/cargo-targets/cua-release-fix02r/release/deps/libcua_driver_core-d5ab8808bfb32465.rmeta --extern fontdue=<scrubbed3>/cargo-targets/cua-release-fix02r/release/deps/libfontdue-e9149e661232bb33.rmeta --extern image=<scrubbed3>/cargo-targets/cua-release-fix02r/release/deps/libimage-7a3feed0168a3a57.rmeta --extern indexmap=<scrubbed3>/cargo-targets/cua-release-fix02r/release/deps/libindexmap-2f0f70555d3e962d.rmeta --extern postcard=<scrubbed3>/cargo-targets/cua-release-fix02r/release/deps/libpostcard-28da96f434255751.rmeta --extern serde=<scrubbed3>/cargo-targets/cua-release-fix02r/release/deps/libserde-d5a5aa6204032aa9.rmeta --extern serde_json=<scrubbed3>/cargo-targets/cua-release-fix02r/release/deps/libserde_json-70750f884ef62b10.rmeta --extern sha2=<scrubbed3>/cargo-targets/cua-release-fix02r/release/deps/libsha2-4d72be5651bbf913.rmeta --extern tiny_skia=<scrubbed3>/cargo-targets/cua-release-fix02r/release/deps/libtiny_skia-30f8cbfda5d1cc13.rmeta --extern tracing=<scrubbed3>/cargo-targets/cua-release-fix02r/release/deps/libtracing-6998855b5de710b0.rmeta --extern zstd=<scrubbed3>/cargo-targets/cua-release-fix02r/release/deps/libzstd-7e5f1561fd8a4c34.rmeta -C link-arg=-fuse-ld=lld -L native=<scrubbed3>/cargo-targets/cua-release-fix02r/release/build/zstd-sys-e883c7acf3006b97/out`
       Dirty platform-linux v0.32.0 (<scrubbed1>/w6-fix03-f5wip/libs/cua-driver/rust/crates/platform-linux): the dependency `pip-preview` was rebuilt
   Compiling platform-linux v0.32.0 (<scrubbed1>/w6-fix03-f5wip/libs/cua-driver/rust/crates/platform-linux)
     Running `<scrubbed2>/.rustup/toolchains/stable-x86_64-unknown-linux-gnu/bin/rustc --crate-name platform_linux --edition=2021 crates/platform-linux/src/lib.rs --error-format=json --json=diagnostic-rendered-ansi,artifacts,future-incompat --crate-type lib --emit=dep-info,metadata,link -C opt-level=3 -C embed-bitcode=no --cfg 'feature="default"' --cfg 'feature="portal-input"' --check-cfg 'cfg(docsrs,test)' --check-cfg 'cfg(feature, values("default", "linux-example", "portal-capture", "portal-input", "portal-libei"))' -C metadata=e9fbf5c7b6d81b19 -C extra-filename=-9415ae0e83f9c8ec --out-dir <scrubbed3>/cargo-targets/cua-release-fix02r/release/deps -C linker=clang -C strip=debuginfo -L dependency=<scrubbed3>/cargo-targets/cua-release-fix02r/release/deps --extern anyhow=<scrubbed3>/cargo-targets/cua-release-fix02r/release/deps/libanyhow-a3519ea747103ea1.rmeta --extern ashpd=<scrubbed3>/cargo-targets/cua-release-fix02r/release/deps/libashpd-9b56320c63814241.rmeta --extern async_trait=<scrubbed3>/cargo-targets/cua-release-fix02r/release/deps/libasync_trait-55220fc45a8cf230.so --extern atspi=<scrubbed3>/cargo-targets/cua-release-fix02r/release/deps/libatspi-0b9f765c80e65757.rmeta --extern base64=<scrubbed3>/cargo-targets/cua-release-fix02r/release/deps/libbase64-ae2cbef4fe75522f.rmeta --extern bitflags=<scrubbed3>/cargo-targets/cua-release-fix02r/release/deps/libbitflags-378a953c1340ffa7.rmeta --extern calloop=<scrubbed3>/cargo-targets/cua-release-fix02r/release/deps/libcalloop-89bf216cfd63e178.rmeta --extern clipboard_rs=<scrubbed3>/cargo-targets/cua-release-fix02r/release/deps/libclipboard_rs-838405555ed48049.rmeta --extern crossbeam_channel=<scrubbed3>/cargo-targets/cua-release-fix02r/release/deps/libcrossbeam_channel-5b4ac5bda8755983.rmeta --extern cua_driver_contract=<scrubbed3>/cargo-targets/cua-release-fix02r/release/deps/libcua_driver_contract-41ef840a3a5335ec.rmeta --extern cua_driver_core=<scrubbed3>/cargo-targets/cua-release-fix02r/release/deps/libcua_driver_core-d5ab8808bfb32465.rmeta --extern cursor_overlay=<scrubbed3>/cargo-targets/cua-release-fix02r/release/deps/libcursor_overlay-01d40c9976ae5e15.rmeta --extern dirs=<scrubbed3>/cargo-targets/cua-release-fix02r/release/deps/libdirs-585b66cac589e122.rmeta --extern enumflags2=<scrubbed3>/cargo-targets/cua-release-fix02r/release/deps/libenumflags2-bd9f4e355d5ced65.rmeta --extern evdev=<scrubbed3>/cargo-targets/cua-release-fix02r/release/deps/libevdev-292621dc5251f1b0.rmeta --extern futures_util=<scrubbed3>/cargo-targets/cua-release-fix02r/release/deps/libfutures_util-ea7a270591753f8d.rmeta --extern getrandom=<scrubbed3>/cargo-targets/cua-release-fix02r/release/deps/libgetrandom-eb08c46a532916ca.rmeta --extern image=<scrubbed3>/cargo-targets/cua-release-fix02r/release/deps/libimage-7a3feed0168a3a57.rmeta --extern keyring=<scrubbed3>/cargo-targets/cua-release-fix02r/release/deps/libkeyring-61b224c5c3721441.rmeta --extern libc=<scrubbed3>/cargo-targets/cua-release-fix02r/release/deps/liblibc-4964f7b7473a893c.rmeta --extern memmap2=<scrubbed3>/cargo-targets/cua-release-fix02r/release/deps/libmemmap2-c3cacc7481226a7a.rmeta --extern meval=<scrubbed3>/cargo-targets/cua-release-fix02r/release/deps/libmeval-570ef2cd9ee7cd9a.rmeta --extern pip_preview=<scrubbed3>/cargo-targets/cua-release-fix02r/release/deps/libpip_preview-07cd9c76ff07bb0e.rmeta --extern reis=<scrubbed3>/cargo-targets/cua-release-fix02r/release/deps/libreis-c3ef7390b0ae6574.rmeta --extern serde=<scrubbed3>/cargo-targets/cua-release-fix02r/release/deps/libserde-d5a5aa6204032aa9.rmeta --extern serde_json=<scrubbed3>/cargo-targets/cua-release-fix02r/release/deps/libserde_json-70750f884ef62b10.rmeta --extern sha2=<scrubbed3>/cargo-targets/cua-release-fix02r/release/deps/libsha2-4d72be5651bbf913.rmeta --extern socket2=<scrubbed3>/cargo-targets/cua-release-fix02r/release/deps/libsocket2-d507e61c4f76c9ad.rmeta --extern thiserror=<scrubbed3>/cargo-targets/cua-release-fix02r/release/deps/libthiserror-cd8f28e91cd99ce0.rmeta --extern tiny_skia=<scrubbed3>/cargo-targets/cua-release-fix02r/release/deps/libtiny_skia-30f8cbfda5d1cc13.rmeta --extern tokio=<scrubbed3>/cargo-targets/cua-release-fix02r/release/deps/libtokio-aa9e3a082cf43d46.rmeta --extern tracing=<scrubbed3>/cargo-targets/cua-release-fix02r/release/deps/libtracing-6998855b5de710b0.rmeta --extern url=<scrubbed3>/cargo-targets/cua-release-fix02r/release/deps/liburl-a82d5767da2fc0a6.rmeta --extern wayland_backend=<scrubbed3>/cargo-targets/cua-release-fix02r/release/deps/libwayland_backend-0f2390f576d1270b.rmeta --extern wayland_client=<scrubbed3>/cargo-targets/cua-release-fix02r/release/deps/libwayland_client-70282d57f7802940.rmeta --extern wayland_protocols=<scrubbed3>/cargo-targets/cua-release-fix02r/release/deps/libwayland_protocols-999dfc07abaa551d.rmeta --extern wayland_protocols_wlr=<scrubbed3>/cargo-targets/cua-release-fix02r/release/deps/libwayland_protocols_wlr-b42200585de002cb.rmeta --extern wayland_scanner=<scrubbed3>/cargo-targets/cua-release-fix02r/release/deps/libwayland_scanner-1810a66dc18e029e.so --extern x11=<scrubbed3>/cargo-targets/cua-release-fix02r/release/deps/libx11-053584729da31ef4.rmeta --extern x11rb=<scrubbed3>/cargo-targets/cua-release-fix02r/release/deps/libx11rb-50cf397055057bb0.rmeta --extern xkbcommon=<scrubbed3>/cargo-targets/cua-release-fix02r/release/deps/libxkbcommon-8c18737bb70a9c6e.rmeta --extern zbus=<scrubbed3>/cargo-targets/cua-release-fix02r/release/deps/libzbus-a4ef16523382037d.rmeta --extern zeroize=<scrubbed3>/cargo-targets/cua-release-fix02r/release/deps/libzeroize-eac2a24be3078de4.rmeta -C link-arg=-fuse-ld=lld -L native=<scrubbed3>/cargo-targets/cua-release-fix02r/release/build/zstd-sys-e883c7acf3006b97/out -L native=/usr/lib -L native=/usr/lib -L native=/usr/lib`
     Running `<scrubbed2>/.rustup/toolchains/stable-x86_64-unknown-linux-gnu/bin/rustc --crate-name cua_driver_sdk --edition=2021 crates/cua-driver-sdk/src/lib.rs --error-format=json --json=diagnostic-rendered-ansi,artifacts,future-incompat --crate-type rlib --crate-type cdylib --emit=dep-info,link -C opt-level=3 -C embed-bitcode=no --cfg 'feature="default"' --check-cfg 'cfg(docsrs,test)' --check-cfg 'cfg(feature, values("default", "portal-capture", "portal-input", "portal-libei"))' -C metadata=8ac1ec404ac08567 --out-dir <scrubbed3>/cargo-targets/cua-release-fix02r/release/deps -C linker=clang -C strip=debuginfo -L dependency=<scrubbed3>/cargo-targets/cua-release-fix02r/release/deps --extern async_trait=<scrubbed3>/cargo-targets/cua-release-fix02r/release/deps/libasync_trait-55220fc45a8cf230.so --extern cua_driver_contract=<scrubbed3>/cargo-targets/cua-release-fix02r/release/deps/libcua_driver_contract-41ef840a3a5335ec.rlib --extern cua_driver_core=<scrubbed3>/cargo-targets/cua-release-fix02r/release/deps/libcua_driver_core-d5ab8808bfb32465.rlib --extern cursor_overlay=<scrubbed3>/cargo-targets/cua-release-fix02r/release/deps/libcursor_overlay-01d40c9976ae5e15.rlib --extern platform_linux=<scrubbed3>/cargo-targets/cua-release-fix02r/release/deps/libplatform_linux-9415ae0e83f9c8ec.rlib --extern serde=<scrubbed3>/cargo-targets/cua-release-fix02r/release/deps/libserde-d5a5aa6204032aa9.rlib --extern serde_json=<scrubbed3>/cargo-targets/cua-release-fix02r/release/deps/libserde_json-70750f884ef62b10.rlib --extern thiserror=<scrubbed3>/cargo-targets/cua-release-fix02r/release/deps/libthiserror-cd8f28e91cd99ce0.rlib --extern tokio=<scrubbed3>/cargo-targets/cua-release-fix02r/release/deps/libtokio-aa9e3a082cf43d46.rlib --extern tracing=<scrubbed3>/cargo-targets/cua-release-fix02r/release/deps/libtracing-6998855b5de710b0.rlib --extern uniffi=<scrubbed3>/cargo-targets/cua-release-fix02r/release/deps/libuniffi-a2e0d8a7b064ace6.rlib --extern uuid=<scrubbed3>/cargo-targets/cua-release-fix02r/release/deps/libuuid-bd487f75e2aac965.rlib -C link-arg=-fuse-ld=lld -L native=<scrubbed3>/cargo-targets/cua-release-fix02r/release/build/zstd-sys-e883c7acf3006b97/out -L native=/usr/lib -L native=/usr/lib -L native=/usr/lib`
     Running `<scrubbed2>/.rustup/toolchains/stable-x86_64-unknown-linux-gnu/bin/rustc --crate-name cua_driver --edition=2021 crates/cua-driver/src/main.rs --error-format=json --json=diagnostic-rendered-ansi,artifacts,future-incompat --crate-type bin --emit=dep-info,link -C opt-level=3 -C embed-bitcode=no --cfg 'feature="default"' --cfg 'feature="portal-input"' --check-cfg 'cfg(docsrs,test)' --check-cfg 'cfg(feature, values("default", "portal-capture", "portal-input", "portal-libei", "review-trust-root"))' -C metadata=9cdf0cae61a1a84d -C extra-filename=-47ef019fbb8ed0d1 --out-dir <scrubbed3>/cargo-targets/cua-release-fix02r/release/deps -C linker=clang -C strip=debuginfo -L dependency=<scrubbed3>/cargo-targets/cua-release-fix02r/release/deps --extern anyhow=<scrubbed3>/cargo-targets/cua-release-fix02r/release/deps/libanyhow-a3519ea747103ea1.rlib --extern async_trait=<scrubbed3>/cargo-targets/cua-release-fix02r/release/deps/libasync_trait-55220fc45a8cf230.so --extern base64=<scrubbed3>/cargo-targets/cua-release-fix02r/release/deps/libbase64-ae2cbef4fe75522f.rlib --extern cap_fs_ext=<scrubbed3>/cargo-targets/cua-release-fix02r/release/deps/libcap_fs_ext-45a39630cabc9360.rlib --extern cap_std=<scrubbed3>/cargo-targets/cua-release-fix02r/release/deps/libcap_std-9f6432a8dd72e699.rlib --extern cua_driver_contract=<scrubbed3>/cargo-targets/cua-release-fix02r/release/deps/libcua_driver_contract-41ef840a3a5335ec.rlib --extern cua_driver_core=<scrubbed3>/cargo-targets/cua-release-fix02r/release/deps/libcua_driver_core-d5ab8808bfb32465.rlib --extern cua_driver_sdk=<scrubbed3>/cargo-targets/cua-release-fix02r/release/deps/libcua_driver_sdk.rlib --extern cua_telemetry=<scrubbed3>/cargo-targets/cua-release-fix02r/release/deps/libcua_telemetry-b662c01c1cf841ce.rlib --extern cursor_overlay=<scrubbed3>/cargo-targets/cua-release-fix02r/release/deps/libcursor_overlay-01d40c9976ae5e15.rlib --extern flate2=<scrubbed3>/cargo-targets/cua-release-fix02r/release/deps/libflate2-5c368b4254098f4c.rlib --extern fs2=<scrubbed3>/cargo-targets/cua-release-fix02r/release/deps/libfs2-44bb6a05e063d604.rlib --extern httparse=<scrubbed3>/cargo-targets/cua-release-fix02r/release/deps/libhttparse-69d10cea92705bec.rlib --extern image=<scrubbed3>/cargo-targets/cua-release-fix02r/release/deps/libimage-7a3feed0168a3a57.rlib --extern libc=<scrubbed3>/cargo-targets/cua-release-fix02r/release/deps/liblibc-4964f7b7473a893c.rlib --extern pip_preview=<scrubbed3>/cargo-targets/cua-release-fix02r/release/deps/libpip_preview-07cd9c76ff07bb0e.rlib --extern platform_linux=<scrubbed3>/cargo-targets/cua-release-fix02r/release/deps/libplatform_linux-9415ae0e83f9c8ec.rlib --extern ring=<scrubbed3>/cargo-targets/cua-release-fix02r/release/deps/libring-3880e08eb20ba402.rlib --extern rustix=<scrubbed3>/cargo-targets/cua-release-fix02r/release/deps/librustix-188d70316d40c8f0.rlib --extern semver=<scrubbed3>/cargo-targets/cua-release-fix02r/release/deps/libsemver-e4dc71a13c340352.rlib --extern serde=<scrubbed3>/cargo-targets/cua-release-fix02r/release/deps/libserde-d5a5aa6204032aa9.rlib --extern serde_json=<scrubbed3>/cargo-targets/cua-release-fix02r/release/deps/libserde_json-70750f884ef62b10.rlib --extern sha2=<scrubbed3>/cargo-targets/cua-release-fix02r/release/deps/libsha2-4d72be5651bbf913.rlib --extern tar=<scrubbed3>/cargo-targets/cua-release-fix02r/release/deps/libtar-2fb1137f966488ed.rlib --extern tokio=<scrubbed3>/cargo-targets/cua-release-fix02r/release/deps/libtokio-aa9e3a082cf43d46.rlib --extern tracing=<scrubbed3>/cargo-targets/cua-release-fix02r/release/deps/libtracing-6998855b5de710b0.rlib --extern tracing_subscriber=<scrubbed3>/cargo-targets/cua-release-fix02r/release/deps/libtracing_subscriber-07471410fb6d31da.rlib --extern ureq=<scrubbed3>/cargo-targets/cua-release-fix02r/release/deps/libureq-5668c6e88d4bd126.rlib --extern uuid=<scrubbed3>/cargo-targets/cua-release-fix02r/release/deps/libuuid-bd487f75e2aac965.rlib --extern zeroize=<scrubbed3>/cargo-targets/cua-release-fix02r/release/deps/libzeroize-eac2a24be3078de4.rlib -C link-arg=-fuse-ld=lld -L native=<scrubbed3>/cargo-targets/cua-release-fix02r/release/build/zstd-sys-e883c7acf3006b97/out -L native=<scrubbed3>/cargo-targets/cua-release-fix02r/release/build/ring-33dc5ffe10856c1c/out -L native=/usr/lib -L native=/usr/lib -L native=/usr/lib`
    Finished `release` profile [optimized] target(s) in 1m 22s
warning: the following packages contain code that will be rejected by a future version of Rust: nom v1.2.4
note: to see what the problems were, use the option `--future-incompat-report`, or run `cargo report future-incompatibilities --id 1`
