cargo lock held 2026-10-03T09:37:47.373Z label=own20p-g0-a761f1f1f head=a761f1f1f8850951a446b423c36d2dcce1e18611 tracked_changes=0
[2026-10-03T09:37:47Z] build start label=own20p-g0-a761f1f1f head=a761f1f1f8850951a446b423c36d2dcce1e18611 rustc=rustc 1.97.1 (8bab26f4f 2026-07-14)
  crate cua_driver: rustc invocations this run = 1
  crate cua_driver_core: rustc invocations this run = 1
  crate cua_driver_contract: rustc invocations this run = 1
  crate platform_linux: rustc invocations this run = 1
  Fresh workspace units: 0
[2026-10-03T09:39:11Z] build done label=own20p-g0-a761f1f1f seconds=84 sha256=77a28152330405eabb0c17cd99ba2594239b3ac82a0484cff772ba865c14a1e4
build own20p-g0-a761f1f1f finished 2026-10-03T09:39:12.011Z rc=0
cargo lock held 2026-10-03T09:39:12.012Z label=own20p-ga-064d2e4ad head=064d2e4ad931e7a3b884c4621e3d5cbb4600f7b9 tracked_changes=0
[2026-10-03T09:39:12Z] build start label=own20p-ga-064d2e4ad head=064d2e4ad931e7a3b884c4621e3d5cbb4600f7b9 rustc=rustc 1.97.1 (8bab26f4f 2026-07-14)
  crate cua_driver: rustc invocations this run = 1
  crate cua_driver_core: rustc invocations this run = 1
  crate cua_driver_contract: rustc invocations this run = 1
  crate platform_linux: rustc invocations this run = 1
  Fresh workspace units: 0
[2026-10-03T09:40:35Z] build done label=own20p-ga-064d2e4ad seconds=83 sha256=681627314e2f031641e7579ab8640a3cb673c58b8b029ef7399e277706ccc146
build own20p-ga-064d2e4ad finished 2026-10-03T09:40:35.591Z rc=0
cargo lock held 2026-10-03T09:40:35.592Z label=own20p-u0m-0944feb31 head=0944feb313b770e4df5ec0733f5fb96922f6b07f tracked_changes=0
[2026-10-03T09:40:35Z] build start label=own20p-u0m-0944feb31 head=0944feb313b770e4df5ec0733f5fb96922f6b07f rustc=rustc 1.97.1 (8bab26f4f 2026-07-14)
  crate cua_driver: rustc invocations this run = 1
  crate cua_driver_core: rustc invocations this run = 1
  crate cua_driver_contract: rustc invocations this run = 1
  crate platform_linux: rustc invocations this run = 1
  Fresh workspace units: 0
[2026-10-03T09:42:07Z] build done label=own20p-u0m-0944feb31 seconds=92 sha256=9c5e9fffb3b02fd24cd3ba54d9347153680ed1058c92f9ed66cd24f75b8b6ad1
build own20p-u0m-0944feb31 finished 2026-10-03T09:42:07.986Z rc=0
cargo lock held 2026-10-03T09:42:07.990Z label=own20p-g0m-16d21fd56 head=16d21fd56ff80f566ff48fd6546f1021e2844967 tracked_changes=0
[2026-10-03T09:42:08Z] build start label=own20p-g0m-16d21fd56 head=16d21fd56ff80f566ff48fd6546f1021e2844967 rustc=rustc 1.97.1 (8bab26f4f 2026-07-14)
  crate cua_driver: rustc invocations this run = 1
  crate cua_driver_core: rustc invocations this run = 1
  crate cua_driver_contract: rustc invocations this run = 1
  crate platform_linux: rustc invocations this run = 1
  Fresh workspace units: 0
[2026-10-03T09:44:08Z] build done label=own20p-g0m-16d21fd56 seconds=120 sha256=1568dc4a63ba4d09e19b4c254fa1c1f806a92ff0ea7f48934be7f26c6b02d13c
build own20p-g0m-16d21fd56 finished 2026-10-03T09:44:08.774Z rc=0
