[2026-10-03T07:18:08Z] deps start <worktree> node=v22.23.2 uv=uv 0.11.7 (x86_64-unknown-linux-gnu)
Using CPython [36m3.12.13[39m[36m[39m
Creating virtual environment at: [36m.venv[39m
[1m[33mwarning[39m[0m[1m:[0m [1mFailed to hardlink files; falling back to full copy. This may lead to degraded performance.
         If the cache and target directories are on different filesystems, hardlinking may not be supported.
         If this is intentional, set `export UV_LINK_MODE=copy` or use `--link-mode=copy` to suppress this warning.[0m
[2mInstalled [1m35 packages[0m [2min 50ms[0m[0m
 [32m+[39m [1mannotated-types[0m[2m==0.8.0[0m
 [32m+[39m [1manyio[0m[2m==4.15.1[0m
 [32m+[39m [1mattrs[0m[2m==26.1.0[0m
 [32m+[39m [1mcertifi[0m[2m==2026.7.22[0m
 [32m+[39m [1mcffi[0m[2m==2.1.1[0m
 [32m+[39m [1mclick[0m[2m==8.5.0[0m
 [32m+[39m [1mcryptography[0m[2m==50.0.1[0m
 [32m+[39m [1mh11[0m[2m==0.16.0[0m
 [32m+[39m [1mhttpcore[0m[2m==1.0.9[0m
 [32m+[39m [1mhttpcore2[0m[2m==2.13.0[0m
 [32m+[39m [1mhttpx[0m[2m==0.28.1[0m
 [32m+[39m [1mhttpx-sse[0m[2m==0.4.3[0m
 [32m+[39m [1mhttpx2[0m[2m==2.13.0[0m
 [32m+[39m [1midna[0m[2m==3.19[0m
 [32m+[39m [1mjsonschema[0m[2m==4.26.0[0m
 [32m+[39m [1mjsonschema-specifications[0m[2m==2025.9.1[0m
 [32m+[39m [1mmcp[0m[2m==1.30.0[0m
 [32m+[39m [1mmsgspec[0m[2m==0.21.1[0m
 [32m+[39m [1mpycparser[0m[2m==3.0[0m
 [32m+[39m [1mpydantic[0m[2m==2.13.5[0m
 [32m+[39m [1mpydantic-core[0m[2m==2.46.5[0m
 [32m+[39m [1mpydantic-settings[0m[2m==2.15.0[0m
 [32m+[39m [1mpyjwt[0m[2m==2.14.0[0m
 [32m+[39m [1mpython-dotenv[0m[2m==1.2.3[0m
 [32m+[39m [1mpython-multipart[0m[2m==0.0.32[0m
 [32m+[39m [1mreferencing[0m[2m==0.37.0[0m
 [32m+[39m [1mrpds-py[0m[2m==2026.6.3[0m
 [32m+[39m [1msse-starlette[0m[2m==3.4.11[0m
 [32m+[39m [1mstarlette[0m[2m==1.6.0[0m
 [32m+[39m [1mtenacity[0m[2m==9.1.4[0m
 [32m+[39m [1mtruststore[0m[2m==0.10.4[0m
 [32m+[39m [1mtypesafe-sdk[0m[2m==0.6.0[0m
 [32m+[39m [1mtyping-extensions[0m[2m==4.16.0[0m
 [32m+[39m [1mtyping-inspection[0m[2m==0.4.4[0m
 [32m+[39m [1muvicorn[0m[2m==0.53.0[0m

added 103 packages, and audited 104 packages in 796ms

36 packages are looking for funding
  run `npm fund` for details

found 0 vulnerabilities
[2026-10-03T07:18:09Z] deps done <worktree>
