[b09] session_attempt=1 jitter_ms=2491 utc=2026-10-03T16:03:47.715Z
[session] DISPLAY=:100 openbox=548103 picom=548104 dbus=unix:path=<redacted>0xjaS7FoN,guid=3012fd24362fe53bb82eb6e06ac12766
[b09] display=:100 xdpyinfo=ok start_utc=2026-10-03T16:03:52.751Z loadavg=11.16 7.08 4.46 telemetry_env=false dnt=1 lock=shared wayland=unset hostless=1
dbus-daemon[548101]: [session uid=1000 pid=548101 pidfd=5] Activating service name='org.a11y.Bus' requested by ':1.0' (uid=1000 pid=548201 comm="<lanes>/bin/cua-driver-b0")
dbus-daemon[548101]: [session uid=1000 pid=548101 pidfd=5] Successfully activated service 'org.a11y.Bus'
dbus-daemon[548101]: [session uid=1000 pid=548101 pidfd=5] Activating service name='ca.desrt.dconf' requested by ':1.1' (uid=1000 pid=548208 comm="/usr/lib/at-spi-bus-launcher")
dbus-daemon[548101]: [session uid=1000 pid=548101 pidfd=5] Successfully activated service 'ca.desrt.dconf'
dbus-daemon[548101]: [session uid=1000 pid=548101 pidfd=5] Activating service name='org.freedesktop.systemd1' requested by ':1.4' (uid=1000 pid=548234 comm="/usr/bin/dbus-broker-launch --config-file=/usr/sha")
dbus-daemon[548101]: [session uid=1000 pid=548101 pidfd=5] Activated service 'org.freedesktop.systemd1' failed: Process org.freedesktop.systemd1 exited with status 1
[2m2026-10-03T16:03:54.513232Z[0m [33m WARN[0m [2mcua_driver_sdk::runtime[0m[2m:[0m could not activate the persistent AT-SPI listener: AT-SPI connect failed: ZBus Error: MethodError(OwnedErrorName("org.freedesktop.DBus.Error.NameHasNoOwner"), Some("Could not activate remote peer 'org.a11y.atspi.Registry': unit failed"), Msg { type: Error, serial: 4294967295, sender: UniqueName("org.freedesktop.DBus"), reply-serial: 10, body: Str, fds: [] })
[2m2026-10-03T16:03:54.524430Z[0m [33m WARN[0m [2mplatform_linux::overlay[0m[2m:[0m X11 overlay: root reads cannot see this window's own pixels; save-unders will be served without readback confirmation
dbus-daemon[548101]: [session uid=1000 pid=548101 pidfd=5] Activating service name='org.gtk.vfs.Daemon' requested by ':1.5' (uid=1000 pid=548275 comm="/opt/google/chrome/chrome --remote-debugging-port=")
dbus-daemon[548101]: [session uid=1000 pid=548101 pidfd=5] Successfully activated service 'org.gtk.vfs.Daemon'
fusermount3: mount failed: Operation not permitted

✨ cua-driver v0.33.0 is available (you have v0.32.0).
   Update with: cua-driver update
   Release notes: https://github.com/trycua/cua/releases/tag/cua-driver-rs-v0.33.0

dbus-daemon[548101]: [session uid=1000 pid=548101 pidfd=5] Activating service name='org.freedesktop.systemd1' requested by ':1.4' (uid=1000 pid=548234 comm="/usr/bin/dbus-broker-launch --config-file=/usr/sha")
dbus-daemon[548101]: [session uid=1000 pid=548101 pidfd=5] Activated service 'org.freedesktop.systemd1' failed: Process org.freedesktop.systemd1 exited with status 1
dbus-daemon[548101]: [session uid=1000 pid=548101 pidfd=5] Activating service name='org.freedesktop.systemd1' requested by ':1.4' (uid=1000 pid=548234 comm="/usr/bin/dbus-broker-launch --config-file=/usr/sha")
dbus-daemon[548101]: [session uid=1000 pid=548101 pidfd=5] Activated service 'org.freedesktop.systemd1' failed: Process org.freedesktop.systemd1 exited with status 1
dbus-daemon[548101]: [session uid=1000 pid=548101 pidfd=5] Activating service name='org.freedesktop.Notifications' requested by ':1.7' (uid=1000 pid=548275 comm="/opt/google/chrome/chrome --remote-debugging-port=")
dbus-daemon[548101]: [session uid=1000 pid=548101 pidfd=5] Activating service name='org.freedesktop.portal.Desktop' requested by ':1.7' (uid=1000 pid=548275 comm="/opt/google/chrome/chrome --remote-debugging-port=")
dbus-daemon[548101]: [session uid=1000 pid=548101 pidfd=5] Successfully activated service 'org.freedesktop.Notifications'
dbus-daemon[548101]: [session uid=1000 pid=548101 pidfd=5] Activating service name='org.freedesktop.impl.portal.PermissionStore' requested by ':1.9' (uid=1000 pid=548517 comm="/usr/lib/xdg-desktop-portal")
dbus-daemon[548101]: [session uid=1000 pid=548101 pidfd=5] Successfully activated service 'org.freedesktop.impl.portal.PermissionStore'
dbus-daemon[548101]: [session uid=1000 pid=548101 pidfd=5] Activating service name='org.freedesktop.portal.Documents' requested by ':1.9' (uid=1000 pid=548517 comm="/usr/lib/xdg-desktop-portal")
dbus-daemon[548101]: [session uid=1000 pid=548101 pidfd=5] Successfully activated service 'org.freedesktop.portal.Documents'
fusermount3: mount failed: Operation not permitted
error: fuse init failed: Can't mount path <tmp>/x11-session.VVglBv/xdg-runtime/doc

(/usr/lib/xdg-desktop-portal:548517): xdg-desktop-portal-WARNING **: 11:03:55.392: Document portal fuse mount point unknown: GDBus.Error:org.freedesktop.DBus.Error.ServiceUnknown: The name :1.11 was not provided by any .service files

(/usr/lib/xdg-desktop-portal:548517): xdg-desktop-portal-WARNING **: 11:03:55.392: Choosing gtk.portal for org.freedesktop.impl.portal.Lockdown as a last-resort fallback
dbus-daemon[548101]: [session uid=1000 pid=548101 pidfd=5] Activating service name='org.freedesktop.impl.portal.desktop.gtk' requested by ':1.9' (uid=1000 pid=548517 comm="/usr/lib/xdg-desktop-portal")
dbus-daemon[548101]: [session uid=1000 pid=548101 pidfd=5] Activating service name='org.freedesktop.systemd1' requested by ':1.4' (uid=1000 pid=548234 comm="/usr/bin/dbus-broker-launch --config-file=/usr/sha")
dbus-daemon[548101]: [session uid=1000 pid=548101 pidfd=5] Activated service 'org.freedesktop.systemd1' failed: Process org.freedesktop.systemd1 exited with status 1
dbus-daemon[548101]: [session uid=1000 pid=548101 pidfd=5] Successfully activated service 'org.freedesktop.impl.portal.desktop.gtk'

** (xdg-desktop-portal-gtk:548544): WARNING **: 11:03:55.418: AT-SPI: Could not obtain desktop path or name

dbus-daemon[548101]: [session uid=1000 pid=548101 pidfd=5] Activating service name='org.freedesktop.systemd1' requested by ':1.4' (uid=1000 pid=548234 comm="/usr/bin/dbus-broker-launch --config-file=/usr/sha")

(/usr/lib/xdg-desktop-portal:548517): xdg-desktop-portal-WARNING **: 11:03:55.419: Choosing gtk.portal for org.freedesktop.impl.portal.Access as a last-resort fallback
dbus-daemon[548101]: [session uid=1000 pid=548101 pidfd=5] Activated service 'org.freedesktop.systemd1' failed: Process org.freedesktop.systemd1 exited with status 1

** (xdg-desktop-portal-gtk:548544): WARNING **: 11:03:55.419: atk-bridge: GetRegisteredEvents returned message with unknown signature

** (xdg-desktop-portal-gtk:548544): WARNING **: 11:03:55.420: atk-bridge: get_device_events_reply: unknown signature

(/usr/lib/xdg-desktop-portal:548517): xdg-desktop-portal-WARNING **: 11:03:55.429: Choosing gtk.portal for org.freedesktop.impl.portal.Settings as a last-resort fallback

(/usr/lib/xdg-desktop-portal:548517): xdg-desktop-portal-WARNING **: 11:03:55.430: Choosing gtk.portal for org.freedesktop.impl.portal.FileChooser as a last-resort fallback

(/usr/lib/xdg-desktop-portal:548517): xdg-desktop-portal-WARNING **: 11:03:55.430: Choosing gtk.portal for org.freedesktop.impl.portal.AppChooser as a last-resort fallback

(/usr/lib/xdg-desktop-portal:548517): xdg-desktop-portal-WARNING **: 11:03:55.430: Choosing gtk.portal for org.freedesktop.impl.portal.Print as a last-resort fallback

(/usr/lib/xdg-desktop-portal:548517): xdg-desktop-portal-WARNING **: 11:03:55.430: Choosing gtk.portal for org.freedesktop.impl.portal.Notification as a last-resort fallback

(/usr/lib/xdg-desktop-portal:548517): xdg-desktop-portal-WARNING **: 11:03:55.431: Choosing gtk.portal for org.freedesktop.impl.portal.Inhibit as a last-resort fallback

(/usr/lib/xdg-desktop-portal:548517): xdg-desktop-portal-WARNING **: 11:03:55.432: Failed to connect to PipeWire: Couldn't connect to PipeWire

(/usr/lib/xdg-desktop-portal:548517): xdg-desktop-portal-WARNING **: 11:03:55.432: Choosing gtk.portal for org.freedesktop.impl.portal.Account as a last-resort fallback

(/usr/lib/xdg-desktop-portal:548517): xdg-desktop-portal-WARNING **: 11:03:55.433: Choosing gtk.portal for org.freedesktop.impl.portal.Email as a last-resort fallback

(/usr/lib/xdg-desktop-portal:548517): xdg-desktop-portal-WARNING **: 11:03:55.433: Choosing gtk.portal for org.freedesktop.impl.portal.DynamicLauncher as a last-resort fallback
dbus-daemon[548101]: [session uid=1000 pid=548101 pidfd=5] Successfully activated service 'org.freedesktop.portal.Desktop'
{"trial": "pilot-a1-r00-fill-BASE", "outcome": "verified", "oracle_exact_match": true, "completion_mutations": 1, "routes": ["provider", "provider"], "loadavg_before": "11.16 7.08 4.46 1/2276 548199"}
dbus-daemon[548101]: [session uid=1000 pid=548101 pidfd=5] Activating service name='org.freedesktop.systemd1' requested by ':1.4' (uid=1000 pid=548234 comm="/usr/bin/dbus-broker-launch --config-file=/usr/sha")
dbus-daemon[548101]: [session uid=1000 pid=548101 pidfd=5] Activated service 'org.freedesktop.systemd1' failed: Process org.freedesktop.systemd1 exited with status 1
[2m2026-10-03T16:03:59.448036Z[0m [33m WARN[0m [2mcua_driver_sdk::runtime[0m[2m:[0m could not activate the persistent AT-SPI listener: AT-SPI connect failed: ZBus Error: MethodError(OwnedErrorName("org.freedesktop.DBus.Error.NameHasNoOwner"), Some("Could not activate remote peer 'org.a11y.atspi.Registry': unit failed"), Msg { type: Error, serial: 4294967295, sender: UniqueName("org.freedesktop.DBus"), reply-serial: 9, body: Str, fds: [] })
[2m2026-10-03T16:03:59.455310Z[0m [33m WARN[0m [2mplatform_linux::overlay[0m[2m:[0m X11 overlay: root reads cannot see this window's own pixels; save-unders will be served without readback confirmation

✨ cua-driver v0.33.0 is available (you have v0.32.0).
   Update with: cua-driver update
   Release notes: https://github.com/trycua/cua/releases/tag/cua-driver-rs-v0.33.0

dbus-daemon[548101]: [session uid=1000 pid=548101 pidfd=5] Activating service name='org.freedesktop.systemd1' requested by ':1.4' (uid=1000 pid=548234 comm="/usr/bin/dbus-broker-launch --config-file=/usr/sha")
dbus-daemon[548101]: [session uid=1000 pid=548101 pidfd=5] Activated service 'org.freedesktop.systemd1' failed: Process org.freedesktop.systemd1 exited with status 1
dbus-daemon[548101]: [session uid=1000 pid=548101 pidfd=5] Activating service name='org.freedesktop.systemd1' requested by ':1.4' (uid=1000 pid=548234 comm="/usr/bin/dbus-broker-launch --config-file=/usr/sha")
dbus-daemon[548101]: [session uid=1000 pid=548101 pidfd=5] Activated service 'org.freedesktop.systemd1' failed: Process org.freedesktop.systemd1 exited with status 1
{"trial": "pilot-a1-r00-fill-P10a", "outcome": "verified", "oracle_exact_match": true, "completion_mutations": 1, "routes": ["compiled"], "loadavg_before": "11.54 7.23 4.52 1/2313 548711"}
dbus-daemon[548101]: [session uid=1000 pid=548101 pidfd=5] Activating service name='org.freedesktop.systemd1' requested by ':1.4' (uid=1000 pid=548234 comm="/usr/bin/dbus-broker-launch --config-file=/usr/sha")
dbus-daemon[548101]: [session uid=1000 pid=548101 pidfd=5] Activated service 'org.freedesktop.systemd1' failed: Process org.freedesktop.systemd1 exited with status 1
[2m2026-10-03T16:04:00.942813Z[0m [33m WARN[0m [2mcua_driver_sdk::runtime[0m[2m:[0m could not activate the persistent AT-SPI listener: AT-SPI connect failed: ZBus Error: MethodError(OwnedErrorName("org.freedesktop.DBus.Error.NameHasNoOwner"), Some("Could not activate remote peer 'org.a11y.atspi.Registry': unit failed"), Msg { type: Error, serial: 4294967295, sender: UniqueName("org.freedesktop.DBus"), reply-serial: 9, body: Str, fds: [] })
[2m2026-10-03T16:04:00.950764Z[0m [33m WARN[0m [2mplatform_linux::overlay[0m[2m:[0m X11 overlay: root reads cannot see this window's own pixels; save-unders will be served without readback confirmation

✨ cua-driver v0.33.0 is available (you have v0.32.0).
   Update with: cua-driver update
   Release notes: https://github.com/trycua/cua/releases/tag/cua-driver-rs-v0.33.0

dbus-daemon[548101]: [session uid=1000 pid=548101 pidfd=5] Activating service name='org.freedesktop.systemd1' requested by ':1.4' (uid=1000 pid=548234 comm="/usr/bin/dbus-broker-launch --config-file=/usr/sha")
dbus-daemon[548101]: [session uid=1000 pid=548101 pidfd=5] Activated service 'org.freedesktop.systemd1' failed: Process org.freedesktop.systemd1 exited with status 1
dbus-daemon[548101]: [session uid=1000 pid=548101 pidfd=5] Activating service name='org.freedesktop.systemd1' requested by ':1.4' (uid=1000 pid=548234 comm="/usr/bin/dbus-broker-launch --config-file=/usr/sha")
dbus-daemon[548101]: [session uid=1000 pid=548101 pidfd=5] Activated service 'org.freedesktop.systemd1' failed: Process org.freedesktop.systemd1 exited with status 1
{"trial": "pilot-a1-r00-fill-PC", "outcome": "verified", "oracle_exact_match": true, "completion_mutations": 1, "routes": ["compiled"], "loadavg_before": "11.98 7.39 4.59 7/2313 549039"}
dbus-daemon[548101]: [session uid=1000 pid=548101 pidfd=5] Activating service name='org.freedesktop.systemd1' requested by ':1.4' (uid=1000 pid=548234 comm="/usr/bin/dbus-broker-launch --config-file=/usr/sha")
dbus-daemon[548101]: [session uid=1000 pid=548101 pidfd=5] Activated service 'org.freedesktop.systemd1' failed: Process org.freedesktop.systemd1 exited with status 1
[2m2026-10-03T16:04:02.443907Z[0m [33m WARN[0m [2mcua_driver_sdk::runtime[0m[2m:[0m could not activate the persistent AT-SPI listener: AT-SPI connect failed: ZBus Error: MethodError(OwnedErrorName("org.freedesktop.DBus.Error.NameHasNoOwner"), Some("Could not activate remote peer 'org.a11y.atspi.Registry': unit failed"), Msg { type: Error, serial: 4294967295, sender: UniqueName("org.freedesktop.DBus"), reply-serial: 9, body: Str, fds: [] })
[2m2026-10-03T16:04:02.452624Z[0m [33m WARN[0m [2mplatform_linux::overlay[0m[2m:[0m X11 overlay: root reads cannot see this window's own pixels; save-unders will be served without readback confirmation

✨ cua-driver v0.33.0 is available (you have v0.32.0).
   Update with: cua-driver update
   Release notes: https://github.com/trycua/cua/releases/tag/cua-driver-rs-v0.33.0

dbus-daemon[548101]: [session uid=1000 pid=548101 pidfd=5] Activating service name='org.freedesktop.systemd1' requested by ':1.4' (uid=1000 pid=548234 comm="/usr/bin/dbus-broker-launch --config-file=/usr/sha")
dbus-daemon[548101]: [session uid=1000 pid=548101 pidfd=5] Activated service 'org.freedesktop.systemd1' failed: Process org.freedesktop.systemd1 exited with status 1
dbus-daemon[548101]: [session uid=1000 pid=548101 pidfd=5] Activating service name='org.freedesktop.systemd1' requested by ':1.4' (uid=1000 pid=548234 comm="/usr/bin/dbus-broker-launch --config-file=/usr/sha")
dbus-daemon[548101]: [session uid=1000 pid=548101 pidfd=5] Activated service 'org.freedesktop.systemd1' failed: Process org.freedesktop.systemd1 exited with status 1
{"trial": "pilot-a1-r00-fill-P10b", "outcome": "verified", "oracle_exact_match": true, "completion_mutations": 1, "routes": ["compiled"], "loadavg_before": "11.98 7.39 4.59 2/2314 549326"}
dbus-daemon[548101]: [session uid=1000 pid=548101 pidfd=5] Activating service name='org.freedesktop.systemd1' requested by ':1.4' (uid=1000 pid=548234 comm="/usr/bin/dbus-broker-launch --config-file=/usr/sha")
dbus-daemon[548101]: [session uid=1000 pid=548101 pidfd=5] Activated service 'org.freedesktop.systemd1' failed: Process org.freedesktop.systemd1 exited with status 1
[2m2026-10-03T16:04:03.944210Z[0m [33m WARN[0m [2mcua_driver_sdk::runtime[0m[2m:[0m could not activate the persistent AT-SPI listener: AT-SPI connect failed: ZBus Error: MethodError(OwnedErrorName("org.freedesktop.DBus.Error.NameHasNoOwner"), Some("Could not activate remote peer 'org.a11y.atspi.Registry': unit failed"), Msg { type: Error, serial: 4294967295, sender: UniqueName("org.freedesktop.DBus"), reply-serial: 9, body: Str, fds: [] })
[2m2026-10-03T16:04:03.954168Z[0m [33m WARN[0m [2mplatform_linux::overlay[0m[2m:[0m X11 overlay: root reads cannot see this window's own pixels; save-unders will be served without readback confirmation

✨ cua-driver v0.33.0 is available (you have v0.32.0).
   Update with: cua-driver update
   Release notes: https://github.com/trycua/cua/releases/tag/cua-driver-rs-v0.33.0

dbus-daemon[548101]: [session uid=1000 pid=548101 pidfd=5] Activating service name='org.freedesktop.systemd1' requested by ':1.4' (uid=1000 pid=548234 comm="/usr/bin/dbus-broker-launch --config-file=/usr/sha")
dbus-daemon[548101]: [session uid=1000 pid=548101 pidfd=5] Activated service 'org.freedesktop.systemd1' failed: Process org.freedesktop.systemd1 exited with status 1
dbus-daemon[548101]: [session uid=1000 pid=548101 pidfd=5] Activating service name='org.freedesktop.systemd1' requested by ':1.4' (uid=1000 pid=548234 comm="/usr/bin/dbus-broker-launch --config-file=/usr/sha")
dbus-daemon[548101]: [session uid=1000 pid=548101 pidfd=5] Activated service 'org.freedesktop.systemd1' failed: Process org.freedesktop.systemd1 exited with status 1
{"trial": "pilot-a1-r00-fill-P0", "outcome": "verified", "oracle_exact_match": true, "completion_mutations": 1, "routes": ["compiled"], "loadavg_before": "11.98 7.39 4.59 2/2317 549600"}
dbus-daemon[548101]: [session uid=1000 pid=548101 pidfd=5] Activating service name='org.freedesktop.systemd1' requested by ':1.4' (uid=1000 pid=548234 comm="/usr/bin/dbus-broker-launch --config-file=/usr/sha")
dbus-daemon[548101]: [session uid=1000 pid=548101 pidfd=5] Activated service 'org.freedesktop.systemd1' failed: Process org.freedesktop.systemd1 exited with status 1
[2m2026-10-03T16:04:05.444760Z[0m [33m WARN[0m [2mcua_driver_sdk::runtime[0m[2m:[0m could not activate the persistent AT-SPI listener: AT-SPI connect failed: ZBus Error: MethodError(OwnedErrorName("org.freedesktop.DBus.Error.NameHasNoOwner"), Some("Could not activate remote peer 'org.a11y.atspi.Registry': unit failed"), Msg { type: Error, serial: 4294967295, sender: UniqueName("org.freedesktop.DBus"), reply-serial: 9, body: Str, fds: [] })
[2m2026-10-03T16:04:05.453601Z[0m [33m WARN[0m [2mplatform_linux::overlay[0m[2m:[0m X11 overlay: root reads cannot see this window's own pixels; save-unders will be served without readback confirmation

✨ cua-driver v0.33.0 is available (you have v0.32.0).
   Update with: cua-driver update
   Release notes: https://github.com/trycua/cua/releases/tag/cua-driver-rs-v0.33.0

dbus-daemon[548101]: [session uid=1000 pid=548101 pidfd=5] Activating service name='org.freedesktop.systemd1' requested by ':1.4' (uid=1000 pid=548234 comm="/usr/bin/dbus-broker-launch --config-file=/usr/sha")
dbus-daemon[548101]: [session uid=1000 pid=548101 pidfd=5] Activated service 'org.freedesktop.systemd1' failed: Process org.freedesktop.systemd1 exited with status 1
dbus-daemon[548101]: [session uid=1000 pid=548101 pidfd=5] Activating service name='org.freedesktop.systemd1' requested by ':1.4' (uid=1000 pid=548234 comm="/usr/bin/dbus-broker-launch --config-file=/usr/sha")
dbus-daemon[548101]: [session uid=1000 pid=548101 pidfd=5] Activated service 'org.freedesktop.systemd1' failed: Process org.freedesktop.systemd1 exited with status 1
{"trial": "pilot-a1-r00-fill-P1", "outcome": "verified", "oracle_exact_match": true, "completion_mutations": 1, "routes": ["compiled"], "loadavg_before": "11.98 7.39 4.59 1/2319 549974"}
dbus-daemon[548101]: [session uid=1000 pid=548101 pidfd=5] Activating service name='org.freedesktop.systemd1' requested by ':1.4' (uid=1000 pid=548234 comm="/usr/bin/dbus-broker-launch --config-file=/usr/sha")
dbus-daemon[548101]: [session uid=1000 pid=548101 pidfd=5] Activated service 'org.freedesktop.systemd1' failed: Process org.freedesktop.systemd1 exited with status 1
[2m2026-10-03T16:04:06.945031Z[0m [33m WARN[0m [2mcua_driver_sdk::runtime[0m[2m:[0m could not activate the persistent AT-SPI listener: AT-SPI connect failed: ZBus Error: MethodError(OwnedErrorName("org.freedesktop.DBus.Error.NameHasNoOwner"), Some("Could not activate remote peer 'org.a11y.atspi.Registry': unit failed"), Msg { type: Error, serial: 4294967295, sender: UniqueName("org.freedesktop.DBus"), reply-serial: 9, body: Str, fds: [] })
[2m2026-10-03T16:04:06.952592Z[0m [33m WARN[0m [2mplatform_linux::overlay[0m[2m:[0m X11 overlay: root reads cannot see this window's own pixels; save-unders will be served without readback confirmation

✨ cua-driver v0.33.0 is available (you have v0.32.0).
   Update with: cua-driver update
   Release notes: https://github.com/trycua/cua/releases/tag/cua-driver-rs-v0.33.0

dbus-daemon[548101]: [session uid=1000 pid=548101 pidfd=5] Activating service name='org.freedesktop.systemd1' requested by ':1.4' (uid=1000 pid=548234 comm="/usr/bin/dbus-broker-launch --config-file=/usr/sha")
dbus-daemon[548101]: [session uid=1000 pid=548101 pidfd=5] Activated service 'org.freedesktop.systemd1' failed: Process org.freedesktop.systemd1 exited with status 1
dbus-daemon[548101]: [session uid=1000 pid=548101 pidfd=5] Activating service name='org.freedesktop.systemd1' requested by ':1.4' (uid=1000 pid=548234 comm="/usr/bin/dbus-broker-launch --config-file=/usr/sha")
dbus-daemon[548101]: [session uid=1000 pid=548101 pidfd=5] Activated service 'org.freedesktop.systemd1' failed: Process org.freedesktop.systemd1 exited with status 1
{"trial": "pilot-a1-r01-fill-P10a", "outcome": "verified", "oracle_exact_match": true, "completion_mutations": 1, "routes": ["compiled"], "loadavg_before": "12.30 7.54 4.65 1/2319 550280"}
dbus-daemon[548101]: [session uid=1000 pid=548101 pidfd=5] Activating service name='org.freedesktop.systemd1' requested by ':1.4' (uid=1000 pid=548234 comm="/usr/bin/dbus-broker-launch --config-file=/usr/sha")
dbus-daemon[548101]: [session uid=1000 pid=548101 pidfd=5] Activated service 'org.freedesktop.systemd1' failed: Process org.freedesktop.systemd1 exited with status 1
[2m2026-10-03T16:04:08.445806Z[0m [33m WARN[0m [2mcua_driver_sdk::runtime[0m[2m:[0m could not activate the persistent AT-SPI listener: AT-SPI connect failed: ZBus Error: MethodError(OwnedErrorName("org.freedesktop.DBus.Error.NameHasNoOwner"), Some("Could not activate remote peer 'org.a11y.atspi.Registry': unit failed"), Msg { type: Error, serial: 4294967295, sender: UniqueName("org.freedesktop.DBus"), reply-serial: 9, body: Str, fds: [] })
[2m2026-10-03T16:04:08.453183Z[0m [33m WARN[0m [2mplatform_linux::overlay[0m[2m:[0m X11 overlay: root reads cannot see this window's own pixels; save-unders will be served without readback confirmation

✨ cua-driver v0.33.0 is available (you have v0.32.0).
   Update with: cua-driver update
   Release notes: https://github.com/trycua/cua/releases/tag/cua-driver-rs-v0.33.0

dbus-daemon[548101]: [session uid=1000 pid=548101 pidfd=5] Activating service name='org.freedesktop.systemd1' requested by ':1.4' (uid=1000 pid=548234 comm="/usr/bin/dbus-broker-launch --config-file=/usr/sha")
dbus-daemon[548101]: [session uid=1000 pid=548101 pidfd=5] Activated service 'org.freedesktop.systemd1' failed: Process org.freedesktop.systemd1 exited with status 1
dbus-daemon[548101]: [session uid=1000 pid=548101 pidfd=5] Activating service name='org.freedesktop.systemd1' requested by ':1.4' (uid=1000 pid=548234 comm="/usr/bin/dbus-broker-launch --config-file=/usr/sha")
dbus-daemon[548101]: [session uid=1000 pid=548101 pidfd=5] Activated service 'org.freedesktop.systemd1' failed: Process org.freedesktop.systemd1 exited with status 1
{"trial": "pilot-a1-r01-fill-P10b", "outcome": "verified", "oracle_exact_match": true, "completion_mutations": 1, "routes": ["compiled"], "loadavg_before": "12.30 7.54 4.65 3/2321 550585"}
dbus-daemon[548101]: [session uid=1000 pid=548101 pidfd=5] Activating service name='org.freedesktop.systemd1' requested by ':1.4' (uid=1000 pid=548234 comm="/usr/bin/dbus-broker-launch --config-file=/usr/sha")
dbus-daemon[548101]: [session uid=1000 pid=548101 pidfd=5] Activated service 'org.freedesktop.systemd1' failed: Process org.freedesktop.systemd1 exited with status 1
[2m2026-10-03T16:04:09.946742Z[0m [33m WARN[0m [2mcua_driver_sdk::runtime[0m[2m:[0m could not activate the persistent AT-SPI listener: AT-SPI connect failed: ZBus Error: MethodError(OwnedErrorName("org.freedesktop.DBus.Error.NameHasNoOwner"), Some("Could not activate remote peer 'org.a11y.atspi.Registry': unit failed"), Msg { type: Error, serial: 4294967295, sender: UniqueName("org.freedesktop.DBus"), reply-serial: 9, body: Str, fds: [] })
[2m2026-10-03T16:04:09.956163Z[0m [33m WARN[0m [2mplatform_linux::overlay[0m[2m:[0m X11 overlay: root reads cannot see this window's own pixels; save-unders will be served without readback confirmation

✨ cua-driver v0.33.0 is available (you have v0.32.0).
   Update with: cua-driver update
   Release notes: https://github.com/trycua/cua/releases/tag/cua-driver-rs-v0.33.0

dbus-daemon[548101]: [session uid=1000 pid=548101 pidfd=5] Activating service name='org.freedesktop.systemd1' requested by ':1.4' (uid=1000 pid=548234 comm="/usr/bin/dbus-broker-launch --config-file=/usr/sha")
dbus-daemon[548101]: [session uid=1000 pid=548101 pidfd=5] Activated service 'org.freedesktop.systemd1' failed: Process org.freedesktop.systemd1 exited with status 1
dbus-daemon[548101]: [session uid=1000 pid=548101 pidfd=5] Activating service name='org.freedesktop.systemd1' requested by ':1.4' (uid=1000 pid=548234 comm="/usr/bin/dbus-broker-launch --config-file=/usr/sha")
dbus-daemon[548101]: [session uid=1000 pid=548101 pidfd=5] Activated service 'org.freedesktop.systemd1' failed: Process org.freedesktop.systemd1 exited with status 1
{"trial": "pilot-a1-r01-fill-BASE", "outcome": "verified", "oracle_exact_match": true, "completion_mutations": 1, "routes": ["provider", "provider"], "loadavg_before": "12.30 7.54 4.65 5/2350 550888"}
dbus-daemon[548101]: [session uid=1000 pid=548101 pidfd=5] Activating service name='org.freedesktop.systemd1' requested by ':1.4' (uid=1000 pid=548234 comm="/usr/bin/dbus-broker-launch --config-file=/usr/sha")
dbus-daemon[548101]: [session uid=1000 pid=548101 pidfd=5] Activated service 'org.freedesktop.systemd1' failed: Process org.freedesktop.systemd1 exited with status 1
[2m2026-10-03T16:04:14.447589Z[0m [33m WARN[0m [2mcua_driver_sdk::runtime[0m[2m:[0m could not activate the persistent AT-SPI listener: AT-SPI connect failed: ZBus Error: MethodError(OwnedErrorName("org.freedesktop.DBus.Error.NameHasNoOwner"), Some("Could not activate remote peer 'org.a11y.atspi.Registry': unit failed"), Msg { type: Error, serial: 4294967295, sender: UniqueName("org.freedesktop.DBus"), reply-serial: 9, body: Str, fds: [] })
[2m2026-10-03T16:04:14.460355Z[0m [33m WARN[0m [2mplatform_linux::overlay[0m[2m:[0m X11 overlay: root reads cannot see this window's own pixels; save-unders will be served without readback confirmation

✨ cua-driver v0.33.0 is available (you have v0.32.0).
   Update with: cua-driver update
   Release notes: https://github.com/trycua/cua/releases/tag/cua-driver-rs-v0.33.0

dbus-daemon[548101]: [session uid=1000 pid=548101 pidfd=5] Activating service name='org.freedesktop.systemd1' requested by ':1.4' (uid=1000 pid=548234 comm="/usr/bin/dbus-broker-launch --config-file=/usr/sha")
dbus-daemon[548101]: [session uid=1000 pid=548101 pidfd=5] Activated service 'org.freedesktop.systemd1' failed: Process org.freedesktop.systemd1 exited with status 1
dbus-daemon[548101]: [session uid=1000 pid=548101 pidfd=5] Activating service name='org.freedesktop.systemd1' requested by ':1.4' (uid=1000 pid=548234 comm="/usr/bin/dbus-broker-launch --config-file=/usr/sha")
dbus-daemon[548101]: [session uid=1000 pid=548101 pidfd=5] Activated service 'org.freedesktop.systemd1' failed: Process org.freedesktop.systemd1 exited with status 1
{"trial": "pilot-a1-r01-fill-P1", "outcome": "verified", "oracle_exact_match": true, "completion_mutations": 1, "routes": ["compiled"], "loadavg_before": "11.96 7.54 4.67 2/2363 551312"}
dbus-daemon[548101]: [session uid=1000 pid=548101 pidfd=5] Activating service name='org.freedesktop.systemd1' requested by ':1.4' (uid=1000 pid=548234 comm="/usr/bin/dbus-broker-launch --config-file=/usr/sha")
dbus-daemon[548101]: [session uid=1000 pid=548101 pidfd=5] Activated service 'org.freedesktop.systemd1' failed: Process org.freedesktop.systemd1 exited with status 1
[2m2026-10-03T16:04:15.948216Z[0m [33m WARN[0m [2mcua_driver_sdk::runtime[0m[2m:[0m could not activate the persistent AT-SPI listener: AT-SPI connect failed: ZBus Error: MethodError(OwnedErrorName("org.freedesktop.DBus.Error.NameHasNoOwner"), Some("Could not activate remote peer 'org.a11y.atspi.Registry': unit failed"), Msg { type: Error, serial: 4294967295, sender: UniqueName("org.freedesktop.DBus"), reply-serial: 9, body: Str, fds: [] })
[2m2026-10-03T16:04:15.955563Z[0m [33m WARN[0m [2mplatform_linux::overlay[0m[2m:[0m X11 overlay: root reads cannot see this window's own pixels; save-unders will be served without readback confirmation

✨ cua-driver v0.33.0 is available (you have v0.32.0).
   Update with: cua-driver update
   Release notes: https://github.com/trycua/cua/releases/tag/cua-driver-rs-v0.33.0

dbus-daemon[548101]: [session uid=1000 pid=548101 pidfd=5] Activating service name='org.freedesktop.systemd1' requested by ':1.4' (uid=1000 pid=548234 comm="/usr/bin/dbus-broker-launch --config-file=/usr/sha")
dbus-daemon[548101]: [session uid=1000 pid=548101 pidfd=5] Activated service 'org.freedesktop.systemd1' failed: Process org.freedesktop.systemd1 exited with status 1
dbus-daemon[548101]: [session uid=1000 pid=548101 pidfd=5] Activating service name='org.freedesktop.systemd1' requested by ':1.4' (uid=1000 pid=548234 comm="/usr/bin/dbus-broker-launch --config-file=/usr/sha")
dbus-daemon[548101]: [session uid=1000 pid=548101 pidfd=5] Activated service 'org.freedesktop.systemd1' failed: Process org.freedesktop.systemd1 exited with status 1
{"trial": "pilot-a1-r01-fill-PC", "outcome": "verified", "oracle_exact_match": true, "completion_mutations": 1, "routes": ["compiled"], "loadavg_before": "12.44 7.72 4.74 6/2396 551954"}
dbus-daemon[548101]: [session uid=1000 pid=548101 pidfd=5] Activating service name='org.freedesktop.systemd1' requested by ':1.4' (uid=1000 pid=548234 comm="/usr/bin/dbus-broker-launch --config-file=/usr/sha")
dbus-daemon[548101]: [session uid=1000 pid=548101 pidfd=5] Activated service 'org.freedesktop.systemd1' failed: Process org.freedesktop.systemd1 exited with status 1
[2m2026-10-03T16:04:17.448458Z[0m [33m WARN[0m [2mcua_driver_sdk::runtime[0m[2m:[0m could not activate the persistent AT-SPI listener: AT-SPI connect failed: ZBus Error: MethodError(OwnedErrorName("org.freedesktop.DBus.Error.NameHasNoOwner"), Some("Could not activate remote peer 'org.a11y.atspi.Registry': unit failed"), Msg { type: Error, serial: 4294967295, sender: UniqueName("org.freedesktop.DBus"), reply-serial: 9, body: Str, fds: [] })
[2m2026-10-03T16:04:17.455608Z[0m [33m WARN[0m [2mplatform_linux::overlay[0m[2m:[0m X11 overlay: root reads cannot see this window's own pixels; save-unders will be served without readback confirmation

✨ cua-driver v0.33.0 is available (you have v0.32.0).
   Update with: cua-driver update
   Release notes: https://github.com/trycua/cua/releases/tag/cua-driver-rs-v0.33.0

dbus-daemon[548101]: [session uid=1000 pid=548101 pidfd=5] Activating service name='org.freedesktop.systemd1' requested by ':1.4' (uid=1000 pid=548234 comm="/usr/bin/dbus-broker-launch --config-file=/usr/sha")
dbus-daemon[548101]: [session uid=1000 pid=548101 pidfd=5] Activated service 'org.freedesktop.systemd1' failed: Process org.freedesktop.systemd1 exited with status 1
dbus-daemon[548101]: [session uid=1000 pid=548101 pidfd=5] Activating service name='org.freedesktop.systemd1' requested by ':1.4' (uid=1000 pid=548234 comm="/usr/bin/dbus-broker-launch --config-file=/usr/sha")
dbus-daemon[548101]: [session uid=1000 pid=548101 pidfd=5] Activated service 'org.freedesktop.systemd1' failed: Process org.freedesktop.systemd1 exited with status 1
{"trial": "pilot-a1-r01-fill-P0", "outcome": "verified", "oracle_exact_match": true, "completion_mutations": 1, "routes": ["compiled"], "loadavg_before": "12.44 7.72 4.74 2/2358 552440"}
[b09] end_utc=2026-10-03T16:04:19.013Z rc=0 loadavg=12.44 7.72 4.74
X connection to :100 broken (explicit kill or server shutdown).
X connection to :100 broken (explicit kill or server shutdown).
A connection to the bus can't be made
[session] exit rc=0 run_dir=<tmp>/x11-session.VVglBv
