[2026-10-04T01:37:53.271Z] chunk b09r-ctl-a1-r36-36-k4 plan=ctl rounds=36 block=m attempt=1 loadavg=1.93 2.18 2.87 hostless=1
[b09] session_attempt=1 jitter_ms=929 utc=2026-10-04T02:58:51.320Z
[session] DISPLAY=:100 openbox=1464500 picom=1464501 dbus=unix:path=<redacted>cWKCB8J6y,guid=05d82dee6bdcb320e457c5fc6ac1c0ee
[b09] display=:100 xdpyinfo=ok start_utc=2026-10-04T02:58:56.372Z loadavg=1.68 1.84 1.84 telemetry_env=false dnt=1 lock=exclusive wayland=unset hostless=1
dbus-daemon[1464498]: [session uid=1000 pid=1464498 pidfd=4] Activating service name='org.a11y.Bus' requested by ':1.0' (uid=1000 pid=1464614 comm="<lanes>/bin/cua-driver-b0")
dbus-daemon[1464498]: [session uid=1000 pid=1464498 pidfd=4] Successfully activated service 'org.a11y.Bus'
dbus-daemon[1464498]: [session uid=1000 pid=1464498 pidfd=4] Activating service name='ca.desrt.dconf' requested by ':1.1' (uid=1000 pid=1464621 comm="/usr/lib/at-spi-bus-launcher")
dbus-daemon[1464498]: [session uid=1000 pid=1464498 pidfd=4] Successfully activated service 'ca.desrt.dconf'
dbus-daemon[1464498]: [session uid=1000 pid=1464498 pidfd=4] Activating service name='org.freedesktop.systemd1' requested by ':1.4' (uid=1000 pid=1464641 comm="/usr/bin/dbus-broker-launch --config-file=/usr/sha")
dbus-daemon[1464498]: [session uid=1000 pid=1464498 pidfd=4] Activated service 'org.freedesktop.systemd1' failed: Process org.freedesktop.systemd1 exited with status 1
[2m2026-10-04T02:58:57.493410Z[0m [33m WARN[0m [2mcua_driver_sdk::runtime[0m[2m:[0m could not activate the persistent AT-SPI listener: AT-SPI connect failed: ZBus Error: MethodError(OwnedErrorName("org.freedesktop.DBus.Error.NameHasNoOwner"), Some("Could not activate remote peer 'org.a11y.atspi.Registry': unit failed"), Msg { type: Error, serial: 4294967295, sender: UniqueName("org.freedesktop.DBus"), reply-serial: 10, body: Str, fds: [] })
[2m2026-10-04T02:58:57.501993Z[0m [33m WARN[0m [2mplatform_linux::overlay[0m[2m:[0m X11 overlay: root reads cannot see this window's own pixels; save-unders will be served without readback confirmation
dbus-daemon[1464498]: [session uid=1000 pid=1464498 pidfd=4] Activating service name='org.gtk.vfs.Daemon' requested by ':1.5' (uid=1000 pid=1464709 comm="/opt/google/chrome/chrome --remote-debugging-port=")
dbus-daemon[1464498]: [session uid=1000 pid=1464498 pidfd=4] Successfully activated service 'org.gtk.vfs.Daemon'
fusermount3: mount failed: Operation not permitted
dbus-daemon[1464498]: [session uid=1000 pid=1464498 pidfd=4] Activating service name='org.freedesktop.systemd1' requested by ':1.4' (uid=1000 pid=1464641 comm="/usr/bin/dbus-broker-launch --config-file=/usr/sha")
dbus-daemon[1464498]: [session uid=1000 pid=1464498 pidfd=4] Activated service 'org.freedesktop.systemd1' failed: Process org.freedesktop.systemd1 exited with status 1
dbus-daemon[1464498]: [session uid=1000 pid=1464498 pidfd=4] Activating service name='org.freedesktop.systemd1' requested by ':1.4' (uid=1000 pid=1464641 comm="/usr/bin/dbus-broker-launch --config-file=/usr/sha")
dbus-daemon[1464498]: [session uid=1000 pid=1464498 pidfd=4] Activated service 'org.freedesktop.systemd1' failed: Process org.freedesktop.systemd1 exited with status 1
dbus-daemon[1464498]: [session uid=1000 pid=1464498 pidfd=4] Activating service name='org.freedesktop.Notifications' requested by ':1.7' (uid=1000 pid=1464709 comm="/opt/google/chrome/chrome --remote-debugging-port=")
dbus-daemon[1464498]: [session uid=1000 pid=1464498 pidfd=4] Activating service name='org.freedesktop.portal.Desktop' requested by ':1.7' (uid=1000 pid=1464709 comm="/opt/google/chrome/chrome --remote-debugging-port=")
dbus-daemon[1464498]: [session uid=1000 pid=1464498 pidfd=4] Successfully activated service 'org.freedesktop.Notifications'
dbus-daemon[1464498]: [session uid=1000 pid=1464498 pidfd=4] Activating service name='org.freedesktop.impl.portal.PermissionStore' requested by ':1.9' (uid=1000 pid=1464917 comm="/usr/lib/xdg-desktop-portal")
dbus-daemon[1464498]: [session uid=1000 pid=1464498 pidfd=4] Successfully activated service 'org.freedesktop.impl.portal.PermissionStore'
dbus-daemon[1464498]: [session uid=1000 pid=1464498 pidfd=4] Activating service name='org.freedesktop.portal.Documents' requested by ':1.9' (uid=1000 pid=1464917 comm="/usr/lib/xdg-desktop-portal")
dbus-daemon[1464498]: [session uid=1000 pid=1464498 pidfd=4] Successfully activated service 'org.freedesktop.portal.Documents'
fusermount3: mount failed: Operation not permitted
error: fuse init failed: Can't mount path <tmp>/x11-session.w1rDG7/xdg-runtime/doc

(/usr/lib/xdg-desktop-portal:1464917): xdg-desktop-portal-WARNING **: 21:58:58.493: Document portal fuse mount point unknown: GDBus.Error:org.freedesktop.DBus.Error.ServiceUnknown: The name :1.11 was not provided by any .service files

(/usr/lib/xdg-desktop-portal:1464917): xdg-desktop-portal-WARNING **: 21:58:58.493: Choosing gtk.portal for org.freedesktop.impl.portal.Lockdown as a last-resort fallback
dbus-daemon[1464498]: [session uid=1000 pid=1464498 pidfd=4] Activating service name='org.freedesktop.impl.portal.desktop.gtk' requested by ':1.9' (uid=1000 pid=1464917 comm="/usr/lib/xdg-desktop-portal")
dbus-daemon[1464498]: [session uid=1000 pid=1464498 pidfd=4] Activating service name='org.freedesktop.systemd1' requested by ':1.4' (uid=1000 pid=1464641 comm="/usr/bin/dbus-broker-launch --config-file=/usr/sha")
dbus-daemon[1464498]: [session uid=1000 pid=1464498 pidfd=4] Activated service 'org.freedesktop.systemd1' failed: Process org.freedesktop.systemd1 exited with status 1
dbus-daemon[1464498]: [session uid=1000 pid=1464498 pidfd=4] Successfully activated service 'org.freedesktop.impl.portal.desktop.gtk'

** (xdg-desktop-portal-gtk:1464946): WARNING **: 21:58:58.524: AT-SPI: Could not obtain desktop path or name

dbus-daemon[1464498]: [session uid=1000 pid=1464498 pidfd=4] Activating service name='org.freedesktop.systemd1' requested by ':1.4' (uid=1000 pid=1464641 comm="/usr/bin/dbus-broker-launch --config-file=/usr/sha")

(/usr/lib/xdg-desktop-portal:1464917): xdg-desktop-portal-WARNING **: 21:58:58.524: Choosing gtk.portal for org.freedesktop.impl.portal.Access as a last-resort fallback
dbus-daemon[1464498]: [session uid=1000 pid=1464498 pidfd=4] Activated service 'org.freedesktop.systemd1' failed: Process org.freedesktop.systemd1 exited with status 1

** (xdg-desktop-portal-gtk:1464946): WARNING **: 21:58:58.525: atk-bridge: GetRegisteredEvents returned message with unknown signature

** (xdg-desktop-portal-gtk:1464946): WARNING **: 21:58:58.525: atk-bridge: get_device_events_reply: unknown signature

(/usr/lib/xdg-desktop-portal:1464917): xdg-desktop-portal-WARNING **: 21:58:58.545: Choosing gtk.portal for org.freedesktop.impl.portal.Settings as a last-resort fallback

(/usr/lib/xdg-desktop-portal:1464917): xdg-desktop-portal-WARNING **: 21:58:58.545: Choosing gtk.portal for org.freedesktop.impl.portal.FileChooser as a last-resort fallback

(/usr/lib/xdg-desktop-portal:1464917): xdg-desktop-portal-WARNING **: 21:58:58.546: Choosing gtk.portal for org.freedesktop.impl.portal.AppChooser as a last-resort fallback

(/usr/lib/xdg-desktop-portal:1464917): xdg-desktop-portal-WARNING **: 21:58:58.546: Choosing gtk.portal for org.freedesktop.impl.portal.Print as a last-resort fallback

(/usr/lib/xdg-desktop-portal:1464917): xdg-desktop-portal-WARNING **: 21:58:58.547: Choosing gtk.portal for org.freedesktop.impl.portal.Notification as a last-resort fallback

(/usr/lib/xdg-desktop-portal:1464917): xdg-desktop-portal-WARNING **: 21:58:58.547: Choosing gtk.portal for org.freedesktop.impl.portal.Inhibit as a last-resort fallback

(/usr/lib/xdg-desktop-portal:1464917): xdg-desktop-portal-WARNING **: 21:58:58.549: Failed to connect to PipeWire: Couldn't connect to PipeWire

(/usr/lib/xdg-desktop-portal:1464917): xdg-desktop-portal-WARNING **: 21:58:58.549: Choosing gtk.portal for org.freedesktop.impl.portal.Account as a last-resort fallback

(/usr/lib/xdg-desktop-portal:1464917): xdg-desktop-portal-WARNING **: 21:58:58.549: Choosing gtk.portal for org.freedesktop.impl.portal.Email as a last-resort fallback

(/usr/lib/xdg-desktop-portal:1464917): xdg-desktop-portal-WARNING **: 21:58:58.550: Choosing gtk.portal for org.freedesktop.impl.portal.DynamicLauncher as a last-resort fallback
dbus-daemon[1464498]: [session uid=1000 pid=1464498 pidfd=4] Successfully activated service 'org.freedesktop.portal.Desktop'

✨ cua-driver v0.33.1 is available (you have v0.32.0).
   Update with: cua-driver update
   Release notes: https://github.com/trycua/cua/releases/tag/cua-driver-rs-v0.33.1

{"trial": "m-a1-r36-fill-SMOKE-0", "outcome": "verified", "oracle_exact_match": true, "completion_mutations": 1, "routes": ["provider", "provider"], "loadavg_before": "1.68 1.84 1.84 3/2455 1464611"}
dbus-daemon[1464498]: [session uid=1000 pid=1464498 pidfd=4] Activating service name='org.freedesktop.systemd1' requested by ':1.4' (uid=1000 pid=1464641 comm="/usr/bin/dbus-broker-launch --config-file=/usr/sha")
dbus-daemon[1464498]: [session uid=1000 pid=1464498 pidfd=4] Activated service 'org.freedesktop.systemd1' failed: Process org.freedesktop.systemd1 exited with status 1
[2m2026-10-04T02:59:02.429818Z[0m [33m WARN[0m [2mcua_driver_sdk::runtime[0m[2m:[0m could not activate the persistent AT-SPI listener: AT-SPI connect failed: ZBus Error: MethodError(OwnedErrorName("org.freedesktop.DBus.Error.NameHasNoOwner"), Some("Could not activate remote peer 'org.a11y.atspi.Registry': unit failed"), Msg { type: Error, serial: 4294967295, sender: UniqueName("org.freedesktop.DBus"), reply-serial: 9, body: Str, fds: [] })
[2m2026-10-04T02:59:02.438802Z[0m [33m WARN[0m [2mplatform_linux::overlay[0m[2m:[0m X11 overlay: root reads cannot see this window's own pixels; save-unders will be served without readback confirmation

✨ cua-driver v0.33.1 is available (you have v0.32.0).
   Update with: cua-driver update
   Release notes: https://github.com/trycua/cua/releases/tag/cua-driver-rs-v0.33.1

dbus-daemon[1464498]: [session uid=1000 pid=1464498 pidfd=4] Activating service name='org.freedesktop.systemd1' requested by ':1.4' (uid=1000 pid=1464641 comm="/usr/bin/dbus-broker-launch --config-file=/usr/sha")
dbus-daemon[1464498]: [session uid=1000 pid=1464498 pidfd=4] Activated service 'org.freedesktop.systemd1' failed: Process org.freedesktop.systemd1 exited with status 1
dbus-daemon[1464498]: [session uid=1000 pid=1464498 pidfd=4] Activating service name='org.freedesktop.systemd1' requested by ':1.4' (uid=1000 pid=1464641 comm="/usr/bin/dbus-broker-launch --config-file=/usr/sha")
dbus-daemon[1464498]: [session uid=1000 pid=1464498 pidfd=4] Activated service 'org.freedesktop.systemd1' failed: Process org.freedesktop.systemd1 exited with status 1
{"trial": "m-a1-r36-fill-SMOKE-1", "outcome": "verified", "oracle_exact_match": true, "completion_mutations": 1, "routes": ["provider", "provider"], "loadavg_before": "2.35 1.98 1.88 3/2485 1465133"}
dbus-daemon[1464498]: [session uid=1000 pid=1464498 pidfd=4] Activating service name='org.freedesktop.systemd1' requested by ':1.4' (uid=1000 pid=1464641 comm="/usr/bin/dbus-broker-launch --config-file=/usr/sha")
dbus-daemon[1464498]: [session uid=1000 pid=1464498 pidfd=4] Activated service 'org.freedesktop.systemd1' failed: Process org.freedesktop.systemd1 exited with status 1
[2m2026-10-04T02:59:06.930890Z[0m [33m WARN[0m [2mcua_driver_sdk::runtime[0m[2m:[0m could not activate the persistent AT-SPI listener: AT-SPI connect failed: ZBus Error: MethodError(OwnedErrorName("org.freedesktop.DBus.Error.NameHasNoOwner"), Some("Could not activate remote peer 'org.a11y.atspi.Registry': unit failed"), Msg { type: Error, serial: 4294967295, sender: UniqueName("org.freedesktop.DBus"), reply-serial: 9, body: Str, fds: [] })
[2m2026-10-04T02:59:06.938317Z[0m [33m WARN[0m [2mplatform_linux::overlay[0m[2m:[0m X11 overlay: root reads cannot see this window's own pixels; save-unders will be served without readback confirmation

✨ cua-driver v0.33.1 is available (you have v0.32.0).
   Update with: cua-driver update
   Release notes: https://github.com/trycua/cua/releases/tag/cua-driver-rs-v0.33.1

dbus-daemon[1464498]: [session uid=1000 pid=1464498 pidfd=4] Activating service name='org.freedesktop.systemd1' requested by ':1.4' (uid=1000 pid=1464641 comm="/usr/bin/dbus-broker-launch --config-file=/usr/sha")
dbus-daemon[1464498]: [session uid=1000 pid=1464498 pidfd=4] Activated service 'org.freedesktop.systemd1' failed: Process org.freedesktop.systemd1 exited with status 1
dbus-daemon[1464498]: [session uid=1000 pid=1464498 pidfd=4] Activating service name='org.freedesktop.systemd1' requested by ':1.4' (uid=1000 pid=1464641 comm="/usr/bin/dbus-broker-launch --config-file=/usr/sha")
dbus-daemon[1464498]: [session uid=1000 pid=1464498 pidfd=4] Activated service 'org.freedesktop.systemd1' failed: Process org.freedesktop.systemd1 exited with status 1
{"trial": "m-a1-r36-fill-SMOKE-2", "outcome": "verified", "oracle_exact_match": true, "completion_mutations": 1, "routes": ["provider", "provider"], "loadavg_before": "2.32 1.98 1.89 1/2487 1465582"}
dbus-daemon[1464498]: [session uid=1000 pid=1464498 pidfd=4] Activating service name='org.freedesktop.systemd1' requested by ':1.4' (uid=1000 pid=1464641 comm="/usr/bin/dbus-broker-launch --config-file=/usr/sha")
dbus-daemon[1464498]: [session uid=1000 pid=1464498 pidfd=4] Activated service 'org.freedesktop.systemd1' failed: Process org.freedesktop.systemd1 exited with status 1
[2m2026-10-04T02:59:11.432589Z[0m [33m WARN[0m [2mcua_driver_sdk::runtime[0m[2m:[0m could not activate the persistent AT-SPI listener: AT-SPI connect failed: ZBus Error: MethodError(OwnedErrorName("org.freedesktop.DBus.Error.NameHasNoOwner"), Some("Could not activate remote peer 'org.a11y.atspi.Registry': unit failed"), Msg { type: Error, serial: 4294967295, sender: UniqueName("org.freedesktop.DBus"), reply-serial: 9, body: Str, fds: [] })
[2m2026-10-04T02:59:11.439491Z[0m [33m WARN[0m [2mplatform_linux::overlay[0m[2m:[0m X11 overlay: root reads cannot see this window's own pixels; save-unders will be served without readback confirmation

✨ cua-driver v0.33.1 is available (you have v0.32.0).
   Update with: cua-driver update
   Release notes: https://github.com/trycua/cua/releases/tag/cua-driver-rs-v0.33.1

dbus-daemon[1464498]: [session uid=1000 pid=1464498 pidfd=4] Activating service name='org.freedesktop.systemd1' requested by ':1.4' (uid=1000 pid=1464641 comm="/usr/bin/dbus-broker-launch --config-file=/usr/sha")
dbus-daemon[1464498]: [session uid=1000 pid=1464498 pidfd=4] Activated service 'org.freedesktop.systemd1' failed: Process org.freedesktop.systemd1 exited with status 1
dbus-daemon[1464498]: [session uid=1000 pid=1464498 pidfd=4] Activating service name='org.freedesktop.systemd1' requested by ':1.4' (uid=1000 pid=1464641 comm="/usr/bin/dbus-broker-launch --config-file=/usr/sha")
dbus-daemon[1464498]: [session uid=1000 pid=1464498 pidfd=4] Activated service 'org.freedesktop.systemd1' failed: Process org.freedesktop.systemd1 exited with status 1
{"trial": "m-a1-r36-fill-SMOKE-3", "outcome": "verified", "oracle_exact_match": true, "completion_mutations": 1, "routes": ["provider", "provider"], "loadavg_before": "2.29 1.98 1.89 2/2522 1465983"}
dbus-daemon[1464498]: [session uid=1000 pid=1464498 pidfd=4] Activating service name='org.freedesktop.systemd1' requested by ':1.4' (uid=1000 pid=1464641 comm="/usr/bin/dbus-broker-launch --config-file=/usr/sha")
dbus-daemon[1464498]: [session uid=1000 pid=1464498 pidfd=4] Activated service 'org.freedesktop.systemd1' failed: Process org.freedesktop.systemd1 exited with status 1
[2m2026-10-04T02:59:15.935358Z[0m [33m WARN[0m [2mcua_driver_sdk::runtime[0m[2m:[0m could not activate the persistent AT-SPI listener: AT-SPI connect failed: ZBus Error: MethodError(OwnedErrorName("org.freedesktop.DBus.Error.NameHasNoOwner"), Some("Could not activate remote peer 'org.a11y.atspi.Registry': unit failed"), Msg { type: Error, serial: 4294967295, sender: UniqueName("org.freedesktop.DBus"), reply-serial: 9, body: Str, fds: [] })
[2m2026-10-04T02:59:15.942770Z[0m [33m WARN[0m [2mplatform_linux::overlay[0m[2m:[0m X11 overlay: root reads cannot see this window's own pixels; save-unders will be served without readback confirmation

✨ cua-driver v0.33.1 is available (you have v0.32.0).
   Update with: cua-driver update
   Release notes: https://github.com/trycua/cua/releases/tag/cua-driver-rs-v0.33.1

dbus-daemon[1464498]: [session uid=1000 pid=1464498 pidfd=4] Activating service name='org.freedesktop.systemd1' requested by ':1.4' (uid=1000 pid=1464641 comm="/usr/bin/dbus-broker-launch --config-file=/usr/sha")
dbus-daemon[1464498]: [session uid=1000 pid=1464498 pidfd=4] Activated service 'org.freedesktop.systemd1' failed: Process org.freedesktop.systemd1 exited with status 1
dbus-daemon[1464498]: [session uid=1000 pid=1464498 pidfd=4] Activating service name='org.freedesktop.systemd1' requested by ':1.4' (uid=1000 pid=1464641 comm="/usr/bin/dbus-broker-launch --config-file=/usr/sha")
dbus-daemon[1464498]: [session uid=1000 pid=1464498 pidfd=4] Activated service 'org.freedesktop.systemd1' failed: Process org.freedesktop.systemd1 exited with status 1
{"trial": "m-a1-r36-fill-SMOKE-4", "outcome": "verified", "oracle_exact_match": true, "completion_mutations": 1, "routes": ["provider", "provider"], "loadavg_before": "2.11 1.95 1.88 4/2528 1466380"}
dbus-daemon[1464498]: [session uid=1000 pid=1464498 pidfd=4] Activating service name='org.freedesktop.systemd1' requested by ':1.4' (uid=1000 pid=1464641 comm="/usr/bin/dbus-broker-launch --config-file=/usr/sha")
dbus-daemon[1464498]: [session uid=1000 pid=1464498 pidfd=4] Activated service 'org.freedesktop.systemd1' failed: Process org.freedesktop.systemd1 exited with status 1
[2m2026-10-04T02:59:20.433718Z[0m [33m WARN[0m [2mcua_driver_sdk::runtime[0m[2m:[0m could not activate the persistent AT-SPI listener: AT-SPI connect failed: ZBus Error: MethodError(OwnedErrorName("org.freedesktop.DBus.Error.NameHasNoOwner"), Some("Could not activate remote peer 'org.a11y.atspi.Registry': unit failed"), Msg { type: Error, serial: 4294967295, sender: UniqueName("org.freedesktop.DBus"), reply-serial: 9, body: Str, fds: [] })
[2m2026-10-04T02:59:20.441322Z[0m [33m WARN[0m [2mplatform_linux::overlay[0m[2m:[0m X11 overlay: root reads cannot see this window's own pixels; save-unders will be served without readback confirmation

✨ cua-driver v0.33.1 is available (you have v0.32.0).
   Update with: cua-driver update
   Release notes: https://github.com/trycua/cua/releases/tag/cua-driver-rs-v0.33.1

dbus-daemon[1464498]: [session uid=1000 pid=1464498 pidfd=4] Activating service name='org.freedesktop.systemd1' requested by ':1.4' (uid=1000 pid=1464641 comm="/usr/bin/dbus-broker-launch --config-file=/usr/sha")
dbus-daemon[1464498]: [session uid=1000 pid=1464498 pidfd=4] Activated service 'org.freedesktop.systemd1' failed: Process org.freedesktop.systemd1 exited with status 1
dbus-daemon[1464498]: [session uid=1000 pid=1464498 pidfd=4] Activating service name='org.freedesktop.systemd1' requested by ':1.4' (uid=1000 pid=1464641 comm="/usr/bin/dbus-broker-launch --config-file=/usr/sha")
dbus-daemon[1464498]: [session uid=1000 pid=1464498 pidfd=4] Activated service 'org.freedesktop.systemd1' failed: Process org.freedesktop.systemd1 exited with status 1
{"trial": "m-a1-r36-fill-NW2-5", "outcome": "verified", "oracle_exact_match": true, "completion_mutations": 1, "takeover_envelope": null, "old_binding_envelope": null, "decoy_connections": null, "marker_in_fresh_snapshot": true, "nw2_stale_envelope": {"is_error": false, "status": null, "effect": "refused", "code": "browser_ref_stale"}, "nw2_mutations_from_stale_action": 0, "error_leaves": null}
dbus-daemon[1464498]: [session uid=1000 pid=1464498 pidfd=4] Activating service name='org.freedesktop.systemd1' requested by ':1.4' (uid=1000 pid=1464641 comm="/usr/bin/dbus-broker-launch --config-file=/usr/sha")
dbus-daemon[1464498]: [session uid=1000 pid=1464498 pidfd=4] Activated service 'org.freedesktop.systemd1' failed: Process org.freedesktop.systemd1 exited with status 1
[2m2026-10-04T02:59:22.434591Z[0m [33m WARN[0m [2mcua_driver_sdk::runtime[0m[2m:[0m could not activate the persistent AT-SPI listener: AT-SPI connect failed: ZBus Error: MethodError(OwnedErrorName("org.freedesktop.DBus.Error.NameHasNoOwner"), Some("Could not activate remote peer 'org.a11y.atspi.Registry': unit failed"), Msg { type: Error, serial: 4294967295, sender: UniqueName("org.freedesktop.DBus"), reply-serial: 9, body: Str, fds: [] })
[2m2026-10-04T02:59:22.443259Z[0m [33m WARN[0m [2mplatform_linux::overlay[0m[2m:[0m X11 overlay: root reads cannot see this window's own pixels; save-unders will be served without readback confirmation

✨ cua-driver v0.33.1 is available (you have v0.32.0).
   Update with: cua-driver update
   Release notes: https://github.com/trycua/cua/releases/tag/cua-driver-rs-v0.33.1

dbus-daemon[1464498]: [session uid=1000 pid=1464498 pidfd=4] Activating service name='org.freedesktop.systemd1' requested by ':1.4' (uid=1000 pid=1464641 comm="/usr/bin/dbus-broker-launch --config-file=/usr/sha")
dbus-daemon[1464498]: [session uid=1000 pid=1464498 pidfd=4] Activated service 'org.freedesktop.systemd1' failed: Process org.freedesktop.systemd1 exited with status 1
dbus-daemon[1464498]: [session uid=1000 pid=1464498 pidfd=4] Activating service name='org.freedesktop.systemd1' requested by ':1.4' (uid=1000 pid=1464641 comm="/usr/bin/dbus-broker-launch --config-file=/usr/sha")
dbus-daemon[1464498]: [session uid=1000 pid=1464498 pidfd=4] Activated service 'org.freedesktop.systemd1' failed: Process org.freedesktop.systemd1 exited with status 1
{"trial": "m-a1-r36-fill-NW2-6", "outcome": "verified", "oracle_exact_match": true, "completion_mutations": 1, "takeover_envelope": null, "old_binding_envelope": null, "decoy_connections": null, "marker_in_fresh_snapshot": true, "nw2_stale_envelope": {"is_error": false, "status": null, "effect": "refused", "code": "browser_ref_stale"}, "nw2_mutations_from_stale_action": 0, "error_leaves": null}
dbus-daemon[1464498]: [session uid=1000 pid=1464498 pidfd=4] Activating service name='org.freedesktop.systemd1' requested by ':1.4' (uid=1000 pid=1464641 comm="/usr/bin/dbus-broker-launch --config-file=/usr/sha")
dbus-daemon[1464498]: [session uid=1000 pid=1464498 pidfd=4] Activated service 'org.freedesktop.systemd1' failed: Process org.freedesktop.systemd1 exited with status 1
[2m2026-10-04T02:59:24.434741Z[0m [33m WARN[0m [2mcua_driver_sdk::runtime[0m[2m:[0m could not activate the persistent AT-SPI listener: AT-SPI connect failed: ZBus Error: MethodError(OwnedErrorName("org.freedesktop.DBus.Error.NameHasNoOwner"), Some("Could not activate remote peer 'org.a11y.atspi.Registry': unit failed"), Msg { type: Error, serial: 4294967295, sender: UniqueName("org.freedesktop.DBus"), reply-serial: 9, body: Str, fds: [] })
[2m2026-10-04T02:59:24.443567Z[0m [33m WARN[0m [2mplatform_linux::overlay[0m[2m:[0m X11 overlay: root reads cannot see this window's own pixels; save-unders will be served without readback confirmation

✨ cua-driver v0.33.1 is available (you have v0.32.0).
   Update with: cua-driver update
   Release notes: https://github.com/trycua/cua/releases/tag/cua-driver-rs-v0.33.1

dbus-daemon[1464498]: [session uid=1000 pid=1464498 pidfd=4] Activating service name='org.freedesktop.systemd1' requested by ':1.4' (uid=1000 pid=1464641 comm="/usr/bin/dbus-broker-launch --config-file=/usr/sha")
dbus-daemon[1464498]: [session uid=1000 pid=1464498 pidfd=4] Activated service 'org.freedesktop.systemd1' failed: Process org.freedesktop.systemd1 exited with status 1
dbus-daemon[1464498]: [session uid=1000 pid=1464498 pidfd=4] Activating service name='org.freedesktop.systemd1' requested by ':1.4' (uid=1000 pid=1464641 comm="/usr/bin/dbus-broker-launch --config-file=/usr/sha")
dbus-daemon[1464498]: [session uid=1000 pid=1464498 pidfd=4] Activated service 'org.freedesktop.systemd1' failed: Process org.freedesktop.systemd1 exited with status 1
{"trial": "m-a1-r36-fill-NW2-7", "outcome": "verified", "oracle_exact_match": true, "completion_mutations": 1, "takeover_envelope": null, "old_binding_envelope": null, "decoy_connections": null, "marker_in_fresh_snapshot": true, "nw2_stale_envelope": {"is_error": false, "status": null, "effect": "refused", "code": "browser_ref_stale"}, "nw2_mutations_from_stale_action": 0, "error_leaves": null}
[b09] end_utc=2026-10-04T02:59:26.506Z rc=0 loadavg=2.17 1.97 1.88
A connection to the bus can't be made
X connection to :100 broken (explicit kill or server shutdown).
CRITICAL: [dbus_cb_name_lost:1438] Cannot connect to DBus.
[session] exit rc=0 run_dir=<tmp>/x11-session.w1rDG7
[2026-10-04T02:59:26.520Z] chunk b09r-ctl-a1-r36-36-k4 rc=0 loadavg=2.17 1.97 1.88
