test_accepted_unverifiable_result_is_returned (test_runner_refusal.DriverCallRefusalTest.test_accepted_unverifiable_result_is_returned) ... ok
test_effect_refused_without_is_error_is_a_refusal_not_success (test_runner_refusal.DriverCallRefusalTest.test_effect_refused_without_is_error_is_a_refusal_not_success) ... ok
test_mcp_error_is_not_marked_refused (test_runner_refusal.DriverCallRefusalTest.test_mcp_error_is_not_marked_refused) ... ok
test_retryable_is_read_from_the_refusal_detail (test_runner_refusal.DriverCallRefusalTest.test_retryable_is_read_from_the_refusal_detail) ... ok
test_status_refused_envelope_keeps_its_structured_code (test_runner_refusal.DriverCallRefusalTest.test_status_refused_envelope_keeps_its_structured_code) ... ok
test_accepted_mutation_is_not_repeated_on_a_fresh_ref (test_runner_refusal.RunnerRefusalTest.test_accepted_mutation_is_not_repeated_on_a_fresh_ref) ... ok
test_declared_unknown_delivery_without_retryable_is_never_redispatched (test_runner_refusal.RunnerRefusalTest.test_declared_unknown_delivery_without_retryable_is_never_redispatched) ... FAIL
test_one_refusal_gets_one_fresh_observation_and_one_fresh_dispatch (test_runner_refusal.RunnerRefusalTest.test_one_refusal_gets_one_fresh_observation_and_one_fresh_dispatch) ... ok
test_ordinary_path_is_unchanged (test_runner_refusal.RunnerRefusalTest.test_ordinary_path_is_unchanged) ... ok
test_post_assignment_refusal_is_reconciled_from_state_not_redispatched (test_runner_refusal.RunnerRefusalTest.test_post_assignment_refusal_is_reconciled_from_state_not_redispatched) ... 
  test_post_assignment_refusal_is_reconciled_from_state_not_redispatched (test_runner_refusal.RunnerRefusalTest.test_post_assignment_refusal_is_reconciled_from_state_not_redispatched) (kind='post_assignment') ... FAIL
  test_post_assignment_refusal_is_reconciled_from_state_not_redispatched (test_runner_refusal.RunnerRefusalTest.test_post_assignment_refusal_is_reconciled_from_state_not_redispatched) (kind='post_assignment_f6') ... FAIL
test_post_assignment_refusal_that_did_not_land_ends_unknown_after_reconcile (test_runner_refusal.RunnerRefusalTest.test_post_assignment_refusal_that_did_not_land_ends_unknown_after_reconcile) ... FAIL
test_pre_dispatch_refusal_declared_not_delivered_may_be_rebound_once (test_runner_refusal.RunnerRefusalTest.test_pre_dispatch_refusal_declared_not_delivered_may_be_rebound_once) ... ok
test_refusal_marked_not_retryable_ends_unknown_without_redispatch (test_runner_refusal.RunnerRefusalTest.test_refusal_marked_not_retryable_ends_unknown_without_redispatch) ... ok
test_refusal_with_unknown_delivery_ends_unknown_without_redispatch (test_runner_refusal.RunnerRefusalTest.test_refusal_with_unknown_delivery_ends_unknown_without_redispatch) ... ok
test_second_refusal_stops_without_another_dispatch (test_runner_refusal.RunnerRefusalTest.test_second_refusal_stops_without_another_dispatch) ... ok
test_unconfirmed_accepted_click_is_never_dispatched_again (test_runner_refusal.RunnerRefusalTest.test_unconfirmed_accepted_click_is_never_dispatched_again) ... ok

======================================================================
FAIL: test_declared_unknown_delivery_without_retryable_is_never_redispatched (test_runner_refusal.RunnerRefusalTest.test_declared_unknown_delivery_without_retryable_is_never_redispatched)
----------------------------------------------------------------------
Traceback (most recent call last):
  File "<scrubbed1>/w7-fix04/libs/cua-driver/examples/jev-use/python/tests/test_runner_refusal.py", line 304, in test_declared_unknown_delivery_without_retryable_is_never_redispatched
    events, session = self.execute("unknown", refuse_clicks=1, refusal="delivery_unknown_only")
                      ^^^^^^^^^^^^^^^^^^^^^^^^^^^^^^^^^^^^^^^^^^^^^^^^^^^^^^^^^^^^^^^^^^^^^^^^^
  File "<scrubbed1>/w7-fix04/libs/cua-driver/examples/jev-use/python/tests/test_runner_refusal.py", line 241, in execute
    self.assertEqual(asyncio.run(run.run(args)), expected)
AssertionError: 'verified' != 'unknown'
- verified
+ unknown


======================================================================
FAIL: test_post_assignment_refusal_is_reconciled_from_state_not_redispatched (test_runner_refusal.RunnerRefusalTest.test_post_assignment_refusal_is_reconciled_from_state_not_redispatched) (kind='post_assignment')
----------------------------------------------------------------------
Traceback (most recent call last):
  File "<scrubbed1>/w7-fix04/libs/cua-driver/examples/jev-use/python/tests/test_runner_refusal.py", line 289, in test_post_assignment_refusal_is_reconciled_from_state_not_redispatched
    events, session = self.execute(
                      ^^^^^^^^^^^^^
  File "<scrubbed1>/w7-fix04/libs/cua-driver/examples/jev-use/python/tests/test_runner_refusal.py", line 241, in execute
    self.assertEqual(asyncio.run(run.run(args)), expected)
AssertionError: 'unknown' != 'verified'
- unknown
+ verified


======================================================================
FAIL: test_post_assignment_refusal_is_reconciled_from_state_not_redispatched (test_runner_refusal.RunnerRefusalTest.test_post_assignment_refusal_is_reconciled_from_state_not_redispatched) (kind='post_assignment_f6')
----------------------------------------------------------------------
Traceback (most recent call last):
  File "<scrubbed1>/w7-fix04/libs/cua-driver/examples/jev-use/python/tests/test_runner_refusal.py", line 289, in test_post_assignment_refusal_is_reconciled_from_state_not_redispatched
    events, session = self.execute(
                      ^^^^^^^^^^^^^
  File "<scrubbed1>/w7-fix04/libs/cua-driver/examples/jev-use/python/tests/test_runner_refusal.py", line 241, in execute
    self.assertEqual(asyncio.run(run.run(args)), expected)
AssertionError: 'unknown' != 'verified'
- unknown
+ verified


======================================================================
FAIL: test_post_assignment_refusal_that_did_not_land_ends_unknown_after_reconcile (test_runner_refusal.RunnerRefusalTest.test_post_assignment_refusal_that_did_not_land_ends_unknown_after_reconcile)
----------------------------------------------------------------------
Traceback (most recent call last):
  File "<scrubbed1>/w7-fix04/libs/cua-driver/examples/jev-use/python/tests/test_runner_refusal.py", line 301, in test_post_assignment_refusal_that_did_not_land_ends_unknown_after_reconcile
    self.assertEqual(events[-1]["phase"], "reconcile")
AssertionError: 'refused' != 'reconcile'
- refused
+ reconcile


----------------------------------------------------------------------
Ran 16 tests in 6.059s

FAILED (failures=4)
