[b08] session_attempt=1 jitter_ms=2330 utc=2026-10-03T13:15:53.353Z
[session] DISPLAY=:101 openbox=3253933 picom=3253934 dbus=unix:path=<private-dbus>,guid=89ee5795573c9bb8c17928826ac1000c
[b08] display=:101 xdpyinfo=ok start_utc=2026-10-03T13:15:58.388Z loadavg=19.75 12.45 6.82 telemetry_env=false dnt=1 lock=shared wayland=unset hostless=1
dbus-daemon[3253931]: [session uid=1000 pid=3253931 pidfd=5] Activating service name='org.a11y.Bus' requested by ':1.0' (uid=1000 pid=3254336 comm="<lanes>/bin/cua-driver-b0")
dbus-daemon[3253931]: [session uid=1000 pid=3253931 pidfd=5] Successfully activated service 'org.a11y.Bus'
dbus-daemon[3253931]: [session uid=1000 pid=3253931 pidfd=5] Activating service name='ca.desrt.dconf' requested by ':1.1' (uid=1000 pid=3254343 comm="/usr/lib/at-spi-bus-launcher")
dbus-daemon[3253931]: [session uid=1000 pid=3253931 pidfd=5] Successfully activated service 'ca.desrt.dconf'
dbus-daemon[3253931]: [session uid=1000 pid=3253931 pidfd=5] Activating service name='org.freedesktop.systemd1' requested by ':1.4' (uid=1000 pid=3254369 comm="/usr/bin/dbus-broker-launch --config-file=/usr/sha")
dbus-daemon[3253931]: [session uid=1000 pid=3253931 pidfd=5] Activated service 'org.freedesktop.systemd1' failed: Process org.freedesktop.systemd1 exited with status 1
[2m2026-10-03T13:16:00.325431Z[0m [33m WARN[0m [2mcua_driver_sdk::runtime[0m[2m:[0m could not activate the persistent AT-SPI listener: AT-SPI connect failed: ZBus Error: MethodError(OwnedErrorName("org.freedesktop.DBus.Error.NameHasNoOwner"), Some("Could not activate remote peer 'org.a11y.atspi.Registry': unit failed"), Msg { type: Error, serial: 4294967295, sender: UniqueName("org.freedesktop.DBus"), reply-serial: 10, body: Str, fds: [] })
[2m2026-10-03T13:16:00.336516Z[0m [33m WARN[0m [2mplatform_linux::overlay[0m[2m:[0m X11 overlay: root reads cannot see this window's own pixels; save-unders will be served without readback confirmation
dbus-daemon[3253931]: [session uid=1000 pid=3253931 pidfd=5] Activating service name='org.gtk.vfs.Daemon' requested by ':1.5' (uid=1000 pid=3254419 comm="/opt/google/chrome/chrome --remote-debugging-port=")
dbus-daemon[3253931]: [session uid=1000 pid=3253931 pidfd=5] Successfully activated service 'org.gtk.vfs.Daemon'
fusermount3: mount failed: Operation not permitted
dbus-daemon[3253931]: [session uid=1000 pid=3253931 pidfd=5] Activating service name='org.freedesktop.systemd1' requested by ':1.4' (uid=1000 pid=3254369 comm="/usr/bin/dbus-broker-launch --config-file=/usr/sha")
dbus-daemon[3253931]: [session uid=1000 pid=3253931 pidfd=5] Activated service 'org.freedesktop.systemd1' failed: Process org.freedesktop.systemd1 exited with status 1
dbus-daemon[3253931]: [session uid=1000 pid=3253931 pidfd=5] Activating service name='org.freedesktop.systemd1' requested by ':1.4' (uid=1000 pid=3254369 comm="/usr/bin/dbus-broker-launch --config-file=/usr/sha")
dbus-daemon[3253931]: [session uid=1000 pid=3253931 pidfd=5] Activated service 'org.freedesktop.systemd1' failed: Process org.freedesktop.systemd1 exited with status 1
dbus-daemon[3253931]: [session uid=1000 pid=3253931 pidfd=5] Activating service name='org.freedesktop.Notifications' requested by ':1.7' (uid=1000 pid=3254419 comm="/opt/google/chrome/chrome --remote-debugging-port=")
dbus-daemon[3253931]: [session uid=1000 pid=3253931 pidfd=5] Activating service name='org.freedesktop.portal.Desktop' requested by ':1.7' (uid=1000 pid=3254419 comm="/opt/google/chrome/chrome --remote-debugging-port=")
dbus-daemon[3253931]: [session uid=1000 pid=3253931 pidfd=5] Activating service name='org.freedesktop.impl.portal.PermissionStore' requested by ':1.9' (uid=1000 pid=3254602 comm="/usr/lib/xdg-desktop-portal")
dbus-daemon[3253931]: [session uid=1000 pid=3253931 pidfd=5] Successfully activated service 'org.freedesktop.Notifications'
dbus-daemon[3253931]: [session uid=1000 pid=3253931 pidfd=5] Successfully activated service 'org.freedesktop.impl.portal.PermissionStore'
dbus-daemon[3253931]: [session uid=1000 pid=3253931 pidfd=5] Activating service name='org.freedesktop.portal.Documents' requested by ':1.9' (uid=1000 pid=3254602 comm="/usr/lib/xdg-desktop-portal")
dbus-daemon[3253931]: [session uid=1000 pid=3253931 pidfd=5] Successfully activated service 'org.freedesktop.portal.Documents'
fusermount3: mount failed: Operation not permitted
error: fuse init failed: Can't mount path <lane-tmp-root>/x11-session.1z7LPT/xdg-runtime/doc

(/usr/lib/xdg-desktop-portal:3254602): xdg-desktop-portal-WARNING **: 08:16:00.918: Document portal fuse mount point unknown: GDBus.Error:org.freedesktop.DBus.Error.ServiceUnknown: The name :1.11 was not provided by any .service files

(/usr/lib/xdg-desktop-portal:3254602): xdg-desktop-portal-WARNING **: 08:16:00.918: Choosing gtk.portal for org.freedesktop.impl.portal.Lockdown as a last-resort fallback
dbus-daemon[3253931]: [session uid=1000 pid=3253931 pidfd=5] Activating service name='org.freedesktop.impl.portal.desktop.gtk' requested by ':1.9' (uid=1000 pid=3254602 comm="/usr/lib/xdg-desktop-portal")
dbus-daemon[3253931]: [session uid=1000 pid=3253931 pidfd=5] Activating service name='org.freedesktop.systemd1' requested by ':1.4' (uid=1000 pid=3254369 comm="/usr/bin/dbus-broker-launch --config-file=/usr/sha")
dbus-daemon[3253931]: [session uid=1000 pid=3253931 pidfd=5] Activated service 'org.freedesktop.systemd1' failed: Process org.freedesktop.systemd1 exited with status 1
dbus-daemon[3253931]: [session uid=1000 pid=3253931 pidfd=5] Successfully activated service 'org.freedesktop.impl.portal.desktop.gtk'

** (xdg-desktop-portal-gtk:3254646): WARNING **: 08:16:00.940: AT-SPI: Could not obtain desktop path or name

dbus-daemon[3253931]: [session uid=1000 pid=3253931 pidfd=5] Activating service name='org.freedesktop.systemd1' requested by ':1.4' (uid=1000 pid=3254369 comm="/usr/bin/dbus-broker-launch --config-file=/usr/sha")

(/usr/lib/xdg-desktop-portal:3254602): xdg-desktop-portal-WARNING **: 08:16:00.941: Choosing gtk.portal for org.freedesktop.impl.portal.Access as a last-resort fallback
dbus-daemon[3253931]: [session uid=1000 pid=3253931 pidfd=5] Activated service 'org.freedesktop.systemd1' failed: Process org.freedesktop.systemd1 exited with status 1

** (xdg-desktop-portal-gtk:3254646): WARNING **: 08:16:00.942: atk-bridge: GetRegisteredEvents returned message with unknown signature

** (xdg-desktop-portal-gtk:3254646): WARNING **: 08:16:00.942: atk-bridge: get_device_events_reply: unknown signature

(/usr/lib/xdg-desktop-portal:3254602): xdg-desktop-portal-WARNING **: 08:16:00.959: Choosing gtk.portal for org.freedesktop.impl.portal.Settings as a last-resort fallback

(/usr/lib/xdg-desktop-portal:3254602): xdg-desktop-portal-WARNING **: 08:16:00.960: Choosing gtk.portal for org.freedesktop.impl.portal.FileChooser as a last-resort fallback

(/usr/lib/xdg-desktop-portal:3254602): xdg-desktop-portal-WARNING **: 08:16:00.960: Choosing gtk.portal for org.freedesktop.impl.portal.AppChooser as a last-resort fallback

(/usr/lib/xdg-desktop-portal:3254602): xdg-desktop-portal-WARNING **: 08:16:00.960: Choosing gtk.portal for org.freedesktop.impl.portal.Print as a last-resort fallback

(/usr/lib/xdg-desktop-portal:3254602): xdg-desktop-portal-WARNING **: 08:16:00.961: Choosing gtk.portal for org.freedesktop.impl.portal.Notification as a last-resort fallback

(/usr/lib/xdg-desktop-portal:3254602): xdg-desktop-portal-WARNING **: 08:16:00.961: Choosing gtk.portal for org.freedesktop.impl.portal.Inhibit as a last-resort fallback

(/usr/lib/xdg-desktop-portal:3254602): xdg-desktop-portal-WARNING **: 08:16:00.964: Failed to connect to PipeWire: Couldn't connect to PipeWire

(/usr/lib/xdg-desktop-portal:3254602): xdg-desktop-portal-WARNING **: 08:16:00.964: Choosing gtk.portal for org.freedesktop.impl.portal.Account as a last-resort fallback

(/usr/lib/xdg-desktop-portal:3254602): xdg-desktop-portal-WARNING **: 08:16:00.964: Choosing gtk.portal for org.freedesktop.impl.portal.Email as a last-resort fallback

(/usr/lib/xdg-desktop-portal:3254602): xdg-desktop-portal-WARNING **: 08:16:00.964: Choosing gtk.portal for org.freedesktop.impl.portal.DynamicLauncher as a last-resort fallback
dbus-daemon[3253931]: [session uid=1000 pid=3253931 pidfd=5] Successfully activated service 'org.freedesktop.portal.Desktop'
{"trial": "pilot-a1-r00-fill-C", "outcome": "verified", "oracle_exact_match": true, "completion_mutations": 1, "routes": ["compiled"], "loadavg_before": "19.05 12.43 6.84 3/2276 3254334"}
dbus-daemon[3253931]: [session uid=1000 pid=3253931 pidfd=5] Activating service name='org.freedesktop.systemd1' requested by ':1.4' (uid=1000 pid=3254369 comm="/usr/bin/dbus-broker-launch --config-file=/usr/sha")
dbus-daemon[3253931]: [session uid=1000 pid=3253931 pidfd=5] Activated service 'org.freedesktop.systemd1' failed: Process org.freedesktop.systemd1 exited with status 1
[2m2026-10-03T13:16:01.756312Z[0m [33m WARN[0m [2mcua_driver_sdk::runtime[0m[2m:[0m could not activate the persistent AT-SPI listener: AT-SPI connect failed: ZBus Error: MethodError(OwnedErrorName("org.freedesktop.DBus.Error.NameHasNoOwner"), Some("Could not activate remote peer 'org.a11y.atspi.Registry': unit failed"), Msg { type: Error, serial: 4294967295, sender: UniqueName("org.freedesktop.DBus"), reply-serial: 9, body: Str, fds: [] })
[2m2026-10-03T13:16:01.766098Z[0m [33m WARN[0m [2mplatform_linux::overlay[0m[2m:[0m X11 overlay: root reads cannot see this window's own pixels; save-unders will be served without readback confirmation
dbus-daemon[3253931]: [session uid=1000 pid=3253931 pidfd=5] Activating service name='org.freedesktop.systemd1' requested by ':1.4' (uid=1000 pid=3254369 comm="/usr/bin/dbus-broker-launch --config-file=/usr/sha")
dbus-daemon[3253931]: [session uid=1000 pid=3253931 pidfd=5] Activated service 'org.freedesktop.systemd1' failed: Process org.freedesktop.systemd1 exited with status 1
dbus-daemon[3253931]: [session uid=1000 pid=3253931 pidfd=5] Activating service name='org.freedesktop.systemd1' requested by ':1.4' (uid=1000 pid=3254369 comm="/usr/bin/dbus-broker-launch --config-file=/usr/sha")
dbus-daemon[3253931]: [session uid=1000 pid=3253931 pidfd=5] Activated service 'org.freedesktop.systemd1' failed: Process org.freedesktop.systemd1 exited with status 1
{"trial": "pilot-a1-r00-fill-Wa", "outcome": "verified", "oracle_exact_match": true, "completion_mutations": 1, "routes": ["compiled"], "loadavg_before": "19.05 12.43 6.84 15/2525 3254980"}
dbus-daemon[3253931]: [session uid=1000 pid=3253931 pidfd=5] Activating service name='org.freedesktop.systemd1' requested by ':1.4' (uid=1000 pid=3254369 comm="/usr/bin/dbus-broker-launch --config-file=/usr/sha")
dbus-daemon[3253931]: [session uid=1000 pid=3253931 pidfd=5] Activated service 'org.freedesktop.systemd1' failed: Process org.freedesktop.systemd1 exited with status 1
[2m2026-10-03T13:16:03.758015Z[0m [33m WARN[0m [2mcua_driver_sdk::runtime[0m[2m:[0m could not activate the persistent AT-SPI listener: AT-SPI connect failed: ZBus Error: MethodError(OwnedErrorName("org.freedesktop.DBus.Error.NameHasNoOwner"), Some("Could not activate remote peer 'org.a11y.atspi.Registry': unit failed"), Msg { type: Error, serial: 4294967295, sender: UniqueName("org.freedesktop.DBus"), reply-serial: 9, body: Str, fds: [] })
[2m2026-10-03T13:16:03.771815Z[0m [33m WARN[0m [2mplatform_linux::overlay[0m[2m:[0m X11 overlay: root reads cannot see this window's own pixels; save-unders will be served without readback confirmation
dbus-daemon[3253931]: [session uid=1000 pid=3253931 pidfd=5] Activating service name='org.freedesktop.systemd1' requested by ':1.4' (uid=1000 pid=3254369 comm="/usr/bin/dbus-broker-launch --config-file=/usr/sha")
dbus-daemon[3253931]: [session uid=1000 pid=3253931 pidfd=5] Activated service 'org.freedesktop.systemd1' failed: Process org.freedesktop.systemd1 exited with status 1
dbus-daemon[3253931]: [session uid=1000 pid=3253931 pidfd=5] Activating service name='org.freedesktop.systemd1' requested by ':1.4' (uid=1000 pid=3254369 comm="/usr/bin/dbus-broker-launch --config-file=/usr/sha")
dbus-daemon[3253931]: [session uid=1000 pid=3253931 pidfd=5] Activated service 'org.freedesktop.systemd1' failed: Process org.freedesktop.systemd1 exited with status 1
{"trial": "pilot-a1-r00-fill-P2", "outcome": "verified", "oracle_exact_match": true, "completion_mutations": 1, "routes": ["compiled"], "loadavg_before": "19.13 12.55 6.91 12/2547 3255807"}
dbus-daemon[3253931]: [session uid=1000 pid=3253931 pidfd=5] Activating service name='org.freedesktop.systemd1' requested by ':1.4' (uid=1000 pid=3254369 comm="/usr/bin/dbus-broker-launch --config-file=/usr/sha")
dbus-daemon[3253931]: [session uid=1000 pid=3253931 pidfd=5] Activated service 'org.freedesktop.systemd1' failed: Process org.freedesktop.systemd1 exited with status 1
[2m2026-10-03T13:16:06.762458Z[0m [33m WARN[0m [2mcua_driver_sdk::runtime[0m[2m:[0m could not activate the persistent AT-SPI listener: AT-SPI connect failed: ZBus Error: MethodError(OwnedErrorName("org.freedesktop.DBus.Error.NameHasNoOwner"), Some("Could not activate remote peer 'org.a11y.atspi.Registry': unit failed"), Msg { type: Error, serial: 4294967295, sender: UniqueName("org.freedesktop.DBus"), reply-serial: 9, body: Str, fds: [] })
[2m2026-10-03T13:16:06.778174Z[0m [33m WARN[0m [2mplatform_linux::overlay[0m[2m:[0m X11 overlay: root reads cannot see this window's own pixels; save-unders will be served without readback confirmation
dbus-daemon[3253931]: [session uid=1000 pid=3253931 pidfd=5] Activating service name='org.freedesktop.systemd1' requested by ':1.4' (uid=1000 pid=3254369 comm="/usr/bin/dbus-broker-launch --config-file=/usr/sha")
dbus-daemon[3253931]: [session uid=1000 pid=3253931 pidfd=5] Activated service 'org.freedesktop.systemd1' failed: Process org.freedesktop.systemd1 exited with status 1
dbus-daemon[3253931]: [session uid=1000 pid=3253931 pidfd=5] Activating service name='org.freedesktop.systemd1' requested by ':1.4' (uid=1000 pid=3254369 comm="/usr/bin/dbus-broker-launch --config-file=/usr/sha")
dbus-daemon[3253931]: [session uid=1000 pid=3253931 pidfd=5] Activated service 'org.freedesktop.systemd1' failed: Process org.freedesktop.systemd1 exited with status 1
{"trial": "pilot-a1-r00-fill-Wb", "outcome": "verified", "oracle_exact_match": true, "completion_mutations": 1, "routes": ["compiled"], "loadavg_before": "19.13 12.55 6.91 12/2551 3257209"}
dbus-daemon[3253931]: [session uid=1000 pid=3253931 pidfd=5] Activating service name='org.freedesktop.systemd1' requested by ':1.4' (uid=1000 pid=3254369 comm="/usr/bin/dbus-broker-launch --config-file=/usr/sha")
dbus-daemon[3253931]: [session uid=1000 pid=3253931 pidfd=5] Activated service 'org.freedesktop.systemd1' failed: Process org.freedesktop.systemd1 exited with status 1
[2m2026-10-03T13:16:08.759495Z[0m [33m WARN[0m [2mcua_driver_sdk::runtime[0m[2m:[0m could not activate the persistent AT-SPI listener: AT-SPI connect failed: ZBus Error: MethodError(OwnedErrorName("org.freedesktop.DBus.Error.NameHasNoOwner"), Some("Could not activate remote peer 'org.a11y.atspi.Registry': unit failed"), Msg { type: Error, serial: 4294967295, sender: UniqueName("org.freedesktop.DBus"), reply-serial: 9, body: Str, fds: [] })
[2m2026-10-03T13:16:08.776727Z[0m [33m WARN[0m [2mplatform_linux::overlay[0m[2m:[0m X11 overlay: root reads cannot see this window's own pixels; save-unders will be served without readback confirmation
dbus-daemon[3253931]: [session uid=1000 pid=3253931 pidfd=5] Activating service name='org.freedesktop.systemd1' requested by ':1.4' (uid=1000 pid=3254369 comm="/usr/bin/dbus-broker-launch --config-file=/usr/sha")
dbus-daemon[3253931]: [session uid=1000 pid=3253931 pidfd=5] Activated service 'org.freedesktop.systemd1' failed: Process org.freedesktop.systemd1 exited with status 1
dbus-daemon[3253931]: [session uid=1000 pid=3253931 pidfd=5] Activating service name='org.freedesktop.systemd1' requested by ':1.4' (uid=1000 pid=3254369 comm="/usr/bin/dbus-broker-launch --config-file=/usr/sha")
dbus-daemon[3253931]: [session uid=1000 pid=3253931 pidfd=5] Activated service 'org.freedesktop.systemd1' failed: Process org.freedesktop.systemd1 exited with status 1
{"trial": "pilot-a1-r00-toggle-Wa", "outcome": "verified", "oracle_exact_match": true, "completion_mutations": 1, "routes": ["provider", "provider"], "loadavg_before": "19.04 12.64 6.97 13/2559 3257937"}
dbus-daemon[3253931]: [session uid=1000 pid=3253931 pidfd=5] Activating service name='org.freedesktop.systemd1' requested by ':1.4' (uid=1000 pid=3254369 comm="/usr/bin/dbus-broker-launch --config-file=/usr/sha")
dbus-daemon[3253931]: [session uid=1000 pid=3253931 pidfd=5] Activated service 'org.freedesktop.systemd1' failed: Process org.freedesktop.systemd1 exited with status 1
[2m2026-10-03T13:16:10.931508Z[0m [33m WARN[0m [2mcua_driver_sdk::runtime[0m[2m:[0m could not activate the persistent AT-SPI listener: AT-SPI connect failed: ZBus Error: MethodError(OwnedErrorName("org.freedesktop.DBus.Error.NameHasNoOwner"), Some("Could not activate remote peer 'org.a11y.atspi.Registry': unit failed"), Msg { type: Error, serial: 4294967295, sender: UniqueName("org.freedesktop.DBus"), reply-serial: 9, body: Str, fds: [] })
[2m2026-10-03T13:16:10.949937Z[0m [33m WARN[0m [2mplatform_linux::overlay[0m[2m:[0m X11 overlay: root reads cannot see this window's own pixels; save-unders will be served without readback confirmation
dbus-daemon[3253931]: [session uid=1000 pid=3253931 pidfd=5] Activating service name='org.freedesktop.systemd1' requested by ':1.4' (uid=1000 pid=3254369 comm="/usr/bin/dbus-broker-launch --config-file=/usr/sha")
dbus-daemon[3253931]: [session uid=1000 pid=3253931 pidfd=5] Activated service 'org.freedesktop.systemd1' failed: Process org.freedesktop.systemd1 exited with status 1
dbus-daemon[3253931]: [session uid=1000 pid=3253931 pidfd=5] Activating service name='org.freedesktop.systemd1' requested by ':1.4' (uid=1000 pid=3254369 comm="/usr/bin/dbus-broker-launch --config-file=/usr/sha")
dbus-daemon[3253931]: [session uid=1000 pid=3253931 pidfd=5] Activated service 'org.freedesktop.systemd1' failed: Process org.freedesktop.systemd1 exited with status 1
{"trial": "pilot-a1-r00-toggle-Wb", "outcome": "verified", "oracle_exact_match": true, "completion_mutations": 1, "routes": ["provider", "provider"], "loadavg_before": "19.04 12.64 6.97 15/2381 3258624"}
dbus-daemon[3253931]: [session uid=1000 pid=3253931 pidfd=5] Activating service name='org.freedesktop.systemd1' requested by ':1.4' (uid=1000 pid=3254369 comm="/usr/bin/dbus-broker-launch --config-file=/usr/sha")
dbus-daemon[3253931]: [session uid=1000 pid=3253931 pidfd=5] Activated service 'org.freedesktop.systemd1' failed: Process org.freedesktop.systemd1 exited with status 1
[2m2026-10-03T13:16:15.771743Z[0m [33m WARN[0m [2mcua_driver_sdk::runtime[0m[2m:[0m could not activate the persistent AT-SPI listener: AT-SPI connect failed: ZBus Error: MethodError(OwnedErrorName("org.freedesktop.DBus.Error.NameHasNoOwner"), Some("Could not activate remote peer 'org.a11y.atspi.Registry': unit failed"), Msg { type: Error, serial: 4294967295, sender: UniqueName("org.freedesktop.DBus"), reply-serial: 9, body: Str, fds: [] })
[2m2026-10-03T13:16:15.785494Z[0m [33m WARN[0m [2mplatform_linux::overlay[0m[2m:[0m X11 overlay: root reads cannot see this window's own pixels; save-unders will be served without readback confirmation
dbus-daemon[3253931]: [session uid=1000 pid=3253931 pidfd=5] Activating service name='org.freedesktop.systemd1' requested by ':1.4' (uid=1000 pid=3254369 comm="/usr/bin/dbus-broker-launch --config-file=/usr/sha")
dbus-daemon[3253931]: [session uid=1000 pid=3253931 pidfd=5] Activated service 'org.freedesktop.systemd1' failed: Process org.freedesktop.systemd1 exited with status 1
dbus-daemon[3253931]: [session uid=1000 pid=3253931 pidfd=5] Activating service name='org.freedesktop.systemd1' requested by ':1.4' (uid=1000 pid=3254369 comm="/usr/bin/dbus-broker-launch --config-file=/usr/sha")
dbus-daemon[3253931]: [session uid=1000 pid=3253931 pidfd=5] Activated service 'org.freedesktop.systemd1' failed: Process org.freedesktop.systemd1 exited with status 1
{"trial": "pilot-a1-r00-toggle-C", "outcome": "verified", "oracle_exact_match": true, "completion_mutations": 1, "routes": ["provider", "provider"], "loadavg_before": "21.44 13.25 7.20 14/2381 3259473"}
dbus-daemon[3253931]: [session uid=1000 pid=3253931 pidfd=5] Activating service name='org.freedesktop.systemd1' requested by ':1.4' (uid=1000 pid=3254369 comm="/usr/bin/dbus-broker-launch --config-file=/usr/sha")
dbus-daemon[3253931]: [session uid=1000 pid=3253931 pidfd=5] Activated service 'org.freedesktop.systemd1' failed: Process org.freedesktop.systemd1 exited with status 1
[2m2026-10-03T13:16:17.923229Z[0m [33m WARN[0m [2mcua_driver_sdk::runtime[0m[2m:[0m could not activate the persistent AT-SPI listener: AT-SPI connect failed: ZBus Error: MethodError(OwnedErrorName("org.freedesktop.DBus.Error.NameHasNoOwner"), Some("Could not activate remote peer 'org.a11y.atspi.Registry': unit failed"), Msg { type: Error, serial: 4294967295, sender: UniqueName("org.freedesktop.DBus"), reply-serial: 9, body: Str, fds: [] })
[2m2026-10-03T13:16:17.945905Z[0m [33m WARN[0m [2mplatform_linux::overlay[0m[2m:[0m X11 overlay: root reads cannot see this window's own pixels; save-unders will be served without readback confirmation
dbus-daemon[3253931]: [session uid=1000 pid=3253931 pidfd=5] Activating service name='org.freedesktop.systemd1' requested by ':1.4' (uid=1000 pid=3254369 comm="/usr/bin/dbus-broker-launch --config-file=/usr/sha")
dbus-daemon[3253931]: [session uid=1000 pid=3253931 pidfd=5] Activated service 'org.freedesktop.systemd1' failed: Process org.freedesktop.systemd1 exited with status 1
dbus-daemon[3253931]: [session uid=1000 pid=3253931 pidfd=5] Activating service name='org.freedesktop.systemd1' requested by ':1.4' (uid=1000 pid=3254369 comm="/usr/bin/dbus-broker-launch --config-file=/usr/sha")
dbus-daemon[3253931]: [session uid=1000 pid=3253931 pidfd=5] Activated service 'org.freedesktop.systemd1' failed: Process org.freedesktop.systemd1 exited with status 1
{"trial": "pilot-a1-r00-toggle-P2", "outcome": "verified", "oracle_exact_match": true, "completion_mutations": 1, "routes": ["provider", "provider"], "loadavg_before": "21.44 13.25 7.20 13/2373 3260053"}
dbus-daemon[3253931]: [session uid=1000 pid=3253931 pidfd=5] Activating service name='org.freedesktop.systemd1' requested by ':1.4' (uid=1000 pid=3254369 comm="/usr/bin/dbus-broker-launch --config-file=/usr/sha")
dbus-daemon[3253931]: [session uid=1000 pid=3253931 pidfd=5] Activated service 'org.freedesktop.systemd1' failed: Process org.freedesktop.systemd1 exited with status 1
[2m2026-10-03T13:16:20.740770Z[0m [33m WARN[0m [2mcua_driver_sdk::runtime[0m[2m:[0m could not activate the persistent AT-SPI listener: AT-SPI connect failed: ZBus Error: MethodError(OwnedErrorName("org.freedesktop.DBus.Error.NameHasNoOwner"), Some("Could not activate remote peer 'org.a11y.atspi.Registry': unit failed"), Msg { type: Error, serial: 4294967295, sender: UniqueName("org.freedesktop.DBus"), reply-serial: 9, body: Str, fds: [] })
[2m2026-10-03T13:16:20.750946Z[0m [33m WARN[0m [2mplatform_linux::overlay[0m[2m:[0m X11 overlay: root reads cannot see this window's own pixels; save-unders will be served without readback confirmation
dbus-daemon[3253931]: [session uid=1000 pid=3253931 pidfd=5] Activating service name='org.freedesktop.systemd1' requested by ':1.4' (uid=1000 pid=3254369 comm="/usr/bin/dbus-broker-launch --config-file=/usr/sha")
dbus-daemon[3253931]: [session uid=1000 pid=3253931 pidfd=5] Activated service 'org.freedesktop.systemd1' failed: Process org.freedesktop.systemd1 exited with status 1
dbus-daemon[3253931]: [session uid=1000 pid=3253931 pidfd=5] Activating service name='org.freedesktop.systemd1' requested by ':1.4' (uid=1000 pid=3254369 comm="/usr/bin/dbus-broker-launch --config-file=/usr/sha")
dbus-daemon[3253931]: [session uid=1000 pid=3253931 pidfd=5] Activated service 'org.freedesktop.systemd1' failed: Process org.freedesktop.systemd1 exited with status 1
{"trial": "pilot-a1-r00-modal-Wb", "outcome": "verified", "oracle_exact_match": true, "completion_mutations": 1, "routes": ["provider", "provider"], "loadavg_before": "21.40 13.38 7.27 9/2558 3261006"}
dbus-daemon[3253931]: [session uid=1000 pid=3253931 pidfd=5] Activating service name='org.freedesktop.systemd1' requested by ':1.4' (uid=1000 pid=3254369 comm="/usr/bin/dbus-broker-launch --config-file=/usr/sha")
dbus-daemon[3253931]: [session uid=1000 pid=3253931 pidfd=5] Activated service 'org.freedesktop.systemd1' failed: Process org.freedesktop.systemd1 exited with status 1
[2m2026-10-03T13:16:23.064298Z[0m [33m WARN[0m [2mcua_driver_sdk::runtime[0m[2m:[0m could not activate the persistent AT-SPI listener: AT-SPI connect failed: ZBus Error: MethodError(OwnedErrorName("org.freedesktop.DBus.Error.NameHasNoOwner"), Some("Could not activate remote peer 'org.a11y.atspi.Registry': unit failed"), Msg { type: Error, serial: 4294967295, sender: UniqueName("org.freedesktop.DBus"), reply-serial: 9, body: Str, fds: [] })
[2m2026-10-03T13:16:23.079287Z[0m [33m WARN[0m [2mplatform_linux::overlay[0m[2m:[0m X11 overlay: root reads cannot see this window's own pixels; save-unders will be served without readback confirmation
dbus-daemon[3253931]: [session uid=1000 pid=3253931 pidfd=5] Activating service name='org.freedesktop.systemd1' requested by ':1.4' (uid=1000 pid=3254369 comm="/usr/bin/dbus-broker-launch --config-file=/usr/sha")
dbus-daemon[3253931]: [session uid=1000 pid=3253931 pidfd=5] Activated service 'org.freedesktop.systemd1' failed: Process org.freedesktop.systemd1 exited with status 1
dbus-daemon[3253931]: [session uid=1000 pid=3253931 pidfd=5] Activating service name='org.freedesktop.systemd1' requested by ':1.4' (uid=1000 pid=3254369 comm="/usr/bin/dbus-broker-launch --config-file=/usr/sha")
dbus-daemon[3253931]: [session uid=1000 pid=3253931 pidfd=5] Activated service 'org.freedesktop.systemd1' failed: Process org.freedesktop.systemd1 exited with status 1
{"trial": "pilot-a1-r00-modal-P2", "outcome": "verified", "oracle_exact_match": true, "completion_mutations": 1, "routes": ["provider", "provider"], "loadavg_before": "21.40 13.38 7.27 10/2557 3261665"}
dbus-daemon[3253931]: [session uid=1000 pid=3253931 pidfd=5] Activating service name='org.freedesktop.systemd1' requested by ':1.4' (uid=1000 pid=3254369 comm="/usr/bin/dbus-broker-launch --config-file=/usr/sha")
dbus-daemon[3253931]: [session uid=1000 pid=3253931 pidfd=5] Activated service 'org.freedesktop.systemd1' failed: Process org.freedesktop.systemd1 exited with status 1
[2m2026-10-03T13:16:26.065566Z[0m [33m WARN[0m [2mcua_driver_sdk::runtime[0m[2m:[0m could not activate the persistent AT-SPI listener: AT-SPI connect failed: ZBus Error: MethodError(OwnedErrorName("org.freedesktop.DBus.Error.NameHasNoOwner"), Some("Could not activate remote peer 'org.a11y.atspi.Registry': unit failed"), Msg { type: Error, serial: 4294967295, sender: UniqueName("org.freedesktop.DBus"), reply-serial: 9, body: Str, fds: [] })
[2m2026-10-03T13:16:26.097341Z[0m [33m WARN[0m [2mplatform_linux::overlay[0m[2m:[0m X11 overlay: root reads cannot see this window's own pixels; save-unders will be served without readback confirmation
dbus-daemon[3253931]: [session uid=1000 pid=3253931 pidfd=5] Activating service name='org.freedesktop.systemd1' requested by ':1.4' (uid=1000 pid=3254369 comm="/usr/bin/dbus-broker-launch --config-file=/usr/sha")
dbus-daemon[3253931]: [session uid=1000 pid=3253931 pidfd=5] Activated service 'org.freedesktop.systemd1' failed: Process org.freedesktop.systemd1 exited with status 1
dbus-daemon[3253931]: [session uid=1000 pid=3253931 pidfd=5] Activating service name='org.freedesktop.systemd1' requested by ':1.4' (uid=1000 pid=3254369 comm="/usr/bin/dbus-broker-launch --config-file=/usr/sha")
dbus-daemon[3253931]: [session uid=1000 pid=3253931 pidfd=5] Activated service 'org.freedesktop.systemd1' failed: Process org.freedesktop.systemd1 exited with status 1
{"trial": "pilot-a1-r00-modal-Wa", "outcome": "verified", "oracle_exact_match": true, "completion_mutations": 1, "routes": ["provider", "provider"], "loadavg_before": "21.13 13.45 7.33 14/2580 3262575"}
dbus-daemon[3253931]: [session uid=1000 pid=3253931 pidfd=5] Activating service name='org.freedesktop.systemd1' requested by ':1.4' (uid=1000 pid=3254369 comm="/usr/bin/dbus-broker-launch --config-file=/usr/sha")
dbus-daemon[3253931]: [session uid=1000 pid=3253931 pidfd=5] Activated service 'org.freedesktop.systemd1' failed: Process org.freedesktop.systemd1 exited with status 1
[2m2026-10-03T13:16:29.968523Z[0m [33m WARN[0m [2mcua_driver_sdk::runtime[0m[2m:[0m could not activate the persistent AT-SPI listener: AT-SPI connect failed: ZBus Error: MethodError(OwnedErrorName("org.freedesktop.DBus.Error.NameHasNoOwner"), Some("Could not activate remote peer 'org.a11y.atspi.Registry': unit failed"), Msg { type: Error, serial: 4294967295, sender: UniqueName("org.freedesktop.DBus"), reply-serial: 9, body: Str, fds: [] })
[2m2026-10-03T13:16:29.987334Z[0m [33m WARN[0m [2mplatform_linux::overlay[0m[2m:[0m X11 overlay: root reads cannot see this window's own pixels; save-unders will be served without readback confirmation
dbus-daemon[3253931]: [session uid=1000 pid=3253931 pidfd=5] Activating service name='org.freedesktop.systemd1' requested by ':1.4' (uid=1000 pid=3254369 comm="/usr/bin/dbus-broker-launch --config-file=/usr/sha")
dbus-daemon[3253931]: [session uid=1000 pid=3253931 pidfd=5] Activated service 'org.freedesktop.systemd1' failed: Process org.freedesktop.systemd1 exited with status 1
dbus-daemon[3253931]: [session uid=1000 pid=3253931 pidfd=5] Activating service name='org.freedesktop.systemd1' requested by ':1.4' (uid=1000 pid=3254369 comm="/usr/bin/dbus-broker-launch --config-file=/usr/sha")
dbus-daemon[3253931]: [session uid=1000 pid=3253931 pidfd=5] Activated service 'org.freedesktop.systemd1' failed: Process org.freedesktop.systemd1 exited with status 1
{"trial": "pilot-a1-r00-modal-C", "outcome": "verified", "oracle_exact_match": true, "completion_mutations": 1, "routes": ["provider", "provider"], "loadavg_before": "21.92 13.75 7.46 18/2541 3263720"}
dbus-daemon[3253931]: [session uid=1000 pid=3253931 pidfd=5] Activating service name='org.freedesktop.systemd1' requested by ':1.4' (uid=1000 pid=3254369 comm="/usr/bin/dbus-broker-launch --config-file=/usr/sha")
dbus-daemon[3253931]: [session uid=1000 pid=3253931 pidfd=5] Activated service 'org.freedesktop.systemd1' failed: Process org.freedesktop.systemd1 exited with status 1
[2m2026-10-03T13:16:33.260847Z[0m [33m WARN[0m [2mcua_driver_sdk::runtime[0m[2m:[0m could not activate the persistent AT-SPI listener: AT-SPI connect failed: ZBus Error: MethodError(OwnedErrorName("org.freedesktop.DBus.Error.NameHasNoOwner"), Some("Could not activate remote peer 'org.a11y.atspi.Registry': unit failed"), Msg { type: Error, serial: 4294967295, sender: UniqueName("org.freedesktop.DBus"), reply-serial: 9, body: Str, fds: [] })
[2m2026-10-03T13:16:33.271993Z[0m [33m WARN[0m [2mplatform_linux::overlay[0m[2m:[0m X11 overlay: root reads cannot see this window's own pixels; save-unders will be served without readback confirmation
dbus-daemon[3253931]: [session uid=1000 pid=3253931 pidfd=5] Activating service name='org.freedesktop.systemd1' requested by ':1.4' (uid=1000 pid=3254369 comm="/usr/bin/dbus-broker-launch --config-file=/usr/sha")
dbus-daemon[3253931]: [session uid=1000 pid=3253931 pidfd=5] Activated service 'org.freedesktop.systemd1' failed: Process org.freedesktop.systemd1 exited with status 1
dbus-daemon[3253931]: [session uid=1000 pid=3253931 pidfd=5] Activating service name='org.freedesktop.systemd1' requested by ':1.4' (uid=1000 pid=3254369 comm="/usr/bin/dbus-broker-launch --config-file=/usr/sha")
dbus-daemon[3253931]: [session uid=1000 pid=3253931 pidfd=5] Activated service 'org.freedesktop.systemd1' failed: Process org.freedesktop.systemd1 exited with status 1
{"trial": "pilot-a1-r00-fill-SMOKE", "outcome": "verified", "oracle_exact_match": true, "completion_mutations": 1, "routes": ["provider", "provider"], "loadavg_before": "21.92 13.75 7.46 8/2388 3264346"}
dbus-daemon[3253931]: [session uid=1000 pid=3253931 pidfd=5] Activating service name='org.freedesktop.systemd1' requested by ':1.4' (uid=1000 pid=3254369 comm="/usr/bin/dbus-broker-launch --config-file=/usr/sha")
dbus-daemon[3253931]: [session uid=1000 pid=3253931 pidfd=5] Activated service 'org.freedesktop.systemd1' failed: Process org.freedesktop.systemd1 exited with status 1
[2m2026-10-03T13:16:44.295671Z[0m [33m WARN[0m [2mcua_driver_sdk::runtime[0m[2m:[0m could not activate the persistent AT-SPI listener: AT-SPI connect failed: ZBus Error: MethodError(OwnedErrorName("org.freedesktop.DBus.Error.NameHasNoOwner"), Some("Could not activate remote peer 'org.a11y.atspi.Registry': unit failed"), Msg { type: Error, serial: 4294967295, sender: UniqueName("org.freedesktop.DBus"), reply-serial: 9, body: Str, fds: [] })
[2m2026-10-03T13:16:44.321933Z[0m [33m WARN[0m [2mplatform_linux::overlay[0m[2m:[0m X11 overlay: root reads cannot see this window's own pixels; save-unders will be served without readback confirmation
dbus-daemon[3253931]: [session uid=1000 pid=3253931 pidfd=5] Activating service name='org.freedesktop.systemd1' requested by ':1.4' (uid=1000 pid=3254369 comm="/usr/bin/dbus-broker-launch --config-file=/usr/sha")
dbus-daemon[3253931]: [session uid=1000 pid=3253931 pidfd=5] Activated service 'org.freedesktop.systemd1' failed: Process org.freedesktop.systemd1 exited with status 1
dbus-daemon[3253931]: [session uid=1000 pid=3253931 pidfd=5] Activating service name='org.freedesktop.systemd1' requested by ':1.4' (uid=1000 pid=3254369 comm="/usr/bin/dbus-broker-launch --config-file=/usr/sha")
dbus-daemon[3253931]: [session uid=1000 pid=3253931 pidfd=5] Activated service 'org.freedesktop.systemd1' failed: Process org.freedesktop.systemd1 exited with status 1
{"trial": "pilot-a1-r00-toggle-SMOKE", "outcome": "verified", "oracle_exact_match": true, "completion_mutations": 1, "routes": ["provider", "provider"], "loadavg_before": "24.79 14.79 7.90 12/2443 3266133"}
dbus-daemon[3253931]: [session uid=1000 pid=3253931 pidfd=5] Activating service name='org.freedesktop.systemd1' requested by ':1.4' (uid=1000 pid=3254369 comm="/usr/bin/dbus-broker-launch --config-file=/usr/sha")
dbus-daemon[3253931]: [session uid=1000 pid=3253931 pidfd=5] Activated service 'org.freedesktop.systemd1' failed: Process org.freedesktop.systemd1 exited with status 1
[2m2026-10-03T13:16:49.430081Z[0m [33m WARN[0m [2mcua_driver_sdk::runtime[0m[2m:[0m could not activate the persistent AT-SPI listener: AT-SPI connect failed: ZBus Error: MethodError(OwnedErrorName("org.freedesktop.DBus.Error.NameHasNoOwner"), Some("Could not activate remote peer 'org.a11y.atspi.Registry': unit failed"), Msg { type: Error, serial: 4294967295, sender: UniqueName("org.freedesktop.DBus"), reply-serial: 9, body: Str, fds: [] })
[2m2026-10-03T13:16:49.448597Z[0m [33m WARN[0m [2mplatform_linux::overlay[0m[2m:[0m X11 overlay: root reads cannot see this window's own pixels; save-unders will be served without readback confirmation
dbus-daemon[3253931]: [session uid=1000 pid=3253931 pidfd=5] Activating service name='org.freedesktop.systemd1' requested by ':1.4' (uid=1000 pid=3254369 comm="/usr/bin/dbus-broker-launch --config-file=/usr/sha")
dbus-daemon[3253931]: [session uid=1000 pid=3253931 pidfd=5] Activated service 'org.freedesktop.systemd1' failed: Process org.freedesktop.systemd1 exited with status 1
dbus-daemon[3253931]: [session uid=1000 pid=3253931 pidfd=5] Activating service name='org.freedesktop.systemd1' requested by ':1.4' (uid=1000 pid=3254369 comm="/usr/bin/dbus-broker-launch --config-file=/usr/sha")
dbus-daemon[3253931]: [session uid=1000 pid=3253931 pidfd=5] Activated service 'org.freedesktop.systemd1' failed: Process org.freedesktop.systemd1 exited with status 1
{"trial": "pilot-a1-r00-modal-SMOKE", "outcome": "verified", "oracle_exact_match": true, "completion_mutations": 1, "routes": ["provider", "provider"], "loadavg_before": "23.92 14.77 7.93 13/2410 3267116"}
dbus-daemon[3253931]: [session uid=1000 pid=3253931 pidfd=5] Activating service name='org.freedesktop.systemd1' requested by ':1.4' (uid=1000 pid=3254369 comm="/usr/bin/dbus-broker-launch --config-file=/usr/sha")
dbus-daemon[3253931]: [session uid=1000 pid=3253931 pidfd=5] Activated service 'org.freedesktop.systemd1' failed: Process org.freedesktop.systemd1 exited with status 1
[2m2026-10-03T13:16:53.562498Z[0m [33m WARN[0m [2mcua_driver_sdk::runtime[0m[2m:[0m could not activate the persistent AT-SPI listener: AT-SPI connect failed: ZBus Error: MethodError(OwnedErrorName("org.freedesktop.DBus.Error.NameHasNoOwner"), Some("Could not activate remote peer 'org.a11y.atspi.Registry': unit failed"), Msg { type: Error, serial: 4294967295, sender: UniqueName("org.freedesktop.DBus"), reply-serial: 9, body: Str, fds: [] })
[2m2026-10-03T13:16:53.583393Z[0m [33m WARN[0m [2mplatform_linux::overlay[0m[2m:[0m X11 overlay: root reads cannot see this window's own pixels; save-unders will be served without readback confirmation
dbus-daemon[3253931]: [session uid=1000 pid=3253931 pidfd=5] Activating service name='org.freedesktop.systemd1' requested by ':1.4' (uid=1000 pid=3254369 comm="/usr/bin/dbus-broker-launch --config-file=/usr/sha")
dbus-daemon[3253931]: [session uid=1000 pid=3253931 pidfd=5] Activated service 'org.freedesktop.systemd1' failed: Process org.freedesktop.systemd1 exited with status 1
dbus-daemon[3253931]: [session uid=1000 pid=3253931 pidfd=5] Activating service name='org.freedesktop.systemd1' requested by ':1.4' (uid=1000 pid=3254369 comm="/usr/bin/dbus-broker-launch --config-file=/usr/sha")
dbus-daemon[3253931]: [session uid=1000 pid=3253931 pidfd=5] Activated service 'org.freedesktop.systemd1' failed: Process org.freedesktop.systemd1 exited with status 1
{"trial": "pilot-a1-r05-modal-P2", "outcome": "verified", "oracle_exact_match": true, "completion_mutations": 1, "routes": ["provider", "provider"], "loadavg_before": "23.92 14.77 7.93 15/2375 3268103"}
dbus-daemon[3253931]: [session uid=1000 pid=3253931 pidfd=5] Activating service name='org.freedesktop.systemd1' requested by ':1.4' (uid=1000 pid=3254369 comm="/usr/bin/dbus-broker-launch --config-file=/usr/sha")
dbus-daemon[3253931]: [session uid=1000 pid=3253931 pidfd=5] Activated service 'org.freedesktop.systemd1' failed: Process org.freedesktop.systemd1 exited with status 1
[2m2026-10-03T13:16:58.537493Z[0m [33m WARN[0m [2mcua_driver_sdk::runtime[0m[2m:[0m could not activate the persistent AT-SPI listener: AT-SPI connect failed: ZBus Error: MethodError(OwnedErrorName("org.freedesktop.DBus.Error.NameHasNoOwner"), Some("Could not activate remote peer 'org.a11y.atspi.Registry': unit failed"), Msg { type: Error, serial: 4294967295, sender: UniqueName("org.freedesktop.DBus"), reply-serial: 9, body: Str, fds: [] })
[2m2026-10-03T13:16:58.553221Z[0m [33m WARN[0m [2mplatform_linux::overlay[0m[2m:[0m X11 overlay: root reads cannot see this window's own pixels; save-unders will be served without readback confirmation
dbus-daemon[3253931]: [session uid=1000 pid=3253931 pidfd=5] Activating service name='org.freedesktop.systemd1' requested by ':1.4' (uid=1000 pid=3254369 comm="/usr/bin/dbus-broker-launch --config-file=/usr/sha")
dbus-daemon[3253931]: [session uid=1000 pid=3253931 pidfd=5] Activated service 'org.freedesktop.systemd1' failed: Process org.freedesktop.systemd1 exited with status 1
dbus-daemon[3253931]: [session uid=1000 pid=3253931 pidfd=5] Activating service name='org.freedesktop.systemd1' requested by ':1.4' (uid=1000 pid=3254369 comm="/usr/bin/dbus-broker-launch --config-file=/usr/sha")
dbus-daemon[3253931]: [session uid=1000 pid=3253931 pidfd=5] Activated service 'org.freedesktop.systemd1' failed: Process org.freedesktop.systemd1 exited with status 1
{"trial": "pilot-a1-r05-modal-C", "outcome": "verified", "oracle_exact_match": true, "completion_mutations": 1, "routes": ["provider", "provider"], "loadavg_before": "24.09 14.96 8.03 8/2552 3269131"}
dbus-daemon[3253931]: [session uid=1000 pid=3253931 pidfd=5] Activating service name='org.freedesktop.systemd1' requested by ':1.4' (uid=1000 pid=3254369 comm="/usr/bin/dbus-broker-launch --config-file=/usr/sha")
dbus-daemon[3253931]: [session uid=1000 pid=3253931 pidfd=5] Activated service 'org.freedesktop.systemd1' failed: Process org.freedesktop.systemd1 exited with status 1
[2m2026-10-03T13:17:01.299188Z[0m [33m WARN[0m [2mcua_driver_sdk::runtime[0m[2m:[0m could not activate the persistent AT-SPI listener: AT-SPI connect failed: ZBus Error: MethodError(OwnedErrorName("org.freedesktop.DBus.Error.NameHasNoOwner"), Some("Could not activate remote peer 'org.a11y.atspi.Registry': unit failed"), Msg { type: Error, serial: 4294967295, sender: UniqueName("org.freedesktop.DBus"), reply-serial: 9, body: Str, fds: [] })
[2m2026-10-03T13:17:01.315480Z[0m [33m WARN[0m [2mplatform_linux::overlay[0m[2m:[0m X11 overlay: root reads cannot see this window's own pixels; save-unders will be served without readback confirmation
dbus-daemon[3253931]: [session uid=1000 pid=3253931 pidfd=5] Activating service name='org.freedesktop.systemd1' requested by ':1.4' (uid=1000 pid=3254369 comm="/usr/bin/dbus-broker-launch --config-file=/usr/sha")
dbus-daemon[3253931]: [session uid=1000 pid=3253931 pidfd=5] Activated service 'org.freedesktop.systemd1' failed: Process org.freedesktop.systemd1 exited with status 1
dbus-daemon[3253931]: [session uid=1000 pid=3253931 pidfd=5] Activating service name='org.freedesktop.systemd1' requested by ':1.4' (uid=1000 pid=3254369 comm="/usr/bin/dbus-broker-launch --config-file=/usr/sha")
dbus-daemon[3253931]: [session uid=1000 pid=3253931 pidfd=5] Activated service 'org.freedesktop.systemd1' failed: Process org.freedesktop.systemd1 exited with status 1
{"trial": "pilot-a1-r05-modal-Wb", "outcome": "verified", "oracle_exact_match": true, "completion_mutations": 1, "routes": ["provider", "provider"], "loadavg_before": "23.92 15.08 8.10 14/2351 3269631"}
dbus-daemon[3253931]: [session uid=1000 pid=3253931 pidfd=5] Activating service name='org.freedesktop.systemd1' requested by ':1.4' (uid=1000 pid=3254369 comm="/usr/bin/dbus-broker-launch --config-file=/usr/sha")
dbus-daemon[3253931]: [session uid=1000 pid=3253931 pidfd=5] Activated service 'org.freedesktop.systemd1' failed: Process org.freedesktop.systemd1 exited with status 1
[2m2026-10-03T13:17:04.116770Z[0m [33m WARN[0m [2mcua_driver_sdk::runtime[0m[2m:[0m could not activate the persistent AT-SPI listener: AT-SPI connect failed: ZBus Error: MethodError(OwnedErrorName("org.freedesktop.DBus.Error.NameHasNoOwner"), Some("Could not activate remote peer 'org.a11y.atspi.Registry': unit failed"), Msg { type: Error, serial: 4294967295, sender: UniqueName("org.freedesktop.DBus"), reply-serial: 9, body: Str, fds: [] })
[2m2026-10-03T13:17:04.138098Z[0m [33m WARN[0m [2mplatform_linux::overlay[0m[2m:[0m X11 overlay: root reads cannot see this window's own pixels; save-unders will be served without readback confirmation
dbus-daemon[3253931]: [session uid=1000 pid=3253931 pidfd=5] Activating service name='org.freedesktop.systemd1' requested by ':1.4' (uid=1000 pid=3254369 comm="/usr/bin/dbus-broker-launch --config-file=/usr/sha")
dbus-daemon[3253931]: [session uid=1000 pid=3253931 pidfd=5] Activated service 'org.freedesktop.systemd1' failed: Process org.freedesktop.systemd1 exited with status 1
dbus-daemon[3253931]: [session uid=1000 pid=3253931 pidfd=5] Activating service name='org.freedesktop.systemd1' requested by ':1.4' (uid=1000 pid=3254369 comm="/usr/bin/dbus-broker-launch --config-file=/usr/sha")
dbus-daemon[3253931]: [session uid=1000 pid=3253931 pidfd=5] Activated service 'org.freedesktop.systemd1' failed: Process org.freedesktop.systemd1 exited with status 1
{"trial": "pilot-a1-r05-modal-Wa", "outcome": "verified", "oracle_exact_match": true, "completion_mutations": 1, "routes": ["provider", "provider"], "loadavg_before": "23.61 15.16 8.17 9/2348 3270057"}
dbus-daemon[3253931]: [session uid=1000 pid=3253931 pidfd=5] Activating service name='org.freedesktop.systemd1' requested by ':1.4' (uid=1000 pid=3254369 comm="/usr/bin/dbus-broker-launch --config-file=/usr/sha")
dbus-daemon[3253931]: [session uid=1000 pid=3253931 pidfd=5] Activated service 'org.freedesktop.systemd1' failed: Process org.freedesktop.systemd1 exited with status 1
[2m2026-10-03T13:17:05.718096Z[0m [33m WARN[0m [2mcua_driver_sdk::runtime[0m[2m:[0m could not activate the persistent AT-SPI listener: AT-SPI connect failed: ZBus Error: MethodError(OwnedErrorName("org.freedesktop.DBus.Error.NameHasNoOwner"), Some("Could not activate remote peer 'org.a11y.atspi.Registry': unit failed"), Msg { type: Error, serial: 4294967295, sender: UniqueName("org.freedesktop.DBus"), reply-serial: 9, body: Str, fds: [] })
[2m2026-10-03T13:17:05.737442Z[0m [33m WARN[0m [2mplatform_linux::overlay[0m[2m:[0m X11 overlay: root reads cannot see this window's own pixels; save-unders will be served without readback confirmation
dbus-daemon[3253931]: [session uid=1000 pid=3253931 pidfd=5] Activating service name='org.freedesktop.systemd1' requested by ':1.4' (uid=1000 pid=3254369 comm="/usr/bin/dbus-broker-launch --config-file=/usr/sha")
dbus-daemon[3253931]: [session uid=1000 pid=3253931 pidfd=5] Activated service 'org.freedesktop.systemd1' failed: Process org.freedesktop.systemd1 exited with status 1
dbus-daemon[3253931]: [session uid=1000 pid=3253931 pidfd=5] Activating service name='org.freedesktop.systemd1' requested by ':1.4' (uid=1000 pid=3254369 comm="/usr/bin/dbus-broker-launch --config-file=/usr/sha")
dbus-daemon[3253931]: [session uid=1000 pid=3253931 pidfd=5] Activated service 'org.freedesktop.systemd1' failed: Process org.freedesktop.systemd1 exited with status 1
{"trial": "pilot-a1-r05-fill-Wa", "outcome": "verified", "oracle_exact_match": true, "completion_mutations": 1, "routes": ["compiled"], "loadavg_before": "23.61 15.16 8.17 12/2318 3270363"}
dbus-daemon[3253931]: [session uid=1000 pid=3253931 pidfd=5] Activating service name='org.freedesktop.systemd1' requested by ':1.4' (uid=1000 pid=3254369 comm="/usr/bin/dbus-broker-launch --config-file=/usr/sha")
dbus-daemon[3253931]: [session uid=1000 pid=3253931 pidfd=5] Activated service 'org.freedesktop.systemd1' failed: Process org.freedesktop.systemd1 exited with status 1
[2m2026-10-03T13:17:07.723715Z[0m [33m WARN[0m [2mcua_driver_sdk::runtime[0m[2m:[0m could not activate the persistent AT-SPI listener: AT-SPI connect failed: ZBus Error: MethodError(OwnedErrorName("org.freedesktop.DBus.Error.NameHasNoOwner"), Some("Could not activate remote peer 'org.a11y.atspi.Registry': unit failed"), Msg { type: Error, serial: 4294967295, sender: UniqueName("org.freedesktop.DBus"), reply-serial: 9, body: Str, fds: [] })
[2m2026-10-03T13:17:07.743062Z[0m [33m WARN[0m [2mplatform_linux::overlay[0m[2m:[0m X11 overlay: root reads cannot see this window's own pixels; save-unders will be served without readback confirmation
dbus-daemon[3253931]: [session uid=1000 pid=3253931 pidfd=5] Activating service name='org.freedesktop.systemd1' requested by ':1.4' (uid=1000 pid=3254369 comm="/usr/bin/dbus-broker-launch --config-file=/usr/sha")
dbus-daemon[3253931]: [session uid=1000 pid=3253931 pidfd=5] Activated service 'org.freedesktop.systemd1' failed: Process org.freedesktop.systemd1 exited with status 1
dbus-daemon[3253931]: [session uid=1000 pid=3253931 pidfd=5] Activating service name='org.freedesktop.systemd1' requested by ':1.4' (uid=1000 pid=3254369 comm="/usr/bin/dbus-broker-launch --config-file=/usr/sha")
dbus-daemon[3253931]: [session uid=1000 pid=3253931 pidfd=5] Activated service 'org.freedesktop.systemd1' failed: Process org.freedesktop.systemd1 exited with status 1
{"trial": "pilot-a1-r05-fill-Wb", "outcome": "verified", "oracle_exact_match": true, "completion_mutations": 1, "routes": ["compiled"], "loadavg_before": "23.61 15.16 8.17 13/2319 3270774"}
dbus-daemon[3253931]: [session uid=1000 pid=3253931 pidfd=5] Activating service name='org.freedesktop.systemd1' requested by ':1.4' (uid=1000 pid=3254369 comm="/usr/bin/dbus-broker-launch --config-file=/usr/sha")
dbus-daemon[3253931]: [session uid=1000 pid=3253931 pidfd=5] Activated service 'org.freedesktop.systemd1' failed: Process org.freedesktop.systemd1 exited with status 1
[2m2026-10-03T13:17:09.721589Z[0m [33m WARN[0m [2mcua_driver_sdk::runtime[0m[2m:[0m could not activate the persistent AT-SPI listener: AT-SPI connect failed: ZBus Error: MethodError(OwnedErrorName("org.freedesktop.DBus.Error.NameHasNoOwner"), Some("Could not activate remote peer 'org.a11y.atspi.Registry': unit failed"), Msg { type: Error, serial: 4294967295, sender: UniqueName("org.freedesktop.DBus"), reply-serial: 9, body: Str, fds: [] })
[2m2026-10-03T13:17:09.737699Z[0m [33m WARN[0m [2mplatform_linux::overlay[0m[2m:[0m X11 overlay: root reads cannot see this window's own pixels; save-unders will be served without readback confirmation
dbus-daemon[3253931]: [session uid=1000 pid=3253931 pidfd=5] Activating service name='org.freedesktop.systemd1' requested by ':1.4' (uid=1000 pid=3254369 comm="/usr/bin/dbus-broker-launch --config-file=/usr/sha")
dbus-daemon[3253931]: [session uid=1000 pid=3253931 pidfd=5] Activated service 'org.freedesktop.systemd1' failed: Process org.freedesktop.systemd1 exited with status 1
dbus-daemon[3253931]: [session uid=1000 pid=3253931 pidfd=5] Activating service name='org.freedesktop.systemd1' requested by ':1.4' (uid=1000 pid=3254369 comm="/usr/bin/dbus-broker-launch --config-file=/usr/sha")
dbus-daemon[3253931]: [session uid=1000 pid=3253931 pidfd=5] Activated service 'org.freedesktop.systemd1' failed: Process org.freedesktop.systemd1 exited with status 1
{"trial": "pilot-a1-r05-fill-C", "outcome": "verified", "oracle_exact_match": true, "completion_mutations": 1, "routes": ["compiled"], "loadavg_before": "24.28 15.44 8.30 12/2339 3271247"}
dbus-daemon[3253931]: [session uid=1000 pid=3253931 pidfd=5] Activating service name='org.freedesktop.systemd1' requested by ':1.4' (uid=1000 pid=3254369 comm="/usr/bin/dbus-broker-launch --config-file=/usr/sha")
dbus-daemon[3253931]: [session uid=1000 pid=3253931 pidfd=5] Activated service 'org.freedesktop.systemd1' failed: Process org.freedesktop.systemd1 exited with status 1
[2m2026-10-03T13:17:13.726152Z[0m [33m WARN[0m [2mcua_driver_sdk::runtime[0m[2m:[0m could not activate the persistent AT-SPI listener: AT-SPI connect failed: ZBus Error: MethodError(OwnedErrorName("org.freedesktop.DBus.Error.NameHasNoOwner"), Some("Could not activate remote peer 'org.a11y.atspi.Registry': unit failed"), Msg { type: Error, serial: 4294967295, sender: UniqueName("org.freedesktop.DBus"), reply-serial: 9, body: Str, fds: [] })
[2m2026-10-03T13:17:13.742035Z[0m [33m WARN[0m [2mplatform_linux::overlay[0m[2m:[0m X11 overlay: root reads cannot see this window's own pixels; save-unders will be served without readback confirmation
dbus-daemon[3253931]: [session uid=1000 pid=3253931 pidfd=5] Activating service name='org.freedesktop.systemd1' requested by ':1.4' (uid=1000 pid=3254369 comm="/usr/bin/dbus-broker-launch --config-file=/usr/sha")
dbus-daemon[3253931]: [session uid=1000 pid=3253931 pidfd=5] Activated service 'org.freedesktop.systemd1' failed: Process org.freedesktop.systemd1 exited with status 1
dbus-daemon[3253931]: [session uid=1000 pid=3253931 pidfd=5] Activating service name='org.freedesktop.systemd1' requested by ':1.4' (uid=1000 pid=3254369 comm="/usr/bin/dbus-broker-launch --config-file=/usr/sha")
dbus-daemon[3253931]: [session uid=1000 pid=3253931 pidfd=5] Activated service 'org.freedesktop.systemd1' failed: Process org.freedesktop.systemd1 exited with status 1
{"trial": "pilot-a1-r05-fill-P2", "outcome": "verified", "oracle_exact_match": true, "completion_mutations": 1, "routes": ["compiled"], "loadavg_before": "23.46 15.41 8.33 14/2359 3271726"}
dbus-daemon[3253931]: [session uid=1000 pid=3253931 pidfd=5] Activating service name='org.freedesktop.systemd1' requested by ':1.4' (uid=1000 pid=3254369 comm="/usr/bin/dbus-broker-launch --config-file=/usr/sha")
dbus-daemon[3253931]: [session uid=1000 pid=3253931 pidfd=5] Activated service 'org.freedesktop.systemd1' failed: Process org.freedesktop.systemd1 exited with status 1
[2m2026-10-03T13:17:15.726132Z[0m [33m WARN[0m [2mcua_driver_sdk::runtime[0m[2m:[0m could not activate the persistent AT-SPI listener: AT-SPI connect failed: ZBus Error: MethodError(OwnedErrorName("org.freedesktop.DBus.Error.NameHasNoOwner"), Some("Could not activate remote peer 'org.a11y.atspi.Registry': unit failed"), Msg { type: Error, serial: 4294967295, sender: UniqueName("org.freedesktop.DBus"), reply-serial: 9, body: Str, fds: [] })
[2m2026-10-03T13:17:15.740523Z[0m [33m WARN[0m [2mplatform_linux::overlay[0m[2m:[0m X11 overlay: root reads cannot see this window's own pixels; save-unders will be served without readback confirmation
dbus-daemon[3253931]: [session uid=1000 pid=3253931 pidfd=5] Activating service name='org.freedesktop.systemd1' requested by ':1.4' (uid=1000 pid=3254369 comm="/usr/bin/dbus-broker-launch --config-file=/usr/sha")
dbus-daemon[3253931]: [session uid=1000 pid=3253931 pidfd=5] Activated service 'org.freedesktop.systemd1' failed: Process org.freedesktop.systemd1 exited with status 1
dbus-daemon[3253931]: [session uid=1000 pid=3253931 pidfd=5] Activating service name='org.freedesktop.systemd1' requested by ':1.4' (uid=1000 pid=3254369 comm="/usr/bin/dbus-broker-launch --config-file=/usr/sha")
dbus-daemon[3253931]: [session uid=1000 pid=3253931 pidfd=5] Activated service 'org.freedesktop.systemd1' failed: Process org.freedesktop.systemd1 exited with status 1
{"trial": "pilot-a1-r05-toggle-Wb", "outcome": "verified", "oracle_exact_match": true, "completion_mutations": 1, "routes": ["provider", "provider"], "loadavg_before": "23.46 15.41 8.33 12/2358 3272353"}
dbus-daemon[3253931]: [session uid=1000 pid=3253931 pidfd=5] Activating service name='org.freedesktop.systemd1' requested by ':1.4' (uid=1000 pid=3254369 comm="/usr/bin/dbus-broker-launch --config-file=/usr/sha")
dbus-daemon[3253931]: [session uid=1000 pid=3253931 pidfd=5] Activated service 'org.freedesktop.systemd1' failed: Process org.freedesktop.systemd1 exited with status 1
[2m2026-10-03T13:17:17.258814Z[0m [33m WARN[0m [2mcua_driver_sdk::runtime[0m[2m:[0m could not activate the persistent AT-SPI listener: AT-SPI connect failed: ZBus Error: MethodError(OwnedErrorName("org.freedesktop.DBus.Error.NameHasNoOwner"), Some("Could not activate remote peer 'org.a11y.atspi.Registry': unit failed"), Msg { type: Error, serial: 4294967295, sender: UniqueName("org.freedesktop.DBus"), reply-serial: 9, body: Str, fds: [] })
[2m2026-10-03T13:17:17.275702Z[0m [33m WARN[0m [2mplatform_linux::overlay[0m[2m:[0m X11 overlay: root reads cannot see this window's own pixels; save-unders will be served without readback confirmation
dbus-daemon[3253931]: [session uid=1000 pid=3253931 pidfd=5] Activating service name='org.freedesktop.systemd1' requested by ':1.4' (uid=1000 pid=3254369 comm="/usr/bin/dbus-broker-launch --config-file=/usr/sha")
dbus-daemon[3253931]: [session uid=1000 pid=3253931 pidfd=5] Activated service 'org.freedesktop.systemd1' failed: Process org.freedesktop.systemd1 exited with status 1
dbus-daemon[3253931]: [session uid=1000 pid=3253931 pidfd=5] Activating service name='org.freedesktop.systemd1' requested by ':1.4' (uid=1000 pid=3254369 comm="/usr/bin/dbus-broker-launch --config-file=/usr/sha")
dbus-daemon[3253931]: [session uid=1000 pid=3253931 pidfd=5] Activated service 'org.freedesktop.systemd1' failed: Process org.freedesktop.systemd1 exited with status 1
{"trial": "pilot-a1-r05-toggle-P2", "outcome": "verified", "oracle_exact_match": true, "completion_mutations": 1, "routes": ["provider", "provider"], "loadavg_before": "23.46 15.41 8.33 10/2359 3272735"}
dbus-daemon[3253931]: [session uid=1000 pid=3253931 pidfd=5] Activating service name='org.freedesktop.systemd1' requested by ':1.4' (uid=1000 pid=3254369 comm="/usr/bin/dbus-broker-launch --config-file=/usr/sha")
dbus-daemon[3253931]: [session uid=1000 pid=3253931 pidfd=5] Activated service 'org.freedesktop.systemd1' failed: Process org.freedesktop.systemd1 exited with status 1
[2m2026-10-03T13:17:19.459220Z[0m [33m WARN[0m [2mcua_driver_sdk::runtime[0m[2m:[0m could not activate the persistent AT-SPI listener: AT-SPI connect failed: ZBus Error: MethodError(OwnedErrorName("org.freedesktop.DBus.Error.NameHasNoOwner"), Some("Could not activate remote peer 'org.a11y.atspi.Registry': unit failed"), Msg { type: Error, serial: 4294967295, sender: UniqueName("org.freedesktop.DBus"), reply-serial: 9, body: Str, fds: [] })
[2m2026-10-03T13:17:19.475445Z[0m [33m WARN[0m [2mplatform_linux::overlay[0m[2m:[0m X11 overlay: root reads cannot see this window's own pixels; save-unders will be served without readback confirmation
dbus-daemon[3253931]: [session uid=1000 pid=3253931 pidfd=5] Activating service name='org.freedesktop.systemd1' requested by ':1.4' (uid=1000 pid=3254369 comm="/usr/bin/dbus-broker-launch --config-file=/usr/sha")
dbus-daemon[3253931]: [session uid=1000 pid=3253931 pidfd=5] Activated service 'org.freedesktop.systemd1' failed: Process org.freedesktop.systemd1 exited with status 1
dbus-daemon[3253931]: [session uid=1000 pid=3253931 pidfd=5] Activating service name='org.freedesktop.systemd1' requested by ':1.4' (uid=1000 pid=3254369 comm="/usr/bin/dbus-broker-launch --config-file=/usr/sha")
dbus-daemon[3253931]: [session uid=1000 pid=3253931 pidfd=5] Activated service 'org.freedesktop.systemd1' failed: Process org.freedesktop.systemd1 exited with status 1
{"trial": "pilot-a1-r05-toggle-Wa", "outcome": "verified", "oracle_exact_match": true, "completion_mutations": 1, "routes": ["provider", "provider"], "loadavg_before": "22.62 15.37 8.35 10/2336 3273070"}
dbus-daemon[3253931]: [session uid=1000 pid=3253931 pidfd=5] Activating service name='org.freedesktop.systemd1' requested by ':1.4' (uid=1000 pid=3254369 comm="/usr/bin/dbus-broker-launch --config-file=/usr/sha")
dbus-daemon[3253931]: [session uid=1000 pid=3253931 pidfd=5] Activated service 'org.freedesktop.systemd1' failed: Process org.freedesktop.systemd1 exited with status 1
[2m2026-10-03T13:17:21.039870Z[0m [33m WARN[0m [2mcua_driver_sdk::runtime[0m[2m:[0m could not activate the persistent AT-SPI listener: AT-SPI connect failed: ZBus Error: MethodError(OwnedErrorName("org.freedesktop.DBus.Error.NameHasNoOwner"), Some("Could not activate remote peer 'org.a11y.atspi.Registry': unit failed"), Msg { type: Error, serial: 4294967295, sender: UniqueName("org.freedesktop.DBus"), reply-serial: 9, body: Str, fds: [] })
[2m2026-10-03T13:17:21.055053Z[0m [33m WARN[0m [2mplatform_linux::overlay[0m[2m:[0m X11 overlay: root reads cannot see this window's own pixels; save-unders will be served without readback confirmation
dbus-daemon[3253931]: [session uid=1000 pid=3253931 pidfd=5] Activating service name='org.freedesktop.systemd1' requested by ':1.4' (uid=1000 pid=3254369 comm="/usr/bin/dbus-broker-launch --config-file=/usr/sha")
dbus-daemon[3253931]: [session uid=1000 pid=3253931 pidfd=5] Activated service 'org.freedesktop.systemd1' failed: Process org.freedesktop.systemd1 exited with status 1
dbus-daemon[3253931]: [session uid=1000 pid=3253931 pidfd=5] Activating service name='org.freedesktop.systemd1' requested by ':1.4' (uid=1000 pid=3254369 comm="/usr/bin/dbus-broker-launch --config-file=/usr/sha")
dbus-daemon[3253931]: [session uid=1000 pid=3253931 pidfd=5] Activated service 'org.freedesktop.systemd1' failed: Process org.freedesktop.systemd1 exited with status 1
{"trial": "pilot-a1-r05-toggle-C", "outcome": "verified", "oracle_exact_match": true, "completion_mutations": 1, "routes": ["provider", "provider"], "loadavg_before": "22.62 15.37 8.35 11/2320 3273386"}
dbus-daemon[3253931]: [session uid=1000 pid=3253931 pidfd=5] Activating service name='org.freedesktop.systemd1' requested by ':1.4' (uid=1000 pid=3254369 comm="/usr/bin/dbus-broker-launch --config-file=/usr/sha")
dbus-daemon[3253931]: [session uid=1000 pid=3253931 pidfd=5] Activated service 'org.freedesktop.systemd1' failed: Process org.freedesktop.systemd1 exited with status 1
[2m2026-10-03T13:17:22.639993Z[0m [33m WARN[0m [2mcua_driver_sdk::runtime[0m[2m:[0m could not activate the persistent AT-SPI listener: AT-SPI connect failed: ZBus Error: MethodError(OwnedErrorName("org.freedesktop.DBus.Error.NameHasNoOwner"), Some("Could not activate remote peer 'org.a11y.atspi.Registry': unit failed"), Msg { type: Error, serial: 4294967295, sender: UniqueName("org.freedesktop.DBus"), reply-serial: 9, body: Str, fds: [] })
[2m2026-10-03T13:17:22.664747Z[0m [33m WARN[0m [2mplatform_linux::overlay[0m[2m:[0m X11 overlay: root reads cannot see this window's own pixels; save-unders will be served without readback confirmation
dbus-daemon[3253931]: [session uid=1000 pid=3253931 pidfd=5] Activating service name='org.freedesktop.systemd1' requested by ':1.4' (uid=1000 pid=3254369 comm="/usr/bin/dbus-broker-launch --config-file=/usr/sha")
dbus-daemon[3253931]: [session uid=1000 pid=3253931 pidfd=5] Activated service 'org.freedesktop.systemd1' failed: Process org.freedesktop.systemd1 exited with status 1
dbus-daemon[3253931]: [session uid=1000 pid=3253931 pidfd=5] Activating service name='org.freedesktop.systemd1' requested by ':1.4' (uid=1000 pid=3254369 comm="/usr/bin/dbus-broker-launch --config-file=/usr/sha")
dbus-daemon[3253931]: [session uid=1000 pid=3253931 pidfd=5] Activated service 'org.freedesktop.systemd1' failed: Process org.freedesktop.systemd1 exited with status 1
{"trial": "pilot-a1-r05-fill-NW2", "outcome": "verified", "oracle_exact_match": true, "completion_mutations": 1, "takeover_envelope": null, "old_binding_envelope": null, "decoy_connections": null, "marker_in_fresh_snapshot": true, "nw2_stale_envelope": {"is_error": false, "status": null, "effect": "refused", "code": "browser_ref_stale"}, "nw2_mutations_from_stale_action": 0, "error_leaves": null}
[b08] end_utc=2026-10-03T13:17:28.444Z rc=0 loadavg=22.65 15.50 8.43
A connection to the bus can't be made
CRITICAL: [dbus_cb_name_lost:1438] Cannot connect to DBus.
[session] exit rc=0 run_dir=<lane-tmp-root>/x11-session.1z7LPT
