[2026-10-03T13:56:28.448Z] chunk b08-main-a1-r30-31-k7 plan=main rounds=30,31 block=m attempt=1 loadavg=2.64 2.61 4.33 hostless=1
[b08] session_attempt=1 jitter_ms=483 utc=2026-10-03T14:03:39.750Z
[session] DISPLAY=:100 openbox=12315 picom=12316 dbus=unix:path=<private-dbus>,guid=773119ba60f62c30557ffc2e6ac10b3e
[b08] display=:100 xdpyinfo=ok start_utc=2026-10-03T14:03:44.770Z loadavg=2.71 4.25 4.57 telemetry_env=false dnt=1 lock=exclusive wayland=unset hostless=1
dbus-daemon[12313]: [session uid=1000 pid=12313 pidfd=4] Activating service name='org.a11y.Bus' requested by ':1.0' (uid=1000 pid=12443 comm="<lanes>/bin/cua-driver-b0")
dbus-daemon[12313]: [session uid=1000 pid=12313 pidfd=4] Successfully activated service 'org.a11y.Bus'
dbus-daemon[12313]: [session uid=1000 pid=12313 pidfd=4] Activating service name='ca.desrt.dconf' requested by ':1.1' (uid=1000 pid=12451 comm="/usr/lib/at-spi-bus-launcher")
dbus-daemon[12313]: [session uid=1000 pid=12313 pidfd=4] Successfully activated service 'ca.desrt.dconf'
dbus-daemon[12313]: [session uid=1000 pid=12313 pidfd=4] Activating service name='org.freedesktop.systemd1' requested by ':1.4' (uid=1000 pid=12483 comm="/usr/bin/dbus-broker-launch --config-file=/usr/sha")
dbus-daemon[12313]: [session uid=1000 pid=12313 pidfd=4] Activated service 'org.freedesktop.systemd1' failed: Process org.freedesktop.systemd1 exited with status 1
[2m2026-10-03T14:03:45.786570Z[0m [33m WARN[0m [2mcua_driver_sdk::runtime[0m[2m:[0m could not activate the persistent AT-SPI listener: AT-SPI connect failed: ZBus Error: MethodError(OwnedErrorName("org.freedesktop.DBus.Error.NameHasNoOwner"), Some("Could not activate remote peer 'org.a11y.atspi.Registry': unit failed"), Msg { type: Error, serial: 4294967295, sender: UniqueName("org.freedesktop.DBus"), reply-serial: 10, body: Str, fds: [] })
[2m2026-10-03T14:03:45.793708Z[0m [33m WARN[0m [2mplatform_linux::overlay[0m[2m:[0m X11 overlay: root reads cannot see this window's own pixels; save-unders will be served without readback confirmation
dbus-daemon[12313]: [session uid=1000 pid=12313 pidfd=4] Activating service name='org.gtk.vfs.Daemon' requested by ':1.5' (uid=1000 pid=12574 comm="/opt/google/chrome/chrome --remote-debugging-port=")
dbus-daemon[12313]: [session uid=1000 pid=12313 pidfd=4] Successfully activated service 'org.gtk.vfs.Daemon'
fusermount3: mount failed: Operation not permitted
dbus-daemon[12313]: [session uid=1000 pid=12313 pidfd=4] Activating service name='org.freedesktop.systemd1' requested by ':1.4' (uid=1000 pid=12483 comm="/usr/bin/dbus-broker-launch --config-file=/usr/sha")
dbus-daemon[12313]: [session uid=1000 pid=12313 pidfd=4] Activated service 'org.freedesktop.systemd1' failed: Process org.freedesktop.systemd1 exited with status 1
dbus-daemon[12313]: [session uid=1000 pid=12313 pidfd=4] Activating service name='org.freedesktop.systemd1' requested by ':1.4' (uid=1000 pid=12483 comm="/usr/bin/dbus-broker-launch --config-file=/usr/sha")
dbus-daemon[12313]: [session uid=1000 pid=12313 pidfd=4] Activated service 'org.freedesktop.systemd1' failed: Process org.freedesktop.systemd1 exited with status 1
dbus-daemon[12313]: [session uid=1000 pid=12313 pidfd=4] Activating service name='org.freedesktop.Notifications' requested by ':1.7' (uid=1000 pid=12574 comm="/opt/google/chrome/chrome --remote-debugging-port=")
dbus-daemon[12313]: [session uid=1000 pid=12313 pidfd=4] Activating service name='org.freedesktop.portal.Desktop' requested by ':1.7' (uid=1000 pid=12574 comm="/opt/google/chrome/chrome --remote-debugging-port=")
dbus-daemon[12313]: [session uid=1000 pid=12313 pidfd=4] Activating service name='org.freedesktop.impl.portal.PermissionStore' requested by ':1.9' (uid=1000 pid=12740 comm="/usr/lib/xdg-desktop-portal")
dbus-daemon[12313]: [session uid=1000 pid=12313 pidfd=4] Successfully activated service 'org.freedesktop.Notifications'
dbus-daemon[12313]: [session uid=1000 pid=12313 pidfd=4] Successfully activated service 'org.freedesktop.impl.portal.PermissionStore'
dbus-daemon[12313]: [session uid=1000 pid=12313 pidfd=4] Activating service name='org.freedesktop.portal.Documents' requested by ':1.9' (uid=1000 pid=12740 comm="/usr/lib/xdg-desktop-portal")
dbus-daemon[12313]: [session uid=1000 pid=12313 pidfd=4] Successfully activated service 'org.freedesktop.portal.Documents'
fusermount3: mount failed: Operation not permitted
error: fuse init failed: Can't mount path <lane-tmp-root>/x11-session.JcUc3r/xdg-runtime/doc

(/usr/lib/xdg-desktop-portal:12740): xdg-desktop-portal-WARNING **: 09:03:46.336: Document portal fuse mount point unknown: GDBus.Error:org.freedesktop.DBus.Error.ServiceUnknown: The name :1.11 was not provided by any .service files

(/usr/lib/xdg-desktop-portal:12740): xdg-desktop-portal-WARNING **: 09:03:46.336: Choosing gtk.portal for org.freedesktop.impl.portal.Lockdown as a last-resort fallback
dbus-daemon[12313]: [session uid=1000 pid=12313 pidfd=4] Activating service name='org.freedesktop.impl.portal.desktop.gtk' requested by ':1.9' (uid=1000 pid=12740 comm="/usr/lib/xdg-desktop-portal")
dbus-daemon[12313]: [session uid=1000 pid=12313 pidfd=4] Activating service name='org.freedesktop.systemd1' requested by ':1.4' (uid=1000 pid=12483 comm="/usr/bin/dbus-broker-launch --config-file=/usr/sha")
dbus-daemon[12313]: [session uid=1000 pid=12313 pidfd=4] Activated service 'org.freedesktop.systemd1' failed: Process org.freedesktop.systemd1 exited with status 1
dbus-daemon[12313]: [session uid=1000 pid=12313 pidfd=4] Successfully activated service 'org.freedesktop.impl.portal.desktop.gtk'

** (xdg-desktop-portal-gtk:12767): WARNING **: 09:03:46.359: AT-SPI: Could not obtain desktop path or name

dbus-daemon[12313]: [session uid=1000 pid=12313 pidfd=4] Activating service name='org.freedesktop.systemd1' requested by ':1.4' (uid=1000 pid=12483 comm="/usr/bin/dbus-broker-launch --config-file=/usr/sha")

(/usr/lib/xdg-desktop-portal:12740): xdg-desktop-portal-WARNING **: 09:03:46.360: Choosing gtk.portal for org.freedesktop.impl.portal.Access as a last-resort fallback
dbus-daemon[12313]: [session uid=1000 pid=12313 pidfd=4] Activated service 'org.freedesktop.systemd1' failed: Process org.freedesktop.systemd1 exited with status 1

** (xdg-desktop-portal-gtk:12767): WARNING **: 09:03:46.361: atk-bridge: GetRegisteredEvents returned message with unknown signature

** (xdg-desktop-portal-gtk:12767): WARNING **: 09:03:46.361: atk-bridge: get_device_events_reply: unknown signature

(/usr/lib/xdg-desktop-portal:12740): xdg-desktop-portal-WARNING **: 09:03:46.370: Choosing gtk.portal for org.freedesktop.impl.portal.Settings as a last-resort fallback

(/usr/lib/xdg-desktop-portal:12740): xdg-desktop-portal-WARNING **: 09:03:46.370: Choosing gtk.portal for org.freedesktop.impl.portal.FileChooser as a last-resort fallback

(/usr/lib/xdg-desktop-portal:12740): xdg-desktop-portal-WARNING **: 09:03:46.370: Choosing gtk.portal for org.freedesktop.impl.portal.AppChooser as a last-resort fallback

(/usr/lib/xdg-desktop-portal:12740): xdg-desktop-portal-WARNING **: 09:03:46.371: Choosing gtk.portal for org.freedesktop.impl.portal.Print as a last-resort fallback

(/usr/lib/xdg-desktop-portal:12740): xdg-desktop-portal-WARNING **: 09:03:46.371: Choosing gtk.portal for org.freedesktop.impl.portal.Notification as a last-resort fallback

(/usr/lib/xdg-desktop-portal:12740): xdg-desktop-portal-WARNING **: 09:03:46.371: Choosing gtk.portal for org.freedesktop.impl.portal.Inhibit as a last-resort fallback

(/usr/lib/xdg-desktop-portal:12740): xdg-desktop-portal-WARNING **: 09:03:46.373: Failed to connect to PipeWire: Couldn't connect to PipeWire

(/usr/lib/xdg-desktop-portal:12740): xdg-desktop-portal-WARNING **: 09:03:46.373: Choosing gtk.portal for org.freedesktop.impl.portal.Account as a last-resort fallback

(/usr/lib/xdg-desktop-portal:12740): xdg-desktop-portal-WARNING **: 09:03:46.373: Choosing gtk.portal for org.freedesktop.impl.portal.Email as a last-resort fallback

(/usr/lib/xdg-desktop-portal:12740): xdg-desktop-portal-WARNING **: 09:03:46.373: Choosing gtk.portal for org.freedesktop.impl.portal.DynamicLauncher as a last-resort fallback
dbus-daemon[12313]: [session uid=1000 pid=12313 pidfd=4] Successfully activated service 'org.freedesktop.portal.Desktop'
{"trial": "m-a1-r30-fill-Wb", "outcome": "verified", "oracle_exact_match": true, "completion_mutations": 1, "routes": ["compiled"], "loadavg_before": "2.71 4.25 4.57 1/2274 12441"}
dbus-daemon[12313]: [session uid=1000 pid=12313 pidfd=4] Activating service name='org.freedesktop.systemd1' requested by ':1.4' (uid=1000 pid=12483 comm="/usr/bin/dbus-broker-launch --config-file=/usr/sha")
dbus-daemon[12313]: [session uid=1000 pid=12313 pidfd=4] Activated service 'org.freedesktop.systemd1' failed: Process org.freedesktop.systemd1 exited with status 1
[2m2026-10-03T14:03:47.239058Z[0m [33m WARN[0m [2mcua_driver_sdk::runtime[0m[2m:[0m could not activate the persistent AT-SPI listener: AT-SPI connect failed: ZBus Error: MethodError(OwnedErrorName("org.freedesktop.DBus.Error.NameHasNoOwner"), Some("Could not activate remote peer 'org.a11y.atspi.Registry': unit failed"), Msg { type: Error, serial: 4294967295, sender: UniqueName("org.freedesktop.DBus"), reply-serial: 9, body: Str, fds: [] })
[2m2026-10-03T14:03:47.246116Z[0m [33m WARN[0m [2mplatform_linux::overlay[0m[2m:[0m X11 overlay: root reads cannot see this window's own pixels; save-unders will be served without readback confirmation
dbus-daemon[12313]: [session uid=1000 pid=12313 pidfd=4] Activating service name='org.freedesktop.systemd1' requested by ':1.4' (uid=1000 pid=12483 comm="/usr/bin/dbus-broker-launch --config-file=/usr/sha")
dbus-daemon[12313]: [session uid=1000 pid=12313 pidfd=4] Activated service 'org.freedesktop.systemd1' failed: Process org.freedesktop.systemd1 exited with status 1
dbus-daemon[12313]: [session uid=1000 pid=12313 pidfd=4] Activating service name='org.freedesktop.systemd1' requested by ':1.4' (uid=1000 pid=12483 comm="/usr/bin/dbus-broker-launch --config-file=/usr/sha")
dbus-daemon[12313]: [session uid=1000 pid=12313 pidfd=4] Activated service 'org.freedesktop.systemd1' failed: Process org.freedesktop.systemd1 exited with status 1
{"trial": "m-a1-r30-fill-P2", "outcome": "verified", "oracle_exact_match": true, "completion_mutations": 1, "routes": ["compiled"], "loadavg_before": "2.71 4.25 4.57 1/2317 12895"}
dbus-daemon[12313]: [session uid=1000 pid=12313 pidfd=4] Activating service name='org.freedesktop.systemd1' requested by ':1.4' (uid=1000 pid=12483 comm="/usr/bin/dbus-broker-launch --config-file=/usr/sha")
dbus-daemon[12313]: [session uid=1000 pid=12313 pidfd=4] Activated service 'org.freedesktop.systemd1' failed: Process org.freedesktop.systemd1 exited with status 1
[2m2026-10-03T14:03:48.740013Z[0m [33m WARN[0m [2mcua_driver_sdk::runtime[0m[2m:[0m could not activate the persistent AT-SPI listener: AT-SPI connect failed: ZBus Error: MethodError(OwnedErrorName("org.freedesktop.DBus.Error.NameHasNoOwner"), Some("Could not activate remote peer 'org.a11y.atspi.Registry': unit failed"), Msg { type: Error, serial: 4294967295, sender: UniqueName("org.freedesktop.DBus"), reply-serial: 9, body: Str, fds: [] })
[2m2026-10-03T14:03:48.746922Z[0m [33m WARN[0m [2mplatform_linux::overlay[0m[2m:[0m X11 overlay: root reads cannot see this window's own pixels; save-unders will be served without readback confirmation
dbus-daemon[12313]: [session uid=1000 pid=12313 pidfd=4] Activating service name='org.freedesktop.systemd1' requested by ':1.4' (uid=1000 pid=12483 comm="/usr/bin/dbus-broker-launch --config-file=/usr/sha")
dbus-daemon[12313]: [session uid=1000 pid=12313 pidfd=4] Activated service 'org.freedesktop.systemd1' failed: Process org.freedesktop.systemd1 exited with status 1
dbus-daemon[12313]: [session uid=1000 pid=12313 pidfd=4] Activating service name='org.freedesktop.systemd1' requested by ':1.4' (uid=1000 pid=12483 comm="/usr/bin/dbus-broker-launch --config-file=/usr/sha")
dbus-daemon[12313]: [session uid=1000 pid=12313 pidfd=4] Activated service 'org.freedesktop.systemd1' failed: Process org.freedesktop.systemd1 exited with status 1
{"trial": "m-a1-r30-fill-Wa", "outcome": "verified", "oracle_exact_match": true, "completion_mutations": 1, "routes": ["compiled"], "loadavg_before": "2.71 4.25 4.57 2/2317 13212"}
dbus-daemon[12313]: [session uid=1000 pid=12313 pidfd=4] Activating service name='org.freedesktop.systemd1' requested by ':1.4' (uid=1000 pid=12483 comm="/usr/bin/dbus-broker-launch --config-file=/usr/sha")
dbus-daemon[12313]: [session uid=1000 pid=12313 pidfd=4] Activated service 'org.freedesktop.systemd1' failed: Process org.freedesktop.systemd1 exited with status 1
[2m2026-10-03T14:03:50.240706Z[0m [33m WARN[0m [2mcua_driver_sdk::runtime[0m[2m:[0m could not activate the persistent AT-SPI listener: AT-SPI connect failed: ZBus Error: MethodError(OwnedErrorName("org.freedesktop.DBus.Error.NameHasNoOwner"), Some("Could not activate remote peer 'org.a11y.atspi.Registry': unit failed"), Msg { type: Error, serial: 4294967295, sender: UniqueName("org.freedesktop.DBus"), reply-serial: 9, body: Str, fds: [] })
[2m2026-10-03T14:03:50.247255Z[0m [33m WARN[0m [2mplatform_linux::overlay[0m[2m:[0m X11 overlay: root reads cannot see this window's own pixels; save-unders will be served without readback confirmation
dbus-daemon[12313]: [session uid=1000 pid=12313 pidfd=4] Activating service name='org.freedesktop.systemd1' requested by ':1.4' (uid=1000 pid=12483 comm="/usr/bin/dbus-broker-launch --config-file=/usr/sha")
dbus-daemon[12313]: [session uid=1000 pid=12313 pidfd=4] Activated service 'org.freedesktop.systemd1' failed: Process org.freedesktop.systemd1 exited with status 1
dbus-daemon[12313]: [session uid=1000 pid=12313 pidfd=4] Activating service name='org.freedesktop.systemd1' requested by ':1.4' (uid=1000 pid=12483 comm="/usr/bin/dbus-broker-launch --config-file=/usr/sha")
dbus-daemon[12313]: [session uid=1000 pid=12313 pidfd=4] Activated service 'org.freedesktop.systemd1' failed: Process org.freedesktop.systemd1 exited with status 1
{"trial": "m-a1-r30-fill-C", "outcome": "verified", "oracle_exact_match": true, "completion_mutations": 1, "routes": ["compiled"], "loadavg_before": "3.46 4.38 4.61 1/2284 13522"}
dbus-daemon[12313]: [session uid=1000 pid=12313 pidfd=4] Activating service name='org.freedesktop.systemd1' requested by ':1.4' (uid=1000 pid=12483 comm="/usr/bin/dbus-broker-launch --config-file=/usr/sha")
dbus-daemon[12313]: [session uid=1000 pid=12313 pidfd=4] Activated service 'org.freedesktop.systemd1' failed: Process org.freedesktop.systemd1 exited with status 1
[2m2026-10-03T14:03:51.741122Z[0m [33m WARN[0m [2mcua_driver_sdk::runtime[0m[2m:[0m could not activate the persistent AT-SPI listener: AT-SPI connect failed: ZBus Error: MethodError(OwnedErrorName("org.freedesktop.DBus.Error.NameHasNoOwner"), Some("Could not activate remote peer 'org.a11y.atspi.Registry': unit failed"), Msg { type: Error, serial: 4294967295, sender: UniqueName("org.freedesktop.DBus"), reply-serial: 9, body: Str, fds: [] })
[2m2026-10-03T14:03:51.747711Z[0m [33m WARN[0m [2mplatform_linux::overlay[0m[2m:[0m X11 overlay: root reads cannot see this window's own pixels; save-unders will be served without readback confirmation
dbus-daemon[12313]: [session uid=1000 pid=12313 pidfd=4] Activating service name='org.freedesktop.systemd1' requested by ':1.4' (uid=1000 pid=12483 comm="/usr/bin/dbus-broker-launch --config-file=/usr/sha")
dbus-daemon[12313]: [session uid=1000 pid=12313 pidfd=4] Activated service 'org.freedesktop.systemd1' failed: Process org.freedesktop.systemd1 exited with status 1
dbus-daemon[12313]: [session uid=1000 pid=12313 pidfd=4] Activating service name='org.freedesktop.systemd1' requested by ':1.4' (uid=1000 pid=12483 comm="/usr/bin/dbus-broker-launch --config-file=/usr/sha")
dbus-daemon[12313]: [session uid=1000 pid=12313 pidfd=4] Activated service 'org.freedesktop.systemd1' failed: Process org.freedesktop.systemd1 exited with status 1
{"trial": "m-a1-r30-toggle-P2", "outcome": "verified", "oracle_exact_match": true, "completion_mutations": 1, "routes": ["provider", "provider"], "loadavg_before": "3.46 4.38 4.61 1/2276 13781"}
dbus-daemon[12313]: [session uid=1000 pid=12313 pidfd=4] Activating service name='org.freedesktop.systemd1' requested by ':1.4' (uid=1000 pid=12483 comm="/usr/bin/dbus-broker-launch --config-file=/usr/sha")
dbus-daemon[12313]: [session uid=1000 pid=12313 pidfd=4] Activated service 'org.freedesktop.systemd1' failed: Process org.freedesktop.systemd1 exited with status 1
[2m2026-10-03T14:03:52.876007Z[0m [33m WARN[0m [2mcua_driver_sdk::runtime[0m[2m:[0m could not activate the persistent AT-SPI listener: AT-SPI connect failed: ZBus Error: MethodError(OwnedErrorName("org.freedesktop.DBus.Error.NameHasNoOwner"), Some("Could not activate remote peer 'org.a11y.atspi.Registry': unit failed"), Msg { type: Error, serial: 4294967295, sender: UniqueName("org.freedesktop.DBus"), reply-serial: 9, body: Str, fds: [] })
[2m2026-10-03T14:03:52.882734Z[0m [33m WARN[0m [2mplatform_linux::overlay[0m[2m:[0m X11 overlay: root reads cannot see this window's own pixels; save-unders will be served without readback confirmation
dbus-daemon[12313]: [session uid=1000 pid=12313 pidfd=4] Activating service name='org.freedesktop.systemd1' requested by ':1.4' (uid=1000 pid=12483 comm="/usr/bin/dbus-broker-launch --config-file=/usr/sha")
dbus-daemon[12313]: [session uid=1000 pid=12313 pidfd=4] Activated service 'org.freedesktop.systemd1' failed: Process org.freedesktop.systemd1 exited with status 1
dbus-daemon[12313]: [session uid=1000 pid=12313 pidfd=4] Activating service name='org.freedesktop.systemd1' requested by ':1.4' (uid=1000 pid=12483 comm="/usr/bin/dbus-broker-launch --config-file=/usr/sha")
dbus-daemon[12313]: [session uid=1000 pid=12313 pidfd=4] Activated service 'org.freedesktop.systemd1' failed: Process org.freedesktop.systemd1 exited with status 1
{"trial": "m-a1-r30-toggle-C", "outcome": "verified", "oracle_exact_match": true, "completion_mutations": 1, "routes": ["provider", "provider"], "loadavg_before": "3.46 4.38 4.61 2/2297 14103"}
dbus-daemon[12313]: [session uid=1000 pid=12313 pidfd=4] Activating service name='org.freedesktop.systemd1' requested by ':1.4' (uid=1000 pid=12483 comm="/usr/bin/dbus-broker-launch --config-file=/usr/sha")
dbus-daemon[12313]: [session uid=1000 pid=12313 pidfd=4] Activated service 'org.freedesktop.systemd1' failed: Process org.freedesktop.systemd1 exited with status 1
[2m2026-10-03T14:03:53.979854Z[0m [33m WARN[0m [2mcua_driver_sdk::runtime[0m[2m:[0m could not activate the persistent AT-SPI listener: AT-SPI connect failed: ZBus Error: MethodError(OwnedErrorName("org.freedesktop.DBus.Error.NameHasNoOwner"), Some("Could not activate remote peer 'org.a11y.atspi.Registry': unit failed"), Msg { type: Error, serial: 4294967295, sender: UniqueName("org.freedesktop.DBus"), reply-serial: 9, body: Str, fds: [] })
[2m2026-10-03T14:03:53.986412Z[0m [33m WARN[0m [2mplatform_linux::overlay[0m[2m:[0m X11 overlay: root reads cannot see this window's own pixels; save-unders will be served without readback confirmation
dbus-daemon[12313]: [session uid=1000 pid=12313 pidfd=4] Activating service name='org.freedesktop.systemd1' requested by ':1.4' (uid=1000 pid=12483 comm="/usr/bin/dbus-broker-launch --config-file=/usr/sha")
dbus-daemon[12313]: [session uid=1000 pid=12313 pidfd=4] Activated service 'org.freedesktop.systemd1' failed: Process org.freedesktop.systemd1 exited with status 1
dbus-daemon[12313]: [session uid=1000 pid=12313 pidfd=4] Activating service name='org.freedesktop.systemd1' requested by ':1.4' (uid=1000 pid=12483 comm="/usr/bin/dbus-broker-launch --config-file=/usr/sha")
dbus-daemon[12313]: [session uid=1000 pid=12313 pidfd=4] Activated service 'org.freedesktop.systemd1' failed: Process org.freedesktop.systemd1 exited with status 1
{"trial": "m-a1-r30-toggle-Wb", "outcome": "verified", "oracle_exact_match": true, "completion_mutations": 1, "routes": ["provider", "provider"], "loadavg_before": "3.46 4.38 4.61 1/2307 14473"}
dbus-daemon[12313]: [session uid=1000 pid=12313 pidfd=4] Activating service name='org.freedesktop.systemd1' requested by ':1.4' (uid=1000 pid=12483 comm="/usr/bin/dbus-broker-launch --config-file=/usr/sha")
dbus-daemon[12313]: [session uid=1000 pid=12313 pidfd=4] Activated service 'org.freedesktop.systemd1' failed: Process org.freedesktop.systemd1 exited with status 1
[2m2026-10-03T14:03:55.104435Z[0m [33m WARN[0m [2mcua_driver_sdk::runtime[0m[2m:[0m could not activate the persistent AT-SPI listener: AT-SPI connect failed: ZBus Error: MethodError(OwnedErrorName("org.freedesktop.DBus.Error.NameHasNoOwner"), Some("Could not activate remote peer 'org.a11y.atspi.Registry': unit failed"), Msg { type: Error, serial: 4294967295, sender: UniqueName("org.freedesktop.DBus"), reply-serial: 9, body: Str, fds: [] })
[2m2026-10-03T14:03:55.111153Z[0m [33m WARN[0m [2mplatform_linux::overlay[0m[2m:[0m X11 overlay: root reads cannot see this window's own pixels; save-unders will be served without readback confirmation
dbus-daemon[12313]: [session uid=1000 pid=12313 pidfd=4] Activating service name='org.freedesktop.systemd1' requested by ':1.4' (uid=1000 pid=12483 comm="/usr/bin/dbus-broker-launch --config-file=/usr/sha")
dbus-daemon[12313]: [session uid=1000 pid=12313 pidfd=4] Activated service 'org.freedesktop.systemd1' failed: Process org.freedesktop.systemd1 exited with status 1
dbus-daemon[12313]: [session uid=1000 pid=12313 pidfd=4] Activating service name='org.freedesktop.systemd1' requested by ':1.4' (uid=1000 pid=12483 comm="/usr/bin/dbus-broker-launch --config-file=/usr/sha")
dbus-daemon[12313]: [session uid=1000 pid=12313 pidfd=4] Activated service 'org.freedesktop.systemd1' failed: Process org.freedesktop.systemd1 exited with status 1
{"trial": "m-a1-r30-toggle-Wa", "outcome": "verified", "oracle_exact_match": true, "completion_mutations": 1, "routes": ["provider", "provider"], "loadavg_before": "3.50 4.38 4.61 3/2278 14755"}
dbus-daemon[12313]: [session uid=1000 pid=12313 pidfd=4] Activating service name='org.freedesktop.systemd1' requested by ':1.4' (uid=1000 pid=12483 comm="/usr/bin/dbus-broker-launch --config-file=/usr/sha")
dbus-daemon[12313]: [session uid=1000 pid=12313 pidfd=4] Activated service 'org.freedesktop.systemd1' failed: Process org.freedesktop.systemd1 exited with status 1
[2m2026-10-03T14:03:56.231750Z[0m [33m WARN[0m [2mcua_driver_sdk::runtime[0m[2m:[0m could not activate the persistent AT-SPI listener: AT-SPI connect failed: ZBus Error: MethodError(OwnedErrorName("org.freedesktop.DBus.Error.NameHasNoOwner"), Some("Could not activate remote peer 'org.a11y.atspi.Registry': unit failed"), Msg { type: Error, serial: 4294967295, sender: UniqueName("org.freedesktop.DBus"), reply-serial: 9, body: Str, fds: [] })
[2m2026-10-03T14:03:56.238744Z[0m [33m WARN[0m [2mplatform_linux::overlay[0m[2m:[0m X11 overlay: root reads cannot see this window's own pixels; save-unders will be served without readback confirmation
dbus-daemon[12313]: [session uid=1000 pid=12313 pidfd=4] Activating service name='org.freedesktop.systemd1' requested by ':1.4' (uid=1000 pid=12483 comm="/usr/bin/dbus-broker-launch --config-file=/usr/sha")
dbus-daemon[12313]: [session uid=1000 pid=12313 pidfd=4] Activated service 'org.freedesktop.systemd1' failed: Process org.freedesktop.systemd1 exited with status 1
dbus-daemon[12313]: [session uid=1000 pid=12313 pidfd=4] Activating service name='org.freedesktop.systemd1' requested by ':1.4' (uid=1000 pid=12483 comm="/usr/bin/dbus-broker-launch --config-file=/usr/sha")
dbus-daemon[12313]: [session uid=1000 pid=12313 pidfd=4] Activated service 'org.freedesktop.systemd1' failed: Process org.freedesktop.systemd1 exited with status 1
{"trial": "m-a1-r30-modal-C", "outcome": "verified", "oracle_exact_match": true, "completion_mutations": 1, "routes": ["provider", "provider"], "loadavg_before": "3.50 4.38 4.61 1/2279 15063"}
dbus-daemon[12313]: [session uid=1000 pid=12313 pidfd=4] Activating service name='org.freedesktop.systemd1' requested by ':1.4' (uid=1000 pid=12483 comm="/usr/bin/dbus-broker-launch --config-file=/usr/sha")
dbus-daemon[12313]: [session uid=1000 pid=12313 pidfd=4] Activated service 'org.freedesktop.systemd1' failed: Process org.freedesktop.systemd1 exited with status 1
[2m2026-10-03T14:03:57.320991Z[0m [33m WARN[0m [2mcua_driver_sdk::runtime[0m[2m:[0m could not activate the persistent AT-SPI listener: AT-SPI connect failed: ZBus Error: MethodError(OwnedErrorName("org.freedesktop.DBus.Error.NameHasNoOwner"), Some("Could not activate remote peer 'org.a11y.atspi.Registry': unit failed"), Msg { type: Error, serial: 4294967295, sender: UniqueName("org.freedesktop.DBus"), reply-serial: 9, body: Str, fds: [] })
[2m2026-10-03T14:03:57.327164Z[0m [33m WARN[0m [2mplatform_linux::overlay[0m[2m:[0m X11 overlay: root reads cannot see this window's own pixels; save-unders will be served without readback confirmation
dbus-daemon[12313]: [session uid=1000 pid=12313 pidfd=4] Activating service name='org.freedesktop.systemd1' requested by ':1.4' (uid=1000 pid=12483 comm="/usr/bin/dbus-broker-launch --config-file=/usr/sha")
dbus-daemon[12313]: [session uid=1000 pid=12313 pidfd=4] Activated service 'org.freedesktop.systemd1' failed: Process org.freedesktop.systemd1 exited with status 1
dbus-daemon[12313]: [session uid=1000 pid=12313 pidfd=4] Activating service name='org.freedesktop.systemd1' requested by ':1.4' (uid=1000 pid=12483 comm="/usr/bin/dbus-broker-launch --config-file=/usr/sha")
dbus-daemon[12313]: [session uid=1000 pid=12313 pidfd=4] Activated service 'org.freedesktop.systemd1' failed: Process org.freedesktop.systemd1 exited with status 1
{"trial": "m-a1-r30-modal-Wa", "outcome": "verified", "oracle_exact_match": true, "completion_mutations": 1, "routes": ["provider", "provider"], "loadavg_before": "3.50 4.38 4.61 1/2281 15324"}
dbus-daemon[12313]: [session uid=1000 pid=12313 pidfd=4] Activating service name='org.freedesktop.systemd1' requested by ':1.4' (uid=1000 pid=12483 comm="/usr/bin/dbus-broker-launch --config-file=/usr/sha")
dbus-daemon[12313]: [session uid=1000 pid=12313 pidfd=4] Activated service 'org.freedesktop.systemd1' failed: Process org.freedesktop.systemd1 exited with status 1
[2m2026-10-03T14:03:58.436708Z[0m [33m WARN[0m [2mcua_driver_sdk::runtime[0m[2m:[0m could not activate the persistent AT-SPI listener: AT-SPI connect failed: ZBus Error: MethodError(OwnedErrorName("org.freedesktop.DBus.Error.NameHasNoOwner"), Some("Could not activate remote peer 'org.a11y.atspi.Registry': unit failed"), Msg { type: Error, serial: 4294967295, sender: UniqueName("org.freedesktop.DBus"), reply-serial: 9, body: Str, fds: [] })
[2m2026-10-03T14:03:58.443359Z[0m [33m WARN[0m [2mplatform_linux::overlay[0m[2m:[0m X11 overlay: root reads cannot see this window's own pixels; save-unders will be served without readback confirmation
dbus-daemon[12313]: [session uid=1000 pid=12313 pidfd=4] Activating service name='org.freedesktop.systemd1' requested by ':1.4' (uid=1000 pid=12483 comm="/usr/bin/dbus-broker-launch --config-file=/usr/sha")
dbus-daemon[12313]: [session uid=1000 pid=12313 pidfd=4] Activated service 'org.freedesktop.systemd1' failed: Process org.freedesktop.systemd1 exited with status 1
dbus-daemon[12313]: [session uid=1000 pid=12313 pidfd=4] Activating service name='org.freedesktop.systemd1' requested by ':1.4' (uid=1000 pid=12483 comm="/usr/bin/dbus-broker-launch --config-file=/usr/sha")
dbus-daemon[12313]: [session uid=1000 pid=12313 pidfd=4] Activated service 'org.freedesktop.systemd1' failed: Process org.freedesktop.systemd1 exited with status 1
{"trial": "m-a1-r30-modal-P2", "outcome": "verified", "oracle_exact_match": true, "completion_mutations": 1, "routes": ["provider", "provider"], "loadavg_before": "3.50 4.38 4.61 2/2283 15608"}
dbus-daemon[12313]: [session uid=1000 pid=12313 pidfd=4] Activating service name='org.freedesktop.systemd1' requested by ':1.4' (uid=1000 pid=12483 comm="/usr/bin/dbus-broker-launch --config-file=/usr/sha")
dbus-daemon[12313]: [session uid=1000 pid=12313 pidfd=4] Activated service 'org.freedesktop.systemd1' failed: Process org.freedesktop.systemd1 exited with status 1
[2m2026-10-03T14:03:59.568127Z[0m [33m WARN[0m [2mcua_driver_sdk::runtime[0m[2m:[0m could not activate the persistent AT-SPI listener: AT-SPI connect failed: ZBus Error: MethodError(OwnedErrorName("org.freedesktop.DBus.Error.NameHasNoOwner"), Some("Could not activate remote peer 'org.a11y.atspi.Registry': unit failed"), Msg { type: Error, serial: 4294967295, sender: UniqueName("org.freedesktop.DBus"), reply-serial: 9, body: Str, fds: [] })
[2m2026-10-03T14:03:59.574677Z[0m [33m WARN[0m [2mplatform_linux::overlay[0m[2m:[0m X11 overlay: root reads cannot see this window's own pixels; save-unders will be served without readback confirmation
dbus-daemon[12313]: [session uid=1000 pid=12313 pidfd=4] Activating service name='org.freedesktop.systemd1' requested by ':1.4' (uid=1000 pid=12483 comm="/usr/bin/dbus-broker-launch --config-file=/usr/sha")
dbus-daemon[12313]: [session uid=1000 pid=12313 pidfd=4] Activated service 'org.freedesktop.systemd1' failed: Process org.freedesktop.systemd1 exited with status 1
dbus-daemon[12313]: [session uid=1000 pid=12313 pidfd=4] Activating service name='org.freedesktop.systemd1' requested by ':1.4' (uid=1000 pid=12483 comm="/usr/bin/dbus-broker-launch --config-file=/usr/sha")
dbus-daemon[12313]: [session uid=1000 pid=12313 pidfd=4] Activated service 'org.freedesktop.systemd1' failed: Process org.freedesktop.systemd1 exited with status 1
{"trial": "m-a1-r30-modal-Wb", "outcome": "verified", "oracle_exact_match": true, "completion_mutations": 1, "routes": ["provider", "provider"], "loadavg_before": "3.22 4.30 4.58 1/2274 15872"}
dbus-daemon[12313]: [session uid=1000 pid=12313 pidfd=4] Activating service name='org.freedesktop.systemd1' requested by ':1.4' (uid=1000 pid=12483 comm="/usr/bin/dbus-broker-launch --config-file=/usr/sha")
dbus-daemon[12313]: [session uid=1000 pid=12313 pidfd=4] Activated service 'org.freedesktop.systemd1' failed: Process org.freedesktop.systemd1 exited with status 1
[2m2026-10-03T14:04:00.686849Z[0m [33m WARN[0m [2mcua_driver_sdk::runtime[0m[2m:[0m could not activate the persistent AT-SPI listener: AT-SPI connect failed: ZBus Error: MethodError(OwnedErrorName("org.freedesktop.DBus.Error.NameHasNoOwner"), Some("Could not activate remote peer 'org.a11y.atspi.Registry': unit failed"), Msg { type: Error, serial: 4294967295, sender: UniqueName("org.freedesktop.DBus"), reply-serial: 9, body: Str, fds: [] })
[2m2026-10-03T14:04:00.693831Z[0m [33m WARN[0m [2mplatform_linux::overlay[0m[2m:[0m X11 overlay: root reads cannot see this window's own pixels; save-unders will be served without readback confirmation
dbus-daemon[12313]: [session uid=1000 pid=12313 pidfd=4] Activating service name='org.freedesktop.systemd1' requested by ':1.4' (uid=1000 pid=12483 comm="/usr/bin/dbus-broker-launch --config-file=/usr/sha")
dbus-daemon[12313]: [session uid=1000 pid=12313 pidfd=4] Activated service 'org.freedesktop.systemd1' failed: Process org.freedesktop.systemd1 exited with status 1
dbus-daemon[12313]: [session uid=1000 pid=12313 pidfd=4] Activating service name='org.freedesktop.systemd1' requested by ':1.4' (uid=1000 pid=12483 comm="/usr/bin/dbus-broker-launch --config-file=/usr/sha")
dbus-daemon[12313]: [session uid=1000 pid=12313 pidfd=4] Activated service 'org.freedesktop.systemd1' failed: Process org.freedesktop.systemd1 exited with status 1
{"trial": "m-a1-r31-toggle-C", "outcome": "verified", "oracle_exact_match": true, "completion_mutations": 1, "routes": ["provider", "provider"], "loadavg_before": "3.22 4.30 4.58 1/2274 16160"}
dbus-daemon[12313]: [session uid=1000 pid=12313 pidfd=4] Activating service name='org.freedesktop.systemd1' requested by ':1.4' (uid=1000 pid=12483 comm="/usr/bin/dbus-broker-launch --config-file=/usr/sha")
dbus-daemon[12313]: [session uid=1000 pid=12313 pidfd=4] Activated service 'org.freedesktop.systemd1' failed: Process org.freedesktop.systemd1 exited with status 1
[2m2026-10-03T14:04:01.790823Z[0m [33m WARN[0m [2mcua_driver_sdk::runtime[0m[2m:[0m could not activate the persistent AT-SPI listener: AT-SPI connect failed: ZBus Error: MethodError(OwnedErrorName("org.freedesktop.DBus.Error.NameHasNoOwner"), Some("Could not activate remote peer 'org.a11y.atspi.Registry': unit failed"), Msg { type: Error, serial: 4294967295, sender: UniqueName("org.freedesktop.DBus"), reply-serial: 9, body: Str, fds: [] })
[2m2026-10-03T14:04:01.797395Z[0m [33m WARN[0m [2mplatform_linux::overlay[0m[2m:[0m X11 overlay: root reads cannot see this window's own pixels; save-unders will be served without readback confirmation
dbus-daemon[12313]: [session uid=1000 pid=12313 pidfd=4] Activating service name='org.freedesktop.systemd1' requested by ':1.4' (uid=1000 pid=12483 comm="/usr/bin/dbus-broker-launch --config-file=/usr/sha")
dbus-daemon[12313]: [session uid=1000 pid=12313 pidfd=4] Activated service 'org.freedesktop.systemd1' failed: Process org.freedesktop.systemd1 exited with status 1
dbus-daemon[12313]: [session uid=1000 pid=12313 pidfd=4] Activating service name='org.freedesktop.systemd1' requested by ':1.4' (uid=1000 pid=12483 comm="/usr/bin/dbus-broker-launch --config-file=/usr/sha")
dbus-daemon[12313]: [session uid=1000 pid=12313 pidfd=4] Activated service 'org.freedesktop.systemd1' failed: Process org.freedesktop.systemd1 exited with status 1
{"trial": "m-a1-r31-toggle-Wa", "outcome": "verified", "oracle_exact_match": true, "completion_mutations": 1, "routes": ["provider", "provider"], "loadavg_before": "3.22 4.30 4.58 1/2272 16466"}
dbus-daemon[12313]: [session uid=1000 pid=12313 pidfd=4] Activating service name='org.freedesktop.systemd1' requested by ':1.4' (uid=1000 pid=12483 comm="/usr/bin/dbus-broker-launch --config-file=/usr/sha")
dbus-daemon[12313]: [session uid=1000 pid=12313 pidfd=4] Activated service 'org.freedesktop.systemd1' failed: Process org.freedesktop.systemd1 exited with status 1
[2m2026-10-03T14:04:02.907712Z[0m [33m WARN[0m [2mcua_driver_sdk::runtime[0m[2m:[0m could not activate the persistent AT-SPI listener: AT-SPI connect failed: ZBus Error: MethodError(OwnedErrorName("org.freedesktop.DBus.Error.NameHasNoOwner"), Some("Could not activate remote peer 'org.a11y.atspi.Registry': unit failed"), Msg { type: Error, serial: 4294967295, sender: UniqueName("org.freedesktop.DBus"), reply-serial: 9, body: Str, fds: [] })
[2m2026-10-03T14:04:02.914102Z[0m [33m WARN[0m [2mplatform_linux::overlay[0m[2m:[0m X11 overlay: root reads cannot see this window's own pixels; save-unders will be served without readback confirmation
dbus-daemon[12313]: [session uid=1000 pid=12313 pidfd=4] Activating service name='org.freedesktop.systemd1' requested by ':1.4' (uid=1000 pid=12483 comm="/usr/bin/dbus-broker-launch --config-file=/usr/sha")
dbus-daemon[12313]: [session uid=1000 pid=12313 pidfd=4] Activated service 'org.freedesktop.systemd1' failed: Process org.freedesktop.systemd1 exited with status 1
dbus-daemon[12313]: [session uid=1000 pid=12313 pidfd=4] Activating service name='org.freedesktop.systemd1' requested by ':1.4' (uid=1000 pid=12483 comm="/usr/bin/dbus-broker-launch --config-file=/usr/sha")
dbus-daemon[12313]: [session uid=1000 pid=12313 pidfd=4] Activated service 'org.freedesktop.systemd1' failed: Process org.freedesktop.systemd1 exited with status 1
{"trial": "m-a1-r31-toggle-P2", "outcome": "verified", "oracle_exact_match": true, "completion_mutations": 1, "routes": ["provider", "provider"], "loadavg_before": "3.22 4.30 4.58 1/2270 16757"}
dbus-daemon[12313]: [session uid=1000 pid=12313 pidfd=4] Activating service name='org.freedesktop.systemd1' requested by ':1.4' (uid=1000 pid=12483 comm="/usr/bin/dbus-broker-launch --config-file=/usr/sha")
dbus-daemon[12313]: [session uid=1000 pid=12313 pidfd=4] Activated service 'org.freedesktop.systemd1' failed: Process org.freedesktop.systemd1 exited with status 1
[2m2026-10-03T14:04:04.048007Z[0m [33m WARN[0m [2mcua_driver_sdk::runtime[0m[2m:[0m could not activate the persistent AT-SPI listener: AT-SPI connect failed: ZBus Error: MethodError(OwnedErrorName("org.freedesktop.DBus.Error.NameHasNoOwner"), Some("Could not activate remote peer 'org.a11y.atspi.Registry': unit failed"), Msg { type: Error, serial: 4294967295, sender: UniqueName("org.freedesktop.DBus"), reply-serial: 9, body: Str, fds: [] })
[2m2026-10-03T14:04:04.054779Z[0m [33m WARN[0m [2mplatform_linux::overlay[0m[2m:[0m X11 overlay: root reads cannot see this window's own pixels; save-unders will be served without readback confirmation
dbus-daemon[12313]: [session uid=1000 pid=12313 pidfd=4] Activating service name='org.freedesktop.systemd1' requested by ':1.4' (uid=1000 pid=12483 comm="/usr/bin/dbus-broker-launch --config-file=/usr/sha")
dbus-daemon[12313]: [session uid=1000 pid=12313 pidfd=4] Activated service 'org.freedesktop.systemd1' failed: Process org.freedesktop.systemd1 exited with status 1
dbus-daemon[12313]: [session uid=1000 pid=12313 pidfd=4] Activating service name='org.freedesktop.systemd1' requested by ':1.4' (uid=1000 pid=12483 comm="/usr/bin/dbus-broker-launch --config-file=/usr/sha")
dbus-daemon[12313]: [session uid=1000 pid=12313 pidfd=4] Activated service 'org.freedesktop.systemd1' failed: Process org.freedesktop.systemd1 exited with status 1
{"trial": "m-a1-r31-toggle-Wb", "outcome": "verified", "oracle_exact_match": true, "completion_mutations": 1, "routes": ["provider", "provider"], "loadavg_before": "3.22 4.30 4.58 1/2270 17018"}
dbus-daemon[12313]: [session uid=1000 pid=12313 pidfd=4] Activating service name='org.freedesktop.systemd1' requested by ':1.4' (uid=1000 pid=12483 comm="/usr/bin/dbus-broker-launch --config-file=/usr/sha")
dbus-daemon[12313]: [session uid=1000 pid=12313 pidfd=4] Activated service 'org.freedesktop.systemd1' failed: Process org.freedesktop.systemd1 exited with status 1
[2m2026-10-03T14:04:05.172988Z[0m [33m WARN[0m [2mcua_driver_sdk::runtime[0m[2m:[0m could not activate the persistent AT-SPI listener: AT-SPI connect failed: ZBus Error: MethodError(OwnedErrorName("org.freedesktop.DBus.Error.NameHasNoOwner"), Some("Could not activate remote peer 'org.a11y.atspi.Registry': unit failed"), Msg { type: Error, serial: 4294967295, sender: UniqueName("org.freedesktop.DBus"), reply-serial: 9, body: Str, fds: [] })
[2m2026-10-03T14:04:05.179710Z[0m [33m WARN[0m [2mplatform_linux::overlay[0m[2m:[0m X11 overlay: root reads cannot see this window's own pixels; save-unders will be served without readback confirmation
dbus-daemon[12313]: [session uid=1000 pid=12313 pidfd=4] Activating service name='org.freedesktop.systemd1' requested by ':1.4' (uid=1000 pid=12483 comm="/usr/bin/dbus-broker-launch --config-file=/usr/sha")
dbus-daemon[12313]: [session uid=1000 pid=12313 pidfd=4] Activated service 'org.freedesktop.systemd1' failed: Process org.freedesktop.systemd1 exited with status 1
dbus-daemon[12313]: [session uid=1000 pid=12313 pidfd=4] Activating service name='org.freedesktop.systemd1' requested by ':1.4' (uid=1000 pid=12483 comm="/usr/bin/dbus-broker-launch --config-file=/usr/sha")
dbus-daemon[12313]: [session uid=1000 pid=12313 pidfd=4] Activated service 'org.freedesktop.systemd1' failed: Process org.freedesktop.systemd1 exited with status 1
{"trial": "m-a1-r31-modal-Wa", "outcome": "verified", "oracle_exact_match": true, "completion_mutations": 1, "routes": ["provider", "provider"], "loadavg_before": "3.04 4.25 4.56 1/2270 17339"}
dbus-daemon[12313]: [session uid=1000 pid=12313 pidfd=4] Activating service name='org.freedesktop.systemd1' requested by ':1.4' (uid=1000 pid=12483 comm="/usr/bin/dbus-broker-launch --config-file=/usr/sha")
dbus-daemon[12313]: [session uid=1000 pid=12313 pidfd=4] Activated service 'org.freedesktop.systemd1' failed: Process org.freedesktop.systemd1 exited with status 1
[2m2026-10-03T14:04:06.288804Z[0m [33m WARN[0m [2mcua_driver_sdk::runtime[0m[2m:[0m could not activate the persistent AT-SPI listener: AT-SPI connect failed: ZBus Error: MethodError(OwnedErrorName("org.freedesktop.DBus.Error.NameHasNoOwner"), Some("Could not activate remote peer 'org.a11y.atspi.Registry': unit failed"), Msg { type: Error, serial: 4294967295, sender: UniqueName("org.freedesktop.DBus"), reply-serial: 9, body: Str, fds: [] })
[2m2026-10-03T14:04:06.295648Z[0m [33m WARN[0m [2mplatform_linux::overlay[0m[2m:[0m X11 overlay: root reads cannot see this window's own pixels; save-unders will be served without readback confirmation
dbus-daemon[12313]: [session uid=1000 pid=12313 pidfd=4] Activating service name='org.freedesktop.systemd1' requested by ':1.4' (uid=1000 pid=12483 comm="/usr/bin/dbus-broker-launch --config-file=/usr/sha")
dbus-daemon[12313]: [session uid=1000 pid=12313 pidfd=4] Activated service 'org.freedesktop.systemd1' failed: Process org.freedesktop.systemd1 exited with status 1
dbus-daemon[12313]: [session uid=1000 pid=12313 pidfd=4] Activating service name='org.freedesktop.systemd1' requested by ':1.4' (uid=1000 pid=12483 comm="/usr/bin/dbus-broker-launch --config-file=/usr/sha")
dbus-daemon[12313]: [session uid=1000 pid=12313 pidfd=4] Activated service 'org.freedesktop.systemd1' failed: Process org.freedesktop.systemd1 exited with status 1
{"trial": "m-a1-r31-modal-Wb", "outcome": "verified", "oracle_exact_match": true, "completion_mutations": 1, "routes": ["provider", "provider"], "loadavg_before": "3.04 4.25 4.56 2/2270 17626"}
dbus-daemon[12313]: [session uid=1000 pid=12313 pidfd=4] Activating service name='org.freedesktop.systemd1' requested by ':1.4' (uid=1000 pid=12483 comm="/usr/bin/dbus-broker-launch --config-file=/usr/sha")
dbus-daemon[12313]: [session uid=1000 pid=12313 pidfd=4] Activated service 'org.freedesktop.systemd1' failed: Process org.freedesktop.systemd1 exited with status 1
[2m2026-10-03T14:04:07.421600Z[0m [33m WARN[0m [2mcua_driver_sdk::runtime[0m[2m:[0m could not activate the persistent AT-SPI listener: AT-SPI connect failed: ZBus Error: MethodError(OwnedErrorName("org.freedesktop.DBus.Error.NameHasNoOwner"), Some("Could not activate remote peer 'org.a11y.atspi.Registry': unit failed"), Msg { type: Error, serial: 4294967295, sender: UniqueName("org.freedesktop.DBus"), reply-serial: 9, body: Str, fds: [] })
[2m2026-10-03T14:04:07.428939Z[0m [33m WARN[0m [2mplatform_linux::overlay[0m[2m:[0m X11 overlay: root reads cannot see this window's own pixels; save-unders will be served without readback confirmation
dbus-daemon[12313]: [session uid=1000 pid=12313 pidfd=4] Activating service name='org.freedesktop.systemd1' requested by ':1.4' (uid=1000 pid=12483 comm="/usr/bin/dbus-broker-launch --config-file=/usr/sha")
dbus-daemon[12313]: [session uid=1000 pid=12313 pidfd=4] Activated service 'org.freedesktop.systemd1' failed: Process org.freedesktop.systemd1 exited with status 1
dbus-daemon[12313]: [session uid=1000 pid=12313 pidfd=4] Activating service name='org.freedesktop.systemd1' requested by ':1.4' (uid=1000 pid=12483 comm="/usr/bin/dbus-broker-launch --config-file=/usr/sha")
dbus-daemon[12313]: [session uid=1000 pid=12313 pidfd=4] Activated service 'org.freedesktop.systemd1' failed: Process org.freedesktop.systemd1 exited with status 1
{"trial": "m-a1-r31-modal-C", "outcome": "verified", "oracle_exact_match": true, "completion_mutations": 1, "routes": ["provider", "provider"], "loadavg_before": "3.04 4.25 4.56 1/2268 17883"}
dbus-daemon[12313]: [session uid=1000 pid=12313 pidfd=4] Activating service name='org.freedesktop.systemd1' requested by ':1.4' (uid=1000 pid=12483 comm="/usr/bin/dbus-broker-launch --config-file=/usr/sha")
dbus-daemon[12313]: [session uid=1000 pid=12313 pidfd=4] Activated service 'org.freedesktop.systemd1' failed: Process org.freedesktop.systemd1 exited with status 1
[2m2026-10-03T14:04:08.511778Z[0m [33m WARN[0m [2mcua_driver_sdk::runtime[0m[2m:[0m could not activate the persistent AT-SPI listener: AT-SPI connect failed: ZBus Error: MethodError(OwnedErrorName("org.freedesktop.DBus.Error.NameHasNoOwner"), Some("Could not activate remote peer 'org.a11y.atspi.Registry': unit failed"), Msg { type: Error, serial: 4294967295, sender: UniqueName("org.freedesktop.DBus"), reply-serial: 9, body: Str, fds: [] })
[2m2026-10-03T14:04:08.518281Z[0m [33m WARN[0m [2mplatform_linux::overlay[0m[2m:[0m X11 overlay: root reads cannot see this window's own pixels; save-unders will be served without readback confirmation
dbus-daemon[12313]: [session uid=1000 pid=12313 pidfd=4] Activating service name='org.freedesktop.systemd1' requested by ':1.4' (uid=1000 pid=12483 comm="/usr/bin/dbus-broker-launch --config-file=/usr/sha")
dbus-daemon[12313]: [session uid=1000 pid=12313 pidfd=4] Activated service 'org.freedesktop.systemd1' failed: Process org.freedesktop.systemd1 exited with status 1
dbus-daemon[12313]: [session uid=1000 pid=12313 pidfd=4] Activating service name='org.freedesktop.systemd1' requested by ':1.4' (uid=1000 pid=12483 comm="/usr/bin/dbus-broker-launch --config-file=/usr/sha")
dbus-daemon[12313]: [session uid=1000 pid=12313 pidfd=4] Activated service 'org.freedesktop.systemd1' failed: Process org.freedesktop.systemd1 exited with status 1
{"trial": "m-a1-r31-modal-P2", "outcome": "verified", "oracle_exact_match": true, "completion_mutations": 1, "routes": ["provider", "provider"], "loadavg_before": "3.04 4.25 4.56 2/2278 18175"}
dbus-daemon[12313]: [session uid=1000 pid=12313 pidfd=4] Activating service name='org.freedesktop.systemd1' requested by ':1.4' (uid=1000 pid=12483 comm="/usr/bin/dbus-broker-launch --config-file=/usr/sha")
dbus-daemon[12313]: [session uid=1000 pid=12313 pidfd=4] Activated service 'org.freedesktop.systemd1' failed: Process org.freedesktop.systemd1 exited with status 1
[2m2026-10-03T14:04:09.645875Z[0m [33m WARN[0m [2mcua_driver_sdk::runtime[0m[2m:[0m could not activate the persistent AT-SPI listener: AT-SPI connect failed: ZBus Error: MethodError(OwnedErrorName("org.freedesktop.DBus.Error.NameHasNoOwner"), Some("Could not activate remote peer 'org.a11y.atspi.Registry': unit failed"), Msg { type: Error, serial: 4294967295, sender: UniqueName("org.freedesktop.DBus"), reply-serial: 9, body: Str, fds: [] })
[2m2026-10-03T14:04:09.652298Z[0m [33m WARN[0m [2mplatform_linux::overlay[0m[2m:[0m X11 overlay: root reads cannot see this window's own pixels; save-unders will be served without readback confirmation
dbus-daemon[12313]: [session uid=1000 pid=12313 pidfd=4] Activating service name='org.freedesktop.systemd1' requested by ':1.4' (uid=1000 pid=12483 comm="/usr/bin/dbus-broker-launch --config-file=/usr/sha")
dbus-daemon[12313]: [session uid=1000 pid=12313 pidfd=4] Activated service 'org.freedesktop.systemd1' failed: Process org.freedesktop.systemd1 exited with status 1
dbus-daemon[12313]: [session uid=1000 pid=12313 pidfd=4] Activating service name='org.freedesktop.systemd1' requested by ':1.4' (uid=1000 pid=12483 comm="/usr/bin/dbus-broker-launch --config-file=/usr/sha")
dbus-daemon[12313]: [session uid=1000 pid=12313 pidfd=4] Activated service 'org.freedesktop.systemd1' failed: Process org.freedesktop.systemd1 exited with status 1
{"trial": "m-a1-r31-fill-P2", "outcome": "verified", "oracle_exact_match": true, "completion_mutations": 1, "routes": ["compiled"], "loadavg_before": "2.80 4.18 4.54 1/2297 18456"}
dbus-daemon[12313]: [session uid=1000 pid=12313 pidfd=4] Activating service name='org.freedesktop.systemd1' requested by ':1.4' (uid=1000 pid=12483 comm="/usr/bin/dbus-broker-launch --config-file=/usr/sha")
dbus-daemon[12313]: [session uid=1000 pid=12313 pidfd=4] Activated service 'org.freedesktop.systemd1' failed: Process org.freedesktop.systemd1 exited with status 1
[2m2026-10-03T14:04:11.146673Z[0m [33m WARN[0m [2mcua_driver_sdk::runtime[0m[2m:[0m could not activate the persistent AT-SPI listener: AT-SPI connect failed: ZBus Error: MethodError(OwnedErrorName("org.freedesktop.DBus.Error.NameHasNoOwner"), Some("Could not activate remote peer 'org.a11y.atspi.Registry': unit failed"), Msg { type: Error, serial: 4294967295, sender: UniqueName("org.freedesktop.DBus"), reply-serial: 9, body: Str, fds: [] })
[2m2026-10-03T14:04:11.153763Z[0m [33m WARN[0m [2mplatform_linux::overlay[0m[2m:[0m X11 overlay: root reads cannot see this window's own pixels; save-unders will be served without readback confirmation
dbus-daemon[12313]: [session uid=1000 pid=12313 pidfd=4] Activating service name='org.freedesktop.systemd1' requested by ':1.4' (uid=1000 pid=12483 comm="/usr/bin/dbus-broker-launch --config-file=/usr/sha")
dbus-daemon[12313]: [session uid=1000 pid=12313 pidfd=4] Activated service 'org.freedesktop.systemd1' failed: Process org.freedesktop.systemd1 exited with status 1
dbus-daemon[12313]: [session uid=1000 pid=12313 pidfd=4] Activating service name='org.freedesktop.systemd1' requested by ':1.4' (uid=1000 pid=12483 comm="/usr/bin/dbus-broker-launch --config-file=/usr/sha")
dbus-daemon[12313]: [session uid=1000 pid=12313 pidfd=4] Activated service 'org.freedesktop.systemd1' failed: Process org.freedesktop.systemd1 exited with status 1
{"trial": "m-a1-r31-fill-C", "outcome": "verified", "oracle_exact_match": true, "completion_mutations": 1, "routes": ["compiled"], "loadavg_before": "2.80 4.18 4.54 2/2317 18768"}
dbus-daemon[12313]: [session uid=1000 pid=12313 pidfd=4] Activating service name='org.freedesktop.systemd1' requested by ':1.4' (uid=1000 pid=12483 comm="/usr/bin/dbus-broker-launch --config-file=/usr/sha")
dbus-daemon[12313]: [session uid=1000 pid=12313 pidfd=4] Activated service 'org.freedesktop.systemd1' failed: Process org.freedesktop.systemd1 exited with status 1
[2m2026-10-03T14:04:12.649040Z[0m [33m WARN[0m [2mcua_driver_sdk::runtime[0m[2m:[0m could not activate the persistent AT-SPI listener: AT-SPI connect failed: ZBus Error: MethodError(OwnedErrorName("org.freedesktop.DBus.Error.NameHasNoOwner"), Some("Could not activate remote peer 'org.a11y.atspi.Registry': unit failed"), Msg { type: Error, serial: 4294967295, sender: UniqueName("org.freedesktop.DBus"), reply-serial: 9, body: Str, fds: [] })
[2m2026-10-03T14:04:12.655289Z[0m [33m WARN[0m [2mplatform_linux::overlay[0m[2m:[0m X11 overlay: root reads cannot see this window's own pixels; save-unders will be served without readback confirmation
dbus-daemon[12313]: [session uid=1000 pid=12313 pidfd=4] Activating service name='org.freedesktop.systemd1' requested by ':1.4' (uid=1000 pid=12483 comm="/usr/bin/dbus-broker-launch --config-file=/usr/sha")
dbus-daemon[12313]: [session uid=1000 pid=12313 pidfd=4] Activated service 'org.freedesktop.systemd1' failed: Process org.freedesktop.systemd1 exited with status 1
dbus-daemon[12313]: [session uid=1000 pid=12313 pidfd=4] Activating service name='org.freedesktop.systemd1' requested by ':1.4' (uid=1000 pid=12483 comm="/usr/bin/dbus-broker-launch --config-file=/usr/sha")
dbus-daemon[12313]: [session uid=1000 pid=12313 pidfd=4] Activated service 'org.freedesktop.systemd1' failed: Process org.freedesktop.systemd1 exited with status 1
{"trial": "m-a1-r31-fill-Wb", "outcome": "verified", "oracle_exact_match": true, "completion_mutations": 1, "routes": ["compiled"], "loadavg_before": "2.80 4.18 4.54 2/2317 19053"}
dbus-daemon[12313]: [session uid=1000 pid=12313 pidfd=4] Activating service name='org.freedesktop.systemd1' requested by ':1.4' (uid=1000 pid=12483 comm="/usr/bin/dbus-broker-launch --config-file=/usr/sha")
dbus-daemon[12313]: [session uid=1000 pid=12313 pidfd=4] Activated service 'org.freedesktop.systemd1' failed: Process org.freedesktop.systemd1 exited with status 1
[2m2026-10-03T14:04:14.148515Z[0m [33m WARN[0m [2mcua_driver_sdk::runtime[0m[2m:[0m could not activate the persistent AT-SPI listener: AT-SPI connect failed: ZBus Error: MethodError(OwnedErrorName("org.freedesktop.DBus.Error.NameHasNoOwner"), Some("Could not activate remote peer 'org.a11y.atspi.Registry': unit failed"), Msg { type: Error, serial: 4294967295, sender: UniqueName("org.freedesktop.DBus"), reply-serial: 9, body: Str, fds: [] })
[2m2026-10-03T14:04:14.155663Z[0m [33m WARN[0m [2mplatform_linux::overlay[0m[2m:[0m X11 overlay: root reads cannot see this window's own pixels; save-unders will be served without readback confirmation
dbus-daemon[12313]: [session uid=1000 pid=12313 pidfd=4] Activating service name='org.freedesktop.systemd1' requested by ':1.4' (uid=1000 pid=12483 comm="/usr/bin/dbus-broker-launch --config-file=/usr/sha")
dbus-daemon[12313]: [session uid=1000 pid=12313 pidfd=4] Activated service 'org.freedesktop.systemd1' failed: Process org.freedesktop.systemd1 exited with status 1
dbus-daemon[12313]: [session uid=1000 pid=12313 pidfd=4] Activating service name='org.freedesktop.systemd1' requested by ':1.4' (uid=1000 pid=12483 comm="/usr/bin/dbus-broker-launch --config-file=/usr/sha")
dbus-daemon[12313]: [session uid=1000 pid=12313 pidfd=4] Activated service 'org.freedesktop.systemd1' failed: Process org.freedesktop.systemd1 exited with status 1
{"trial": "m-a1-r31-fill-Wa", "outcome": "verified", "oracle_exact_match": true, "completion_mutations": 1, "routes": ["compiled"], "loadavg_before": "2.80 4.18 4.54 5/2321 19320"}
[b08] end_utc=2026-10-03T14:04:15.698Z rc=0 loadavg=2.81 4.16 4.53
X connection to :100 broken (explicit kill or server shutdown).
A connection to the bus can't be made
[session] exit rc=0 run_dir=<lane-tmp-root>/x11-session.JcUc3r
[2026-10-03T14:04:15.709Z] chunk b08-main-a1-r30-31-k7 rc=0 loadavg=2.81 4.16 4.53
