[session] DISPLAY=:99 openbox=4010369 picom=4010370 dbus=unix:path=<session-tmp>/dbus-X,guid=b62087011537e49b92f69c9c6abf4478
[b02] DISPLAY=:99 start_utc=2026-10-02T05:43:22.572Z loadavg=16.26 13.39 13.23 14/2574 4010500
Cua Driver sends content-free product telemetry by default. Run `cua-driver telemetry disable` to stop it; `cua-driver telemetry status` shows the current setting.
dbus-daemon[4010367]: [session uid=1000 pid=4010367 pidfd=5] Activating service name='org.a11y.Bus' requested by ':1.0' (uid=1000 pid=4010557 comm="<lanes>/bin/cua-driver-b0")
dbus-daemon[4010367]: [session uid=1000 pid=4010367 pidfd=5] Successfully activated service 'org.a11y.Bus'
dbus-daemon[4010367]: [session uid=1000 pid=4010367 pidfd=5] Activating service name='ca.desrt.dconf' requested by ':1.1' (uid=1000 pid=4010589 comm="/usr/lib/at-spi-bus-launcher")
dbus-daemon[4010367]: [session uid=1000 pid=4010367 pidfd=5] Successfully activated service 'ca.desrt.dconf'
dbus-daemon[4010367]: [session uid=1000 pid=4010367 pidfd=5] Activating service name='org.freedesktop.systemd1' requested by ':1.4' (uid=1000 pid=4010605 comm="/usr/bin/dbus-broker-launch --config-file=/usr/sha")
dbus-daemon[4010367]: [session uid=1000 pid=4010367 pidfd=5] Activated service 'org.freedesktop.systemd1' failed: Process org.freedesktop.systemd1 exited with status 1
[2m2026-10-02T05:43:23.747076Z[0m [33m WARN[0m [2mcua_driver_sdk::runtime[0m[2m:[0m could not activate the persistent AT-SPI listener: AT-SPI connect failed: ZBus Error: MethodError(OwnedErrorName("org.freedesktop.DBus.Error.NameHasNoOwner"), Some("Could not activate remote peer 'org.a11y.atspi.Registry': unit failed"), Msg { type: Error, serial: 4294967295, sender: UniqueName("org.freedesktop.DBus"), reply-serial: 10, body: Str, fds: [] })
[2m2026-10-02T05:43:23.768259Z[0m [33m WARN[0m [2mplatform_linux::overlay[0m[2m:[0m X11 overlay: root reads cannot see this window's own pixels; save-unders will be served without readback confirmation
dbus-daemon[4010367]: [session uid=1000 pid=4010367 pidfd=5] Activating service name='org.gtk.vfs.Daemon' requested by ':1.5' (uid=1000 pid=4010682 comm="/opt/google/chrome/chrome --remote-debugging-port=")
dbus-daemon[4010367]: [session uid=1000 pid=4010367 pidfd=5] Successfully activated service 'org.gtk.vfs.Daemon'
fusermount3: mount failed: Operation not permitted
dbus-daemon[4010367]: [session uid=1000 pid=4010367 pidfd=5] Activating service name='org.freedesktop.systemd1' requested by ':1.4' (uid=1000 pid=4010605 comm="/usr/bin/dbus-broker-launch --config-file=/usr/sha")
dbus-daemon[4010367]: [session uid=1000 pid=4010367 pidfd=5] Activated service 'org.freedesktop.systemd1' failed: Process org.freedesktop.systemd1 exited with status 1
dbus-daemon[4010367]: [session uid=1000 pid=4010367 pidfd=5] Activating service name='org.freedesktop.systemd1' requested by ':1.4' (uid=1000 pid=4010605 comm="/usr/bin/dbus-broker-launch --config-file=/usr/sha")
dbus-daemon[4010367]: [session uid=1000 pid=4010367 pidfd=5] Activated service 'org.freedesktop.systemd1' failed: Process org.freedesktop.systemd1 exited with status 1
dbus-daemon[4010367]: [session uid=1000 pid=4010367 pidfd=5] Activating service name='org.freedesktop.Notifications' requested by ':1.7' (uid=1000 pid=4010682 comm="/opt/google/chrome/chrome --remote-debugging-port=")
dbus-daemon[4010367]: [session uid=1000 pid=4010367 pidfd=5] Activating service name='org.freedesktop.portal.Desktop' requested by ':1.7' (uid=1000 pid=4010682 comm="/opt/google/chrome/chrome --remote-debugging-port=")
dbus-daemon[4010367]: [session uid=1000 pid=4010367 pidfd=5] Successfully activated service 'org.freedesktop.Notifications'
dbus-daemon[4010367]: [session uid=1000 pid=4010367 pidfd=5] Activating service name='org.freedesktop.impl.portal.PermissionStore' requested by ':1.9' (uid=1000 pid=4010921 comm="/usr/lib/xdg-desktop-portal")
dbus-daemon[4010367]: [session uid=1000 pid=4010367 pidfd=5] Successfully activated service 'org.freedesktop.impl.portal.PermissionStore'
dbus-daemon[4010367]: [session uid=1000 pid=4010367 pidfd=5] Activating service name='org.freedesktop.portal.Documents' requested by ':1.9' (uid=1000 pid=4010921 comm="/usr/lib/xdg-desktop-portal")
dbus-daemon[4010367]: [session uid=1000 pid=4010367 pidfd=5] Successfully activated service 'org.freedesktop.portal.Documents'
fusermount3: mount failed: Operation not permitted
error: fuse init failed: Can't mount path <lane-tmp>/x11-session.7gjJQb/xdg-runtime/doc

(/usr/lib/xdg-desktop-portal:4010921): xdg-desktop-portal-WARNING **: 00:43:25.107: Document portal fuse mount point unknown: GDBus.Error:org.freedesktop.DBus.Error.ServiceUnknown: The name :1.11 was not provided by any .service files

(/usr/lib/xdg-desktop-portal:4010921): xdg-desktop-portal-WARNING **: 00:43:25.107: Choosing gtk.portal for org.freedesktop.impl.portal.Lockdown as a last-resort fallback
dbus-daemon[4010367]: [session uid=1000 pid=4010367 pidfd=5] Activating service name='org.freedesktop.impl.portal.desktop.gtk' requested by ':1.9' (uid=1000 pid=4010921 comm="/usr/lib/xdg-desktop-portal")
dbus-daemon[4010367]: [session uid=1000 pid=4010367 pidfd=5] Activating service name='org.freedesktop.systemd1' requested by ':1.4' (uid=1000 pid=4010605 comm="/usr/bin/dbus-broker-launch --config-file=/usr/sha")
dbus-daemon[4010367]: [session uid=1000 pid=4010367 pidfd=5] Activated service 'org.freedesktop.systemd1' failed: Process org.freedesktop.systemd1 exited with status 1
dbus-daemon[4010367]: [session uid=1000 pid=4010367 pidfd=5] Successfully activated service 'org.freedesktop.impl.portal.desktop.gtk'

** (xdg-desktop-portal-gtk:4010945): WARNING **: 00:43:25.144: AT-SPI: Could not obtain desktop path or name


(/usr/lib/xdg-desktop-portal:4010921): xdg-desktop-portal-WARNING **: 00:43:25.146: Choosing gtk.portal for org.freedesktop.impl.portal.Access as a last-resort fallback
dbus-daemon[4010367]: [session uid=1000 pid=4010367 pidfd=5] Activating service name='org.freedesktop.systemd1' requested by ':1.4' (uid=1000 pid=4010605 comm="/usr/bin/dbus-broker-launch --config-file=/usr/sha")
dbus-daemon[4010367]: [session uid=1000 pid=4010367 pidfd=5] Activated service 'org.freedesktop.systemd1' failed: Process org.freedesktop.systemd1 exited with status 1

** (xdg-desktop-portal-gtk:4010945): WARNING **: 00:43:25.153: atk-bridge: GetRegisteredEvents returned message with unknown signature

** (xdg-desktop-portal-gtk:4010945): WARNING **: 00:43:25.153: atk-bridge: get_device_events_reply: unknown signature

(/usr/lib/xdg-desktop-portal:4010921): xdg-desktop-portal-WARNING **: 00:43:25.164: Choosing gtk.portal for org.freedesktop.impl.portal.Settings as a last-resort fallback

(/usr/lib/xdg-desktop-portal:4010921): xdg-desktop-portal-WARNING **: 00:43:25.168: Choosing gtk.portal for org.freedesktop.impl.portal.FileChooser as a last-resort fallback

(/usr/lib/xdg-desktop-portal:4010921): xdg-desktop-portal-WARNING **: 00:43:25.169: Choosing gtk.portal for org.freedesktop.impl.portal.AppChooser as a last-resort fallback

(/usr/lib/xdg-desktop-portal:4010921): xdg-desktop-portal-WARNING **: 00:43:25.171: Choosing gtk.portal for org.freedesktop.impl.portal.Print as a last-resort fallback

(/usr/lib/xdg-desktop-portal:4010921): xdg-desktop-portal-WARNING **: 00:43:25.172: Choosing gtk.portal for org.freedesktop.impl.portal.Notification as a last-resort fallback

(/usr/lib/xdg-desktop-portal:4010921): xdg-desktop-portal-WARNING **: 00:43:25.173: Choosing gtk.portal for org.freedesktop.impl.portal.Inhibit as a last-resort fallback

(/usr/lib/xdg-desktop-portal:4010921): xdg-desktop-portal-WARNING **: 00:43:25.177: Failed to connect to PipeWire: Couldn't connect to PipeWire

(/usr/lib/xdg-desktop-portal:4010921): xdg-desktop-portal-WARNING **: 00:43:25.177: Choosing gtk.portal for org.freedesktop.impl.portal.Account as a last-resort fallback

(/usr/lib/xdg-desktop-portal:4010921): xdg-desktop-portal-WARNING **: 00:43:25.178: Choosing gtk.portal for org.freedesktop.impl.portal.Email as a last-resort fallback

(/usr/lib/xdg-desktop-portal:4010921): xdg-desktop-portal-WARNING **: 00:43:25.179: Choosing gtk.portal for org.freedesktop.impl.portal.DynamicLauncher as a last-resort fallback
dbus-daemon[4010367]: [session uid=1000 pid=4010367 pidfd=5] Successfully activated service 'org.freedesktop.portal.Desktop'
{"trial": "shakeb000-toggle-K5E-ne1", "outcome": "unknown", "oracle_exact_match": false, "completion_mutations": 0, "takeover_envelope": {"is_error": false, "status": null, "effect": "refused", "code": "browser_binding_stale"}, "old_binding_envelope": null, "decoy_connections": 0, "marker_in_fresh_snapshot": null, "nw2_stale_envelope": null, "nw2_mutations_from_stale_action": null, "error_leaves": null}
dbus-daemon[4010367]: [session uid=1000 pid=4010367 pidfd=5] Activating service name='org.freedesktop.systemd1' requested by ':1.4' (uid=1000 pid=4010605 comm="/usr/bin/dbus-broker-launch --config-file=/usr/sha")
dbus-daemon[4010367]: [session uid=1000 pid=4010367 pidfd=5] Activated service 'org.freedesktop.systemd1' failed: Process org.freedesktop.systemd1 exited with status 1
[2m2026-10-02T05:43:29.848975Z[0m [33m WARN[0m [2mcua_driver_sdk::runtime[0m[2m:[0m could not activate the persistent AT-SPI listener: AT-SPI connect failed: ZBus Error: MethodError(OwnedErrorName("org.freedesktop.DBus.Error.NameHasNoOwner"), Some("Could not activate remote peer 'org.a11y.atspi.Registry': unit failed"), Msg { type: Error, serial: 4294967295, sender: UniqueName("org.freedesktop.DBus"), reply-serial: 9, body: Str, fds: [] })
[2m2026-10-02T05:43:29.864222Z[0m [33m WARN[0m [2mplatform_linux::overlay[0m[2m:[0m X11 overlay: root reads cannot see this window's own pixels; save-unders will be served without readback confirmation
dbus-daemon[4010367]: [session uid=1000 pid=4010367 pidfd=5] Activating service name='org.freedesktop.systemd1' requested by ':1.4' (uid=1000 pid=4010605 comm="/usr/bin/dbus-broker-launch --config-file=/usr/sha")
dbus-daemon[4010367]: [session uid=1000 pid=4010367 pidfd=5] Activated service 'org.freedesktop.systemd1' failed: Process org.freedesktop.systemd1 exited with status 1
dbus-daemon[4010367]: [session uid=1000 pid=4010367 pidfd=5] Activating service name='org.freedesktop.systemd1' requested by ':1.4' (uid=1000 pid=4010605 comm="/usr/bin/dbus-broker-launch --config-file=/usr/sha")
dbus-daemon[4010367]: [session uid=1000 pid=4010367 pidfd=5] Activated service 'org.freedesktop.systemd1' failed: Process org.freedesktop.systemd1 exited with status 1
dbus-daemon[4010367]: [session uid=1000 pid=4010367 pidfd=5] Activating service name='org.freedesktop.systemd1' requested by ':1.4' (uid=1000 pid=4010605 comm="/usr/bin/dbus-broker-launch --config-file=/usr/sha")
dbus-daemon[4010367]: [session uid=1000 pid=4010367 pidfd=5] Activated service 'org.freedesktop.systemd1' failed: Process org.freedesktop.systemd1 exited with status 1
dbus-daemon[4010367]: [session uid=1000 pid=4010367 pidfd=5] Activating service name='org.freedesktop.systemd1' requested by ':1.4' (uid=1000 pid=4010605 comm="/usr/bin/dbus-broker-launch --config-file=/usr/sha")
dbus-daemon[4010367]: [session uid=1000 pid=4010367 pidfd=5] Activated service 'org.freedesktop.systemd1' failed: Process org.freedesktop.systemd1 exited with status 1
{"trial": "shakeb001-fill-K5E-ne2", "outcome": "verified", "oracle_exact_match": true, "completion_mutations": 1, "takeover_envelope": null, "old_binding_envelope": {"is_error": false, "status": null, "effect": "refused", "code": "browser_binding_stale"}, "decoy_connections": null, "marker_in_fresh_snapshot": null, "nw2_stale_envelope": null, "nw2_mutations_from_stale_action": null, "error_leaves": null}
[b02] end_utc=2026-10-02T05:43:32.594Z rc=0
X connection to :99 broken (explicit kill or server shutdown).
A connection to the bus can't be made
[session] exit rc=0 run_dir=<lane-tmp>/x11-session.7gjJQb
