[b06] session_attempt=1 jitter_ms=2682 utc=2026-10-03T07:27:35.389Z
[session] DISPLAY=:100 openbox=964410 picom=964411 dbus=unix:path=<tmp>/dbus-2OhzXEhUNp,guid=0ea981174d20006473f075a66ac0ae6a
[b06] display=:100 xdpyinfo=ok start_utc=2026-10-03T07:27:40.446Z loadavg=10.06 7.25 5.03 telemetry_env=0 dnt=1 lock=shared wayland=unset hostless=1
dbus-daemon[964408]: [session uid=1000 pid=964408 pidfd=5] Activating service name='org.a11y.Bus' requested by ':1.0' (uid=1000 pid=964569 comm="<lanes>/bin/cua-driver-r2")
dbus-daemon[964408]: [session uid=1000 pid=964408 pidfd=5] Successfully activated service 'org.a11y.Bus'
dbus-daemon[964408]: [session uid=1000 pid=964408 pidfd=5] Activating service name='ca.desrt.dconf' requested by ':1.1' (uid=1000 pid=964576 comm="/usr/lib/at-spi-bus-launcher")
dbus-daemon[964408]: [session uid=1000 pid=964408 pidfd=5] Successfully activated service 'ca.desrt.dconf'
dbus-daemon[964408]: [session uid=1000 pid=964408 pidfd=5] Activating service name='org.freedesktop.systemd1' requested by ':1.4' (uid=1000 pid=964596 comm="/usr/bin/dbus-broker-launch --config-file=/usr/sha")
dbus-daemon[964408]: [session uid=1000 pid=964408 pidfd=5] Activated service 'org.freedesktop.systemd1' failed: Process org.freedesktop.systemd1 exited with status 1
[2m2026-10-03T07:27:41.636794Z[0m [33m WARN[0m [2mcua_driver_sdk::runtime[0m[2m:[0m could not activate the persistent AT-SPI listener: AT-SPI connect failed: ZBus Error: MethodError(OwnedErrorName("org.freedesktop.DBus.Error.NameHasNoOwner"), Some("Could not activate remote peer 'org.a11y.atspi.Registry': unit failed"), Msg { type: Error, serial: 4294967295, sender: UniqueName("org.freedesktop.DBus"), reply-serial: 10, body: Str, fds: [] })
[2m2026-10-03T07:27:41.648310Z[0m [33m WARN[0m [2mplatform_linux::overlay[0m[2m:[0m X11 overlay: root reads cannot see this window's own pixels; save-unders will be served without readback confirmation
dbus-daemon[964408]: [session uid=1000 pid=964408 pidfd=5] Activating service name='org.gtk.vfs.Daemon' requested by ':1.5' (uid=1000 pid=964649 comm="/opt/google/chrome/chrome --remote-debugging-port=")
dbus-daemon[964408]: [session uid=1000 pid=964408 pidfd=5] Successfully activated service 'org.gtk.vfs.Daemon'
fusermount3: mount failed: Operation not permitted
dbus-daemon[964408]: [session uid=1000 pid=964408 pidfd=5] Activating service name='org.freedesktop.systemd1' requested by ':1.4' (uid=1000 pid=964596 comm="/usr/bin/dbus-broker-launch --config-file=/usr/sha")
dbus-daemon[964408]: [session uid=1000 pid=964408 pidfd=5] Activated service 'org.freedesktop.systemd1' failed: Process org.freedesktop.systemd1 exited with status 1
dbus-daemon[964408]: [session uid=1000 pid=964408 pidfd=5] Activating service name='org.freedesktop.systemd1' requested by ':1.4' (uid=1000 pid=964596 comm="/usr/bin/dbus-broker-launch --config-file=/usr/sha")
dbus-daemon[964408]: [session uid=1000 pid=964408 pidfd=5] Activated service 'org.freedesktop.systemd1' failed: Process org.freedesktop.systemd1 exited with status 1
dbus-daemon[964408]: [session uid=1000 pid=964408 pidfd=5] Activating service name='org.freedesktop.Notifications' requested by ':1.7' (uid=1000 pid=964649 comm="/opt/google/chrome/chrome --remote-debugging-port=")
dbus-daemon[964408]: [session uid=1000 pid=964408 pidfd=5] Activating service name='org.freedesktop.portal.Desktop' requested by ':1.7' (uid=1000 pid=964649 comm="/opt/google/chrome/chrome --remote-debugging-port=")
dbus-daemon[964408]: [session uid=1000 pid=964408 pidfd=5] Successfully activated service 'org.freedesktop.Notifications'
dbus-daemon[964408]: [session uid=1000 pid=964408 pidfd=5] Activating service name='org.freedesktop.impl.portal.PermissionStore' requested by ':1.9' (uid=1000 pid=965006 comm="/usr/lib/xdg-desktop-portal")
dbus-daemon[964408]: [session uid=1000 pid=964408 pidfd=5] Successfully activated service 'org.freedesktop.impl.portal.PermissionStore'
dbus-daemon[964408]: [session uid=1000 pid=964408 pidfd=5] Activating service name='org.freedesktop.portal.Documents' requested by ':1.9' (uid=1000 pid=965006 comm="/usr/lib/xdg-desktop-portal")
dbus-daemon[964408]: [session uid=1000 pid=964408 pidfd=5] Successfully activated service 'org.freedesktop.portal.Documents'
fusermount3: mount failed: Operation not permitted
error: fuse init failed: Can't mount path <lane-tmp>/x11-session.eZEA3J/xdg-runtime/doc

(/usr/lib/xdg-desktop-portal:965006): xdg-desktop-portal-WARNING **: 02:27:42.790: Document portal fuse mount point unknown: GDBus.Error:org.freedesktop.DBus.Error.ServiceUnknown: The name :1.11 was not provided by any .service files

(/usr/lib/xdg-desktop-portal:965006): xdg-desktop-portal-WARNING **: 02:27:42.790: Choosing gtk.portal for org.freedesktop.impl.portal.Lockdown as a last-resort fallback
dbus-daemon[964408]: [session uid=1000 pid=964408 pidfd=5] Activating service name='org.freedesktop.impl.portal.desktop.gtk' requested by ':1.9' (uid=1000 pid=965006 comm="/usr/lib/xdg-desktop-portal")
dbus-daemon[964408]: [session uid=1000 pid=964408 pidfd=5] Activating service name='org.freedesktop.systemd1' requested by ':1.4' (uid=1000 pid=964596 comm="/usr/bin/dbus-broker-launch --config-file=/usr/sha")
dbus-daemon[964408]: [session uid=1000 pid=964408 pidfd=5] Activated service 'org.freedesktop.systemd1' failed: Process org.freedesktop.systemd1 exited with status 1
dbus-daemon[964408]: [session uid=1000 pid=964408 pidfd=5] Successfully activated service 'org.freedesktop.impl.portal.desktop.gtk'

** (xdg-desktop-portal-gtk:965028): WARNING **: 02:27:42.820: AT-SPI: Could not obtain desktop path or name

dbus-daemon[964408]: [session uid=1000 pid=964408 pidfd=5] Activating service name='org.freedesktop.systemd1' requested by ':1.4' (uid=1000 pid=964596 comm="/usr/bin/dbus-broker-launch --config-file=/usr/sha")

(/usr/lib/xdg-desktop-portal:965006): xdg-desktop-portal-WARNING **: 02:27:42.822: Choosing gtk.portal for org.freedesktop.impl.portal.Access as a last-resort fallback
dbus-daemon[964408]: [session uid=1000 pid=964408 pidfd=5] Activated service 'org.freedesktop.systemd1' failed: Process org.freedesktop.systemd1 exited with status 1

** (xdg-desktop-portal-gtk:965028): WARNING **: 02:27:42.823: atk-bridge: GetRegisteredEvents returned message with unknown signature

** (xdg-desktop-portal-gtk:965028): WARNING **: 02:27:42.823: atk-bridge: get_device_events_reply: unknown signature

(/usr/lib/xdg-desktop-portal:965006): xdg-desktop-portal-WARNING **: 02:27:42.843: Choosing gtk.portal for org.freedesktop.impl.portal.Settings as a last-resort fallback

(/usr/lib/xdg-desktop-portal:965006): xdg-desktop-portal-WARNING **: 02:27:42.843: Choosing gtk.portal for org.freedesktop.impl.portal.FileChooser as a last-resort fallback

(/usr/lib/xdg-desktop-portal:965006): xdg-desktop-portal-WARNING **: 02:27:42.843: Choosing gtk.portal for org.freedesktop.impl.portal.AppChooser as a last-resort fallback

(/usr/lib/xdg-desktop-portal:965006): xdg-desktop-portal-WARNING **: 02:27:42.844: Choosing gtk.portal for org.freedesktop.impl.portal.Print as a last-resort fallback

(/usr/lib/xdg-desktop-portal:965006): xdg-desktop-portal-WARNING **: 02:27:42.844: Choosing gtk.portal for org.freedesktop.impl.portal.Notification as a last-resort fallback

(/usr/lib/xdg-desktop-portal:965006): xdg-desktop-portal-WARNING **: 02:27:42.845: Choosing gtk.portal for org.freedesktop.impl.portal.Inhibit as a last-resort fallback

(/usr/lib/xdg-desktop-portal:965006): xdg-desktop-portal-WARNING **: 02:27:42.846: Failed to connect to PipeWire: Couldn't connect to PipeWire

(/usr/lib/xdg-desktop-portal:965006): xdg-desktop-portal-WARNING **: 02:27:42.846: Choosing gtk.portal for org.freedesktop.impl.portal.Account as a last-resort fallback

(/usr/lib/xdg-desktop-portal:965006): xdg-desktop-portal-WARNING **: 02:27:42.847: Choosing gtk.portal for org.freedesktop.impl.portal.Email as a last-resort fallback

(/usr/lib/xdg-desktop-portal:965006): xdg-desktop-portal-WARNING **: 02:27:42.847: Choosing gtk.portal for org.freedesktop.impl.portal.DynamicLauncher as a last-resort fallback
dbus-daemon[964408]: [session uid=1000 pid=964408 pidfd=5] Successfully activated service 'org.freedesktop.portal.Desktop'
{"trial": "pilot-a1-r00-fill-C", "outcome": "verified", "oracle_exact_match": true, "completion_mutations": 1, "routes": ["compiled"], "loadavg_before": "10.06 7.25 5.03 5/2328 964567"}
dbus-daemon[964408]: [session uid=1000 pid=964408 pidfd=5] Activating service name='org.freedesktop.systemd1' requested by ':1.4' (uid=1000 pid=964596 comm="/usr/bin/dbus-broker-launch --config-file=/usr/sha")
dbus-daemon[964408]: [session uid=1000 pid=964408 pidfd=5] Activated service 'org.freedesktop.systemd1' failed: Process org.freedesktop.systemd1 exited with status 1
[2m2026-10-03T07:27:43.547617Z[0m [33m WARN[0m [2mcua_driver_sdk::runtime[0m[2m:[0m could not activate the persistent AT-SPI listener: AT-SPI connect failed: ZBus Error: MethodError(OwnedErrorName("org.freedesktop.DBus.Error.NameHasNoOwner"), Some("Could not activate remote peer 'org.a11y.atspi.Registry': unit failed"), Msg { type: Error, serial: 4294967295, sender: UniqueName("org.freedesktop.DBus"), reply-serial: 9, body: Str, fds: [] })
[2m2026-10-03T07:27:43.557651Z[0m [33m WARN[0m [2mplatform_linux::overlay[0m[2m:[0m X11 overlay: root reads cannot see this window's own pixels; save-unders will be served without readback confirmation
dbus-daemon[964408]: [session uid=1000 pid=964408 pidfd=5] Activating service name='org.freedesktop.systemd1' requested by ':1.4' (uid=1000 pid=964596 comm="/usr/bin/dbus-broker-launch --config-file=/usr/sha")
dbus-daemon[964408]: [session uid=1000 pid=964408 pidfd=5] Activated service 'org.freedesktop.systemd1' failed: Process org.freedesktop.systemd1 exited with status 1
dbus-daemon[964408]: [session uid=1000 pid=964408 pidfd=5] Activating service name='org.freedesktop.systemd1' requested by ':1.4' (uid=1000 pid=964596 comm="/usr/bin/dbus-broker-launch --config-file=/usr/sha")
dbus-daemon[964408]: [session uid=1000 pid=964408 pidfd=5] Activated service 'org.freedesktop.systemd1' failed: Process org.freedesktop.systemd1 exited with status 1
{"trial": "pilot-a1-r00-fill-Wa", "outcome": "verified", "oracle_exact_match": true, "completion_mutations": 1, "routes": ["compiled"], "loadavg_before": "10.06 7.25 5.03 6/2369 965073"}
dbus-daemon[964408]: [session uid=1000 pid=964408 pidfd=5] Activating service name='org.freedesktop.systemd1' requested by ':1.4' (uid=1000 pid=964596 comm="/usr/bin/dbus-broker-launch --config-file=/usr/sha")
dbus-daemon[964408]: [session uid=1000 pid=964408 pidfd=5] Activated service 'org.freedesktop.systemd1' failed: Process org.freedesktop.systemd1 exited with status 1
[2m2026-10-03T07:27:45.047803Z[0m [33m WARN[0m [2mcua_driver_sdk::runtime[0m[2m:[0m could not activate the persistent AT-SPI listener: AT-SPI connect failed: ZBus Error: MethodError(OwnedErrorName("org.freedesktop.DBus.Error.NameHasNoOwner"), Some("Could not activate remote peer 'org.a11y.atspi.Registry': unit failed"), Msg { type: Error, serial: 4294967295, sender: UniqueName("org.freedesktop.DBus"), reply-serial: 9, body: Str, fds: [] })
[2m2026-10-03T07:27:45.056995Z[0m [33m WARN[0m [2mplatform_linux::overlay[0m[2m:[0m X11 overlay: root reads cannot see this window's own pixels; save-unders will be served without readback confirmation
dbus-daemon[964408]: [session uid=1000 pid=964408 pidfd=5] Activating service name='org.freedesktop.systemd1' requested by ':1.4' (uid=1000 pid=964596 comm="/usr/bin/dbus-broker-launch --config-file=/usr/sha")
dbus-daemon[964408]: [session uid=1000 pid=964408 pidfd=5] Activated service 'org.freedesktop.systemd1' failed: Process org.freedesktop.systemd1 exited with status 1
dbus-daemon[964408]: [session uid=1000 pid=964408 pidfd=5] Activating service name='org.freedesktop.systemd1' requested by ':1.4' (uid=1000 pid=964596 comm="/usr/bin/dbus-broker-launch --config-file=/usr/sha")
dbus-daemon[964408]: [session uid=1000 pid=964408 pidfd=5] Activated service 'org.freedesktop.systemd1' failed: Process org.freedesktop.systemd1 exited with status 1
{"trial": "pilot-a1-r00-fill-P", "outcome": "verified", "oracle_exact_match": true, "completion_mutations": 1, "routes": ["compiled"], "loadavg_before": "9.50 7.18 5.02 4/2372 965378"}
dbus-daemon[964408]: [session uid=1000 pid=964408 pidfd=5] Activating service name='org.freedesktop.systemd1' requested by ':1.4' (uid=1000 pid=964596 comm="/usr/bin/dbus-broker-launch --config-file=/usr/sha")
dbus-daemon[964408]: [session uid=1000 pid=964408 pidfd=5] Activated service 'org.freedesktop.systemd1' failed: Process org.freedesktop.systemd1 exited with status 1
[2m2026-10-03T07:27:46.548609Z[0m [33m WARN[0m [2mcua_driver_sdk::runtime[0m[2m:[0m could not activate the persistent AT-SPI listener: AT-SPI connect failed: ZBus Error: MethodError(OwnedErrorName("org.freedesktop.DBus.Error.NameHasNoOwner"), Some("Could not activate remote peer 'org.a11y.atspi.Registry': unit failed"), Msg { type: Error, serial: 4294967295, sender: UniqueName("org.freedesktop.DBus"), reply-serial: 9, body: Str, fds: [] })
[2m2026-10-03T07:27:46.558401Z[0m [33m WARN[0m [2mplatform_linux::overlay[0m[2m:[0m X11 overlay: root reads cannot see this window's own pixels; save-unders will be served without readback confirmation
dbus-daemon[964408]: [session uid=1000 pid=964408 pidfd=5] Activating service name='org.freedesktop.systemd1' requested by ':1.4' (uid=1000 pid=964596 comm="/usr/bin/dbus-broker-launch --config-file=/usr/sha")
dbus-daemon[964408]: [session uid=1000 pid=964408 pidfd=5] Activated service 'org.freedesktop.systemd1' failed: Process org.freedesktop.systemd1 exited with status 1
dbus-daemon[964408]: [session uid=1000 pid=964408 pidfd=5] Activating service name='org.freedesktop.systemd1' requested by ':1.4' (uid=1000 pid=964596 comm="/usr/bin/dbus-broker-launch --config-file=/usr/sha")
dbus-daemon[964408]: [session uid=1000 pid=964408 pidfd=5] Activated service 'org.freedesktop.systemd1' failed: Process org.freedesktop.systemd1 exited with status 1
{"trial": "pilot-a1-r00-toggle-Wn", "outcome": "verified", "oracle_exact_match": true, "completion_mutations": 1, "routes": ["provider", "provider"], "loadavg_before": "9.50 7.18 5.02 5/2360 965680"}
dbus-daemon[964408]: [session uid=1000 pid=964408 pidfd=5] Activating service name='org.freedesktop.systemd1' requested by ':1.4' (uid=1000 pid=964596 comm="/usr/bin/dbus-broker-launch --config-file=/usr/sha")
dbus-daemon[964408]: [session uid=1000 pid=964408 pidfd=5] Activated service 'org.freedesktop.systemd1' failed: Process org.freedesktop.systemd1 exited with status 1
[2m2026-10-03T07:27:47.706272Z[0m [33m WARN[0m [2mcua_driver_sdk::runtime[0m[2m:[0m could not activate the persistent AT-SPI listener: AT-SPI connect failed: ZBus Error: MethodError(OwnedErrorName("org.freedesktop.DBus.Error.NameHasNoOwner"), Some("Could not activate remote peer 'org.a11y.atspi.Registry': unit failed"), Msg { type: Error, serial: 4294967295, sender: UniqueName("org.freedesktop.DBus"), reply-serial: 9, body: Str, fds: [] })
[2m2026-10-03T07:27:47.714238Z[0m [33m WARN[0m [2mplatform_linux::overlay[0m[2m:[0m X11 overlay: root reads cannot see this window's own pixels; save-unders will be served without readback confirmation
dbus-daemon[964408]: [session uid=1000 pid=964408 pidfd=5] Activating service name='org.freedesktop.systemd1' requested by ':1.4' (uid=1000 pid=964596 comm="/usr/bin/dbus-broker-launch --config-file=/usr/sha")
dbus-daemon[964408]: [session uid=1000 pid=964408 pidfd=5] Activated service 'org.freedesktop.systemd1' failed: Process org.freedesktop.systemd1 exited with status 1
dbus-daemon[964408]: [session uid=1000 pid=964408 pidfd=5] Activating service name='org.freedesktop.systemd1' requested by ':1.4' (uid=1000 pid=964596 comm="/usr/bin/dbus-broker-launch --config-file=/usr/sha")
dbus-daemon[964408]: [session uid=1000 pid=964408 pidfd=5] Activated service 'org.freedesktop.systemd1' failed: Process org.freedesktop.systemd1 exited with status 1
{"trial": "pilot-a1-r00-toggle-C", "outcome": "verified", "oracle_exact_match": true, "completion_mutations": 1, "routes": ["provider", "provider"], "loadavg_before": "9.50 7.18 5.02 4/2358 966030"}
dbus-daemon[964408]: [session uid=1000 pid=964408 pidfd=5] Activating service name='org.freedesktop.systemd1' requested by ':1.4' (uid=1000 pid=964596 comm="/usr/bin/dbus-broker-launch --config-file=/usr/sha")
dbus-daemon[964408]: [session uid=1000 pid=964408 pidfd=5] Activated service 'org.freedesktop.systemd1' failed: Process org.freedesktop.systemd1 exited with status 1
[2m2026-10-03T07:27:49.475924Z[0m [33m WARN[0m [2mcua_driver_sdk::runtime[0m[2m:[0m could not activate the persistent AT-SPI listener: AT-SPI connect failed: ZBus Error: MethodError(OwnedErrorName("org.freedesktop.DBus.Error.NameHasNoOwner"), Some("Could not activate remote peer 'org.a11y.atspi.Registry': unit failed"), Msg { type: Error, serial: 4294967295, sender: UniqueName("org.freedesktop.DBus"), reply-serial: 9, body: Str, fds: [] })
[2m2026-10-03T07:27:49.485043Z[0m [33m WARN[0m [2mplatform_linux::overlay[0m[2m:[0m X11 overlay: root reads cannot see this window's own pixels; save-unders will be served without readback confirmation
dbus-daemon[964408]: [session uid=1000 pid=964408 pidfd=5] Activating service name='org.freedesktop.systemd1' requested by ':1.4' (uid=1000 pid=964596 comm="/usr/bin/dbus-broker-launch --config-file=/usr/sha")
dbus-daemon[964408]: [session uid=1000 pid=964408 pidfd=5] Activated service 'org.freedesktop.systemd1' failed: Process org.freedesktop.systemd1 exited with status 1
dbus-daemon[964408]: [session uid=1000 pid=964408 pidfd=5] Activating service name='org.freedesktop.systemd1' requested by ':1.4' (uid=1000 pid=964596 comm="/usr/bin/dbus-broker-launch --config-file=/usr/sha")
dbus-daemon[964408]: [session uid=1000 pid=964408 pidfd=5] Activated service 'org.freedesktop.systemd1' failed: Process org.freedesktop.systemd1 exited with status 1
{"trial": "pilot-a1-r00-modal-Wb", "outcome": "verified", "oracle_exact_match": true, "completion_mutations": 1, "routes": ["provider", "provider"], "loadavg_before": "9.50 7.18 5.02 5/2343 966548"}
dbus-daemon[964408]: [session uid=1000 pid=964408 pidfd=5] Activating service name='org.freedesktop.systemd1' requested by ':1.4' (uid=1000 pid=964596 comm="/usr/bin/dbus-broker-launch --config-file=/usr/sha")
dbus-daemon[964408]: [session uid=1000 pid=964408 pidfd=5] Activated service 'org.freedesktop.systemd1' failed: Process org.freedesktop.systemd1 exited with status 1
[2m2026-10-03T07:27:51.180813Z[0m [33m WARN[0m [2mcua_driver_sdk::runtime[0m[2m:[0m could not activate the persistent AT-SPI listener: AT-SPI connect failed: ZBus Error: MethodError(OwnedErrorName("org.freedesktop.DBus.Error.NameHasNoOwner"), Some("Could not activate remote peer 'org.a11y.atspi.Registry': unit failed"), Msg { type: Error, serial: 4294967295, sender: UniqueName("org.freedesktop.DBus"), reply-serial: 9, body: Str, fds: [] })
[2m2026-10-03T07:27:51.191108Z[0m [33m WARN[0m [2mplatform_linux::overlay[0m[2m:[0m X11 overlay: root reads cannot see this window's own pixels; save-unders will be served without readback confirmation
dbus-daemon[964408]: [session uid=1000 pid=964408 pidfd=5] Activating service name='org.freedesktop.systemd1' requested by ':1.4' (uid=1000 pid=964596 comm="/usr/bin/dbus-broker-launch --config-file=/usr/sha")
dbus-daemon[964408]: [session uid=1000 pid=964408 pidfd=5] Activated service 'org.freedesktop.systemd1' failed: Process org.freedesktop.systemd1 exited with status 1
dbus-daemon[964408]: [session uid=1000 pid=964408 pidfd=5] Activating service name='org.freedesktop.systemd1' requested by ':1.4' (uid=1000 pid=964596 comm="/usr/bin/dbus-broker-launch --config-file=/usr/sha")
dbus-daemon[964408]: [session uid=1000 pid=964408 pidfd=5] Activated service 'org.freedesktop.systemd1' failed: Process org.freedesktop.systemd1 exited with status 1
{"trial": "pilot-a1-r00-fill-SMOKE", "outcome": "verified", "oracle_exact_match": true, "completion_mutations": 1, "routes": ["provider", "provider"], "loadavg_before": "9.38 7.20 5.04 6/2327 966841"}
[b06] end_utc=2026-10-03T07:27:55.802Z rc=0 loadavg=9.51 7.26 5.07
A connection to the bus can't be made
CRITICAL: [dbus_cb_name_lost:1438] Cannot connect to DBus.
[session] exit rc=0 run_dir=<lane-tmp>/x11-session.eZEA3J
