   Compiling proc-macro2 v1.0.106
   Compiling unicode-ident v1.0.24
   Compiling quote v1.0.45
   Compiling cfg-if v1.0.4
   Compiling libc v0.2.186
   Compiling serde_core v1.0.228
   Compiling memchr v2.8.0
   Compiling autocfg v1.5.0
   Compiling equivalent v1.0.2
   Compiling hashbrown v0.17.1
   Compiling typenum v1.20.0
   Compiling serde v1.0.228
   Compiling bitflags v2.11.1
   Compiling indexmap v2.14.0
   Compiling winnow v1.0.3
   Compiling smallvec v1.15.1
   Compiling syn v2.0.117
   Compiling rustix v1.1.4
   Compiling once_cell v1.21.4
   Compiling version_check v0.9.5
   Compiling linux-raw-sys v0.12.1
   Compiling pin-project-lite v0.2.17
   Compiling fastrand v2.4.1
   Compiling hybrid-array v0.4.14
   Compiling toml_parser v1.1.2+spec-1.1.0
   Compiling crossbeam-utils v0.8.21
   Compiling getrandom v0.4.2
   Compiling toml_datetime v1.1.1+spec-1.1.0
   Compiling rand_core v0.10.1
   Compiling futures-core v0.3.32
   Compiling toml_edit v0.25.12+spec-1.1.0
   Compiling generic-array v0.14.7
   Compiling num-traits v0.2.19
   Compiling scopeguard v1.2.0
   Compiling crypto-common v0.2.2
   Compiling lock_api v0.4.14
   Compiling parking v2.2.1
   Compiling futures-io v0.3.32
   Compiling concurrent-queue v2.5.0
   Compiling stable_deref_trait v1.2.1
   Compiling pkg-config v0.3.33
   Compiling endi v1.1.1
   Compiling proc-macro-crate v3.5.0
   Compiling parking_lot_core v0.9.12
   Compiling inout v0.2.2
   Compiling bytes v1.11.1
   Compiling block-buffer v0.12.1
   Compiling itoa v1.0.18
   Compiling zerocopy v0.8.48
   Compiling slab v0.4.12
   Compiling cpufeatures v0.3.0
   Compiling getrandom v0.3.4
   Compiling parking_lot v0.12.5
   Compiling cipher v0.5.2
   Compiling jobserver v0.1.35
   Compiling errno v0.3.14
   Compiling find-msvc-tools v0.1.9
   Compiling shlex v1.3.0
   Compiling signal-hook-registry v1.4.8
   Compiling cc v1.2.62
   Compiling crypto-common v0.1.7
   Compiling event-listener v5.4.1
   Compiling anyhow v1.0.102
   Compiling futures-lite v2.6.1
   Compiling tracing-core v0.1.36
   Compiling event-listener-strategy v0.5.4
   Compiling socket2 v0.6.3
   Compiling synstructure v0.13.2
   Compiling mio v1.2.0
   Compiling async-io v2.6.0
   Compiling zmij v1.0.21
   Compiling num-integer v0.1.46
   Compiling block-buffer v0.10.4
   Compiling async-task v4.7.1
   Compiling thiserror v2.0.18
   Compiling serde_json v1.0.149
   Compiling log v0.4.29
   Compiling subtle v2.6.1
   Compiling digest v0.10.7
   Compiling async-channel v2.5.0
   Compiling writeable v0.6.3
   Compiling atomic-waker v1.1.2
   Compiling regex-syntax v0.8.10
   Compiling litemap v0.8.2
   Compiling piper v0.2.5
   Compiling num-bigint v0.4.8
   Compiling async-lock v3.4.2
   Compiling getrandom v0.2.17
   Compiling aho-corasick v1.1.4
   Compiling serde_derive v1.0.228
   Compiling enumflags2_derive v0.7.12
   Compiling zerofrom-derive v0.1.7
   Compiling zeroize_derive v1.5.0
   Compiling yoke-derive v0.8.2
   Compiling zeroize v1.8.2
   Compiling zerocopy-derive v0.8.48
   Compiling chacha20 v0.10.1
   Compiling zerovec-derive v0.11.3
   Compiling zerofrom v0.1.8
   Compiling displaydoc v0.2.5
   Compiling yoke v0.8.2
   Compiling rand v0.10.2
   Compiling tracing-attributes v0.1.31
   Compiling tokio-macros v2.7.0
   Compiling zerovec v0.11.6
   Compiling polling v3.11.0
   Compiling uuid v1.23.1
   Compiling tokio v1.52.1
   Compiling tinystr v0.8.3
   Compiling thiserror-impl v2.0.18
   Compiling tracing v0.1.44
   Compiling async-trait v0.1.89
   Compiling zvariant_utils v3.4.0
   Compiling enumflags2 v0.7.12
   Compiling quick-xml v0.39.4
   Compiling icu_locale_core v2.2.0
   Compiling async-signal v0.2.14
   Compiling zvariant_derive v5.12.0
   Compiling potential_utf v0.1.5
   Compiling zerotrie v0.2.4
   Compiling ref-cast v1.0.25
   Compiling cpufeatures v0.2.17
   Compiling icu_properties_data v2.2.0
   Compiling siphasher v1.0.2
   Compiling utf8_iter v1.0.4
   Compiling icu_normalizer_data v2.2.0
   Compiling icu_collections v2.2.0
   Compiling icu_provider v2.2.0
   Compiling async-process v2.5.0
   Compiling regex-automata v0.4.14
   Compiling num-rational v0.4.2
   Compiling zvariant v5.12.0
   Compiling serde_repr v0.1.20
   Compiling ref-cast-impl v1.0.25
   Compiling async-recursion v1.1.1
   Compiling blocking v1.6.2
   Compiling async-executor v1.14.0
   Compiling num-iter v0.1.46
   Compiling async-broadcast v0.7.2
   Compiling num-complex v0.4.6
   Compiling ordered-stream v0.2.0
   Compiling hex v0.4.3
   Compiling static_assertions v1.1.0
   Compiling futures-macro v0.3.32
   Compiling num v0.4.3
   Compiling uniffi_internal_macros v0.31.0
   Compiling wayland-sys v0.31.11
   Compiling byteorder v1.5.0
   Compiling simd-adler32 v0.3.9
   Compiling zbus_names v4.3.2
   Compiling futures-task v0.3.32
   Compiling semver v1.0.28
   Compiling crc32fast v1.5.0
   Compiling futures-sink v0.3.32
   Compiling heck v0.5.0
   Compiling futures-util v0.3.32
   Compiling rustc_version v0.4.1
   Compiling icu_properties v2.2.0
   Compiling zbus_macros v5.16.0
   Compiling icu_normalizer v2.2.0
   Compiling wayland-backend v0.3.15
   Compiling block-padding v0.3.3
   Compiling ahash v0.8.12
   Compiling tempfile v3.27.0
   Compiling fs-err v2.11.0
   Compiling adler2 v2.0.1
   Compiling camino v1.2.4
   Compiling percent-encoding v2.3.2
   Compiling lazy_static v1.5.0
   Compiling thiserror v1.0.69
   Compiling miniz_oxide v0.8.9
   Compiling uniffi_pipeline v0.31.0
   Compiling idna_adapter v1.2.2
   Compiling inout v0.1.4
   Compiling heapless v0.7.17
   Compiling zbus_xml v5.1.1
   Compiling ppv-lite86 v0.2.21
   Compiling thiserror-impl v1.0.69
   Compiling rand_core v0.6.4
   Compiling hmac v0.12.1
   Compiling zstd-sys v2.0.16+zstd.1.5.7
   Compiling serde_spanned v1.1.1
   Compiling toml_datetime v0.7.5+spec-1.1.0
   Compiling borrow-or-share v0.2.4
   Compiling toml_writer v1.1.2+spec-1.1.0
   Compiling unicode-general-category v1.1.0
   Compiling data-encoding v2.11.0
   Compiling winnow v0.7.15
   Compiling foldhash v0.2.0
   Compiling wayland-client v0.31.14
   Compiling zbus v5.16.0
   Compiling bit-vec v0.8.0
   Compiling bytemuck v1.25.0
   Compiling cmov v0.5.4
   Compiling allocator-api2 v0.2.21
   Compiling downcast-rs v1.2.1
   Compiling httparse v1.10.1
   Compiling ctutils v0.4.2
   Compiling bit-set v0.8.0
   Compiling hashbrown v0.16.1
   Compiling fluent-uri v0.4.1
   Compiling hkdf v0.12.4
   Compiling rand_chacha v0.3.1
   Compiling zbus-lockstep v0.5.2
   Compiling flate2 v1.1.9
   Compiling uniffi_meta v0.31.0
   Compiling cipher v0.4.4
   Compiling toml v0.9.12+spec-1.1.0
   Compiling idna v1.1.0
   Compiling fdeflate v0.3.7
   Compiling hash32 v0.2.1
   Compiling half v2.7.1
   Compiling wayland-scanner v0.31.10
   Compiling phf_shared v0.12.1
   Compiling sha2 v0.10.9
   Compiling cargo-platform v0.1.9
   Compiling serde_derive_internals v0.29.1
   Compiling spin v0.9.9
   Compiling outref v0.5.2
   Compiling iana-time-zone v0.1.65
   Compiling zune-core v0.5.1
   Compiling foldhash v0.1.5
   Compiling chrono-tz v0.10.4
   Compiling pxfm v0.1.29
   Compiling ciborium-io v0.2.2
   Compiling unsafe-libyaml v0.2.11
   Compiling msvc_spectre_libs v0.1.3
   Compiling ryu v1.0.23
   Compiling micromap v0.3.0
   Compiling vsimd v0.8.0
   Compiling schemars_derive v1.2.1
   Compiling referencing v0.46.10
   Compiling uuid-simd v0.8.0
   Compiling ciborium-ll v0.2.2
   Compiling uniffi_macros v0.31.0
   Compiling zune-jpeg v0.5.15
   Compiling hashbrown v0.15.5
   Compiling chrono v0.4.45
   Compiling moxcms v0.8.1
   Compiling cargo_metadata v0.19.2
   Compiling phf v0.12.1
   Compiling png v0.18.1
   Compiling zbus-lockstep-macros v0.5.2
   Compiling rand v0.8.6
   Compiling fancy-regex v0.18.0
   Compiling universal-hash v0.6.1
   Compiling fraction v0.15.4
   Compiling form_urlencoded v1.2.2
   Compiling regex v1.12.3
   Compiling uniffi_core v0.31.0
   Compiling sha1 v0.10.6
   Compiling cobs v0.3.0
   Compiling email_address v0.2.9
   Compiling jsonschema-regex v0.46.10
   Compiling regorus v0.10.1
   Compiling http v1.4.0
   Compiling bstr v1.13.0
   Compiling memoffset v0.6.5
   Compiling byteorder-lite v0.1.0
   Compiling fixedbitset v0.5.7
   Compiling utf-8 v0.7.6
   Compiling powerfmt v0.2.0
   Compiling num-cmp v0.1.0
   Compiling bytecount v0.6.9
   Compiling radium v0.7.0
   Compiling zstd-safe v7.2.4
   Compiling dyn-clone v1.0.20
   Compiling tungstenite v0.24.0
   Compiling jsonschema v0.46.10
   Compiling schemars v1.2.1
   Compiling deranged v0.5.8
   Compiling globset v0.4.19
   Compiling image v0.25.10
   Compiling petgraph v0.8.3
   Compiling postcard v1.1.3
   Compiling uniffi v0.31.0
   Compiling url v2.5.8
   Compiling poly1305 v0.9.1
   Compiling atspi-common v0.14.0
   Compiling wayland-protocols v0.32.12
   Compiling ciborium v0.2.2
   Compiling serde_yaml v0.9.34+deprecated
   Compiling cbc v0.1.2
   Compiling aes v0.8.4
   Compiling aead v0.6.1
   Compiling nom v8.0.0
   Compiling ipnet v2.12.0
   Compiling strict-num v0.1.1
   Compiling spin v0.10.1
   Compiling arrayref v0.3.9
   Compiling tap v1.0.1
   Compiling time-core v0.1.8
   Compiling lru v0.18.1
   Compiling num-conv v0.2.1
   Compiling wyz v0.5.1
   Compiling time v0.3.47
   Compiling tiny-skia-path v0.11.4
   Compiling wayland-protocols-wlr v0.3.12
   Compiling chacha20poly1305 v0.11.0
   Compiling atspi-proxies v0.14.0
   Compiling secret-service v5.1.0
   Compiling tree_magic_mini v3.2.2
   Compiling coset v0.4.2
   Compiling cua-driver-contract v0.33.1 (<lanes>/w8-fix20o-red/libs/cua-driver/rust/crates/cua-driver-contract)
   Compiling tokio-tungstenite v0.24.0
   Compiling serde_yaml_ng v0.10.0
   Compiling gethostname v1.1.0
   Compiling keyring-core v1.0.0
   Compiling x11 v2.21.0
   Compiling fs2 v0.4.3
   Compiling os_pipe v1.2.3
   Compiling x11rb-protocol v0.13.2
   Compiling funty v2.0.0
   Compiling arrayvec v0.7.6
   Compiling ttf-parser v0.21.1
   Compiling option-ext v0.2.0
   Compiling bitflags v1.3.2
   Compiling base64 v0.22.1
   Compiling nix v0.23.2
   Compiling atspi-connection v0.14.0
   Compiling fontdue v0.9.3
   Compiling dirs-sys v0.4.1
   Compiling bitvec v1.0.1
   Compiling tiny-skia v0.11.4
   Compiling wl-clipboard-rs v0.9.3
   Compiling zbus-secret-service-keyring-store v1.0.0
   Compiling zstd v0.13.3
   Compiling sharded-slab v0.1.7
   Compiling matchers v0.2.0
   Compiling tracing-log v0.2.0
   Compiling thread_local v1.1.9
   Compiling nu-ansi-term v0.50.3
   Compiling fnv v1.0.7
   Compiling nom v1.2.4
   Compiling keyring v4.1.6
   Compiling tracing-subscriber v0.3.23
   Compiling evdev v0.12.2
   Compiling meval v0.2.0
   Compiling dirs v5.0.1
   Compiling atspi v0.30.0
   Compiling ashpd v0.13.11
   Compiling pip-preview v0.33.1 (<lanes>/w8-fix20o-red/libs/cua-driver/rust/crates/pip-preview)
   Compiling crossbeam-channel v0.5.15
   Compiling memmap2 v0.9.10
   Compiling cua-driver-core v0.33.1 (<lanes>/w8-fix20o-red/libs/cua-driver/rust/crates/cua-driver-core)
   Compiling x11rb v0.13.2
   Compiling clipboard-rs v0.3.5
   Compiling cursor-overlay v0.33.1 (<lanes>/w8-fix20o-red/libs/cua-driver/rust/crates/cursor-overlay)
   Compiling platform-linux v0.33.1 (<lanes>/w8-fix20o-red/libs/cua-driver/rust/crates/platform-linux)
    Finished `test` profile [unoptimized + debuginfo] target(s) in 1m 43s
warning: the following packages contain code that will be rejected by a future version of Rust: nom v1.2.4
note: to see what the problems were, use the option `--future-incompat-report`, or run `cargo report future-incompatibilities --id 1`
     Running unittests src/lib.rs (<targets>/cua-test-fix20o/debug/deps/platform_linux-c692f3ac707c9ddf)

running 1 test
test input::focus_guard::grab_tests::live_popup_census_skips_the_drivers_overlay_and_counts_a_foreign_popup ... FAILED

failures:

---- input::focus_guard::grab_tests::live_popup_census_skips_the_drivers_overlay_and_counts_a_foreign_popup stdout ----
Error: focus guard: cannot open DISPLAY: Connection refused (os error 111)


failures:
    input::focus_guard::grab_tests::live_popup_census_skips_the_drivers_overlay_and_counts_a_foreign_popup

test result: FAILED. 0 passed; 1 failed; 0 ignored; 0 measured; 612 filtered out; finished in 0.00s

error: test failed, to rerun pass `-p platform-linux --lib`
