lock_wait_start 2026-10-01T22:10:13Z
lock_acquired 2026-10-01T22:18:41Z loadavg=3.46 7.73 7.03 3/2106 2056808
[session] DISPLAY=:99 openbox=2057283 picom=2057284 dbus=unix:path=<tmp>/dbus-h2SHBXH98A,guid=b92d5e433b43f1dd7c18f2b36abedc44
== session DISPLAY=:99 loadavg=3.26 7.61 7.00 1/2135 2057525
Cua Driver sends content-free product telemetry by default. Run `cua-driver telemetry disable` to stop it; `cua-driver telemetry status` shows the current setting.
dbus-daemon[2057281]: [session uid=1000 pid=2057281 pidfd=4] Activating service name='org.a11y.Bus' requested by ':1.0' (uid=1000 pid=2057545 comm="<lanes>/bin/cua-driver-r2")
dbus-daemon[2057281]: [session uid=1000 pid=2057281 pidfd=4] Successfully activated service 'org.a11y.Bus'
dbus-daemon[2057281]: [session uid=1000 pid=2057281 pidfd=4] Activating service name='ca.desrt.dconf' requested by ':1.1' (uid=1000 pid=2057576 comm="/usr/lib/at-spi-bus-launcher")
dbus-daemon[2057281]: [session uid=1000 pid=2057281 pidfd=4] Successfully activated service 'ca.desrt.dconf'
dbus-daemon[2057281]: [session uid=1000 pid=2057281 pidfd=4] Activating service name='org.freedesktop.systemd1' requested by ':1.4' (uid=1000 pid=2057593 comm="/usr/bin/dbus-broker-launch --config-file=/usr/sha")
dbus-daemon[2057281]: [session uid=1000 pid=2057281 pidfd=4] Activated service 'org.freedesktop.systemd1' failed: Process org.freedesktop.systemd1 exited with status 1
[2m2026-10-01T22:18:47.227889Z[0m [33m WARN[0m [2mplatform_linux::overlay[0m[2m:[0m X11 overlay: root reads cannot see this window's own pixels; save-unders will be served without readback confirmation
dbus-daemon[2057281]: [session uid=1000 pid=2057281 pidfd=4] Activating service name='org.gtk.vfs.Daemon' requested by ':1.5' (uid=1000 pid=2057810 comm="/opt/google/chrome/chrome --remote-debugging-port=")
dbus-daemon[2057281]: [session uid=1000 pid=2057281 pidfd=4] Successfully activated service 'org.gtk.vfs.Daemon'
dbus-daemon[2057281]: [session uid=1000 pid=2057281 pidfd=4] Activating service name='org.freedesktop.systemd1' requested by ':1.4' (uid=1000 pid=2057593 comm="/usr/bin/dbus-broker-launch --config-file=/usr/sha")
dbus-daemon[2057281]: [session uid=1000 pid=2057281 pidfd=4] Activated service 'org.freedesktop.systemd1' failed: Process org.freedesktop.systemd1 exited with status 1
dbus-daemon[2057281]: [session uid=1000 pid=2057281 pidfd=4] Activating service name='org.freedesktop.systemd1' requested by ':1.4' (uid=1000 pid=2057593 comm="/usr/bin/dbus-broker-launch --config-file=/usr/sha")
dbus-daemon[2057281]: [session uid=1000 pid=2057281 pidfd=4] Activated service 'org.freedesktop.systemd1' failed: Process org.freedesktop.systemd1 exited with status 1
dbus-daemon[2057281]: [session uid=1000 pid=2057281 pidfd=4] Activating service name='org.freedesktop.Notifications' requested by ':1.8' (uid=1000 pid=2057810 comm="/opt/google/chrome/chrome --remote-debugging-port=")
dbus-daemon[2057281]: [session uid=1000 pid=2057281 pidfd=4] Activating service name='org.freedesktop.portal.Desktop' requested by ':1.8' (uid=1000 pid=2057810 comm="/opt/google/chrome/chrome --remote-debugging-port=")
dbus-daemon[2057281]: [session uid=1000 pid=2057281 pidfd=4] Activating service name='org.freedesktop.impl.portal.PermissionStore' requested by ':1.10' (uid=1000 pid=2058173 comm="/usr/lib/xdg-desktop-portal")
dbus-daemon[2057281]: [session uid=1000 pid=2057281 pidfd=4] Successfully activated service 'org.freedesktop.Notifications'
dbus-daemon[2057281]: [session uid=1000 pid=2057281 pidfd=4] Successfully activated service 'org.freedesktop.impl.portal.PermissionStore'
dbus-daemon[2057281]: [session uid=1000 pid=2057281 pidfd=4] Activating service name='org.freedesktop.portal.Documents' requested by ':1.10' (uid=1000 pid=2058173 comm="/usr/lib/xdg-desktop-portal")
dbus-daemon[2057281]: [session uid=1000 pid=2057281 pidfd=4] Successfully activated service 'org.freedesktop.portal.Documents'

(/usr/lib/xdg-desktop-portal:2058173): xdg-desktop-portal-WARNING **: 17:18:47.703: Choosing gtk.portal for org.freedesktop.impl.portal.Lockdown as a last-resort fallback
dbus-daemon[2057281]: [session uid=1000 pid=2057281 pidfd=4] Activating service name='org.freedesktop.impl.portal.desktop.gtk' requested by ':1.10' (uid=1000 pid=2058173 comm="/usr/lib/xdg-desktop-portal")
dbus-daemon[2057281]: [session uid=1000 pid=2057281 pidfd=4] Activating service name='org.freedesktop.systemd1' requested by ':1.4' (uid=1000 pid=2057593 comm="/usr/bin/dbus-broker-launch --config-file=/usr/sha")
dbus-daemon[2057281]: [session uid=1000 pid=2057281 pidfd=4] Activated service 'org.freedesktop.systemd1' failed: Process org.freedesktop.systemd1 exited with status 1
dbus-daemon[2057281]: [session uid=1000 pid=2057281 pidfd=4] Successfully activated service 'org.freedesktop.impl.portal.desktop.gtk'

** (xdg-desktop-portal-gtk:2058242): WARNING **: 17:18:47.728: AT-SPI: Could not obtain desktop path or name

dbus-daemon[2057281]: [session uid=1000 pid=2057281 pidfd=4] Activating service name='org.freedesktop.systemd1' requested by ':1.4' (uid=1000 pid=2057593 comm="/usr/bin/dbus-broker-launch --config-file=/usr/sha")

(/usr/lib/xdg-desktop-portal:2058173): xdg-desktop-portal-WARNING **: 17:18:47.728: Choosing gtk.portal for org.freedesktop.impl.portal.Access as a last-resort fallback
dbus-daemon[2057281]: [session uid=1000 pid=2057281 pidfd=4] Activated service 'org.freedesktop.systemd1' failed: Process org.freedesktop.systemd1 exited with status 1

** (xdg-desktop-portal-gtk:2058242): WARNING **: 17:18:47.729: atk-bridge: GetRegisteredEvents returned message with unknown signature

** (xdg-desktop-portal-gtk:2058242): WARNING **: 17:18:47.729: atk-bridge: get_device_events_reply: unknown signature

(/usr/lib/xdg-desktop-portal:2058173): xdg-desktop-portal-WARNING **: 17:18:47.740: Choosing gtk.portal for org.freedesktop.impl.portal.Settings as a last-resort fallback

(/usr/lib/xdg-desktop-portal:2058173): xdg-desktop-portal-WARNING **: 17:18:47.740: Choosing gtk.portal for org.freedesktop.impl.portal.FileChooser as a last-resort fallback

(/usr/lib/xdg-desktop-portal:2058173): xdg-desktop-portal-WARNING **: 17:18:47.740: Choosing gtk.portal for org.freedesktop.impl.portal.AppChooser as a last-resort fallback

(/usr/lib/xdg-desktop-portal:2058173): xdg-desktop-portal-WARNING **: 17:18:47.741: Choosing gtk.portal for org.freedesktop.impl.portal.Print as a last-resort fallback

(/usr/lib/xdg-desktop-portal:2058173): xdg-desktop-portal-WARNING **: 17:18:47.741: Choosing gtk.portal for org.freedesktop.impl.portal.Notification as a last-resort fallback

(/usr/lib/xdg-desktop-portal:2058173): xdg-desktop-portal-WARNING **: 17:18:47.741: Choosing gtk.portal for org.freedesktop.impl.portal.Inhibit as a last-resort fallback

(/usr/lib/xdg-desktop-portal:2058173): xdg-desktop-portal-WARNING **: 17:18:47.742: Failed to connect to PipeWire: Couldn't connect to PipeWire

(/usr/lib/xdg-desktop-portal:2058173): xdg-desktop-portal-WARNING **: 17:18:47.742: Choosing gtk.portal for org.freedesktop.impl.portal.Account as a last-resort fallback

(/usr/lib/xdg-desktop-portal:2058173): xdg-desktop-portal-WARNING **: 17:18:47.743: Choosing gtk.portal for org.freedesktop.impl.portal.Email as a last-resort fallback

(/usr/lib/xdg-desktop-portal:2058173): xdg-desktop-portal-WARNING **: 17:18:47.743: Choosing gtk.portal for org.freedesktop.impl.portal.DynamicLauncher as a last-resort fallback
dbus-daemon[2057281]: [session uid=1000 pid=2057281 pidfd=4] Successfully activated service 'org.freedesktop.portal.Desktop'
{"trial": "p00a-measured-ON", "outcome": "verified", "forced_path_ok": true, "loadavg_before": "3.26 7.61 7.00 2/2136 2057543"}
dbus-daemon[2057281]: [session uid=1000 pid=2057281 pidfd=4] Activating service name='org.freedesktop.systemd1' requested by ':1.4' (uid=1000 pid=2057593 comm="/usr/bin/dbus-broker-launch --config-file=/usr/sha")
dbus-daemon[2057281]: [session uid=1000 pid=2057281 pidfd=4] Activated service 'org.freedesktop.systemd1' failed: Process org.freedesktop.systemd1 exited with status 1
[2m2026-10-01T22:18:51.736741Z[0m [33m WARN[0m [2mplatform_linux::overlay[0m[2m:[0m X11 overlay: root reads cannot see this window's own pixels; save-unders will be served without readback confirmation
dbus-daemon[2057281]: [session uid=1000 pid=2057281 pidfd=4] Activating service name='org.freedesktop.systemd1' requested by ':1.4' (uid=1000 pid=2057593 comm="/usr/bin/dbus-broker-launch --config-file=/usr/sha")
dbus-daemon[2057281]: [session uid=1000 pid=2057281 pidfd=4] Activated service 'org.freedesktop.systemd1' failed: Process org.freedesktop.systemd1 exited with status 1
dbus-daemon[2057281]: [session uid=1000 pid=2057281 pidfd=4] Activating service name='org.freedesktop.systemd1' requested by ':1.4' (uid=1000 pid=2057593 comm="/usr/bin/dbus-broker-launch --config-file=/usr/sha")
dbus-daemon[2057281]: [session uid=1000 pid=2057281 pidfd=4] Activated service 'org.freedesktop.systemd1' failed: Process org.freedesktop.systemd1 exited with status 1
{"trial": "p00b-measured-OFF", "outcome": "verified", "forced_path_ok": true, "loadavg_before": "3.40 7.57 6.99 2/2183 2058688"}
dbus-daemon[2057281]: [session uid=1000 pid=2057281 pidfd=4] Activating service name='org.freedesktop.systemd1' requested by ':1.4' (uid=1000 pid=2057593 comm="/usr/bin/dbus-broker-launch --config-file=/usr/sha")
dbus-daemon[2057281]: [session uid=1000 pid=2057281 pidfd=4] Activated service 'org.freedesktop.systemd1' failed: Process org.freedesktop.systemd1 exited with status 1
[2m2026-10-01T22:18:53.102061Z[0m [33m WARN[0m [2mplatform_linux::overlay[0m[2m:[0m X11 overlay: root reads cannot see this window's own pixels; save-unders will be served without readback confirmation
dbus-daemon[2057281]: [session uid=1000 pid=2057281 pidfd=4] Activating service name='org.freedesktop.systemd1' requested by ':1.4' (uid=1000 pid=2057593 comm="/usr/bin/dbus-broker-launch --config-file=/usr/sha")
dbus-daemon[2057281]: [session uid=1000 pid=2057281 pidfd=4] Activated service 'org.freedesktop.systemd1' failed: Process org.freedesktop.systemd1 exited with status 1
dbus-daemon[2057281]: [session uid=1000 pid=2057281 pidfd=4] Activating service name='org.freedesktop.systemd1' requested by ':1.4' (uid=1000 pid=2057593 comm="/usr/bin/dbus-broker-launch --config-file=/usr/sha")
dbus-daemon[2057281]: [session uid=1000 pid=2057281 pidfd=4] Activated service 'org.freedesktop.systemd1' failed: Process org.freedesktop.systemd1 exited with status 1
{"trial": "p01a-measured-OFF", "outcome": "verified", "forced_path_ok": true, "loadavg_before": "3.40 7.57 6.99 3/2186 2059007"}
dbus-daemon[2057281]: [session uid=1000 pid=2057281 pidfd=4] Activating service name='org.freedesktop.systemd1' requested by ':1.4' (uid=1000 pid=2057593 comm="/usr/bin/dbus-broker-launch --config-file=/usr/sha")
dbus-daemon[2057281]: [session uid=1000 pid=2057281 pidfd=4] Activated service 'org.freedesktop.systemd1' failed: Process org.freedesktop.systemd1 exited with status 1
[2m2026-10-01T22:18:54.469358Z[0m [33m WARN[0m [2mplatform_linux::overlay[0m[2m:[0m X11 overlay: root reads cannot see this window's own pixels; save-unders will be served without readback confirmation
dbus-daemon[2057281]: [session uid=1000 pid=2057281 pidfd=4] Activating service name='org.freedesktop.systemd1' requested by ':1.4' (uid=1000 pid=2057593 comm="/usr/bin/dbus-broker-launch --config-file=/usr/sha")
dbus-daemon[2057281]: [session uid=1000 pid=2057281 pidfd=4] Activated service 'org.freedesktop.systemd1' failed: Process org.freedesktop.systemd1 exited with status 1
dbus-daemon[2057281]: [session uid=1000 pid=2057281 pidfd=4] Activating service name='org.freedesktop.systemd1' requested by ':1.4' (uid=1000 pid=2057593 comm="/usr/bin/dbus-broker-launch --config-file=/usr/sha")
dbus-daemon[2057281]: [session uid=1000 pid=2057281 pidfd=4] Activated service 'org.freedesktop.systemd1' failed: Process org.freedesktop.systemd1 exited with status 1
{"trial": "p01b-measured-ON", "outcome": "verified", "forced_path_ok": true, "loadavg_before": "3.40 7.57 6.99 1/2189 2059295"}
dbus-daemon[2057281]: [session uid=1000 pid=2057281 pidfd=4] Activating service name='org.freedesktop.systemd1' requested by ':1.4' (uid=1000 pid=2057593 comm="/usr/bin/dbus-broker-launch --config-file=/usr/sha")
dbus-daemon[2057281]: [session uid=1000 pid=2057281 pidfd=4] Activated service 'org.freedesktop.systemd1' failed: Process org.freedesktop.systemd1 exited with status 1
[2m2026-10-01T22:18:58.859671Z[0m [33m WARN[0m [2mplatform_linux::overlay[0m[2m:[0m X11 overlay: root reads cannot see this window's own pixels; save-unders will be served without readback confirmation
dbus-daemon[2057281]: [session uid=1000 pid=2057281 pidfd=4] Activating service name='org.freedesktop.systemd1' requested by ':1.4' (uid=1000 pid=2057593 comm="/usr/bin/dbus-broker-launch --config-file=/usr/sha")
dbus-daemon[2057281]: [session uid=1000 pid=2057281 pidfd=4] Activated service 'org.freedesktop.systemd1' failed: Process org.freedesktop.systemd1 exited with status 1
dbus-daemon[2057281]: [session uid=1000 pid=2057281 pidfd=4] Activating service name='org.freedesktop.systemd1' requested by ':1.4' (uid=1000 pid=2057593 comm="/usr/bin/dbus-broker-launch --config-file=/usr/sha")
dbus-daemon[2057281]: [session uid=1000 pid=2057281 pidfd=4] Activated service 'org.freedesktop.systemd1' failed: Process org.freedesktop.systemd1 exited with status 1
{"trial": "p02a-measured-ON", "outcome": "verified", "forced_path_ok": true, "loadavg_before": "3.13 7.45 6.95 3/2177 2059705"}
dbus-daemon[2057281]: [session uid=1000 pid=2057281 pidfd=4] Activating service name='org.freedesktop.systemd1' requested by ':1.4' (uid=1000 pid=2057593 comm="/usr/bin/dbus-broker-launch --config-file=/usr/sha")
dbus-daemon[2057281]: [session uid=1000 pid=2057281 pidfd=4] Activated service 'org.freedesktop.systemd1' failed: Process org.freedesktop.systemd1 exited with status 1
[2m2026-10-01T22:19:03.251775Z[0m [33m WARN[0m [2mplatform_linux::overlay[0m[2m:[0m X11 overlay: root reads cannot see this window's own pixels; save-unders will be served without readback confirmation
dbus-daemon[2057281]: [session uid=1000 pid=2057281 pidfd=4] Activating service name='org.freedesktop.systemd1' requested by ':1.4' (uid=1000 pid=2057593 comm="/usr/bin/dbus-broker-launch --config-file=/usr/sha")
dbus-daemon[2057281]: [session uid=1000 pid=2057281 pidfd=4] Activated service 'org.freedesktop.systemd1' failed: Process org.freedesktop.systemd1 exited with status 1
dbus-daemon[2057281]: [session uid=1000 pid=2057281 pidfd=4] Activating service name='org.freedesktop.systemd1' requested by ':1.4' (uid=1000 pid=2057593 comm="/usr/bin/dbus-broker-launch --config-file=/usr/sha")
dbus-daemon[2057281]: [session uid=1000 pid=2057281 pidfd=4] Activated service 'org.freedesktop.systemd1' failed: Process org.freedesktop.systemd1 exited with status 1
{"trial": "p02b-measured-OFF", "outcome": "verified", "forced_path_ok": true, "loadavg_before": "3.20 7.39 6.93 4/2169 2060199"}
dbus-daemon[2057281]: [session uid=1000 pid=2057281 pidfd=4] Activating service name='org.freedesktop.systemd1' requested by ':1.4' (uid=1000 pid=2057593 comm="/usr/bin/dbus-broker-launch --config-file=/usr/sha")
dbus-daemon[2057281]: [session uid=1000 pid=2057281 pidfd=4] Activated service 'org.freedesktop.systemd1' failed: Process org.freedesktop.systemd1 exited with status 1
[2m2026-10-01T22:19:04.627619Z[0m [33m WARN[0m [2mplatform_linux::overlay[0m[2m:[0m X11 overlay: root reads cannot see this window's own pixels; save-unders will be served without readback confirmation
dbus-daemon[2057281]: [session uid=1000 pid=2057281 pidfd=4] Activating service name='org.freedesktop.systemd1' requested by ':1.4' (uid=1000 pid=2057593 comm="/usr/bin/dbus-broker-launch --config-file=/usr/sha")
dbus-daemon[2057281]: [session uid=1000 pid=2057281 pidfd=4] Activated service 'org.freedesktop.systemd1' failed: Process org.freedesktop.systemd1 exited with status 1
dbus-daemon[2057281]: [session uid=1000 pid=2057281 pidfd=4] Activating service name='org.freedesktop.systemd1' requested by ':1.4' (uid=1000 pid=2057593 comm="/usr/bin/dbus-broker-launch --config-file=/usr/sha")
dbus-daemon[2057281]: [session uid=1000 pid=2057281 pidfd=4] Activated service 'org.freedesktop.systemd1' failed: Process org.freedesktop.systemd1 exited with status 1
{"trial": "p03a-measured-OFF", "outcome": "verified", "forced_path_ok": true, "loadavg_before": "3.20 7.39 6.93 2/2148 2060485"}
dbus-daemon[2057281]: [session uid=1000 pid=2057281 pidfd=4] Activating service name='org.freedesktop.systemd1' requested by ':1.4' (uid=1000 pid=2057593 comm="/usr/bin/dbus-broker-launch --config-file=/usr/sha")
dbus-daemon[2057281]: [session uid=1000 pid=2057281 pidfd=4] Activated service 'org.freedesktop.systemd1' failed: Process org.freedesktop.systemd1 exited with status 1
[2m2026-10-01T22:19:06.013346Z[0m [33m WARN[0m [2mplatform_linux::overlay[0m[2m:[0m X11 overlay: root reads cannot see this window's own pixels; save-unders will be served without readback confirmation
dbus-daemon[2057281]: [session uid=1000 pid=2057281 pidfd=4] Activating service name='org.freedesktop.systemd1' requested by ':1.4' (uid=1000 pid=2057593 comm="/usr/bin/dbus-broker-launch --config-file=/usr/sha")
dbus-daemon[2057281]: [session uid=1000 pid=2057281 pidfd=4] Activated service 'org.freedesktop.systemd1' failed: Process org.freedesktop.systemd1 exited with status 1
dbus-daemon[2057281]: [session uid=1000 pid=2057281 pidfd=4] Activating service name='org.freedesktop.systemd1' requested by ':1.4' (uid=1000 pid=2057593 comm="/usr/bin/dbus-broker-launch --config-file=/usr/sha")
dbus-daemon[2057281]: [session uid=1000 pid=2057281 pidfd=4] Activated service 'org.freedesktop.systemd1' failed: Process org.freedesktop.systemd1 exited with status 1
{"trial": "p03b-measured-ON", "outcome": "verified", "forced_path_ok": true, "loadavg_before": "2.94 7.26 6.89 1/2163 2060863"}
dbus-daemon[2057281]: [session uid=1000 pid=2057281 pidfd=4] Activating service name='org.freedesktop.systemd1' requested by ':1.4' (uid=1000 pid=2057593 comm="/usr/bin/dbus-broker-launch --config-file=/usr/sha")
dbus-daemon[2057281]: [session uid=1000 pid=2057281 pidfd=4] Activated service 'org.freedesktop.systemd1' failed: Process org.freedesktop.systemd1 exited with status 1
[2m2026-10-01T22:19:10.696248Z[0m [33m WARN[0m [2mplatform_linux::overlay[0m[2m:[0m X11 overlay: root reads cannot see this window's own pixels; save-unders will be served without readback confirmation
dbus-daemon[2057281]: [session uid=1000 pid=2057281 pidfd=4] Activating service name='org.freedesktop.systemd1' requested by ':1.4' (uid=1000 pid=2057593 comm="/usr/bin/dbus-broker-launch --config-file=/usr/sha")
dbus-daemon[2057281]: [session uid=1000 pid=2057281 pidfd=4] Activated service 'org.freedesktop.systemd1' failed: Process org.freedesktop.systemd1 exited with status 1
dbus-daemon[2057281]: [session uid=1000 pid=2057281 pidfd=4] Activating service name='org.freedesktop.systemd1' requested by ':1.4' (uid=1000 pid=2057593 comm="/usr/bin/dbus-broker-launch --config-file=/usr/sha")
dbus-daemon[2057281]: [session uid=1000 pid=2057281 pidfd=4] Activated service 'org.freedesktop.systemd1' failed: Process org.freedesktop.systemd1 exited with status 1
{"trial": "p04a-measured-ON", "outcome": "verified", "forced_path_ok": true, "loadavg_before": "2.87 7.18 6.87 3/2154 2061235"}
dbus-daemon[2057281]: [session uid=1000 pid=2057281 pidfd=4] Activating service name='org.freedesktop.systemd1' requested by ':1.4' (uid=1000 pid=2057593 comm="/usr/bin/dbus-broker-launch --config-file=/usr/sha")
dbus-daemon[2057281]: [session uid=1000 pid=2057281 pidfd=4] Activated service 'org.freedesktop.systemd1' failed: Process org.freedesktop.systemd1 exited with status 1
[2m2026-10-01T22:19:15.044247Z[0m [33m WARN[0m [2mplatform_linux::overlay[0m[2m:[0m X11 overlay: root reads cannot see this window's own pixels; save-unders will be served without readback confirmation
dbus-daemon[2057281]: [session uid=1000 pid=2057281 pidfd=4] Activating service name='org.freedesktop.systemd1' requested by ':1.4' (uid=1000 pid=2057593 comm="/usr/bin/dbus-broker-launch --config-file=/usr/sha")
dbus-daemon[2057281]: [session uid=1000 pid=2057281 pidfd=4] Activated service 'org.freedesktop.systemd1' failed: Process org.freedesktop.systemd1 exited with status 1
dbus-daemon[2057281]: [session uid=1000 pid=2057281 pidfd=4] Activating service name='org.freedesktop.systemd1' requested by ':1.4' (uid=1000 pid=2057593 comm="/usr/bin/dbus-broker-launch --config-file=/usr/sha")
dbus-daemon[2057281]: [session uid=1000 pid=2057281 pidfd=4] Activated service 'org.freedesktop.systemd1' failed: Process org.freedesktop.systemd1 exited with status 1
{"trial": "p04b-measured-OFF", "outcome": "verified", "forced_path_ok": true, "loadavg_before": "2.87 7.18 6.87 1/2157 2061597"}
dbus-daemon[2057281]: [session uid=1000 pid=2057281 pidfd=4] Activating service name='org.freedesktop.systemd1' requested by ':1.4' (uid=1000 pid=2057593 comm="/usr/bin/dbus-broker-launch --config-file=/usr/sha")
dbus-daemon[2057281]: [session uid=1000 pid=2057281 pidfd=4] Activated service 'org.freedesktop.systemd1' failed: Process org.freedesktop.systemd1 exited with status 1
[2m2026-10-01T22:19:16.390470Z[0m [33m WARN[0m [2mplatform_linux::overlay[0m[2m:[0m X11 overlay: root reads cannot see this window's own pixels; save-unders will be served without readback confirmation
dbus-daemon[2057281]: [session uid=1000 pid=2057281 pidfd=4] Activating service name='org.freedesktop.systemd1' requested by ':1.4' (uid=1000 pid=2057593 comm="/usr/bin/dbus-broker-launch --config-file=/usr/sha")
dbus-daemon[2057281]: [session uid=1000 pid=2057281 pidfd=4] Activated service 'org.freedesktop.systemd1' failed: Process org.freedesktop.systemd1 exited with status 1
dbus-daemon[2057281]: [session uid=1000 pid=2057281 pidfd=4] Activating service name='org.freedesktop.systemd1' requested by ':1.4' (uid=1000 pid=2057593 comm="/usr/bin/dbus-broker-launch --config-file=/usr/sha")
dbus-daemon[2057281]: [session uid=1000 pid=2057281 pidfd=4] Activated service 'org.freedesktop.systemd1' failed: Process org.freedesktop.systemd1 exited with status 1
{"trial": "p05a-measured-OFF", "outcome": "verified", "forced_path_ok": true, "loadavg_before": "2.72 7.07 6.84 1/2163 2061903"}
dbus-daemon[2057281]: [session uid=1000 pid=2057281 pidfd=4] Activating service name='org.freedesktop.systemd1' requested by ':1.4' (uid=1000 pid=2057593 comm="/usr/bin/dbus-broker-launch --config-file=/usr/sha")
dbus-daemon[2057281]: [session uid=1000 pid=2057281 pidfd=4] Activated service 'org.freedesktop.systemd1' failed: Process org.freedesktop.systemd1 exited with status 1
[2m2026-10-01T22:19:17.764516Z[0m [33m WARN[0m [2mplatform_linux::overlay[0m[2m:[0m X11 overlay: root reads cannot see this window's own pixels; save-unders will be served without readback confirmation
dbus-daemon[2057281]: [session uid=1000 pid=2057281 pidfd=4] Activating service name='org.freedesktop.systemd1' requested by ':1.4' (uid=1000 pid=2057593 comm="/usr/bin/dbus-broker-launch --config-file=/usr/sha")
dbus-daemon[2057281]: [session uid=1000 pid=2057281 pidfd=4] Activated service 'org.freedesktop.systemd1' failed: Process org.freedesktop.systemd1 exited with status 1
dbus-daemon[2057281]: [session uid=1000 pid=2057281 pidfd=4] Activating service name='org.freedesktop.systemd1' requested by ':1.4' (uid=1000 pid=2057593 comm="/usr/bin/dbus-broker-launch --config-file=/usr/sha")
dbus-daemon[2057281]: [session uid=1000 pid=2057281 pidfd=4] Activated service 'org.freedesktop.systemd1' failed: Process org.freedesktop.systemd1 exited with status 1
{"trial": "p05b-measured-ON", "outcome": "verified", "forced_path_ok": true, "loadavg_before": "2.72 7.07 6.84 1/2163 2062202"}
dbus-daemon[2057281]: [session uid=1000 pid=2057281 pidfd=4] Activating service name='org.freedesktop.systemd1' requested by ':1.4' (uid=1000 pid=2057593 comm="/usr/bin/dbus-broker-launch --config-file=/usr/sha")
dbus-daemon[2057281]: [session uid=1000 pid=2057281 pidfd=4] Activated service 'org.freedesktop.systemd1' failed: Process org.freedesktop.systemd1 exited with status 1
[2m2026-10-01T22:19:22.120590Z[0m [33m WARN[0m [2mplatform_linux::overlay[0m[2m:[0m X11 overlay: root reads cannot see this window's own pixels; save-unders will be served without readback confirmation
dbus-daemon[2057281]: [session uid=1000 pid=2057281 pidfd=4] Activating service name='org.freedesktop.systemd1' requested by ':1.4' (uid=1000 pid=2057593 comm="/usr/bin/dbus-broker-launch --config-file=/usr/sha")
dbus-daemon[2057281]: [session uid=1000 pid=2057281 pidfd=4] Activated service 'org.freedesktop.systemd1' failed: Process org.freedesktop.systemd1 exited with status 1
dbus-daemon[2057281]: [session uid=1000 pid=2057281 pidfd=4] Activating service name='org.freedesktop.systemd1' requested by ':1.4' (uid=1000 pid=2057593 comm="/usr/bin/dbus-broker-launch --config-file=/usr/sha")
dbus-daemon[2057281]: [session uid=1000 pid=2057281 pidfd=4] Activated service 'org.freedesktop.systemd1' failed: Process org.freedesktop.systemd1 exited with status 1
{"trial": "p06a-measured-ON", "outcome": "verified", "forced_path_ok": true, "loadavg_before": "2.50 6.96 6.80 2/2162 2062637"}
dbus-daemon[2057281]: [session uid=1000 pid=2057281 pidfd=4] Activating service name='org.freedesktop.systemd1' requested by ':1.4' (uid=1000 pid=2057593 comm="/usr/bin/dbus-broker-launch --config-file=/usr/sha")
dbus-daemon[2057281]: [session uid=1000 pid=2057281 pidfd=4] Activated service 'org.freedesktop.systemd1' failed: Process org.freedesktop.systemd1 exited with status 1
[2m2026-10-01T22:19:26.479689Z[0m [33m WARN[0m [2mplatform_linux::overlay[0m[2m:[0m X11 overlay: root reads cannot see this window's own pixels; save-unders will be served without readback confirmation
dbus-daemon[2057281]: [session uid=1000 pid=2057281 pidfd=4] Activating service name='org.freedesktop.systemd1' requested by ':1.4' (uid=1000 pid=2057593 comm="/usr/bin/dbus-broker-launch --config-file=/usr/sha")
dbus-daemon[2057281]: [session uid=1000 pid=2057281 pidfd=4] Activated service 'org.freedesktop.systemd1' failed: Process org.freedesktop.systemd1 exited with status 1
dbus-daemon[2057281]: [session uid=1000 pid=2057281 pidfd=4] Activating service name='org.freedesktop.systemd1' requested by ':1.4' (uid=1000 pid=2057593 comm="/usr/bin/dbus-broker-launch --config-file=/usr/sha")
dbus-daemon[2057281]: [session uid=1000 pid=2057281 pidfd=4] Activated service 'org.freedesktop.systemd1' failed: Process org.freedesktop.systemd1 exited with status 1
{"trial": "p06b-measured-OFF", "outcome": "verified", "forced_path_ok": true, "loadavg_before": "2.30 6.84 6.76 3/2158 2062990"}
dbus-daemon[2057281]: [session uid=1000 pid=2057281 pidfd=4] Activating service name='org.freedesktop.systemd1' requested by ':1.4' (uid=1000 pid=2057593 comm="/usr/bin/dbus-broker-launch --config-file=/usr/sha")
dbus-daemon[2057281]: [session uid=1000 pid=2057281 pidfd=4] Activated service 'org.freedesktop.systemd1' failed: Process org.freedesktop.systemd1 exited with status 1
[2m2026-10-01T22:19:27.825710Z[0m [33m WARN[0m [2mplatform_linux::overlay[0m[2m:[0m X11 overlay: root reads cannot see this window's own pixels; save-unders will be served without readback confirmation
dbus-daemon[2057281]: [session uid=1000 pid=2057281 pidfd=4] Activating service name='org.freedesktop.systemd1' requested by ':1.4' (uid=1000 pid=2057593 comm="/usr/bin/dbus-broker-launch --config-file=/usr/sha")
dbus-daemon[2057281]: [session uid=1000 pid=2057281 pidfd=4] Activated service 'org.freedesktop.systemd1' failed: Process org.freedesktop.systemd1 exited with status 1
dbus-daemon[2057281]: [session uid=1000 pid=2057281 pidfd=4] Activating service name='org.freedesktop.systemd1' requested by ':1.4' (uid=1000 pid=2057593 comm="/usr/bin/dbus-broker-launch --config-file=/usr/sha")
dbus-daemon[2057281]: [session uid=1000 pid=2057281 pidfd=4] Activated service 'org.freedesktop.systemd1' failed: Process org.freedesktop.systemd1 exited with status 1
{"trial": "p07a-measured-OFF", "outcome": "verified", "forced_path_ok": true, "loadavg_before": "2.30 6.84 6.76 1/2154 2063316"}
dbus-daemon[2057281]: [session uid=1000 pid=2057281 pidfd=4] Activating service name='org.freedesktop.systemd1' requested by ':1.4' (uid=1000 pid=2057593 comm="/usr/bin/dbus-broker-launch --config-file=/usr/sha")
dbus-daemon[2057281]: [session uid=1000 pid=2057281 pidfd=4] Activated service 'org.freedesktop.systemd1' failed: Process org.freedesktop.systemd1 exited with status 1
[2m2026-10-01T22:19:29.163392Z[0m [33m WARN[0m [2mplatform_linux::overlay[0m[2m:[0m X11 overlay: root reads cannot see this window's own pixels; save-unders will be served without readback confirmation
dbus-daemon[2057281]: [session uid=1000 pid=2057281 pidfd=4] Activating service name='org.freedesktop.systemd1' requested by ':1.4' (uid=1000 pid=2057593 comm="/usr/bin/dbus-broker-launch --config-file=/usr/sha")
dbus-daemon[2057281]: [session uid=1000 pid=2057281 pidfd=4] Activated service 'org.freedesktop.systemd1' failed: Process org.freedesktop.systemd1 exited with status 1
dbus-daemon[2057281]: [session uid=1000 pid=2057281 pidfd=4] Activating service name='org.freedesktop.systemd1' requested by ':1.4' (uid=1000 pid=2057593 comm="/usr/bin/dbus-broker-launch --config-file=/usr/sha")
dbus-daemon[2057281]: [session uid=1000 pid=2057281 pidfd=4] Activated service 'org.freedesktop.systemd1' failed: Process org.freedesktop.systemd1 exited with status 1
{"trial": "p07b-measured-ON", "outcome": "verified", "forced_path_ok": true, "loadavg_before": "2.30 6.84 6.76 1/2156 2063599"}
dbus-daemon[2057281]: [session uid=1000 pid=2057281 pidfd=4] Activating service name='org.freedesktop.systemd1' requested by ':1.4' (uid=1000 pid=2057593 comm="/usr/bin/dbus-broker-launch --config-file=/usr/sha")
dbus-daemon[2057281]: [session uid=1000 pid=2057281 pidfd=4] Activated service 'org.freedesktop.systemd1' failed: Process org.freedesktop.systemd1 exited with status 1
[2m2026-10-01T22:19:33.526188Z[0m [33m WARN[0m [2mplatform_linux::overlay[0m[2m:[0m X11 overlay: root reads cannot see this window's own pixels; save-unders will be served without readback confirmation
dbus-daemon[2057281]: [session uid=1000 pid=2057281 pidfd=4] Activating service name='org.freedesktop.systemd1' requested by ':1.4' (uid=1000 pid=2057593 comm="/usr/bin/dbus-broker-launch --config-file=/usr/sha")
dbus-daemon[2057281]: [session uid=1000 pid=2057281 pidfd=4] Activated service 'org.freedesktop.systemd1' failed: Process org.freedesktop.systemd1 exited with status 1
dbus-daemon[2057281]: [session uid=1000 pid=2057281 pidfd=4] Activating service name='org.freedesktop.systemd1' requested by ':1.4' (uid=1000 pid=2057593 comm="/usr/bin/dbus-broker-launch --config-file=/usr/sha")
dbus-daemon[2057281]: [session uid=1000 pid=2057281 pidfd=4] Activated service 'org.freedesktop.systemd1' failed: Process org.freedesktop.systemd1 exited with status 1
{"trial": "p08a-measured-ON", "outcome": "verified", "forced_path_ok": true, "loadavg_before": "2.19 6.74 6.73 1/2159 2063959"}
dbus-daemon[2057281]: [session uid=1000 pid=2057281 pidfd=4] Activating service name='org.freedesktop.systemd1' requested by ':1.4' (uid=1000 pid=2057593 comm="/usr/bin/dbus-broker-launch --config-file=/usr/sha")
dbus-daemon[2057281]: [session uid=1000 pid=2057281 pidfd=4] Activated service 'org.freedesktop.systemd1' failed: Process org.freedesktop.systemd1 exited with status 1
[2m2026-10-01T22:19:37.859464Z[0m [33m WARN[0m [2mplatform_linux::overlay[0m[2m:[0m X11 overlay: root reads cannot see this window's own pixels; save-unders will be served without readback confirmation
dbus-daemon[2057281]: [session uid=1000 pid=2057281 pidfd=4] Activating service name='org.freedesktop.systemd1' requested by ':1.4' (uid=1000 pid=2057593 comm="/usr/bin/dbus-broker-launch --config-file=/usr/sha")
dbus-daemon[2057281]: [session uid=1000 pid=2057281 pidfd=4] Activated service 'org.freedesktop.systemd1' failed: Process org.freedesktop.systemd1 exited with status 1
dbus-daemon[2057281]: [session uid=1000 pid=2057281 pidfd=4] Activating service name='org.freedesktop.systemd1' requested by ':1.4' (uid=1000 pid=2057593 comm="/usr/bin/dbus-broker-launch --config-file=/usr/sha")
dbus-daemon[2057281]: [session uid=1000 pid=2057281 pidfd=4] Activated service 'org.freedesktop.systemd1' failed: Process org.freedesktop.systemd1 exited with status 1
{"trial": "p08b-measured-OFF", "outcome": "verified", "forced_path_ok": true, "loadavg_before": "2.10 6.65 6.70 2/2175 2064472"}
dbus-daemon[2057281]: [session uid=1000 pid=2057281 pidfd=4] Activating service name='org.freedesktop.systemd1' requested by ':1.4' (uid=1000 pid=2057593 comm="/usr/bin/dbus-broker-launch --config-file=/usr/sha")
dbus-daemon[2057281]: [session uid=1000 pid=2057281 pidfd=4] Activated service 'org.freedesktop.systemd1' failed: Process org.freedesktop.systemd1 exited with status 1
[2m2026-10-01T22:19:39.217549Z[0m [33m WARN[0m [2mplatform_linux::overlay[0m[2m:[0m X11 overlay: root reads cannot see this window's own pixels; save-unders will be served without readback confirmation
dbus-daemon[2057281]: [session uid=1000 pid=2057281 pidfd=4] Activating service name='org.freedesktop.systemd1' requested by ':1.4' (uid=1000 pid=2057593 comm="/usr/bin/dbus-broker-launch --config-file=/usr/sha")
dbus-daemon[2057281]: [session uid=1000 pid=2057281 pidfd=4] Activated service 'org.freedesktop.systemd1' failed: Process org.freedesktop.systemd1 exited with status 1
dbus-daemon[2057281]: [session uid=1000 pid=2057281 pidfd=4] Activating service name='org.freedesktop.systemd1' requested by ':1.4' (uid=1000 pid=2057593 comm="/usr/bin/dbus-broker-launch --config-file=/usr/sha")
dbus-daemon[2057281]: [session uid=1000 pid=2057281 pidfd=4] Activated service 'org.freedesktop.systemd1' failed: Process org.freedesktop.systemd1 exited with status 1
{"trial": "p09a-measured-OFF", "outcome": "verified", "forced_path_ok": true, "loadavg_before": "2.10 6.65 6.70 4/2179 2064875"}
dbus-daemon[2057281]: [session uid=1000 pid=2057281 pidfd=4] Activating service name='org.freedesktop.systemd1' requested by ':1.4' (uid=1000 pid=2057593 comm="/usr/bin/dbus-broker-launch --config-file=/usr/sha")
dbus-daemon[2057281]: [session uid=1000 pid=2057281 pidfd=4] Activated service 'org.freedesktop.systemd1' failed: Process org.freedesktop.systemd1 exited with status 1
[2m2026-10-01T22:19:40.566369Z[0m [33m WARN[0m [2mplatform_linux::overlay[0m[2m:[0m X11 overlay: root reads cannot see this window's own pixels; save-unders will be served without readback confirmation
dbus-daemon[2057281]: [session uid=1000 pid=2057281 pidfd=4] Activating service name='org.freedesktop.systemd1' requested by ':1.4' (uid=1000 pid=2057593 comm="/usr/bin/dbus-broker-launch --config-file=/usr/sha")
dbus-daemon[2057281]: [session uid=1000 pid=2057281 pidfd=4] Activated service 'org.freedesktop.systemd1' failed: Process org.freedesktop.systemd1 exited with status 1
dbus-daemon[2057281]: [session uid=1000 pid=2057281 pidfd=4] Activating service name='org.freedesktop.systemd1' requested by ':1.4' (uid=1000 pid=2057593 comm="/usr/bin/dbus-broker-launch --config-file=/usr/sha")
dbus-daemon[2057281]: [session uid=1000 pid=2057281 pidfd=4] Activated service 'org.freedesktop.systemd1' failed: Process org.freedesktop.systemd1 exited with status 1
{"trial": "p09b-measured-ON", "outcome": "verified", "forced_path_ok": true, "loadavg_before": "2.10 6.65 6.70 1/2155 2065182"}
dbus-daemon[2057281]: [session uid=1000 pid=2057281 pidfd=4] Activating service name='org.freedesktop.systemd1' requested by ':1.4' (uid=1000 pid=2057593 comm="/usr/bin/dbus-broker-launch --config-file=/usr/sha")
dbus-daemon[2057281]: [session uid=1000 pid=2057281 pidfd=4] Activated service 'org.freedesktop.systemd1' failed: Process org.freedesktop.systemd1 exited with status 1
[2m2026-10-01T22:19:44.949465Z[0m [33m WARN[0m [2mplatform_linux::overlay[0m[2m:[0m X11 overlay: root reads cannot see this window's own pixels; save-unders will be served without readback confirmation
dbus-daemon[2057281]: [session uid=1000 pid=2057281 pidfd=4] Activating service name='org.freedesktop.systemd1' requested by ':1.4' (uid=1000 pid=2057593 comm="/usr/bin/dbus-broker-launch --config-file=/usr/sha")
dbus-daemon[2057281]: [session uid=1000 pid=2057281 pidfd=4] Activated service 'org.freedesktop.systemd1' failed: Process org.freedesktop.systemd1 exited with status 1
dbus-daemon[2057281]: [session uid=1000 pid=2057281 pidfd=4] Activating service name='org.freedesktop.systemd1' requested by ':1.4' (uid=1000 pid=2057593 comm="/usr/bin/dbus-broker-launch --config-file=/usr/sha")
dbus-daemon[2057281]: [session uid=1000 pid=2057281 pidfd=4] Activated service 'org.freedesktop.systemd1' failed: Process org.freedesktop.systemd1 exited with status 1
{"trial": "p10a-measured-ON", "outcome": "verified", "forced_path_ok": true, "loadavg_before": "2.09 6.57 6.67 5/2170 2065600"}
dbus-daemon[2057281]: [session uid=1000 pid=2057281 pidfd=4] Activating service name='org.freedesktop.systemd1' requested by ':1.4' (uid=1000 pid=2057593 comm="/usr/bin/dbus-broker-launch --config-file=/usr/sha")
dbus-daemon[2057281]: [session uid=1000 pid=2057281 pidfd=4] Activated service 'org.freedesktop.systemd1' failed: Process org.freedesktop.systemd1 exited with status 1
[2m2026-10-01T22:19:49.297798Z[0m [33m WARN[0m [2mplatform_linux::overlay[0m[2m:[0m X11 overlay: root reads cannot see this window's own pixels; save-unders will be served without readback confirmation
dbus-daemon[2057281]: [session uid=1000 pid=2057281 pidfd=4] Activating service name='org.freedesktop.systemd1' requested by ':1.4' (uid=1000 pid=2057593 comm="/usr/bin/dbus-broker-launch --config-file=/usr/sha")
dbus-daemon[2057281]: [session uid=1000 pid=2057281 pidfd=4] Activated service 'org.freedesktop.systemd1' failed: Process org.freedesktop.systemd1 exited with status 1
dbus-daemon[2057281]: [session uid=1000 pid=2057281 pidfd=4] Activating service name='org.freedesktop.systemd1' requested by ':1.4' (uid=1000 pid=2057593 comm="/usr/bin/dbus-broker-launch --config-file=/usr/sha")
dbus-daemon[2057281]: [session uid=1000 pid=2057281 pidfd=4] Activated service 'org.freedesktop.systemd1' failed: Process org.freedesktop.systemd1 exited with status 1
{"trial": "p10b-measured-OFF", "outcome": "verified", "forced_path_ok": true, "loadavg_before": "2.00 6.48 6.64 1/2164 2065946"}
dbus-daemon[2057281]: [session uid=1000 pid=2057281 pidfd=4] Activating service name='org.freedesktop.systemd1' requested by ':1.4' (uid=1000 pid=2057593 comm="/usr/bin/dbus-broker-launch --config-file=/usr/sha")
dbus-daemon[2057281]: [session uid=1000 pid=2057281 pidfd=4] Activated service 'org.freedesktop.systemd1' failed: Process org.freedesktop.systemd1 exited with status 1
[2m2026-10-01T22:19:50.636873Z[0m [33m WARN[0m [2mplatform_linux::overlay[0m[2m:[0m X11 overlay: root reads cannot see this window's own pixels; save-unders will be served without readback confirmation
dbus-daemon[2057281]: [session uid=1000 pid=2057281 pidfd=4] Activating service name='org.freedesktop.systemd1' requested by ':1.4' (uid=1000 pid=2057593 comm="/usr/bin/dbus-broker-launch --config-file=/usr/sha")
dbus-daemon[2057281]: [session uid=1000 pid=2057281 pidfd=4] Activated service 'org.freedesktop.systemd1' failed: Process org.freedesktop.systemd1 exited with status 1
dbus-daemon[2057281]: [session uid=1000 pid=2057281 pidfd=4] Activating service name='org.freedesktop.systemd1' requested by ':1.4' (uid=1000 pid=2057593 comm="/usr/bin/dbus-broker-launch --config-file=/usr/sha")
dbus-daemon[2057281]: [session uid=1000 pid=2057281 pidfd=4] Activated service 'org.freedesktop.systemd1' failed: Process org.freedesktop.systemd1 exited with status 1
{"trial": "p11a-measured-OFF", "outcome": "verified", "forced_path_ok": true, "loadavg_before": "2.00 6.48 6.64 2/2166 2066248"}
dbus-daemon[2057281]: [session uid=1000 pid=2057281 pidfd=4] Activating service name='org.freedesktop.systemd1' requested by ':1.4' (uid=1000 pid=2057593 comm="/usr/bin/dbus-broker-launch --config-file=/usr/sha")
dbus-daemon[2057281]: [session uid=1000 pid=2057281 pidfd=4] Activated service 'org.freedesktop.systemd1' failed: Process org.freedesktop.systemd1 exited with status 1
[2m2026-10-01T22:19:52.020377Z[0m [33m WARN[0m [2mplatform_linux::overlay[0m[2m:[0m X11 overlay: root reads cannot see this window's own pixels; save-unders will be served without readback confirmation
dbus-daemon[2057281]: [session uid=1000 pid=2057281 pidfd=4] Activating service name='org.freedesktop.systemd1' requested by ':1.4' (uid=1000 pid=2057593 comm="/usr/bin/dbus-broker-launch --config-file=/usr/sha")
dbus-daemon[2057281]: [session uid=1000 pid=2057281 pidfd=4] Activated service 'org.freedesktop.systemd1' failed: Process org.freedesktop.systemd1 exited with status 1
dbus-daemon[2057281]: [session uid=1000 pid=2057281 pidfd=4] Activating service name='org.freedesktop.systemd1' requested by ':1.4' (uid=1000 pid=2057593 comm="/usr/bin/dbus-broker-launch --config-file=/usr/sha")
dbus-daemon[2057281]: [session uid=1000 pid=2057281 pidfd=4] Activated service 'org.freedesktop.systemd1' failed: Process org.freedesktop.systemd1 exited with status 1
{"trial": "p11b-measured-ON", "outcome": "verified", "forced_path_ok": true, "loadavg_before": "2.16 6.44 6.63 1/2166 2066574"}
dbus-daemon[2057281]: [session uid=1000 pid=2057281 pidfd=4] Activating service name='org.freedesktop.systemd1' requested by ':1.4' (uid=1000 pid=2057593 comm="/usr/bin/dbus-broker-launch --config-file=/usr/sha")
dbus-daemon[2057281]: [session uid=1000 pid=2057281 pidfd=4] Activated service 'org.freedesktop.systemd1' failed: Process org.freedesktop.systemd1 exited with status 1
[2m2026-10-01T22:19:56.351179Z[0m [33m WARN[0m [2mplatform_linux::overlay[0m[2m:[0m X11 overlay: root reads cannot see this window's own pixels; save-unders will be served without readback confirmation
dbus-daemon[2057281]: [session uid=1000 pid=2057281 pidfd=4] Activating service name='org.freedesktop.systemd1' requested by ':1.4' (uid=1000 pid=2057593 comm="/usr/bin/dbus-broker-launch --config-file=/usr/sha")
dbus-daemon[2057281]: [session uid=1000 pid=2057281 pidfd=4] Activated service 'org.freedesktop.systemd1' failed: Process org.freedesktop.systemd1 exited with status 1
dbus-daemon[2057281]: [session uid=1000 pid=2057281 pidfd=4] Activating service name='org.freedesktop.systemd1' requested by ':1.4' (uid=1000 pid=2057593 comm="/usr/bin/dbus-broker-launch --config-file=/usr/sha")
dbus-daemon[2057281]: [session uid=1000 pid=2057281 pidfd=4] Activated service 'org.freedesktop.systemd1' failed: Process org.freedesktop.systemd1 exited with status 1
{"trial": "p12a-measured-ON", "outcome": "verified", "forced_path_ok": true, "loadavg_before": "2.39 6.41 6.62 3/2171 2066958"}
dbus-daemon[2057281]: [session uid=1000 pid=2057281 pidfd=4] Activating service name='org.freedesktop.systemd1' requested by ':1.4' (uid=1000 pid=2057593 comm="/usr/bin/dbus-broker-launch --config-file=/usr/sha")
dbus-daemon[2057281]: [session uid=1000 pid=2057281 pidfd=4] Activated service 'org.freedesktop.systemd1' failed: Process org.freedesktop.systemd1 exited with status 1
[2m2026-10-01T22:20:00.682819Z[0m [33m WARN[0m [2mplatform_linux::overlay[0m[2m:[0m X11 overlay: root reads cannot see this window's own pixels; save-unders will be served without readback confirmation
dbus-daemon[2057281]: [session uid=1000 pid=2057281 pidfd=4] Activating service name='org.freedesktop.systemd1' requested by ':1.4' (uid=1000 pid=2057593 comm="/usr/bin/dbus-broker-launch --config-file=/usr/sha")
dbus-daemon[2057281]: [session uid=1000 pid=2057281 pidfd=4] Activated service 'org.freedesktop.systemd1' failed: Process org.freedesktop.systemd1 exited with status 1
dbus-daemon[2057281]: [session uid=1000 pid=2057281 pidfd=4] Activating service name='org.freedesktop.systemd1' requested by ':1.4' (uid=1000 pid=2057593 comm="/usr/bin/dbus-broker-launch --config-file=/usr/sha")
dbus-daemon[2057281]: [session uid=1000 pid=2057281 pidfd=4] Activated service 'org.freedesktop.systemd1' failed: Process org.freedesktop.systemd1 exited with status 1
{"trial": "p12b-measured-OFF", "outcome": "verified", "forced_path_ok": true, "loadavg_before": "2.20 6.31 6.58 1/2161 2067327"}
dbus-daemon[2057281]: [session uid=1000 pid=2057281 pidfd=4] Activating service name='org.freedesktop.systemd1' requested by ':1.4' (uid=1000 pid=2057593 comm="/usr/bin/dbus-broker-launch --config-file=/usr/sha")
dbus-daemon[2057281]: [session uid=1000 pid=2057281 pidfd=4] Activated service 'org.freedesktop.systemd1' failed: Process org.freedesktop.systemd1 exited with status 1
[2m2026-10-01T22:20:02.028081Z[0m [33m WARN[0m [2mplatform_linux::overlay[0m[2m:[0m X11 overlay: root reads cannot see this window's own pixels; save-unders will be served without readback confirmation
dbus-daemon[2057281]: [session uid=1000 pid=2057281 pidfd=4] Activating service name='org.freedesktop.systemd1' requested by ':1.4' (uid=1000 pid=2057593 comm="/usr/bin/dbus-broker-launch --config-file=/usr/sha")
dbus-daemon[2057281]: [session uid=1000 pid=2057281 pidfd=4] Activated service 'org.freedesktop.systemd1' failed: Process org.freedesktop.systemd1 exited with status 1
dbus-daemon[2057281]: [session uid=1000 pid=2057281 pidfd=4] Activating service name='org.freedesktop.systemd1' requested by ':1.4' (uid=1000 pid=2057593 comm="/usr/bin/dbus-broker-launch --config-file=/usr/sha")
dbus-daemon[2057281]: [session uid=1000 pid=2057281 pidfd=4] Activated service 'org.freedesktop.systemd1' failed: Process org.freedesktop.systemd1 exited with status 1
{"trial": "p13a-measured-OFF", "outcome": "verified", "forced_path_ok": true, "loadavg_before": "2.20 6.31 6.58 2/2161 2067618"}
dbus-daemon[2057281]: [session uid=1000 pid=2057281 pidfd=4] Activating service name='org.freedesktop.systemd1' requested by ':1.4' (uid=1000 pid=2057593 comm="/usr/bin/dbus-broker-launch --config-file=/usr/sha")
dbus-daemon[2057281]: [session uid=1000 pid=2057281 pidfd=4] Activated service 'org.freedesktop.systemd1' failed: Process org.freedesktop.systemd1 exited with status 1
[2m2026-10-01T22:20:03.374963Z[0m [33m WARN[0m [2mplatform_linux::overlay[0m[2m:[0m X11 overlay: root reads cannot see this window's own pixels; save-unders will be served without readback confirmation
dbus-daemon[2057281]: [session uid=1000 pid=2057281 pidfd=4] Activating service name='org.freedesktop.systemd1' requested by ':1.4' (uid=1000 pid=2057593 comm="/usr/bin/dbus-broker-launch --config-file=/usr/sha")
dbus-daemon[2057281]: [session uid=1000 pid=2057281 pidfd=4] Activated service 'org.freedesktop.systemd1' failed: Process org.freedesktop.systemd1 exited with status 1
dbus-daemon[2057281]: [session uid=1000 pid=2057281 pidfd=4] Activating service name='org.freedesktop.systemd1' requested by ':1.4' (uid=1000 pid=2057593 comm="/usr/bin/dbus-broker-launch --config-file=/usr/sha")
dbus-daemon[2057281]: [session uid=1000 pid=2057281 pidfd=4] Activated service 'org.freedesktop.systemd1' failed: Process org.freedesktop.systemd1 exited with status 1
{"trial": "p13b-measured-ON", "outcome": "verified", "forced_path_ok": true, "loadavg_before": "2.20 6.31 6.58 2/2161 2067923"}
dbus-daemon[2057281]: [session uid=1000 pid=2057281 pidfd=4] Activating service name='org.freedesktop.systemd1' requested by ':1.4' (uid=1000 pid=2057593 comm="/usr/bin/dbus-broker-launch --config-file=/usr/sha")
dbus-daemon[2057281]: [session uid=1000 pid=2057281 pidfd=4] Activated service 'org.freedesktop.systemd1' failed: Process org.freedesktop.systemd1 exited with status 1
[2m2026-10-01T22:20:07.721618Z[0m [33m WARN[0m [2mplatform_linux::overlay[0m[2m:[0m X11 overlay: root reads cannot see this window's own pixels; save-unders will be served without readback confirmation
dbus-daemon[2057281]: [session uid=1000 pid=2057281 pidfd=4] Activating service name='org.freedesktop.systemd1' requested by ':1.4' (uid=1000 pid=2057593 comm="/usr/bin/dbus-broker-launch --config-file=/usr/sha")
dbus-daemon[2057281]: [session uid=1000 pid=2057281 pidfd=4] Activated service 'org.freedesktop.systemd1' failed: Process org.freedesktop.systemd1 exited with status 1
dbus-daemon[2057281]: [session uid=1000 pid=2057281 pidfd=4] Activating service name='org.freedesktop.systemd1' requested by ':1.4' (uid=1000 pid=2057593 comm="/usr/bin/dbus-broker-launch --config-file=/usr/sha")
dbus-daemon[2057281]: [session uid=1000 pid=2057281 pidfd=4] Activated service 'org.freedesktop.systemd1' failed: Process org.freedesktop.systemd1 exited with status 1
{"trial": "p14a-measured-ON", "outcome": "verified", "forced_path_ok": true, "loadavg_before": "2.10 6.22 6.55 2/2158 2068342"}
dbus-daemon[2057281]: [session uid=1000 pid=2057281 pidfd=4] Activating service name='org.freedesktop.systemd1' requested by ':1.4' (uid=1000 pid=2057593 comm="/usr/bin/dbus-broker-launch --config-file=/usr/sha")
dbus-daemon[2057281]: [session uid=1000 pid=2057281 pidfd=4] Activated service 'org.freedesktop.systemd1' failed: Process org.freedesktop.systemd1 exited with status 1
[2m2026-10-01T22:20:12.047390Z[0m [33m WARN[0m [2mplatform_linux::overlay[0m[2m:[0m X11 overlay: root reads cannot see this window's own pixels; save-unders will be served without readback confirmation
dbus-daemon[2057281]: [session uid=1000 pid=2057281 pidfd=4] Activating service name='org.freedesktop.systemd1' requested by ':1.4' (uid=1000 pid=2057593 comm="/usr/bin/dbus-broker-launch --config-file=/usr/sha")
dbus-daemon[2057281]: [session uid=1000 pid=2057281 pidfd=4] Activated service 'org.freedesktop.systemd1' failed: Process org.freedesktop.systemd1 exited with status 1
dbus-daemon[2057281]: [session uid=1000 pid=2057281 pidfd=4] Activating service name='org.freedesktop.systemd1' requested by ':1.4' (uid=1000 pid=2057593 comm="/usr/bin/dbus-broker-launch --config-file=/usr/sha")
dbus-daemon[2057281]: [session uid=1000 pid=2057281 pidfd=4] Activated service 'org.freedesktop.systemd1' failed: Process org.freedesktop.systemd1 exited with status 1
{"trial": "p14b-measured-OFF", "outcome": "verified", "forced_path_ok": true, "loadavg_before": "2.17 6.16 6.54 1/2157 2068710"}
dbus-daemon[2057281]: [session uid=1000 pid=2057281 pidfd=4] Activating service name='org.freedesktop.systemd1' requested by ':1.4' (uid=1000 pid=2057593 comm="/usr/bin/dbus-broker-launch --config-file=/usr/sha")
dbus-daemon[2057281]: [session uid=1000 pid=2057281 pidfd=4] Activated service 'org.freedesktop.systemd1' failed: Process org.freedesktop.systemd1 exited with status 1
[2m2026-10-01T22:20:13.373829Z[0m [33m WARN[0m [2mplatform_linux::overlay[0m[2m:[0m X11 overlay: root reads cannot see this window's own pixels; save-unders will be served without readback confirmation
dbus-daemon[2057281]: [session uid=1000 pid=2057281 pidfd=4] Activating service name='org.freedesktop.systemd1' requested by ':1.4' (uid=1000 pid=2057593 comm="/usr/bin/dbus-broker-launch --config-file=/usr/sha")
dbus-daemon[2057281]: [session uid=1000 pid=2057281 pidfd=4] Activated service 'org.freedesktop.systemd1' failed: Process org.freedesktop.systemd1 exited with status 1
dbus-daemon[2057281]: [session uid=1000 pid=2057281 pidfd=4] Activating service name='org.freedesktop.systemd1' requested by ':1.4' (uid=1000 pid=2057593 comm="/usr/bin/dbus-broker-launch --config-file=/usr/sha")
dbus-daemon[2057281]: [session uid=1000 pid=2057281 pidfd=4] Activated service 'org.freedesktop.systemd1' failed: Process org.freedesktop.systemd1 exited with status 1
{"trial": "p15a-measured-OFF", "outcome": "verified", "forced_path_ok": true, "loadavg_before": "2.17 6.16 6.54 1/2156 2069034"}
dbus-daemon[2057281]: [session uid=1000 pid=2057281 pidfd=4] Activating service name='org.freedesktop.systemd1' requested by ':1.4' (uid=1000 pid=2057593 comm="/usr/bin/dbus-broker-launch --config-file=/usr/sha")
dbus-daemon[2057281]: [session uid=1000 pid=2057281 pidfd=4] Activated service 'org.freedesktop.systemd1' failed: Process org.freedesktop.systemd1 exited with status 1
[2m2026-10-01T22:20:14.707322Z[0m [33m WARN[0m [2mplatform_linux::overlay[0m[2m:[0m X11 overlay: root reads cannot see this window's own pixels; save-unders will be served without readback confirmation
dbus-daemon[2057281]: [session uid=1000 pid=2057281 pidfd=4] Activating service name='org.freedesktop.systemd1' requested by ':1.4' (uid=1000 pid=2057593 comm="/usr/bin/dbus-broker-launch --config-file=/usr/sha")
dbus-daemon[2057281]: [session uid=1000 pid=2057281 pidfd=4] Activated service 'org.freedesktop.systemd1' failed: Process org.freedesktop.systemd1 exited with status 1
dbus-daemon[2057281]: [session uid=1000 pid=2057281 pidfd=4] Activating service name='org.freedesktop.systemd1' requested by ':1.4' (uid=1000 pid=2057593 comm="/usr/bin/dbus-broker-launch --config-file=/usr/sha")
dbus-daemon[2057281]: [session uid=1000 pid=2057281 pidfd=4] Activated service 'org.freedesktop.systemd1' failed: Process org.freedesktop.systemd1 exited with status 1
{"trial": "p15b-measured-ON", "outcome": "verified", "forced_path_ok": true, "loadavg_before": "2.17 6.16 6.54 2/2156 2069309"}
dbus-daemon[2057281]: [session uid=1000 pid=2057281 pidfd=4] Activating service name='org.freedesktop.systemd1' requested by ':1.4' (uid=1000 pid=2057593 comm="/usr/bin/dbus-broker-launch --config-file=/usr/sha")
dbus-daemon[2057281]: [session uid=1000 pid=2057281 pidfd=4] Activated service 'org.freedesktop.systemd1' failed: Process org.freedesktop.systemd1 exited with status 1
[2m2026-10-01T22:20:19.064701Z[0m [33m WARN[0m [2mplatform_linux::overlay[0m[2m:[0m X11 overlay: root reads cannot see this window's own pixels; save-unders will be served without readback confirmation
dbus-daemon[2057281]: [session uid=1000 pid=2057281 pidfd=4] Activating service name='org.freedesktop.systemd1' requested by ':1.4' (uid=1000 pid=2057593 comm="/usr/bin/dbus-broker-launch --config-file=/usr/sha")
dbus-daemon[2057281]: [session uid=1000 pid=2057281 pidfd=4] Activated service 'org.freedesktop.systemd1' failed: Process org.freedesktop.systemd1 exited with status 1
dbus-daemon[2057281]: [session uid=1000 pid=2057281 pidfd=4] Activating service name='org.freedesktop.systemd1' requested by ':1.4' (uid=1000 pid=2057593 comm="/usr/bin/dbus-broker-launch --config-file=/usr/sha")
dbus-daemon[2057281]: [session uid=1000 pid=2057281 pidfd=4] Activated service 'org.freedesktop.systemd1' failed: Process org.freedesktop.systemd1 exited with status 1
{"trial": "p16a-measured-ON", "outcome": "verified", "forced_path_ok": true, "loadavg_before": "2.08 6.08 6.51 1/2163 2069705"}
dbus-daemon[2057281]: [session uid=1000 pid=2057281 pidfd=4] Activating service name='org.freedesktop.systemd1' requested by ':1.4' (uid=1000 pid=2057593 comm="/usr/bin/dbus-broker-launch --config-file=/usr/sha")
dbus-daemon[2057281]: [session uid=1000 pid=2057281 pidfd=4] Activated service 'org.freedesktop.systemd1' failed: Process org.freedesktop.systemd1 exited with status 1
[2m2026-10-01T22:20:23.448700Z[0m [33m WARN[0m [2mplatform_linux::overlay[0m[2m:[0m X11 overlay: root reads cannot see this window's own pixels; save-unders will be served without readback confirmation
dbus-daemon[2057281]: [session uid=1000 pid=2057281 pidfd=4] Activating service name='org.freedesktop.systemd1' requested by ':1.4' (uid=1000 pid=2057593 comm="/usr/bin/dbus-broker-launch --config-file=/usr/sha")
dbus-daemon[2057281]: [session uid=1000 pid=2057281 pidfd=4] Activated service 'org.freedesktop.systemd1' failed: Process org.freedesktop.systemd1 exited with status 1
dbus-daemon[2057281]: [session uid=1000 pid=2057281 pidfd=4] Activating service name='org.freedesktop.systemd1' requested by ':1.4' (uid=1000 pid=2057593 comm="/usr/bin/dbus-broker-launch --config-file=/usr/sha")
dbus-daemon[2057281]: [session uid=1000 pid=2057281 pidfd=4] Activated service 'org.freedesktop.systemd1' failed: Process org.freedesktop.systemd1 exited with status 1
{"trial": "p16b-measured-OFF", "outcome": "verified", "forced_path_ok": true, "loadavg_before": "1.91 5.98 6.47 1/2165 2070098"}
dbus-daemon[2057281]: [session uid=1000 pid=2057281 pidfd=4] Activating service name='org.freedesktop.systemd1' requested by ':1.4' (uid=1000 pid=2057593 comm="/usr/bin/dbus-broker-launch --config-file=/usr/sha")
dbus-daemon[2057281]: [session uid=1000 pid=2057281 pidfd=4] Activated service 'org.freedesktop.systemd1' failed: Process org.freedesktop.systemd1 exited with status 1
[2m2026-10-01T22:20:24.795626Z[0m [33m WARN[0m [2mplatform_linux::overlay[0m[2m:[0m X11 overlay: root reads cannot see this window's own pixels; save-unders will be served without readback confirmation
dbus-daemon[2057281]: [session uid=1000 pid=2057281 pidfd=4] Activating service name='org.freedesktop.systemd1' requested by ':1.4' (uid=1000 pid=2057593 comm="/usr/bin/dbus-broker-launch --config-file=/usr/sha")
dbus-daemon[2057281]: [session uid=1000 pid=2057281 pidfd=4] Activated service 'org.freedesktop.systemd1' failed: Process org.freedesktop.systemd1 exited with status 1
dbus-daemon[2057281]: [session uid=1000 pid=2057281 pidfd=4] Activating service name='org.freedesktop.systemd1' requested by ':1.4' (uid=1000 pid=2057593 comm="/usr/bin/dbus-broker-launch --config-file=/usr/sha")
dbus-daemon[2057281]: [session uid=1000 pid=2057281 pidfd=4] Activated service 'org.freedesktop.systemd1' failed: Process org.freedesktop.systemd1 exited with status 1
{"trial": "p17a-measured-OFF", "outcome": "verified", "forced_path_ok": true, "loadavg_before": "1.91 5.98 6.47 1/2165 2070376"}
dbus-daemon[2057281]: [session uid=1000 pid=2057281 pidfd=4] Activating service name='org.freedesktop.systemd1' requested by ':1.4' (uid=1000 pid=2057593 comm="/usr/bin/dbus-broker-launch --config-file=/usr/sha")
dbus-daemon[2057281]: [session uid=1000 pid=2057281 pidfd=4] Activated service 'org.freedesktop.systemd1' failed: Process org.freedesktop.systemd1 exited with status 1
[2m2026-10-01T22:20:26.156002Z[0m [33m WARN[0m [2mplatform_linux::overlay[0m[2m:[0m X11 overlay: root reads cannot see this window's own pixels; save-unders will be served without readback confirmation
dbus-daemon[2057281]: [session uid=1000 pid=2057281 pidfd=4] Activating service name='org.freedesktop.systemd1' requested by ':1.4' (uid=1000 pid=2057593 comm="/usr/bin/dbus-broker-launch --config-file=/usr/sha")
dbus-daemon[2057281]: [session uid=1000 pid=2057281 pidfd=4] Activated service 'org.freedesktop.systemd1' failed: Process org.freedesktop.systemd1 exited with status 1
dbus-daemon[2057281]: [session uid=1000 pid=2057281 pidfd=4] Activating service name='org.freedesktop.systemd1' requested by ':1.4' (uid=1000 pid=2057593 comm="/usr/bin/dbus-broker-launch --config-file=/usr/sha")
dbus-daemon[2057281]: [session uid=1000 pid=2057281 pidfd=4] Activated service 'org.freedesktop.systemd1' failed: Process org.freedesktop.systemd1 exited with status 1
{"trial": "p17b-measured-ON", "outcome": "verified", "forced_path_ok": true, "loadavg_before": "1.92 5.91 6.45 1/2166 2070689"}
dbus-daemon[2057281]: [session uid=1000 pid=2057281 pidfd=4] Activating service name='org.freedesktop.systemd1' requested by ':1.4' (uid=1000 pid=2057593 comm="/usr/bin/dbus-broker-launch --config-file=/usr/sha")
dbus-daemon[2057281]: [session uid=1000 pid=2057281 pidfd=4] Activated service 'org.freedesktop.systemd1' failed: Process org.freedesktop.systemd1 exited with status 1
[2m2026-10-01T22:20:30.478120Z[0m [33m WARN[0m [2mplatform_linux::overlay[0m[2m:[0m X11 overlay: root reads cannot see this window's own pixels; save-unders will be served without readback confirmation
dbus-daemon[2057281]: [session uid=1000 pid=2057281 pidfd=4] Activating service name='org.freedesktop.systemd1' requested by ':1.4' (uid=1000 pid=2057593 comm="/usr/bin/dbus-broker-launch --config-file=/usr/sha")
dbus-daemon[2057281]: [session uid=1000 pid=2057281 pidfd=4] Activated service 'org.freedesktop.systemd1' failed: Process org.freedesktop.systemd1 exited with status 1
dbus-daemon[2057281]: [session uid=1000 pid=2057281 pidfd=4] Activating service name='org.freedesktop.systemd1' requested by ':1.4' (uid=1000 pid=2057593 comm="/usr/bin/dbus-broker-launch --config-file=/usr/sha")
dbus-daemon[2057281]: [session uid=1000 pid=2057281 pidfd=4] Activated service 'org.freedesktop.systemd1' failed: Process org.freedesktop.systemd1 exited with status 1
{"trial": "p18a-measured-ON", "outcome": "verified", "forced_path_ok": true, "loadavg_before": "1.92 5.91 6.45 1/2158 2071059"}
dbus-daemon[2057281]: [session uid=1000 pid=2057281 pidfd=4] Activating service name='org.freedesktop.systemd1' requested by ':1.4' (uid=1000 pid=2057593 comm="/usr/bin/dbus-broker-launch --config-file=/usr/sha")
dbus-daemon[2057281]: [session uid=1000 pid=2057281 pidfd=4] Activated service 'org.freedesktop.systemd1' failed: Process org.freedesktop.systemd1 exited with status 1
[2m2026-10-01T22:20:34.875120Z[0m [33m WARN[0m [2mplatform_linux::overlay[0m[2m:[0m X11 overlay: root reads cannot see this window's own pixels; save-unders will be served without readback confirmation
dbus-daemon[2057281]: [session uid=1000 pid=2057281 pidfd=4] Activating service name='org.freedesktop.systemd1' requested by ':1.4' (uid=1000 pid=2057593 comm="/usr/bin/dbus-broker-launch --config-file=/usr/sha")
dbus-daemon[2057281]: [session uid=1000 pid=2057281 pidfd=4] Activated service 'org.freedesktop.systemd1' failed: Process org.freedesktop.systemd1 exited with status 1
dbus-daemon[2057281]: [session uid=1000 pid=2057281 pidfd=4] Activating service name='org.freedesktop.systemd1' requested by ':1.4' (uid=1000 pid=2057593 comm="/usr/bin/dbus-broker-launch --config-file=/usr/sha")
dbus-daemon[2057281]: [session uid=1000 pid=2057281 pidfd=4] Activated service 'org.freedesktop.systemd1' failed: Process org.freedesktop.systemd1 exited with status 1
{"trial": "p18b-measured-OFF", "outcome": "verified", "forced_path_ok": true, "loadavg_before": "2.57 5.98 6.47 3/2180 2071697"}
dbus-daemon[2057281]: [session uid=1000 pid=2057281 pidfd=4] Activating service name='org.freedesktop.systemd1' requested by ':1.4' (uid=1000 pid=2057593 comm="/usr/bin/dbus-broker-launch --config-file=/usr/sha")
dbus-daemon[2057281]: [session uid=1000 pid=2057281 pidfd=4] Activated service 'org.freedesktop.systemd1' failed: Process org.freedesktop.systemd1 exited with status 1
[2m2026-10-01T22:20:36.232122Z[0m [33m WARN[0m [2mplatform_linux::overlay[0m[2m:[0m X11 overlay: root reads cannot see this window's own pixels; save-unders will be served without readback confirmation
dbus-daemon[2057281]: [session uid=1000 pid=2057281 pidfd=4] Activating service name='org.freedesktop.systemd1' requested by ':1.4' (uid=1000 pid=2057593 comm="/usr/bin/dbus-broker-launch --config-file=/usr/sha")
dbus-daemon[2057281]: [session uid=1000 pid=2057281 pidfd=4] Activated service 'org.freedesktop.systemd1' failed: Process org.freedesktop.systemd1 exited with status 1
dbus-daemon[2057281]: [session uid=1000 pid=2057281 pidfd=4] Activating service name='org.freedesktop.systemd1' requested by ':1.4' (uid=1000 pid=2057593 comm="/usr/bin/dbus-broker-launch --config-file=/usr/sha")
dbus-daemon[2057281]: [session uid=1000 pid=2057281 pidfd=4] Activated service 'org.freedesktop.systemd1' failed: Process org.freedesktop.systemd1 exited with status 1
{"trial": "p19a-measured-OFF", "outcome": "verified", "forced_path_ok": true, "loadavg_before": "2.60 5.93 6.45 1/2185 2072110"}
dbus-daemon[2057281]: [session uid=1000 pid=2057281 pidfd=4] Activating service name='org.freedesktop.systemd1' requested by ':1.4' (uid=1000 pid=2057593 comm="/usr/bin/dbus-broker-launch --config-file=/usr/sha")
dbus-daemon[2057281]: [session uid=1000 pid=2057281 pidfd=4] Activated service 'org.freedesktop.systemd1' failed: Process org.freedesktop.systemd1 exited with status 1
[2m2026-10-01T22:20:37.571487Z[0m [33m WARN[0m [2mplatform_linux::overlay[0m[2m:[0m X11 overlay: root reads cannot see this window's own pixels; save-unders will be served without readback confirmation
dbus-daemon[2057281]: [session uid=1000 pid=2057281 pidfd=4] Activating service name='org.freedesktop.systemd1' requested by ':1.4' (uid=1000 pid=2057593 comm="/usr/bin/dbus-broker-launch --config-file=/usr/sha")
dbus-daemon[2057281]: [session uid=1000 pid=2057281 pidfd=4] Activated service 'org.freedesktop.systemd1' failed: Process org.freedesktop.systemd1 exited with status 1
dbus-daemon[2057281]: [session uid=1000 pid=2057281 pidfd=4] Activating service name='org.freedesktop.systemd1' requested by ':1.4' (uid=1000 pid=2057593 comm="/usr/bin/dbus-broker-launch --config-file=/usr/sha")
dbus-daemon[2057281]: [session uid=1000 pid=2057281 pidfd=4] Activated service 'org.freedesktop.systemd1' failed: Process org.freedesktop.systemd1 exited with status 1
{"trial": "p19b-measured-ON", "outcome": "verified", "forced_path_ok": true, "loadavg_before": "2.60 5.93 6.45 2/2194 2072458"}
dbus-daemon[2057281]: [session uid=1000 pid=2057281 pidfd=4] Activating service name='org.freedesktop.systemd1' requested by ':1.4' (uid=1000 pid=2057593 comm="/usr/bin/dbus-broker-launch --config-file=/usr/sha")
dbus-daemon[2057281]: [session uid=1000 pid=2057281 pidfd=4] Activated service 'org.freedesktop.systemd1' failed: Process org.freedesktop.systemd1 exited with status 1
[2m2026-10-01T22:20:41.922655Z[0m [33m WARN[0m [2mplatform_linux::overlay[0m[2m:[0m X11 overlay: root reads cannot see this window's own pixels; save-unders will be served without readback confirmation
dbus-daemon[2057281]: [session uid=1000 pid=2057281 pidfd=4] Activating service name='org.freedesktop.systemd1' requested by ':1.4' (uid=1000 pid=2057593 comm="/usr/bin/dbus-broker-launch --config-file=/usr/sha")
dbus-daemon[2057281]: [session uid=1000 pid=2057281 pidfd=4] Activated service 'org.freedesktop.systemd1' failed: Process org.freedesktop.systemd1 exited with status 1
dbus-daemon[2057281]: [session uid=1000 pid=2057281 pidfd=4] Activating service name='org.freedesktop.systemd1' requested by ':1.4' (uid=1000 pid=2057593 comm="/usr/bin/dbus-broker-launch --config-file=/usr/sha")
dbus-daemon[2057281]: [session uid=1000 pid=2057281 pidfd=4] Activated service 'org.freedesktop.systemd1' failed: Process org.freedesktop.systemd1 exited with status 1
{"trial": "p20a-measured-ON", "outcome": "verified", "forced_path_ok": true, "loadavg_before": "2.47 5.85 6.42 2/2001 2073133"}
dbus-daemon[2057281]: [session uid=1000 pid=2057281 pidfd=4] Activating service name='org.freedesktop.systemd1' requested by ':1.4' (uid=1000 pid=2057593 comm="/usr/bin/dbus-broker-launch --config-file=/usr/sha")
dbus-daemon[2057281]: [session uid=1000 pid=2057281 pidfd=4] Activated service 'org.freedesktop.systemd1' failed: Process org.freedesktop.systemd1 exited with status 1
[2m2026-10-01T22:20:46.325359Z[0m [33m WARN[0m [2mplatform_linux::overlay[0m[2m:[0m X11 overlay: root reads cannot see this window's own pixels; save-unders will be served without readback confirmation
dbus-daemon[2057281]: [session uid=1000 pid=2057281 pidfd=4] Activating service name='org.freedesktop.systemd1' requested by ':1.4' (uid=1000 pid=2057593 comm="/usr/bin/dbus-broker-launch --config-file=/usr/sha")
dbus-daemon[2057281]: [session uid=1000 pid=2057281 pidfd=4] Activated service 'org.freedesktop.systemd1' failed: Process org.freedesktop.systemd1 exited with status 1
dbus-daemon[2057281]: [session uid=1000 pid=2057281 pidfd=4] Activating service name='org.freedesktop.systemd1' requested by ':1.4' (uid=1000 pid=2057593 comm="/usr/bin/dbus-broker-launch --config-file=/usr/sha")
dbus-daemon[2057281]: [session uid=1000 pid=2057281 pidfd=4] Activated service 'org.freedesktop.systemd1' failed: Process org.freedesktop.systemd1 exited with status 1
{"trial": "p20b-measured-OFF", "outcome": "verified", "forced_path_ok": true, "loadavg_before": "2.28 5.75 6.38 2/2000 2073759"}
dbus-daemon[2057281]: [session uid=1000 pid=2057281 pidfd=4] Activating service name='org.freedesktop.systemd1' requested by ':1.4' (uid=1000 pid=2057593 comm="/usr/bin/dbus-broker-launch --config-file=/usr/sha")
dbus-daemon[2057281]: [session uid=1000 pid=2057281 pidfd=4] Activated service 'org.freedesktop.systemd1' failed: Process org.freedesktop.systemd1 exited with status 1
[2m2026-10-01T22:20:47.667794Z[0m [33m WARN[0m [2mplatform_linux::overlay[0m[2m:[0m X11 overlay: root reads cannot see this window's own pixels; save-unders will be served without readback confirmation
dbus-daemon[2057281]: [session uid=1000 pid=2057281 pidfd=4] Activating service name='org.freedesktop.systemd1' requested by ':1.4' (uid=1000 pid=2057593 comm="/usr/bin/dbus-broker-launch --config-file=/usr/sha")
dbus-daemon[2057281]: [session uid=1000 pid=2057281 pidfd=4] Activated service 'org.freedesktop.systemd1' failed: Process org.freedesktop.systemd1 exited with status 1
dbus-daemon[2057281]: [session uid=1000 pid=2057281 pidfd=4] Activating service name='org.freedesktop.systemd1' requested by ':1.4' (uid=1000 pid=2057593 comm="/usr/bin/dbus-broker-launch --config-file=/usr/sha")
dbus-daemon[2057281]: [session uid=1000 pid=2057281 pidfd=4] Activated service 'org.freedesktop.systemd1' failed: Process org.freedesktop.systemd1 exited with status 1
{"trial": "p21a-measured-OFF", "outcome": "verified", "forced_path_ok": true, "loadavg_before": "2.28 5.75 6.38 5/2000 2074076"}
dbus-daemon[2057281]: [session uid=1000 pid=2057281 pidfd=4] Activating service name='org.freedesktop.systemd1' requested by ':1.4' (uid=1000 pid=2057593 comm="/usr/bin/dbus-broker-launch --config-file=/usr/sha")
dbus-daemon[2057281]: [session uid=1000 pid=2057281 pidfd=4] Activated service 'org.freedesktop.systemd1' failed: Process org.freedesktop.systemd1 exited with status 1
[2m2026-10-01T22:20:49.003420Z[0m [33m WARN[0m [2mplatform_linux::overlay[0m[2m:[0m X11 overlay: root reads cannot see this window's own pixels; save-unders will be served without readback confirmation
dbus-daemon[2057281]: [session uid=1000 pid=2057281 pidfd=4] Activating service name='org.freedesktop.systemd1' requested by ':1.4' (uid=1000 pid=2057593 comm="/usr/bin/dbus-broker-launch --config-file=/usr/sha")
dbus-daemon[2057281]: [session uid=1000 pid=2057281 pidfd=4] Activated service 'org.freedesktop.systemd1' failed: Process org.freedesktop.systemd1 exited with status 1
dbus-daemon[2057281]: [session uid=1000 pid=2057281 pidfd=4] Activating service name='org.freedesktop.systemd1' requested by ':1.4' (uid=1000 pid=2057593 comm="/usr/bin/dbus-broker-launch --config-file=/usr/sha")
dbus-daemon[2057281]: [session uid=1000 pid=2057281 pidfd=4] Activated service 'org.freedesktop.systemd1' failed: Process org.freedesktop.systemd1 exited with status 1
{"trial": "p21b-measured-ON", "outcome": "verified", "forced_path_ok": true, "loadavg_before": "2.28 5.75 6.38 1/2000 2074364"}
dbus-daemon[2057281]: [session uid=1000 pid=2057281 pidfd=4] Activating service name='org.freedesktop.systemd1' requested by ':1.4' (uid=1000 pid=2057593 comm="/usr/bin/dbus-broker-launch --config-file=/usr/sha")
dbus-daemon[2057281]: [session uid=1000 pid=2057281 pidfd=4] Activated service 'org.freedesktop.systemd1' failed: Process org.freedesktop.systemd1 exited with status 1
[2m2026-10-01T22:20:53.401478Z[0m [33m WARN[0m [2mplatform_linux::overlay[0m[2m:[0m X11 overlay: root reads cannot see this window's own pixels; save-unders will be served without readback confirmation
dbus-daemon[2057281]: [session uid=1000 pid=2057281 pidfd=4] Activating service name='org.freedesktop.systemd1' requested by ':1.4' (uid=1000 pid=2057593 comm="/usr/bin/dbus-broker-launch --config-file=/usr/sha")
dbus-daemon[2057281]: [session uid=1000 pid=2057281 pidfd=4] Activated service 'org.freedesktop.systemd1' failed: Process org.freedesktop.systemd1 exited with status 1
dbus-daemon[2057281]: [session uid=1000 pid=2057281 pidfd=4] Activating service name='org.freedesktop.systemd1' requested by ':1.4' (uid=1000 pid=2057593 comm="/usr/bin/dbus-broker-launch --config-file=/usr/sha")
dbus-daemon[2057281]: [session uid=1000 pid=2057281 pidfd=4] Activated service 'org.freedesktop.systemd1' failed: Process org.freedesktop.systemd1 exited with status 1
{"trial": "p22a-measured-ON", "outcome": "verified", "forced_path_ok": true, "loadavg_before": "2.09 5.65 6.35 3/2039 2075112"}
dbus-daemon[2057281]: [session uid=1000 pid=2057281 pidfd=4] Activating service name='org.freedesktop.systemd1' requested by ':1.4' (uid=1000 pid=2057593 comm="/usr/bin/dbus-broker-launch --config-file=/usr/sha")
dbus-daemon[2057281]: [session uid=1000 pid=2057281 pidfd=4] Activated service 'org.freedesktop.systemd1' failed: Process org.freedesktop.systemd1 exited with status 1
[2m2026-10-01T22:20:57.785439Z[0m [33m WARN[0m [2mplatform_linux::overlay[0m[2m:[0m X11 overlay: root reads cannot see this window's own pixels; save-unders will be served without readback confirmation
dbus-daemon[2057281]: [session uid=1000 pid=2057281 pidfd=4] Activating service name='org.freedesktop.systemd1' requested by ':1.4' (uid=1000 pid=2057593 comm="/usr/bin/dbus-broker-launch --config-file=/usr/sha")
dbus-daemon[2057281]: [session uid=1000 pid=2057281 pidfd=4] Activated service 'org.freedesktop.systemd1' failed: Process org.freedesktop.systemd1 exited with status 1
dbus-daemon[2057281]: [session uid=1000 pid=2057281 pidfd=4] Activating service name='org.freedesktop.systemd1' requested by ':1.4' (uid=1000 pid=2057593 comm="/usr/bin/dbus-broker-launch --config-file=/usr/sha")
dbus-daemon[2057281]: [session uid=1000 pid=2057281 pidfd=4] Activated service 'org.freedesktop.systemd1' failed: Process org.freedesktop.systemd1 exited with status 1
{"trial": "p22b-measured-OFF", "outcome": "verified", "forced_path_ok": true, "loadavg_before": "2.01 5.58 6.32 3/2200 2075968"}
dbus-daemon[2057281]: [session uid=1000 pid=2057281 pidfd=4] Activating service name='org.freedesktop.systemd1' requested by ':1.4' (uid=1000 pid=2057593 comm="/usr/bin/dbus-broker-launch --config-file=/usr/sha")
dbus-daemon[2057281]: [session uid=1000 pid=2057281 pidfd=4] Activated service 'org.freedesktop.systemd1' failed: Process org.freedesktop.systemd1 exited with status 1
[2m2026-10-01T22:20:59.134296Z[0m [33m WARN[0m [2mplatform_linux::overlay[0m[2m:[0m X11 overlay: root reads cannot see this window's own pixels; save-unders will be served without readback confirmation
dbus-daemon[2057281]: [session uid=1000 pid=2057281 pidfd=4] Activating service name='org.freedesktop.systemd1' requested by ':1.4' (uid=1000 pid=2057593 comm="/usr/bin/dbus-broker-launch --config-file=/usr/sha")
dbus-daemon[2057281]: [session uid=1000 pid=2057281 pidfd=4] Activated service 'org.freedesktop.systemd1' failed: Process org.freedesktop.systemd1 exited with status 1
dbus-daemon[2057281]: [session uid=1000 pid=2057281 pidfd=4] Activating service name='org.freedesktop.systemd1' requested by ':1.4' (uid=1000 pid=2057593 comm="/usr/bin/dbus-broker-launch --config-file=/usr/sha")
dbus-daemon[2057281]: [session uid=1000 pid=2057281 pidfd=4] Activated service 'org.freedesktop.systemd1' failed: Process org.freedesktop.systemd1 exited with status 1
{"trial": "p23a-measured-OFF", "outcome": "verified", "forced_path_ok": true, "loadavg_before": "2.01 5.58 6.32 1/2184 2076258"}
dbus-daemon[2057281]: [session uid=1000 pid=2057281 pidfd=4] Activating service name='org.freedesktop.systemd1' requested by ':1.4' (uid=1000 pid=2057593 comm="/usr/bin/dbus-broker-launch --config-file=/usr/sha")
dbus-daemon[2057281]: [session uid=1000 pid=2057281 pidfd=4] Activated service 'org.freedesktop.systemd1' failed: Process org.freedesktop.systemd1 exited with status 1
[2m2026-10-01T22:21:00.474633Z[0m [33m WARN[0m [2mplatform_linux::overlay[0m[2m:[0m X11 overlay: root reads cannot see this window's own pixels; save-unders will be served without readback confirmation
dbus-daemon[2057281]: [session uid=1000 pid=2057281 pidfd=4] Activating service name='org.freedesktop.systemd1' requested by ':1.4' (uid=1000 pid=2057593 comm="/usr/bin/dbus-broker-launch --config-file=/usr/sha")
dbus-daemon[2057281]: [session uid=1000 pid=2057281 pidfd=4] Activated service 'org.freedesktop.systemd1' failed: Process org.freedesktop.systemd1 exited with status 1
dbus-daemon[2057281]: [session uid=1000 pid=2057281 pidfd=4] Activating service name='org.freedesktop.systemd1' requested by ':1.4' (uid=1000 pid=2057593 comm="/usr/bin/dbus-broker-launch --config-file=/usr/sha")
dbus-daemon[2057281]: [session uid=1000 pid=2057281 pidfd=4] Activated service 'org.freedesktop.systemd1' failed: Process org.freedesktop.systemd1 exited with status 1
{"trial": "p23b-measured-ON", "outcome": "verified", "forced_path_ok": true, "loadavg_before": "2.01 5.58 6.32 1/2185 2076842"}
dbus-daemon[2057281]: [session uid=1000 pid=2057281 pidfd=4] Activating service name='org.freedesktop.systemd1' requested by ':1.4' (uid=1000 pid=2057593 comm="/usr/bin/dbus-broker-launch --config-file=/usr/sha")
dbus-daemon[2057281]: [session uid=1000 pid=2057281 pidfd=4] Activated service 'org.freedesktop.systemd1' failed: Process org.freedesktop.systemd1 exited with status 1
[2m2026-10-01T22:21:04.821654Z[0m [33m WARN[0m [2mplatform_linux::overlay[0m[2m:[0m X11 overlay: root reads cannot see this window's own pixels; save-unders will be served without readback confirmation
dbus-daemon[2057281]: [session uid=1000 pid=2057281 pidfd=4] Activating service name='org.freedesktop.systemd1' requested by ':1.4' (uid=1000 pid=2057593 comm="/usr/bin/dbus-broker-launch --config-file=/usr/sha")
dbus-daemon[2057281]: [session uid=1000 pid=2057281 pidfd=4] Activated service 'org.freedesktop.systemd1' failed: Process org.freedesktop.systemd1 exited with status 1
dbus-daemon[2057281]: [session uid=1000 pid=2057281 pidfd=4] Activating service name='org.freedesktop.systemd1' requested by ':1.4' (uid=1000 pid=2057593 comm="/usr/bin/dbus-broker-launch --config-file=/usr/sha")
dbus-daemon[2057281]: [session uid=1000 pid=2057281 pidfd=4] Activated service 'org.freedesktop.systemd1' failed: Process org.freedesktop.systemd1 exited with status 1
{"trial": "c00-no_submit-ON", "outcome": "unchanged", "forced_path_ok": true, "loadavg_before": "1.92 5.50 6.29 4/2021 2077521"}
dbus-daemon[2057281]: [session uid=1000 pid=2057281 pidfd=4] Activating service name='org.freedesktop.systemd1' requested by ':1.4' (uid=1000 pid=2057593 comm="/usr/bin/dbus-broker-launch --config-file=/usr/sha")
dbus-daemon[2057281]: [session uid=1000 pid=2057281 pidfd=4] Activated service 'org.freedesktop.systemd1' failed: Process org.freedesktop.systemd1 exited with status 1
[2m2026-10-01T22:21:08.726326Z[0m [33m WARN[0m [2mplatform_linux::overlay[0m[2m:[0m X11 overlay: root reads cannot see this window's own pixels; save-unders will be served without readback confirmation
dbus-daemon[2057281]: [session uid=1000 pid=2057281 pidfd=4] Activating service name='org.freedesktop.systemd1' requested by ':1.4' (uid=1000 pid=2057593 comm="/usr/bin/dbus-broker-launch --config-file=/usr/sha")
dbus-daemon[2057281]: [session uid=1000 pid=2057281 pidfd=4] Activated service 'org.freedesktop.systemd1' failed: Process org.freedesktop.systemd1 exited with status 1
dbus-daemon[2057281]: [session uid=1000 pid=2057281 pidfd=4] Activating service name='org.freedesktop.systemd1' requested by ':1.4' (uid=1000 pid=2057593 comm="/usr/bin/dbus-broker-launch --config-file=/usr/sha")
dbus-daemon[2057281]: [session uid=1000 pid=2057281 pidfd=4] Activated service 'org.freedesktop.systemd1' failed: Process org.freedesktop.systemd1 exited with status 1
{"trial": "c01-no_submit-OFF", "outcome": "unchanged", "forced_path_ok": true, "loadavg_before": "1.77 5.41 6.26 2/2001 2078188"}
dbus-daemon[2057281]: [session uid=1000 pid=2057281 pidfd=4] Activating service name='org.freedesktop.systemd1' requested by ':1.4' (uid=1000 pid=2057593 comm="/usr/bin/dbus-broker-launch --config-file=/usr/sha")
dbus-daemon[2057281]: [session uid=1000 pid=2057281 pidfd=4] Activated service 'org.freedesktop.systemd1' failed: Process org.freedesktop.systemd1 exited with status 1
[2m2026-10-01T22:21:11.220059Z[0m [33m WARN[0m [2mplatform_linux::overlay[0m[2m:[0m X11 overlay: root reads cannot see this window's own pixels; save-unders will be served without readback confirmation
dbus-daemon[2057281]: [session uid=1000 pid=2057281 pidfd=4] Activating service name='org.freedesktop.systemd1' requested by ':1.4' (uid=1000 pid=2057593 comm="/usr/bin/dbus-broker-launch --config-file=/usr/sha")
dbus-daemon[2057281]: [session uid=1000 pid=2057281 pidfd=4] Activated service 'org.freedesktop.systemd1' failed: Process org.freedesktop.systemd1 exited with status 1
dbus-daemon[2057281]: [session uid=1000 pid=2057281 pidfd=4] Activating service name='org.freedesktop.systemd1' requested by ':1.4' (uid=1000 pid=2057593 comm="/usr/bin/dbus-broker-launch --config-file=/usr/sha")
dbus-daemon[2057281]: [session uid=1000 pid=2057281 pidfd=4] Activated service 'org.freedesktop.systemd1' failed: Process org.freedesktop.systemd1 exited with status 1
{"trial": "c02-no_submit-OFF", "outcome": "unchanged", "forced_path_ok": true, "loadavg_before": "1.63 5.32 6.22 1/2003 2078767"}
dbus-daemon[2057281]: [session uid=1000 pid=2057281 pidfd=4] Activating service name='org.freedesktop.systemd1' requested by ':1.4' (uid=1000 pid=2057593 comm="/usr/bin/dbus-broker-launch --config-file=/usr/sha")
dbus-daemon[2057281]: [session uid=1000 pid=2057281 pidfd=4] Activated service 'org.freedesktop.systemd1' failed: Process org.freedesktop.systemd1 exited with status 1
[2m2026-10-01T22:21:13.717107Z[0m [33m WARN[0m [2mplatform_linux::overlay[0m[2m:[0m X11 overlay: root reads cannot see this window's own pixels; save-unders will be served without readback confirmation
dbus-daemon[2057281]: [session uid=1000 pid=2057281 pidfd=4] Activating service name='org.freedesktop.systemd1' requested by ':1.4' (uid=1000 pid=2057593 comm="/usr/bin/dbus-broker-launch --config-file=/usr/sha")
dbus-daemon[2057281]: [session uid=1000 pid=2057281 pidfd=4] Activated service 'org.freedesktop.systemd1' failed: Process org.freedesktop.systemd1 exited with status 1
dbus-daemon[2057281]: [session uid=1000 pid=2057281 pidfd=4] Activating service name='org.freedesktop.systemd1' requested by ':1.4' (uid=1000 pid=2057593 comm="/usr/bin/dbus-broker-launch --config-file=/usr/sha")
dbus-daemon[2057281]: [session uid=1000 pid=2057281 pidfd=4] Activated service 'org.freedesktop.systemd1' failed: Process org.freedesktop.systemd1 exited with status 1
{"trial": "c03-no_submit-ON", "outcome": "unchanged", "forced_path_ok": true, "loadavg_before": "1.63 5.32 6.22 1/2188 2079339"}
dbus-daemon[2057281]: [session uid=1000 pid=2057281 pidfd=4] Activating service name='org.freedesktop.systemd1' requested by ':1.4' (uid=1000 pid=2057593 comm="/usr/bin/dbus-broker-launch --config-file=/usr/sha")
dbus-daemon[2057281]: [session uid=1000 pid=2057281 pidfd=4] Activated service 'org.freedesktop.systemd1' failed: Process org.freedesktop.systemd1 exited with status 1
[2m2026-10-01T22:21:17.529400Z[0m [33m WARN[0m [2mplatform_linux::overlay[0m[2m:[0m X11 overlay: root reads cannot see this window's own pixels; save-unders will be served without readback confirmation
dbus-daemon[2057281]: [session uid=1000 pid=2057281 pidfd=4] Activating service name='org.freedesktop.systemd1' requested by ':1.4' (uid=1000 pid=2057593 comm="/usr/bin/dbus-broker-launch --config-file=/usr/sha")
dbus-daemon[2057281]: [session uid=1000 pid=2057281 pidfd=4] Activated service 'org.freedesktop.systemd1' failed: Process org.freedesktop.systemd1 exited with status 1
dbus-daemon[2057281]: [session uid=1000 pid=2057281 pidfd=4] Activating service name='org.freedesktop.systemd1' requested by ':1.4' (uid=1000 pid=2057593 comm="/usr/bin/dbus-broker-launch --config-file=/usr/sha")
dbus-daemon[2057281]: [session uid=1000 pid=2057281 pidfd=4] Activated service 'org.freedesktop.systemd1' failed: Process org.freedesktop.systemd1 exited with status 1
{"trial": "c04-stale_ref-OFF", "outcome": "refused_unchanged", "forced_path_ok": true, "loadavg_before": "1.74 5.28 6.20 1/2195 2079966"}
dbus-daemon[2057281]: [session uid=1000 pid=2057281 pidfd=4] Activating service name='org.freedesktop.systemd1' requested by ':1.4' (uid=1000 pid=2057593 comm="/usr/bin/dbus-broker-launch --config-file=/usr/sha")
dbus-daemon[2057281]: [session uid=1000 pid=2057281 pidfd=4] Activated service 'org.freedesktop.systemd1' failed: Process org.freedesktop.systemd1 exited with status 1
[2m2026-10-01T22:21:19.979099Z[0m [33m WARN[0m [2mplatform_linux::overlay[0m[2m:[0m X11 overlay: root reads cannot see this window's own pixels; save-unders will be served without readback confirmation
dbus-daemon[2057281]: [session uid=1000 pid=2057281 pidfd=4] Activating service name='org.freedesktop.systemd1' requested by ':1.4' (uid=1000 pid=2057593 comm="/usr/bin/dbus-broker-launch --config-file=/usr/sha")
dbus-daemon[2057281]: [session uid=1000 pid=2057281 pidfd=4] Activated service 'org.freedesktop.systemd1' failed: Process org.freedesktop.systemd1 exited with status 1
dbus-daemon[2057281]: [session uid=1000 pid=2057281 pidfd=4] Activating service name='org.freedesktop.systemd1' requested by ':1.4' (uid=1000 pid=2057593 comm="/usr/bin/dbus-broker-launch --config-file=/usr/sha")
dbus-daemon[2057281]: [session uid=1000 pid=2057281 pidfd=4] Activated service 'org.freedesktop.systemd1' failed: Process org.freedesktop.systemd1 exited with status 1
{"trial": "c05-stale_ref-ON", "outcome": "refused_unchanged", "forced_path_ok": true, "loadavg_before": "1.74 5.28 6.20 4/2001 2080323"}
dbus-daemon[2057281]: [session uid=1000 pid=2057281 pidfd=4] Activating service name='org.freedesktop.systemd1' requested by ':1.4' (uid=1000 pid=2057593 comm="/usr/bin/dbus-broker-launch --config-file=/usr/sha")
dbus-daemon[2057281]: [session uid=1000 pid=2057281 pidfd=4] Activated service 'org.freedesktop.systemd1' failed: Process org.freedesktop.systemd1 exited with status 1
[2m2026-10-01T22:21:23.825040Z[0m [33m WARN[0m [2mplatform_linux::overlay[0m[2m:[0m X11 overlay: root reads cannot see this window's own pixels; save-unders will be served without readback confirmation
dbus-daemon[2057281]: [session uid=1000 pid=2057281 pidfd=4] Activating service name='org.freedesktop.systemd1' requested by ':1.4' (uid=1000 pid=2057593 comm="/usr/bin/dbus-broker-launch --config-file=/usr/sha")
dbus-daemon[2057281]: [session uid=1000 pid=2057281 pidfd=4] Activated service 'org.freedesktop.systemd1' failed: Process org.freedesktop.systemd1 exited with status 1
dbus-daemon[2057281]: [session uid=1000 pid=2057281 pidfd=4] Activating service name='org.freedesktop.systemd1' requested by ':1.4' (uid=1000 pid=2057593 comm="/usr/bin/dbus-broker-launch --config-file=/usr/sha")
dbus-daemon[2057281]: [session uid=1000 pid=2057281 pidfd=4] Activated service 'org.freedesktop.systemd1' failed: Process org.freedesktop.systemd1 exited with status 1
{"trial": "c06-stale_ref-ON", "outcome": "refused_unchanged", "forced_path_ok": true, "loadavg_before": "1.68 5.21 6.18 3/2093 2081219"}
dbus-daemon[2057281]: [session uid=1000 pid=2057281 pidfd=4] Activating service name='org.freedesktop.systemd1' requested by ':1.4' (uid=1000 pid=2057593 comm="/usr/bin/dbus-broker-launch --config-file=/usr/sha")
dbus-daemon[2057281]: [session uid=1000 pid=2057281 pidfd=4] Activated service 'org.freedesktop.systemd1' failed: Process org.freedesktop.systemd1 exited with status 1
[2m2026-10-01T22:21:27.680444Z[0m [33m WARN[0m [2mplatform_linux::overlay[0m[2m:[0m X11 overlay: root reads cannot see this window's own pixels; save-unders will be served without readback confirmation
dbus-daemon[2057281]: [session uid=1000 pid=2057281 pidfd=4] Activating service name='org.freedesktop.systemd1' requested by ':1.4' (uid=1000 pid=2057593 comm="/usr/bin/dbus-broker-launch --config-file=/usr/sha")
dbus-daemon[2057281]: [session uid=1000 pid=2057281 pidfd=4] Activated service 'org.freedesktop.systemd1' failed: Process org.freedesktop.systemd1 exited with status 1
dbus-daemon[2057281]: [session uid=1000 pid=2057281 pidfd=4] Activating service name='org.freedesktop.systemd1' requested by ':1.4' (uid=1000 pid=2057593 comm="/usr/bin/dbus-broker-launch --config-file=/usr/sha")
dbus-daemon[2057281]: [session uid=1000 pid=2057281 pidfd=4] Activated service 'org.freedesktop.systemd1' failed: Process org.freedesktop.systemd1 exited with status 1
{"trial": "c07-stale_ref-OFF", "outcome": "refused_unchanged", "forced_path_ok": true, "loadavg_before": "1.54 5.12 6.14 2/2020 2081789"}
A connection to the bus can't be made
X connection to :99 broken (explicit kill or server shutdown).
[session] exit rc=0 run_dir=<tmp>/x11-session.bufiFh
session_rc=0 released 2026-10-01T22:21:30Z
