[session] DISPLAY=:100 openbox=1903732 picom=1903733 dbus=unix:path=<tmp>/dbus-gF5Ol7Yht4,guid=3bb595510b4121e484b363076abeda0c
== session DISPLAY=:100 loadavg=11.05 7.98 5.50 13/2492 1904540
Cua Driver sends content-free product telemetry by default. Run `cua-driver telemetry disable` to stop it; `cua-driver telemetry status` shows the current setting.
dbus-daemon[1903677]: [session uid=1000 pid=1903677 pidfd=5] Activating service name='org.a11y.Bus' requested by ':1.0' (uid=1000 pid=1904856 comm="<lanes>/bin/cua-driver-r2")
dbus-daemon[1903677]: [session uid=1000 pid=1903677 pidfd=5] Successfully activated service 'org.a11y.Bus'
dbus-daemon[1903677]: [session uid=1000 pid=1903677 pidfd=5] Activating service name='ca.desrt.dconf' requested by ':1.1' (uid=1000 pid=1904894 comm="/usr/lib/at-spi-bus-launcher")
dbus-daemon[1903677]: [session uid=1000 pid=1903677 pidfd=5] Successfully activated service 'ca.desrt.dconf'
dbus-daemon[1903677]: [session uid=1000 pid=1903677 pidfd=5] Activating service name='org.freedesktop.systemd1' requested by ':1.4' (uid=1000 pid=1904926 comm="/usr/bin/dbus-broker-launch --config-file=/usr/sha")
dbus-daemon[1903677]: [session uid=1000 pid=1903677 pidfd=5] Activated service 'org.freedesktop.systemd1' failed: Process org.freedesktop.systemd1 exited with status 1
[2m2026-10-01T22:09:20.293756Z[0m [33m WARN[0m [2mplatform_linux::overlay[0m[2m:[0m X11 overlay: root reads cannot see this window's own pixels; save-unders will be served without readback confirmation
dbus-daemon[1903677]: [session uid=1000 pid=1903677 pidfd=5] Activating service name='org.gtk.vfs.Daemon' requested by ':1.5' (uid=1000 pid=1905004 comm="/opt/google/chrome/chrome --remote-debugging-port=")
dbus-daemon[1903677]: [session uid=1000 pid=1903677 pidfd=5] Successfully activated service 'org.gtk.vfs.Daemon'
dbus-daemon[1903677]: [session uid=1000 pid=1903677 pidfd=5] Activating service name='org.freedesktop.systemd1' requested by ':1.4' (uid=1000 pid=1904926 comm="/usr/bin/dbus-broker-launch --config-file=/usr/sha")
dbus-daemon[1903677]: [session uid=1000 pid=1903677 pidfd=5] Activated service 'org.freedesktop.systemd1' failed: Process org.freedesktop.systemd1 exited with status 1
dbus-daemon[1903677]: [session uid=1000 pid=1903677 pidfd=5] Activating service name='org.freedesktop.systemd1' requested by ':1.4' (uid=1000 pid=1904926 comm="/usr/bin/dbus-broker-launch --config-file=/usr/sha")
dbus-daemon[1903677]: [session uid=1000 pid=1903677 pidfd=5] Activated service 'org.freedesktop.systemd1' failed: Process org.freedesktop.systemd1 exited with status 1
dbus-daemon[1903677]: [session uid=1000 pid=1903677 pidfd=5] Activating service name='org.freedesktop.Notifications' requested by ':1.8' (uid=1000 pid=1905004 comm="/opt/google/chrome/chrome --remote-debugging-port=")
dbus-daemon[1903677]: [session uid=1000 pid=1903677 pidfd=5] Activating service name='org.freedesktop.portal.Desktop' requested by ':1.8' (uid=1000 pid=1905004 comm="/opt/google/chrome/chrome --remote-debugging-port=")
dbus-daemon[1903677]: [session uid=1000 pid=1903677 pidfd=5] Activating service name='org.freedesktop.impl.portal.PermissionStore' requested by ':1.10' (uid=1000 pid=1905222 comm="/usr/lib/xdg-desktop-portal")
dbus-daemon[1903677]: [session uid=1000 pid=1903677 pidfd=5] Successfully activated service 'org.freedesktop.Notifications'
dbus-daemon[1903677]: [session uid=1000 pid=1903677 pidfd=5] Successfully activated service 'org.freedesktop.impl.portal.PermissionStore'
dbus-daemon[1903677]: [session uid=1000 pid=1903677 pidfd=5] Activating service name='org.freedesktop.portal.Documents' requested by ':1.10' (uid=1000 pid=1905222 comm="/usr/lib/xdg-desktop-portal")
dbus-daemon[1903677]: [session uid=1000 pid=1903677 pidfd=5] Successfully activated service 'org.freedesktop.portal.Documents'

(/usr/lib/xdg-desktop-portal:1905222): xdg-desktop-portal-WARNING **: 17:09:21.086: Choosing gtk.portal for org.freedesktop.impl.portal.Lockdown as a last-resort fallback
dbus-daemon[1903677]: [session uid=1000 pid=1903677 pidfd=5] Activating service name='org.freedesktop.impl.portal.desktop.gtk' requested by ':1.10' (uid=1000 pid=1905222 comm="/usr/lib/xdg-desktop-portal")
dbus-daemon[1903677]: [session uid=1000 pid=1903677 pidfd=5] Activating service name='org.freedesktop.systemd1' requested by ':1.4' (uid=1000 pid=1904926 comm="/usr/bin/dbus-broker-launch --config-file=/usr/sha")
dbus-daemon[1903677]: [session uid=1000 pid=1903677 pidfd=5] Activated service 'org.freedesktop.systemd1' failed: Process org.freedesktop.systemd1 exited with status 1
dbus-daemon[1903677]: 
** (xdg-desktop-portal-gtk:1905253): WARNING **: 17:09:21.127: AT-SPI: Could not obtain desktop path or name

[session uid=1000 pid=1903677 pidfd=5] Successfully activated service 'org.freedesktop.impl.portal.desktop.gtk'
dbus-daemon[1903677]: [session uid=1000 pid=1903677 pidfd=5] Activating service name='org.freedesktop.systemd1' requested by ':1.4' (uid=1000 pid=1904926 comm="/usr/bin/dbus-broker-launch --config-file=/usr/sha")

(/usr/lib/xdg-desktop-portal:1905222): xdg-desktop-portal-WARNING **: 17:09:21.129: Choosing gtk.portal for org.freedesktop.impl.portal.Access as a last-resort fallback
dbus-daemon[1903677]: [session uid=1000 pid=1903677 pidfd=5] Activated service 'org.freedesktop.systemd1' failed: Process org.freedesktop.systemd1 exited with status 1

** (xdg-desktop-portal-gtk:1905253): WARNING **: 17:09:21.130: atk-bridge: GetRegisteredEvents returned message with unknown signature

** (xdg-desktop-portal-gtk:1905253): WARNING **: 17:09:21.130: atk-bridge: get_device_events_reply: unknown signature

(/usr/lib/xdg-desktop-portal:1905222): xdg-desktop-portal-WARNING **: 17:09:21.146: Choosing gtk.portal for org.freedesktop.impl.portal.Settings as a last-resort fallback

(/usr/lib/xdg-desktop-portal:1905222): xdg-desktop-portal-WARNING **: 17:09:21.148: Choosing gtk.portal for org.freedesktop.impl.portal.FileChooser as a last-resort fallback

(/usr/lib/xdg-desktop-portal:1905222): xdg-desktop-portal-WARNING **: 17:09:21.148: Choosing gtk.portal for org.freedesktop.impl.portal.AppChooser as a last-resort fallback

(/usr/lib/xdg-desktop-portal:1905222): xdg-desktop-portal-WARNING **: 17:09:21.149: Choosing gtk.portal for org.freedesktop.impl.portal.Print as a last-resort fallback

(/usr/lib/xdg-desktop-portal:1905222): xdg-desktop-portal-WARNING **: 17:09:21.150: Choosing gtk.portal for org.freedesktop.impl.portal.Notification as a last-resort fallback

(/usr/lib/xdg-desktop-portal:1905222): xdg-desktop-portal-WARNING **: 17:09:21.150: Choosing gtk.portal for org.freedesktop.impl.portal.Inhibit as a last-resort fallback

(/usr/lib/xdg-desktop-portal:1905222): xdg-desktop-portal-WARNING **: 17:09:21.153: Failed to connect to PipeWire: Couldn't connect to PipeWire

(/usr/lib/xdg-desktop-portal:1905222): xdg-desktop-portal-WARNING **: 17:09:21.153: Choosing gtk.portal for org.freedesktop.impl.portal.Account as a last-resort fallback

(/usr/lib/xdg-desktop-portal:1905222): xdg-desktop-portal-WARNING **: 17:09:21.153: Choosing gtk.portal for org.freedesktop.impl.portal.Email as a last-resort fallback

(/usr/lib/xdg-desktop-portal:1905222): xdg-desktop-portal-WARNING **: 17:09:21.154: Choosing gtk.portal for org.freedesktop.impl.portal.DynamicLauncher as a last-resort fallback
dbus-daemon[1903677]: [session uid=1000 pid=1903677 pidfd=5] Successfully activated service 'org.freedesktop.portal.Desktop'
{"trial": "s00-measured-ON", "outcome": "verified", "forced_path_ok": true, "loadavg_before": "11.05 7.98 5.50 10/2479 1904842"}
dbus-daemon[1903677]: [session uid=1000 pid=1903677 pidfd=5] Activating service name='org.freedesktop.systemd1' requested by ':1.4' (uid=1000 pid=1904926 comm="/usr/bin/dbus-broker-launch --config-file=/usr/sha")
dbus-daemon[1903677]: [session uid=1000 pid=1903677 pidfd=5] Activated service 'org.freedesktop.systemd1' failed: Process org.freedesktop.systemd1 exited with status 1
[2m2026-10-01T22:09:25.280722Z[0m [33m WARN[0m [2mplatform_linux::overlay[0m[2m:[0m X11 overlay: root reads cannot see this window's own pixels; save-unders will be served without readback confirmation
dbus-daemon[1903677]: [session uid=1000 pid=1903677 pidfd=5] Activating service name='org.freedesktop.systemd1' requested by ':1.4' (uid=1000 pid=1904926 comm="/usr/bin/dbus-broker-launch --config-file=/usr/sha")
dbus-daemon[1903677]: [session uid=1000 pid=1903677 pidfd=5] Activated service 'org.freedesktop.systemd1' failed: Process org.freedesktop.systemd1 exited with status 1
dbus-daemon[1903677]: [session uid=1000 pid=1903677 pidfd=5] Activating service name='org.freedesktop.systemd1' requested by ':1.4' (uid=1000 pid=1904926 comm="/usr/bin/dbus-broker-launch --config-file=/usr/sha")
dbus-daemon[1903677]: [session uid=1000 pid=1903677 pidfd=5] Activated service 'org.freedesktop.systemd1' failed: Process org.freedesktop.systemd1 exited with status 1
{"trial": "s01-measured-OFF", "outcome": "verified", "forced_path_ok": true, "loadavg_before": "11.04 8.03 5.53 12/2536 1906623"}
X connection to :100 broken (explicit kill or server shutdown).
X connection to :100 broken (explicit kill or server shutdown).
A connection to the bus can't be made
[session] exit rc=0 run_dir=<tmp>/x11-session.OBhpRk
