{"trial": "m10-toggle-K5V-warm-D0-task", "outcome": "verified", "oracle_exact_match": true, "completion_mutations": 1, "routes": ["provider", "provider"], "loadavg_before": "14.53 15.72 12.40 14/2645 250823"}
{"trial": "m10-toggle-K5V-warm-D80-task", "outcome": "verified", "oracle_exact_match": true, "completion_mutations": 1, "routes": ["provider", "provider"], "loadavg_before": "14.53 15.72 12.40 19/2655 251323"}
{"trial": "m10-toggle-K5V-cold-D80-task", "outcome": "verified", "oracle_exact_match": true, "completion_mutations": 1, "routes": ["provider", "provider"], "loadavg_before": "15.69 15.94 12.49 7/2662 251606"}
{"trial": "m10-toggle-K5EV-cold-D0-task", "outcome": "verified", "oracle_exact_match": true, "completion_mutations": 1, "routes": ["provider", "provider"], "loadavg_before": "15.69 15.94 12.49 10/2662 251895"}
{"trial": "m10-fill-K5V-cold-D80-task", "outcome": "verified", "oracle_exact_match": true, "completion_mutations": 1, "routes": ["provider", "guarded-completion"], "loadavg_before": "15.69 15.94 12.49 6/2670 252320"}
{"trial": "m10-fill-K5V-warm-D0-task", "outcome": "verified", "oracle_exact_match": true, "completion_mutations": 1, "routes": ["provider", "guarded-completion"], "loadavg_before": "15.69 15.94 12.49 19/2674 252655"}
{"trial": "m10-toggle-K5V-cold-D0-nc", "outcome": "verified", "oracle_exact_match": true, "completion_mutations": 1, "routes": ["provider", "provider"], "loadavg_before": "18.03 16.43 12.67 10/2659 252944"}
{"trial": "m10-toggle-K5V-cold-D0-task", "outcome": "verified", "oracle_exact_match": true, "completion_mutations": 1, "routes": ["provider", "provider"], "loadavg_before": "18.03 16.43 12.67 6/2652 253208"}
{"trial": "m10-toggle-K5EV-cold-D80-task", "outcome": "verified", "oracle_exact_match": true, "completion_mutations": 1, "routes": ["provider", "provider"], "loadavg_before": "18.03 16.43 12.67 20/2678 253528"}
{"trial": "m10-toggle-K5EV-warm-D80-task", "outcome": "verified", "oracle_exact_match": true, "completion_mutations": 1, "routes": ["provider", "provider"], "loadavg_before": "18.03 16.43 12.67 6/2674 253838"}
{"trial": "m10-toggle-K5EV-warm-D0-task", "outcome": "verified", "oracle_exact_match": true, "completion_mutations": 1, "routes": ["provider", "provider"], "loadavg_before": "17.63 16.37 12.67 15/2661 254128"}
{"trial": "m10-fill-K5V-cold-D0-task", "outcome": "verified", "oracle_exact_match": true, "completion_mutations": 1, "routes": ["provider", "guarded-completion"], "loadavg_before": "17.63 16.37 12.67 14/2659 254402"}
{"trial": "m10-fill-K5V-warm-D80-task", "outcome": "verified", "oracle_exact_match": true, "completion_mutations": 1, "routes": ["provider", "guarded-completion"], "loadavg_before": "17.63 16.37 12.67 14/2650 254675"}
{"trial": "m11-toggle-K5V-warm-D80-task", "outcome": "verified", "oracle_exact_match": true, "completion_mutations": 1, "routes": ["provider", "provider"], "loadavg_before": "17.63 16.37 12.67 8/2651 254945"}
{"trial": "m11-toggle-K5EV-cold-D0-task", "outcome": "verified", "oracle_exact_match": true, "completion_mutations": 1, "routes": ["provider", "provider"], "loadavg_before": "17.63 16.37 12.67 14/2648 255217"}
{"trial": "m11-toggle-K5V-warm-D0-task", "outcome": "verified", "oracle_exact_match": true, "completion_mutations": 1, "routes": ["provider", "provider"], "loadavg_before": "17.50 16.36 12.69 8/2657 255493"}
{"trial": "m11-toggle-K5EV-cold-D80-task", "outcome": "verified", "oracle_exact_match": true, "completion_mutations": 1, "routes": ["provider", "provider"], "loadavg_before": "17.50 16.36 12.69 14/2660 255829"}
{"trial": "m11-toggle-K5V-cold-D0-nc", "outcome": "verified", "oracle_exact_match": true, "completion_mutations": 1, "routes": ["provider", "provider"], "loadavg_before": "17.50 16.36 12.69 7/2653 256189"}
{"trial": "m11-toggle-K5V-cold-D80-task", "outcome": "verified", "oracle_exact_match": true, "completion_mutations": 1, "routes": ["provider", "provider"], "loadavg_before": "17.70 16.42 12.73 12/2661 256593"}
{"trial": "m11-toggle-K5EV-warm-D0-task", "outcome": "verified", "oracle_exact_match": true, "completion_mutations": 1, "routes": ["provider", "provider"], "loadavg_before": "17.70 16.42 12.73 7/2683 256947"}
{"trial": "m11-toggle-K5V-cold-D0-task", "outcome": "verified", "oracle_exact_match": true, "completion_mutations": 1, "routes": ["provider", "provider"], "loadavg_before": "17.70 16.42 12.73 28/2701 257604"}
{"trial": "m11-toggle-K5EV-warm-D80-task", "outcome": "verified", "oracle_exact_match": true, "completion_mutations": 1, "routes": ["provider", "provider"], "loadavg_before": "22.13 17.36 13.05 38/2731 258408"}
{"trial": "m12-toggle-K5EV-cold-D0-task", "outcome": "verified", "oracle_exact_match": true, "completion_mutations": 1, "routes": ["provider", "provider"], "loadavg_before": "24.12 17.85 13.23 9/2658 259066"}
{"trial": "m12-toggle-K5EV-cold-D80-task", "outcome": "verified", "oracle_exact_match": true, "completion_mutations": 1, "routes": ["provider", "provider"], "loadavg_before": "24.12 17.85 13.23 17/2655 259340"}
{"trial": "m12-toggle-K5V-warm-D80-task", "outcome": "verified", "oracle_exact_match": true, "completion_mutations": 1, "routes": ["provider", "provider"], "loadavg_before": "24.12 17.85 13.23 9/2658 259616"}
{"trial": "m12-toggle-K5EV-warm-D0-task", "outcome": "verified", "oracle_exact_match": true, "completion_mutations": 1, "routes": ["provider", "provider"], "loadavg_before": "24.12 17.85 13.23 13/2658 259893"}
{"trial": "m12-fill-K5V-warm-D0-task", "outcome": "verified", "oracle_exact_match": true, "completion_mutations": 1, "routes": ["provider", "guarded-completion"], "loadavg_before": "24.03 17.94 13.29 15/2658 260215"}
{"trial": "m12-fill-K5V-warm-D80-task", "outcome": "verified", "oracle_exact_match": true, "completion_mutations": 1, "routes": ["provider", "guarded-completion"], "loadavg_before": "24.03 17.94 13.29 8/2662 260544"}
{"trial": "m12-toggle-K5V-cold-D0-nc", "outcome": "verified", "oracle_exact_match": true, "completion_mutations": 1, "routes": ["provider", "provider"], "loadavg_before": "24.03 17.94 13.29 8/2660 260890"}
{"trial": "m12-toggle-K5V-warm-D0-task", "outcome": "verified", "oracle_exact_match": true, "completion_mutations": 1, "routes": ["provider", "provider"], "loadavg_before": "23.63 17.96 13.32 12/2660 261248"}
{"trial": "m12-toggle-K5EV-warm-D80-task", "outcome": "verified", "oracle_exact_match": true, "completion_mutations": 1, "routes": ["provider", "provider"], "loadavg_before": "23.63 17.96 13.32 6/2673 261557"}
{"trial": "m12-toggle-K5V-cold-D80-task", "outcome": "verified", "oracle_exact_match": true, "completion_mutations": 1, "routes": ["provider", "provider"], "loadavg_before": "23.63 17.96 13.32 16/2667 262750"}
{"trial": "m12-toggle-K5V-cold-D0-task", "outcome": "verified", "oracle_exact_match": true, "completion_mutations": 1, "routes": ["provider", "provider"], "loadavg_before": "23.63 17.96 13.32 25/2652 263235"}
{"trial": "m12-fill-K5V-cold-D80-task", "outcome": "verified", "oracle_exact_match": true, "completion_mutations": 1, "routes": ["provider", "guarded-completion"], "loadavg_before": "23.63 17.96 13.32 15/2647 263491"}
{"trial": "m12-fill-K5V-cold-D0-task", "outcome": "verified", "oracle_exact_match": true, "completion_mutations": 1, "routes": ["provider", "guarded-completion"], "loadavg_before": "22.30 17.78 13.28 16/2647 263778"}
{"trial": "m13-toggle-K5EV-cold-D80-task", "outcome": "verified", "oracle_exact_match": true, "completion_mutations": 1, "routes": ["provider", "provider"], "loadavg_before": "22.30 17.78 13.28 8/2647 264034"}
{"trial": "m13-toggle-K5EV-warm-D0-task", "outcome": "verified", "oracle_exact_match": true, "completion_mutations": 1, "routes": ["provider", "provider"], "loadavg_before": "22.30 17.78 13.28 14/2646 264314"}
{"trial": "m13-toggle-K5EV-cold-D0-task", "outcome": "verified", "oracle_exact_match": true, "completion_mutations": 1, "routes": ["provider", "provider"], "loadavg_before": "22.30 17.78 13.28 4/2646 264594"}
{"trial": "m13-toggle-K5EV-warm-D80-task", "outcome": "verified", "oracle_exact_match": true, "completion_mutations": 1, "routes": ["provider", "provider"], "loadavg_before": "21.07 17.60 13.25 8/2658 264892"}
{"trial": "m13-toggle-K5V-cold-D0-nc", "outcome": "verified", "oracle_exact_match": true, "completion_mutations": 1, "routes": ["provider", "provider"], "loadavg_before": "21.07 17.60 13.25 5/2656 265212"}
{"trial": "m13-toggle-K5V-warm-D80-task", "outcome": "verified", "oracle_exact_match": true, "completion_mutations": 1, "routes": ["provider", "provider"], "loadavg_before": "21.07 17.60 13.25 3/2647 265514"}
{"trial": "m13-toggle-K5V-cold-D0-task", "outcome": "verified", "oracle_exact_match": true, "completion_mutations": 1, "routes": ["provider", "provider"], "loadavg_before": "21.07 17.60 13.25 17/2659 265866"}
{"trial": "m13-toggle-K5V-warm-D0-task", "outcome": "verified", "oracle_exact_match": true, "completion_mutations": 1, "routes": ["provider", "provider"], "loadavg_before": "21.07 17.60 13.25 4/2653 266149"}
{"trial": "m13-toggle-K5V-cold-D80-task", "outcome": "verified", "oracle_exact_match": true, "completion_mutations": 1, "routes": ["provider", "provider"], "loadavg_before": "20.66 17.57 13.26 11/2637 266467"}
{"trial": "m14-toggle-K5EV-warm-D0-task", "outcome": "verified", "oracle_exact_match": true, "completion_mutations": 1, "routes": ["provider", "provider"], "loadavg_before": "20.66 17.57 13.26 13/2637 266739"}
{"trial": "m14-toggle-K5EV-warm-D80-task", "outcome": "verified", "oracle_exact_match": true, "completion_mutations": 1, "routes": ["provider", "provider"], "loadavg_before": "20.66 17.57 13.26 3/2637 266991"}
{"trial": "m14-toggle-K5EV-cold-D80-task", "outcome": "verified", "oracle_exact_match": true, "completion_mutations": 1, "routes": ["provider", "provider"], "loadavg_before": "20.66 17.57 13.26 13/2643 267278"}
{"trial": "m14-toggle-K5V-cold-D0-task", "outcome": "verified", "oracle_exact_match": true, "completion_mutations": 1, "routes": ["provider", "provider"], "loadavg_before": "20.66 17.57 13.26 11/2643 267524"}
{"trial": "m14-fill-K5V-warm-D80-task", "outcome": "verified", "oracle_exact_match": true, "completion_mutations": 1, "routes": ["provider", "guarded-completion"], "loadavg_before": "19.25 17.33 13.21 14/2646 267848"}
{"trial": "m14-fill-K5V-cold-D0-task", "outcome": "verified", "oracle_exact_match": true, "completion_mutations": 1, "routes": ["provider", "guarded-completion"], "loadavg_before": "19.25 17.33 13.21 12/2671 268169"}
{"trial": "m14-toggle-K5V-cold-D0-nc", "outcome": "verified", "oracle_exact_match": true, "completion_mutations": 1, "routes": ["provider", "provider"], "loadavg_before": "19.25 17.33 13.21 14/2679 268434"}
{"trial": "m14-toggle-K5EV-cold-D0-task", "outcome": "verified", "oracle_exact_match": true, "completion_mutations": 1, "routes": ["provider", "provider"], "loadavg_before": "19.25 17.33 13.21 5/2679 268721"}
{"trial": "m14-toggle-K5V-cold-D80-task", "outcome": "verified", "oracle_exact_match": true, "completion_mutations": 1, "routes": ["provider", "provider"], "loadavg_before": "19.55 17.42 13.26 14/2687 268977"}
{"trial": "m14-toggle-K5V-warm-D80-task", "outcome": "verified", "oracle_exact_match": true, "completion_mutations": 1, "routes": ["provider", "provider"], "loadavg_before": "19.55 17.42 13.26 4/2668 269260"}
{"trial": "m14-toggle-K5V-warm-D0-task", "outcome": "verified", "oracle_exact_match": true, "completion_mutations": 1, "routes": ["provider", "provider"], "loadavg_before": "19.55 17.42 13.26 3/2671 269514"}
{"trial": "m14-fill-K5V-warm-D0-task", "outcome": "verified", "oracle_exact_match": true, "completion_mutations": 1, "routes": ["provider", "guarded-completion"], "loadavg_before": "19.55 17.42 13.26 5/2673 269792"}
{"trial": "m14-fill-K5V-cold-D80-task", "outcome": "verified", "oracle_exact_match": true, "completion_mutations": 1, "routes": ["provider", "guarded-completion"], "loadavg_before": "19.55 17.42 13.26 12/2670 270047"}
{"trial": "m15-toggle-K5EV-warm-D80-task", "outcome": "verified", "oracle_exact_match": true, "completion_mutations": 1, "routes": ["provider", "provider"], "loadavg_before": "19.11 17.37 13.27 5/2678 270365"}
{"trial": "m15-toggle-K5V-cold-D0-task", "outcome": "verified", "oracle_exact_match": true, "completion_mutations": 1, "routes": ["provider", "provider"], "loadavg_before": "19.11 17.37 13.27 14/2677 270615"}
{"trial": "m15-toggle-K5EV-warm-D0-task", "outcome": "verified", "oracle_exact_match": true, "completion_mutations": 1, "routes": ["provider", "provider"], "loadavg_before": "19.11 17.37 13.27 6/2671 270893"}
{"trial": "m15-toggle-K5V-cold-D80-task", "outcome": "verified", "oracle_exact_match": true, "completion_mutations": 1, "routes": ["provider", "provider"], "loadavg_before": "19.11 17.37 13.27 15/2674 271152"}
{"trial": "m15-toggle-K5V-cold-D0-nc", "outcome": "verified", "oracle_exact_match": true, "completion_mutations": 1, "routes": ["provider", "provider"], "loadavg_before": "19.11 17.37 13.27 14/2673 271428"}
{"trial": "m15-toggle-K5EV-cold-D80-task", "outcome": "verified", "oracle_exact_match": true, "completion_mutations": 1, "routes": ["provider", "provider"], "loadavg_before": "20.46 17.67 13.39 12/2652 271706"}
{"trial": "m15-toggle-K5V-warm-D0-task", "outcome": "verified", "oracle_exact_match": true, "completion_mutations": 1, "routes": ["provider", "provider"], "loadavg_before": "20.46 17.67 13.39 12/2692 272305"}
{"trial": "m15-toggle-K5EV-cold-D0-task", "outcome": "verified", "oracle_exact_match": true, "completion_mutations": 1, "routes": ["provider", "provider"], "loadavg_before": "20.46 17.67 13.39 24/2702 272880"}
{"trial": "m15-toggle-K5V-warm-D80-task", "outcome": "verified", "oracle_exact_match": true, "completion_mutations": 1, "routes": ["provider", "provider"], "loadavg_before": "20.02 17.63 13.40 22/2694 273629"}
{"trial": "m16-toggle-K5V-cold-D0-task", "outcome": "verified", "oracle_exact_match": true, "completion_mutations": 1, "routes": ["provider", "provider"], "loadavg_before": "20.02 17.63 13.40 15/2689 274238"}
{"trial": "m16-toggle-K5V-cold-D80-task", "outcome": "verified", "oracle_exact_match": true, "completion_mutations": 1, "routes": ["provider", "provider"], "loadavg_before": "20.02 17.63 13.40 12/2710 274734"}
{"trial": "m16-toggle-K5EV-warm-D80-task", "outcome": "verified", "oracle_exact_match": true, "completion_mutations": 1, "routes": ["provider", "provider"], "loadavg_before": "19.62 17.59 13.41 15/2708 275407"}
{"trial": "m16-toggle-K5V-warm-D0-task", "outcome": "verified", "oracle_exact_match": true, "completion_mutations": 1, "routes": ["provider", "provider"], "loadavg_before": "19.62 17.59 13.41 10/2689 275927"}
{"trial": "m16-fill-K5V-cold-D0-task", "outcome": "verified", "oracle_exact_match": true, "completion_mutations": 1, "routes": ["provider", "guarded-completion"], "loadavg_before": "20.45 17.79 13.50 15/2698 276518"}
{"trial": "m16-fill-K5V-cold-D80-task", "outcome": "verified", "oracle_exact_match": true, "completion_mutations": 1, "routes": ["provider", "guarded-completion"], "loadavg_before": "20.45 17.79 13.50 17/2700 276950"}
{"trial": "m16-toggle-K5V-cold-D0-nc", "outcome": "verified", "oracle_exact_match": true, "completion_mutations": 1, "routes": ["provider", "provider"], "loadavg_before": "20.45 17.79 13.50 14/2714 277557"}
{"trial": "m16-toggle-K5EV-warm-D0-task", "outcome": "verified", "oracle_exact_match": true, "completion_mutations": 1, "routes": ["provider", "provider"], "loadavg_before": "22.66 18.29 13.68 17/2719 278244"}
{"trial": "m16-toggle-K5V-warm-D80-task", "outcome": "verified", "oracle_exact_match": true, "completion_mutations": 1, "routes": ["provider", "provider"], "loadavg_before": "22.66 18.29 13.68 28/2707 278803"}
{"trial": "m16-toggle-K5EV-cold-D80-task", "outcome": "verified", "oracle_exact_match": true, "completion_mutations": 1, "routes": ["provider", "provider"], "loadavg_before": "22.66 18.29 13.68 13/2708 279364"}
{"trial": "m16-toggle-K5EV-cold-D0-task", "outcome": "verified", "oracle_exact_match": true, "completion_mutations": 1, "routes": ["provider", "provider"], "loadavg_before": "22.28 18.29 13.70 17/2706 279905"}
{"trial": "m16-fill-K5V-warm-D80-task", "outcome": "verified", "oracle_exact_match": true, "completion_mutations": 1, "routes": ["provider", "guarded-completion"], "loadavg_before": "22.28 18.29 13.70 17/2700 280319"}
{"trial": "m16-fill-K5V-warm-D0-task", "outcome": "verified", "oracle_exact_match": true, "completion_mutations": 1, "routes": ["provider", "guarded-completion"], "loadavg_before": "21.86 18.27 13.72 15/2695 280732"}
{"trial": "m17-toggle-K5V-cold-D80-task", "outcome": "verified", "oracle_exact_match": true, "completion_mutations": 1, "routes": ["provider", "provider"], "loadavg_before": "21.86 18.27 13.72 15/2697 281178"}
{"trial": "m17-toggle-K5V-warm-D0-task", "outcome": "verified", "oracle_exact_match": true, "completion_mutations": 1, "routes": ["provider", "provider"], "loadavg_before": "21.63 18.28 13.75 20/2714 281870"}
{"trial": "m17-toggle-K5V-cold-D0-task", "outcome": "verified", "oracle_exact_match": true, "completion_mutations": 1, "routes": ["provider", "provider"], "loadavg_before": "21.63 18.28 13.75 16/2722 282249"}
{"trial": "m17-toggle-K5V-warm-D80-task", "outcome": "verified", "oracle_exact_match": true, "completion_mutations": 1, "routes": ["provider", "provider"], "loadavg_before": "21.50 18.31 13.79 33/2705 282693"}
{"trial": "m17-toggle-K5V-cold-D0-nc", "outcome": "verified", "oracle_exact_match": true, "completion_mutations": 1, "routes": ["provider", "provider"], "loadavg_before": "21.50 18.31 13.79 27/2707 283076"}
{"trial": "m17-toggle-K5EV-warm-D80-task", "outcome": "verified", "oracle_exact_match": true, "completion_mutations": 1, "routes": ["provider", "provider"], "loadavg_before": "22.50 18.57 13.89 24/2701 283402"}
{"trial": "m17-toggle-K5EV-cold-D0-task", "outcome": "verified", "oracle_exact_match": true, "completion_mutations": 1, "routes": ["provider", "provider"], "loadavg_before": "22.50 18.57 13.89 26/2714 283833"}
{"trial": "m17-toggle-K5EV-warm-D0-task", "outcome": "verified", "oracle_exact_match": true, "completion_mutations": 1, "routes": ["provider", "provider"], "loadavg_before": "22.50 18.57 13.89 24/2711 284176"}
{"trial": "m17-toggle-K5EV-cold-D80-task", "outcome": "verified", "oracle_exact_match": true, "completion_mutations": 1, "routes": ["provider", "provider"], "loadavg_before": "23.66 18.88 14.02 35/2726 284585"}
{"trial": "m18-toggle-K5V-warm-D0-task", "outcome": "verified", "oracle_exact_match": true, "completion_mutations": 1, "routes": ["provider", "provider"], "loadavg_before": "23.66 18.88 14.02 27/2711 284961"}
{"trial": "m18-toggle-K5V-warm-D80-task", "outcome": "verified", "oracle_exact_match": true, "completion_mutations": 1, "routes": ["provider", "provider"], "loadavg_before": "25.37 19.31 14.19 14/2721 285434"}
{"trial": "m18-toggle-K5V-cold-D80-task", "outcome": "verified", "oracle_exact_match": true, "completion_mutations": 1, "routes": ["provider", "provider"], "loadavg_before": "25.37 19.31 14.19 14/2705 285765"}
{"trial": "m18-toggle-K5EV-cold-D0-task", "outcome": "verified", "oracle_exact_match": true, "completion_mutations": 1, "routes": ["provider", "provider"], "loadavg_before": "25.37 19.31 14.19 24/2699 286127"}
{"trial": "m18-fill-K5V-cold-D80-task", "outcome": "verified", "oracle_exact_match": true, "completion_mutations": 1, "routes": ["provider", "guarded-completion"], "loadavg_before": "24.78 19.29 14.21 14/2709 286538"}
{"trial": "m18-fill-K5V-warm-D0-task", "outcome": "verified", "oracle_exact_match": true, "completion_mutations": 1, "routes": ["provider", "guarded-completion"], "loadavg_before": "24.78 19.29 14.21 25/2691 286958"}
{"trial": "m18-toggle-K5V-cold-D0-nc", "outcome": "verified", "oracle_exact_match": true, "completion_mutations": 1, "routes": ["provider", "provider"], "loadavg_before": "25.36 19.50 14.30 13/2686 287306"}
{"trial": "m18-toggle-K5V-cold-D0-task", "outcome": "verified", "oracle_exact_match": true, "completion_mutations": 1, "routes": ["provider", "provider"], "loadavg_before": "25.36 19.50 14.30 20/2679 287748"}
{"trial": "m18-toggle-K5EV-cold-D80-task", "outcome": "verified", "oracle_exact_match": true, "completion_mutations": 1, "routes": ["provider", "provider"], "loadavg_before": "25.36 19.50 14.30 10/2697 288085"}
{"trial": "m18-toggle-K5EV-warm-D80-task", "outcome": "verified", "oracle_exact_match": true, "completion_mutations": 1, "routes": ["provider", "provider"], "loadavg_before": "24.21 19.36 14.28 17/2661 288350"}
{"trial": "m18-toggle-K5EV-warm-D0-task", "outcome": "verified", "oracle_exact_match": true, "completion_mutations": 1, "routes": ["provider", "provider"], "loadavg_before": "24.21 19.36 14.28 13/2661 288607"}
{"trial": "m18-fill-K5V-cold-D0-task", "outcome": "verified", "oracle_exact_match": true, "completion_mutations": 1, "routes": ["provider", "guarded-completion"], "loadavg_before": "24.21 19.36 14.28 16/2664 288884"}
{"trial": "m18-fill-K5V-warm-D80-task", "outcome": "verified", "oracle_exact_match": true, "completion_mutations": 1, "routes": ["provider", "guarded-completion"], "loadavg_before": "24.21 19.36 14.28 5/2663 289150"}
{"trial": "m19-toggle-K5V-warm-D80-task", "outcome": "verified", "oracle_exact_match": true, "completion_mutations": 1, "routes": ["provider", "provider"], "loadavg_before": "22.83 19.15 14.24 5/2666 289461"}
{"trial": "m19-toggle-K5EV-cold-D0-task", "outcome": "verified", "oracle_exact_match": true, "completion_mutations": 1, "routes": ["provider", "provider"], "loadavg_before": "22.83 19.15 14.24 6/2664 289731"}
{"trial": "m19-toggle-K5V-warm-D0-task", "outcome": "verified", "oracle_exact_match": true, "completion_mutations": 1, "routes": ["provider", "provider"], "loadavg_before": "22.83 19.15 14.24 6/2670 290012"}
{"trial": "m19-toggle-K5EV-cold-D80-task", "outcome": "verified", "oracle_exact_match": true, "completion_mutations": 1, "routes": ["provider", "provider"], "loadavg_before": "22.83 19.15 14.24 10/2681 290305"}
{"trial": "m19-toggle-K5V-cold-D0-nc", "outcome": "verified", "oracle_exact_match": true, "completion_mutations": 1, "routes": ["provider", "provider"], "loadavg_before": "23.56 19.37 14.34 10/2684 290627"}
{"trial": "m19-toggle-K5V-cold-D80-task", "outcome": "verified", "oracle_exact_match": true, "completion_mutations": 1, "routes": ["provider", "provider"], "loadavg_before": "23.56 19.37 14.34 13/2678 291109"}
{"trial": "m19-toggle-K5EV-warm-D0-task", "outcome": "verified", "oracle_exact_match": true, "completion_mutations": 1, "routes": ["provider", "provider"], "loadavg_before": "23.56 19.37 14.34 12/2676 291473"}
{"trial": "m19-toggle-K5V-cold-D0-task", "outcome": "verified", "oracle_exact_match": true, "completion_mutations": 1, "routes": ["provider", "provider"], "loadavg_before": "23.56 19.37 14.34 6/2675 291835"}
{"trial": "m19-toggle-K5EV-warm-D80-task", "outcome": "verified", "oracle_exact_match": true, "completion_mutations": 1, "routes": ["provider", "provider"], "loadavg_before": "22.96 19.31 14.35 9/2670 292136"}
