{"trial": "m00-toggle-K5V-cold-D0-task", "outcome": "verified", "oracle_exact_match": true, "completion_mutations": 1, "routes": ["provider", "provider"], "loadavg_before": "15.39 14.88 9.95 14/2404 180764"}
{"trial": "m00-toggle-K5V-cold-D80-task", "outcome": "verified", "oracle_exact_match": true, "completion_mutations": 1, "routes": ["provider", "provider"], "loadavg_before": "15.36 14.88 9.97 15/2431 181202"}
{"trial": "m00-toggle-K5EV-warm-D80-task", "outcome": "verified", "oracle_exact_match": true, "completion_mutations": 1, "routes": ["provider", "provider"], "loadavg_before": "15.36 14.88 9.97 14/2501 181601"}
{"trial": "m00-toggle-K5V-warm-D0-task", "outcome": "verified", "oracle_exact_match": true, "completion_mutations": 1, "routes": ["provider", "provider"], "loadavg_before": "15.36 14.88 9.97 5/2618 182053"}
{"trial": "m00-fill-K5V-cold-D0-task", "outcome": "verified", "oracle_exact_match": true, "completion_mutations": 1, "routes": ["provider", "guarded-completion"], "loadavg_before": "14.37 14.68 9.94 10/2612 182352"}
{"trial": "m00-fill-K5V-cold-D80-task", "outcome": "verified", "oracle_exact_match": true, "completion_mutations": 1, "routes": ["provider", "guarded-completion"], "loadavg_before": "14.37 14.68 9.94 10/2616 182687"}
{"trial": "m00-toggle-K5V-cold-D0-nc", "outcome": "verified", "oracle_exact_match": true, "completion_mutations": 1, "routes": ["provider", "provider"], "loadavg_before": "14.37 14.68 9.94 12/2618 182988"}
{"trial": "m00-toggle-K5EV-warm-D0-task", "outcome": "verified", "oracle_exact_match": true, "completion_mutations": 1, "routes": ["provider", "provider"], "loadavg_before": "14.58 14.72 9.98 12/2631 183282"}
{"trial": "m00-toggle-K5V-warm-D80-task", "outcome": "verified", "oracle_exact_match": true, "completion_mutations": 1, "routes": ["provider", "provider"], "loadavg_before": "14.58 14.72 9.98 11/2623 183624"}
{"trial": "m00-toggle-K5EV-cold-D80-task", "outcome": "verified", "oracle_exact_match": true, "completion_mutations": 1, "routes": ["provider", "provider"], "loadavg_before": "14.58 14.72 9.98 13/2624 183971"}
{"trial": "m00-toggle-K5EV-cold-D0-task", "outcome": "verified", "oracle_exact_match": true, "completion_mutations": 1, "routes": ["provider", "provider"], "loadavg_before": "14.58 14.72 9.98 18/2626 184267"}
{"trial": "m00-fill-K5V-warm-D80-task", "outcome": "verified", "oracle_exact_match": true, "completion_mutations": 1, "routes": ["provider", "guarded-completion"], "loadavg_before": "14.70 14.74 10.01 12/2614 184570"}
{"trial": "m00-fill-K5V-warm-D0-task", "outcome": "verified", "oracle_exact_match": true, "completion_mutations": 1, "routes": ["provider", "guarded-completion"], "loadavg_before": "14.70 14.74 10.01 14/2640 184912"}
{"trial": "m01-toggle-K5V-cold-D80-task", "outcome": "verified", "oracle_exact_match": true, "completion_mutations": 1, "routes": ["provider", "provider"], "loadavg_before": "14.70 14.74 10.01 16/2629 185212"}
{"trial": "m01-toggle-K5V-warm-D0-task", "outcome": "verified", "oracle_exact_match": true, "completion_mutations": 1, "routes": ["provider", "provider"], "loadavg_before": "14.72 14.75 10.04 14/2649 185586"}
{"trial": "m01-toggle-K5V-cold-D0-task", "outcome": "verified", "oracle_exact_match": true, "completion_mutations": 1, "routes": ["provider", "provider"], "loadavg_before": "14.72 14.75 10.04 24/2649 185862"}
{"trial": "m01-toggle-K5V-warm-D80-task", "outcome": "verified", "oracle_exact_match": true, "completion_mutations": 1, "routes": ["provider", "provider"], "loadavg_before": "14.72 14.75 10.04 10/2647 186113"}
{"trial": "m01-toggle-K5V-cold-D0-nc", "outcome": "verified", "oracle_exact_match": true, "completion_mutations": 1, "routes": ["provider", "provider"], "loadavg_before": "14.10 14.62 10.02 9/2656 186448"}
{"trial": "m01-toggle-K5EV-warm-D80-task", "outcome": "verified", "oracle_exact_match": true, "completion_mutations": 1, "routes": ["provider", "provider"], "loadavg_before": "14.10 14.62 10.02 9/2656 186729"}
{"trial": "m01-toggle-K5EV-cold-D0-task", "outcome": "verified", "oracle_exact_match": true, "completion_mutations": 1, "routes": ["provider", "provider"], "loadavg_before": "14.10 14.62 10.02 13/2660 186999"}
{"trial": "m01-toggle-K5EV-warm-D0-task", "outcome": "verified", "oracle_exact_match": true, "completion_mutations": 1, "routes": ["provider", "provider"], "loadavg_before": "14.10 14.62 10.02 12/2660 187274"}
{"trial": "m01-toggle-K5EV-cold-D80-task", "outcome": "verified", "oracle_exact_match": true, "completion_mutations": 1, "routes": ["provider", "provider"], "loadavg_before": "13.93 14.57 10.03 15/2659 187546"}
{"trial": "m02-toggle-K5V-warm-D0-task", "outcome": "verified", "oracle_exact_match": true, "completion_mutations": 1, "routes": ["provider", "provider"], "loadavg_before": "13.93 14.57 10.03 12/2658 187814"}
{"trial": "m02-toggle-K5V-warm-D80-task", "outcome": "verified", "oracle_exact_match": true, "completion_mutations": 1, "routes": ["provider", "provider"], "loadavg_before": "13.93 14.57 10.03 16/2629 188129"}
{"trial": "m02-toggle-K5V-cold-D80-task", "outcome": "verified", "oracle_exact_match": true, "completion_mutations": 1, "routes": ["provider", "provider"], "loadavg_before": "13.86 14.55 10.05 20/2621 188439"}
{"trial": "m02-toggle-K5EV-cold-D0-task", "outcome": "verified", "oracle_exact_match": true, "completion_mutations": 1, "routes": ["provider", "provider"], "loadavg_before": "13.86 14.55 10.05 10/2400 188730"}
{"trial": "m02-fill-K5V-cold-D80-task", "outcome": "verified", "oracle_exact_match": true, "completion_mutations": 1, "routes": ["provider", "guarded-completion"], "loadavg_before": "13.86 14.55 10.05 9/2399 189007"}
{"trial": "m02-fill-K5V-warm-D0-task", "outcome": "verified", "oracle_exact_match": true, "completion_mutations": 1, "routes": ["provider", "guarded-completion"], "loadavg_before": "13.86 14.55 10.05 13/2410 189289"}
{"trial": "m02-toggle-K5V-cold-D0-nc", "outcome": "verified", "oracle_exact_match": true, "completion_mutations": 1, "routes": ["provider", "provider"], "loadavg_before": "13.87 14.54 10.07 7/2415 189617"}
{"trial": "m02-toggle-K5V-cold-D0-task", "outcome": "verified", "oracle_exact_match": true, "completion_mutations": 1, "routes": ["provider", "provider"], "loadavg_before": "13.87 14.54 10.07 2/2422 189933"}
{"trial": "m02-toggle-K5EV-cold-D80-task", "outcome": "verified", "oracle_exact_match": true, "completion_mutations": 1, "routes": ["provider", "provider"], "loadavg_before": "13.87 14.54 10.07 5/2428 190238"}
{"trial": "m02-toggle-K5EV-warm-D80-task", "outcome": "verified", "oracle_exact_match": true, "completion_mutations": 1, "routes": ["provider", "provider"], "loadavg_before": "13.87 14.54 10.07 8/2427 190560"}
{"trial": "m02-toggle-K5EV-warm-D0-task", "outcome": "verified", "oracle_exact_match": true, "completion_mutations": 1, "routes": ["provider", "provider"], "loadavg_before": "13.24 14.40 10.04 4/2426 190837"}
{"trial": "m02-fill-K5V-cold-D0-task", "outcome": "verified", "oracle_exact_match": true, "completion_mutations": 1, "routes": ["provider", "guarded-completion"], "loadavg_before": "13.24 14.40 10.04 6/2440 191195"}
{"trial": "m02-fill-K5V-warm-D80-task", "outcome": "verified", "oracle_exact_match": true, "completion_mutations": 1, "routes": ["provider", "guarded-completion"], "loadavg_before": "13.24 14.40 10.04 5/2456 191511"}
{"trial": "m03-toggle-K5V-warm-D80-task", "outcome": "verified", "oracle_exact_match": true, "completion_mutations": 1, "routes": ["provider", "provider"], "loadavg_before": "13.24 14.40 10.04 15/2477 191898"}
{"trial": "m03-toggle-K5EV-cold-D0-task", "outcome": "verified", "oracle_exact_match": true, "completion_mutations": 1, "routes": ["provider", "provider"], "loadavg_before": "13.62 14.46 10.09 7/2487 192338"}
{"trial": "m03-toggle-K5V-warm-D0-task", "outcome": "verified", "oracle_exact_match": true, "completion_mutations": 1, "routes": ["provider", "provider"], "loadavg_before": "13.62 14.46 10.09 21/2490 192608"}
{"trial": "m03-toggle-K5EV-cold-D80-task", "outcome": "verified", "oracle_exact_match": true, "completion_mutations": 1, "routes": ["provider", "provider"], "loadavg_before": "13.62 14.46 10.09 13/2491 192913"}
{"trial": "m03-toggle-K5V-cold-D0-nc", "outcome": "verified", "oracle_exact_match": true, "completion_mutations": 1, "routes": ["provider", "provider"], "loadavg_before": "13.81 14.48 10.12 13/2484 193203"}
{"trial": "m03-toggle-K5V-cold-D80-task", "outcome": "verified", "oracle_exact_match": true, "completion_mutations": 1, "routes": ["provider", "provider"], "loadavg_before": "13.81 14.48 10.12 12/2483 193503"}
{"trial": "m03-toggle-K5EV-warm-D0-task", "outcome": "verified", "oracle_exact_match": true, "completion_mutations": 1, "routes": ["provider", "provider"], "loadavg_before": "13.81 14.48 10.12 14/2457 193793"}
{"trial": "m03-toggle-K5V-cold-D0-task", "outcome": "verified", "oracle_exact_match": true, "completion_mutations": 1, "routes": ["provider", "provider"], "loadavg_before": "13.81 14.48 10.12 7/2394 194081"}
{"trial": "m03-toggle-K5EV-warm-D80-task", "outcome": "verified", "oracle_exact_match": true, "completion_mutations": 1, "routes": ["provider", "provider"], "loadavg_before": "13.81 14.48 10.12 4/2392 194354"}
{"trial": "m04-toggle-K5EV-cold-D0-task", "outcome": "verified", "oracle_exact_match": true, "completion_mutations": 1, "routes": ["provider", "provider"], "loadavg_before": "13.03 14.31 10.09 4/2393 194613"}
{"trial": "m04-toggle-K5EV-cold-D80-task", "outcome": "verified", "oracle_exact_match": true, "completion_mutations": 1, "routes": ["provider", "provider"], "loadavg_before": "13.03 14.31 10.09 4/2403 194902"}
{"trial": "m04-toggle-K5V-warm-D80-task", "outcome": "verified", "oracle_exact_match": true, "completion_mutations": 1, "routes": ["provider", "provider"], "loadavg_before": "13.03 14.31 10.09 4/2409 195158"}
{"trial": "m04-toggle-K5EV-warm-D0-task", "outcome": "verified", "oracle_exact_match": true, "completion_mutations": 1, "routes": ["provider", "provider"], "loadavg_before": "13.03 14.31 10.09 16/2429 195491"}
{"trial": "m04-fill-K5V-warm-D0-task", "outcome": "verified", "oracle_exact_match": true, "completion_mutations": 1, "routes": ["provider", "guarded-completion"], "loadavg_before": "13.66 14.42 10.15 14/2429 195878"}
{"trial": "m04-fill-K5V-warm-D80-task", "outcome": "verified", "oracle_exact_match": true, "completion_mutations": 1, "routes": ["provider", "guarded-completion"], "loadavg_before": "13.66 14.42 10.15 13/2431 196225"}
{"trial": "m04-toggle-K5V-cold-D0-nc", "outcome": "verified", "oracle_exact_match": true, "completion_mutations": 1, "routes": ["provider", "provider"], "loadavg_before": "13.66 14.42 10.15 5/2425 196488"}
{"trial": "m04-toggle-K5V-warm-D0-task", "outcome": "verified", "oracle_exact_match": true, "completion_mutations": 1, "routes": ["provider", "provider"], "loadavg_before": "13.53 14.38 10.16 12/2433 196773"}
{"trial": "m04-toggle-K5EV-warm-D80-task", "outcome": "verified", "oracle_exact_match": true, "completion_mutations": 1, "routes": ["provider", "provider"], "loadavg_before": "13.53 14.38 10.16 30/2456 197151"}
{"trial": "m04-toggle-K5V-cold-D80-task", "outcome": "verified", "oracle_exact_match": true, "completion_mutations": 1, "routes": ["provider", "provider"], "loadavg_before": "13.53 14.38 10.16 17/2479 197449"}
{"trial": "m04-toggle-K5V-cold-D0-task", "outcome": "verified", "oracle_exact_match": true, "completion_mutations": 1, "routes": ["provider", "provider"], "loadavg_before": "14.29 14.52 10.23 13/2501 197859"}
{"trial": "m04-fill-K5V-cold-D80-task", "outcome": "verified", "oracle_exact_match": true, "completion_mutations": 1, "routes": ["provider", "guarded-completion"], "loadavg_before": "14.29 14.52 10.23 14/2504 198234"}
{"trial": "m04-fill-K5V-cold-D0-task", "outcome": "verified", "oracle_exact_match": true, "completion_mutations": 1, "routes": ["provider", "guarded-completion"], "loadavg_before": "14.29 14.52 10.23 7/2448 198504"}
{"trial": "m05-toggle-K5EV-cold-D80-task", "outcome": "verified", "oracle_exact_match": true, "completion_mutations": 1, "routes": ["provider", "provider"], "loadavg_before": "14.29 14.52 10.23 3/2396 198812"}
{"trial": "m05-toggle-K5EV-warm-D0-task", "outcome": "verified", "oracle_exact_match": true, "completion_mutations": 1, "routes": ["provider", "provider"], "loadavg_before": "13.31 14.31 10.18 4/2396 199071"}
{"trial": "m05-toggle-K5EV-cold-D0-task", "outcome": "verified", "oracle_exact_match": true, "completion_mutations": 1, "routes": ["provider", "provider"], "loadavg_before": "13.31 14.31 10.18 4/2405 199362"}
{"trial": "m05-toggle-K5EV-warm-D80-task", "outcome": "verified", "oracle_exact_match": true, "completion_mutations": 1, "routes": ["provider", "provider"], "loadavg_before": "13.31 14.31 10.18 9/2406 199642"}
{"trial": "m05-toggle-K5V-cold-D0-nc", "outcome": "verified", "oracle_exact_match": true, "completion_mutations": 1, "routes": ["provider", "provider"], "loadavg_before": "13.31 14.31 10.18 7/2431 199960"}
{"trial": "m05-toggle-K5V-warm-D80-task", "outcome": "verified", "oracle_exact_match": true, "completion_mutations": 1, "routes": ["provider", "provider"], "loadavg_before": "13.31 14.31 10.18 6/2473 200305"}
{"trial": "m05-toggle-K5V-cold-D0-task", "outcome": "verified", "oracle_exact_match": true, "completion_mutations": 1, "routes": ["provider", "provider"], "loadavg_before": "13.36 14.31 10.20 3/2608 200782"}
{"trial": "m05-toggle-K5V-warm-D0-task", "outcome": "verified", "oracle_exact_match": true, "completion_mutations": 1, "routes": ["provider", "provider"], "loadavg_before": "13.36 14.31 10.20 2/2606 201072"}
{"trial": "m05-toggle-K5V-cold-D80-task", "outcome": "verified", "oracle_exact_match": true, "completion_mutations": 1, "routes": ["provider", "provider"], "loadavg_before": "13.36 14.31 10.20 3/2601 201440"}
{"trial": "m06-toggle-K5EV-warm-D0-task", "outcome": "verified", "oracle_exact_match": true, "completion_mutations": 1, "routes": ["provider", "provider"], "loadavg_before": "13.36 14.31 10.20 5/2624 201764"}
{"trial": "m06-toggle-K5EV-warm-D80-task", "outcome": "verified", "oracle_exact_match": true, "completion_mutations": 1, "routes": ["provider", "provider"], "loadavg_before": "13.09 14.24 10.20 20/2619 202122"}
{"trial": "m06-toggle-K5EV-cold-D80-task", "outcome": "verified", "oracle_exact_match": true, "completion_mutations": 1, "routes": ["provider", "provider"], "loadavg_before": "13.09 14.24 10.20 4/2606 202403"}
{"trial": "m06-toggle-K5V-cold-D0-task", "outcome": "verified", "oracle_exact_match": true, "completion_mutations": 1, "routes": ["provider", "provider"], "loadavg_before": "13.09 14.24 10.20 8/2610 202683"}
{"trial": "m06-fill-K5V-warm-D80-task", "outcome": "verified", "oracle_exact_match": true, "completion_mutations": 1, "routes": ["provider", "guarded-completion"], "loadavg_before": "13.09 14.24 10.20 5/2609 202964"}
{"trial": "m06-fill-K5V-cold-D0-task", "outcome": "verified", "oracle_exact_match": true, "completion_mutations": 1, "routes": ["provider", "guarded-completion"], "loadavg_before": "13.09 14.24 10.20 17/2638 203332"}
{"trial": "m06-toggle-K5V-cold-D0-nc", "outcome": "verified", "oracle_exact_match": true, "completion_mutations": 1, "routes": ["provider", "provider"], "loadavg_before": "13.56 14.32 10.25 15/2616 203626"}
{"trial": "m06-toggle-K5EV-cold-D0-task", "outcome": "verified", "oracle_exact_match": true, "completion_mutations": 1, "routes": ["provider", "provider"], "loadavg_before": "13.56 14.32 10.25 8/2635 203929"}
{"trial": "m06-toggle-K5V-cold-D80-task", "outcome": "verified", "oracle_exact_match": true, "completion_mutations": 1, "routes": ["provider", "provider"], "loadavg_before": "13.56 14.32 10.25 12/2630 204222"}
{"trial": "m06-toggle-K5V-warm-D80-task", "outcome": "verified", "oracle_exact_match": true, "completion_mutations": 1, "routes": ["provider", "provider"], "loadavg_before": "13.36 14.26 10.25 6/2642 204533"}
{"trial": "m06-toggle-K5V-warm-D0-task", "outcome": "verified", "oracle_exact_match": true, "completion_mutations": 1, "routes": ["provider", "provider"], "loadavg_before": "13.36 14.26 10.25 10/2647 204931"}
{"trial": "m06-fill-K5V-warm-D0-task", "outcome": "verified", "oracle_exact_match": true, "completion_mutations": 1, "routes": ["provider", "guarded-completion"], "loadavg_before": "13.36 14.26 10.25 7/2646 205201"}
{"trial": "m06-fill-K5V-cold-D80-task", "outcome": "verified", "oracle_exact_match": true, "completion_mutations": 1, "routes": ["provider", "guarded-completion"], "loadavg_before": "13.41 14.26 10.27 19/2638 205534"}
{"trial": "m07-toggle-K5EV-warm-D80-task", "outcome": "verified", "oracle_exact_match": true, "completion_mutations": 1, "routes": ["provider", "provider"], "loadavg_before": "13.41 14.26 10.27 16/2650 205887"}
{"trial": "m07-toggle-K5V-cold-D0-task", "outcome": "verified", "oracle_exact_match": true, "completion_mutations": 1, "routes": ["provider", "provider"], "loadavg_before": "13.41 14.26 10.27 12/2666 206257"}
{"trial": "m07-toggle-K5EV-warm-D0-task", "outcome": "verified", "oracle_exact_match": true, "completion_mutations": 1, "routes": ["provider", "provider"], "loadavg_before": "13.41 14.26 10.27 16/2669 206606"}
{"trial": "m07-toggle-K5V-cold-D80-task", "outcome": "verified", "oracle_exact_match": true, "completion_mutations": 1, "routes": ["provider", "provider"], "loadavg_before": "13.86 14.33 10.32 16/2665 206945"}
{"trial": "m07-toggle-K5V-cold-D0-nc", "outcome": "verified", "oracle_exact_match": true, "completion_mutations": 1, "routes": ["provider", "provider"], "loadavg_before": "13.86 14.33 10.32 13/2641 207272"}
{"trial": "m07-toggle-K5EV-cold-D80-task", "outcome": "verified", "oracle_exact_match": true, "completion_mutations": 1, "routes": ["provider", "provider"], "loadavg_before": "13.86 14.33 10.32 14/2422 207601"}
{"trial": "m07-toggle-K5V-warm-D0-task", "outcome": "verified", "oracle_exact_match": true, "completion_mutations": 1, "routes": ["provider", "provider"], "loadavg_before": "13.95 14.35 10.35 12/2427 207913"}
{"trial": "m07-toggle-K5EV-cold-D0-task", "outcome": "verified", "oracle_exact_match": true, "completion_mutations": 1, "routes": ["provider", "provider"], "loadavg_before": "13.95 14.35 10.35 12/2439 208209"}
{"trial": "m07-toggle-K5V-warm-D80-task", "outcome": "verified", "oracle_exact_match": true, "completion_mutations": 1, "routes": ["provider", "provider"], "loadavg_before": "13.95 14.35 10.35 13/2445 208523"}
{"trial": "m08-toggle-K5V-cold-D0-task", "outcome": "verified", "oracle_exact_match": true, "completion_mutations": 1, "routes": ["provider", "provider"], "loadavg_before": "16.04 14.77 10.50 15/2627 209021"}
{"trial": "m08-toggle-K5V-cold-D80-task", "outcome": "verified", "oracle_exact_match": true, "completion_mutations": 1, "routes": ["provider", "provider"], "loadavg_before": "16.04 14.77 10.50 13/2626 209303"}
{"trial": "m08-toggle-K5EV-warm-D80-task", "outcome": "verified", "oracle_exact_match": true, "completion_mutations": 1, "routes": ["provider", "provider"], "loadavg_before": "16.04 14.77 10.50 13/2642 209721"}
{"trial": "m08-toggle-K5V-warm-D0-task", "outcome": "verified", "oracle_exact_match": true, "completion_mutations": 1, "routes": ["provider", "provider"], "loadavg_before": "15.23 14.63 10.48 7/2642 210001"}
{"trial": "m08-fill-K5V-cold-D0-task", "outcome": "verified", "oracle_exact_match": true, "completion_mutations": 1, "routes": ["provider", "guarded-completion"], "loadavg_before": "15.23 14.63 10.48 9/2639 210338"}
{"trial": "m08-fill-K5V-cold-D80-task", "outcome": "verified", "oracle_exact_match": true, "completion_mutations": 1, "routes": ["provider", "guarded-completion"], "loadavg_before": "15.23 14.63 10.48 6/2641 210659"}
{"trial": "m08-toggle-K5V-cold-D0-nc", "outcome": "verified", "oracle_exact_match": true, "completion_mutations": 1, "routes": ["provider", "provider"], "loadavg_before": "15.23 14.63 10.48 8/2644 211010"}
{"trial": "m08-toggle-K5EV-warm-D0-task", "outcome": "verified", "oracle_exact_match": true, "completion_mutations": 1, "routes": ["provider", "provider"], "loadavg_before": "15.23 14.63 10.48 4/2607 211281"}
{"trial": "m08-toggle-K5V-warm-D80-task", "outcome": "verified", "oracle_exact_match": true, "completion_mutations": 1, "routes": ["provider", "provider"], "loadavg_before": "14.25 14.43 10.44 5/2628 211588"}
{"trial": "m08-toggle-K5EV-cold-D80-task", "outcome": "verified", "oracle_exact_match": true, "completion_mutations": 1, "routes": ["provider", "provider"], "loadavg_before": "14.25 14.43 10.44 10/2636 211909"}
{"trial": "m08-toggle-K5EV-cold-D0-task", "outcome": "verified", "oracle_exact_match": true, "completion_mutations": 1, "routes": ["provider", "provider"], "loadavg_before": "14.25 14.43 10.44 11/2644 212198"}
{"trial": "m08-fill-K5V-warm-D80-task", "outcome": "verified", "oracle_exact_match": true, "completion_mutations": 1, "routes": ["provider", "guarded-completion"], "loadavg_before": "14.25 14.43 10.44 10/2658 212556"}
{"trial": "m08-fill-K5V-warm-D0-task", "outcome": "verified", "oracle_exact_match": true, "completion_mutations": 1, "routes": ["provider", "guarded-completion"], "loadavg_before": "13.91 14.36 10.44 11/2648 212911"}
{"trial": "m09-toggle-K5V-cold-D80-task", "outcome": "verified", "oracle_exact_match": true, "completion_mutations": 1, "routes": ["provider", "provider"], "loadavg_before": "13.91 14.36 10.44 13/2650 213196"}
{"trial": "m09-toggle-K5V-warm-D0-task", "outcome": "verified", "oracle_exact_match": true, "completion_mutations": 1, "routes": ["provider", "provider"], "loadavg_before": "13.91 14.36 10.44 22/2653 213492"}
{"trial": "m09-toggle-K5V-cold-D0-task", "outcome": "verified", "oracle_exact_match": true, "completion_mutations": 1, "routes": ["provider", "provider"], "loadavg_before": "14.48 14.47 10.49 23/2659 213792"}
{"trial": "m09-toggle-K5V-warm-D80-task", "outcome": "verified", "oracle_exact_match": true, "completion_mutations": 1, "routes": ["provider", "provider"], "loadavg_before": "14.48 14.47 10.49 19/2658 214096"}
{"trial": "m09-toggle-K5V-cold-D0-nc", "outcome": "verified", "oracle_exact_match": true, "completion_mutations": 1, "routes": ["provider", "provider"], "loadavg_before": "14.48 14.47 10.49 12/2656 214376"}
{"trial": "m09-toggle-K5EV-warm-D80-task", "outcome": "verified", "oracle_exact_match": true, "completion_mutations": 1, "routes": ["provider", "provider"], "loadavg_before": "14.04 14.38 10.49 5/2658 214657"}
{"trial": "m09-toggle-K5EV-cold-D0-task", "outcome": "verified", "oracle_exact_match": true, "completion_mutations": 1, "routes": ["provider", "provider"], "loadavg_before": "14.04 14.38 10.49 20/2665 214941"}
{"trial": "m09-toggle-K5EV-warm-D0-task", "outcome": "verified", "oracle_exact_match": true, "completion_mutations": 1, "routes": ["provider", "provider"], "loadavg_before": "14.04 14.38 10.49 12/2663 215243"}
{"trial": "m09-toggle-K5EV-cold-D80-task", "outcome": "verified", "oracle_exact_match": true, "completion_mutations": 1, "routes": ["provider", "provider"], "loadavg_before": "14.04 14.38 10.49 23/2658 215544"}
