loadavg_before 1.82 2.21 3.48 1/1868 2731183
gpu_before 690 MiB, 0 %

Loading weights:   0%|          | 0/320 [00:00<?, ?it/s]
Loading weights:   9%|▉         | 29/320 [00:00<00:01, 250.47it/s]
Loading weights:  17%|█▋        | 55/320 [00:00<00:02, 125.35it/s]
Loading weights:  27%|██▋       | 86/320 [00:00<00:01, 157.63it/s]
Loading weights:  33%|███▎      | 105/320 [00:00<00:01, 158.10it/s]
Loading weights:  38%|███▊      | 123/320 [00:00<00:01, 152.67it/s]
Loading weights:  47%|████▋     | 149/320 [00:00<00:01, 169.24it/s]
Loading weights:  54%|█████▍    | 173/320 [00:01<00:00, 183.07it/s]
Loading weights:  62%|██████▏   | 199/320 [00:01<00:00, 195.94it/s]
Loading weights:  69%|██████▉   | 220/320 [00:01<00:00, 180.33it/s]
Loading weights:  76%|███████▌  | 242/320 [00:01<00:00, 186.39it/s]
Loading weights:  82%|████████▏ | 262/320 [00:01<00:00, 185.28it/s]
Loading weights:  88%|████████▊ | 281/320 [00:01<00:00, 174.60it/s]
Loading weights:  94%|█████████▍| 301/320 [00:01<00:00, 176.38it/s]
Loading weights: 100%|██████████| 320/320 [00:01<00:00, 176.29it/s]
{"backend": "decider_2b", "backend_errors": 0, "examples": 235, "first_error": null, "process_scoring_wall_s": 33.492}
loadavg_after 2.39 2.31 3.46 3/1876 2764146
gpu_after 690 MiB, 0 %
