loadavg_before 2.35 4.57 5.77 1/1909 1700492
gpu_before 690 MiB, 0 %

Loading weights:   0%|          | 0/320 [00:00<?, ?it/s]
Loading weights:   8%|▊         | 27/320 [00:00<00:01, 256.82it/s]
Loading weights:  17%|█▋        | 53/320 [00:00<00:01, 174.73it/s]
Loading weights:  22%|██▎       | 72/320 [00:00<00:01, 170.38it/s]
Loading weights:  28%|██▊       | 90/320 [00:00<00:01, 161.67it/s]
Loading weights:  33%|███▎      | 107/320 [00:00<00:01, 134.64it/s]
Loading weights:  38%|███▊      | 122/320 [00:00<00:01, 119.72it/s]
Loading weights:  45%|████▌     | 145/320 [00:00<00:01, 141.56it/s]
Loading weights:  50%|█████     | 160/320 [00:01<00:01, 124.06it/s]
Loading weights:  57%|█████▋    | 183/320 [00:01<00:00, 141.10it/s]
Loading weights:  65%|██████▍   | 207/320 [00:01<00:00, 164.91it/s]
Loading weights:  70%|███████   | 225/320 [00:01<00:00, 162.26it/s]
Loading weights:  77%|███████▋  | 246/320 [00:01<00:00, 160.76it/s]
Loading weights:  85%|████████▌ | 273/320 [00:01<00:00, 181.78it/s]
Loading weights:  91%|█████████▏| 292/320 [00:01<00:00, 183.06it/s]
Loading weights:  97%|█████████▋| 311/320 [00:01<00:00, 171.44it/s]
Loading weights: 100%|██████████| 320/320 [00:01<00:00, 163.47it/s]
$Z0_VENV/lib/python3.11/site-packages/torch/_inductor/compile_fx.py:321: UserWarning: TensorFloat32 tensor cores for float32 matrix multiplication available but not enabled. Consider setting `torch.set_float32_matmul_precision('high')` for better performance.
  warnings.warn(
{"backend": "decider_2b", "backend_errors": 0, "examples": 105, "first_error": null, "process_scoring_wall_s": 380.205}
loadavg_after 2.16 3.05 4.66 4/1888 2095164
gpu_after 690 MiB, 0 %
