[sway-session] ready WAYLAND_DISPLAY=wayland-1 DISPLAY=:3 seats=1 outputs=1920x1080
dbus-daemon[3]: [session uid=1000 pid=3 pidfd=5] Activating service name='org.a11y.Bus' requested by ':1.1' (uid=1000 pid=48 comm="/usr/bin/python3 <LANES>/")
dbus-daemon[3]: [session uid=1000 pid=3 pidfd=5] Successfully activated service 'org.a11y.Bus'
dbus-daemon[3]: [session uid=1000 pid=3 pidfd=5] Activating service name='org.freedesktop.systemd1' requested by ':1.3' (uid=1000 pid=62 comm="/usr/bin/dbus-broker-launch --config-file=/usr/sha")
dbus-daemon[3]: [session uid=1000 pid=3 pidfd=5] Activating service name='org.gtk.vfs.Daemon' requested by ':1.0' (uid=1000 pid=48 comm="/usr/bin/python3 <LANES>/")
dbus-daemon[3]: [session uid=1000 pid=3 pidfd=5] Activated service 'org.freedesktop.systemd1' failed: Process org.freedesktop.systemd1 exited with status 1
dbus-daemon[3]: [session uid=1000 pid=3 pidfd=5] Successfully activated service 'org.gtk.vfs.Daemon'
fusermount3: mount failed: Operation not permitted
dbus-daemon[3]: [session uid=1000 pid=3 pidfd=5] Activating service name='org.freedesktop.systemd1' requested by ':1.3' (uid=1000 pid=62 comm="/usr/bin/dbus-broker-launch --config-file=/usr/sha")
dbus-daemon[3]: [session uid=1000 pid=3 pidfd=5] Activated service 'org.freedesktop.systemd1' failed: Process org.freedesktop.systemd1 exited with status 1
dbus-daemon[3]: [session uid=1000 pid=3 pidfd=5] Activating service name='org.freedesktop.systemd1' requested by ':1.3' (uid=1000 pid=62 comm="/usr/bin/dbus-broker-launch --config-file=/usr/sha")
dbus-daemon[3]: [session uid=1000 pid=3 pidfd=5] Activated service 'org.freedesktop.systemd1' failed: Process org.freedesktop.systemd1 exited with status 1
dbus-daemon[3]: [session uid=1000 pid=3 pidfd=5] Activating service name='ca.desrt.dconf' requested by ':1.2' (uid=1000 pid=56 comm="/usr/lib/at-spi-bus-launcher")
dbus-daemon[3]: [session uid=1000 pid=3 pidfd=5] Successfully activated service 'ca.desrt.dconf'
dbus-daemon[3]: [session uid=1000 pid=3 pidfd=5] Activating service name='org.freedesktop.systemd1' requested by ':1.3' (uid=1000 pid=62 comm="/usr/bin/dbus-broker-launch --config-file=/usr/sha")
dbus-daemon[3]: [session uid=1000 pid=3 pidfd=5] Activated service 'org.freedesktop.systemd1' failed: Process org.freedesktop.systemd1 exited with status 1
2026-10-02T19:46:53.648566Z  WARN cua_driver_sdk::runtime: could not activate the persistent AT-SPI listener: AT-SPI connect failed: ZBus Error: MethodError(OwnedErrorName("org.freedesktop.DBus.Error.NameHasNoOwner"), Some("Could not activate remote peer 'org.a11y.atspi.Registry': unit failed"), Msg { type: Error, serial: 4294967295, sender: UniqueName("org.freedesktop.DBus"), reply-serial: 10, body: Str, fds: [] })
dbus-daemon[3]: [session uid=1000 pid=3 pidfd=5] Activating service name='org.freedesktop.systemd1' requested by ':1.3' (uid=1000 pid=62 comm="/usr/bin/dbus-broker-launch --config-file=/usr/sha")
dbus-daemon[3]: [session uid=1000 pid=3 pidfd=5] Activated service 'org.freedesktop.systemd1' failed: Process org.freedesktop.systemd1 exited with status 1
dbus-daemon[3]: [session uid=1000 pid=3 pidfd=5] Activating service name='org.freedesktop.systemd1' requested by ':1.3' (uid=1000 pid=62 comm="/usr/bin/dbus-broker-launch --config-file=/usr/sha")
dbus-daemon[3]: [session uid=1000 pid=3 pidfd=5] Activated service 'org.freedesktop.systemd1' failed: Process org.freedesktop.systemd1 exited with status 1
dbus-daemon[3]: [session uid=1000 pid=3 pidfd=5] Activating service name='org.freedesktop.systemd1' requested by ':1.3' (uid=1000 pid=62 comm="/usr/bin/dbus-broker-launch --config-file=/usr/sha")
dbus-daemon[3]: [session uid=1000 pid=3 pidfd=5] Activated service 'org.freedesktop.systemd1' failed: Process org.freedesktop.systemd1 exited with status 1
dbus-daemon[3]: [session uid=1000 pid=3 pidfd=5] Activating service name='org.freedesktop.systemd1' requested by ':1.3' (uid=1000 pid=62 comm="/usr/bin/dbus-broker-launch --config-file=/usr/sha")
dbus-daemon[3]: [session uid=1000 pid=3 pidfd=5] Activated service 'org.freedesktop.systemd1' failed: Process org.freedesktop.systemd1 exited with status 1
dbus-daemon[3]: [session uid=1000 pid=3 pidfd=5] Activating service name='org.freedesktop.systemd1' requested by ':1.3' (uid=1000 pid=62 comm="/usr/bin/dbus-broker-launch --config-file=/usr/sha")
dbus-daemon[3]: [session uid=1000 pid=3 pidfd=5] Activated service 'org.freedesktop.systemd1' failed: Process org.freedesktop.systemd1 exited with status 1
dbus-daemon[3]: [session uid=1000 pid=3 pidfd=5] Activating service name='org.freedesktop.systemd1' requested by ':1.3' (uid=1000 pid=62 comm="/usr/bin/dbus-broker-launch --config-file=/usr/sha")
dbus-daemon[3]: [session uid=1000 pid=3 pidfd=5] Activated service 'org.freedesktop.systemd1' failed: Process org.freedesktop.systemd1 exited with status 1
dbus-daemon[3]: [session uid=1000 pid=3 pidfd=5] Activating service name='org.freedesktop.systemd1' requested by ':1.3' (uid=1000 pid=62 comm="/usr/bin/dbus-broker-launch --config-file=/usr/sha")
dbus-daemon[3]: [session uid=1000 pid=3 pidfd=5] Activated service 'org.freedesktop.systemd1' failed: Process org.freedesktop.systemd1 exited with status 1
dbus-daemon[3]: [session uid=1000 pid=3 pidfd=5] Activating service name='org.freedesktop.systemd1' requested by ':1.3' (uid=1000 pid=62 comm="/usr/bin/dbus-broker-launch --config-file=/usr/sha")
dbus-daemon[3]: [session uid=1000 pid=3 pidfd=5] Activated service 'org.freedesktop.systemd1' failed: Process org.freedesktop.systemd1 exited with status 1
dbus-daemon[3]: [session uid=1000 pid=3 pidfd=5] Activating service name='org.freedesktop.systemd1' requested by ':1.3' (uid=1000 pid=62 comm="/usr/bin/dbus-broker-launch --config-file=/usr/sha")
dbus-daemon[3]: [session uid=1000 pid=3 pidfd=5] Activated service 'org.freedesktop.systemd1' failed: Process org.freedesktop.systemd1 exited with status 1
dbus-daemon[3]: [session uid=1000 pid=3 pidfd=5] Activating service name='org.freedesktop.systemd1' requested by ':1.3' (uid=1000 pid=62 comm="/usr/bin/dbus-broker-launch --config-file=/usr/sha")
dbus-daemon[3]: [session uid=1000 pid=3 pidfd=5] Activated service 'org.freedesktop.systemd1' failed: Process org.freedesktop.systemd1 exited with status 1
dbus-daemon[3]: [session uid=1000 pid=3 pidfd=5] Activating service name='org.freedesktop.systemd1' requested by ':1.3' (uid=1000 pid=62 comm="/usr/bin/dbus-broker-launch --config-file=/usr/sha")
dbus-daemon[3]: [session uid=1000 pid=3 pidfd=5] Activated service 'org.freedesktop.systemd1' failed: Process org.freedesktop.systemd1 exited with status 1
dbus-daemon[3]: [session uid=1000 pid=3 pidfd=5] Activating service name='org.freedesktop.systemd1' requested by ':1.3' (uid=1000 pid=62 comm="/usr/bin/dbus-broker-launch --config-file=/usr/sha")
dbus-daemon[3]: [session uid=1000 pid=3 pidfd=5] Activated service 'org.freedesktop.systemd1' failed: Process org.freedesktop.systemd1 exited with status 1
dbus-daemon[3]: [session uid=1000 pid=3 pidfd=5] Activating service name='org.freedesktop.systemd1' requested by ':1.3' (uid=1000 pid=62 comm="/usr/bin/dbus-broker-launch --config-file=/usr/sha")
dbus-daemon[3]: [session uid=1000 pid=3 pidfd=5] Activated service 'org.freedesktop.systemd1' failed: Process org.freedesktop.systemd1 exited with status 1
dbus-daemon[3]: [session uid=1000 pid=3 pidfd=5] Activating service name='org.freedesktop.systemd1' requested by ':1.3' (uid=1000 pid=62 comm="/usr/bin/dbus-broker-launch --config-file=/usr/sha")
dbus-daemon[3]: [session uid=1000 pid=3 pidfd=5] Activated service 'org.freedesktop.systemd1' failed: Process org.freedesktop.systemd1 exited with status 1
dbus-daemon[3]: [session uid=1000 pid=3 pidfd=5] Activating service name='org.freedesktop.systemd1' requested by ':1.3' (uid=1000 pid=62 comm="/usr/bin/dbus-broker-launch --config-file=/usr/sha")
dbus-daemon[3]: [session uid=1000 pid=3 pidfd=5] Activated service 'org.freedesktop.systemd1' failed: Process org.freedesktop.systemd1 exited with status 1
dbus-daemon[3]: [session uid=1000 pid=3 pidfd=5] Activating service name='org.freedesktop.systemd1' requested by ':1.3' (uid=1000 pid=62 comm="/usr/bin/dbus-broker-launch --config-file=/usr/sha")
dbus-daemon[3]: [session uid=1000 pid=3 pidfd=5] Activated service 'org.freedesktop.systemd1' failed: Process org.freedesktop.systemd1 exited with status 1
dbus-daemon[3]: [session uid=1000 pid=3 pidfd=5] Activating service name='org.freedesktop.systemd1' requested by ':1.3' (uid=1000 pid=62 comm="/usr/bin/dbus-broker-launch --config-file=/usr/sha")
dbus-daemon[3]: [session uid=1000 pid=3 pidfd=5] Activated service 'org.freedesktop.systemd1' failed: Process org.freedesktop.systemd1 exited with status 1
dbus-daemon[3]: [session uid=1000 pid=3 pidfd=5] Activating service name='org.freedesktop.systemd1' requested by ':1.3' (uid=1000 pid=62 comm="/usr/bin/dbus-broker-launch --config-file=/usr/sha")
dbus-daemon[3]: [session uid=1000 pid=3 pidfd=5] Activated service 'org.freedesktop.systemd1' failed: Process org.freedesktop.systemd1 exited with status 1
dbus-daemon[3]: [session uid=1000 pid=3 pidfd=5] Activating service name='org.freedesktop.systemd1' requested by ':1.3' (uid=1000 pid=62 comm="/usr/bin/dbus-broker-launch --config-file=/usr/sha")
dbus-daemon[3]: [session uid=1000 pid=3 pidfd=5] Activated service 'org.freedesktop.systemd1' failed: Process org.freedesktop.systemd1 exited with status 1
dbus-daemon[3]: [session uid=1000 pid=3 pidfd=5] Activating service name='org.freedesktop.systemd1' requested by ':1.3' (uid=1000 pid=62 comm="/usr/bin/dbus-broker-launch --config-file=/usr/sha")
dbus-daemon[3]: [session uid=1000 pid=3 pidfd=5] Activated service 'org.freedesktop.systemd1' failed: Process org.freedesktop.systemd1 exited with status 1
dbus-daemon[3]: [session uid=1000 pid=3 pidfd=5] Activating service name='org.freedesktop.systemd1' requested by ':1.3' (uid=1000 pid=62 comm="/usr/bin/dbus-broker-launch --config-file=/usr/sha")
dbus-daemon[3]: [session uid=1000 pid=3 pidfd=5] Activated service 'org.freedesktop.systemd1' failed: Process org.freedesktop.systemd1 exited with status 1
dbus-daemon[3]: [session uid=1000 pid=3 pidfd=5] Activating service name='org.freedesktop.systemd1' requested by ':1.3' (uid=1000 pid=62 comm="/usr/bin/dbus-broker-launch --config-file=/usr/sha")
dbus-daemon[3]: [session uid=1000 pid=3 pidfd=5] Activated service 'org.freedesktop.systemd1' failed: Process org.freedesktop.systemd1 exited with status 1
dbus-daemon[3]: [session uid=1000 pid=3 pidfd=5] Activating service name='org.freedesktop.systemd1' requested by ':1.3' (uid=1000 pid=62 comm="/usr/bin/dbus-broker-launch --config-file=/usr/sha")
dbus-daemon[3]: [session uid=1000 pid=3 pidfd=5] Activated service 'org.freedesktop.systemd1' failed: Process org.freedesktop.systemd1 exited with status 1
dbus-daemon[3]: [session uid=1000 pid=3 pidfd=5] Activating service name='org.freedesktop.systemd1' requested by ':1.3' (uid=1000 pid=62 comm="/usr/bin/dbus-broker-launch --config-file=/usr/sha")
dbus-daemon[3]: [session uid=1000 pid=3 pidfd=5] Activated service 'org.freedesktop.systemd1' failed: Process org.freedesktop.systemd1 exited with status 1
dbus-daemon[3]: [session uid=1000 pid=3 pidfd=5] Activating service name='org.freedesktop.systemd1' requested by ':1.3' (uid=1000 pid=62 comm="/usr/bin/dbus-broker-launch --config-file=/usr/sha")
dbus-daemon[3]: [session uid=1000 pid=3 pidfd=5] Activated service 'org.freedesktop.systemd1' failed: Process org.freedesktop.systemd1 exited with status 1
dbus-daemon[3]: [session uid=1000 pid=3 pidfd=5] Activating service name='org.freedesktop.systemd1' requested by ':1.3' (uid=1000 pid=62 comm="/usr/bin/dbus-broker-launch --config-file=/usr/sha")
dbus-daemon[3]: [session uid=1000 pid=3 pidfd=5] Activated service 'org.freedesktop.systemd1' failed: Process org.freedesktop.systemd1 exited with status 1
dbus-daemon[3]: [session uid=1000 pid=3 pidfd=5] Activating service name='org.freedesktop.systemd1' requested by ':1.3' (uid=1000 pid=62 comm="/usr/bin/dbus-broker-launch --config-file=/usr/sha")
dbus-daemon[3]: [session uid=1000 pid=3 pidfd=5] Activated service 'org.freedesktop.systemd1' failed: Process org.freedesktop.systemd1 exited with status 1
dbus-daemon[3]: [session uid=1000 pid=3 pidfd=5] Activating service name='org.freedesktop.systemd1' requested by ':1.3' (uid=1000 pid=62 comm="/usr/bin/dbus-broker-launch --config-file=/usr/sha")
dbus-daemon[3]: [session uid=1000 pid=3 pidfd=5] Activated service 'org.freedesktop.systemd1' failed: Process org.freedesktop.systemd1 exited with status 1
dbus-daemon[3]: [session uid=1000 pid=3 pidfd=5] Activating service name='org.freedesktop.systemd1' requested by ':1.3' (uid=1000 pid=62 comm="/usr/bin/dbus-broker-launch --config-file=/usr/sha")
dbus-daemon[3]: [session uid=1000 pid=3 pidfd=5] Activated service 'org.freedesktop.systemd1' failed: Process org.freedesktop.systemd1 exited with status 1
dbus-daemon[3]: [session uid=1000 pid=3 pidfd=5] Activating service name='org.freedesktop.systemd1' requested by ':1.3' (uid=1000 pid=62 comm="/usr/bin/dbus-broker-launch --config-file=/usr/sha")
dbus-daemon[3]: [session uid=1000 pid=3 pidfd=5] Activated service 'org.freedesktop.systemd1' failed: Process org.freedesktop.systemd1 exited with status 1
dbus-daemon[3]: [session uid=1000 pid=3 pidfd=5] Activating service name='org.freedesktop.systemd1' requested by ':1.3' (uid=1000 pid=62 comm="/usr/bin/dbus-broker-launch --config-file=/usr/sha")
dbus-daemon[3]: [session uid=1000 pid=3 pidfd=5] Activated service 'org.freedesktop.systemd1' failed: Process org.freedesktop.systemd1 exited with status 1
dbus-daemon[3]: [session uid=1000 pid=3 pidfd=5] Activating service name='org.freedesktop.systemd1' requested by ':1.3' (uid=1000 pid=62 comm="/usr/bin/dbus-broker-launch --config-file=/usr/sha")
dbus-daemon[3]: [session uid=1000 pid=3 pidfd=5] Activated service 'org.freedesktop.systemd1' failed: Process org.freedesktop.systemd1 exited with status 1
dbus-daemon[3]: [session uid=1000 pid=3 pidfd=5] Activating service name='org.freedesktop.systemd1' requested by ':1.3' (uid=1000 pid=62 comm="/usr/bin/dbus-broker-launch --config-file=/usr/sha")
dbus-daemon[3]: [session uid=1000 pid=3 pidfd=5] Activated service 'org.freedesktop.systemd1' failed: Process org.freedesktop.systemd1 exited with status 1
dbus-daemon[3]: [session uid=1000 pid=3 pidfd=5] Activating service name='org.freedesktop.systemd1' requested by ':1.3' (uid=1000 pid=62 comm="/usr/bin/dbus-broker-launch --config-file=/usr/sha")
dbus-daemon[3]: [session uid=1000 pid=3 pidfd=5] Activated service 'org.freedesktop.systemd1' failed: Process org.freedesktop.systemd1 exited with status 1
dbus-daemon[3]: [session uid=1000 pid=3 pidfd=5] Activating service name='org.freedesktop.systemd1' requested by ':1.3' (uid=1000 pid=62 comm="/usr/bin/dbus-broker-launch --config-file=/usr/sha")
dbus-daemon[3]: [session uid=1000 pid=3 pidfd=5] Activated service 'org.freedesktop.systemd1' failed: Process org.freedesktop.systemd1 exited with status 1
dbus-daemon[3]: [session uid=1000 pid=3 pidfd=5] Activating service name='org.freedesktop.systemd1' requested by ':1.3' (uid=1000 pid=62 comm="/usr/bin/dbus-broker-launch --config-file=/usr/sha")
dbus-daemon[3]: [session uid=1000 pid=3 pidfd=5] Activated service 'org.freedesktop.systemd1' failed: Process org.freedesktop.systemd1 exited with status 1
dbus-daemon[3]: [session uid=1000 pid=3 pidfd=5] Activating service name='org.freedesktop.systemd1' requested by ':1.3' (uid=1000 pid=62 comm="/usr/bin/dbus-broker-launch --config-file=/usr/sha")
dbus-daemon[3]: [session uid=1000 pid=3 pidfd=5] Activated service 'org.freedesktop.systemd1' failed: Process org.freedesktop.systemd1 exited with status 1
dbus-daemon[3]: [session uid=1000 pid=3 pidfd=5] Activating service name='org.freedesktop.systemd1' requested by ':1.3' (uid=1000 pid=62 comm="/usr/bin/dbus-broker-launch --config-file=/usr/sha")
dbus-daemon[3]: [session uid=1000 pid=3 pidfd=5] Activated service 'org.freedesktop.systemd1' failed: Process org.freedesktop.systemd1 exited with status 1
dbus-daemon[3]: [session uid=1000 pid=3 pidfd=5] Activating service name='org.freedesktop.systemd1' requested by ':1.3' (uid=1000 pid=62 comm="/usr/bin/dbus-broker-launch --config-file=/usr/sha")
dbus-daemon[3]: [session uid=1000 pid=3 pidfd=5] Activated service 'org.freedesktop.systemd1' failed: Process org.freedesktop.systemd1 exited with status 1
dbus-daemon[3]: [session uid=1000 pid=3 pidfd=5] Activating service name='org.freedesktop.systemd1' requested by ':1.3' (uid=1000 pid=62 comm="/usr/bin/dbus-broker-launch --config-file=/usr/sha")
dbus-daemon[3]: [session uid=1000 pid=3 pidfd=5] Activated service 'org.freedesktop.systemd1' failed: Process org.freedesktop.systemd1 exited with status 1
dbus-daemon[3]: [session uid=1000 pid=3 pidfd=5] Activating service name='org.freedesktop.systemd1' requested by ':1.3' (uid=1000 pid=62 comm="/usr/bin/dbus-broker-launch --config-file=/usr/sha")
dbus-daemon[3]: [session uid=1000 pid=3 pidfd=5] Activated service 'org.freedesktop.systemd1' failed: Process org.freedesktop.systemd1 exited with status 1
dbus-daemon[3]: [session uid=1000 pid=3 pidfd=5] Activating service name='org.freedesktop.systemd1' requested by ':1.3' (uid=1000 pid=62 comm="/usr/bin/dbus-broker-launch --config-file=/usr/sha")
dbus-daemon[3]: [session uid=1000 pid=3 pidfd=5] Activated service 'org.freedesktop.systemd1' failed: Process org.freedesktop.systemd1 exited with status 1
dbus-daemon[3]: [session uid=1000 pid=3 pidfd=5] Activating service name='org.freedesktop.systemd1' requested by ':1.3' (uid=1000 pid=62 comm="/usr/bin/dbus-broker-launch --config-file=/usr/sha")
dbus-daemon[3]: [session uid=1000 pid=3 pidfd=5] Activated service 'org.freedesktop.systemd1' failed: Process org.freedesktop.systemd1 exited with status 1
dbus-daemon[3]: [session uid=1000 pid=3 pidfd=5] Activating service name='org.freedesktop.systemd1' requested by ':1.3' (uid=1000 pid=62 comm="/usr/bin/dbus-broker-launch --config-file=/usr/sha")
dbus-daemon[3]: [session uid=1000 pid=3 pidfd=5] Activated service 'org.freedesktop.systemd1' failed: Process org.freedesktop.systemd1 exited with status 1
dbus-daemon[3]: [session uid=1000 pid=3 pidfd=5] Activating service name='org.freedesktop.systemd1' requested by ':1.3' (uid=1000 pid=62 comm="/usr/bin/dbus-broker-launch --config-file=/usr/sha")
dbus-daemon[3]: [session uid=1000 pid=3 pidfd=5] Activated service 'org.freedesktop.systemd1' failed: Process org.freedesktop.systemd1 exited with status 1
dbus-daemon[3]: [session uid=1000 pid=3 pidfd=5] Activating service name='org.freedesktop.systemd1' requested by ':1.3' (uid=1000 pid=62 comm="/usr/bin/dbus-broker-launch --config-file=/usr/sha")
dbus-daemon[3]: [session uid=1000 pid=3 pidfd=5] Activated service 'org.freedesktop.systemd1' failed: Process org.freedesktop.systemd1 exited with status 1
dbus-daemon[3]: [session uid=1000 pid=3 pidfd=5] Activating service name='org.freedesktop.systemd1' requested by ':1.3' (uid=1000 pid=62 comm="/usr/bin/dbus-broker-launch --config-file=/usr/sha")
dbus-daemon[3]: [session uid=1000 pid=3 pidfd=5] Activated service 'org.freedesktop.systemd1' failed: Process org.freedesktop.systemd1 exited with status 1
dbus-daemon[3]: [session uid=1000 pid=3 pidfd=5] Activating service name='org.freedesktop.systemd1' requested by ':1.3' (uid=1000 pid=62 comm="/usr/bin/dbus-broker-launch --config-file=/usr/sha")
dbus-daemon[3]: [session uid=1000 pid=3 pidfd=5] Activated service 'org.freedesktop.systemd1' failed: Process org.freedesktop.systemd1 exited with status 1
dbus-daemon[3]: [session uid=1000 pid=3 pidfd=5] Activating service name='org.freedesktop.systemd1' requested by ':1.3' (uid=1000 pid=62 comm="/usr/bin/dbus-broker-launch --config-file=/usr/sha")
dbus-daemon[3]: [session uid=1000 pid=3 pidfd=5] Activated service 'org.freedesktop.systemd1' failed: Process org.freedesktop.systemd1 exited with status 1
dbus-daemon[3]: [session uid=1000 pid=3 pidfd=5] Activating service name='org.freedesktop.systemd1' requested by ':1.3' (uid=1000 pid=62 comm="/usr/bin/dbus-broker-launch --config-file=/usr/sha")
dbus-daemon[3]: [session uid=1000 pid=3 pidfd=5] Activated service 'org.freedesktop.systemd1' failed: Process org.freedesktop.systemd1 exited with status 1
dbus-daemon[3]: [session uid=1000 pid=3 pidfd=5] Activating service name='org.freedesktop.systemd1' requested by ':1.3' (uid=1000 pid=62 comm="/usr/bin/dbus-broker-launch --config-file=/usr/sha")
dbus-daemon[3]: [session uid=1000 pid=3 pidfd=5] Activated service 'org.freedesktop.systemd1' failed: Process org.freedesktop.systemd1 exited with status 1
dbus-daemon[3]: [session uid=1000 pid=3 pidfd=5] Activating service name='org.freedesktop.systemd1' requested by ':1.3' (uid=1000 pid=62 comm="/usr/bin/dbus-broker-launch --config-file=/usr/sha")
dbus-daemon[3]: [session uid=1000 pid=3 pidfd=5] Activated service 'org.freedesktop.systemd1' failed: Process org.freedesktop.systemd1 exited with status 1
dbus-daemon[3]: [session uid=1000 pid=3 pidfd=5] Activating service name='org.freedesktop.systemd1' requested by ':1.3' (uid=1000 pid=62 comm="/usr/bin/dbus-broker-launch --config-file=/usr/sha")
dbus-daemon[3]: [session uid=1000 pid=3 pidfd=5] Activated service 'org.freedesktop.systemd1' failed: Process org.freedesktop.systemd1 exited with status 1
dbus-daemon[3]: [session uid=1000 pid=3 pidfd=5] Activating service name='org.freedesktop.systemd1' requested by ':1.3' (uid=1000 pid=62 comm="/usr/bin/dbus-broker-launch --config-file=/usr/sha")
dbus-daemon[3]: [session uid=1000 pid=3 pidfd=5] Activated service 'org.freedesktop.systemd1' failed: Process org.freedesktop.systemd1 exited with status 1
dbus-daemon[3]: [session uid=1000 pid=3 pidfd=5] Activating service name='org.freedesktop.systemd1' requested by ':1.3' (uid=1000 pid=62 comm="/usr/bin/dbus-broker-launch --config-file=/usr/sha")
dbus-daemon[3]: [session uid=1000 pid=3 pidfd=5] Activated service 'org.freedesktop.systemd1' failed: Process org.freedesktop.systemd1 exited with status 1
dbus-daemon[3]: [session uid=1000 pid=3 pidfd=5] Activating service name='org.freedesktop.systemd1' requested by ':1.3' (uid=1000 pid=62 comm="/usr/bin/dbus-broker-launch --config-file=/usr/sha")
dbus-daemon[3]: [session uid=1000 pid=3 pidfd=5] Activated service 'org.freedesktop.systemd1' failed: Process org.freedesktop.systemd1 exited with status 1
dbus-daemon[3]: [session uid=1000 pid=3 pidfd=5] Activating service name='org.freedesktop.systemd1' requested by ':1.3' (uid=1000 pid=62 comm="/usr/bin/dbus-broker-launch --config-file=/usr/sha")
dbus-daemon[3]: [session uid=1000 pid=3 pidfd=5] Activated service 'org.freedesktop.systemd1' failed: Process org.freedesktop.systemd1 exited with status 1
dbus-daemon[3]: [session uid=1000 pid=3 pidfd=5] Activating service name='org.freedesktop.systemd1' requested by ':1.3' (uid=1000 pid=62 comm="/usr/bin/dbus-broker-launch --config-file=/usr/sha")
dbus-daemon[3]: [session uid=1000 pid=3 pidfd=5] Activated service 'org.freedesktop.systemd1' failed: Process org.freedesktop.systemd1 exited with status 1
dbus-daemon[3]: [session uid=1000 pid=3 pidfd=5] Activating service name='org.freedesktop.systemd1' requested by ':1.3' (uid=1000 pid=62 comm="/usr/bin/dbus-broker-launch --config-file=/usr/sha")
dbus-daemon[3]: [session uid=1000 pid=3 pidfd=5] Activated service 'org.freedesktop.systemd1' failed: Process org.freedesktop.systemd1 exited with status 1
dbus-daemon[3]: [session uid=1000 pid=3 pidfd=5] Activating service name='org.freedesktop.systemd1' requested by ':1.3' (uid=1000 pid=62 comm="/usr/bin/dbus-broker-launch --config-file=/usr/sha")
dbus-daemon[3]: [session uid=1000 pid=3 pidfd=5] Activated service 'org.freedesktop.systemd1' failed: Process org.freedesktop.systemd1 exited with status 1
dbus-daemon[3]: [session uid=1000 pid=3 pidfd=5] Activating service name='org.freedesktop.systemd1' requested by ':1.3' (uid=1000 pid=62 comm="/usr/bin/dbus-broker-launch --config-file=/usr/sha")
dbus-daemon[3]: [session uid=1000 pid=3 pidfd=5] Activated service 'org.freedesktop.systemd1' failed: Process org.freedesktop.systemd1 exited with status 1
dbus-daemon[3]: [session uid=1000 pid=3 pidfd=5] Activating service name='org.freedesktop.systemd1' requested by ':1.3' (uid=1000 pid=62 comm="/usr/bin/dbus-broker-launch --config-file=/usr/sha")
dbus-daemon[3]: [session uid=1000 pid=3 pidfd=5] Activated service 'org.freedesktop.systemd1' failed: Process org.freedesktop.systemd1 exited with status 1
dbus-daemon[3]: [session uid=1000 pid=3 pidfd=5] Activating service name='org.freedesktop.systemd1' requested by ':1.3' (uid=1000 pid=62 comm="/usr/bin/dbus-broker-launch --config-file=/usr/sha")
dbus-daemon[3]: [session uid=1000 pid=3 pidfd=5] Activated service 'org.freedesktop.systemd1' failed: Process org.freedesktop.systemd1 exited with status 1
dbus-daemon[3]: [session uid=1000 pid=3 pidfd=5] Activating service name='org.freedesktop.systemd1' requested by ':1.3' (uid=1000 pid=62 comm="/usr/bin/dbus-broker-launch --config-file=/usr/sha")
dbus-daemon[3]: [session uid=1000 pid=3 pidfd=5] Activated service 'org.freedesktop.systemd1' failed: Process org.freedesktop.systemd1 exited with status 1
dbus-daemon[3]: [session uid=1000 pid=3 pidfd=5] Activating service name='org.freedesktop.systemd1' requested by ':1.3' (uid=1000 pid=62 comm="/usr/bin/dbus-broker-launch --config-file=/usr/sha")
dbus-daemon[3]: [session uid=1000 pid=3 pidfd=5] Activated service 'org.freedesktop.systemd1' failed: Process org.freedesktop.systemd1 exited with status 1
dbus-daemon[3]: [session uid=1000 pid=3 pidfd=5] Activating service name='org.freedesktop.systemd1' requested by ':1.3' (uid=1000 pid=62 comm="/usr/bin/dbus-broker-launch --config-file=/usr/sha")
dbus-daemon[3]: [session uid=1000 pid=3 pidfd=5] Activated service 'org.freedesktop.systemd1' failed: Process org.freedesktop.systemd1 exited with status 1
dbus-daemon[3]: [session uid=1000 pid=3 pidfd=5] Activating service name='org.freedesktop.systemd1' requested by ':1.3' (uid=1000 pid=62 comm="/usr/bin/dbus-broker-launch --config-file=/usr/sha")
dbus-daemon[3]: [session uid=1000 pid=3 pidfd=5] Activated service 'org.freedesktop.systemd1' failed: Process org.freedesktop.systemd1 exited with status 1
done: <TMP>/w3-own16w/runs/SW/U/N1/raw/calls.jsonl
A connection to the bus can't be made
[sway-session] exit rc=0 run_dir=<TMP>/sway-session.Lnblea
