[session] DISPLAY=:101 openbox=610018 picom=610019 dbus=unix:path=<session-tmp>/dbus-X,guid=fc8405890971185cad1fd79d6abf4ab9
[b02] DISPLAY=:101 start_utc=2026-10-02T06:10:03.200Z loadavg=23.20 21.16 18.21 42/2808 611029
Cua Driver sends content-free product telemetry by default. Run `cua-driver telemetry disable` to stop it; `cua-driver telemetry status` shows the current setting.
dbus-daemon[610013]: [session uid=1000 pid=610013 pidfd=5] Activating service name='org.a11y.Bus' requested by ':1.0' (uid=1000 pid=611672 comm="<lanes>/bin/cua-driver-b0")
dbus-daemon[610013]: [session uid=1000 pid=610013 pidfd=5] Successfully activated service 'org.a11y.Bus'
dbus-daemon[610013]: [session uid=1000 pid=610013 pidfd=5] Activating service name='ca.desrt.dconf' requested by ':1.1' (uid=1000 pid=611689 comm="/usr/lib/at-spi-bus-launcher")
dbus-daemon[610013]: [session uid=1000 pid=610013 pidfd=5] Successfully activated service 'ca.desrt.dconf'
dbus-daemon[610013]: [session uid=1000 pid=610013 pidfd=5] Activating service name='org.freedesktop.systemd1' requested by ':1.4' (uid=1000 pid=611737 comm="/usr/bin/dbus-broker-launch --config-file=/usr/sha")
dbus-daemon[610013]: [session uid=1000 pid=610013 pidfd=5] Activated service 'org.freedesktop.systemd1' failed: Process org.freedesktop.systemd1 exited with status 1
dbus-daemon[610013]: [session uid=1000 pid=610013 pidfd=5] Activating service name='org.freedesktop.systemd1' requested by ':1.4' (uid=1000 pid=611737 comm="/usr/bin/dbus-broker-launch --config-file=/usr/sha")
dbus-daemon[610013]: [session uid=1000 pid=610013 pidfd=5] Activated service 'org.freedesktop.systemd1' failed: Process org.freedesktop.systemd1 exited with status 1
[2m2026-10-02T06:10:04.840488Z[0m [33m WARN[0m [2mcua_driver_sdk::runtime[0m[2m:[0m could not activate the persistent AT-SPI listener: AT-SPI connect failed: ZBus Error: MethodError(OwnedErrorName("org.freedesktop.DBus.Error.NameHasNoOwner"), Some("Could not activate remote peer 'org.a11y.atspi.Registry': unit failed"), Msg { type: Error, serial: 4294967295, sender: UniqueName("org.freedesktop.DBus"), reply-serial: 10, body: Str, fds: [] })
[2m2026-10-02T06:10:04.886338Z[0m [33m WARN[0m [2mplatform_linux::overlay[0m[2m:[0m X11 overlay: root reads cannot see this window's own pixels; save-unders will be served without readback confirmation
dbus-daemon[610013]: [session uid=1000 pid=610013 pidfd=5] Activating service name='org.gtk.vfs.Daemon' requested by ':1.5' (uid=1000 pid=612118 comm="/opt/google/chrome/chrome --remote-debugging-port=")
dbus-daemon[610013]: [session uid=1000 pid=610013 pidfd=5] Successfully activated service 'org.gtk.vfs.Daemon'
fusermount3: mount failed: Operation not permitted
dbus-daemon[610013]: [session uid=1000 pid=610013 pidfd=5] Activating service name='org.freedesktop.systemd1' requested by ':1.4' (uid=1000 pid=611737 comm="/usr/bin/dbus-broker-launch --config-file=/usr/sha")
dbus-daemon[610013]: [session uid=1000 pid=610013 pidfd=5] Activated service 'org.freedesktop.systemd1' failed: Process org.freedesktop.systemd1 exited with status 1
dbus-daemon[610013]: [session uid=1000 pid=610013 pidfd=5] Activating service name='org.freedesktop.systemd1' requested by ':1.4' (uid=1000 pid=611737 comm="/usr/bin/dbus-broker-launch --config-file=/usr/sha")
dbus-daemon[610013]: [session uid=1000 pid=610013 pidfd=5] Activated service 'org.freedesktop.systemd1' failed: Process org.freedesktop.systemd1 exited with status 1
dbus-daemon[610013]: [session uid=1000 pid=610013 pidfd=5] Activating service name='org.freedesktop.Notifications' requested by ':1.7' (uid=1000 pid=612118 comm="/opt/google/chrome/chrome --remote-debugging-port=")
dbus-daemon[610013]: [session uid=1000 pid=610013 pidfd=5] Activating service name='org.freedesktop.portal.Desktop' requested by ':1.7' (uid=1000 pid=612118 comm="/opt/google/chrome/chrome --remote-debugging-port=")
dbus-daemon[610013]: [session uid=1000 pid=610013 pidfd=5] Activating service name='org.freedesktop.impl.portal.PermissionStore' requested by ':1.9' (uid=1000 pid=612523 comm="/usr/lib/xdg-desktop-portal")
dbus-daemon[610013]: [session uid=1000 pid=610013 pidfd=5] Successfully activated service 'org.freedesktop.Notifications'
dbus-daemon[610013]: [session uid=1000 pid=610013 pidfd=5] Successfully activated service 'org.freedesktop.impl.portal.PermissionStore'
dbus-daemon[610013]: [session uid=1000 pid=610013 pidfd=5] Activating service name='org.freedesktop.portal.Documents' requested by ':1.9' (uid=1000 pid=612523 comm="/usr/lib/xdg-desktop-portal")
dbus-daemon[610013]: [session uid=1000 pid=610013 pidfd=5] Successfully activated service 'org.freedesktop.portal.Documents'
fusermount3: mount failed: Operation not permitted
error: fuse init failed: Can't mount path <lane-tmp>/x11-session.dEHyC6/xdg-runtime/doc

(/usr/lib/xdg-desktop-portal:612523): xdg-desktop-portal-WARNING **: 01:10:06.250: Document portal fuse mount point unknown: GDBus.Error:org.freedesktop.DBus.Error.ServiceUnknown: The name :1.11 was not provided by any .service files

(/usr/lib/xdg-desktop-portal:612523): xdg-desktop-portal-WARNING **: 01:10:06.250: Choosing gtk.portal for org.freedesktop.impl.portal.Lockdown as a last-resort fallback
dbus-daemon[610013]: [session uid=1000 pid=610013 pidfd=5] Activating service name='org.freedesktop.impl.portal.desktop.gtk' requested by ':1.9' (uid=1000 pid=612523 comm="/usr/lib/xdg-desktop-portal")
dbus-daemon[610013]: [session uid=1000 pid=610013 pidfd=5] Activating service name='org.freedesktop.systemd1' requested by ':1.4' (uid=1000 pid=611737 comm="/usr/bin/dbus-broker-launch --config-file=/usr/sha")
dbus-daemon[610013]: [session uid=1000 pid=610013 pidfd=5] Activated service 'org.freedesktop.systemd1' failed: Process org.freedesktop.systemd1 exited with status 1
dbus-daemon[610013]: [session uid=1000 pid=610013 pidfd=5] Successfully activated service 'org.freedesktop.impl.portal.desktop.gtk'

** (xdg-desktop-portal-gtk:612570): WARNING **: 01:10:06.289: AT-SPI: Could not obtain desktop path or name

dbus-daemon[610013]: [session uid=1000 pid=610013 pidfd=5] Activating service name='org.freedesktop.systemd1' requested by ':1.4' (uid=1000 pid=611737 comm="/usr/bin/dbus-broker-launch --config-file=/usr/sha")
dbus-daemon[610013]: [session uid=1000 pid=610013 pidfd=5] Activated service 'org.freedesktop.systemd1' failed: Process org.freedesktop.systemd1 exited with status 1

** (xdg-desktop-portal-gtk:612570): WARNING **: 01:10:06.291: atk-bridge: GetRegisteredEvents returned message with unknown signature

** (xdg-desktop-portal-gtk:612570): WARNING **: 01:10:06.291: atk-bridge: get_device_events_reply: unknown signature

(/usr/lib/xdg-desktop-portal:612523): xdg-desktop-portal-WARNING **: 01:10:06.292: Choosing gtk.portal for org.freedesktop.impl.portal.Access as a last-resort fallback

(/usr/lib/xdg-desktop-portal:612523): xdg-desktop-portal-WARNING **: 01:10:06.313: Choosing gtk.portal for org.freedesktop.impl.portal.Settings as a last-resort fallback

(/usr/lib/xdg-desktop-portal:612523): xdg-desktop-portal-WARNING **: 01:10:06.314: Choosing gtk.portal for org.freedesktop.impl.portal.FileChooser as a last-resort fallback

(/usr/lib/xdg-desktop-portal:612523): xdg-desktop-portal-WARNING **: 01:10:06.316: Choosing gtk.portal for org.freedesktop.impl.portal.AppChooser as a last-resort fallback

(/usr/lib/xdg-desktop-portal:612523): xdg-desktop-portal-WARNING **: 01:10:06.321: Choosing gtk.portal for org.freedesktop.impl.portal.Print as a last-resort fallback

(/usr/lib/xdg-desktop-portal:612523): xdg-desktop-portal-WARNING **: 01:10:06.323: Choosing gtk.portal for org.freedesktop.impl.portal.Notification as a last-resort fallback

(/usr/lib/xdg-desktop-portal:612523): xdg-desktop-portal-WARNING **: 01:10:06.325: Choosing gtk.portal for org.freedesktop.impl.portal.Inhibit as a last-resort fallback

(/usr/lib/xdg-desktop-portal:612523): xdg-desktop-portal-WARNING **: 01:10:06.328: Failed to connect to PipeWire: Couldn't connect to PipeWire

(/usr/lib/xdg-desktop-portal:612523): xdg-desktop-portal-WARNING **: 01:10:06.328: Choosing gtk.portal for org.freedesktop.impl.portal.Account as a last-resort fallback

(/usr/lib/xdg-desktop-portal:612523): xdg-desktop-portal-WARNING **: 01:10:06.329: Choosing gtk.portal for org.freedesktop.impl.portal.Email as a last-resort fallback

(/usr/lib/xdg-desktop-portal:612523): xdg-desktop-portal-WARNING **: 01:10:06.329: Choosing gtk.portal for org.freedesktop.impl.portal.DynamicLauncher as a last-resort fallback
dbus-daemon[610013]: [session uid=1000 pid=610013 pidfd=5] Successfully activated service 'org.freedesktop.portal.Desktop'
{"trial": "smoke000-fill-K5-measured", "outcome": "verified", "oracle_exact_match": true, "completion_mutations": 1, "routes": ["provider", "guarded-completion"], "loadavg_before": "23.20 21.16 18.21 36/2808 611651"}
dbus-daemon[610013]: [session uid=1000 pid=610013 pidfd=5] Activating service name='org.freedesktop.systemd1' requested by ':1.4' (uid=1000 pid=611737 comm="/usr/bin/dbus-broker-launch --config-file=/usr/sha")
dbus-daemon[610013]: [session uid=1000 pid=610013 pidfd=5] Activated service 'org.freedesktop.systemd1' failed: Process org.freedesktop.systemd1 exited with status 1
[2m2026-10-02T06:10:07.497562Z[0m [33m WARN[0m [2mcua_driver_sdk::runtime[0m[2m:[0m could not activate the persistent AT-SPI listener: AT-SPI connect failed: ZBus Error: MethodError(OwnedErrorName("org.freedesktop.DBus.Error.NameHasNoOwner"), Some("Could not activate remote peer 'org.a11y.atspi.Registry': unit failed"), Msg { type: Error, serial: 4294967295, sender: UniqueName("org.freedesktop.DBus"), reply-serial: 9, body: Str, fds: [] })
[2m2026-10-02T06:10:07.537549Z[0m [33m WARN[0m [2mplatform_linux::overlay[0m[2m:[0m X11 overlay: root reads cannot see this window's own pixels; save-unders will be served without readback confirmation
dbus-daemon[610013]: [session uid=1000 pid=610013 pidfd=5] Activating service name='org.freedesktop.systemd1' requested by ':1.4' (uid=1000 pid=611737 comm="/usr/bin/dbus-broker-launch --config-file=/usr/sha")
dbus-daemon[610013]: [session uid=1000 pid=610013 pidfd=5] Activated service 'org.freedesktop.systemd1' failed: Process org.freedesktop.systemd1 exited with status 1
dbus-daemon[610013]: [session uid=1000 pid=610013 pidfd=5] Activating service name='org.freedesktop.systemd1' requested by ':1.4' (uid=1000 pid=611737 comm="/usr/bin/dbus-broker-launch --config-file=/usr/sha")
dbus-daemon[610013]: [session uid=1000 pid=610013 pidfd=5] Activated service 'org.freedesktop.systemd1' failed: Process org.freedesktop.systemd1 exited with status 1
{"trial": "smoke001-fill-K5-measured", "outcome": "verified", "oracle_exact_match": true, "completion_mutations": 1, "routes": ["provider", "guarded-completion"], "loadavg_before": "23.75 21.31 18.28 31/2834 613047"}
dbus-daemon[610013]: [session uid=1000 pid=610013 pidfd=5] Activating service name='org.freedesktop.systemd1' requested by ':1.4' (uid=1000 pid=611737 comm="/usr/bin/dbus-broker-launch --config-file=/usr/sha")
dbus-daemon[610013]: [session uid=1000 pid=610013 pidfd=5] Activated service 'org.freedesktop.systemd1' failed: Process org.freedesktop.systemd1 exited with status 1
[2m2026-10-02T06:10:10.311827Z[0m [33m WARN[0m [2mcua_driver_sdk::runtime[0m[2m:[0m could not activate the persistent AT-SPI listener: AT-SPI connect failed: ZBus Error: MethodError(OwnedErrorName("org.freedesktop.DBus.Error.NameHasNoOwner"), Some("Could not activate remote peer 'org.a11y.atspi.Registry': unit failed"), Msg { type: Error, serial: 4294967295, sender: UniqueName("org.freedesktop.DBus"), reply-serial: 9, body: Str, fds: [] })
[2m2026-10-02T06:10:10.339308Z[0m [33m WARN[0m [2mplatform_linux::overlay[0m[2m:[0m X11 overlay: root reads cannot see this window's own pixels; save-unders will be served without readback confirmation
dbus-daemon[610013]: [session uid=1000 pid=610013 pidfd=5] Activating service name='org.freedesktop.systemd1' requested by ':1.4' (uid=1000 pid=611737 comm="/usr/bin/dbus-broker-launch --config-file=/usr/sha")
dbus-daemon[610013]: [session uid=1000 pid=610013 pidfd=5] Activated service 'org.freedesktop.systemd1' failed: Process org.freedesktop.systemd1 exited with status 1
dbus-daemon[610013]: [session uid=1000 pid=610013 pidfd=5] Activating service name='org.freedesktop.systemd1' requested by ':1.4' (uid=1000 pid=611737 comm="/usr/bin/dbus-broker-launch --config-file=/usr/sha")
dbus-daemon[610013]: [session uid=1000 pid=610013 pidfd=5] Activated service 'org.freedesktop.systemd1' failed: Process org.freedesktop.systemd1 exited with status 1
{"trial": "smoke002-fill-K5-measured", "outcome": "verified", "oracle_exact_match": true, "completion_mutations": 1, "routes": ["provider", "guarded-completion"], "loadavg_before": "23.75 21.31 18.28 15/2808 614423"}
dbus-daemon[610013]: [session uid=1000 pid=610013 pidfd=5] Activating service name='org.freedesktop.systemd1' requested by ':1.4' (uid=1000 pid=611737 comm="/usr/bin/dbus-broker-launch --config-file=/usr/sha")
dbus-daemon[610013]: [session uid=1000 pid=610013 pidfd=5] Activated service 'org.freedesktop.systemd1' failed: Process org.freedesktop.systemd1 exited with status 1
[2m2026-10-02T06:10:12.187675Z[0m [33m WARN[0m [2mcua_driver_sdk::runtime[0m[2m:[0m could not activate the persistent AT-SPI listener: AT-SPI connect failed: ZBus Error: MethodError(OwnedErrorName("org.freedesktop.DBus.Error.NameHasNoOwner"), Some("Could not activate remote peer 'org.a11y.atspi.Registry': unit failed"), Msg { type: Error, serial: 4294967295, sender: UniqueName("org.freedesktop.DBus"), reply-serial: 9, body: Str, fds: [] })
[2m2026-10-02T06:10:12.202012Z[0m [33m WARN[0m [2mplatform_linux::overlay[0m[2m:[0m X11 overlay: root reads cannot see this window's own pixels; save-unders will be served without readback confirmation
dbus-daemon[610013]: [session uid=1000 pid=610013 pidfd=5] Activating service name='org.freedesktop.systemd1' requested by ':1.4' (uid=1000 pid=611737 comm="/usr/bin/dbus-broker-launch --config-file=/usr/sha")
dbus-daemon[610013]: [session uid=1000 pid=610013 pidfd=5] Activated service 'org.freedesktop.systemd1' failed: Process org.freedesktop.systemd1 exited with status 1
dbus-daemon[610013]: [session uid=1000 pid=610013 pidfd=5] Activating service name='org.freedesktop.systemd1' requested by ':1.4' (uid=1000 pid=611737 comm="/usr/bin/dbus-broker-launch --config-file=/usr/sha")
dbus-daemon[610013]: [session uid=1000 pid=610013 pidfd=5] Activated service 'org.freedesktop.systemd1' failed: Process org.freedesktop.systemd1 exited with status 1
{"trial": "smoke003-fill-K5-measured", "outcome": "verified", "oracle_exact_match": true, "completion_mutations": 1, "routes": ["provider", "guarded-completion"], "loadavg_before": "23.61 21.32 18.30 15/2833 615901"}
dbus-daemon[610013]: [session uid=1000 pid=610013 pidfd=5] Activating service name='org.freedesktop.systemd1' requested by ':1.4' (uid=1000 pid=611737 comm="/usr/bin/dbus-broker-launch --config-file=/usr/sha")
dbus-daemon[610013]: [session uid=1000 pid=610013 pidfd=5] Activated service 'org.freedesktop.systemd1' failed: Process org.freedesktop.systemd1 exited with status 1
[2m2026-10-02T06:10:14.050318Z[0m [33m WARN[0m [2mcua_driver_sdk::runtime[0m[2m:[0m could not activate the persistent AT-SPI listener: AT-SPI connect failed: ZBus Error: MethodError(OwnedErrorName("org.freedesktop.DBus.Error.NameHasNoOwner"), Some("Could not activate remote peer 'org.a11y.atspi.Registry': unit failed"), Msg { type: Error, serial: 4294967295, sender: UniqueName("org.freedesktop.DBus"), reply-serial: 9, body: Str, fds: [] })
[2m2026-10-02T06:10:14.069846Z[0m [33m WARN[0m [2mplatform_linux::overlay[0m[2m:[0m X11 overlay: root reads cannot see this window's own pixels; save-unders will be served without readback confirmation
dbus-daemon[610013]: [session uid=1000 pid=610013 pidfd=5] Activating service name='org.freedesktop.systemd1' requested by ':1.4' (uid=1000 pid=611737 comm="/usr/bin/dbus-broker-launch --config-file=/usr/sha")
dbus-daemon[610013]: [session uid=1000 pid=610013 pidfd=5] Activated service 'org.freedesktop.systemd1' failed: Process org.freedesktop.systemd1 exited with status 1
dbus-daemon[610013]: [session uid=1000 pid=610013 pidfd=5] Activating service name='org.freedesktop.systemd1' requested by ':1.4' (uid=1000 pid=611737 comm="/usr/bin/dbus-broker-launch --config-file=/usr/sha")
dbus-daemon[610013]: [session uid=1000 pid=610013 pidfd=5] Activated service 'org.freedesktop.systemd1' failed: Process org.freedesktop.systemd1 exited with status 1
{"trial": "smoke004-fill-K5-measured", "outcome": "verified", "oracle_exact_match": true, "completion_mutations": 1, "routes": ["provider", "guarded-completion"], "loadavg_before": "23.61 21.32 18.30 24/2806 617272"}
[b02] end_utc=2026-10-02T06:10:16.359Z rc=0
A connection to the bus can't be made
CRITICAL: [dbus_cb_name_lost:1438] Cannot connect to DBus.
[session] exit rc=0 run_dir=<lane-tmp>/x11-session.dEHyC6
