loadavg_before 2.72 4.90 5.26 3/2293 1462405
gpu_before 908 MiB, 50 %

Loading weights:   0%|          | 0/320 [00:00<?, ?it/s]
Loading weights:   8%|▊         | 24/320 [00:00<00:01, 190.65it/s]
Loading weights:  14%|█▍        | 44/320 [00:00<00:01, 189.93it/s]
Loading weights:  20%|█▉        | 63/320 [00:00<00:01, 128.84it/s]
Loading weights:  26%|██▋       | 84/320 [00:00<00:01, 147.50it/s]
Loading weights:  32%|███▏      | 101/320 [00:00<00:01, 140.15it/s]
Loading weights:  36%|███▋      | 116/320 [00:00<00:01, 138.39it/s]
Loading weights:  44%|████▍     | 140/320 [00:00<00:01, 161.22it/s]
Loading weights:  49%|████▉     | 157/320 [00:01<00:01, 148.97it/s]
Loading weights:  54%|█████▍    | 173/320 [00:01<00:01, 136.98it/s]
Loading weights:  59%|█████▉    | 188/320 [00:01<00:00, 137.71it/s]
Loading weights:  65%|██████▌   | 208/320 [00:01<00:00, 152.71it/s]
Loading weights:  70%|███████   | 224/320 [00:01<00:00, 132.49it/s]
Loading weights:  75%|███████▌  | 240/320 [00:01<00:00, 137.56it/s]
Loading weights:  86%|████████▌ | 274/320 [00:01<00:00, 182.42it/s]
Loading weights:  92%|█████████▏| 293/320 [00:01<00:00, 177.10it/s]
Loading weights:  98%|█████████▊| 312/320 [00:02<00:00, 175.57it/s]
Loading weights: 100%|██████████| 320/320 [00:02<00:00, 159.18it/s]
In file included from /usr/include/python3.11/Python.h:12,
                 from <stable>ork/tmp/tmp97krk0gl/__triton_launcher.c:7:
/usr/include/python3.11/pyconfig.h:1793:9: warning: ‘_POSIX_C_SOURCE’ redefined
 1793 | #define _POSIX_C_SOURCE 200809L
      |         ^~~~~~~~~~~~~~~
In file included from /usr/include/bits/libc-header-start.h:33,
                 from /usr/include/stdlib.h:26,
                 from <mnt>/z0-wt/venv-stack-z0/lib/python3.11/site-packages/triton/backends/nvidia/include/cuda.h:56,
                 from <stable>ork/tmp/tmp97krk0gl/__triton_launcher.c:2:
/usr/include/features.h:319:10: note: this is the location of the previous definition
  319 | # define _POSIX_C_SOURCE        202405L
      |          ^~~~~~~~~~~~~~~
In file included from /usr/include/python3.11/Python.h:12,
                 from <stable>ork/tmp/tmp0778zn0m/__triton_launcher.c:7:
/usr/include/python3.11/pyconfig.h:1793:9: warning: ‘_POSIX_C_SOURCE’ redefined
 1793 | #define _POSIX_C_SOURCE 200809L
      |         ^~~~~~~~~~~~~~~
In file included from /usr/include/bits/libc-header-start.h:33,
                 from /usr/include/stdlib.h:26,
                 from <mnt>/z0-wt/venv-stack-z0/lib/python3.11/site-packages/triton/backends/nvidia/include/cuda.h:56,
                 from <stable>ork/tmp/tmp0778zn0m/__triton_launcher.c:2:
/usr/include/features.h:319:10: note: this is the location of the previous definition
  319 | # define _POSIX_C_SOURCE        202405L
      |          ^~~~~~~~~~~~~~~
{"backend": "decider_2b", "backend_errors": 0, "examples": 418, "first_error": null, "process_scoring_wall_s": 44.722}
loadavg_after 18.86 8.26 6.34 5/2285 1468226
gpu_after 908 MiB, 25 %
