loadavg_before 11.04 5.98 4.71 6/2281 1437247
gpu_before 884 MiB, 27 %

Loading weights:   0%|          | 0/320 [00:00<?, ?it/s]
Loading weights:   5%|▍         | 15/320 [00:00<00:02, 136.88it/s]
Loading weights:   9%|▉         | 29/320 [00:00<00:02, 116.07it/s]
Loading weights:  16%|█▌        | 50/320 [00:00<00:01, 148.38it/s]
Loading weights:  21%|██        | 67/320 [00:00<00:01, 155.10it/s]
Loading weights:  26%|██▌       | 83/320 [00:00<00:01, 156.64it/s]
Loading weights:  32%|███▏      | 101/320 [00:00<00:01, 160.54it/s]
Loading weights:  37%|███▋      | 118/320 [00:00<00:01, 150.26it/s]
Loading weights:  43%|████▎     | 138/320 [00:00<00:01, 154.03it/s]
Loading weights:  48%|████▊     | 154/320 [00:01<00:01, 153.13it/s]
Loading weights:  53%|█████▎    | 170/320 [00:01<00:01, 142.69it/s]
Loading weights:  59%|█████▉    | 189/320 [00:01<00:00, 149.13it/s]
Loading weights:  64%|██████▍   | 205/320 [00:01<00:00, 128.64it/s]
Loading weights:  68%|██████▊   | 219/320 [00:01<00:00, 110.17it/s]
Loading weights:  73%|███████▎  | 233/320 [00:01<00:00, 106.35it/s]
Loading weights:  77%|███████▋  | 245/320 [00:01<00:00, 108.85it/s]
Loading weights:  84%|████████▍ | 269/320 [00:01<00:00, 134.60it/s]
Loading weights:  89%|████████▉ | 286/320 [00:02<00:00, 131.44it/s]
Loading weights:  94%|█████████▍| 301/320 [00:02<00:00, 131.25it/s]
Loading weights: 100%|██████████| 320/320 [00:02<00:00, 138.93it/s]
<mnt>/z0-wt/venv-stack-z0/lib/python3.11/site-packages/torch/_inductor/compile_fx.py:321: UserWarning: TensorFloat32 tensor cores for float32 matrix multiplication available but not enabled. Consider setting `torch.set_float32_matmul_precision('high')` for better performance.
  warnings.warn(
{"backend": "decider_2b", "backend_errors": 0, "examples": 142, "first_error": null, "process_scoring_wall_s": 427.898}
loadavg_after 2.80 5.39 5.43 1/2302 1457908
gpu_after 892 MiB, 26 %
