[session] DISPLAY=:99 openbox=2627006 picom=2627007 dbus=unix:path=<tmp>/dbus-XXXX,guid=aa3ce45f4f8f3fa6796cc8126ac06c49
[b04a2] DISPLAY=:99 start_utc=2026-10-03T02:45:31.410Z loadavg=11.73 6.83 3.46 3/2068 2627056 telemetry_env=0 dnt=1 lock=shared wayland=unset
dbus-daemon[2627004]: [session uid=1000 pid=2627004 pidfd=5] Activating service name='org.a11y.Bus' requested by ':1.0' (uid=1000 pid=2627077 comm="<lanes>/bin/cua-driver-r2")
dbus-daemon[2627004]: [session uid=1000 pid=2627004 pidfd=5] Successfully activated service 'org.a11y.Bus'
dbus-daemon[2627004]: [session uid=1000 pid=2627004 pidfd=5] Activating service name='ca.desrt.dconf' requested by ':1.1' (uid=1000 pid=2627084 comm="/usr/lib/at-spi-bus-launcher")
dbus-daemon[2627004]: [session uid=1000 pid=2627004 pidfd=5] Successfully activated service 'ca.desrt.dconf'
dbus-daemon[2627004]: [session uid=1000 pid=2627004 pidfd=5] Activating service name='org.freedesktop.systemd1' requested by ':1.4' (uid=1000 pid=2627098 comm="/usr/bin/dbus-broker-launch --config-file=/usr/sha")
dbus-daemon[2627004]: [session uid=1000 pid=2627004 pidfd=5] Activated service 'org.freedesktop.systemd1' failed: Process org.freedesktop.systemd1 exited with status 1
[2m2026-10-03T02:45:32.576048Z[0m [33m WARN[0m [2mcua_driver_sdk::runtime[0m[2m:[0m could not activate the persistent AT-SPI listener: AT-SPI connect failed: ZBus Error: MethodError(OwnedErrorName("org.freedesktop.DBus.Error.NameHasNoOwner"), Some("Could not activate remote peer 'org.a11y.atspi.Registry': unit failed"), Msg { type: Error, serial: 4294967295, sender: UniqueName("org.freedesktop.DBus"), reply-serial: 10, body: Str, fds: [] })
[2m2026-10-03T02:45:32.587064Z[0m [33m WARN[0m [2mplatform_linux::overlay[0m[2m:[0m X11 overlay: root reads cannot see this window's own pixels; save-unders will be served without readback confirmation
dbus-daemon[2627004]: [session uid=1000 pid=2627004 pidfd=5] Activating service name='org.gtk.vfs.Daemon' requested by ':1.5' (uid=1000 pid=2627170 comm="/opt/google/chrome/chrome --remote-debugging-port=")
dbus-daemon[2627004]: [session uid=1000 pid=2627004 pidfd=5] Successfully activated service 'org.gtk.vfs.Daemon'
fusermount3: mount failed: Operation not permitted
dbus-daemon[2627004]: [session uid=1000 pid=2627004 pidfd=5] Activating service name='org.freedesktop.systemd1' requested by ':1.4' (uid=1000 pid=2627098 comm="/usr/bin/dbus-broker-launch --config-file=/usr/sha")
dbus-daemon[2627004]: [session uid=1000 pid=2627004 pidfd=5] Activated service 'org.freedesktop.systemd1' failed: Process org.freedesktop.systemd1 exited with status 1
dbus-daemon[2627004]: [session uid=1000 pid=2627004 pidfd=5] Activating service name='org.freedesktop.systemd1' requested by ':1.4' (uid=1000 pid=2627098 comm="/usr/bin/dbus-broker-launch --config-file=/usr/sha")
dbus-daemon[2627004]: [session uid=1000 pid=2627004 pidfd=5] Activated service 'org.freedesktop.systemd1' failed: Process org.freedesktop.systemd1 exited with status 1
dbus-daemon[2627004]: [session uid=1000 pid=2627004 pidfd=5] Activating service name='org.freedesktop.Notifications' requested by ':1.7' (uid=1000 pid=2627170 comm="/opt/google/chrome/chrome --remote-debugging-port=")
dbus-daemon[2627004]: [session uid=1000 pid=2627004 pidfd=5] Activating service name='org.freedesktop.portal.Desktop' requested by ':1.7' (uid=1000 pid=2627170 comm="/opt/google/chrome/chrome --remote-debugging-port=")
dbus-daemon[2627004]: [session uid=1000 pid=2627004 pidfd=5] Successfully activated service 'org.freedesktop.Notifications'
dbus-daemon[2627004]: [session uid=1000 pid=2627004 pidfd=5] Activating service name='org.freedesktop.impl.portal.PermissionStore' requested by ':1.9' (uid=1000 pid=2627340 comm="/usr/lib/xdg-desktop-portal")
dbus-daemon[2627004]: [session uid=1000 pid=2627004 pidfd=5] Successfully activated service 'org.freedesktop.impl.portal.PermissionStore'
dbus-daemon[2627004]: [session uid=1000 pid=2627004 pidfd=5] Activating service name='org.freedesktop.portal.Documents' requested by ':1.9' (uid=1000 pid=2627340 comm="/usr/lib/xdg-desktop-portal")
dbus-daemon[2627004]: [session uid=1000 pid=2627004 pidfd=5] Successfully activated service 'org.freedesktop.portal.Documents'
fusermount3: mount failed: Operation not permitted
error: fuse init failed: Can't mount path <lane-tmp>/x11-session.8NBnCw/xdg-runtime/doc

(/usr/lib/xdg-desktop-portal:2627340): xdg-desktop-portal-WARNING **: 21:45:33.853: Document portal fuse mount point unknown: GDBus.Error:org.freedesktop.DBus.Error.ServiceUnknown: The name :1.11 was not provided by any .service files

(/usr/lib/xdg-desktop-portal:2627340): xdg-desktop-portal-WARNING **: 21:45:33.853: Choosing gtk.portal for org.freedesktop.impl.portal.Lockdown as a last-resort fallback
dbus-daemon[2627004]: [session uid=1000 pid=2627004 pidfd=5] Activating service name='org.freedesktop.impl.portal.desktop.gtk' requested by ':1.9' (uid=1000 pid=2627340 comm="/usr/lib/xdg-desktop-portal")
dbus-daemon[2627004]: [session uid=1000 pid=2627004 pidfd=5] Activating service name='org.freedesktop.systemd1' requested by ':1.4' (uid=1000 pid=2627098 comm="/usr/bin/dbus-broker-launch --config-file=/usr/sha")
dbus-daemon[2627004]: [session uid=1000 pid=2627004 pidfd=5] Activated service 'org.freedesktop.systemd1' failed: Process org.freedesktop.systemd1 exited with status 1
dbus-daemon[2627004]: [session uid=1000 pid=2627004 pidfd=5] Successfully activated service 'org.freedesktop.impl.portal.desktop.gtk'

** (xdg-desktop-portal-gtk:2627363): WARNING **: 21:45:33.880: AT-SPI: Could not obtain desktop path or name

dbus-daemon[2627004]: [session uid=1000 pid=2627004 pidfd=5] Activating service name='org.freedesktop.systemd1' requested by ':1.4' (uid=1000 pid=2627098 comm="/usr/bin/dbus-broker-launch --config-file=/usr/sha")

(/usr/lib/xdg-desktop-portal:2627340): xdg-desktop-portal-WARNING **: 21:45:33.881: Choosing gtk.portal for org.freedesktop.impl.portal.Access as a last-resort fallback
dbus-daemon[2627004]: [session uid=1000 pid=2627004 pidfd=5] Activated service 'org.freedesktop.systemd1' failed: Process org.freedesktop.systemd1 exited with status 1

** (xdg-desktop-portal-gtk:2627363): WARNING **: 21:45:33.881: atk-bridge: GetRegisteredEvents returned message with unknown signature

** (xdg-desktop-portal-gtk:2627363): WARNING **: 21:45:33.881: atk-bridge: get_device_events_reply: unknown signature

(/usr/lib/xdg-desktop-portal:2627340): xdg-desktop-portal-WARNING **: 21:45:33.898: Choosing gtk.portal for org.freedesktop.impl.portal.Settings as a last-resort fallback

(/usr/lib/xdg-desktop-portal:2627340): xdg-desktop-portal-WARNING **: 21:45:33.899: Choosing gtk.portal for org.freedesktop.impl.portal.FileChooser as a last-resort fallback

(/usr/lib/xdg-desktop-portal:2627340): xdg-desktop-portal-WARNING **: 21:45:33.899: Choosing gtk.portal for org.freedesktop.impl.portal.AppChooser as a last-resort fallback

(/usr/lib/xdg-desktop-portal:2627340): xdg-desktop-portal-WARNING **: 21:45:33.900: Choosing gtk.portal for org.freedesktop.impl.portal.Print as a last-resort fallback

(/usr/lib/xdg-desktop-portal:2627340): xdg-desktop-portal-WARNING **: 21:45:33.900: Choosing gtk.portal for org.freedesktop.impl.portal.Notification as a last-resort fallback

(/usr/lib/xdg-desktop-portal:2627340): xdg-desktop-portal-WARNING **: 21:45:33.900: Choosing gtk.portal for org.freedesktop.impl.portal.Inhibit as a last-resort fallback

(/usr/lib/xdg-desktop-portal:2627340): xdg-desktop-portal-WARNING **: 21:45:33.902: Failed to connect to PipeWire: Couldn't connect to PipeWire

(/usr/lib/xdg-desktop-portal:2627340): xdg-desktop-portal-WARNING **: 21:45:33.902: Choosing gtk.portal for org.freedesktop.impl.portal.Account as a last-resort fallback

(/usr/lib/xdg-desktop-portal:2627340): xdg-desktop-portal-WARNING **: 21:45:33.903: Choosing gtk.portal for org.freedesktop.impl.portal.Email as a last-resort fallback

(/usr/lib/xdg-desktop-portal:2627340): xdg-desktop-portal-WARNING **: 21:45:33.903: Choosing gtk.portal for org.freedesktop.impl.portal.DynamicLauncher as a last-resort fallback
dbus-daemon[2627004]: [session uid=1000 pid=2627004 pidfd=5] Successfully activated service 'org.freedesktop.portal.Desktop'
{"trial": "shake00-P1-fill-D80", "outcome": "verified", "oracle_exact_match": true, "completion_mutations": 1, "routes": ["compiled"], "loadavg_before": "11.73 6.83 3.46 4/2070 2627075"}
dbus-daemon[2627004]: [session uid=1000 pid=2627004 pidfd=5] Activating service name='org.freedesktop.systemd1' requested by ':1.4' (uid=1000 pid=2627098 comm="/usr/bin/dbus-broker-launch --config-file=/usr/sha")
dbus-daemon[2627004]: [session uid=1000 pid=2627004 pidfd=5] Activated service 'org.freedesktop.systemd1' failed: Process org.freedesktop.systemd1 exited with status 1
[2m2026-10-03T02:45:35.008932Z[0m [33m WARN[0m [2mcua_driver_sdk::runtime[0m[2m:[0m could not activate the persistent AT-SPI listener: AT-SPI connect failed: ZBus Error: MethodError(OwnedErrorName("org.freedesktop.DBus.Error.NameHasNoOwner"), Some("Could not activate remote peer 'org.a11y.atspi.Registry': unit failed"), Msg { type: Error, serial: 4294967295, sender: UniqueName("org.freedesktop.DBus"), reply-serial: 9, body: Str, fds: [] })
[2m2026-10-03T02:45:35.033308Z[0m [33m WARN[0m [2mplatform_linux::overlay[0m[2m:[0m X11 overlay: root reads cannot see this window's own pixels; save-unders will be served without readback confirmation
dbus-daemon[2627004]: [session uid=1000 pid=2627004 pidfd=5] Activating service name='org.freedesktop.systemd1' requested by ':1.4' (uid=1000 pid=2627098 comm="/usr/bin/dbus-broker-launch --config-file=/usr/sha")
dbus-daemon[2627004]: [session uid=1000 pid=2627004 pidfd=5] Activated service 'org.freedesktop.systemd1' failed: Process org.freedesktop.systemd1 exited with status 1
dbus-daemon[2627004]: [session uid=1000 pid=2627004 pidfd=5] Activating service name='org.freedesktop.systemd1' requested by ':1.4' (uid=1000 pid=2627098 comm="/usr/bin/dbus-broker-launch --config-file=/usr/sha")
dbus-daemon[2627004]: [session uid=1000 pid=2627004 pidfd=5] Activated service 'org.freedesktop.systemd1' failed: Process org.freedesktop.systemd1 exited with status 1
{"trial": "shake00-P1-fill-D160", "outcome": "verified", "oracle_exact_match": true, "completion_mutations": 1, "routes": ["compiled"], "loadavg_before": "11.73 6.83 3.46 14/2135 2627534"}
dbus-daemon[2627004]: [session uid=1000 pid=2627004 pidfd=5] Activating service name='org.freedesktop.systemd1' requested by ':1.4' (uid=1000 pid=2627098 comm="/usr/bin/dbus-broker-launch --config-file=/usr/sha")
dbus-daemon[2627004]: [session uid=1000 pid=2627004 pidfd=5] Activated service 'org.freedesktop.systemd1' failed: Process org.freedesktop.systemd1 exited with status 1
[2m2026-10-03T02:45:37.071948Z[0m [33m WARN[0m [2mcua_driver_sdk::runtime[0m[2m:[0m could not activate the persistent AT-SPI listener: AT-SPI connect failed: ZBus Error: MethodError(OwnedErrorName("org.freedesktop.DBus.Error.NameHasNoOwner"), Some("Could not activate remote peer 'org.a11y.atspi.Registry': unit failed"), Msg { type: Error, serial: 4294967295, sender: UniqueName("org.freedesktop.DBus"), reply-serial: 9, body: Str, fds: [] })
[2m2026-10-03T02:45:37.087748Z[0m [33m WARN[0m [2mplatform_linux::overlay[0m[2m:[0m X11 overlay: root reads cannot see this window's own pixels; save-unders will be served without readback confirmation
dbus-daemon[2627004]: [session uid=1000 pid=2627004 pidfd=5] Activating service name='org.freedesktop.systemd1' requested by ':1.4' (uid=1000 pid=2627098 comm="/usr/bin/dbus-broker-launch --config-file=/usr/sha")
dbus-daemon[2627004]: [session uid=1000 pid=2627004 pidfd=5] Activated service 'org.freedesktop.systemd1' failed: Process org.freedesktop.systemd1 exited with status 1
dbus-daemon[2627004]: [session uid=1000 pid=2627004 pidfd=5] Activating service name='org.freedesktop.systemd1' requested by ':1.4' (uid=1000 pid=2627098 comm="/usr/bin/dbus-broker-launch --config-file=/usr/sha")
dbus-daemon[2627004]: [session uid=1000 pid=2627004 pidfd=5] Activated service 'org.freedesktop.systemd1' failed: Process org.freedesktop.systemd1 exited with status 1
{"trial": "shake00-P1-toggle-D80", "outcome": "verified", "oracle_exact_match": true, "completion_mutations": 1, "routes": ["provider", "provider"], "loadavg_before": "11.68 6.90 3.50 17/2124 2627893"}
dbus-daemon[2627004]: [session uid=1000 pid=2627004 pidfd=5] Activating service name='org.freedesktop.systemd1' requested by ':1.4' (uid=1000 pid=2627098 comm="/usr/bin/dbus-broker-launch --config-file=/usr/sha")
dbus-daemon[2627004]: [session uid=1000 pid=2627004 pidfd=5] Activated service 'org.freedesktop.systemd1' failed: Process org.freedesktop.systemd1 exited with status 1
[2m2026-10-03T02:45:38.589954Z[0m [33m WARN[0m [2mcua_driver_sdk::runtime[0m[2m:[0m could not activate the persistent AT-SPI listener: AT-SPI connect failed: ZBus Error: MethodError(OwnedErrorName("org.freedesktop.DBus.Error.NameHasNoOwner"), Some("Could not activate remote peer 'org.a11y.atspi.Registry': unit failed"), Msg { type: Error, serial: 4294967295, sender: UniqueName("org.freedesktop.DBus"), reply-serial: 9, body: Str, fds: [] })
[2m2026-10-03T02:45:38.607350Z[0m [33m WARN[0m [2mplatform_linux::overlay[0m[2m:[0m X11 overlay: root reads cannot see this window's own pixels; save-unders will be served without readback confirmation
dbus-daemon[2627004]: [session uid=1000 pid=2627004 pidfd=5] Activating service name='org.freedesktop.systemd1' requested by ':1.4' (uid=1000 pid=2627098 comm="/usr/bin/dbus-broker-launch --config-file=/usr/sha")
dbus-daemon[2627004]: [session uid=1000 pid=2627004 pidfd=5] Activated service 'org.freedesktop.systemd1' failed: Process org.freedesktop.systemd1 exited with status 1
dbus-daemon[2627004]: [session uid=1000 pid=2627004 pidfd=5] Activating service name='org.freedesktop.systemd1' requested by ':1.4' (uid=1000 pid=2627098 comm="/usr/bin/dbus-broker-launch --config-file=/usr/sha")
dbus-daemon[2627004]: [session uid=1000 pid=2627004 pidfd=5] Activated service 'org.freedesktop.systemd1' failed: Process org.freedesktop.systemd1 exited with status 1
{"trial": "shake00-P1-toggle-D160", "outcome": "verified", "oracle_exact_match": true, "completion_mutations": 1, "routes": ["provider", "provider"], "loadavg_before": "11.68 6.90 3.50 12/2140 2628268"}
dbus-daemon[2627004]: [session uid=1000 pid=2627004 pidfd=5] Activating service name='org.freedesktop.systemd1' requested by ':1.4' (uid=1000 pid=2627098 comm="/usr/bin/dbus-broker-launch --config-file=/usr/sha")
dbus-daemon[2627004]: [session uid=1000 pid=2627004 pidfd=5] Activated service 'org.freedesktop.systemd1' failed: Process org.freedesktop.systemd1 exited with status 1
[2m2026-10-03T02:45:40.170385Z[0m [33m WARN[0m [2mcua_driver_sdk::runtime[0m[2m:[0m could not activate the persistent AT-SPI listener: AT-SPI connect failed: ZBus Error: MethodError(OwnedErrorName("org.freedesktop.DBus.Error.NameHasNoOwner"), Some("Could not activate remote peer 'org.a11y.atspi.Registry': unit failed"), Msg { type: Error, serial: 4294967295, sender: UniqueName("org.freedesktop.DBus"), reply-serial: 9, body: Str, fds: [] })
[2m2026-10-03T02:45:40.183081Z[0m [33m WARN[0m [2mplatform_linux::overlay[0m[2m:[0m X11 overlay: root reads cannot see this window's own pixels; save-unders will be served without readback confirmation
dbus-daemon[2627004]: [session uid=1000 pid=2627004 pidfd=5] Activating service name='org.freedesktop.systemd1' requested by ':1.4' (uid=1000 pid=2627098 comm="/usr/bin/dbus-broker-launch --config-file=/usr/sha")
dbus-daemon[2627004]: [session uid=1000 pid=2627004 pidfd=5] Activated service 'org.freedesktop.systemd1' failed: Process org.freedesktop.systemd1 exited with status 1
dbus-daemon[2627004]: [session uid=1000 pid=2627004 pidfd=5] Activating service name='org.freedesktop.systemd1' requested by ':1.4' (uid=1000 pid=2627098 comm="/usr/bin/dbus-broker-launch --config-file=/usr/sha")
dbus-daemon[2627004]: [session uid=1000 pid=2627004 pidfd=5] Activated service 'org.freedesktop.systemd1' failed: Process org.freedesktop.systemd1 exited with status 1
{"trial": "shake00-P2-fill-cold", "outcome": "verified", "oracle_exact_match": true, "completion_mutations": 1, "routes": ["compiled"], "loadavg_before": "11.68 6.90 3.50 4/2155 2628741"}
dbus-daemon[2627004]: [session uid=1000 pid=2627004 pidfd=5] Activating service name='org.freedesktop.systemd1' requested by ':1.4' (uid=1000 pid=2627098 comm="/usr/bin/dbus-broker-launch --config-file=/usr/sha")
dbus-daemon[2627004]: [session uid=1000 pid=2627004 pidfd=5] Activated service 'org.freedesktop.systemd1' failed: Process org.freedesktop.systemd1 exited with status 1
[2m2026-10-03T02:45:41.671374Z[0m [33m WARN[0m [2mcua_driver_sdk::runtime[0m[2m:[0m could not activate the persistent AT-SPI listener: AT-SPI connect failed: ZBus Error: MethodError(OwnedErrorName("org.freedesktop.DBus.Error.NameHasNoOwner"), Some("Could not activate remote peer 'org.a11y.atspi.Registry': unit failed"), Msg { type: Error, serial: 4294967295, sender: UniqueName("org.freedesktop.DBus"), reply-serial: 9, body: Str, fds: [] })
[2m2026-10-03T02:45:41.681110Z[0m [33m WARN[0m [2mplatform_linux::overlay[0m[2m:[0m X11 overlay: root reads cannot see this window's own pixels; save-unders will be served without readback confirmation
dbus-daemon[2627004]: [session uid=1000 pid=2627004 pidfd=5] Activating service name='org.freedesktop.systemd1' requested by ':1.4' (uid=1000 pid=2627098 comm="/usr/bin/dbus-broker-launch --config-file=/usr/sha")
dbus-daemon[2627004]: [session uid=1000 pid=2627004 pidfd=5] Activated service 'org.freedesktop.systemd1' failed: Process org.freedesktop.systemd1 exited with status 1
dbus-daemon[2627004]: [session uid=1000 pid=2627004 pidfd=5] Activating service name='org.freedesktop.systemd1' requested by ':1.4' (uid=1000 pid=2627098 comm="/usr/bin/dbus-broker-launch --config-file=/usr/sha")
dbus-daemon[2627004]: [session uid=1000 pid=2627004 pidfd=5] Activated service 'org.freedesktop.systemd1' failed: Process org.freedesktop.systemd1 exited with status 1
{"trial": "shake00-P2-fill-warm", "outcome": "verified", "oracle_exact_match": true, "completion_mutations": 1, "routes": ["compiled"], "loadavg_before": "12.18 7.09 3.58 4/2190 2629118"}
dbus-daemon[2627004]: [session uid=1000 pid=2627004 pidfd=5] Activating service name='org.freedesktop.systemd1' requested by ':1.4' (uid=1000 pid=2627098 comm="/usr/bin/dbus-broker-launch --config-file=/usr/sha")
dbus-daemon[2627004]: [session uid=1000 pid=2627004 pidfd=5] Activated service 'org.freedesktop.systemd1' failed: Process org.freedesktop.systemd1 exited with status 1
[2m2026-10-03T02:45:43.176658Z[0m [33m WARN[0m [2mcua_driver_sdk::runtime[0m[2m:[0m could not activate the persistent AT-SPI listener: AT-SPI connect failed: ZBus Error: MethodError(OwnedErrorName("org.freedesktop.DBus.Error.NameHasNoOwner"), Some("Could not activate remote peer 'org.a11y.atspi.Registry': unit failed"), Msg { type: Error, serial: 4294967295, sender: UniqueName("org.freedesktop.DBus"), reply-serial: 9, body: Str, fds: [] })
[2m2026-10-03T02:45:43.184110Z[0m [33m WARN[0m [2mplatform_linux::overlay[0m[2m:[0m X11 overlay: root reads cannot see this window's own pixels; save-unders will be served without readback confirmation
dbus-daemon[2627004]: [session uid=1000 pid=2627004 pidfd=5] Activating service name='org.freedesktop.systemd1' requested by ':1.4' (uid=1000 pid=2627098 comm="/usr/bin/dbus-broker-launch --config-file=/usr/sha")
dbus-daemon[2627004]: [session uid=1000 pid=2627004 pidfd=5] Activated service 'org.freedesktop.systemd1' failed: Process org.freedesktop.systemd1 exited with status 1
dbus-daemon[2627004]: [session uid=1000 pid=2627004 pidfd=5] Activating service name='org.freedesktop.systemd1' requested by ':1.4' (uid=1000 pid=2627098 comm="/usr/bin/dbus-broker-launch --config-file=/usr/sha")
dbus-daemon[2627004]: [session uid=1000 pid=2627004 pidfd=5] Activated service 'org.freedesktop.systemd1' failed: Process org.freedesktop.systemd1 exited with status 1
{"trial": "shake00-P2-toggle-cold", "outcome": "verified", "oracle_exact_match": true, "completion_mutations": 1, "routes": ["provider", "provider"], "loadavg_before": "12.18 7.09 3.58 4/2178 2629410"}
dbus-daemon[2627004]: [session uid=1000 pid=2627004 pidfd=5] Activating service name='org.freedesktop.systemd1' requested by ':1.4' (uid=1000 pid=2627098 comm="/usr/bin/dbus-broker-launch --config-file=/usr/sha")
dbus-daemon[2627004]: [session uid=1000 pid=2627004 pidfd=5] Activated service 'org.freedesktop.systemd1' failed: Process org.freedesktop.systemd1 exited with status 1
[2m2026-10-03T02:45:44.888315Z[0m [33m WARN[0m [2mcua_driver_sdk::runtime[0m[2m:[0m could not activate the persistent AT-SPI listener: AT-SPI connect failed: ZBus Error: MethodError(OwnedErrorName("org.freedesktop.DBus.Error.NameHasNoOwner"), Some("Could not activate remote peer 'org.a11y.atspi.Registry': unit failed"), Msg { type: Error, serial: 4294967295, sender: UniqueName("org.freedesktop.DBus"), reply-serial: 9, body: Str, fds: [] })
[2m2026-10-03T02:45:44.897406Z[0m [33m WARN[0m [2mplatform_linux::overlay[0m[2m:[0m X11 overlay: root reads cannot see this window's own pixels; save-unders will be served without readback confirmation
dbus-daemon[2627004]: [session uid=1000 pid=2627004 pidfd=5] Activating service name='org.freedesktop.systemd1' requested by ':1.4' (uid=1000 pid=2627098 comm="/usr/bin/dbus-broker-launch --config-file=/usr/sha")
dbus-daemon[2627004]: [session uid=1000 pid=2627004 pidfd=5] Activated service 'org.freedesktop.systemd1' failed: Process org.freedesktop.systemd1 exited with status 1
dbus-daemon[2627004]: [session uid=1000 pid=2627004 pidfd=5] Activating service name='org.freedesktop.systemd1' requested by ':1.4' (uid=1000 pid=2627098 comm="/usr/bin/dbus-broker-launch --config-file=/usr/sha")
dbus-daemon[2627004]: [session uid=1000 pid=2627004 pidfd=5] Activated service 'org.freedesktop.systemd1' failed: Process org.freedesktop.systemd1 exited with status 1
{"trial": "shake00-P2-toggle-warm", "outcome": "verified", "oracle_exact_match": true, "completion_mutations": 1, "routes": ["provider", "provider"], "loadavg_before": "12.18 7.09 3.58 4/2191 2629751"}
dbus-daemon[2627004]: [session uid=1000 pid=2627004 pidfd=5] Activating service name='org.freedesktop.systemd1' requested by ':1.4' (uid=1000 pid=2627098 comm="/usr/bin/dbus-broker-launch --config-file=/usr/sha")
dbus-daemon[2627004]: [session uid=1000 pid=2627004 pidfd=5] Activated service 'org.freedesktop.systemd1' failed: Process org.freedesktop.systemd1 exited with status 1
[2m2026-10-03T02:45:46.619752Z[0m [33m WARN[0m [2mcua_driver_sdk::runtime[0m[2m:[0m could not activate the persistent AT-SPI listener: AT-SPI connect failed: ZBus Error: MethodError(OwnedErrorName("org.freedesktop.DBus.Error.NameHasNoOwner"), Some("Could not activate remote peer 'org.a11y.atspi.Registry': unit failed"), Msg { type: Error, serial: 4294967295, sender: UniqueName("org.freedesktop.DBus"), reply-serial: 9, body: Str, fds: [] })
[2m2026-10-03T02:45:46.629493Z[0m [33m WARN[0m [2mplatform_linux::overlay[0m[2m:[0m X11 overlay: root reads cannot see this window's own pixels; save-unders will be served without readback confirmation
dbus-daemon[2627004]: [session uid=1000 pid=2627004 pidfd=5] Activating service name='org.freedesktop.systemd1' requested by ':1.4' (uid=1000 pid=2627098 comm="/usr/bin/dbus-broker-launch --config-file=/usr/sha")
dbus-daemon[2627004]: [session uid=1000 pid=2627004 pidfd=5] Activated service 'org.freedesktop.systemd1' failed: Process org.freedesktop.systemd1 exited with status 1
dbus-daemon[2627004]: [session uid=1000 pid=2627004 pidfd=5] Activating service name='org.freedesktop.systemd1' requested by ':1.4' (uid=1000 pid=2627098 comm="/usr/bin/dbus-broker-launch --config-file=/usr/sha")
dbus-daemon[2627004]: [session uid=1000 pid=2627004 pidfd=5] Activated service 'org.freedesktop.systemd1' failed: Process org.freedesktop.systemd1 exited with status 1
{"trial": "shake00-P2-modal-cold", "outcome": "verified", "oracle_exact_match": true, "completion_mutations": 1, "routes": ["provider", "provider"], "loadavg_before": "11.37 7.00 3.57 3/2176 2630049"}
dbus-daemon[2627004]: [session uid=1000 pid=2627004 pidfd=5] Activating service name='org.freedesktop.systemd1' requested by ':1.4' (uid=1000 pid=2627098 comm="/usr/bin/dbus-broker-launch --config-file=/usr/sha")
dbus-daemon[2627004]: [session uid=1000 pid=2627004 pidfd=5] Activated service 'org.freedesktop.systemd1' failed: Process org.freedesktop.systemd1 exited with status 1
[2m2026-10-03T02:45:47.796346Z[0m [33m WARN[0m [2mcua_driver_sdk::runtime[0m[2m:[0m could not activate the persistent AT-SPI listener: AT-SPI connect failed: ZBus Error: MethodError(OwnedErrorName("org.freedesktop.DBus.Error.NameHasNoOwner"), Some("Could not activate remote peer 'org.a11y.atspi.Registry': unit failed"), Msg { type: Error, serial: 4294967295, sender: UniqueName("org.freedesktop.DBus"), reply-serial: 9, body: Str, fds: [] })
[2m2026-10-03T02:45:47.812631Z[0m [33m WARN[0m [2mplatform_linux::overlay[0m[2m:[0m X11 overlay: root reads cannot see this window's own pixels; save-unders will be served without readback confirmation
dbus-daemon[2627004]: [session uid=1000 pid=2627004 pidfd=5] Activating service name='org.freedesktop.systemd1' requested by ':1.4' (uid=1000 pid=2627098 comm="/usr/bin/dbus-broker-launch --config-file=/usr/sha")
dbus-daemon[2627004]: [session uid=1000 pid=2627004 pidfd=5] Activated service 'org.freedesktop.systemd1' failed: Process org.freedesktop.systemd1 exited with status 1
dbus-daemon[2627004]: [session uid=1000 pid=2627004 pidfd=5] Activating service name='org.freedesktop.systemd1' requested by ':1.4' (uid=1000 pid=2627098 comm="/usr/bin/dbus-broker-launch --config-file=/usr/sha")
dbus-daemon[2627004]: [session uid=1000 pid=2627004 pidfd=5] Activated service 'org.freedesktop.systemd1' failed: Process org.freedesktop.systemd1 exited with status 1
{"trial": "shake00-P2-modal-warm", "outcome": "verified", "oracle_exact_match": true, "completion_mutations": 1, "routes": ["provider", "provider"], "loadavg_before": "11.37 7.00 3.57 16/2170 2630348"}
dbus-daemon[2627004]: [session uid=1000 pid=2627004 pidfd=5] Activating service name='org.freedesktop.systemd1' requested by ':1.4' (uid=1000 pid=2627098 comm="/usr/bin/dbus-broker-launch --config-file=/usr/sha")
dbus-daemon[2627004]: [session uid=1000 pid=2627004 pidfd=5] Activated service 'org.freedesktop.systemd1' failed: Process org.freedesktop.systemd1 exited with status 1
[2m2026-10-03T02:45:49.787516Z[0m [33m WARN[0m [2mcua_driver_sdk::runtime[0m[2m:[0m could not activate the persistent AT-SPI listener: AT-SPI connect failed: ZBus Error: MethodError(OwnedErrorName("org.freedesktop.DBus.Error.NameHasNoOwner"), Some("Could not activate remote peer 'org.a11y.atspi.Registry': unit failed"), Msg { type: Error, serial: 4294967295, sender: UniqueName("org.freedesktop.DBus"), reply-serial: 9, body: Str, fds: [] })
[2m2026-10-03T02:45:49.806800Z[0m [33m WARN[0m [2mplatform_linux::overlay[0m[2m:[0m X11 overlay: root reads cannot see this window's own pixels; save-unders will be served without readback confirmation
dbus-daemon[2627004]: [session uid=1000 pid=2627004 pidfd=5] Activating service name='org.freedesktop.systemd1' requested by ':1.4' (uid=1000 pid=2627098 comm="/usr/bin/dbus-broker-launch --config-file=/usr/sha")
dbus-daemon[2627004]: [session uid=1000 pid=2627004 pidfd=5] Activated service 'org.freedesktop.systemd1' failed: Process org.freedesktop.systemd1 exited with status 1
dbus-daemon[2627004]: [session uid=1000 pid=2627004 pidfd=5] Activating service name='org.freedesktop.systemd1' requested by ':1.4' (uid=1000 pid=2627098 comm="/usr/bin/dbus-broker-launch --config-file=/usr/sha")
dbus-daemon[2627004]: [session uid=1000 pid=2627004 pidfd=5] Activated service 'org.freedesktop.systemd1' failed: Process org.freedesktop.systemd1 exited with status 1
{"trial": "shake00-P3-toggle-newdoc", "outcome": "verified", "oracle_exact_match": true, "completion_mutations": 1, "routes": ["provider", "provider"], "loadavg_before": "11.37 7.00 3.57 10/2146 2630666"}
dbus-daemon[2627004]: [session uid=1000 pid=2627004 pidfd=5] Activating service name='org.freedesktop.systemd1' requested by ':1.4' (uid=1000 pid=2627098 comm="/usr/bin/dbus-broker-launch --config-file=/usr/sha")
dbus-daemon[2627004]: [session uid=1000 pid=2627004 pidfd=5] Activated service 'org.freedesktop.systemd1' failed: Process org.freedesktop.systemd1 exited with status 1
[2m2026-10-03T02:45:51.351820Z[0m [33m WARN[0m [2mcua_driver_sdk::runtime[0m[2m:[0m could not activate the persistent AT-SPI listener: AT-SPI connect failed: ZBus Error: MethodError(OwnedErrorName("org.freedesktop.DBus.Error.NameHasNoOwner"), Some("Could not activate remote peer 'org.a11y.atspi.Registry': unit failed"), Msg { type: Error, serial: 4294967295, sender: UniqueName("org.freedesktop.DBus"), reply-serial: 9, body: Str, fds: [] })
[2m2026-10-03T02:45:51.366734Z[0m [33m WARN[0m [2mplatform_linux::overlay[0m[2m:[0m X11 overlay: root reads cannot see this window's own pixels; save-unders will be served without readback confirmation
dbus-daemon[2627004]: [session uid=1000 pid=2627004 pidfd=5] Activating service name='org.freedesktop.systemd1' requested by ':1.4' (uid=1000 pid=2627098 comm="/usr/bin/dbus-broker-launch --config-file=/usr/sha")
dbus-daemon[2627004]: [session uid=1000 pid=2627004 pidfd=5] Activated service 'org.freedesktop.systemd1' failed: Process org.freedesktop.systemd1 exited with status 1
dbus-daemon[2627004]: [session uid=1000 pid=2627004 pidfd=5] Activating service name='org.freedesktop.systemd1' requested by ':1.4' (uid=1000 pid=2627098 comm="/usr/bin/dbus-broker-launch --config-file=/usr/sha")
dbus-daemon[2627004]: [session uid=1000 pid=2627004 pidfd=5] Activated service 'org.freedesktop.systemd1' failed: Process org.freedesktop.systemd1 exited with status 1
{"trial": "shake00-P3-toggle-samedoc", "outcome": "verified", "oracle_exact_match": true, "completion_mutations": 1, "routes": ["provider", "provider"], "loadavg_before": "11.18 7.04 3.60 8/2121 2630943"}
dbus-daemon[2627004]: [session uid=1000 pid=2627004 pidfd=5] Activating service name='org.freedesktop.systemd1' requested by ':1.4' (uid=1000 pid=2627098 comm="/usr/bin/dbus-broker-launch --config-file=/usr/sha")
dbus-daemon[2627004]: [session uid=1000 pid=2627004 pidfd=5] Activated service 'org.freedesktop.systemd1' failed: Process org.freedesktop.systemd1 exited with status 1
[2m2026-10-03T02:45:53.108435Z[0m [33m WARN[0m [2mcua_driver_sdk::runtime[0m[2m:[0m could not activate the persistent AT-SPI listener: AT-SPI connect failed: ZBus Error: MethodError(OwnedErrorName("org.freedesktop.DBus.Error.NameHasNoOwner"), Some("Could not activate remote peer 'org.a11y.atspi.Registry': unit failed"), Msg { type: Error, serial: 4294967295, sender: UniqueName("org.freedesktop.DBus"), reply-serial: 9, body: Str, fds: [] })
[2m2026-10-03T02:45:53.126309Z[0m [33m WARN[0m [2mplatform_linux::overlay[0m[2m:[0m X11 overlay: root reads cannot see this window's own pixels; save-unders will be served without readback confirmation
dbus-daemon[2627004]: [session uid=1000 pid=2627004 pidfd=5] Activating service name='org.freedesktop.systemd1' requested by ':1.4' (uid=1000 pid=2627098 comm="/usr/bin/dbus-broker-launch --config-file=/usr/sha")
dbus-daemon[2627004]: [session uid=1000 pid=2627004 pidfd=5] Activated service 'org.freedesktop.systemd1' failed: Process org.freedesktop.systemd1 exited with status 1
dbus-daemon[2627004]: [session uid=1000 pid=2627004 pidfd=5] Activating service name='org.freedesktop.systemd1' requested by ':1.4' (uid=1000 pid=2627098 comm="/usr/bin/dbus-broker-launch --config-file=/usr/sha")
dbus-daemon[2627004]: [session uid=1000 pid=2627004 pidfd=5] Activated service 'org.freedesktop.systemd1' failed: Process org.freedesktop.systemd1 exited with status 1
{"trial": "shake00-P3-fill-newdoc", "outcome": "verified", "oracle_exact_match": true, "completion_mutations": 1, "routes": ["compiled"], "loadavg_before": "11.18 7.04 3.60 11/2118 2631239"}
dbus-daemon[2627004]: [session uid=1000 pid=2627004 pidfd=5] Activating service name='org.freedesktop.systemd1' requested by ':1.4' (uid=1000 pid=2627098 comm="/usr/bin/dbus-broker-launch --config-file=/usr/sha")
dbus-daemon[2627004]: [session uid=1000 pid=2627004 pidfd=5] Activated service 'org.freedesktop.systemd1' failed: Process org.freedesktop.systemd1 exited with status 1
[2m2026-10-03T02:45:55.105816Z[0m [33m WARN[0m [2mcua_driver_sdk::runtime[0m[2m:[0m could not activate the persistent AT-SPI listener: AT-SPI connect failed: ZBus Error: MethodError(OwnedErrorName("org.freedesktop.DBus.Error.NameHasNoOwner"), Some("Could not activate remote peer 'org.a11y.atspi.Registry': unit failed"), Msg { type: Error, serial: 4294967295, sender: UniqueName("org.freedesktop.DBus"), reply-serial: 9, body: Str, fds: [] })
[2m2026-10-03T02:45:55.122685Z[0m [33m WARN[0m [2mplatform_linux::overlay[0m[2m:[0m X11 overlay: root reads cannot see this window's own pixels; save-unders will be served without readback confirmation
dbus-daemon[2627004]: [session uid=1000 pid=2627004 pidfd=5] Activating service name='org.freedesktop.systemd1' requested by ':1.4' (uid=1000 pid=2627098 comm="/usr/bin/dbus-broker-launch --config-file=/usr/sha")
dbus-daemon[2627004]: [session uid=1000 pid=2627004 pidfd=5] Activated service 'org.freedesktop.systemd1' failed: Process org.freedesktop.systemd1 exited with status 1
dbus-daemon[2627004]: [session uid=1000 pid=2627004 pidfd=5] Activating service name='org.freedesktop.systemd1' requested by ':1.4' (uid=1000 pid=2627098 comm="/usr/bin/dbus-broker-launch --config-file=/usr/sha")
dbus-daemon[2627004]: [session uid=1000 pid=2627004 pidfd=5] Activated service 'org.freedesktop.systemd1' failed: Process org.freedesktop.systemd1 exited with status 1
{"trial": "shake00-P3-fill-samedoc", "outcome": "verified", "oracle_exact_match": true, "completion_mutations": 1, "routes": ["compiled"], "loadavg_before": "11.18 7.04 3.60 10/2117 2631596"}
dbus-daemon[2627004]: [session uid=1000 pid=2627004 pidfd=5] Activating service name='org.freedesktop.systemd1' requested by ':1.4' (uid=1000 pid=2627098 comm="/usr/bin/dbus-broker-launch --config-file=/usr/sha")
dbus-daemon[2627004]: [session uid=1000 pid=2627004 pidfd=5] Activated service 'org.freedesktop.systemd1' failed: Process org.freedesktop.systemd1 exited with status 1
[2m2026-10-03T02:45:57.109083Z[0m [33m WARN[0m [2mcua_driver_sdk::runtime[0m[2m:[0m could not activate the persistent AT-SPI listener: AT-SPI connect failed: ZBus Error: MethodError(OwnedErrorName("org.freedesktop.DBus.Error.NameHasNoOwner"), Some("Could not activate remote peer 'org.a11y.atspi.Registry': unit failed"), Msg { type: Error, serial: 4294967295, sender: UniqueName("org.freedesktop.DBus"), reply-serial: 9, body: Str, fds: [] })
[2m2026-10-03T02:45:57.127128Z[0m [33m WARN[0m [2mplatform_linux::overlay[0m[2m:[0m X11 overlay: root reads cannot see this window's own pixels; save-unders will be served without readback confirmation
dbus-daemon[2627004]: [session uid=1000 pid=2627004 pidfd=5] Activating service name='org.freedesktop.systemd1' requested by ':1.4' (uid=1000 pid=2627098 comm="/usr/bin/dbus-broker-launch --config-file=/usr/sha")
dbus-daemon[2627004]: [session uid=1000 pid=2627004 pidfd=5] Activated service 'org.freedesktop.systemd1' failed: Process org.freedesktop.systemd1 exited with status 1
dbus-daemon[2627004]: [session uid=1000 pid=2627004 pidfd=5] Activating service name='org.freedesktop.systemd1' requested by ':1.4' (uid=1000 pid=2627098 comm="/usr/bin/dbus-broker-launch --config-file=/usr/sha")
dbus-daemon[2627004]: [session uid=1000 pid=2627004 pidfd=5] Activated service 'org.freedesktop.systemd1' failed: Process org.freedesktop.systemd1 exited with status 1
{"trial": "shake00-P4-fill-W0", "outcome": "verified", "oracle_exact_match": true, "completion_mutations": 1, "routes": ["compiled"], "loadavg_before": "11.24 7.12 3.64 9/2120 2631899"}
dbus-daemon[2627004]: [session uid=1000 pid=2627004 pidfd=5] Activating service name='org.freedesktop.systemd1' requested by ':1.4' (uid=1000 pid=2627098 comm="/usr/bin/dbus-broker-launch --config-file=/usr/sha")
dbus-daemon[2627004]: [session uid=1000 pid=2627004 pidfd=5] Activated service 'org.freedesktop.systemd1' failed: Process org.freedesktop.systemd1 exited with status 1
[2m2026-10-03T02:45:58.606893Z[0m [33m WARN[0m [2mcua_driver_sdk::runtime[0m[2m:[0m could not activate the persistent AT-SPI listener: AT-SPI connect failed: ZBus Error: MethodError(OwnedErrorName("org.freedesktop.DBus.Error.NameHasNoOwner"), Some("Could not activate remote peer 'org.a11y.atspi.Registry': unit failed"), Msg { type: Error, serial: 4294967295, sender: UniqueName("org.freedesktop.DBus"), reply-serial: 9, body: Str, fds: [] })
[2m2026-10-03T02:45:58.616804Z[0m [33m WARN[0m [2mplatform_linux::overlay[0m[2m:[0m X11 overlay: root reads cannot see this window's own pixels; save-unders will be served without readback confirmation
dbus-daemon[2627004]: [session uid=1000 pid=2627004 pidfd=5] Activating service name='org.freedesktop.systemd1' requested by ':1.4' (uid=1000 pid=2627098 comm="/usr/bin/dbus-broker-launch --config-file=/usr/sha")
dbus-daemon[2627004]: [session uid=1000 pid=2627004 pidfd=5] Activated service 'org.freedesktop.systemd1' failed: Process org.freedesktop.systemd1 exited with status 1
dbus-daemon[2627004]: [session uid=1000 pid=2627004 pidfd=5] Activating service name='org.freedesktop.systemd1' requested by ':1.4' (uid=1000 pid=2627098 comm="/usr/bin/dbus-broker-launch --config-file=/usr/sha")
dbus-daemon[2627004]: [session uid=1000 pid=2627004 pidfd=5] Activated service 'org.freedesktop.systemd1' failed: Process org.freedesktop.systemd1 exited with status 1
{"trial": "shake00-P4-fill-W80", "outcome": "verified", "oracle_exact_match": true, "completion_mutations": 1, "routes": ["compiled"], "loadavg_before": "11.24 7.12 3.64 3/2114 2632193"}
dbus-daemon[2627004]: [session uid=1000 pid=2627004 pidfd=5] Activating service name='org.freedesktop.systemd1' requested by ':1.4' (uid=1000 pid=2627098 comm="/usr/bin/dbus-broker-launch --config-file=/usr/sha")
dbus-daemon[2627004]: [session uid=1000 pid=2627004 pidfd=5] Activated service 'org.freedesktop.systemd1' failed: Process org.freedesktop.systemd1 exited with status 1
[2m2026-10-03T02:46:00.106723Z[0m [33m WARN[0m [2mcua_driver_sdk::runtime[0m[2m:[0m could not activate the persistent AT-SPI listener: AT-SPI connect failed: ZBus Error: MethodError(OwnedErrorName("org.freedesktop.DBus.Error.NameHasNoOwner"), Some("Could not activate remote peer 'org.a11y.atspi.Registry': unit failed"), Msg { type: Error, serial: 4294967295, sender: UniqueName("org.freedesktop.DBus"), reply-serial: 9, body: Str, fds: [] })
[2m2026-10-03T02:46:00.115056Z[0m [33m WARN[0m [2mplatform_linux::overlay[0m[2m:[0m X11 overlay: root reads cannot see this window's own pixels; save-unders will be served without readback confirmation
dbus-daemon[2627004]: [session uid=1000 pid=2627004 pidfd=5] Activating service name='org.freedesktop.systemd1' requested by ':1.4' (uid=1000 pid=2627098 comm="/usr/bin/dbus-broker-launch --config-file=/usr/sha")
dbus-daemon[2627004]: [session uid=1000 pid=2627004 pidfd=5] Activated service 'org.freedesktop.systemd1' failed: Process org.freedesktop.systemd1 exited with status 1
dbus-daemon[2627004]: [session uid=1000 pid=2627004 pidfd=5] Activating service name='org.freedesktop.systemd1' requested by ':1.4' (uid=1000 pid=2627098 comm="/usr/bin/dbus-broker-launch --config-file=/usr/sha")
dbus-daemon[2627004]: [session uid=1000 pid=2627004 pidfd=5] Activated service 'org.freedesktop.systemd1' failed: Process org.freedesktop.systemd1 exited with status 1
{"trial": "shake00-P4-fill-PREWARM", "outcome": "verified", "oracle_exact_match": true, "completion_mutations": 1, "routes": ["compiled"], "loadavg_before": "11.24 7.12 3.64 2/2115 2632465"}
dbus-daemon[2627004]: [session uid=1000 pid=2627004 pidfd=5] Activating service name='org.freedesktop.systemd1' requested by ':1.4' (uid=1000 pid=2627098 comm="/usr/bin/dbus-broker-launch --config-file=/usr/sha")
dbus-daemon[2627004]: [session uid=1000 pid=2627004 pidfd=5] Activated service 'org.freedesktop.systemd1' failed: Process org.freedesktop.systemd1 exited with status 1
[2m2026-10-03T02:46:01.610803Z[0m [33m WARN[0m [2mcua_driver_sdk::runtime[0m[2m:[0m could not activate the persistent AT-SPI listener: AT-SPI connect failed: ZBus Error: MethodError(OwnedErrorName("org.freedesktop.DBus.Error.NameHasNoOwner"), Some("Could not activate remote peer 'org.a11y.atspi.Registry': unit failed"), Msg { type: Error, serial: 4294967295, sender: UniqueName("org.freedesktop.DBus"), reply-serial: 9, body: Str, fds: [] })
[2m2026-10-03T02:46:01.618498Z[0m [33m WARN[0m [2mplatform_linux::overlay[0m[2m:[0m X11 overlay: root reads cannot see this window's own pixels; save-unders will be served without readback confirmation
dbus-daemon[2627004]: [session uid=1000 pid=2627004 pidfd=5] Activating service name='org.freedesktop.systemd1' requested by ':1.4' (uid=1000 pid=2627098 comm="/usr/bin/dbus-broker-launch --config-file=/usr/sha")
dbus-daemon[2627004]: [session uid=1000 pid=2627004 pidfd=5] Activated service 'org.freedesktop.systemd1' failed: Process org.freedesktop.systemd1 exited with status 1
dbus-daemon[2627004]: [session uid=1000 pid=2627004 pidfd=5] Activating service name='org.freedesktop.systemd1' requested by ':1.4' (uid=1000 pid=2627098 comm="/usr/bin/dbus-broker-launch --config-file=/usr/sha")
dbus-daemon[2627004]: [session uid=1000 pid=2627004 pidfd=5] Activated service 'org.freedesktop.systemd1' failed: Process org.freedesktop.systemd1 exited with status 1
{"trial": "shake00-P4-toggle-PREWARM", "outcome": "verified", "oracle_exact_match": true, "completion_mutations": 1, "routes": ["provider", "provider"], "loadavg_before": "10.58 7.05 3.64 2/2114 2632754"}
dbus-daemon[2627004]: [session uid=1000 pid=2627004 pidfd=5] Activating service name='org.freedesktop.systemd1' requested by ':1.4' (uid=1000 pid=2627098 comm="/usr/bin/dbus-broker-launch --config-file=/usr/sha")
dbus-daemon[2627004]: [session uid=1000 pid=2627004 pidfd=5] Activated service 'org.freedesktop.systemd1' failed: Process org.freedesktop.systemd1 exited with status 1
[2m2026-10-03T02:46:03.285578Z[0m [33m WARN[0m [2mcua_driver_sdk::runtime[0m[2m:[0m could not activate the persistent AT-SPI listener: AT-SPI connect failed: ZBus Error: MethodError(OwnedErrorName("org.freedesktop.DBus.Error.NameHasNoOwner"), Some("Could not activate remote peer 'org.a11y.atspi.Registry': unit failed"), Msg { type: Error, serial: 4294967295, sender: UniqueName("org.freedesktop.DBus"), reply-serial: 9, body: Str, fds: [] })
[2m2026-10-03T02:46:03.295974Z[0m [33m WARN[0m [2mplatform_linux::overlay[0m[2m:[0m X11 overlay: root reads cannot see this window's own pixels; save-unders will be served without readback confirmation
dbus-daemon[2627004]: [session uid=1000 pid=2627004 pidfd=5] Activating service name='org.freedesktop.systemd1' requested by ':1.4' (uid=1000 pid=2627098 comm="/usr/bin/dbus-broker-launch --config-file=/usr/sha")
dbus-daemon[2627004]: [session uid=1000 pid=2627004 pidfd=5] Activated service 'org.freedesktop.systemd1' failed: Process org.freedesktop.systemd1 exited with status 1
dbus-daemon[2627004]: [session uid=1000 pid=2627004 pidfd=5] Activating service name='org.freedesktop.systemd1' requested by ':1.4' (uid=1000 pid=2627098 comm="/usr/bin/dbus-broker-launch --config-file=/usr/sha")
dbus-daemon[2627004]: [session uid=1000 pid=2627004 pidfd=5] Activated service 'org.freedesktop.systemd1' failed: Process org.freedesktop.systemd1 exited with status 1
{"trial": "shake00-P4-toggle-W80", "outcome": "verified", "oracle_exact_match": true, "completion_mutations": 1, "routes": ["provider", "provider"], "loadavg_before": "10.58 7.05 3.64 3/2133 2633055"}
dbus-daemon[2627004]: [session uid=1000 pid=2627004 pidfd=5] Activating service name='org.freedesktop.systemd1' requested by ':1.4' (uid=1000 pid=2627098 comm="/usr/bin/dbus-broker-launch --config-file=/usr/sha")
dbus-daemon[2627004]: [session uid=1000 pid=2627004 pidfd=5] Activated service 'org.freedesktop.systemd1' failed: Process org.freedesktop.systemd1 exited with status 1
[2m2026-10-03T02:46:05.027648Z[0m [33m WARN[0m [2mcua_driver_sdk::runtime[0m[2m:[0m could not activate the persistent AT-SPI listener: AT-SPI connect failed: ZBus Error: MethodError(OwnedErrorName("org.freedesktop.DBus.Error.NameHasNoOwner"), Some("Could not activate remote peer 'org.a11y.atspi.Registry': unit failed"), Msg { type: Error, serial: 4294967295, sender: UniqueName("org.freedesktop.DBus"), reply-serial: 9, body: Str, fds: [] })
[2m2026-10-03T02:46:05.036982Z[0m [33m WARN[0m [2mplatform_linux::overlay[0m[2m:[0m X11 overlay: root reads cannot see this window's own pixels; save-unders will be served without readback confirmation
dbus-daemon[2627004]: [session uid=1000 pid=2627004 pidfd=5] Activating service name='org.freedesktop.systemd1' requested by ':1.4' (uid=1000 pid=2627098 comm="/usr/bin/dbus-broker-launch --config-file=/usr/sha")
dbus-daemon[2627004]: [session uid=1000 pid=2627004 pidfd=5] Activated service 'org.freedesktop.systemd1' failed: Process org.freedesktop.systemd1 exited with status 1
dbus-daemon[2627004]: [session uid=1000 pid=2627004 pidfd=5] Activating service name='org.freedesktop.systemd1' requested by ':1.4' (uid=1000 pid=2627098 comm="/usr/bin/dbus-broker-launch --config-file=/usr/sha")
dbus-daemon[2627004]: [session uid=1000 pid=2627004 pidfd=5] Activated service 'org.freedesktop.systemd1' failed: Process org.freedesktop.systemd1 exited with status 1
{"trial": "shake00-P4-toggle-W0", "outcome": "verified", "oracle_exact_match": true, "completion_mutations": 1, "routes": ["provider", "provider"], "loadavg_before": "10.58 7.05 3.64 2/2116 2633467"}
dbus-daemon[2627004]: [session uid=1000 pid=2627004 pidfd=5] Activating service name='org.freedesktop.systemd1' requested by ':1.4' (uid=1000 pid=2627098 comm="/usr/bin/dbus-broker-launch --config-file=/usr/sha")
dbus-daemon[2627004]: [session uid=1000 pid=2627004 pidfd=5] Activated service 'org.freedesktop.systemd1' failed: Process org.freedesktop.systemd1 exited with status 1
[2m2026-10-03T02:46:06.715697Z[0m [33m WARN[0m [2mcua_driver_sdk::runtime[0m[2m:[0m could not activate the persistent AT-SPI listener: AT-SPI connect failed: ZBus Error: MethodError(OwnedErrorName("org.freedesktop.DBus.Error.NameHasNoOwner"), Some("Could not activate remote peer 'org.a11y.atspi.Registry': unit failed"), Msg { type: Error, serial: 4294967295, sender: UniqueName("org.freedesktop.DBus"), reply-serial: 9, body: Str, fds: [] })
[2m2026-10-03T02:46:06.723349Z[0m [33m WARN[0m [2mplatform_linux::overlay[0m[2m:[0m X11 overlay: root reads cannot see this window's own pixels; save-unders will be served without readback confirmation
dbus-daemon[2627004]: [session uid=1000 pid=2627004 pidfd=5] Activating service name='org.freedesktop.systemd1' requested by ':1.4' (uid=1000 pid=2627098 comm="/usr/bin/dbus-broker-launch --config-file=/usr/sha")
dbus-daemon[2627004]: [session uid=1000 pid=2627004 pidfd=5] Activated service 'org.freedesktop.systemd1' failed: Process org.freedesktop.systemd1 exited with status 1
dbus-daemon[2627004]: [session uid=1000 pid=2627004 pidfd=5] Activating service name='org.freedesktop.systemd1' requested by ':1.4' (uid=1000 pid=2627098 comm="/usr/bin/dbus-broker-launch --config-file=/usr/sha")
dbus-daemon[2627004]: [session uid=1000 pid=2627004 pidfd=5] Activated service 'org.freedesktop.systemd1' failed: Process org.freedesktop.systemd1 exited with status 1
{"trial": "shake00-POS-toggle-inject20", "outcome": "verified", "oracle_exact_match": true, "completion_mutations": 1, "routes": ["provider", "provider"], "loadavg_before": "9.82 6.95 3.62 2/2102 2633798"}
dbus-daemon[2627004]: [session uid=1000 pid=2627004 pidfd=5] Activating service name='org.freedesktop.systemd1' requested by ':1.4' (uid=1000 pid=2627098 comm="/usr/bin/dbus-broker-launch --config-file=/usr/sha")
dbus-daemon[2627004]: [session uid=1000 pid=2627004 pidfd=5] Activated service 'org.freedesktop.systemd1' failed: Process org.freedesktop.systemd1 exited with status 1
[2m2026-10-03T02:46:07.837212Z[0m [33m WARN[0m [2mcua_driver_sdk::runtime[0m[2m:[0m could not activate the persistent AT-SPI listener: AT-SPI connect failed: ZBus Error: MethodError(OwnedErrorName("org.freedesktop.DBus.Error.NameHasNoOwner"), Some("Could not activate remote peer 'org.a11y.atspi.Registry': unit failed"), Msg { type: Error, serial: 4294967295, sender: UniqueName("org.freedesktop.DBus"), reply-serial: 9, body: Str, fds: [] })
[2m2026-10-03T02:46:07.845594Z[0m [33m WARN[0m [2mplatform_linux::overlay[0m[2m:[0m X11 overlay: root reads cannot see this window's own pixels; save-unders will be served without readback confirmation
dbus-daemon[2627004]: [session uid=1000 pid=2627004 pidfd=5] Activating service name='org.freedesktop.systemd1' requested by ':1.4' (uid=1000 pid=2627098 comm="/usr/bin/dbus-broker-launch --config-file=/usr/sha")
dbus-daemon[2627004]: [session uid=1000 pid=2627004 pidfd=5] Activated service 'org.freedesktop.systemd1' failed: Process org.freedesktop.systemd1 exited with status 1
dbus-daemon[2627004]: [session uid=1000 pid=2627004 pidfd=5] Activating service name='org.freedesktop.systemd1' requested by ':1.4' (uid=1000 pid=2627098 comm="/usr/bin/dbus-broker-launch --config-file=/usr/sha")
dbus-daemon[2627004]: [session uid=1000 pid=2627004 pidfd=5] Activated service 'org.freedesktop.systemd1' failed: Process org.freedesktop.systemd1 exited with status 1
{"trial": "shake00-POS-toggle-inject0", "outcome": "verified", "oracle_exact_match": true, "completion_mutations": 1, "routes": ["provider", "provider"], "loadavg_before": "9.82 6.95 3.62 7/2118 2634137"}
dbus-daemon[2627004]: [session uid=1000 pid=2627004 pidfd=5] Activating service name='org.freedesktop.systemd1' requested by ':1.4' (uid=1000 pid=2627098 comm="/usr/bin/dbus-broker-launch --config-file=/usr/sha")
dbus-daemon[2627004]: [session uid=1000 pid=2627004 pidfd=5] Activated service 'org.freedesktop.systemd1' failed: Process org.freedesktop.systemd1 exited with status 1
[2m2026-10-03T02:46:08.966539Z[0m [33m WARN[0m [2mcua_driver_sdk::runtime[0m[2m:[0m could not activate the persistent AT-SPI listener: AT-SPI connect failed: ZBus Error: MethodError(OwnedErrorName("org.freedesktop.DBus.Error.NameHasNoOwner"), Some("Could not activate remote peer 'org.a11y.atspi.Registry': unit failed"), Msg { type: Error, serial: 4294967295, sender: UniqueName("org.freedesktop.DBus"), reply-serial: 9, body: Str, fds: [] })
[2m2026-10-03T02:46:08.974781Z[0m [33m WARN[0m [2mplatform_linux::overlay[0m[2m:[0m X11 overlay: root reads cannot see this window's own pixels; save-unders will be served without readback confirmation
dbus-daemon[2627004]: [session uid=1000 pid=2627004 pidfd=5] Activating service name='org.freedesktop.systemd1' requested by ':1.4' (uid=1000 pid=2627098 comm="/usr/bin/dbus-broker-launch --config-file=/usr/sha")
dbus-daemon[2627004]: [session uid=1000 pid=2627004 pidfd=5] Activated service 'org.freedesktop.systemd1' failed: Process org.freedesktop.systemd1 exited with status 1
dbus-daemon[2627004]: [session uid=1000 pid=2627004 pidfd=5] Activating service name='org.freedesktop.systemd1' requested by ':1.4' (uid=1000 pid=2627098 comm="/usr/bin/dbus-broker-launch --config-file=/usr/sha")
dbus-daemon[2627004]: [session uid=1000 pid=2627004 pidfd=5] Activated service 'org.freedesktop.systemd1' failed: Process org.freedesktop.systemd1 exited with status 1
{"trial": "shake00-POS-fill-inject20", "outcome": "verified", "oracle_exact_match": true, "completion_mutations": 1, "routes": ["compiled"], "loadavg_before": "9.82 6.95 3.62 2/2116 2634396"}
dbus-daemon[2627004]: [session uid=1000 pid=2627004 pidfd=5] Activating service name='org.freedesktop.systemd1' requested by ':1.4' (uid=1000 pid=2627098 comm="/usr/bin/dbus-broker-launch --config-file=/usr/sha")
dbus-daemon[2627004]: [session uid=1000 pid=2627004 pidfd=5] Activated service 'org.freedesktop.systemd1' failed: Process org.freedesktop.systemd1 exited with status 1
[2m2026-10-03T02:46:10.468168Z[0m [33m WARN[0m [2mcua_driver_sdk::runtime[0m[2m:[0m could not activate the persistent AT-SPI listener: AT-SPI connect failed: ZBus Error: MethodError(OwnedErrorName("org.freedesktop.DBus.Error.NameHasNoOwner"), Some("Could not activate remote peer 'org.a11y.atspi.Registry': unit failed"), Msg { type: Error, serial: 4294967295, sender: UniqueName("org.freedesktop.DBus"), reply-serial: 9, body: Str, fds: [] })
[2m2026-10-03T02:46:10.477333Z[0m [33m WARN[0m [2mplatform_linux::overlay[0m[2m:[0m X11 overlay: root reads cannot see this window's own pixels; save-unders will be served without readback confirmation
dbus-daemon[2627004]: [session uid=1000 pid=2627004 pidfd=5] Activating service name='org.freedesktop.systemd1' requested by ':1.4' (uid=1000 pid=2627098 comm="/usr/bin/dbus-broker-launch --config-file=/usr/sha")
dbus-daemon[2627004]: [session uid=1000 pid=2627004 pidfd=5] Activated service 'org.freedesktop.systemd1' failed: Process org.freedesktop.systemd1 exited with status 1
dbus-daemon[2627004]: [session uid=1000 pid=2627004 pidfd=5] Activating service name='org.freedesktop.systemd1' requested by ':1.4' (uid=1000 pid=2627098 comm="/usr/bin/dbus-broker-launch --config-file=/usr/sha")
dbus-daemon[2627004]: [session uid=1000 pid=2627004 pidfd=5] Activated service 'org.freedesktop.systemd1' failed: Process org.freedesktop.systemd1 exited with status 1
{"trial": "shake00-POS-fill-inject0", "outcome": "verified", "oracle_exact_match": true, "completion_mutations": 1, "routes": ["compiled"], "loadavg_before": "9.82 6.95 3.62 3/2157 2634717"}
dbus-daemon[2627004]: [session uid=1000 pid=2627004 pidfd=5] Activating service name='org.freedesktop.systemd1' requested by ':1.4' (uid=1000 pid=2627098 comm="/usr/bin/dbus-broker-launch --config-file=/usr/sha")
dbus-daemon[2627004]: [session uid=1000 pid=2627004 pidfd=5] Activated service 'org.freedesktop.systemd1' failed: Process org.freedesktop.systemd1 exited with status 1
[2m2026-10-03T02:46:11.973201Z[0m [33m WARN[0m [2mcua_driver_sdk::runtime[0m[2m:[0m could not activate the persistent AT-SPI listener: AT-SPI connect failed: ZBus Error: MethodError(OwnedErrorName("org.freedesktop.DBus.Error.NameHasNoOwner"), Some("Could not activate remote peer 'org.a11y.atspi.Registry': unit failed"), Msg { type: Error, serial: 4294967295, sender: UniqueName("org.freedesktop.DBus"), reply-serial: 9, body: Str, fds: [] })
[2m2026-10-03T02:46:11.990741Z[0m [33m WARN[0m [2mplatform_linux::overlay[0m[2m:[0m X11 overlay: root reads cannot see this window's own pixels; save-unders will be served without readback confirmation
dbus-daemon[2627004]: [session uid=1000 pid=2627004 pidfd=5] Activating service name='org.freedesktop.systemd1' requested by ':1.4' (uid=1000 pid=2627098 comm="/usr/bin/dbus-broker-launch --config-file=/usr/sha")
dbus-daemon[2627004]: [session uid=1000 pid=2627004 pidfd=5] Activated service 'org.freedesktop.systemd1' failed: Process org.freedesktop.systemd1 exited with status 1
dbus-daemon[2627004]: [session uid=1000 pid=2627004 pidfd=5] Activating service name='org.freedesktop.systemd1' requested by ':1.4' (uid=1000 pid=2627098 comm="/usr/bin/dbus-broker-launch --config-file=/usr/sha")
dbus-daemon[2627004]: [session uid=1000 pid=2627004 pidfd=5] Activated service 'org.freedesktop.systemd1' failed: Process org.freedesktop.systemd1 exited with status 1
{"trial": "shake00-SMOKE-fill-default", "outcome": "verified", "oracle_exact_match": true, "completion_mutations": 1, "routes": ["provider", "provider"], "loadavg_before": "9.35 6.90 3.63 9/2165 2635014"}
dbus-daemon[2627004]: [session uid=1000 pid=2627004 pidfd=5] Activating service name='org.freedesktop.systemd1' requested by ':1.4' (uid=1000 pid=2627098 comm="/usr/bin/dbus-broker-launch --config-file=/usr/sha")
dbus-daemon[2627004]: [session uid=1000 pid=2627004 pidfd=5] Activated service 'org.freedesktop.systemd1' failed: Process org.freedesktop.systemd1 exited with status 1
[2m2026-10-03T02:46:16.973102Z[0m [33m WARN[0m [2mcua_driver_sdk::runtime[0m[2m:[0m could not activate the persistent AT-SPI listener: AT-SPI connect failed: ZBus Error: MethodError(OwnedErrorName("org.freedesktop.DBus.Error.NameHasNoOwner"), Some("Could not activate remote peer 'org.a11y.atspi.Registry': unit failed"), Msg { type: Error, serial: 4294967295, sender: UniqueName("org.freedesktop.DBus"), reply-serial: 9, body: Str, fds: [] })
[2m2026-10-03T02:46:16.982408Z[0m [33m WARN[0m [2mplatform_linux::overlay[0m[2m:[0m X11 overlay: root reads cannot see this window's own pixels; save-unders will be served without readback confirmation
dbus-daemon[2627004]: [session uid=1000 pid=2627004 pidfd=5] Activating service name='org.freedesktop.systemd1' requested by ':1.4' (uid=1000 pid=2627098 comm="/usr/bin/dbus-broker-launch --config-file=/usr/sha")
dbus-daemon[2627004]: [session uid=1000 pid=2627004 pidfd=5] Activated service 'org.freedesktop.systemd1' failed: Process org.freedesktop.systemd1 exited with status 1
dbus-daemon[2627004]: [session uid=1000 pid=2627004 pidfd=5] Activating service name='org.freedesktop.systemd1' requested by ':1.4' (uid=1000 pid=2627098 comm="/usr/bin/dbus-broker-launch --config-file=/usr/sha")
dbus-daemon[2627004]: [session uid=1000 pid=2627004 pidfd=5] Activated service 'org.freedesktop.systemd1' failed: Process org.freedesktop.systemd1 exited with status 1
{"trial": "shake00-SMOKE-toggle-default", "outcome": "verified", "oracle_exact_match": true, "completion_mutations": 1, "routes": ["provider", "provider"], "loadavg_before": "9.00 6.87 3.63 3/2162 2635470"}
dbus-daemon[2627004]: [session uid=1000 pid=2627004 pidfd=5] Activating service name='org.freedesktop.systemd1' requested by ':1.4' (uid=1000 pid=2627098 comm="/usr/bin/dbus-broker-launch --config-file=/usr/sha")
dbus-daemon[2627004]: [session uid=1000 pid=2627004 pidfd=5] Activated service 'org.freedesktop.systemd1' failed: Process org.freedesktop.systemd1 exited with status 1
[2m2026-10-03T02:46:20.555132Z[0m [33m WARN[0m [2mcua_driver_sdk::runtime[0m[2m:[0m could not activate the persistent AT-SPI listener: AT-SPI connect failed: ZBus Error: MethodError(OwnedErrorName("org.freedesktop.DBus.Error.NameHasNoOwner"), Some("Could not activate remote peer 'org.a11y.atspi.Registry': unit failed"), Msg { type: Error, serial: 4294967295, sender: UniqueName("org.freedesktop.DBus"), reply-serial: 9, body: Str, fds: [] })
[2m2026-10-03T02:46:20.568581Z[0m [33m WARN[0m [2mplatform_linux::overlay[0m[2m:[0m X11 overlay: root reads cannot see this window's own pixels; save-unders will be served without readback confirmation
dbus-daemon[2627004]: [session uid=1000 pid=2627004 pidfd=5] Activating service name='org.freedesktop.systemd1' requested by ':1.4' (uid=1000 pid=2627098 comm="/usr/bin/dbus-broker-launch --config-file=/usr/sha")
dbus-daemon[2627004]: [session uid=1000 pid=2627004 pidfd=5] Activated service 'org.freedesktop.systemd1' failed: Process org.freedesktop.systemd1 exited with status 1
dbus-daemon[2627004]: [session uid=1000 pid=2627004 pidfd=5] Activating service name='org.freedesktop.systemd1' requested by ':1.4' (uid=1000 pid=2627098 comm="/usr/bin/dbus-broker-launch --config-file=/usr/sha")
dbus-daemon[2627004]: [session uid=1000 pid=2627004 pidfd=5] Activated service 'org.freedesktop.systemd1' failed: Process org.freedesktop.systemd1 exited with status 1
{"trial": "shake00-SMOKE-modal-default", "outcome": "verified", "oracle_exact_match": true, "completion_mutations": 1, "routes": ["provider", "provider"], "loadavg_before": "9.00 6.87 3.63 4/2113 2636056"}
[b04a2] end_utc=2026-10-03T02:46:24.744Z rc=0
A connection to the bus can't be made
CRITICAL: [dbus_cb_name_lost:1438] Cannot connect to DBus.
[session] exit rc=0 run_dir=<lane-tmp>/x11-session.8NBnCw
