[session] DISPLAY=:99 openbox=3618747 picom=3618748 dbus=unix:path=/tmp/dbus-P8QY6OVmrK,guid=1966696dbd0fd0c0ac40e35f6abf6f30
preflight {"checks": {"dbus_daemon_is_session_child": true, "display_is_private_number": true, "display_not_host_x0_x2": true, "landlock_no_new_privs": true, "no_host_atspi_bus": true, "no_wayland_vars": true, "x_socket_owned_by_session_xvfb": true, "xauthority_absent_or_session_own": true, "xdg_runtime_dir_in_session_run_dir": true}, "display": ":99", "ok": true, "run_dir": "<lane-tmp>/x11-session.SCV8Rg"}
Cua Driver sends content-free product telemetry by default. Run `cua-driver telemetry disable` to stop it; `cua-driver telemetry status` shows the current setting.
[2m2026-10-02T08:45:39.436808Z[0m [33m WARN[0m [2mcua_driver_sdk::runtime[0m[2m:[0m could not activate the persistent AT-SPI listener: AT-SPI connect failed: ZBus Error: MethodError(OwnedErrorName("org.freedesktop.DBus.Error.NameHasNoOwner"), Some("Could not activate remote peer 'org.a11y.atspi.Registry': unit failed"), Msg { type: Error, serial: 4294967295, sender: UniqueName("org.freedesktop.DBus"), reply-serial: 10, body: Str, fds: [] })
[2m2026-10-02T08:45:39.444459Z[0m [33m WARN[0m [2mplatform_linux::overlay[0m[2m:[0m X11 overlay: root reads cannot see this window's own pixels; save-unders will be served without readback confirmation
fusermount3: mount failed: Operation not permitted
fusermount3: mount failed: Operation not permitted
error: fuse init failed: Can't mount path <tmp>/x11-session.SCV8Rg/xdg-runtime/doc
(/usr/lib/xdg-desktop-portal:3623332): xdg-desktop-portal-WARNING **: 03:45:40.460: Document portal fuse mount point unknown: GDBus.Error:org.freedesktop.DBus.Error.ServiceUnknown: The name :1.11 was not provided by any .service files
(/usr/lib/xdg-desktop-portal:3623332): xdg-desktop-portal-WARNING **: 03:45:40.460: Choosing gtk.portal for org.freedesktop.impl.portal.Lockdown as a last-resort fallback
** (xdg-desktop-portal-gtk:3623375): WARNING **: 03:45:40.486: AT-SPI: Could not obtain desktop path or name
(/usr/lib/xdg-desktop-portal:3623332): xdg-desktop-portal-WARNING **: 03:45:40.487: Choosing gtk.portal for org.freedesktop.impl.portal.Access as a last-resort fallback
** (xdg-desktop-portal-gtk:3623375): WARNING **: 03:45:40.488: atk-bridge: GetRegisteredEvents returned message with unknown signature
** (xdg-desktop-portal-gtk:3623375): WARNING **: 03:45:40.488: atk-bridge: get_device_events_reply: unknown signature
(/usr/lib/xdg-desktop-portal:3623332): xdg-desktop-portal-WARNING **: 03:45:40.502: Choosing gtk.portal for org.freedesktop.impl.portal.Settings as a last-resort fallback
(/usr/lib/xdg-desktop-portal:3623332): xdg-desktop-portal-WARNING **: 03:45:40.503: Choosing gtk.portal for org.freedesktop.impl.portal.FileChooser as a last-resort fallback
(/usr/lib/xdg-desktop-portal:3623332): xdg-desktop-portal-WARNING **: 03:45:40.503: Choosing gtk.portal for org.freedesktop.impl.portal.AppChooser as a last-resort fallback
(/usr/lib/xdg-desktop-portal:3623332): xdg-desktop-portal-WARNING **: 03:45:40.504: Choosing gtk.portal for org.freedesktop.impl.portal.Print as a last-resort fallback
(/usr/lib/xdg-desktop-portal:3623332): xdg-desktop-portal-WARNING **: 03:45:40.504: Choosing gtk.portal for org.freedesktop.impl.portal.Notification as a last-resort fallback
(/usr/lib/xdg-desktop-portal:3623332): xdg-desktop-portal-WARNING **: 03:45:40.504: Choosing gtk.portal for org.freedesktop.impl.portal.Inhibit as a last-resort fallback
(/usr/lib/xdg-desktop-portal:3623332): xdg-desktop-portal-WARNING **: 03:45:40.506: Failed to connect to PipeWire: Couldn't connect to PipeWire
(/usr/lib/xdg-desktop-portal:3623332): xdg-desktop-portal-WARNING **: 03:45:40.506: Choosing gtk.portal for org.freedesktop.impl.portal.Account as a last-resort fallback
(/usr/lib/xdg-desktop-portal:3623332): xdg-desktop-portal-WARNING **: 03:45:40.506: Choosing gtk.portal for org.freedesktop.impl.portal.Email as a last-resort fallback
(/usr/lib/xdg-desktop-portal:3623332): xdg-desktop-portal-WARNING **: 03:45:40.507: Choosing gtk.portal for org.freedesktop.impl.portal.DynamicLauncher as a last-resort fallback
{"trial": "idle-q1-000-idle-W-idle-quiet-C_shadow_M", "arm": "C_shadow_M", "outcome": "idle_complete", "oracle_verified": false, "submits_main": 0, "error": null}
[2m2026-10-02T08:46:02.371763Z[0m [33m WARN[0m [2mcua_driver_sdk::runtime[0m[2m:[0m could not activate the persistent AT-SPI listener: AT-SPI connect failed: ZBus Error: MethodError(OwnedErrorName("org.freedesktop.DBus.Error.NameHasNoOwner"), Some("Could not activate remote peer 'org.a11y.atspi.Registry': unit failed"), Msg { type: Error, serial: 4294967295, sender: UniqueName("org.freedesktop.DBus"), reply-serial: 9, body: Str, fds: [] })
[2m2026-10-02T08:46:02.378845Z[0m [33m WARN[0m [2mplatform_linux::overlay[0m[2m:[0m X11 overlay: root reads cannot see this window's own pixels; save-unders will be served without readback confirmation
{"trial": "idle-q1-001-idle-W-idle-quiet-A", "arm": "A", "outcome": "idle_complete", "oracle_verified": false, "submits_main": 0, "error": null}
[2m2026-10-02T08:46:24.687727Z[0m [33m WARN[0m [2mcua_driver_sdk::runtime[0m[2m:[0m could not activate the persistent AT-SPI listener: AT-SPI connect failed: ZBus Error: MethodError(OwnedErrorName("org.freedesktop.DBus.Error.NameHasNoOwner"), Some("Could not activate remote peer 'org.a11y.atspi.Registry': unit failed"), Msg { type: Error, serial: 4294967295, sender: UniqueName("org.freedesktop.DBus"), reply-serial: 9, body: Str, fds: [] })
[2m2026-10-02T08:46:24.695197Z[0m [33m WARN[0m [2mplatform_linux::overlay[0m[2m:[0m X11 overlay: root reads cannot see this window's own pixels; save-unders will be served without readback confirmation
{"trial": "idle-q1-002-idle-W-idle-quiet-A", "arm": "A", "outcome": "idle_complete", "oracle_verified": false, "submits_main": 0, "error": null}
[2m2026-10-02T08:46:46.980656Z[0m [33m WARN[0m [2mcua_driver_sdk::runtime[0m[2m:[0m could not activate the persistent AT-SPI listener: AT-SPI connect failed: ZBus Error: MethodError(OwnedErrorName("org.freedesktop.DBus.Error.NameHasNoOwner"), Some("Could not activate remote peer 'org.a11y.atspi.Registry': unit failed"), Msg { type: Error, serial: 4294967295, sender: UniqueName("org.freedesktop.DBus"), reply-serial: 9, body: Str, fds: [] })
[2m2026-10-02T08:46:46.991786Z[0m [33m WARN[0m [2mplatform_linux::overlay[0m[2m:[0m X11 overlay: root reads cannot see this window's own pixels; save-unders will be served without readback confirmation
{"trial": "idle-q1-003-idle-W-idle-quiet-C_shadow_M", "arm": "C_shadow_M", "outcome": "idle_complete", "oracle_verified": false, "submits_main": 0, "error": null}
[2m2026-10-02T08:47:09.236749Z[0m [33m WARN[0m [2mcua_driver_sdk::runtime[0m[2m:[0m could not activate the persistent AT-SPI listener: AT-SPI connect failed: ZBus Error: MethodError(OwnedErrorName("org.freedesktop.DBus.Error.NameHasNoOwner"), Some("Could not activate remote peer 'org.a11y.atspi.Registry': unit failed"), Msg { type: Error, serial: 4294967295, sender: UniqueName("org.freedesktop.DBus"), reply-serial: 9, body: Str, fds: [] })
[2m2026-10-02T08:47:09.244064Z[0m [33m WARN[0m [2mplatform_linux::overlay[0m[2m:[0m X11 overlay: root reads cannot see this window's own pixels; save-unders will be served without readback confirmation
{"trial": "idle-q1-004-idle-W-idle-quiet-C_shadow_M", "arm": "C_shadow_M", "outcome": "idle_complete", "oracle_verified": false, "submits_main": 0, "error": null}
[2m2026-10-02T08:47:31.524889Z[0m [33m WARN[0m [2mcua_driver_sdk::runtime[0m[2m:[0m could not activate the persistent AT-SPI listener: AT-SPI connect failed: ZBus Error: MethodError(OwnedErrorName("org.freedesktop.DBus.Error.NameHasNoOwner"), Some("Could not activate remote peer 'org.a11y.atspi.Registry': unit failed"), Msg { type: Error, serial: 4294967295, sender: UniqueName("org.freedesktop.DBus"), reply-serial: 9, body: Str, fds: [] })
[2m2026-10-02T08:47:31.533049Z[0m [33m WARN[0m [2mplatform_linux::overlay[0m[2m:[0m X11 overlay: root reads cannot see this window's own pixels; save-unders will be served without readback confirmation
{"trial": "idle-q1-005-idle-W-idle-quiet-A", "arm": "A", "outcome": "idle_complete", "oracle_verified": false, "submits_main": 0, "error": null}
[2m2026-10-02T08:47:53.833481Z[0m [33m WARN[0m [2mcua_driver_sdk::runtime[0m[2m:[0m could not activate the persistent AT-SPI listener: AT-SPI connect failed: ZBus Error: MethodError(OwnedErrorName("org.freedesktop.DBus.Error.NameHasNoOwner"), Some("Could not activate remote peer 'org.a11y.atspi.Registry': unit failed"), Msg { type: Error, serial: 4294967295, sender: UniqueName("org.freedesktop.DBus"), reply-serial: 9, body: Str, fds: [] })
[2m2026-10-02T08:47:53.843062Z[0m [33m WARN[0m [2mplatform_linux::overlay[0m[2m:[0m X11 overlay: root reads cannot see this window's own pixels; save-unders will be served without readback confirmation
{"trial": "idle-q1-006-idle-W-idle-quiet-A", "arm": "A", "outcome": "idle_complete", "oracle_verified": false, "submits_main": 0, "error": null}
[2m2026-10-02T08:48:16.100557Z[0m [33m WARN[0m [2mcua_driver_sdk::runtime[0m[2m:[0m could not activate the persistent AT-SPI listener: AT-SPI connect failed: ZBus Error: MethodError(OwnedErrorName("org.freedesktop.DBus.Error.NameHasNoOwner"), Some("Could not activate remote peer 'org.a11y.atspi.Registry': unit failed"), Msg { type: Error, serial: 4294967295, sender: UniqueName("org.freedesktop.DBus"), reply-serial: 9, body: Str, fds: [] })
[2m2026-10-02T08:48:16.107447Z[0m [33m WARN[0m [2mplatform_linux::overlay[0m[2m:[0m X11 overlay: root reads cannot see this window's own pixels; save-unders will be served without readback confirmation
{"trial": "idle-q1-007-idle-W-idle-quiet-C_shadow_M", "arm": "C_shadow_M", "outcome": "idle_complete", "oracle_verified": false, "submits_main": 0, "error": null}
[2m2026-10-02T08:48:38.375773Z[0m [33m WARN[0m [2mcua_driver_sdk::runtime[0m[2m:[0m could not activate the persistent AT-SPI listener: AT-SPI connect failed: ZBus Error: MethodError(OwnedErrorName("org.freedesktop.DBus.Error.NameHasNoOwner"), Some("Could not activate remote peer 'org.a11y.atspi.Registry': unit failed"), Msg { type: Error, serial: 4294967295, sender: UniqueName("org.freedesktop.DBus"), reply-serial: 9, body: Str, fds: [] })
[2m2026-10-02T08:48:38.382717Z[0m [33m WARN[0m [2mplatform_linux::overlay[0m[2m:[0m X11 overlay: root reads cannot see this window's own pixels; save-unders will be served without readback confirmation
{"trial": "idle-q1-008-idle-W-idle-quiet-C_shadow_M", "arm": "C_shadow_M", "outcome": "idle_complete", "oracle_verified": false, "submits_main": 0, "error": null}
[2m2026-10-02T08:49:00.670712Z[0m [33m WARN[0m [2mcua_driver_sdk::runtime[0m[2m:[0m could not activate the persistent AT-SPI listener: AT-SPI connect failed: ZBus Error: MethodError(OwnedErrorName("org.freedesktop.DBus.Error.NameHasNoOwner"), Some("Could not activate remote peer 'org.a11y.atspi.Registry': unit failed"), Msg { type: Error, serial: 4294967295, sender: UniqueName("org.freedesktop.DBus"), reply-serial: 9, body: Str, fds: [] })
[2m2026-10-02T08:49:00.678028Z[0m [33m WARN[0m [2mplatform_linux::overlay[0m[2m:[0m X11 overlay: root reads cannot see this window's own pixels; save-unders will be served without readback confirmation
{"trial": "idle-q1-009-idle-W-idle-quiet-A", "arm": "A", "outcome": "idle_complete", "oracle_verified": false, "submits_main": 0, "error": null}
A connection to the bus can't be made
CRITICAL: [dbus_cb_name_lost:1438] Cannot connect to DBus.
[session] exit rc=0 run_dir=<tmp>/x11-session.SCV8Rg
