[session] DISPLAY=:99 openbox=3307219 picom=3307220 dbus=unix:path=/tmp/dbus-KKDc2Xiam9,guid=a2cf0dfe939cb689267dd0446abf886c
preflight {"checks": {"dbus_daemon_is_session_child": true, "display_is_private_number": true, "display_not_host_x0_x2": true, "landlock_no_new_privs": true, "no_host_atspi_bus": true, "no_wayland_vars": true, "x_socket_owned_by_session_xvfb": true, "xauthority_absent_or_session_own": true, "xdg_runtime_dir_in_session_run_dir": true}, "display": ":99", "ok": true, "run_dir": "<lane-tmp>/x11-session.tRx86V"}
Cua Driver sends content-free product telemetry by default. Run `cua-driver telemetry disable` to stop it; `cua-driver telemetry status` shows the current setting.
[2m2026-10-02T10:33:18.827962Z[0m [33m WARN[0m [2mcua_driver_sdk::runtime[0m[2m:[0m could not activate the persistent AT-SPI listener: AT-SPI connect failed: ZBus Error: MethodError(OwnedErrorName("org.freedesktop.DBus.Error.NameHasNoOwner"), Some("Could not activate remote peer 'org.a11y.atspi.Registry': unit failed"), Msg { type: Error, serial: 4294967295, sender: UniqueName("org.freedesktop.DBus"), reply-serial: 10, body: Str, fds: [] })
[2m2026-10-02T10:33:18.835704Z[0m [33m WARN[0m [2mplatform_linux::overlay[0m[2m:[0m X11 overlay: root reads cannot see this window's own pixels; save-unders will be served without readback confirmation
fusermount3: mount failed: Operation not permitted
fusermount3: mount failed: Operation not permitted
error: fuse init failed: Can't mount path <tmp>/x11-session.tRx86V/xdg-runtime/doc
(/usr/lib/xdg-desktop-portal:3307501): xdg-desktop-portal-WARNING **: 05:33:19.236: Document portal fuse mount point unknown: GDBus.Error:org.freedesktop.DBus.Error.ServiceUnknown: The name :1.11 was not provided by any .service files
(/usr/lib/xdg-desktop-portal:3307501): xdg-desktop-portal-WARNING **: 05:33:19.236: Choosing gtk.portal for org.freedesktop.impl.portal.Lockdown as a last-resort fallback
** (xdg-desktop-portal-gtk:3307571): WARNING **: 05:33:19.259: AT-SPI: Could not obtain desktop path or name
(/usr/lib/xdg-desktop-portal:3307501): xdg-desktop-portal-WARNING **: 05:33:19.260: Choosing gtk.portal for org.freedesktop.impl.portal.Access as a last-resort fallback
** (xdg-desktop-portal-gtk:3307571): WARNING **: 05:33:19.260: atk-bridge: GetRegisteredEvents returned message with unknown signature
** (xdg-desktop-portal-gtk:3307571): WARNING **: 05:33:19.260: atk-bridge: get_device_events_reply: unknown signature
(/usr/lib/xdg-desktop-portal:3307501): xdg-desktop-portal-WARNING **: 05:33:19.267: Choosing gtk.portal for org.freedesktop.impl.portal.Settings as a last-resort fallback
(/usr/lib/xdg-desktop-portal:3307501): xdg-desktop-portal-WARNING **: 05:33:19.267: Choosing gtk.portal for org.freedesktop.impl.portal.FileChooser as a last-resort fallback
(/usr/lib/xdg-desktop-portal:3307501): xdg-desktop-portal-WARNING **: 05:33:19.268: Choosing gtk.portal for org.freedesktop.impl.portal.AppChooser as a last-resort fallback
(/usr/lib/xdg-desktop-portal:3307501): xdg-desktop-portal-WARNING **: 05:33:19.268: Choosing gtk.portal for org.freedesktop.impl.portal.Print as a last-resort fallback
(/usr/lib/xdg-desktop-portal:3307501): xdg-desktop-portal-WARNING **: 05:33:19.268: Choosing gtk.portal for org.freedesktop.impl.portal.Notification as a last-resort fallback
(/usr/lib/xdg-desktop-portal:3307501): xdg-desktop-portal-WARNING **: 05:33:19.269: Choosing gtk.portal for org.freedesktop.impl.portal.Inhibit as a last-resort fallback
(/usr/lib/xdg-desktop-portal:3307501): xdg-desktop-portal-WARNING **: 05:33:19.270: Failed to connect to PipeWire: Couldn't connect to PipeWire
(/usr/lib/xdg-desktop-portal:3307501): xdg-desktop-portal-WARNING **: 05:33:19.270: Choosing gtk.portal for org.freedesktop.impl.portal.Account as a last-resort fallback
(/usr/lib/xdg-desktop-portal:3307501): xdg-desktop-portal-WARNING **: 05:33:19.270: Choosing gtk.portal for org.freedesktop.impl.portal.Email as a last-resort fallback
(/usr/lib/xdg-desktop-portal:3307501): xdg-desktop-portal-WARNING **: 05:33:19.271: Choosing gtk.portal for org.freedesktop.impl.portal.DynamicLauncher as a last-resort fallback
{"trial": "res-0-000-resident-W-churn-A", "arm": "A", "outcome": "resident_complete", "oracle_verified": false, "submits_main": 10, "error": null}
[2m2026-10-02T10:33:24.140102Z[0m [33m WARN[0m [2mcua_driver_sdk::runtime[0m[2m:[0m could not activate the persistent AT-SPI listener: AT-SPI connect failed: ZBus Error: MethodError(OwnedErrorName("org.freedesktop.DBus.Error.NameHasNoOwner"), Some("Could not activate remote peer 'org.a11y.atspi.Registry': unit failed"), Msg { type: Error, serial: 4294967295, sender: UniqueName("org.freedesktop.DBus"), reply-serial: 9, body: Str, fds: [] })
[2m2026-10-02T10:33:24.147381Z[0m [33m WARN[0m [2mplatform_linux::overlay[0m[2m:[0m X11 overlay: root reads cannot see this window's own pixels; save-unders will be served without readback confirmation
{"trial": "res-0-001-resident-W-churn-C_shadow_M", "arm": "C_shadow_M", "outcome": "resident_complete", "oracle_verified": false, "submits_main": 10, "error": null}
[2m2026-10-02T10:33:29.429208Z[0m [33m WARN[0m [2mcua_driver_sdk::runtime[0m[2m:[0m could not activate the persistent AT-SPI listener: AT-SPI connect failed: ZBus Error: MethodError(OwnedErrorName("org.freedesktop.DBus.Error.NameHasNoOwner"), Some("Could not activate remote peer 'org.a11y.atspi.Registry': unit failed"), Msg { type: Error, serial: 4294967295, sender: UniqueName("org.freedesktop.DBus"), reply-serial: 9, body: Str, fds: [] })
[2m2026-10-02T10:33:29.436790Z[0m [33m WARN[0m [2mplatform_linux::overlay[0m[2m:[0m X11 overlay: root reads cannot see this window's own pixels; save-unders will be served without readback confirmation
{"trial": "res-0-002-resident-W-churn-C_shadow_M", "arm": "C_shadow_M", "outcome": "resident_complete", "oracle_verified": false, "submits_main": 10, "error": null}
[2m2026-10-02T10:33:34.715283Z[0m [33m WARN[0m [2mcua_driver_sdk::runtime[0m[2m:[0m could not activate the persistent AT-SPI listener: AT-SPI connect failed: ZBus Error: MethodError(OwnedErrorName("org.freedesktop.DBus.Error.NameHasNoOwner"), Some("Could not activate remote peer 'org.a11y.atspi.Registry': unit failed"), Msg { type: Error, serial: 4294967295, sender: UniqueName("org.freedesktop.DBus"), reply-serial: 9, body: Str, fds: [] })
[2m2026-10-02T10:33:34.722691Z[0m [33m WARN[0m [2mplatform_linux::overlay[0m[2m:[0m X11 overlay: root reads cannot see this window's own pixels; save-unders will be served without readback confirmation
{"trial": "res-0-003-resident-W-churn-A", "arm": "A", "outcome": "resident_complete", "oracle_verified": false, "submits_main": 10, "error": null}
[2m2026-10-02T10:33:39.971349Z[0m [33m WARN[0m [2mcua_driver_sdk::runtime[0m[2m:[0m could not activate the persistent AT-SPI listener: AT-SPI connect failed: ZBus Error: MethodError(OwnedErrorName("org.freedesktop.DBus.Error.NameHasNoOwner"), Some("Could not activate remote peer 'org.a11y.atspi.Registry': unit failed"), Msg { type: Error, serial: 4294967295, sender: UniqueName("org.freedesktop.DBus"), reply-serial: 9, body: Str, fds: [] })
[2m2026-10-02T10:33:39.978110Z[0m [33m WARN[0m [2mplatform_linux::overlay[0m[2m:[0m X11 overlay: root reads cannot see this window's own pixels; save-unders will be served without readback confirmation
{"trial": "res-0-004-resident-W-churn-A", "arm": "A", "outcome": "resident_complete", "oracle_verified": false, "submits_main": 10, "error": null}
[2m2026-10-02T10:33:45.268941Z[0m [33m WARN[0m [2mcua_driver_sdk::runtime[0m[2m:[0m could not activate the persistent AT-SPI listener: AT-SPI connect failed: ZBus Error: MethodError(OwnedErrorName("org.freedesktop.DBus.Error.NameHasNoOwner"), Some("Could not activate remote peer 'org.a11y.atspi.Registry': unit failed"), Msg { type: Error, serial: 4294967295, sender: UniqueName("org.freedesktop.DBus"), reply-serial: 9, body: Str, fds: [] })
[2m2026-10-02T10:33:45.275823Z[0m [33m WARN[0m [2mplatform_linux::overlay[0m[2m:[0m X11 overlay: root reads cannot see this window's own pixels; save-unders will be served without readback confirmation
{"trial": "res-0-005-resident-W-churn-C_shadow_M", "arm": "C_shadow_M", "outcome": "resident_complete", "oracle_verified": false, "submits_main": 10, "error": null}
A connection to the bus can't be made
CRITICAL: [dbus_cb_name_lost:1438] Cannot connect to DBus.
[session] exit rc=0 run_dir=<tmp>/x11-session.tRx86V
