[session] DISPLAY=:99 openbox=3019326 picom=3019327 dbus=unix:path=/tmp/dbus-A2PlbFLHQ0,guid=c86b403f3fab4e50837a664e6abf6c8a
preflight {"checks": {"dbus_daemon_is_session_child": true, "display_is_private_number": true, "display_not_host_x0_x2": true, "landlock_no_new_privs": true, "no_host_atspi_bus": true, "no_wayland_vars": true, "x_socket_owned_by_session_xvfb": true, "xauthority_absent_or_session_own": true, "xdg_runtime_dir_in_session_run_dir": true}, "display": ":99", "ok": true, "run_dir": "<lane-tmp>/x11-session.6RzStZ"}
Cua Driver sends content-free product telemetry by default. Run `cua-driver telemetry disable` to stop it; `cua-driver telemetry status` shows the current setting.
[2m2026-10-02T08:34:22.057990Z[0m [33m WARN[0m [2mcua_driver_sdk::runtime[0m[2m:[0m could not activate the persistent AT-SPI listener: AT-SPI connect failed: ZBus Error: MethodError(OwnedErrorName("org.freedesktop.DBus.Error.NameHasNoOwner"), Some("Could not activate remote peer 'org.a11y.atspi.Registry': unit failed"), Msg { type: Error, serial: 4294967295, sender: UniqueName("org.freedesktop.DBus"), reply-serial: 10, body: Str, fds: [] })
[2m2026-10-02T08:34:22.095309Z[0m [33m WARN[0m [2mplatform_linux::overlay[0m[2m:[0m X11 overlay: root reads cannot see this window's own pixels; save-unders will be served without readback confirmation
fusermount3: mount failed: Operation not permitted
fusermount3: mount failed: Operation not permitted
error: fuse init failed: Can't mount path <tmp>/x11-session.6RzStZ/xdg-runtime/doc
(/usr/lib/xdg-desktop-portal:3021554): xdg-desktop-portal-WARNING **: 03:34:23.804: Document portal fuse mount point unknown: GDBus.Error:org.freedesktop.DBus.Error.ServiceUnknown: The name :1.11 was not provided by any .service files
(/usr/lib/xdg-desktop-portal:3021554): xdg-desktop-portal-WARNING **: 03:34:23.804: Choosing gtk.portal for org.freedesktop.impl.portal.Lockdown as a last-resort fallback
** (xdg-desktop-portal-gtk:3021595): WARNING **: 03:34:23.860: AT-SPI: Could not obtain desktop path or name
** (xdg-desktop-portal-gtk:3021595): WARNING **: 03:34:23.864: atk-bridge: GetRegisteredEvents returned message with unknown signature
** (xdg-desktop-portal-gtk:3021595): WARNING **: 03:34:23.864: atk-bridge: get_device_events_reply: unknown signature
(/usr/lib/xdg-desktop-portal:3021554): xdg-desktop-portal-WARNING **: 03:34:23.865: Choosing gtk.portal for org.freedesktop.impl.portal.Access as a last-resort fallback
(/usr/lib/xdg-desktop-portal:3021554): xdg-desktop-portal-WARNING **: 03:34:23.895: Choosing gtk.portal for org.freedesktop.impl.portal.Settings as a last-resort fallback
(/usr/lib/xdg-desktop-portal:3021554): xdg-desktop-portal-WARNING **: 03:34:23.898: Choosing gtk.portal for org.freedesktop.impl.portal.FileChooser as a last-resort fallback
(/usr/lib/xdg-desktop-portal:3021554): xdg-desktop-portal-WARNING **: 03:34:23.898: Choosing gtk.portal for org.freedesktop.impl.portal.AppChooser as a last-resort fallback
(/usr/lib/xdg-desktop-portal:3021554): xdg-desktop-portal-WARNING **: 03:34:23.901: Choosing gtk.portal for org.freedesktop.impl.portal.Print as a last-resort fallback
(/usr/lib/xdg-desktop-portal:3021554): xdg-desktop-portal-WARNING **: 03:34:23.903: Choosing gtk.portal for org.freedesktop.impl.portal.Notification as a last-resort fallback
(/usr/lib/xdg-desktop-portal:3021554): xdg-desktop-portal-WARNING **: 03:34:23.906: Choosing gtk.portal for org.freedesktop.impl.portal.Inhibit as a last-resort fallback
(/usr/lib/xdg-desktop-portal:3021554): xdg-desktop-portal-WARNING **: 03:34:23.910: Failed to connect to PipeWire: Couldn't connect to PipeWire
(/usr/lib/xdg-desktop-portal:3021554): xdg-desktop-portal-WARNING **: 03:34:23.910: Choosing gtk.portal for org.freedesktop.impl.portal.Account as a last-resort fallback
(/usr/lib/xdg-desktop-portal:3021554): xdg-desktop-portal-WARNING **: 03:34:23.915: Choosing gtk.portal for org.freedesktop.impl.portal.Email as a last-resort fallback
(/usr/lib/xdg-desktop-portal:3021554): xdg-desktop-portal-WARNING **: 03:34:23.917: Choosing gtk.portal for org.freedesktop.impl.portal.DynamicLauncher as a last-resort fallback
{"trial": "idle-q0-000-idle-W-idle-quiet-A", "arm": "A", "outcome": "idle_complete", "oracle_verified": false, "submits_main": 0, "error": null}
[2m2026-10-02T08:34:46.163623Z[0m [33m WARN[0m [2mcua_driver_sdk::runtime[0m[2m:[0m could not activate the persistent AT-SPI listener: AT-SPI connect failed: ZBus Error: MethodError(OwnedErrorName("org.freedesktop.DBus.Error.NameHasNoOwner"), Some("Could not activate remote peer 'org.a11y.atspi.Registry': unit failed"), Msg { type: Error, serial: 4294967295, sender: UniqueName("org.freedesktop.DBus"), reply-serial: 9, body: Str, fds: [] })
[2m2026-10-02T08:34:46.186930Z[0m [33m WARN[0m [2mplatform_linux::overlay[0m[2m:[0m X11 overlay: root reads cannot see this window's own pixels; save-unders will be served without readback confirmation
{"trial": "idle-q0-001-idle-W-idle-quiet-C_shadow_M", "arm": "C_shadow_M", "outcome": "idle_complete", "oracle_verified": false, "submits_main": 0, "error": null}
[2m2026-10-02T08:35:09.409239Z[0m [33m WARN[0m [2mcua_driver_sdk::runtime[0m[2m:[0m could not activate the persistent AT-SPI listener: AT-SPI connect failed: ZBus Error: MethodError(OwnedErrorName("org.freedesktop.DBus.Error.NameHasNoOwner"), Some("Could not activate remote peer 'org.a11y.atspi.Registry': unit failed"), Msg { type: Error, serial: 4294967295, sender: UniqueName("org.freedesktop.DBus"), reply-serial: 9, body: Str, fds: [] })
[2m2026-10-02T08:35:09.422833Z[0m [33m WARN[0m [2mplatform_linux::overlay[0m[2m:[0m X11 overlay: root reads cannot see this window's own pixels; save-unders will be served without readback confirmation
{"trial": "idle-q0-002-idle-W-idle-quiet-C_shadow_M", "arm": "C_shadow_M", "outcome": "idle_complete", "oracle_verified": false, "submits_main": 0, "error": null}
[2m2026-10-02T08:35:32.474549Z[0m [33m WARN[0m [2mcua_driver_sdk::runtime[0m[2m:[0m could not activate the persistent AT-SPI listener: AT-SPI connect failed: ZBus Error: MethodError(OwnedErrorName("org.freedesktop.DBus.Error.NameHasNoOwner"), Some("Could not activate remote peer 'org.a11y.atspi.Registry': unit failed"), Msg { type: Error, serial: 4294967295, sender: UniqueName("org.freedesktop.DBus"), reply-serial: 9, body: Str, fds: [] })
[2m2026-10-02T08:35:32.508324Z[0m [33m WARN[0m [2mplatform_linux::overlay[0m[2m:[0m X11 overlay: root reads cannot see this window's own pixels; save-unders will be served without readback confirmation
{"trial": "idle-q0-003-idle-W-idle-quiet-A", "arm": "A", "outcome": "idle_complete", "oracle_verified": false, "submits_main": 0, "error": null}
[2m2026-10-02T08:35:56.524920Z[0m [33m WARN[0m [2mcua_driver_sdk::runtime[0m[2m:[0m could not activate the persistent AT-SPI listener: AT-SPI connect failed: ZBus Error: MethodError(OwnedErrorName("org.freedesktop.DBus.Error.NameHasNoOwner"), Some("Could not activate remote peer 'org.a11y.atspi.Registry': unit failed"), Msg { type: Error, serial: 4294967295, sender: UniqueName("org.freedesktop.DBus"), reply-serial: 9, body: Str, fds: [] })
[2m2026-10-02T08:35:56.540370Z[0m [33m WARN[0m [2mplatform_linux::overlay[0m[2m:[0m X11 overlay: root reads cannot see this window's own pixels; save-unders will be served without readback confirmation
{"trial": "idle-q0-004-idle-W-idle-quiet-A", "arm": "A", "outcome": "idle_complete", "oracle_verified": false, "submits_main": 0, "error": null}
[2m2026-10-02T08:36:19.246417Z[0m [33m WARN[0m [2mcua_driver_sdk::runtime[0m[2m:[0m could not activate the persistent AT-SPI listener: AT-SPI connect failed: ZBus Error: MethodError(OwnedErrorName("org.freedesktop.DBus.Error.NameHasNoOwner"), Some("Could not activate remote peer 'org.a11y.atspi.Registry': unit failed"), Msg { type: Error, serial: 4294967295, sender: UniqueName("org.freedesktop.DBus"), reply-serial: 9, body: Str, fds: [] })
[2m2026-10-02T08:36:19.280318Z[0m [33m WARN[0m [2mplatform_linux::overlay[0m[2m:[0m X11 overlay: root reads cannot see this window's own pixels; save-unders will be served without readback confirmation
{"trial": "idle-q0-005-idle-W-idle-quiet-C_shadow_M", "arm": "C_shadow_M", "outcome": "idle_complete", "oracle_verified": false, "submits_main": 0, "error": null}
[2m2026-10-02T08:36:42.208610Z[0m [33m WARN[0m [2mcua_driver_sdk::runtime[0m[2m:[0m could not activate the persistent AT-SPI listener: AT-SPI connect failed: ZBus Error: MethodError(OwnedErrorName("org.freedesktop.DBus.Error.NameHasNoOwner"), Some("Could not activate remote peer 'org.a11y.atspi.Registry': unit failed"), Msg { type: Error, serial: 4294967295, sender: UniqueName("org.freedesktop.DBus"), reply-serial: 9, body: Str, fds: [] })
[2m2026-10-02T08:36:42.238477Z[0m [33m WARN[0m [2mplatform_linux::overlay[0m[2m:[0m X11 overlay: root reads cannot see this window's own pixels; save-unders will be served without readback confirmation
{"trial": "idle-q0-006-idle-W-idle-quiet-C_shadow_M", "arm": "C_shadow_M", "outcome": "idle_complete", "oracle_verified": false, "submits_main": 0, "error": null}
[2m2026-10-02T08:37:05.802106Z[0m [33m WARN[0m [2mcua_driver_sdk::runtime[0m[2m:[0m could not activate the persistent AT-SPI listener: AT-SPI connect failed: ZBus Error: MethodError(OwnedErrorName("org.freedesktop.DBus.Error.NameHasNoOwner"), Some("Could not activate remote peer 'org.a11y.atspi.Registry': unit failed"), Msg { type: Error, serial: 4294967295, sender: UniqueName("org.freedesktop.DBus"), reply-serial: 9, body: Str, fds: [] })
[2m2026-10-02T08:37:05.809152Z[0m [33m WARN[0m [2mplatform_linux::overlay[0m[2m:[0m X11 overlay: root reads cannot see this window's own pixels; save-unders will be served without readback confirmation
{"trial": "idle-q0-007-idle-W-idle-quiet-A", "arm": "A", "outcome": "idle_complete", "oracle_verified": false, "submits_main": 0, "error": null}
[2m2026-10-02T08:37:28.311106Z[0m [33m WARN[0m [2mcua_driver_sdk::runtime[0m[2m:[0m could not activate the persistent AT-SPI listener: AT-SPI connect failed: ZBus Error: MethodError(OwnedErrorName("org.freedesktop.DBus.Error.NameHasNoOwner"), Some("Could not activate remote peer 'org.a11y.atspi.Registry': unit failed"), Msg { type: Error, serial: 4294967295, sender: UniqueName("org.freedesktop.DBus"), reply-serial: 9, body: Str, fds: [] })
[2m2026-10-02T08:37:28.323556Z[0m [33m WARN[0m [2mplatform_linux::overlay[0m[2m:[0m X11 overlay: root reads cannot see this window's own pixels; save-unders will be served without readback confirmation
{"trial": "idle-q0-008-idle-W-idle-quiet-A", "arm": "A", "outcome": "idle_complete", "oracle_verified": false, "submits_main": 0, "error": null}
[2m2026-10-02T08:37:50.883806Z[0m [33m WARN[0m [2mcua_driver_sdk::runtime[0m[2m:[0m could not activate the persistent AT-SPI listener: AT-SPI connect failed: ZBus Error: MethodError(OwnedErrorName("org.freedesktop.DBus.Error.NameHasNoOwner"), Some("Could not activate remote peer 'org.a11y.atspi.Registry': unit failed"), Msg { type: Error, serial: 4294967295, sender: UniqueName("org.freedesktop.DBus"), reply-serial: 9, body: Str, fds: [] })
[2m2026-10-02T08:37:50.902652Z[0m [33m WARN[0m [2mplatform_linux::overlay[0m[2m:[0m X11 overlay: root reads cannot see this window's own pixels; save-unders will be served without readback confirmation
{"trial": "idle-q0-009-idle-W-idle-quiet-C_shadow_M", "arm": "C_shadow_M", "outcome": "idle_complete", "oracle_verified": false, "submits_main": 0, "error": null}
CRITICAL: [dbus_cb_name_lost:1438] Cannot connect to DBus.
A connection to the bus can't be made
[session] exit rc=0 run_dir=<tmp>/x11-session.6RzStZ
