block doff-0 start 2026-10-02T08:13:45Z
block doff-0 rc=0 end 2026-10-02T08:14:55Z
block ovh-q0 start 2026-10-02T08:14:55Z
block ovh-q0 rc=0 end 2026-10-02T08:17:02Z
block ovh-c0 start 2026-10-02T08:17:02Z
block ovh-c0 rc=0 end 2026-10-02T08:19:29Z
block ovh-q1 start 2026-10-02T08:19:29Z
block ovh-q1 rc=0 end 2026-10-02T08:21:08Z
block ovh-c1 start 2026-10-02T08:21:08Z
block ovh-c1 rc=0 end 2026-10-02T08:22:45Z
block ovh-q2 start 2026-10-02T08:22:45Z
block ovh-q2 rc=0 end 2026-10-02T08:24:56Z
block ovh-c2 start 2026-10-02T08:24:56Z
block ovh-c2 rc=0 end 2026-10-02T08:26:34Z
block fid-q0 start 2026-10-02T08:26:34Z
block fid-q0 rc=0 end 2026-10-02T08:28:09Z
block fid-c0 start 2026-10-02T08:28:09Z
block fid-c0 rc=0 end 2026-10-02T08:30:14Z
block fid-q1 start 2026-10-02T08:30:14Z
block fid-q1 rc=0 end 2026-10-02T08:31:24Z
block fid-c1 start 2026-10-02T08:31:24Z
block fid-c1 rc=0 end 2026-10-02T08:33:03Z
block idle-q0 start 2026-10-02T08:33:03Z
block idle-q0 rc=0 end 2026-10-02T08:38:15Z
block idle-c0 start 2026-10-02T08:38:15Z
block idle-c0 rc=0 end 2026-10-02T08:44:24Z
block idle-q1 start 2026-10-02T08:44:24Z
block idle-q1 rc=0 end 2026-10-02T08:49:23Z
block idle-c1 start 2026-10-02T08:49:23Z
block idle-c1 rc=0 end 2026-10-02T08:57:55Z
block idle-q2 start 2026-10-02T08:57:55Z
block idle-q2 rc=0 end 2026-10-02T09:04:19Z
block idle-c2 start 2026-10-02T09:04:19Z
block idle-c2 rc=0 end 2026-10-02T09:10:32Z
block idle-q3 start 2026-10-02T09:10:32Z
block idle-q3 rc=0 end 2026-10-02T09:20:39Z
block idle-c3 start 2026-10-02T09:20:39Z
block idle-c3 rc=0 end 2026-10-02T09:31:44Z
block idle-q4 start 2026-10-02T09:31:44Z
block idle-q4 rc=0 end 2026-10-02T09:36:40Z
block idle-c4 start 2026-10-02T09:36:40Z
block idle-c4 rc=0 end 2026-10-02T09:41:50Z
block idle-q5 start 2026-10-02T09:41:50Z
block idle-q5 rc=0 end 2026-10-02T09:46:48Z
block idle-c5 start 2026-10-02T09:46:48Z
block idle-c5 rc=0 end 2026-10-02T09:51:22Z
block ctl-0 start 2026-10-02T09:51:22Z
block ctl-0 rc=0 end 2026-10-02T09:57:01Z
block ctl-1 start 2026-10-02T09:57:01Z
block ctl-1 rc=0 end 2026-10-02T10:03:10Z
block ctl-2 start 2026-10-02T10:03:10Z
block ctl-2 rc=0 end 2026-10-02T10:09:38Z
block ctl-3 start 2026-10-02T10:09:38Z
resume 2026-10-02T10:21:01Z after harness time limit killed ctl-3 (partial trials set aside)
block ctl-3 start 2026-10-02T10:21:01Z
block ctl-3 rc=0 end 2026-10-02T10:26:50Z
block ctl-4 start 2026-10-02T10:26:50Z
block ctl-4 rc=0 end 2026-10-02T10:32:51Z
block res-0 start 2026-10-02T10:32:51Z
block res-0 rc=0 end 2026-10-02T10:33:50Z
block res-1 start 2026-10-02T10:33:50Z
block res-1 rc=0 end 2026-10-02T10:35:18Z
