[2026-10-03T07:30:30.555Z] chunk R2-07d-C4 mode=shared live=0 loadavg=20.89 11.98 7.13
[r2-07d] xdpyinfo probe ok DISPLAY=:100
[r2-07c] display=:100 xdg_runtime_private=yes key=absent loadavg=19.61 11.86 7.12
[2m2026-10-03T07:30:39.568841Z[0m [33m WARN[0m [2mcua_driver_sdk::runtime[0m[2m:[0m could not activate the persistent AT-SPI listener: AT-SPI connect failed: ZBus Error: MethodError(OwnedErrorName("org.freedesktop.DBus.Error.NameHasNoOwner"), Some("Could not activate remote peer 'org.a11y.atspi.Registry': unit failed"), Msg { type: Error, serial: 4294967295, sender: UniqueName("org.freedesktop.DBus"), reply-serial: 10, body: Str, fds: [] })
[2m2026-10-03T07:30:39.580962Z[0m [33m WARN[0m [2mplatform_linux::overlay[0m[2m:[0m X11 overlay: root reads cannot see this window's own pixels; save-unders will be served without readback confirmation
fusermount3: mount failed: Operation not permitted
fusermount3: mount failed: Operation not permitted

(/usr/lib/xdg-desktop-portal:988012): xdg-desktop-portal-WARNING **: 02:30:40.867: Document portal fuse mount point unknown: GDBus.Error:org.freedesktop.DBus.Error.ServiceUnknown: The name :1.11 was not provided by any .service files

(/usr/lib/xdg-desktop-portal:988012): xdg-desktop-portal-WARNING **: 02:30:40.867: Choosing gtk.portal for org.freedesktop.impl.portal.Lockdown as a last-resort fallback

** (xdg-desktop-portal-gtk:988038): WARNING **: 02:30:40.888: AT-SPI: Could not obtain desktop path or name


(/usr/lib/xdg-desktop-portal:988012): xdg-desktop-portal-WARNING **: 02:30:40.889: Choosing gtk.portal for org.freedesktop.impl.portal.Access as a last-resort fallback

** (xdg-desktop-portal-gtk:988038): WARNING **: 02:30:40.890: atk-bridge: GetRegisteredEvents returned message with unknown signature

** (xdg-desktop-portal-gtk:988038): WARNING **: 02:30:40.890: atk-bridge: get_device_events_reply: unknown signature

(/usr/lib/xdg-desktop-portal:988012): xdg-desktop-portal-WARNING **: 02:30:40.901: Choosing gtk.portal for org.freedesktop.impl.portal.Settings as a last-resort fallback

(/usr/lib/xdg-desktop-portal:988012): xdg-desktop-portal-WARNING **: 02:30:40.901: Choosing gtk.portal for org.freedesktop.impl.portal.FileChooser as a last-resort fallback

(/usr/lib/xdg-desktop-portal:988012): xdg-desktop-portal-WARNING **: 02:30:40.901: Choosing gtk.portal for org.freedesktop.impl.portal.AppChooser as a last-resort fallback

(/usr/lib/xdg-desktop-portal:988012): xdg-desktop-portal-WARNING **: 02:30:40.902: Choosing gtk.portal for org.freedesktop.impl.portal.Print as a last-resort fallback

(/usr/lib/xdg-desktop-portal:988012): xdg-desktop-portal-WARNING **: 02:30:40.902: Choosing gtk.portal for org.freedesktop.impl.portal.Notification as a last-resort fallback

(/usr/lib/xdg-desktop-portal:988012): xdg-desktop-portal-WARNING **: 02:30:40.903: Choosing gtk.portal for org.freedesktop.impl.portal.Inhibit as a last-resort fallback

(/usr/lib/xdg-desktop-portal:988012): xdg-desktop-portal-WARNING **: 02:30:40.904: Failed to connect to PipeWire: Couldn't connect to PipeWire

(/usr/lib/xdg-desktop-portal:988012): xdg-desktop-portal-WARNING **: 02:30:40.904: Choosing gtk.portal for org.freedesktop.impl.portal.Account as a last-resort fallback

(/usr/lib/xdg-desktop-portal:988012): xdg-desktop-portal-WARNING **: 02:30:40.905: Choosing gtk.portal for org.freedesktop.impl.portal.Email as a last-resort fallback

(/usr/lib/xdg-desktop-portal:988012): xdg-desktop-portal-WARNING **: 02:30:40.905: Choosing gtk.portal for org.freedesktop.impl.portal.DynamicLauncher as a last-resort fallback
{"trial": "C021-toggle-COMP_CR-nw2-r00", "outcome": "verified", "oracle_exact_match": true, "completion_mutations": 1, "takeover_envelope": null, "old_binding_envelope": null, "decoy_connections": null, "marker_in_fresh_snapshot": true, "nw2_stale_envelope": {"is_error": false, "status": null, "effect": "refused", "code": "browser_ref_stale"}, "nw2_mutations_from_stale_action": 0, "error_leaves": null}
[2m2026-10-03T07:30:42.069201Z[0m [33m WARN[0m [2mcua_driver_sdk::runtime[0m[2m:[0m could not activate the persistent AT-SPI listener: AT-SPI connect failed: ZBus Error: MethodError(OwnedErrorName("org.freedesktop.DBus.Error.NameHasNoOwner"), Some("Could not activate remote peer 'org.a11y.atspi.Registry': unit failed"), Msg { type: Error, serial: 4294967295, sender: UniqueName("org.freedesktop.DBus"), reply-serial: 9, body: Str, fds: [] })
[2m2026-10-03T07:30:42.076631Z[0m [33m WARN[0m [2mplatform_linux::overlay[0m[2m:[0m X11 overlay: root reads cannot see this window's own pixels; save-unders will be served without readback confirmation
{"trial": "C022-modal-COMP_CR-nw2-r00", "outcome": "verified", "oracle_exact_match": true, "completion_mutations": 1, "takeover_envelope": null, "old_binding_envelope": null, "decoy_connections": null, "marker_in_fresh_snapshot": true, "nw2_stale_envelope": {"is_error": false, "status": null, "effect": "refused", "code": "browser_ref_stale"}, "nw2_mutations_from_stale_action": 0, "error_leaves": null}
[2m2026-10-03T07:30:44.453516Z[0m [33m WARN[0m [2mcua_driver_sdk::runtime[0m[2m:[0m could not activate the persistent AT-SPI listener: AT-SPI connect failed: ZBus Error: MethodError(OwnedErrorName("org.freedesktop.DBus.Error.NameHasNoOwner"), Some("Could not activate remote peer 'org.a11y.atspi.Registry': unit failed"), Msg { type: Error, serial: 4294967295, sender: UniqueName("org.freedesktop.DBus"), reply-serial: 9, body: Str, fds: [] })
[2m2026-10-03T07:30:44.465264Z[0m [33m WARN[0m [2mplatform_linux::overlay[0m[2m:[0m X11 overlay: root reads cannot see this window's own pixels; save-unders will be served without readback confirmation
{"trial": "C023-toggle-COMP_CR-g5-applied_ack_lost-r00", "kind": "g5", "outcome": "verified", "routine_outcome": "verified_by_reconcile", "oracle_exact_match": true, "completion_mutations": 1, "routes": ["compiled"], "error": null, "la": "18.68", "dec": 0, "prov": {"attempts": 0, "reached": 0}}
[2m2026-10-03T07:30:46.118942Z[0m [33m WARN[0m [2mcua_driver_sdk::runtime[0m[2m:[0m could not activate the persistent AT-SPI listener: AT-SPI connect failed: ZBus Error: MethodError(OwnedErrorName("org.freedesktop.DBus.Error.NameHasNoOwner"), Some("Could not activate remote peer 'org.a11y.atspi.Registry': unit failed"), Msg { type: Error, serial: 4294967295, sender: UniqueName("org.freedesktop.DBus"), reply-serial: 9, body: Str, fds: [] })
[2m2026-10-03T07:30:46.127638Z[0m [33m WARN[0m [2mplatform_linux::overlay[0m[2m:[0m X11 overlay: root reads cannot see this window's own pixels; save-unders will be served without readback confirmation
{"trial": "C024-modal-COMP_CR-g5-applied_ack_lost-r00", "kind": "g5", "outcome": "verified", "routine_outcome": "verified_by_reconcile", "oracle_exact_match": true, "completion_mutations": 1, "routes": ["compiled"], "error": null, "la": "17.91", "dec": 0, "prov": {"attempts": 0, "reached": 0}}
[2m2026-10-03T07:30:47.779516Z[0m [33m WARN[0m [2mcua_driver_sdk::runtime[0m[2m:[0m could not activate the persistent AT-SPI listener: AT-SPI connect failed: ZBus Error: MethodError(OwnedErrorName("org.freedesktop.DBus.Error.NameHasNoOwner"), Some("Could not activate remote peer 'org.a11y.atspi.Registry': unit failed"), Msg { type: Error, serial: 4294967295, sender: UniqueName("org.freedesktop.DBus"), reply-serial: 9, body: Str, fds: [] })
[2m2026-10-03T07:30:47.804201Z[0m [33m WARN[0m [2mplatform_linux::overlay[0m[2m:[0m X11 overlay: root reads cannot see this window's own pixels; save-unders will be served without readback confirmation
{"trial": "C025-toggle-COMP_CR-g5-withheld_unresolved-r00", "kind": "g5", "outcome": "unknown", "routine_outcome": "unknown", "oracle_exact_match": true, "completion_mutations": 1, "routes": ["compiled"], "error": null, "la": "17.91", "dec": 0, "prov": {"attempts": 0, "reached": 0}}
[2m2026-10-03T07:30:52.726199Z[0m [33m WARN[0m [2mcua_driver_sdk::runtime[0m[2m:[0m could not activate the persistent AT-SPI listener: AT-SPI connect failed: ZBus Error: MethodError(OwnedErrorName("org.freedesktop.DBus.Error.NameHasNoOwner"), Some("Could not activate remote peer 'org.a11y.atspi.Registry': unit failed"), Msg { type: Error, serial: 4294967295, sender: UniqueName("org.freedesktop.DBus"), reply-serial: 9, body: Str, fds: [] })
[2m2026-10-03T07:30:52.734831Z[0m [33m WARN[0m [2mplatform_linux::overlay[0m[2m:[0m X11 overlay: root reads cannot see this window's own pixels; save-unders will be served without readback confirmation
{"trial": "C026-modal-COMP_CR-g5-withheld_unresolved-r00", "kind": "g5", "outcome": "unknown", "routine_outcome": "unknown", "oracle_exact_match": true, "completion_mutations": 1, "routes": ["compiled"], "error": null, "la": "16.71", "dec": 0, "prov": {"attempts": 0, "reached": 0}}
A connection to the bus can't be made
CRITICAL: [dbus_cb_name_lost:1438] Cannot connect to DBus.
X connection to :100 broken (explicit kill or server shutdown).
[2026-10-03T07:30:57.866Z] chunk R2-07d-C4 rc=0 loadavg=16.02 11.55 7.11
