[2026-10-03T07:28:49.147Z] chunk R2-07d-C2 mode=shared live=0 loadavg=13.25 8.66 5.67
[r2-07d] xdpyinfo probe ok DISPLAY=:100
[r2-07c] display=:100 xdg_runtime_private=yes key=absent loadavg=12.82 8.72 5.72
[2m2026-10-03T07:28:57.858178Z[0m [33m WARN[0m [2mcua_driver_sdk::runtime[0m[2m:[0m could not activate the persistent AT-SPI listener: AT-SPI connect failed: ZBus Error: MethodError(OwnedErrorName("org.freedesktop.DBus.Error.NameHasNoOwner"), Some("Could not activate remote peer 'org.a11y.atspi.Registry': unit failed"), Msg { type: Error, serial: 4294967295, sender: UniqueName("org.freedesktop.DBus"), reply-serial: 10, body: Str, fds: [] })
[2m2026-10-03T07:28:57.877047Z[0m [33m WARN[0m [2mplatform_linux::overlay[0m[2m:[0m X11 overlay: root reads cannot see this window's own pixels; save-unders will be served without readback confirmation
fusermount3: mount failed: Operation not permitted
fusermount3: mount failed: Operation not permitted
fusermount3: mount failed: Operation not permitted

(/usr/lib/xdg-desktop-portal:971406): xdg-desktop-portal-WARNING **: 02:28:58.734: Document portal fuse mount point unknown: GDBus.Error:org.freedesktop.DBus.Error.NoReply: Message recipient disconnected from message bus without replying

(/usr/lib/xdg-desktop-portal:971406): xdg-desktop-portal-WARNING **: 02:28:58.734: Choosing gtk.portal for org.freedesktop.impl.portal.Lockdown as a last-resort fallback

** (xdg-desktop-portal-gtk:971498): WARNING **: 02:28:58.785: AT-SPI: Could not obtain desktop path or name


** (xdg-desktop-portal-gtk:971498): WARNING **: 02:28:58.790: atk-bridge: GetRegisteredEvents returned message with unknown signature

** (xdg-desktop-portal-gtk:971498): WARNING **: 02:28:58.790: atk-bridge: get_device_events_reply: unknown signature

(/usr/lib/xdg-desktop-portal:971406): xdg-desktop-portal-WARNING **: 02:28:58.791: Choosing gtk.portal for org.freedesktop.impl.portal.Access as a last-resort fallback

(/usr/lib/xdg-desktop-portal:971406): xdg-desktop-portal-WARNING **: 02:28:58.809: Choosing gtk.portal for org.freedesktop.impl.portal.Settings as a last-resort fallback

(/usr/lib/xdg-desktop-portal:971406): xdg-desktop-portal-WARNING **: 02:28:58.812: Choosing gtk.portal for org.freedesktop.impl.portal.FileChooser as a last-resort fallback

(/usr/lib/xdg-desktop-portal:971406): xdg-desktop-portal-WARNING **: 02:28:58.813: Choosing gtk.portal for org.freedesktop.impl.portal.AppChooser as a last-resort fallback

(/usr/lib/xdg-desktop-portal:971406): xdg-desktop-portal-WARNING **: 02:28:58.813: Choosing gtk.portal for org.freedesktop.impl.portal.Print as a last-resort fallback

(/usr/lib/xdg-desktop-portal:971406): xdg-desktop-portal-WARNING **: 02:28:58.814: Choosing gtk.portal for org.freedesktop.impl.portal.Notification as a last-resort fallback

(/usr/lib/xdg-desktop-portal:971406): xdg-desktop-portal-WARNING **: 02:28:58.814: Choosing gtk.portal for org.freedesktop.impl.portal.Inhibit as a last-resort fallback

(/usr/lib/xdg-desktop-portal:971406): xdg-desktop-portal-WARNING **: 02:28:58.818: Failed to connect to PipeWire: Couldn't connect to PipeWire

(/usr/lib/xdg-desktop-portal:971406): xdg-desktop-portal-WARNING **: 02:28:58.818: Choosing gtk.portal for org.freedesktop.impl.portal.Account as a last-resort fallback

(/usr/lib/xdg-desktop-portal:971406): xdg-desktop-portal-WARNING **: 02:28:58.821: Choosing gtk.portal for org.freedesktop.impl.portal.Email as a last-resort fallback

(/usr/lib/xdg-desktop-portal:971406): xdg-desktop-portal-WARNING **: 02:28:58.823: Choosing gtk.portal for org.freedesktop.impl.portal.DynamicLauncher as a last-resort fallback
{"trial": "C002-toggle-COMP_CR-n1-r00", "kind": "n1", "outcome": "budget_exhausted", "routine_outcome": "budget_exhausted", "oracle_exact_match": false, "completion_mutations": 0, "routes": ["compiled", "fallback:provider", "fallback:provider", "fallback:provider", "fallback:provider"], "error": null, "la": "12.82", "dec": 4, "prov": {"attempts": 0, "reached": 0}}
[2m2026-10-03T07:29:02.637689Z[0m [33m WARN[0m [2mcua_driver_sdk::runtime[0m[2m:[0m could not activate the persistent AT-SPI listener: AT-SPI connect failed: ZBus Error: MethodError(OwnedErrorName("org.freedesktop.DBus.Error.NameHasNoOwner"), Some("Could not activate remote peer 'org.a11y.atspi.Registry': unit failed"), Msg { type: Error, serial: 4294967295, sender: UniqueName("org.freedesktop.DBus"), reply-serial: 9, body: Str, fds: [] })
[2m2026-10-03T07:29:02.653855Z[0m [33m WARN[0m [2mplatform_linux::overlay[0m[2m:[0m X11 overlay: root reads cannot see this window's own pixels; save-unders will be served without readback confirmation
{"trial": "C003-modal-COMP_CR-n1-r00", "kind": "n1", "outcome": "unknown", "routine_outcome": "unknown", "oracle_exact_match": false, "completion_mutations": 0, "routes": ["compiled", "fallback:provider", "fallback:provider"], "error": null, "la": "12.67", "dec": 2, "prov": {"attempts": 0, "reached": 0}}
[2m2026-10-03T07:29:06.911541Z[0m [33m WARN[0m [2mcua_driver_sdk::runtime[0m[2m:[0m could not activate the persistent AT-SPI listener: AT-SPI connect failed: ZBus Error: MethodError(OwnedErrorName("org.freedesktop.DBus.Error.NameHasNoOwner"), Some("Could not activate remote peer 'org.a11y.atspi.Registry': unit failed"), Msg { type: Error, serial: 4294967295, sender: UniqueName("org.freedesktop.DBus"), reply-serial: 9, body: Str, fds: [] })
[2m2026-10-03T07:29:06.920827Z[0m [33m WARN[0m [2mplatform_linux::overlay[0m[2m:[0m X11 overlay: root reads cannot see this window's own pixels; save-unders will be served without readback confirmation
{"trial": "C004-toggle-COMP_CR-n2-r00", "kind": "n2", "outcome": "budget_exhausted", "routine_outcome": "budget_exhausted", "oracle_exact_match": false, "completion_mutations": 0, "routes": ["compiled", "fallback:provider", "fallback:provider", "fallback:provider", "fallback:provider"], "error": null, "la": "12.22", "dec": 4, "prov": {"attempts": 0, "reached": 0}}
[2m2026-10-03T07:29:11.201145Z[0m [33m WARN[0m [2mcua_driver_sdk::runtime[0m[2m:[0m could not activate the persistent AT-SPI listener: AT-SPI connect failed: ZBus Error: MethodError(OwnedErrorName("org.freedesktop.DBus.Error.NameHasNoOwner"), Some("Could not activate remote peer 'org.a11y.atspi.Registry': unit failed"), Msg { type: Error, serial: 4294967295, sender: UniqueName("org.freedesktop.DBus"), reply-serial: 9, body: Str, fds: [] })
[2m2026-10-03T07:29:11.218617Z[0m [33m WARN[0m [2mplatform_linux::overlay[0m[2m:[0m X11 overlay: root reads cannot see this window's own pixels; save-unders will be served without readback confirmation
{"trial": "C005-modal-COMP_CR-n2-r00", "kind": "n2", "outcome": "unknown", "routine_outcome": "unknown", "oracle_exact_match": false, "completion_mutations": 0, "routes": ["compiled", "fallback:provider", "fallback:provider"], "error": null, "la": "11.80", "dec": 2, "prov": {"attempts": 0, "reached": 0}}
[2m2026-10-03T07:29:15.259117Z[0m [33m WARN[0m [2mcua_driver_sdk::runtime[0m[2m:[0m could not activate the persistent AT-SPI listener: AT-SPI connect failed: ZBus Error: MethodError(OwnedErrorName("org.freedesktop.DBus.Error.NameHasNoOwner"), Some("Could not activate remote peer 'org.a11y.atspi.Registry': unit failed"), Msg { type: Error, serial: 4294967295, sender: UniqueName("org.freedesktop.DBus"), reply-serial: 9, body: Str, fds: [] })
[2m2026-10-03T07:29:15.277790Z[0m [33m WARN[0m [2mplatform_linux::overlay[0m[2m:[0m X11 overlay: root reads cannot see this window's own pixels; save-unders will be served without readback confirmation
{"trial": "C006-toggle-COMP_CR-n3-r00", "kind": "n3", "outcome": "budget_exhausted", "routine_outcome": "budget_exhausted", "oracle_exact_match": false, "completion_mutations": 0, "routes": ["compiled", "fallback:provider", "fallback:provider", "fallback:provider", "fallback:provider"], "error": null, "la": "11.10", "dec": 4, "prov": {"attempts": 0, "reached": 0}}
[2m2026-10-03T07:29:19.332536Z[0m [33m WARN[0m [2mcua_driver_sdk::runtime[0m[2m:[0m could not activate the persistent AT-SPI listener: AT-SPI connect failed: ZBus Error: MethodError(OwnedErrorName("org.freedesktop.DBus.Error.NameHasNoOwner"), Some("Could not activate remote peer 'org.a11y.atspi.Registry': unit failed"), Msg { type: Error, serial: 4294967295, sender: UniqueName("org.freedesktop.DBus"), reply-serial: 9, body: Str, fds: [] })
[2m2026-10-03T07:29:19.348891Z[0m [33m WARN[0m [2mplatform_linux::overlay[0m[2m:[0m X11 overlay: root reads cannot see this window's own pixels; save-unders will be served without readback confirmation
{"trial": "C007-modal-COMP_CR-n3-r00", "kind": "n3", "outcome": "budget_exhausted", "routine_outcome": "budget_exhausted", "oracle_exact_match": false, "completion_mutations": 0, "routes": ["compiled", "fallback:provider", "fallback:provider", "fallback:provider", "fallback:provider"], "error": null, "la": "11.10", "dec": 4, "prov": {"attempts": 0, "reached": 0}}
[2m2026-10-03T07:29:23.566799Z[0m [33m WARN[0m [2mcua_driver_sdk::runtime[0m[2m:[0m could not activate the persistent AT-SPI listener: AT-SPI connect failed: ZBus Error: MethodError(OwnedErrorName("org.freedesktop.DBus.Error.NameHasNoOwner"), Some("Could not activate remote peer 'org.a11y.atspi.Registry': unit failed"), Msg { type: Error, serial: 4294967295, sender: UniqueName("org.freedesktop.DBus"), reply-serial: 9, body: Str, fds: [] })
[2m2026-10-03T07:29:23.577725Z[0m [33m WARN[0m [2mplatform_linux::overlay[0m[2m:[0m X11 overlay: root reads cannot see this window's own pixels; save-unders will be served without readback confirmation
{"trial": "C008-toggle-COMP_CR-n4a-r00", "kind": "n4a", "outcome": "verified", "routine_outcome": "verified", "oracle_exact_match": true, "completion_mutations": 1, "routes": ["compiled"], "error": null, "la": "11.09", "dec": 0, "prov": {"attempts": 0, "reached": 0}}
[2m2026-10-03T07:29:25.233928Z[0m [33m WARN[0m [2mcua_driver_sdk::runtime[0m[2m:[0m could not activate the persistent AT-SPI listener: AT-SPI connect failed: ZBus Error: MethodError(OwnedErrorName("org.freedesktop.DBus.Error.NameHasNoOwner"), Some("Could not activate remote peer 'org.a11y.atspi.Registry': unit failed"), Msg { type: Error, serial: 4294967295, sender: UniqueName("org.freedesktop.DBus"), reply-serial: 9, body: Str, fds: [] })
[2m2026-10-03T07:29:25.244009Z[0m [33m WARN[0m [2mplatform_linux::overlay[0m[2m:[0m X11 overlay: root reads cannot see this window's own pixels; save-unders will be served without readback confirmation
{"trial": "C009-modal-COMP_CR-n4a-r00", "kind": "n4a", "outcome": "verified", "routine_outcome": "verified", "oracle_exact_match": true, "completion_mutations": 1, "routes": ["compiled"], "error": null, "la": "10.52", "dec": 0, "prov": {"attempts": 0, "reached": 0}}
[2m2026-10-03T07:29:26.892099Z[0m [33m WARN[0m [2mcua_driver_sdk::runtime[0m[2m:[0m could not activate the persistent AT-SPI listener: AT-SPI connect failed: ZBus Error: MethodError(OwnedErrorName("org.freedesktop.DBus.Error.NameHasNoOwner"), Some("Could not activate remote peer 'org.a11y.atspi.Registry': unit failed"), Msg { type: Error, serial: 4294967295, sender: UniqueName("org.freedesktop.DBus"), reply-serial: 9, body: Str, fds: [] })
[2m2026-10-03T07:29:26.903491Z[0m [33m WARN[0m [2mplatform_linux::overlay[0m[2m:[0m X11 overlay: root reads cannot see this window's own pixels; save-unders will be served without readback confirmation
{"trial": "C010-toggle-COMP_CR-n4b-r00", "kind": "n4b", "outcome": "verified", "routine_outcome": "verified", "oracle_exact_match": true, "completion_mutations": 1, "routes": ["compiled"], "error": null, "la": "10.52", "dec": 0, "prov": {"attempts": 0, "reached": 0}}
[2m2026-10-03T07:29:28.632115Z[0m [33m WARN[0m [2mcua_driver_sdk::runtime[0m[2m:[0m could not activate the persistent AT-SPI listener: AT-SPI connect failed: ZBus Error: MethodError(OwnedErrorName("org.freedesktop.DBus.Error.NameHasNoOwner"), Some("Could not activate remote peer 'org.a11y.atspi.Registry': unit failed"), Msg { type: Error, serial: 4294967295, sender: UniqueName("org.freedesktop.DBus"), reply-serial: 9, body: Str, fds: [] })
[2m2026-10-03T07:29:28.641804Z[0m [33m WARN[0m [2mplatform_linux::overlay[0m[2m:[0m X11 overlay: root reads cannot see this window's own pixels; save-unders will be served without readback confirmation
{"trial": "C011-modal-COMP_CR-n4b-r00", "kind": "n4b", "outcome": "verified", "routine_outcome": "verified", "oracle_exact_match": true, "completion_mutations": 1, "routes": ["compiled"], "error": null, "la": "10.52", "dec": 0, "prov": {"attempts": 0, "reached": 0}}
A connection to the bus can't be made
CRITICAL: [dbus_cb_name_lost:1438] Cannot connect to DBus.
[2026-10-03T07:29:30.384Z] chunk R2-07d-C2 rc=0 loadavg=10.00 8.49 5.76
