[2026-10-03T07:28:32.668Z] chunk R2-07d-C1 mode=shared live=0 loadavg=12.24 8.25 5.49
[r2-07d] xdpyinfo probe ok DISPLAY=:100
[r2-07c] display=:100 xdg_runtime_private=yes key=absent loadavg=12.92 8.52 5.61
[2m2026-10-03T07:28:41.800850Z[0m [33m WARN[0m [2mcua_driver_sdk::runtime[0m[2m:[0m could not activate the persistent AT-SPI listener: AT-SPI connect failed: ZBus Error: MethodError(OwnedErrorName("org.freedesktop.DBus.Error.NameHasNoOwner"), Some("Could not activate remote peer 'org.a11y.atspi.Registry': unit failed"), Msg { type: Error, serial: 4294967295, sender: UniqueName("org.freedesktop.DBus"), reply-serial: 10, body: Str, fds: [] })
[2m2026-10-03T07:28:41.817486Z[0m [33m WARN[0m [2mplatform_linux::overlay[0m[2m:[0m X11 overlay: root reads cannot see this window's own pixels; save-unders will be served without readback confirmation
fusermount3: mount failed: Operation not permitted
fusermount3: mount failed: Operation not permitted

(/usr/lib/xdg-desktop-portal:969641): xdg-desktop-portal-WARNING **: 02:28:43.321: Document portal fuse mount point unknown: GDBus.Error:org.freedesktop.DBus.Error.NoReply: Message recipient disconnected from message bus without replying

(/usr/lib/xdg-desktop-portal:969641): xdg-desktop-portal-WARNING **: 02:28:43.321: Choosing gtk.portal for org.freedesktop.impl.portal.Lockdown as a last-resort fallback

** (xdg-desktop-portal-gtk:969667): WARNING **: 02:28:43.371: AT-SPI: Could not obtain desktop path or name


** (xdg-desktop-portal-gtk:969667): WARNING **: 02:28:43.374: atk-bridge: GetRegisteredEvents returned message with unknown signature

** (xdg-desktop-portal-gtk:969667): WARNING **: 02:28:43.374: atk-bridge: get_device_events_reply: unknown signature

(/usr/lib/xdg-desktop-portal:969641): xdg-desktop-portal-WARNING **: 02:28:43.375: Choosing gtk.portal for org.freedesktop.impl.portal.Access as a last-resort fallback

(/usr/lib/xdg-desktop-portal:969641): xdg-desktop-portal-WARNING **: 02:28:43.397: Choosing gtk.portal for org.freedesktop.impl.portal.Settings as a last-resort fallback

(/usr/lib/xdg-desktop-portal:969641): xdg-desktop-portal-WARNING **: 02:28:43.398: Choosing gtk.portal for org.freedesktop.impl.portal.FileChooser as a last-resort fallback

(/usr/lib/xdg-desktop-portal:969641): xdg-desktop-portal-WARNING **: 02:28:43.398: Choosing gtk.portal for org.freedesktop.impl.portal.AppChooser as a last-resort fallback

(/usr/lib/xdg-desktop-portal:969641): xdg-desktop-portal-WARNING **: 02:28:43.399: Choosing gtk.portal for org.freedesktop.impl.portal.Print as a last-resort fallback

(/usr/lib/xdg-desktop-portal:969641): xdg-desktop-portal-WARNING **: 02:28:43.399: Choosing gtk.portal for org.freedesktop.impl.portal.Notification as a last-resort fallback

(/usr/lib/xdg-desktop-portal:969641): xdg-desktop-portal-WARNING **: 02:28:43.400: Choosing gtk.portal for org.freedesktop.impl.portal.Inhibit as a last-resort fallback

(/usr/lib/xdg-desktop-portal:969641): xdg-desktop-portal-WARNING **: 02:28:43.402: Failed to connect to PipeWire: Couldn't connect to PipeWire

(/usr/lib/xdg-desktop-portal:969641): xdg-desktop-portal-WARNING **: 02:28:43.402: Choosing gtk.portal for org.freedesktop.impl.portal.Account as a last-resort fallback

(/usr/lib/xdg-desktop-portal:969641): xdg-desktop-portal-WARNING **: 02:28:43.403: Choosing gtk.portal for org.freedesktop.impl.portal.Email as a last-resort fallback

(/usr/lib/xdg-desktop-portal:969641): xdg-desktop-portal-WARNING **: 02:28:43.404: Choosing gtk.portal for org.freedesktop.impl.portal.DynamicLauncher as a last-resort fallback
[2m2026-10-03T07:28:43.949410Z[0m [33m WARN[0m [2mcua_driver_sdk::runtime[0m[2m:[0m could not activate the persistent AT-SPI listener: AT-SPI connect failed: ZBus Error: MethodError(OwnedErrorName("org.freedesktop.DBus.Error.NameHasNoOwner"), Some("Could not activate remote peer 'org.a11y.atspi.Registry': unit failed"), Msg { type: Error, serial: 4294967295, sender: UniqueName("org.freedesktop.DBus"), reply-serial: 9, body: Str, fds: [] })
[2m2026-10-03T07:28:43.964146Z[0m [33m WARN[0m [2mplatform_linux::overlay[0m[2m:[0m X11 overlay: root reads cannot see this window's own pixels; save-unders will be served without readback confirmation
{"trial": "C000-toggle-COMP_CR-train-r00-admission", "kind": "admission", "outcome": "verified", "routine_outcome": "verified", "oracle_exact_match": true, "completion_mutations": 1, "routes": ["compiled"], "error": null, "la": "12.92", "dec": 0, "prov": {"attempts": 0, "reached": 0}}
{"trial": "C000-toggle-COMP_CR-train-r00", "kind": "train", "outcome": "verified", "routine_outcome": null, "oracle_exact_match": true, "completion_mutations": 1, "routes": ["provider", "provider"], "error": null, "la": "12.92", "dec": 2, "prov": {"attempts": 0, "reached": 0}}
[2m2026-10-03T07:28:46.001946Z[0m [33m WARN[0m [2mcua_driver_sdk::runtime[0m[2m:[0m could not activate the persistent AT-SPI listener: AT-SPI connect failed: ZBus Error: MethodError(OwnedErrorName("org.freedesktop.DBus.Error.NameHasNoOwner"), Some("Could not activate remote peer 'org.a11y.atspi.Registry': unit failed"), Msg { type: Error, serial: 4294967295, sender: UniqueName("org.freedesktop.DBus"), reply-serial: 9, body: Str, fds: [] })
[2m2026-10-03T07:28:46.024330Z[0m [33m WARN[0m [2mplatform_linux::overlay[0m[2m:[0m X11 overlay: root reads cannot see this window's own pixels; save-unders will be served without readback confirmation
[2m2026-10-03T07:28:47.433427Z[0m [33m WARN[0m [2mcua_driver_sdk::runtime[0m[2m:[0m could not activate the persistent AT-SPI listener: AT-SPI connect failed: ZBus Error: MethodError(OwnedErrorName("org.freedesktop.DBus.Error.NameHasNoOwner"), Some("Could not activate remote peer 'org.a11y.atspi.Registry': unit failed"), Msg { type: Error, serial: 4294967295, sender: UniqueName("org.freedesktop.DBus"), reply-serial: 9, body: Str, fds: [] })
[2m2026-10-03T07:28:47.455036Z[0m [33m WARN[0m [2mplatform_linux::overlay[0m[2m:[0m X11 overlay: root reads cannot see this window's own pixels; save-unders will be served without readback confirmation
{"trial": "C001-modal-COMP_CR-train-r00-admission", "kind": "admission", "outcome": "verified", "routine_outcome": "verified", "oracle_exact_match": true, "completion_mutations": 1, "routes": ["compiled"], "error": null, "la": "13.25", "dec": 0, "prov": {"attempts": 0, "reached": 0}}
{"trial": "C001-modal-COMP_CR-train-r00", "kind": "train", "outcome": "verified", "routine_outcome": null, "oracle_exact_match": true, "completion_mutations": 1, "routes": ["provider", "provider"], "error": null, "la": "13.25", "dec": 2, "prov": {"attempts": 0, "reached": 0}}
X connection to :100 broken (explicit kill or server shutdown).
X connection to :100 broken (explicit kill or server shutdown).
A connection to the bus can't be made
[2026-10-03T07:28:49.135Z] chunk R2-07d-C1 rc=0 loadavg=13.25 8.66 5.67
