[2026-10-03T07:29:30.393Z] chunk R2-07d-C3 mode=shared live=0 loadavg=10.00 8.49 5.76
[r2-07d] xdpyinfo probe ok DISPLAY=:100
[r2-07c] display=:100 xdg_runtime_private=yes key=absent loadavg=9.52 8.42 5.75
[2m2026-10-03T07:29:42.085322Z[0m [33m WARN[0m [2mcua_driver_sdk::runtime[0m[2m:[0m could not activate the persistent AT-SPI listener: AT-SPI connect failed: ZBus Error: MethodError(OwnedErrorName("org.freedesktop.DBus.Error.NameHasNoOwner"), Some("Could not activate remote peer 'org.a11y.atspi.Registry': unit failed"), Msg { type: Error, serial: 4294967295, sender: UniqueName("org.freedesktop.DBus"), reply-serial: 10, body: Str, fds: [] })
[2m2026-10-03T07:29:42.136346Z[0m [33m WARN[0m [2mplatform_linux::overlay[0m[2m:[0m X11 overlay: root reads cannot see this window's own pixels; save-unders will be served without readback confirmation
fusermount3: mount failed: Operation not permitted
fusermount3: mount failed: Operation not permitted

(/usr/lib/xdg-desktop-portal:979311): xdg-desktop-portal-WARNING **: 02:29:45.870: Document portal fuse mount point unknown: GDBus.Error:org.freedesktop.DBus.Error.ServiceUnknown: The name :1.11 was not provided by any .service files

(/usr/lib/xdg-desktop-portal:979311): xdg-desktop-portal-WARNING **: 02:29:45.870: Choosing gtk.portal for org.freedesktop.impl.portal.Lockdown as a last-resort fallback

** (xdg-desktop-portal-gtk:979404): WARNING **: 02:29:46.082: AT-SPI: Could not obtain desktop path or name


(/usr/lib/xdg-desktop-portal:979311): xdg-desktop-portal-WARNING **: 02:29:46.092: Choosing gtk.portal for org.freedesktop.impl.portal.Access as a last-resort fallback

** (xdg-desktop-portal-gtk:979404): WARNING **: 02:29:46.094: atk-bridge: GetRegisteredEvents returned message with unknown signature

** (xdg-desktop-portal-gtk:979404): WARNING **: 02:29:46.094: atk-bridge: get_device_events_reply: unknown signature

(/usr/lib/xdg-desktop-portal:979311): xdg-desktop-portal-WARNING **: 02:29:46.180: Choosing gtk.portal for org.freedesktop.impl.portal.Settings as a last-resort fallback

(/usr/lib/xdg-desktop-portal:979311): xdg-desktop-portal-WARNING **: 02:29:46.188: Choosing gtk.portal for org.freedesktop.impl.portal.FileChooser as a last-resort fallback

(/usr/lib/xdg-desktop-portal:979311): xdg-desktop-portal-WARNING **: 02:29:46.198: Choosing gtk.portal for org.freedesktop.impl.portal.AppChooser as a last-resort fallback

(/usr/lib/xdg-desktop-portal:979311): xdg-desktop-portal-WARNING **: 02:29:46.207: Choosing gtk.portal for org.freedesktop.impl.portal.Print as a last-resort fallback

(/usr/lib/xdg-desktop-portal:979311): xdg-desktop-portal-WARNING **: 02:29:46.217: Choosing gtk.portal for org.freedesktop.impl.portal.Notification as a last-resort fallback

(/usr/lib/xdg-desktop-portal:979311): xdg-desktop-portal-WARNING **: 02:29:46.231: Choosing gtk.portal for org.freedesktop.impl.portal.Inhibit as a last-resort fallback

(/usr/lib/xdg-desktop-portal:979311): xdg-desktop-portal-WARNING **: 02:29:46.248: Failed to connect to PipeWire: Couldn't connect to PipeWire

(/usr/lib/xdg-desktop-portal:979311): xdg-desktop-portal-WARNING **: 02:29:46.249: Choosing gtk.portal for org.freedesktop.impl.portal.Account as a last-resort fallback

(/usr/lib/xdg-desktop-portal:979311): xdg-desktop-portal-WARNING **: 02:29:46.265: Choosing gtk.portal for org.freedesktop.impl.portal.Email as a last-resort fallback

(/usr/lib/xdg-desktop-portal:979311): xdg-desktop-portal-WARNING **: 02:29:46.279: Choosing gtk.portal for org.freedesktop.impl.portal.DynamicLauncher as a last-resort fallback
{"trial": "C012-toggle-COMP_CR-n5-r00", "kind": "n5", "outcome": "verified", "routine_outcome": "verified", "oracle_exact_match": true, "completion_mutations": 1, "routes": ["compiled"], "error": null, "la": "11.24", "dec": 0, "prov": {"attempts": 0, "reached": 0}}
[2m2026-10-03T07:29:48.011547Z[0m [33m WARN[0m [2mcua_driver_sdk::runtime[0m[2m:[0m could not activate the persistent AT-SPI listener: AT-SPI connect failed: ZBus Error: MethodError(OwnedErrorName("org.freedesktop.DBus.Error.NameHasNoOwner"), Some("Could not activate remote peer 'org.a11y.atspi.Registry': unit failed"), Msg { type: Error, serial: 4294967295, sender: UniqueName("org.freedesktop.DBus"), reply-serial: 9, body: Str, fds: [] })
[2m2026-10-03T07:29:48.054340Z[0m [33m WARN[0m [2mplatform_linux::overlay[0m[2m:[0m X11 overlay: root reads cannot see this window's own pixels; save-unders will be served without readback confirmation
{"trial": "C013-modal-COMP_CR-n5-r00", "kind": "n5", "outcome": "verified", "routine_outcome": "verified", "oracle_exact_match": true, "completion_mutations": 1, "routes": ["compiled"], "error": null, "la": "12.26", "dec": 0, "prov": {"attempts": 0, "reached": 0}}
[2m2026-10-03T07:29:52.810315Z[0m [33m WARN[0m [2mcua_driver_sdk::runtime[0m[2m:[0m could not activate the persistent AT-SPI listener: AT-SPI connect failed: ZBus Error: MethodError(OwnedErrorName("org.freedesktop.DBus.Error.NameHasNoOwner"), Some("Could not activate remote peer 'org.a11y.atspi.Registry': unit failed"), Msg { type: Error, serial: 4294967295, sender: UniqueName("org.freedesktop.DBus"), reply-serial: 9, body: Str, fds: [] })
[2m2026-10-03T07:29:52.858366Z[0m [33m WARN[0m [2mplatform_linux::overlay[0m[2m:[0m X11 overlay: root reads cannot see this window's own pixels; save-unders will be served without readback confirmation
{"trial": "C014-toggle-COMP_CR-n6-r00", "kind": "n6", "outcome": "budget_exhausted", "routine_outcome": "budget_exhausted", "oracle_exact_match": false, "completion_mutations": 0, "routes": ["compiled", "fallback:provider", "fallback:provider", "fallback:provider", "fallback:provider"], "error": null, "la": "13.52", "dec": 4, "prov": {"attempts": 0, "reached": 0}}
[2m2026-10-03T07:29:59.881574Z[0m [33m WARN[0m [2mcua_driver_sdk::runtime[0m[2m:[0m could not activate the persistent AT-SPI listener: AT-SPI connect failed: ZBus Error: MethodError(OwnedErrorName("org.freedesktop.DBus.Error.NameHasNoOwner"), Some("Could not activate remote peer 'org.a11y.atspi.Registry': unit failed"), Msg { type: Error, serial: 4294967295, sender: UniqueName("org.freedesktop.DBus"), reply-serial: 9, body: Str, fds: [] })
[2m2026-10-03T07:29:59.925698Z[0m [33m WARN[0m [2mplatform_linux::overlay[0m[2m:[0m X11 overlay: root reads cannot see this window's own pixels; save-unders will be served without readback confirmation
{"trial": "C015-modal-COMP_CR-n6-r00", "kind": "n6", "outcome": "budget_exhausted", "routine_outcome": "budget_exhausted", "oracle_exact_match": false, "completion_mutations": 0, "routes": ["compiled", "fallback:provider", "fallback:provider", "fallback:provider", "fallback:provider"], "error": null, "la": "16.63", "dec": 4, "prov": {"attempts": 0, "reached": 0}}
[2m2026-10-03T07:30:06.719648Z[0m [33m WARN[0m [2mcua_driver_sdk::runtime[0m[2m:[0m could not activate the persistent AT-SPI listener: AT-SPI connect failed: ZBus Error: MethodError(OwnedErrorName("org.freedesktop.DBus.Error.NameHasNoOwner"), Some("Could not activate remote peer 'org.a11y.atspi.Registry': unit failed"), Msg { type: Error, serial: 4294967295, sender: UniqueName("org.freedesktop.DBus"), reply-serial: 9, body: Str, fds: [] })
[2m2026-10-03T07:30:06.779356Z[0m [33m WARN[0m [2mplatform_linux::overlay[0m[2m:[0m X11 overlay: root reads cannot see this window's own pixels; save-unders will be served without readback confirmation
{"trial": "C016-toggle-COMP_CR-n7-r00", "kind": "n7", "outcome": "verified", "routine_outcome": "fallback_verified", "oracle_exact_match": true, "completion_mutations": 1, "routes": ["compiled", "fallback:provider"], "error": null, "la": "18.58", "dec": 1, "prov": {"attempts": 0, "reached": 0}}
[2m2026-10-03T07:30:13.477314Z[0m [33m WARN[0m [2mcua_driver_sdk::runtime[0m[2m:[0m could not activate the persistent AT-SPI listener: AT-SPI connect failed: ZBus Error: MethodError(OwnedErrorName("org.freedesktop.DBus.Error.NameHasNoOwner"), Some("Could not activate remote peer 'org.a11y.atspi.Registry': unit failed"), Msg { type: Error, serial: 4294967295, sender: UniqueName("org.freedesktop.DBus"), reply-serial: 9, body: Str, fds: [] })
[2m2026-10-03T07:30:13.502209Z[0m [33m WARN[0m [2mplatform_linux::overlay[0m[2m:[0m X11 overlay: root reads cannot see this window's own pixels; save-unders will be served without readback confirmation
{"trial": "C017-modal-COMP_CR-n7-r00", "kind": "n7", "outcome": "verified", "routine_outcome": "fallback_verified", "oracle_exact_match": true, "completion_mutations": 1, "routes": ["compiled", "fallback:provider"], "error": null, "la": "22.46", "dec": 1, "prov": {"attempts": 0, "reached": 0}}
[2m2026-10-03T07:30:15.627830Z[0m [33m WARN[0m [2mcua_driver_sdk::runtime[0m[2m:[0m could not activate the persistent AT-SPI listener: AT-SPI connect failed: ZBus Error: MethodError(OwnedErrorName("org.freedesktop.DBus.Error.NameHasNoOwner"), Some("Could not activate remote peer 'org.a11y.atspi.Registry': unit failed"), Msg { type: Error, serial: 4294967295, sender: UniqueName("org.freedesktop.DBus"), reply-serial: 9, body: Str, fds: [] })
[2m2026-10-03T07:30:15.640665Z[0m [33m WARN[0m [2mplatform_linux::overlay[0m[2m:[0m X11 overlay: root reads cannot see this window's own pixels; save-unders will be served without readback confirmation
{"trial": "C018-toggle-on-fill-COMP_CR-n8-r00", "kind": "n8", "outcome": "budget_exhausted", "routine_outcome": "budget_exhausted", "oracle_exact_match": false, "completion_mutations": 0, "routes": ["compiled", "fallback:provider", "fallback:provider", "fallback:provider", "fallback:provider"], "error": null, "la": "21.94", "dec": 4, "prov": {"attempts": 0, "reached": 0}}
[2m2026-10-03T07:30:20.070084Z[0m [33m WARN[0m [2mcua_driver_sdk::runtime[0m[2m:[0m could not activate the persistent AT-SPI listener: AT-SPI connect failed: ZBus Error: MethodError(OwnedErrorName("org.freedesktop.DBus.Error.NameHasNoOwner"), Some("Could not activate remote peer 'org.a11y.atspi.Registry': unit failed"), Msg { type: Error, serial: 4294967295, sender: UniqueName("org.freedesktop.DBus"), reply-serial: 9, body: Str, fds: [] })
[2m2026-10-03T07:30:20.098606Z[0m [33m WARN[0m [2mplatform_linux::overlay[0m[2m:[0m X11 overlay: root reads cannot see this window's own pixels; save-unders will be served without readback confirmation
{"trial": "C019-toggle-on-modal-COMP_CR-n8-r00", "kind": "n8", "outcome": "budget_exhausted", "routine_outcome": "budget_exhausted", "oracle_exact_match": false, "completion_mutations": 0, "routes": ["compiled", "fallback:provider", "fallback:provider", "fallback:provider", "fallback:provider"], "error": null, "la": "22.51", "dec": 4, "prov": {"attempts": 0, "reached": 0}}
[2m2026-10-03T07:30:25.385430Z[0m [33m WARN[0m [2mcua_driver_sdk::runtime[0m[2m:[0m could not activate the persistent AT-SPI listener: AT-SPI connect failed: ZBus Error: MethodError(OwnedErrorName("org.freedesktop.DBus.Error.NameHasNoOwner"), Some("Could not activate remote peer 'org.a11y.atspi.Registry': unit failed"), Msg { type: Error, serial: 4294967295, sender: UniqueName("org.freedesktop.DBus"), reply-serial: 9, body: Str, fds: [] })
[2m2026-10-03T07:30:25.396850Z[0m [33m WARN[0m [2mplatform_linux::overlay[0m[2m:[0m X11 overlay: root reads cannot see this window's own pixels; save-unders will be served without readback confirmation
{"trial": "C020-modal-on-toggle-COMP_CR-n8-r00", "kind": "n8", "outcome": "budget_exhausted", "routine_outcome": "budget_exhausted", "oracle_exact_match": false, "completion_mutations": 0, "routes": ["compiled", "fallback:provider", "fallback:provider", "fallback:provider", "fallback:provider"], "error": null, "la": "21.75", "dec": 4, "prov": {"attempts": 0, "reached": 0}}
A connection to the bus can't be made
CRITICAL: [dbus_cb_name_lost:1438] Cannot connect to DBus.
[2026-10-03T07:30:30.544Z] chunk R2-07d-C3 rc=0 loadavg=20.89 11.98 7.13
