[sway-session] ready WAYLAND_DISPLAY=wayland-1 DISPLAY=:3 seats=2 outputs=1280x720
Cua Driver sends content-free product telemetry by default. Run `cua-driver telemetry disable` to stop it; `cua-driver telemetry status` shows the current setting.
dbus-daemon[3]: [session uid=1000 pid=3 pidfd=5] Activating service name='org.a11y.Bus' requested by ':1.0' (uid=1000 pid=34 comm="<LANES>/bin/cua-driver-r2")
dbus-daemon[3]: [session uid=1000 pid=3 pidfd=5] Successfully activated service 'org.a11y.Bus'
dbus-daemon[3]: [session uid=1000 pid=3 pidfd=5] Activating service name='ca.desrt.dconf' requested by ':1.1' (uid=1000 pid=45 comm="/usr/lib/at-spi-bus-launcher")
dbus-daemon[3]: [session uid=1000 pid=3 pidfd=5] Successfully activated service 'ca.desrt.dconf'
dbus-daemon[3]: [session uid=1000 pid=3 pidfd=5] Activating service name='org.freedesktop.systemd1' requested by ':1.4' (uid=1000 pid=75 comm="/usr/bin/dbus-broker-launch --config-file=/usr/sha")
dbus-daemon[3]: [session uid=1000 pid=3 pidfd=5] Activated service 'org.freedesktop.systemd1' failed: Process org.freedesktop.systemd1 exited with status 1
[2m2026-10-02T04:46:22.456927Z[0m [33m WARN[0m [2mcua_driver_sdk::runtime[0m[2m:[0m could not activate the persistent AT-SPI listener: AT-SPI connect failed: ZBus Error: MethodError(OwnedErrorName("org.freedesktop.DBus.Error.NameHasNoOwner"), Some("Could not activate remote peer 'org.a11y.atspi.Registry': unit failed"), Msg { type: Error, serial: 4294967295, sender: UniqueName("org.freedesktop.DBus"), reply-serial: 10, body: Str, fds: [] })
dbus-daemon[3]: [session uid=1000 pid=3 pidfd=5] Activating service name='org.freedesktop.portal.Desktop' requested by ':1.8' (uid=1000 pid=34 comm="<LANES>/bin/cua-driver-r2")
dbus-daemon[3]: [session uid=1000 pid=3 pidfd=5] Activating service name='org.freedesktop.impl.portal.PermissionStore' requested by ':1.9' (uid=1000 pid=157 comm="/usr/lib/xdg-desktop-portal")
dbus-daemon[3]: [session uid=1000 pid=3 pidfd=5] Successfully activated service 'org.freedesktop.impl.portal.PermissionStore'
dbus-daemon[3]: [session uid=1000 pid=3 pidfd=5] Activating service name='org.freedesktop.portal.Documents' requested by ':1.9' (uid=1000 pid=157 comm="/usr/lib/xdg-desktop-portal")
dbus-daemon[3]: [session uid=1000 pid=3 pidfd=5] Successfully activated service 'org.freedesktop.portal.Documents'
fusermount3: mount failed: Operation not permitted
error: fuse init failed: Can't mount path <TMP>/sway-session.h6K91a/xdg-runtime/doc

(/usr/lib/xdg-desktop-portal:157): xdg-desktop-portal-WARNING **: 23:46:23.298: Document portal fuse mount point unknown: GDBus.Error:org.freedesktop.DBus.Error.ServiceUnknown: The name :1.11 was not provided by any .service files
dbus-daemon[3]: [session uid=1000 pid=3 pidfd=5] Activating service name='org.freedesktop.impl.portal.desktop.gtk' requested by ':1.9' (uid=1000 pid=157 comm="/usr/lib/xdg-desktop-portal")

(xdg-desktop-portal-gtk:178): Gtk-WARNING **: 23:46:23.349: cannot open display: 
dbus-daemon[3]: [session uid=1000 pid=3 pidfd=5] Activated service 'org.freedesktop.impl.portal.desktop.gtk' failed: Process org.freedesktop.impl.portal.desktop.gtk exited with status 1
dbus-daemon[3]: [session uid=1000 pid=3 pidfd=5] Activating service name='org.freedesktop.impl.portal.desktop.gtk' requested by ':1.9' (uid=1000 pid=157 comm="/usr/lib/xdg-desktop-portal")

(xdg-desktop-portal-gtk:182): Gtk-WARNING **: 23:46:23.400: cannot open display: 
dbus-daemon[3]: [session uid=1000 pid=3 pidfd=5] Activated service 'org.freedesktop.impl.portal.desktop.gtk' failed: Process org.freedesktop.impl.portal.desktop.gtk exited with status 1
dbus-daemon[3]: [session uid=1000 pid=3 pidfd=5] Activating service name='org.freedesktop.impl.portal.desktop.gtk' requested by ':1.9' (uid=1000 pid=157 comm="/usr/lib/xdg-desktop-portal")

(xdg-desktop-portal-gtk:187): Gtk-WARNING **: 23:46:23.501: cannot open display: 
dbus-daemon[3]: [session uid=1000 pid=3 pidfd=5] Activated service 'org.freedesktop.impl.portal.desktop.gtk' failed: Process org.freedesktop.impl.portal.desktop.gtk exited with status 1

(/usr/lib/xdg-desktop-portal:157): xdg-desktop-portal-WARNING **: 23:46:23.509: Failed to create settings proxy: Error calling StartServiceByName for org.freedesktop.impl.portal.desktop.gtk: Process org.freedesktop.impl.portal.desktop.gtk exited with status 1

(/usr/lib/xdg-desktop-portal:157): xdg-desktop-portal-WARNING **: 23:46:23.509: Not providing Settings portal: No working backend
dbus-daemon[3]: [session uid=1000 pid=3 pidfd=5] Activating service name='org.freedesktop.impl.portal.desktop.gtk' requested by ':1.9' (uid=1000 pid=157 comm="/usr/lib/xdg-desktop-portal")

(xdg-desktop-portal-gtk:190): Gtk-WARNING **: 23:46:23.548: cannot open display: 
dbus-daemon[3]: [session uid=1000 pid=3 pidfd=5] Activated service 'org.freedesktop.impl.portal.desktop.gtk' failed: Process org.freedesktop.impl.portal.desktop.gtk exited with status 1

(/usr/lib/xdg-desktop-portal:157): xdg-desktop-portal-WARNING **: 23:46:23.553: Failed to create file chooser proxy: Error calling StartServiceByName for org.freedesktop.impl.portal.desktop.gtk: Process org.freedesktop.impl.portal.desktop.gtk exited with status 1
dbus-daemon[3]: [session uid=1000 pid=3 pidfd=5] Activating service name='org.freedesktop.impl.portal.desktop.gtk' requested by ':1.9' (uid=1000 pid=157 comm="/usr/lib/xdg-desktop-portal")

(xdg-desktop-portal-gtk:193): Gtk-WARNING **: 23:46:23.598: cannot open display: 
dbus-daemon[3]: [session uid=1000 pid=3 pidfd=5] Activated service 'org.freedesktop.impl.portal.desktop.gtk' failed: Process org.freedesktop.impl.portal.desktop.gtk exited with status 1

(/usr/lib/xdg-desktop-portal:157): xdg-desktop-portal-WARNING **: 23:46:23.605: Failed to create app chooser proxy: Error calling StartServiceByName for org.freedesktop.impl.portal.desktop.gtk: Process org.freedesktop.impl.portal.desktop.gtk exited with status 1
dbus-daemon[3]: [session uid=1000 pid=3 pidfd=5] Activating service name='org.freedesktop.impl.portal.desktop.gtk' requested by ':1.9' (uid=1000 pid=157 comm="/usr/lib/xdg-desktop-portal")

(xdg-desktop-portal-gtk:196): Gtk-WARNING **: 23:46:23.636: cannot open display: 
dbus-daemon[3]: [session uid=1000 pid=3 pidfd=5] Activated service 'org.freedesktop.impl.portal.desktop.gtk' failed: Process org.freedesktop.impl.portal.desktop.gtk exited with status 1

(/usr/lib/xdg-desktop-portal:157): xdg-desktop-portal-WARNING **: 23:46:23.640: Failed to create print proxy: Error calling StartServiceByName for org.freedesktop.impl.portal.desktop.gtk: Process org.freedesktop.impl.portal.desktop.gtk exited with status 1
dbus-daemon[3]: [session uid=1000 pid=3 pidfd=5] Activating service name='org.freedesktop.impl.portal.desktop.gtk' requested by ':1.9' (uid=1000 pid=157 comm="/usr/lib/xdg-desktop-portal")

(xdg-desktop-portal-gtk:199): Gtk-WARNING **: 23:46:23.668: cannot open display: 
dbus-daemon[3]: [session uid=1000 pid=3 pidfd=5] Activated service 'org.freedesktop.impl.portal.desktop.gtk' failed: Process org.freedesktop.impl.portal.desktop.gtk exited with status 1

(/usr/lib/xdg-desktop-portal:157): xdg-desktop-portal-WARNING **: 23:46:23.672: Failed to create notification proxy: Error calling StartServiceByName for org.freedesktop.impl.portal.desktop.gtk: Process org.freedesktop.impl.portal.desktop.gtk exited with status 1

(/usr/lib/xdg-desktop-portal:157): xdg-desktop-portal-WARNING **: 23:46:23.672: The location portal requires an access impl

(/usr/lib/xdg-desktop-portal:157): xdg-desktop-portal-WARNING **: 23:46:23.672: The camera portal requires an access impl

(/usr/lib/xdg-desktop-portal:157): xdg-desktop-portal-WARNING **: 23:46:23.672: Choosing hyprland.portal for org.freedesktop.impl.portal.Screenshot via the deprecated UseIn key

(/usr/lib/xdg-desktop-portal:157): xdg-desktop-portal-WARNING **: 23:46:23.672: The preferred method to match portal implementations to desktop environments is to use the portals.conf(5) configuration file

(/usr/lib/xdg-desktop-portal:157): xdg-desktop-portal-WARNING **: 23:46:23.672: The screenshot portal requires an access impl
dbus-daemon[3]: [session uid=1000 pid=3 pidfd=5] Activating service name='org.freedesktop.impl.portal.desktop.gtk' requested by ':1.9' (uid=1000 pid=157 comm="/usr/lib/xdg-desktop-portal")

(xdg-desktop-portal-gtk:202): Gtk-WARNING **: 23:46:23.698: cannot open display: 
dbus-daemon[3]: [session uid=1000 pid=3 pidfd=5] Activated service 'org.freedesktop.impl.portal.desktop.gtk' failed: Process org.freedesktop.impl.portal.desktop.gtk exited with status 1

(/usr/lib/xdg-desktop-portal:157): xdg-desktop-portal-WARNING **: 23:46:23.702: Failed to create account proxy: Error calling StartServiceByName for org.freedesktop.impl.portal.desktop.gtk: Process org.freedesktop.impl.portal.desktop.gtk exited with status 1
dbus-daemon[3]: [session uid=1000 pid=3 pidfd=5] Activating service name='org.freedesktop.impl.portal.desktop.gtk' requested by ':1.9' (uid=1000 pid=157 comm="/usr/lib/xdg-desktop-portal")

(xdg-desktop-portal-gtk:205): Gtk-WARNING **: 23:46:23.723: cannot open display: 
dbus-daemon[3]: [session uid=1000 pid=3 pidfd=5] Activated service 'org.freedesktop.impl.portal.desktop.gtk' failed: Process org.freedesktop.impl.portal.desktop.gtk exited with status 1

(/usr/lib/xdg-desktop-portal:157): xdg-desktop-portal-WARNING **: 23:46:23.726: Failed to create email proxy: Error calling StartServiceByName for org.freedesktop.impl.portal.desktop.gtk: Process org.freedesktop.impl.portal.desktop.gtk exited with status 1

(/usr/lib/xdg-desktop-portal:157): xdg-desktop-portal-WARNING **: 23:46:23.727: Choosing hyprland.portal for org.freedesktop.impl.portal.GlobalShortcuts via the deprecated UseIn key
dbus-daemon[3]: [session uid=1000 pid=3 pidfd=5] Activating service name='org.freedesktop.impl.portal.desktop.hyprland' requested by ':1.9' (uid=1000 pid=157 comm="/usr/lib/xdg-desktop-portal")
dbus-daemon[3]: [session uid=1000 pid=3 pidfd=5] Successfully activated service 'org.freedesktop.impl.portal.desktop.hyprland'
[LOG] Initializing xdph...
[CRITICAL] Couldn't connect to a wayland compositor
dbus-daemon[3]: [session uid=1000 pid=3 pidfd=5] Activating service name='org.freedesktop.impl.portal.desktop.gtk' requested by ':1.9' (uid=1000 pid=157 comm="/usr/lib/xdg-desktop-portal")

(xdg-desktop-portal-gtk:210): Gtk-WARNING **: 23:46:23.770: cannot open display: 
dbus-daemon[3]: [session uid=1000 pid=3 pidfd=5] Activated service 'org.freedesktop.impl.portal.desktop.gtk' failed: Process org.freedesktop.impl.portal.desktop.gtk exited with status 1

(/usr/lib/xdg-desktop-portal:157): xdg-desktop-portal-WARNING **: 23:46:23.776: Failed to create dynamic_launcher proxy: Error calling StartServiceByName for org.freedesktop.impl.portal.desktop.gtk: Process org.freedesktop.impl.portal.desktop.gtk exited with status 1

(/usr/lib/xdg-desktop-portal:157): xdg-desktop-portal-WARNING **: 23:46:23.776: Choosing hyprland.portal for org.freedesktop.impl.portal.ScreenCast via the deprecated UseIn key
dbus-daemon[3]: [session uid=1000 pid=3 pidfd=5] Activating service name='org.freedesktop.impl.portal.desktop.hyprland' requested by ':1.9' (uid=1000 pid=157 comm="/usr/lib/xdg-desktop-portal")
dbus-daemon[3]: [session uid=1000 pid=3 pidfd=5] Successfully activated service 'org.freedesktop.impl.portal.desktop.hyprland'
[LOG] Initializing xdph...
[CRITICAL] Couldn't connect to a wayland compositor

(/usr/lib/xdg-desktop-portal:157): xdg-desktop-portal-WARNING **: 23:46:23.786: Choosing hyprland.portal for org.freedesktop.impl.portal.InputCapture via the deprecated UseIn key
dbus-daemon[3]: [session uid=1000 pid=3 pidfd=5] Activating service name='org.freedesktop.impl.portal.desktop.hyprland' requested by ':1.9' (uid=1000 pid=157 comm="/usr/lib/xdg-desktop-portal")
dbus-daemon[3]: [session uid=1000 pid=3 pidfd=5] Successfully activated service 'org.freedesktop.impl.portal.desktop.hyprland'
[LOG] Initializing xdph...
[CRITICAL] Couldn't connect to a wayland compositor
dbus-daemon[3]: [session uid=1000 pid=3 pidfd=5] Successfully activated service 'org.freedesktop.portal.Desktop'
[2m2026-10-02T04:46:23.795751Z[0m [33m WARN[0m [2mzbus::proxy[0m[2m:[0m Failed to populate properties cache via GetAll: org.freedesktop.DBus.Error.InvalidArgs: No such interface “org.freedesktop.portal.RemoteDesktop”. Property change streams will not produce values.
dbus-daemon[3]: [session uid=1000 pid=3 pidfd=5] Activating service name='org.freedesktop.systemd1' requested by ':1.4' (uid=1000 pid=75 comm="/usr/bin/dbus-broker-launch --config-file=/usr/sha")
dbus-daemon[3]: [session uid=1000 pid=3 pidfd=5] Activated service 'org.freedesktop.systemd1' failed: Process org.freedesktop.systemd1 exited with status 1
dbus-daemon[3]: [session uid=1000 pid=3 pidfd=5] Activating service name='org.freedesktop.systemd1' requested by ':1.4' (uid=1000 pid=75 comm="/usr/bin/dbus-broker-launch --config-file=/usr/sha")
dbus-daemon[3]: [session uid=1000 pid=3 pidfd=5] Activated service 'org.freedesktop.systemd1' failed: Process org.freedesktop.systemd1 exited with status 1
dbus-daemon[3]: [session uid=1000 pid=3 pidfd=5] Activating service name='org.freedesktop.systemd1' requested by ':1.4' (uid=1000 pid=75 comm="/usr/bin/dbus-broker-launch --config-file=/usr/sha")
dbus-daemon[3]: [session uid=1000 pid=3 pidfd=5] Activated service 'org.freedesktop.systemd1' failed: Process org.freedesktop.systemd1 exited with status 1
dbus-daemon[3]: [session uid=1000 pid=3 pidfd=5] Activating service name='org.freedesktop.systemd1' requested by ':1.4' (uid=1000 pid=75 comm="/usr/bin/dbus-broker-launch --config-file=/usr/sha")
dbus-daemon[3]: [session uid=1000 pid=3 pidfd=5] Activated service 'org.freedesktop.systemd1' failed: Process org.freedesktop.systemd1 exited with status 1
dbus-daemon[3]: [session uid=1000 pid=3 pidfd=5] Activating service name='org.freedesktop.systemd1' requested by ':1.4' (uid=1000 pid=75 comm="/usr/bin/dbus-broker-launch --config-file=/usr/sha")
dbus-daemon[3]: [session uid=1000 pid=3 pidfd=5] Activated service 'org.freedesktop.systemd1' failed: Process org.freedesktop.systemd1 exited with status 1
{"tool": "health_report", "session": "agentA", "is_error": false, "ms": 1062.4, "exception": null}
{"tool": "list_windows", "session": "agentA", "is_error": false, "ms": 43.9, "exception": null}
{"tool": "get_window_state", "session": "agentA", "is_error": false, "ms": 87.6, "exception": null}
{"tool": "click", "session": "agentA", "is_error": true, "ms": 9.6, "exception": null}
{"tool": "click", "session": "agentA", "is_error": false, "ms": 114.7, "exception": null}
{"tool": "get_window_state", "session": "agentB", "is_error": false, "ms": 105.9, "exception": null}
{"tool": "click", "session": "agentB", "is_error": false, "ms": 107.9, "exception": null}
{"tool": "type_text", "session": "agentA", "is_error": false, "ms": 50.4, "exception": null}
{"tool": "move_cursor", "session": "agentC", "is_error": false, "ms": 26.0, "exception": null}
[sway-session] exit rc=0 run_dir=<TMP>/sway-session.h6K91a
