[session] DISPLAY=:100 openbox=3113982 picom=3113983 dbus=unix:path=<tmp>/dbus-<id>,guid=1e99e8a6a85528fc4e391be56abf1df0
== session env DISPLAY=:100 XDG_SESSION_TYPE=x11 trace_set= knob_set=
cua-driver 0.32.0
{"event": "lock_acquired", "mode": "shared"}
Cua Driver sends content-free product telemetry by default. Run `cua-driver telemetry disable` to stop it; `cua-driver telemetry status` shows the current setting.
dbus-daemon[3113980]: [session uid=1000 pid=3113980 pidfd=5] Activating service name='org.a11y.Bus' requested by ':1.0' (uid=1000 pid=3114384 comm="<lanes>/bin/cua-driver-b0")
dbus-daemon[3113980]: [session uid=1000 pid=3113980 pidfd=5] Successfully activated service 'org.a11y.Bus'
dbus-daemon[3113980]: [session uid=1000 pid=3113980 pidfd=5] Activating service name='ca.desrt.dconf' requested by ':1.1' (uid=1000 pid=3114395 comm="/usr/lib/at-spi-bus-launcher")
dbus-daemon[3113980]: [session uid=1000 pid=3113980 pidfd=5] Successfully activated service 'ca.desrt.dconf'
[2m2026-10-02T02:58:58.881598Z[0m [33m WARN[0m [2mcua_driver_sdk::runtime[0m[2m:[0m could not activate the persistent AT-SPI listener: AT-SPI connect failed: ZBus Error: MethodError(OwnedErrorName("org.freedesktop.DBus.Error.NameHasNoOwner"), Some("Could not activate remote peer 'org.a11y.atspi.Registry': unit failed"), Msg { type: Error, serial: 4294967295, sender: UniqueName("org.freedesktop.DBus"), reply-serial: 10, body: Str, fds: [] })
[2m2026-10-02T02:58:58.891070Z[0m [33m WARN[0m [2mplatform_linux::overlay[0m[2m:[0m X11 overlay: root reads cannot see this window's own pixels; save-unders will be served without readback confirmation
dbus-daemon[3113980]: [session uid=1000 pid=3113980 pidfd=5] Activating service name='org.gtk.vfs.Daemon' requested by ':1.5' (uid=1000 pid=3114497 comm="/opt/google/chrome/chrome --remote-debugging-port=")
dbus-daemon[3113980]: [session uid=1000 pid=3113980 pidfd=5] Successfully activated service 'org.gtk.vfs.Daemon'
dbus-daemon[3113980]: [session uid=1000 pid=3113980 pidfd=5] Activating service name='org.freedesktop.Notifications' requested by ':1.8' (uid=1000 pid=3114497 comm="/opt/google/chrome/chrome --remote-debugging-port=")
dbus-daemon[3113980]: [session uid=1000 pid=3113980 pidfd=5] Activating service name='org.freedesktop.portal.Desktop' requested by ':1.8' (uid=1000 pid=3114497 comm="/opt/google/chrome/chrome --remote-debugging-port=")
dbus-daemon[3113980]: [session uid=1000 pid=3113980 pidfd=5] Activating service name='org.freedesktop.impl.portal.PermissionStore' requested by ':1.10' (uid=1000 pid=3114638 comm="/usr/lib/xdg-desktop-portal")
dbus-daemon[3113980]: [session uid=1000 pid=3113980 pidfd=5] Successfully activated service 'org.freedesktop.Notifications'
dbus-daemon[3113980]: [session uid=1000 pid=3113980 pidfd=5] Successfully activated service 'org.freedesktop.impl.portal.PermissionStore'
dbus-daemon[3113980]: [session uid=1000 pid=3113980 pidfd=5] Activating service name='org.freedesktop.portal.Documents' requested by ':1.10' (uid=1000 pid=3114638 comm="/usr/lib/xdg-desktop-portal")
dbus-daemon[3113980]: [session uid=1000 pid=3113980 pidfd=5] Successfully activated service 'org.freedesktop.portal.Documents'

(/usr/lib/xdg-desktop-portal:3114638): xdg-desktop-portal-WARNING **: 21:58:59.308: Choosing gtk.portal for org.freedesktop.impl.portal.Lockdown as a last-resort fallback
dbus-daemon[3113980]: [session uid=1000 pid=3113980 pidfd=5] Activating service name='org.freedesktop.impl.portal.desktop.gtk' requested by ':1.10' (uid=1000 pid=3114638 comm="/usr/lib/xdg-desktop-portal")
dbus-daemon[3113980]: [session uid=1000 pid=3113980 pidfd=5] Successfully activated service 'org.freedesktop.impl.portal.desktop.gtk'

** (xdg-desktop-portal-gtk:3114709): WARNING **: 21:58:59.332: AT-SPI: Could not obtain desktop path or name


(/usr/lib/xdg-desktop-portal:3114638): xdg-desktop-portal-WARNING **: 21:58:59.333: Choosing gtk.portal for org.freedesktop.impl.portal.Access as a last-resort fallback

** (xdg-desktop-portal-gtk:3114709): WARNING **: 21:58:59.333: atk-bridge: GetRegisteredEvents returned message with unknown signature

** (xdg-desktop-portal-gtk:3114709): WARNING **: 21:58:59.333: atk-bridge: get_device_events_reply: unknown signature

(/usr/lib/xdg-desktop-portal:3114638): xdg-desktop-portal-WARNING **: 21:58:59.350: Choosing gtk.portal for org.freedesktop.impl.portal.Settings as a last-resort fallback

(/usr/lib/xdg-desktop-portal:3114638): xdg-desktop-portal-WARNING **: 21:58:59.351: Choosing gtk.portal for org.freedesktop.impl.portal.FileChooser as a last-resort fallback

(/usr/lib/xdg-desktop-portal:3114638): xdg-desktop-portal-WARNING **: 21:58:59.351: Choosing gtk.portal for org.freedesktop.impl.portal.AppChooser as a last-resort fallback

(/usr/lib/xdg-desktop-portal:3114638): xdg-desktop-portal-WARNING **: 21:58:59.352: Choosing gtk.portal for org.freedesktop.impl.portal.Print as a last-resort fallback

(/usr/lib/xdg-desktop-portal:3114638): xdg-desktop-portal-WARNING **: 21:58:59.352: Choosing gtk.portal for org.freedesktop.impl.portal.Notification as a last-resort fallback

(/usr/lib/xdg-desktop-portal:3114638): xdg-desktop-portal-WARNING **: 21:58:59.352: Choosing gtk.portal for org.freedesktop.impl.portal.Inhibit as a last-resort fallback

(/usr/lib/xdg-desktop-portal:3114638): xdg-desktop-portal-WARNING **: 21:58:59.354: Failed to connect to PipeWire: Couldn't connect to PipeWire

(/usr/lib/xdg-desktop-portal:3114638): xdg-desktop-portal-WARNING **: 21:58:59.354: Choosing gtk.portal for org.freedesktop.impl.portal.Account as a last-resort fallback

(/usr/lib/xdg-desktop-portal:3114638): xdg-desktop-portal-WARNING **: 21:58:59.355: Choosing gtk.portal for org.freedesktop.impl.portal.Email as a last-resort fallback

(/usr/lib/xdg-desktop-portal:3114638): xdg-desktop-portal-WARNING **: 21:58:59.355: Choosing gtk.portal for org.freedesktop.impl.portal.DynamicLauncher as a last-resort fallback
dbus-daemon[3113980]: [session uid=1000 pid=3113980 pidfd=5] Successfully activated service 'org.freedesktop.portal.Desktop'
{"trial": "c0000-fill-K0n-stale_ref", "outcome": "unknown", "oracle_exact_match": false, "completion_mutations": 0, "routes": ["provider", "provider"], "loadavg_before": "2.81 2.60 3.42 3/2480 3114382"}
[2m2026-10-02T02:59:05.521581Z[0m [33m WARN[0m [2mcua_driver_sdk::runtime[0m[2m:[0m could not activate the persistent AT-SPI listener: AT-SPI connect failed: ZBus Error: MethodError(OwnedErrorName("org.freedesktop.DBus.Error.NameHasNoOwner"), Some("Could not activate remote peer 'org.a11y.atspi.Registry': unit failed"), Msg { type: Error, serial: 4294967295, sender: UniqueName("org.freedesktop.DBus"), reply-serial: 9, body: Str, fds: [] })
[2m2026-10-02T02:59:05.528705Z[0m [33m WARN[0m [2mplatform_linux::overlay[0m[2m:[0m X11 overlay: root reads cannot see this window's own pixels; save-unders will be served without readback confirmation
{"trial": "c0001-fill-K0-stale_ref", "outcome": "unknown", "oracle_exact_match": false, "completion_mutations": 0, "routes": ["provider", "guarded-completion"], "loadavg_before": "2.74 2.60 3.41 2/2349 3115254"}
[2m2026-10-02T02:59:11.921976Z[0m [33m WARN[0m [2mcua_driver_sdk::runtime[0m[2m:[0m could not activate the persistent AT-SPI listener: AT-SPI connect failed: ZBus Error: MethodError(OwnedErrorName("org.freedesktop.DBus.Error.NameHasNoOwner"), Some("Could not activate remote peer 'org.a11y.atspi.Registry': unit failed"), Msg { type: Error, serial: 4294967295, sender: UniqueName("org.freedesktop.DBus"), reply-serial: 9, body: Str, fds: [] })
[2m2026-10-02T02:59:11.932475Z[0m [33m WARN[0m [2mplatform_linux::overlay[0m[2m:[0m X11 overlay: root reads cannot see this window's own pixels; save-unders will be served without readback confirmation
{"trial": "c0002-fill-K2-stale_ref", "outcome": "unknown", "oracle_exact_match": false, "completion_mutations": 0, "routes": ["provider", "guarded-completion"], "loadavg_before": "2.60 2.57 3.39 1/2534 3116395"}
[2m2026-10-02T02:59:16.830863Z[0m [33m WARN[0m [2mcua_driver_sdk::runtime[0m[2m:[0m could not activate the persistent AT-SPI listener: AT-SPI connect failed: ZBus Error: MethodError(OwnedErrorName("org.freedesktop.DBus.Error.NameHasNoOwner"), Some("Could not activate remote peer 'org.a11y.atspi.Registry': unit failed"), Msg { type: Error, serial: 4294967295, sender: UniqueName("org.freedesktop.DBus"), reply-serial: 9, body: Str, fds: [] })
[2m2026-10-02T02:59:16.837987Z[0m [33m WARN[0m [2mplatform_linux::overlay[0m[2m:[0m X11 overlay: root reads cannot see this window's own pixels; save-unders will be served without readback confirmation
{"trial": "c0003-fill-K3-stale_ref", "outcome": "unknown", "oracle_exact_match": false, "completion_mutations": 0, "routes": ["provider", "guarded-completion"], "loadavg_before": "2.39 2.53 3.38 2/2338 3117156"}
[2m2026-10-02T02:59:21.685148Z[0m [33m WARN[0m [2mcua_driver_sdk::runtime[0m[2m:[0m could not activate the persistent AT-SPI listener: AT-SPI connect failed: ZBus Error: MethodError(OwnedErrorName("org.freedesktop.DBus.Error.NameHasNoOwner"), Some("Could not activate remote peer 'org.a11y.atspi.Registry': unit failed"), Msg { type: Error, serial: 4294967295, sender: UniqueName("org.freedesktop.DBus"), reply-serial: 9, body: Str, fds: [] })
[2m2026-10-02T02:59:21.692014Z[0m [33m WARN[0m [2mplatform_linux::overlay[0m[2m:[0m X11 overlay: root reads cannot see this window's own pixels; save-unders will be served without readback confirmation
{"trial": "c0004-toggle-K0-stale_ref", "outcome": "unknown", "oracle_exact_match": false, "completion_mutations": 0, "routes": ["provider", "provider"], "loadavg_before": "2.28 2.50 3.36 3/2529 3117810"}
[2m2026-10-02T02:59:27.786483Z[0m [33m WARN[0m [2mcua_driver_sdk::runtime[0m[2m:[0m could not activate the persistent AT-SPI listener: AT-SPI connect failed: ZBus Error: MethodError(OwnedErrorName("org.freedesktop.DBus.Error.NameHasNoOwner"), Some("Could not activate remote peer 'org.a11y.atspi.Registry': unit failed"), Msg { type: Error, serial: 4294967295, sender: UniqueName("org.freedesktop.DBus"), reply-serial: 9, body: Str, fds: [] })
[2m2026-10-02T02:59:27.794707Z[0m [33m WARN[0m [2mplatform_linux::overlay[0m[2m:[0m X11 overlay: root reads cannot see this window's own pixels; save-unders will be served without readback confirmation
{"trial": "c0005-toggle-K1-stale_ref", "outcome": "unknown", "oracle_exact_match": false, "completion_mutations": 0, "routes": ["provider", "provider"], "loadavg_before": "2.26 2.49 3.36 2/2540 3118587"}
[2m2026-10-02T02:59:32.581544Z[0m [33m WARN[0m [2mcua_driver_sdk::runtime[0m[2m:[0m could not activate the persistent AT-SPI listener: AT-SPI connect failed: ZBus Error: MethodError(OwnedErrorName("org.freedesktop.DBus.Error.NameHasNoOwner"), Some("Could not activate remote peer 'org.a11y.atspi.Registry': unit failed"), Msg { type: Error, serial: 4294967295, sender: UniqueName("org.freedesktop.DBus"), reply-serial: 9, body: Str, fds: [] })
[2m2026-10-02T02:59:32.589384Z[0m [33m WARN[0m [2mplatform_linux::overlay[0m[2m:[0m X11 overlay: root reads cannot see this window's own pixels; save-unders will be served without readback confirmation
{"trial": "c0006-toggle-K4-stale_ref", "outcome": "unknown", "oracle_exact_match": false, "completion_mutations": 0, "routes": ["provider", "provider"], "loadavg_before": "2.16 2.47 3.34 2/2537 3119229"}
[2m2026-10-02T02:59:37.507093Z[0m [33m WARN[0m [2mcua_driver_sdk::runtime[0m[2m:[0m could not activate the persistent AT-SPI listener: AT-SPI connect failed: ZBus Error: MethodError(OwnedErrorName("org.freedesktop.DBus.Error.NameHasNoOwner"), Some("Could not activate remote peer 'org.a11y.atspi.Registry': unit failed"), Msg { type: Error, serial: 4294967295, sender: UniqueName("org.freedesktop.DBus"), reply-serial: 9, body: Str, fds: [] })
[2m2026-10-02T02:59:37.516454Z[0m [33m WARN[0m [2mplatform_linux::overlay[0m[2m:[0m X11 overlay: root reads cannot see this window's own pixels; save-unders will be served without readback confirmation
{"trial": "c0007-modal-K0-stale_ref", "outcome": "unknown", "oracle_exact_match": false, "completion_mutations": 0, "routes": ["provider", "provider"], "loadavg_before": "2.07 2.44 3.33 2/2276 3119805"}
[2m2026-10-02T02:59:43.638139Z[0m [33m WARN[0m [2mcua_driver_sdk::runtime[0m[2m:[0m could not activate the persistent AT-SPI listener: AT-SPI connect failed: ZBus Error: MethodError(OwnedErrorName("org.freedesktop.DBus.Error.NameHasNoOwner"), Some("Could not activate remote peer 'org.a11y.atspi.Registry': unit failed"), Msg { type: Error, serial: 4294967295, sender: UniqueName("org.freedesktop.DBus"), reply-serial: 9, body: Str, fds: [] })
[2m2026-10-02T02:59:43.645894Z[0m [33m WARN[0m [2mplatform_linux::overlay[0m[2m:[0m X11 overlay: root reads cannot see this window's own pixels; save-unders will be served without readback confirmation
{"trial": "c0008-modal-K2-stale_ref", "outcome": "unknown", "oracle_exact_match": false, "completion_mutations": 0, "routes": ["provider", "provider"], "loadavg_before": "2.06 2.44 3.32 1/2342 3120757"}
[2m2026-10-02T02:59:48.461993Z[0m [33m WARN[0m [2mcua_driver_sdk::runtime[0m[2m:[0m could not activate the persistent AT-SPI listener: AT-SPI connect failed: ZBus Error: MethodError(OwnedErrorName("org.freedesktop.DBus.Error.NameHasNoOwner"), Some("Could not activate remote peer 'org.a11y.atspi.Registry': unit failed"), Msg { type: Error, serial: 4294967295, sender: UniqueName("org.freedesktop.DBus"), reply-serial: 9, body: Str, fds: [] })
[2m2026-10-02T02:59:48.470113Z[0m [33m WARN[0m [2mplatform_linux::overlay[0m[2m:[0m X11 overlay: root reads cannot see this window's own pixels; save-unders will be served without readback confirmation
{"trial": "c0009-modal-K4-stale_ref", "outcome": "unknown", "oracle_exact_match": false, "completion_mutations": 0, "routes": ["provider", "provider"], "loadavg_before": "2.86 2.60 3.37 4/2334 3121430"}
{"event": "lock_released", "mode": "shared"}
{"event": "lock_acquired", "mode": "shared"}
[2m2026-10-02T02:59:53.327805Z[0m [33m WARN[0m [2mcua_driver_sdk::runtime[0m[2m:[0m could not activate the persistent AT-SPI listener: AT-SPI connect failed: ZBus Error: MethodError(OwnedErrorName("org.freedesktop.DBus.Error.NameHasNoOwner"), Some("Could not activate remote peer 'org.a11y.atspi.Registry': unit failed"), Msg { type: Error, serial: 4294967295, sender: UniqueName("org.freedesktop.DBus"), reply-serial: 9, body: Str, fds: [] })
[2m2026-10-02T02:59:53.335634Z[0m [33m WARN[0m [2mplatform_linux::overlay[0m[2m:[0m X11 overlay: root reads cannot see this window's own pixels; save-unders will be served without readback confirmation
{"trial": "c1010-toggle-K0-first_only", "outcome": "unknown", "oracle_exact_match": false, "completion_mutations": 0, "routes": ["provider"], "loadavg_before": "2.87 2.60 3.37 4/2332 3122118"}
[2m2026-10-02T02:59:59.390577Z[0m [33m WARN[0m [2mcua_driver_sdk::runtime[0m[2m:[0m could not activate the persistent AT-SPI listener: AT-SPI connect failed: ZBus Error: MethodError(OwnedErrorName("org.freedesktop.DBus.Error.NameHasNoOwner"), Some("Could not activate remote peer 'org.a11y.atspi.Registry': unit failed"), Msg { type: Error, serial: 4294967295, sender: UniqueName("org.freedesktop.DBus"), reply-serial: 9, body: Str, fds: [] })
[2m2026-10-02T02:59:59.398066Z[0m [33m WARN[0m [2mplatform_linux::overlay[0m[2m:[0m X11 overlay: root reads cannot see this window's own pixels; save-unders will be served without readback confirmation
{"trial": "c1011-modal-K4-first_only", "outcome": "unknown", "oracle_exact_match": false, "completion_mutations": 0, "routes": ["provider"], "loadavg_before": "2.65 2.57 3.35 2/2527 3122849"}
[2m2026-10-02T03:00:04.135992Z[0m [33m WARN[0m [2mcua_driver_sdk::runtime[0m[2m:[0m could not activate the persistent AT-SPI listener: AT-SPI connect failed: ZBus Error: MethodError(OwnedErrorName("org.freedesktop.DBus.Error.NameHasNoOwner"), Some("Could not activate remote peer 'org.a11y.atspi.Registry': unit failed"), Msg { type: Error, serial: 4294967295, sender: UniqueName("org.freedesktop.DBus"), reply-serial: 9, body: Str, fds: [] })
[2m2026-10-02T03:00:04.143059Z[0m [33m WARN[0m [2mplatform_linux::overlay[0m[2m:[0m X11 overlay: root reads cannot see this window's own pixels; save-unders will be served without readback confirmation
{"trial": "c1012-fill-K0-guard_decline", "outcome": "verified", "oracle_exact_match": true, "completion_mutations": 1, "routes": ["provider", "provider"], "loadavg_before": "2.52 2.54 3.33 1/2528 3123609"}
[2m2026-10-02T03:00:08.429385Z[0m [33m WARN[0m [2mcua_driver_sdk::runtime[0m[2m:[0m could not activate the persistent AT-SPI listener: AT-SPI connect failed: ZBus Error: MethodError(OwnedErrorName("org.freedesktop.DBus.Error.NameHasNoOwner"), Some("Could not activate remote peer 'org.a11y.atspi.Registry': unit failed"), Msg { type: Error, serial: 4294967295, sender: UniqueName("org.freedesktop.DBus"), reply-serial: 9, body: Str, fds: [] })
[2m2026-10-02T03:00:08.436804Z[0m [33m WARN[0m [2mplatform_linux::overlay[0m[2m:[0m X11 overlay: root reads cannot see this window's own pixels; save-unders will be served without readback confirmation
{"trial": "c1013-fill-K4-guard_decline", "outcome": "verified", "oracle_exact_match": true, "completion_mutations": 1, "routes": ["provider", "provider"], "loadavg_before": "2.52 2.54 3.33 2/2328 3124092"}
[2m2026-10-02T03:00:09.710872Z[0m [33m WARN[0m [2mcua_driver_sdk::runtime[0m[2m:[0m could not activate the persistent AT-SPI listener: AT-SPI connect failed: ZBus Error: MethodError(OwnedErrorName("org.freedesktop.DBus.Error.NameHasNoOwner"), Some("Could not activate remote peer 'org.a11y.atspi.Registry': unit failed"), Msg { type: Error, serial: 4294967295, sender: UniqueName("org.freedesktop.DBus"), reply-serial: 9, body: Str, fds: [] })
[2m2026-10-02T03:00:09.717794Z[0m [33m WARN[0m [2mplatform_linux::overlay[0m[2m:[0m X11 overlay: root reads cannot see this window's own pixels; save-unders will be served without readback confirmation
{"trial": "c1014-fill-K0n-stale_ref", "outcome": "unknown", "oracle_exact_match": false, "completion_mutations": 0, "routes": ["provider", "provider"], "loadavg_before": "2.47 2.53 3.33 2/2328 3124416"}
[2m2026-10-02T03:00:16.086928Z[0m [33m WARN[0m [2mcua_driver_sdk::runtime[0m[2m:[0m could not activate the persistent AT-SPI listener: AT-SPI connect failed: ZBus Error: MethodError(OwnedErrorName("org.freedesktop.DBus.Error.NameHasNoOwner"), Some("Could not activate remote peer 'org.a11y.atspi.Registry': unit failed"), Msg { type: Error, serial: 4294967295, sender: UniqueName("org.freedesktop.DBus"), reply-serial: 9, body: Str, fds: [] })
[2m2026-10-02T03:00:16.093814Z[0m [33m WARN[0m [2mplatform_linux::overlay[0m[2m:[0m X11 overlay: root reads cannot see this window's own pixels; save-unders will be served without readback confirmation
{"trial": "c1015-fill-K1-stale_ref", "outcome": "unknown", "oracle_exact_match": false, "completion_mutations": 0, "routes": ["provider", "guarded-completion"], "loadavg_before": "2.28 2.49 3.31 2/2519 3125197"}
[2m2026-10-02T03:00:21.012533Z[0m [33m WARN[0m [2mcua_driver_sdk::runtime[0m[2m:[0m could not activate the persistent AT-SPI listener: AT-SPI connect failed: ZBus Error: MethodError(OwnedErrorName("org.freedesktop.DBus.Error.NameHasNoOwner"), Some("Could not activate remote peer 'org.a11y.atspi.Registry': unit failed"), Msg { type: Error, serial: 4294967295, sender: UniqueName("org.freedesktop.DBus"), reply-serial: 9, body: Str, fds: [] })
[2m2026-10-02T03:00:21.019553Z[0m [33m WARN[0m [2mplatform_linux::overlay[0m[2m:[0m X11 overlay: root reads cannot see this window's own pixels; save-unders will be served without readback confirmation
{"trial": "c1016-fill-K2-stale_ref", "outcome": "unknown", "oracle_exact_match": false, "completion_mutations": 0, "routes": ["provider", "guarded-completion"], "loadavg_before": "2.33 2.50 3.31 1/2516 3125893"}
[2m2026-10-02T03:00:25.876663Z[0m [33m WARN[0m [2mcua_driver_sdk::runtime[0m[2m:[0m could not activate the persistent AT-SPI listener: AT-SPI connect failed: ZBus Error: MethodError(OwnedErrorName("org.freedesktop.DBus.Error.NameHasNoOwner"), Some("Could not activate remote peer 'org.a11y.atspi.Registry': unit failed"), Msg { type: Error, serial: 4294967295, sender: UniqueName("org.freedesktop.DBus"), reply-serial: 9, body: Str, fds: [] })
[2m2026-10-02T03:00:25.885336Z[0m [33m WARN[0m [2mplatform_linux::overlay[0m[2m:[0m X11 overlay: root reads cannot see this window's own pixels; save-unders will be served without readback confirmation
{"trial": "c1017-fill-K4-stale_ref", "outcome": "unknown", "oracle_exact_match": false, "completion_mutations": 0, "routes": ["provider", "guarded-completion"], "loadavg_before": "2.23 2.47 3.29 4/2526 3126601"}
[2m2026-10-02T03:00:30.734089Z[0m [33m WARN[0m [2mcua_driver_sdk::runtime[0m[2m:[0m could not activate the persistent AT-SPI listener: AT-SPI connect failed: ZBus Error: MethodError(OwnedErrorName("org.freedesktop.DBus.Error.NameHasNoOwner"), Some("Could not activate remote peer 'org.a11y.atspi.Registry': unit failed"), Msg { type: Error, serial: 4294967295, sender: UniqueName("org.freedesktop.DBus"), reply-serial: 9, body: Str, fds: [] })
[2m2026-10-02T03:00:30.741379Z[0m [33m WARN[0m [2mplatform_linux::overlay[0m[2m:[0m X11 overlay: root reads cannot see this window's own pixels; save-unders will be served without readback confirmation
{"trial": "c1018-toggle-K0-stale_ref", "outcome": "unknown", "oracle_exact_match": false, "completion_mutations": 0, "routes": ["provider", "provider"], "loadavg_before": "2.05 2.43 3.28 3/2525 3127457"}
[2m2026-10-02T03:00:36.958337Z[0m [33m WARN[0m [2mcua_driver_sdk::runtime[0m[2m:[0m could not activate the persistent AT-SPI listener: AT-SPI connect failed: ZBus Error: MethodError(OwnedErrorName("org.freedesktop.DBus.Error.NameHasNoOwner"), Some("Could not activate remote peer 'org.a11y.atspi.Registry': unit failed"), Msg { type: Error, serial: 4294967295, sender: UniqueName("org.freedesktop.DBus"), reply-serial: 9, body: Str, fds: [] })
[2m2026-10-02T03:00:36.967927Z[0m [33m WARN[0m [2mplatform_linux::overlay[0m[2m:[0m X11 overlay: root reads cannot see this window's own pixels; save-unders will be served without readback confirmation
{"trial": "c1019-toggle-K2-stale_ref", "outcome": "unknown", "oracle_exact_match": false, "completion_mutations": 0, "routes": ["provider", "provider"], "loadavg_before": "2.04 2.42 3.27 5/2419 3128218"}
{"event": "lock_released", "mode": "shared"}
{"event": "lock_acquired", "mode": "shared"}
[2m2026-10-02T03:00:41.834209Z[0m [33m WARN[0m [2mcua_driver_sdk::runtime[0m[2m:[0m could not activate the persistent AT-SPI listener: AT-SPI connect failed: ZBus Error: MethodError(OwnedErrorName("org.freedesktop.DBus.Error.NameHasNoOwner"), Some("Could not activate remote peer 'org.a11y.atspi.Registry': unit failed"), Msg { type: Error, serial: 4294967295, sender: UniqueName("org.freedesktop.DBus"), reply-serial: 9, body: Str, fds: [] })
[2m2026-10-02T03:00:41.882093Z[0m [33m WARN[0m [2mplatform_linux::overlay[0m[2m:[0m X11 overlay: root reads cannot see this window's own pixels; save-unders will be served without readback confirmation
{"trial": "c2020-toggle-K4-stale_ref", "outcome": "unknown", "oracle_exact_match": false, "completion_mutations": 0, "routes": ["provider", "provider"], "loadavg_before": "2.92 2.60 3.32 13/2598 3130153"}
[2m2026-10-02T03:00:47.892342Z[0m [33m WARN[0m [2mcua_driver_sdk::runtime[0m[2m:[0m could not activate the persistent AT-SPI listener: AT-SPI connect failed: ZBus Error: MethodError(OwnedErrorName("org.freedesktop.DBus.Error.NameHasNoOwner"), Some("Could not activate remote peer 'org.a11y.atspi.Registry': unit failed"), Msg { type: Error, serial: 4294967295, sender: UniqueName("org.freedesktop.DBus"), reply-serial: 9, body: Str, fds: [] })
[2m2026-10-02T03:00:47.921379Z[0m [33m WARN[0m [2mplatform_linux::overlay[0m[2m:[0m X11 overlay: root reads cannot see this window's own pixels; save-unders will be served without readback confirmation
{"trial": "c2021-modal-K1-stale_ref", "outcome": "unknown", "oracle_exact_match": false, "completion_mutations": 0, "routes": ["provider", "provider"], "loadavg_before": "4.77 2.99 3.44 17/2420 3132000"}
[2m2026-10-02T03:00:54.032321Z[0m [33m WARN[0m [2mcua_driver_sdk::runtime[0m[2m:[0m could not activate the persistent AT-SPI listener: AT-SPI connect failed: ZBus Error: MethodError(OwnedErrorName("org.freedesktop.DBus.Error.NameHasNoOwner"), Some("Could not activate remote peer 'org.a11y.atspi.Registry': unit failed"), Msg { type: Error, serial: 4294967295, sender: UniqueName("org.freedesktop.DBus"), reply-serial: 9, body: Str, fds: [] })
[2m2026-10-02T03:00:54.104967Z[0m [33m WARN[0m [2mplatform_linux::overlay[0m[2m:[0m X11 overlay: root reads cannot see this window's own pixels; save-unders will be served without readback confirmation
{"trial": "c2022-modal-K2-stale_ref", "outcome": "unknown", "oracle_exact_match": false, "completion_mutations": 0, "routes": ["provider", "provider"], "loadavg_before": "8.63 3.82 3.71 15/2603 3133399"}
[2m2026-10-02T03:01:00.353472Z[0m [33m WARN[0m [2mcua_driver_sdk::runtime[0m[2m:[0m could not activate the persistent AT-SPI listener: AT-SPI connect failed: ZBus Error: MethodError(OwnedErrorName("org.freedesktop.DBus.Error.NameHasNoOwner"), Some("Could not activate remote peer 'org.a11y.atspi.Registry': unit failed"), Msg { type: Error, serial: 4294967295, sender: UniqueName("org.freedesktop.DBus"), reply-serial: 9, body: Str, fds: [] })
[2m2026-10-02T03:01:00.378486Z[0m [33m WARN[0m [2mplatform_linux::overlay[0m[2m:[0m X11 overlay: root reads cannot see this window's own pixels; save-unders will be served without readback confirmation
{"trial": "c2023-fill-K0-first_only", "outcome": "unknown", "oracle_exact_match": false, "completion_mutations": 0, "routes": ["provider"], "loadavg_before": "10.84 4.45 3.92 10/2335 3134429"}
[2m2026-10-02T03:01:07.521668Z[0m [33m WARN[0m [2mcua_driver_sdk::runtime[0m[2m:[0m could not activate the persistent AT-SPI listener: AT-SPI connect failed: ZBus Error: MethodError(OwnedErrorName("org.freedesktop.DBus.Error.NameHasNoOwner"), Some("Could not activate remote peer 'org.a11y.atspi.Registry': unit failed"), Msg { type: Error, serial: 4294967295, sender: UniqueName("org.freedesktop.DBus"), reply-serial: 9, body: Str, fds: [] })
[2m2026-10-02T03:01:07.530533Z[0m [33m WARN[0m [2mplatform_linux::overlay[0m[2m:[0m X11 overlay: root reads cannot see this window's own pixels; save-unders will be served without readback confirmation
{"trial": "c2024-toggle-K4-first_only", "outcome": "unknown", "oracle_exact_match": false, "completion_mutations": 0, "routes": ["provider"], "loadavg_before": "11.17 4.62 3.98 3/2554 3135576"}
[2m2026-10-02T03:01:12.362803Z[0m [33m WARN[0m [2mcua_driver_sdk::runtime[0m[2m:[0m could not activate the persistent AT-SPI listener: AT-SPI connect failed: ZBus Error: MethodError(OwnedErrorName("org.freedesktop.DBus.Error.NameHasNoOwner"), Some("Could not activate remote peer 'org.a11y.atspi.Registry': unit failed"), Msg { type: Error, serial: 4294967295, sender: UniqueName("org.freedesktop.DBus"), reply-serial: 9, body: Str, fds: [] })
[2m2026-10-02T03:01:12.376046Z[0m [33m WARN[0m [2mplatform_linux::overlay[0m[2m:[0m X11 overlay: root reads cannot see this window's own pixels; save-unders will be served without readback confirmation
{"trial": "c2025-fill-K0-guard_decline", "outcome": "verified", "oracle_exact_match": true, "completion_mutations": 1, "routes": ["provider", "provider"], "loadavg_before": "11.72 4.85 4.05 13/2394 3136221"}
[2m2026-10-02T03:01:16.721361Z[0m [33m WARN[0m [2mcua_driver_sdk::runtime[0m[2m:[0m could not activate the persistent AT-SPI listener: AT-SPI connect failed: ZBus Error: MethodError(OwnedErrorName("org.freedesktop.DBus.Error.NameHasNoOwner"), Some("Could not activate remote peer 'org.a11y.atspi.Registry': unit failed"), Msg { type: Error, serial: 4294967295, sender: UniqueName("org.freedesktop.DBus"), reply-serial: 9, body: Str, fds: [] })
[2m2026-10-02T03:01:16.730476Z[0m [33m WARN[0m [2mplatform_linux::overlay[0m[2m:[0m X11 overlay: root reads cannot see this window's own pixels; save-unders will be served without readback confirmation
{"trial": "c2026-fill-K4-guard_decline", "outcome": "verified", "oracle_exact_match": true, "completion_mutations": 1, "routes": ["provider", "provider"], "loadavg_before": "10.86 4.78 4.04 3/2554 3136924"}
[2m2026-10-02T03:01:18.061066Z[0m [33m WARN[0m [2mcua_driver_sdk::runtime[0m[2m:[0m could not activate the persistent AT-SPI listener: AT-SPI connect failed: ZBus Error: MethodError(OwnedErrorName("org.freedesktop.DBus.Error.NameHasNoOwner"), Some("Could not activate remote peer 'org.a11y.atspi.Registry': unit failed"), Msg { type: Error, serial: 4294967295, sender: UniqueName("org.freedesktop.DBus"), reply-serial: 9, body: Str, fds: [] })
[2m2026-10-02T03:01:18.076447Z[0m [33m WARN[0m [2mplatform_linux::overlay[0m[2m:[0m X11 overlay: root reads cannot see this window's own pixels; save-unders will be served without readback confirmation
{"trial": "c2027-fill-K0-stale_ref", "outcome": "unknown", "oracle_exact_match": false, "completion_mutations": 0, "routes": ["provider", "guarded-completion"], "loadavg_before": "10.86 4.78 4.04 5/2380 3137270"}
[2m2026-10-02T03:01:24.536005Z[0m [33m WARN[0m [2mcua_driver_sdk::runtime[0m[2m:[0m could not activate the persistent AT-SPI listener: AT-SPI connect failed: ZBus Error: MethodError(OwnedErrorName("org.freedesktop.DBus.Error.NameHasNoOwner"), Some("Could not activate remote peer 'org.a11y.atspi.Registry': unit failed"), Msg { type: Error, serial: 4294967295, sender: UniqueName("org.freedesktop.DBus"), reply-serial: 9, body: Str, fds: [] })
[2m2026-10-02T03:01:24.547491Z[0m [33m WARN[0m [2mplatform_linux::overlay[0m[2m:[0m X11 overlay: root reads cannot see this window's own pixels; save-unders will be served without readback confirmation
{"trial": "c2028-fill-K1-stale_ref", "outcome": "unknown", "oracle_exact_match": false, "completion_mutations": 0, "routes": ["provider", "guarded-completion"], "loadavg_before": "9.82 4.76 4.04 6/2584 3138284"}
[2m2026-10-02T03:01:29.695959Z[0m [33m WARN[0m [2mcua_driver_sdk::runtime[0m[2m:[0m could not activate the persistent AT-SPI listener: AT-SPI connect failed: ZBus Error: MethodError(OwnedErrorName("org.freedesktop.DBus.Error.NameHasNoOwner"), Some("Could not activate remote peer 'org.a11y.atspi.Registry': unit failed"), Msg { type: Error, serial: 4294967295, sender: UniqueName("org.freedesktop.DBus"), reply-serial: 9, body: Str, fds: [] })
[2m2026-10-02T03:01:29.706873Z[0m [33m WARN[0m [2mplatform_linux::overlay[0m[2m:[0m X11 overlay: root reads cannot see this window's own pixels; save-unders will be served without readback confirmation
{"trial": "c2029-fill-K3-stale_ref", "outcome": "unknown", "oracle_exact_match": false, "completion_mutations": 0, "routes": ["provider", "guarded-completion"], "loadavg_before": "9.51 4.78 4.05 4/2563 3139192"}
{"event": "lock_released", "mode": "shared"}
{"event": "lock_acquired", "mode": "shared"}
[2m2026-10-02T03:01:34.651202Z[0m [33m WARN[0m [2mcua_driver_sdk::runtime[0m[2m:[0m could not activate the persistent AT-SPI listener: AT-SPI connect failed: ZBus Error: MethodError(OwnedErrorName("org.freedesktop.DBus.Error.NameHasNoOwner"), Some("Could not activate remote peer 'org.a11y.atspi.Registry': unit failed"), Msg { type: Error, serial: 4294967295, sender: UniqueName("org.freedesktop.DBus"), reply-serial: 9, body: Str, fds: [] })
[2m2026-10-02T03:01:34.658969Z[0m [33m WARN[0m [2mplatform_linux::overlay[0m[2m:[0m X11 overlay: root reads cannot see this window's own pixels; save-unders will be served without readback confirmation
{"trial": "c3030-fill-K4-stale_ref", "outcome": "unknown", "oracle_exact_match": false, "completion_mutations": 0, "routes": ["provider", "guarded-completion"], "loadavg_before": "8.99 4.75 4.04 2/2376 3140635"}
[2m2026-10-02T03:01:39.506697Z[0m [33m WARN[0m [2mcua_driver_sdk::runtime[0m[2m:[0m could not activate the persistent AT-SPI listener: AT-SPI connect failed: ZBus Error: MethodError(OwnedErrorName("org.freedesktop.DBus.Error.NameHasNoOwner"), Some("Could not activate remote peer 'org.a11y.atspi.Registry': unit failed"), Msg { type: Error, serial: 4294967295, sender: UniqueName("org.freedesktop.DBus"), reply-serial: 9, body: Str, fds: [] })
[2m2026-10-02T03:01:39.514969Z[0m [33m WARN[0m [2mplatform_linux::overlay[0m[2m:[0m X11 overlay: root reads cannot see this window's own pixels; save-unders will be served without readback confirmation
{"trial": "c3031-toggle-K1-stale_ref", "outcome": "unknown", "oracle_exact_match": false, "completion_mutations": 0, "routes": ["provider", "provider"], "loadavg_before": "8.59 4.74 4.04 3/2562 3142507"}
[2m2026-10-02T03:01:44.324342Z[0m [33m WARN[0m [2mcua_driver_sdk::runtime[0m[2m:[0m could not activate the persistent AT-SPI listener: AT-SPI connect failed: ZBus Error: MethodError(OwnedErrorName("org.freedesktop.DBus.Error.NameHasNoOwner"), Some("Could not activate remote peer 'org.a11y.atspi.Registry': unit failed"), Msg { type: Error, serial: 4294967295, sender: UniqueName("org.freedesktop.DBus"), reply-serial: 9, body: Str, fds: [] })
[2m2026-10-02T03:01:44.337249Z[0m [33m WARN[0m [2mplatform_linux::overlay[0m[2m:[0m X11 overlay: root reads cannot see this window's own pixels; save-unders will be served without readback confirmation
{"trial": "c3032-toggle-K2-stale_ref", "outcome": "unknown", "oracle_exact_match": false, "completion_mutations": 0, "routes": ["provider", "provider"], "loadavg_before": "9.02 4.89 4.09 4/2377 3143112"}
[2m2026-10-02T03:01:49.658002Z[0m [33m WARN[0m [2mcua_driver_sdk::runtime[0m[2m:[0m could not activate the persistent AT-SPI listener: AT-SPI connect failed: ZBus Error: MethodError(OwnedErrorName("org.freedesktop.DBus.Error.NameHasNoOwner"), Some("Could not activate remote peer 'org.a11y.atspi.Registry': unit failed"), Msg { type: Error, serial: 4294967295, sender: UniqueName("org.freedesktop.DBus"), reply-serial: 9, body: Str, fds: [] })
[2m2026-10-02T03:01:49.668991Z[0m [33m WARN[0m [2mplatform_linux::overlay[0m[2m:[0m X11 overlay: root reads cannot see this window's own pixels; save-unders will be served without readback confirmation
{"trial": "c3033-modal-K0-stale_ref", "outcome": "unknown", "oracle_exact_match": false, "completion_mutations": 0, "routes": ["provider", "provider"], "loadavg_before": "8.78 4.91 4.10 3/2384 3144225"}
[2m2026-10-02T03:01:55.870574Z[0m [33m WARN[0m [2mcua_driver_sdk::runtime[0m[2m:[0m could not activate the persistent AT-SPI listener: AT-SPI connect failed: ZBus Error: MethodError(OwnedErrorName("org.freedesktop.DBus.Error.NameHasNoOwner"), Some("Could not activate remote peer 'org.a11y.atspi.Registry': unit failed"), Msg { type: Error, serial: 4294967295, sender: UniqueName("org.freedesktop.DBus"), reply-serial: 9, body: Str, fds: [] })
[2m2026-10-02T03:01:55.881400Z[0m [33m WARN[0m [2mplatform_linux::overlay[0m[2m:[0m X11 overlay: root reads cannot see this window's own pixels; save-unders will be served without readback confirmation
{"trial": "c3034-modal-K1-stale_ref", "outcome": "unknown", "oracle_exact_match": false, "completion_mutations": 0, "routes": ["provider", "provider"], "loadavg_before": "8.96 5.01 4.14 9/2569 3145679"}
[2m2026-10-02T03:02:00.946707Z[0m [33m WARN[0m [2mcua_driver_sdk::runtime[0m[2m:[0m could not activate the persistent AT-SPI listener: AT-SPI connect failed: ZBus Error: MethodError(OwnedErrorName("org.freedesktop.DBus.Error.NameHasNoOwner"), Some("Could not activate remote peer 'org.a11y.atspi.Registry': unit failed"), Msg { type: Error, serial: 4294967295, sender: UniqueName("org.freedesktop.DBus"), reply-serial: 9, body: Str, fds: [] })
[2m2026-10-02T03:02:00.975376Z[0m [33m WARN[0m [2mplatform_linux::overlay[0m[2m:[0m X11 overlay: root reads cannot see this window's own pixels; save-unders will be served without readback confirmation
{"trial": "c3035-modal-K4-stale_ref", "outcome": "unknown", "oracle_exact_match": false, "completion_mutations": 0, "routes": ["provider", "provider"], "loadavg_before": "9.84 5.26 4.23 12/2641 3147012"}
[2m2026-10-02T03:02:06.753515Z[0m [33m WARN[0m [2mcua_driver_sdk::runtime[0m[2m:[0m could not activate the persistent AT-SPI listener: AT-SPI connect failed: ZBus Error: MethodError(OwnedErrorName("org.freedesktop.DBus.Error.NameHasNoOwner"), Some("Could not activate remote peer 'org.a11y.atspi.Registry': unit failed"), Msg { type: Error, serial: 4294967295, sender: UniqueName("org.freedesktop.DBus"), reply-serial: 9, body: Str, fds: [] })
[2m2026-10-02T03:02:06.781190Z[0m [33m WARN[0m [2mplatform_linux::overlay[0m[2m:[0m X11 overlay: root reads cannot see this window's own pixels; save-unders will be served without readback confirmation
{"trial": "c3036-fill-K4-first_only", "outcome": "unknown", "oracle_exact_match": false, "completion_mutations": 0, "routes": ["provider"], "loadavg_before": "10.18 5.40 4.28 13/2624 3148640"}
[2m2026-10-02T03:02:12.601731Z[0m [33m WARN[0m [2mcua_driver_sdk::runtime[0m[2m:[0m could not activate the persistent AT-SPI listener: AT-SPI connect failed: ZBus Error: MethodError(OwnedErrorName("org.freedesktop.DBus.Error.NameHasNoOwner"), Some("Could not activate remote peer 'org.a11y.atspi.Registry': unit failed"), Msg { type: Error, serial: 4294967295, sender: UniqueName("org.freedesktop.DBus"), reply-serial: 9, body: Str, fds: [] })
[2m2026-10-02T03:02:12.641127Z[0m [33m WARN[0m [2mplatform_linux::overlay[0m[2m:[0m X11 overlay: root reads cannot see this window's own pixels; save-unders will be served without readback confirmation
{"trial": "c3037-modal-K0-first_only", "outcome": "unknown", "oracle_exact_match": false, "completion_mutations": 0, "routes": ["provider"], "loadavg_before": "11.20 5.70 4.38 14/2359 3149885"}
[2m2026-10-02T03:02:20.315395Z[0m [33m WARN[0m [2mcua_driver_sdk::runtime[0m[2m:[0m could not activate the persistent AT-SPI listener: AT-SPI connect failed: ZBus Error: MethodError(OwnedErrorName("org.freedesktop.DBus.Error.NameHasNoOwner"), Some("Could not activate remote peer 'org.a11y.atspi.Registry': unit failed"), Msg { type: Error, serial: 4294967295, sender: UniqueName("org.freedesktop.DBus"), reply-serial: 9, body: Str, fds: [] })
[2m2026-10-02T03:02:20.359017Z[0m [33m WARN[0m [2mplatform_linux::overlay[0m[2m:[0m X11 overlay: root reads cannot see this window's own pixels; save-unders will be served without readback confirmation
{"trial": "c3038-fill-K4-guard_decline", "outcome": "verified", "oracle_exact_match": true, "completion_mutations": 1, "routes": ["provider", "provider"], "loadavg_before": "12.60 6.18 4.55 30/2610 3151601"}
[2m2026-10-02T03:02:22.614388Z[0m [33m WARN[0m [2mcua_driver_sdk::runtime[0m[2m:[0m could not activate the persistent AT-SPI listener: AT-SPI connect failed: ZBus Error: MethodError(OwnedErrorName("org.freedesktop.DBus.Error.NameHasNoOwner"), Some("Could not activate remote peer 'org.a11y.atspi.Registry': unit failed"), Msg { type: Error, serial: 4294967295, sender: UniqueName("org.freedesktop.DBus"), reply-serial: 9, body: Str, fds: [] })
[2m2026-10-02T03:02:22.657022Z[0m [33m WARN[0m [2mplatform_linux::overlay[0m[2m:[0m X11 overlay: root reads cannot see this window's own pixels; save-unders will be served without readback confirmation
{"trial": "c3039-fill-K0-guard_decline", "outcome": "verified", "oracle_exact_match": true, "completion_mutations": 1, "routes": ["provider", "provider"], "loadavg_before": "12.60 6.18 4.55 15/2613 3152215"}
{"event": "lock_released", "mode": "shared"}
rc_runner=0
CRITICAL: [dbus_cb_name_lost:1438] Cannot connect to DBus.
A connection to the bus can't be made
[session] exit rc=0 run_dir=<tmp>/x11-session.<id>
exit=0
