[session] attempt=1 jitter_ms=1838
dbus-daemon[291694]: [session uid=1000 pid=291694 pidfd=5] Activating service name='org.freedesktop.systemd1' requested by ':1.1' (uid=1000 pid=291707 comm="/usr/bin/dbus-broker-launch --config-file=/usr/sha")
dbus-daemon[291694]: [session uid=1000 pid=291694 pidfd=5] Activated service 'org.freedesktop.systemd1' failed: Process org.freedesktop.systemd1 exited with status 1
[session] DISPLAY=:100 openbox=291751 picom=291752 dbus=unix:path=/tmp/dbus-qzK93Jxl3d,guid=550e413706647840f73d43ee6ac17d5a
[probe] display_set=yes atspi=1 loadavg=8.90 11.42 12.49 start=2026-10-03T22:10:38Z
dbus-daemon[291694]: [session uid=1000 pid=291694 pidfd=5] Activating service name='org.gtk.vfs.Daemon' requested by ':1.5' (uid=1000 pid=292070 comm="/usr/bin/python3 <lanes>/")
dbus-daemon[291694]: [session uid=1000 pid=291694 pidfd=5] Successfully activated service 'org.gtk.vfs.Daemon'
fusermount3: mount failed: Operation not permitted
dbus-daemon[291694]: [session uid=1000 pid=291694 pidfd=5] Activating service name='ca.desrt.dconf' requested by ':1.0' (uid=1000 pid=291697 comm="/usr/lib/at-spi-bus-launcher --launch-immediately")
dbus-daemon[291694]: [session uid=1000 pid=291694 pidfd=5] Successfully activated service 'ca.desrt.dconf'
dbus-daemon[291694]: [session uid=1000 pid=291694 pidfd=5] Activating service name='org.gtk.vfs.Metadata' requested by ':1.5' (uid=1000 pid=292070 comm="/usr/bin/python3 <lanes>/")
dbus-daemon[291694]: [session uid=1000 pid=291694 pidfd=5] Successfully activated service 'org.gtk.vfs.Metadata'
[probe] M8-r1 failure=None
[probe] M8F-r1 failure=None
[probe] M8F-r2 failure=None
[probe] M8-r2 failure=None
[probe] M8-r3 failure=None
[probe] M8F-r3 failure=None
[probe] M8F-r4 failure=None
[probe] M8-r4 failure=None
[probe] M8-r5 failure=None
[probe] M8F-r5 failure=None
[probe] rc=0 loadavg=6.77 10.36 12.06 end=2026-10-03T22:11:35Z
A connection to the bus can't be made
[session] exit rc=0 run_dir=<tmp>/x11-session.VnQ6OB
