[session] DISPLAY=:100 openbox=2052694 picom=2052695 dbus=unix:path=<TMPDBUS>,guid=<GUID>
[fix02] outer_hostless=1 display=:100 xdg_runtime_private=yes
[a3-probe] xdpyinfo ok DISPLAY=:100
[fix02] DISPLAY=:100 loadavg=4.24 4.75 5.03 phase_args=--phase f3ts --arm F --driver cua-driver-fix02r3-f-df4f1edf5 --out b07-f3ts-F-trust_unknown --start-rep 1 --reps 10 --code trust_unknown --ts-examples jev-use 
{"event": "validity", "ok": true, "display": ":100"}
dbus-daemon[2052692]: [session uid=1000 pid=2052692 pidfd=5] Activating service name='org.a11y.Bus' requested by ':1.0' (uid=1000 pid=2053356 comm="<lanes>/bin/cua-driver-fi")
dbus-daemon[2052692]: [session uid=1000 pid=2052692 pidfd=5] Successfully activated service 'org.a11y.Bus'
dbus-daemon[2052692]: [session uid=1000 pid=2052692 pidfd=5] Activating service name='ca.desrt.dconf' requested by ':1.1' (uid=1000 pid=2053363 comm="/usr/lib/at-spi-bus-launcher")
dbus-daemon[2052692]: [session uid=1000 pid=2052692 pidfd=5] Successfully activated service 'ca.desrt.dconf'
dbus-daemon[2052692]: [session uid=1000 pid=2052692 pidfd=5] Activating service name='org.freedesktop.systemd1' requested by ':1.4' (uid=1000 pid=2053397 comm="/usr/bin/dbus-broker-launch --config-file=/usr/sha")
dbus-daemon[2052692]: [session uid=1000 pid=2052692 pidfd=5] Activated service 'org.freedesktop.systemd1' failed: Process org.freedesktop.systemd1 exited with status 1
dbus-daemon[2052692]: [session uid=1000 pid=2052692 pidfd=5] Activating service name='org.gtk.vfs.Daemon' requested by ':1.5' (uid=1000 pid=2053481 comm="/opt/google/chrome/chrome --remote-debugging-port=")
dbus-daemon[2052692]: [session uid=1000 pid=2052692 pidfd=5] Successfully activated service 'org.gtk.vfs.Daemon'
fusermount3: mount failed: Operation not permitted
dbus-daemon[2052692]: [session uid=1000 pid=2052692 pidfd=5] Activating service name='org.freedesktop.systemd1' requested by ':1.4' (uid=1000 pid=2053397 comm="/usr/bin/dbus-broker-launch --config-file=/usr/sha")
dbus-daemon[2052692]: [session uid=1000 pid=2052692 pidfd=5] Activated service 'org.freedesktop.systemd1' failed: Process org.freedesktop.systemd1 exited with status 1
dbus-daemon[2052692]: [session uid=1000 pid=2052692 pidfd=5] Activating service name='org.freedesktop.systemd1' requested by ':1.4' (uid=1000 pid=2053397 comm="/usr/bin/dbus-broker-launch --config-file=/usr/sha")
dbus-daemon[2052692]: [session uid=1000 pid=2052692 pidfd=5] Activated service 'org.freedesktop.systemd1' failed: Process org.freedesktop.systemd1 exited with status 1
dbus-daemon[2052692]: [session uid=1000 pid=2052692 pidfd=5] Activating service name='org.freedesktop.Notifications' requested by ':1.7' (uid=1000 pid=2053481 comm="/opt/google/chrome/chrome --remote-debugging-port=")
dbus-daemon[2052692]: [session uid=1000 pid=2052692 pidfd=5] Activating service name='org.freedesktop.portal.Desktop' requested by ':1.7' (uid=1000 pid=2053481 comm="/opt/google/chrome/chrome --remote-debugging-port=")
dbus-daemon[2052692]: [session uid=1000 pid=2052692 pidfd=5] Activating service name='org.freedesktop.impl.portal.PermissionStore' requested by ':1.9' (uid=1000 pid=2053659 comm="/usr/lib/xdg-desktop-portal")
dbus-daemon[2052692]: [session uid=1000 pid=2052692 pidfd=5] Successfully activated service 'org.freedesktop.impl.portal.PermissionStore'
dbus-daemon[2052692]: [session uid=1000 pid=2052692 pidfd=5] Activating service name='org.freedesktop.portal.Documents' requested by ':1.9' (uid=1000 pid=2053659 comm="/usr/lib/xdg-desktop-portal")
dbus-daemon[2052692]: [session uid=1000 pid=2052692 pidfd=5] Successfully activated service 'org.freedesktop.Notifications'
dbus-daemon[2052692]: [session uid=1000 pid=2052692 pidfd=5] Successfully activated service 'org.freedesktop.portal.Documents'
fusermount3: mount failed: Operation not permitted
error: fuse init failed: Can't mount path <tmp>/x11-session.DAHTeg/xdg-runtime/doc

(/usr/lib/xdg-desktop-portal:2053659): xdg-desktop-portal-WARNING **: 04:21:37.121: Document portal fuse mount point unknown: GDBus.Error:org.freedesktop.DBus.Error.ServiceUnknown: The name :1.11 was not provided by any .service files

(/usr/lib/xdg-desktop-portal:2053659): xdg-desktop-portal-WARNING **: 04:21:37.121: Choosing gtk.portal for org.freedesktop.impl.portal.Lockdown as a last-resort fallback
dbus-daemon[2052692]: [session uid=1000 pid=2052692 pidfd=5] Activating service name='org.freedesktop.impl.portal.desktop.gtk' requested by ':1.9' (uid=1000 pid=2053659 comm="/usr/lib/xdg-desktop-portal")
dbus-daemon[2052692]: [session uid=1000 pid=2052692 pidfd=5] Activating service name='org.freedesktop.systemd1' requested by ':1.4' (uid=1000 pid=2053397 comm="/usr/bin/dbus-broker-launch --config-file=/usr/sha")
dbus-daemon[2052692]: [session uid=1000 pid=2052692 pidfd=5] Activated service 'org.freedesktop.systemd1' failed: Process org.freedesktop.systemd1 exited with status 1
dbus-daemon[2052692]: [session uid=1000 pid=2052692 pidfd=5] Successfully activated service 'org.freedesktop.impl.portal.desktop.gtk'

** (xdg-desktop-portal-gtk:2053687): WARNING **: 04:21:37.150: AT-SPI: Could not obtain desktop path or name

dbus-daemon[2052692]: [session uid=1000 pid=2052692 pidfd=5] Activating service name='org.freedesktop.systemd1' requested by ':1.4' (uid=1000 pid=2053397 comm="/usr/bin/dbus-broker-launch --config-file=/usr/sha")

(/usr/lib/xdg-desktop-portal:2053659): xdg-desktop-portal-WARNING **: 04:21:37.151: Choosing gtk.portal for org.freedesktop.impl.portal.Access as a last-resort fallback
dbus-daemon[2052692]: [session uid=1000 pid=2052692 pidfd=5] Activated service 'org.freedesktop.systemd1' failed: Process org.freedesktop.systemd1 exited with status 1

** (xdg-desktop-portal-gtk:2053687): WARNING **: 04:21:37.151: atk-bridge: GetRegisteredEvents returned message with unknown signature

** (xdg-desktop-portal-gtk:2053687): WARNING **: 04:21:37.151: atk-bridge: get_device_events_reply: unknown signature

(/usr/lib/xdg-desktop-portal:2053659): xdg-desktop-portal-WARNING **: 04:21:37.165: Choosing gtk.portal for org.freedesktop.impl.portal.Settings as a last-resort fallback

(/usr/lib/xdg-desktop-portal:2053659): xdg-desktop-portal-WARNING **: 04:21:37.165: Choosing gtk.portal for org.freedesktop.impl.portal.FileChooser as a last-resort fallback

(/usr/lib/xdg-desktop-portal:2053659): xdg-desktop-portal-WARNING **: 04:21:37.166: Choosing gtk.portal for org.freedesktop.impl.portal.AppChooser as a last-resort fallback

(/usr/lib/xdg-desktop-portal:2053659): xdg-desktop-portal-WARNING **: 04:21:37.166: Choosing gtk.portal for org.freedesktop.impl.portal.Print as a last-resort fallback

(/usr/lib/xdg-desktop-portal:2053659): xdg-desktop-portal-WARNING **: 04:21:37.166: Choosing gtk.portal for org.freedesktop.impl.portal.Notification as a last-resort fallback

(/usr/lib/xdg-desktop-portal:2053659): xdg-desktop-portal-WARNING **: 04:21:37.167: Choosing gtk.portal for org.freedesktop.impl.portal.Inhibit as a last-resort fallback

(/usr/lib/xdg-desktop-portal:2053659): xdg-desktop-portal-WARNING **: 04:21:37.168: Failed to connect to PipeWire: Couldn't connect to PipeWire

(/usr/lib/xdg-desktop-portal:2053659): xdg-desktop-portal-WARNING **: 04:21:37.168: Choosing gtk.portal for org.freedesktop.impl.portal.Account as a last-resort fallback

(/usr/lib/xdg-desktop-portal:2053659): xdg-desktop-portal-WARNING **: 04:21:37.168: Choosing gtk.portal for org.freedesktop.impl.portal.Email as a last-resort fallback

(/usr/lib/xdg-desktop-portal:2053659): xdg-desktop-portal-WARNING **: 04:21:37.169: Choosing gtk.portal for org.freedesktop.impl.portal.DynamicLauncher as a last-resort fallback
dbus-daemon[2052692]: [session uid=1000 pid=2052692 pidfd=5] Successfully activated service 'org.freedesktop.portal.Desktop'
{"event": "cell", "id": "f3ts-trust_unknown-F-rep01", "outcome": "unknown", "clicks": 1, "applied": 1, "old": null, "code": null}
dbus-daemon[2052692]: [session uid=1000 pid=2052692 pidfd=5] Activating service name='org.freedesktop.systemd1' requested by ':1.4' (uid=1000 pid=2053397 comm="/usr/bin/dbus-broker-launch --config-file=/usr/sha")
dbus-daemon[2052692]: [session uid=1000 pid=2052692 pidfd=5] Activated service 'org.freedesktop.systemd1' failed: Process org.freedesktop.systemd1 exited with status 1
dbus-daemon[2052692]: [session uid=1000 pid=2052692 pidfd=5] Activating service name='org.freedesktop.systemd1' requested by ':1.4' (uid=1000 pid=2053397 comm="/usr/bin/dbus-broker-launch --config-file=/usr/sha")
dbus-daemon[2052692]: [session uid=1000 pid=2052692 pidfd=5] Activated service 'org.freedesktop.systemd1' failed: Process org.freedesktop.systemd1 exited with status 1
dbus-daemon[2052692]: [session uid=1000 pid=2052692 pidfd=5] Activating service name='org.freedesktop.systemd1' requested by ':1.4' (uid=1000 pid=2053397 comm="/usr/bin/dbus-broker-launch --config-file=/usr/sha")
dbus-daemon[2052692]: [session uid=1000 pid=2052692 pidfd=5] Activated service 'org.freedesktop.systemd1' failed: Process org.freedesktop.systemd1 exited with status 1
{"event": "cell", "id": "f3ts-trust_unknown-F-rep02", "outcome": "unknown", "clicks": 1, "applied": 1, "old": null, "code": null}
dbus-daemon[2052692]: [session uid=1000 pid=2052692 pidfd=5] Activating service name='org.freedesktop.systemd1' requested by ':1.4' (uid=1000 pid=2053397 comm="/usr/bin/dbus-broker-launch --config-file=/usr/sha")
dbus-daemon[2052692]: [session uid=1000 pid=2052692 pidfd=5] Activated service 'org.freedesktop.systemd1' failed: Process org.freedesktop.systemd1 exited with status 1
dbus-daemon[2052692]: [session uid=1000 pid=2052692 pidfd=5] Activating service name='org.freedesktop.systemd1' requested by ':1.4' (uid=1000 pid=2053397 comm="/usr/bin/dbus-broker-launch --config-file=/usr/sha")
dbus-daemon[2052692]: [session uid=1000 pid=2052692 pidfd=5] Activated service 'org.freedesktop.systemd1' failed: Process org.freedesktop.systemd1 exited with status 1
dbus-daemon[2052692]: [session uid=1000 pid=2052692 pidfd=5] Activating service name='org.freedesktop.systemd1' requested by ':1.4' (uid=1000 pid=2053397 comm="/usr/bin/dbus-broker-launch --config-file=/usr/sha")
dbus-daemon[2052692]: [session uid=1000 pid=2052692 pidfd=5] Activated service 'org.freedesktop.systemd1' failed: Process org.freedesktop.systemd1 exited with status 1
{"event": "cell", "id": "f3ts-trust_unknown-F-rep03", "outcome": "unknown", "clicks": 1, "applied": 1, "old": null, "code": null}
dbus-daemon[2052692]: [session uid=1000 pid=2052692 pidfd=5] Activating service name='org.freedesktop.systemd1' requested by ':1.4' (uid=1000 pid=2053397 comm="/usr/bin/dbus-broker-launch --config-file=/usr/sha")
dbus-daemon[2052692]: [session uid=1000 pid=2052692 pidfd=5] Activated service 'org.freedesktop.systemd1' failed: Process org.freedesktop.systemd1 exited with status 1
dbus-daemon[2052692]: [session uid=1000 pid=2052692 pidfd=5] Activating service name='org.freedesktop.systemd1' requested by ':1.4' (uid=1000 pid=2053397 comm="/usr/bin/dbus-broker-launch --config-file=/usr/sha")
dbus-daemon[2052692]: [session uid=1000 pid=2052692 pidfd=5] Activated service 'org.freedesktop.systemd1' failed: Process org.freedesktop.systemd1 exited with status 1
dbus-daemon[2052692]: [session uid=1000 pid=2052692 pidfd=5] Activating service name='org.freedesktop.systemd1' requested by ':1.4' (uid=1000 pid=2053397 comm="/usr/bin/dbus-broker-launch --config-file=/usr/sha")
dbus-daemon[2052692]: [session uid=1000 pid=2052692 pidfd=5] Activated service 'org.freedesktop.systemd1' failed: Process org.freedesktop.systemd1 exited with status 1
{"event": "cell", "id": "f3ts-trust_unknown-F-rep04", "outcome": "unknown", "clicks": 1, "applied": 1, "old": null, "code": null}
dbus-daemon[2052692]: [session uid=1000 pid=2052692 pidfd=5] Activating service name='org.freedesktop.systemd1' requested by ':1.4' (uid=1000 pid=2053397 comm="/usr/bin/dbus-broker-launch --config-file=/usr/sha")
dbus-daemon[2052692]: [session uid=1000 pid=2052692 pidfd=5] Activated service 'org.freedesktop.systemd1' failed: Process org.freedesktop.systemd1 exited with status 1
dbus-daemon[2052692]: [session uid=1000 pid=2052692 pidfd=5] Activating service name='org.freedesktop.systemd1' requested by ':1.4' (uid=1000 pid=2053397 comm="/usr/bin/dbus-broker-launch --config-file=/usr/sha")
dbus-daemon[2052692]: [session uid=1000 pid=2052692 pidfd=5] Activated service 'org.freedesktop.systemd1' failed: Process org.freedesktop.systemd1 exited with status 1
dbus-daemon[2052692]: [session uid=1000 pid=2052692 pidfd=5] Activating service name='org.freedesktop.systemd1' requested by ':1.4' (uid=1000 pid=2053397 comm="/usr/bin/dbus-broker-launch --config-file=/usr/sha")
dbus-daemon[2052692]: [session uid=1000 pid=2052692 pidfd=5] Activated service 'org.freedesktop.systemd1' failed: Process org.freedesktop.systemd1 exited with status 1
{"event": "cell", "id": "f3ts-trust_unknown-F-rep05", "outcome": "unknown", "clicks": 1, "applied": 1, "old": null, "code": null}
dbus-daemon[2052692]: [session uid=1000 pid=2052692 pidfd=5] Activating service name='org.freedesktop.systemd1' requested by ':1.4' (uid=1000 pid=2053397 comm="/usr/bin/dbus-broker-launch --config-file=/usr/sha")
dbus-daemon[2052692]: [session uid=1000 pid=2052692 pidfd=5] Activated service 'org.freedesktop.systemd1' failed: Process org.freedesktop.systemd1 exited with status 1
dbus-daemon[2052692]: [session uid=1000 pid=2052692 pidfd=5] Activating service name='org.freedesktop.systemd1' requested by ':1.4' (uid=1000 pid=2053397 comm="/usr/bin/dbus-broker-launch --config-file=/usr/sha")
dbus-daemon[2052692]: [session uid=1000 pid=2052692 pidfd=5] Activated service 'org.freedesktop.systemd1' failed: Process org.freedesktop.systemd1 exited with status 1
dbus-daemon[2052692]: [session uid=1000 pid=2052692 pidfd=5] Activating service name='org.freedesktop.systemd1' requested by ':1.4' (uid=1000 pid=2053397 comm="/usr/bin/dbus-broker-launch --config-file=/usr/sha")
dbus-daemon[2052692]: [session uid=1000 pid=2052692 pidfd=5] Activated service 'org.freedesktop.systemd1' failed: Process org.freedesktop.systemd1 exited with status 1
{"event": "cell", "id": "f3ts-trust_unknown-F-rep06", "outcome": "unknown", "clicks": 1, "applied": 1, "old": null, "code": null}
dbus-daemon[2052692]: [session uid=1000 pid=2052692 pidfd=5] Activating service name='org.freedesktop.systemd1' requested by ':1.4' (uid=1000 pid=2053397 comm="/usr/bin/dbus-broker-launch --config-file=/usr/sha")
dbus-daemon[2052692]: [session uid=1000 pid=2052692 pidfd=5] Activated service 'org.freedesktop.systemd1' failed: Process org.freedesktop.systemd1 exited with status 1
dbus-daemon[2052692]: [session uid=1000 pid=2052692 pidfd=5] Activating service name='org.freedesktop.systemd1' requested by ':1.4' (uid=1000 pid=2053397 comm="/usr/bin/dbus-broker-launch --config-file=/usr/sha")
dbus-daemon[2052692]: [session uid=1000 pid=2052692 pidfd=5] Activated service 'org.freedesktop.systemd1' failed: Process org.freedesktop.systemd1 exited with status 1
dbus-daemon[2052692]: [session uid=1000 pid=2052692 pidfd=5] Activating service name='org.freedesktop.systemd1' requested by ':1.4' (uid=1000 pid=2053397 comm="/usr/bin/dbus-broker-launch --config-file=/usr/sha")
dbus-daemon[2052692]: [session uid=1000 pid=2052692 pidfd=5] Activated service 'org.freedesktop.systemd1' failed: Process org.freedesktop.systemd1 exited with status 1
{"event": "cell", "id": "f3ts-trust_unknown-F-rep07", "outcome": "unknown", "clicks": 1, "applied": 1, "old": null, "code": null}
dbus-daemon[2052692]: [session uid=1000 pid=2052692 pidfd=5] Activating service name='org.freedesktop.systemd1' requested by ':1.4' (uid=1000 pid=2053397 comm="/usr/bin/dbus-broker-launch --config-file=/usr/sha")
dbus-daemon[2052692]: [session uid=1000 pid=2052692 pidfd=5] Activated service 'org.freedesktop.systemd1' failed: Process org.freedesktop.systemd1 exited with status 1
dbus-daemon[2052692]: [session uid=1000 pid=2052692 pidfd=5] Activating service name='org.freedesktop.systemd1' requested by ':1.4' (uid=1000 pid=2053397 comm="/usr/bin/dbus-broker-launch --config-file=/usr/sha")
dbus-daemon[2052692]: [session uid=1000 pid=2052692 pidfd=5] Activated service 'org.freedesktop.systemd1' failed: Process org.freedesktop.systemd1 exited with status 1
dbus-daemon[2052692]: [session uid=1000 pid=2052692 pidfd=5] Activating service name='org.freedesktop.systemd1' requested by ':1.4' (uid=1000 pid=2053397 comm="/usr/bin/dbus-broker-launch --config-file=/usr/sha")
dbus-daemon[2052692]: [session uid=1000 pid=2052692 pidfd=5] Activated service 'org.freedesktop.systemd1' failed: Process org.freedesktop.systemd1 exited with status 1
{"event": "cell", "id": "f3ts-trust_unknown-F-rep08", "outcome": "unknown", "clicks": 1, "applied": 1, "old": null, "code": null}
dbus-daemon[2052692]: [session uid=1000 pid=2052692 pidfd=5] Activating service name='org.freedesktop.systemd1' requested by ':1.4' (uid=1000 pid=2053397 comm="/usr/bin/dbus-broker-launch --config-file=/usr/sha")
dbus-daemon[2052692]: [session uid=1000 pid=2052692 pidfd=5] Activated service 'org.freedesktop.systemd1' failed: Process org.freedesktop.systemd1 exited with status 1
dbus-daemon[2052692]: [session uid=1000 pid=2052692 pidfd=5] Activating service name='org.freedesktop.systemd1' requested by ':1.4' (uid=1000 pid=2053397 comm="/usr/bin/dbus-broker-launch --config-file=/usr/sha")
dbus-daemon[2052692]: [session uid=1000 pid=2052692 pidfd=5] Activated service 'org.freedesktop.systemd1' failed: Process org.freedesktop.systemd1 exited with status 1
dbus-daemon[2052692]: [session uid=1000 pid=2052692 pidfd=5] Activating service name='org.freedesktop.systemd1' requested by ':1.4' (uid=1000 pid=2053397 comm="/usr/bin/dbus-broker-launch --config-file=/usr/sha")
dbus-daemon[2052692]: [session uid=1000 pid=2052692 pidfd=5] Activated service 'org.freedesktop.systemd1' failed: Process org.freedesktop.systemd1 exited with status 1
{"event": "cell", "id": "f3ts-trust_unknown-F-rep09", "outcome": "unknown", "clicks": 1, "applied": 1, "old": null, "code": null}
dbus-daemon[2052692]: [session uid=1000 pid=2052692 pidfd=5] Activating service name='org.freedesktop.systemd1' requested by ':1.4' (uid=1000 pid=2053397 comm="/usr/bin/dbus-broker-launch --config-file=/usr/sha")
dbus-daemon[2052692]: [session uid=1000 pid=2052692 pidfd=5] Activated service 'org.freedesktop.systemd1' failed: Process org.freedesktop.systemd1 exited with status 1
dbus-daemon[2052692]: [session uid=1000 pid=2052692 pidfd=5] Activating service name='org.freedesktop.systemd1' requested by ':1.4' (uid=1000 pid=2053397 comm="/usr/bin/dbus-broker-launch --config-file=/usr/sha")
dbus-daemon[2052692]: [session uid=1000 pid=2052692 pidfd=5] Activated service 'org.freedesktop.systemd1' failed: Process org.freedesktop.systemd1 exited with status 1
dbus-daemon[2052692]: [session uid=1000 pid=2052692 pidfd=5] Activating service name='org.freedesktop.systemd1' requested by ':1.4' (uid=1000 pid=2053397 comm="/usr/bin/dbus-broker-launch --config-file=/usr/sha")
dbus-daemon[2052692]: [session uid=1000 pid=2052692 pidfd=5] Activated service 'org.freedesktop.systemd1' failed: Process org.freedesktop.systemd1 exited with status 1
{"event": "cell", "id": "f3ts-trust_unknown-F-rep10", "outcome": "unknown", "clicks": 1, "applied": 1, "old": null, "code": null}
A connection to the bus can't be made
CRITICAL: [dbus_cb_name_lost:1438] Cannot connect to DBus.
[session] exit rc=0 run_dir=<tmp>/x11-session.DAHTeg
