[session] DISPLAY=:100 openbox=1927541 picom=1927542 dbus=unix:path=<TMPDBUS>,guid=<GUID>
[fix02] outer_hostless=1 display=:100 xdg_runtime_private=yes
[a3-probe] xdpyinfo ok DISPLAY=:100
[fix02] DISPLAY=:100 loadavg=2.09 2.18 3.14 phase_args=--phase f3 --arm U --driver cua-driver-fix02r3-u-513e45fee --out b01-f3-U-stale --start-rep 1 --reps 10 --code stale 
{"event": "validity", "ok": true, "display": ":100"}
dbus-daemon[1927534]: [session uid=1000 pid=1927534 pidfd=5] Activating service name='org.a11y.Bus' requested by ':1.0' (uid=1000 pid=1929567 comm="<lanes>/bin/cua-driver-fi")
dbus-daemon[1927534]: [session uid=1000 pid=1927534 pidfd=5] Successfully activated service 'org.a11y.Bus'
dbus-daemon[1927534]: [session uid=1000 pid=1927534 pidfd=5] Activating service name='ca.desrt.dconf' requested by ':1.1' (uid=1000 pid=1929574 comm="/usr/lib/at-spi-bus-launcher")
dbus-daemon[1927534]: [session uid=1000 pid=1927534 pidfd=5] Successfully activated service 'ca.desrt.dconf'
dbus-daemon[1927534]: [session uid=1000 pid=1927534 pidfd=5] Activating service name='org.freedesktop.systemd1' requested by ':1.4' (uid=1000 pid=1929631 comm="/usr/bin/dbus-broker-launch --config-file=/usr/sha")
dbus-daemon[1927534]: [session uid=1000 pid=1927534 pidfd=5] Activated service 'org.freedesktop.systemd1' failed: Process org.freedesktop.systemd1 exited with status 1
2026-10-03T09:08:08.038966Z  WARN cua_driver_sdk::runtime: could not activate the persistent AT-SPI listener: AT-SPI connect failed: ZBus Error: MethodError(OwnedErrorName("org.freedesktop.DBus.Error.NameHasNoOwner"), Some("Could not activate remote peer 'org.a11y.atspi.Registry': unit failed"), Msg { type: Error, serial: 4294967295, sender: UniqueName("org.freedesktop.DBus"), reply-serial: 10, body: Str, fds: [] })
2026-10-03T09:08:08.060304Z  WARN platform_linux::overlay: X11 overlay: root reads cannot see this window's own pixels; save-unders will be served without readback confirmation
dbus-daemon[1927534]: [session uid=1000 pid=1927534 pidfd=5] Activating service name='org.gtk.vfs.Daemon' requested by ':1.5' (uid=1000 pid=1929769 comm="/opt/google/chrome/chrome --remote-debugging-port=")
dbus-daemon[1927534]: [session uid=1000 pid=1927534 pidfd=5] Successfully activated service 'org.gtk.vfs.Daemon'
fusermount3: mount failed: Operation not permitted
dbus-daemon[1927534]: [session uid=1000 pid=1927534 pidfd=5] Activating service name='org.freedesktop.systemd1' requested by ':1.4' (uid=1000 pid=1929631 comm="/usr/bin/dbus-broker-launch --config-file=/usr/sha")
dbus-daemon[1927534]: [session uid=1000 pid=1927534 pidfd=5] Activated service 'org.freedesktop.systemd1' failed: Process org.freedesktop.systemd1 exited with status 1
dbus-daemon[1927534]: [session uid=1000 pid=1927534 pidfd=5] Activating service name='org.freedesktop.systemd1' requested by ':1.4' (uid=1000 pid=1929631 comm="/usr/bin/dbus-broker-launch --config-file=/usr/sha")
dbus-daemon[1927534]: [session uid=1000 pid=1927534 pidfd=5] Activated service 'org.freedesktop.systemd1' failed: Process org.freedesktop.systemd1 exited with status 1
dbus-daemon[1927534]: [session uid=1000 pid=1927534 pidfd=5] Activating service name='org.freedesktop.Notifications' requested by ':1.7' (uid=1000 pid=1929769 comm="/opt/google/chrome/chrome --remote-debugging-port=")
dbus-daemon[1927534]: [session uid=1000 pid=1927534 pidfd=5] Activating service name='org.freedesktop.portal.Desktop' requested by ':1.7' (uid=1000 pid=1929769 comm="/opt/google/chrome/chrome --remote-debugging-port=")
dbus-daemon[1927534]: [session uid=1000 pid=1927534 pidfd=5] Activating service name='org.freedesktop.impl.portal.PermissionStore' requested by ':1.9' (uid=1000 pid=1930163 comm="/usr/lib/xdg-desktop-portal")
dbus-daemon[1927534]: [session uid=1000 pid=1927534 pidfd=5] Successfully activated service 'org.freedesktop.impl.portal.PermissionStore'
dbus-daemon[1927534]: [session uid=1000 pid=1927534 pidfd=5] Activating service name='org.freedesktop.portal.Documents' requested by ':1.9' (uid=1000 pid=1930163 comm="/usr/lib/xdg-desktop-portal")
dbus-daemon[1927534]: [session uid=1000 pid=1927534 pidfd=5] Successfully activated service 'org.freedesktop.Notifications'
dbus-daemon[1927534]: [session uid=1000 pid=1927534 pidfd=5] Successfully activated service 'org.freedesktop.portal.Documents'
fusermount3: mount failed: Operation not permitted
error: fuse init failed: Can't mount path <tmp>/x11-session.OL64L6/xdg-runtime/doc

(/usr/lib/xdg-desktop-portal:1930163): xdg-desktop-portal-WARNING **: 04:08:09.955: Document portal fuse mount point unknown: GDBus.Error:org.freedesktop.DBus.Error.ServiceUnknown: The name :1.11 was not provided by any .service files

(/usr/lib/xdg-desktop-portal:1930163): xdg-desktop-portal-WARNING **: 04:08:09.955: Choosing gtk.portal for org.freedesktop.impl.portal.Lockdown as a last-resort fallback
dbus-daemon[1927534]: [session uid=1000 pid=1927534 pidfd=5] Activating service name='org.freedesktop.impl.portal.desktop.gtk' requested by ':1.9' (uid=1000 pid=1930163 comm="/usr/lib/xdg-desktop-portal")
dbus-daemon[1927534]: [session uid=1000 pid=1927534 pidfd=5] Activating service name='org.freedesktop.systemd1' requested by ':1.4' (uid=1000 pid=1929631 comm="/usr/bin/dbus-broker-launch --config-file=/usr/sha")
dbus-daemon[1927534]: [session uid=1000 pid=1927534 pidfd=5] Activated service 'org.freedesktop.systemd1' failed: Process org.freedesktop.systemd1 exited with status 1
dbus-daemon[1927534]: 
** (xdg-desktop-portal-gtk:1930197): WARNING **: 04:08:09.977: AT-SPI: Could not obtain desktop path or name

[session uid=1000 pid=1927534 pidfd=5] Successfully activated service 'org.freedesktop.impl.portal.desktop.gtk'
dbus-daemon[1927534]: [session uid=1000 pid=1927534 pidfd=5] Activating service name='org.freedesktop.systemd1' requested by ':1.4' (uid=1000 pid=1929631 comm="/usr/bin/dbus-broker-launch --config-file=/usr/sha")

(/usr/lib/xdg-desktop-portal:1930163): xdg-desktop-portal-WARNING **: 04:08:09.978: Choosing gtk.portal for org.freedesktop.impl.portal.Access as a last-resort fallback
dbus-daemon[1927534]: [session uid=1000 pid=1927534 pidfd=5] Activated service 'org.freedesktop.systemd1' failed: Process org.freedesktop.systemd1 exited with status 1

** (xdg-desktop-portal-gtk:1930197): WARNING **: 04:08:09.978: atk-bridge: GetRegisteredEvents returned message with unknown signature

** (xdg-desktop-portal-gtk:1930197): WARNING **: 04:08:09.978: atk-bridge: get_device_events_reply: unknown signature

(/usr/lib/xdg-desktop-portal:1930163): xdg-desktop-portal-WARNING **: 04:08:10.028: Choosing gtk.portal for org.freedesktop.impl.portal.Settings as a last-resort fallback

(/usr/lib/xdg-desktop-portal:1930163): xdg-desktop-portal-WARNING **: 04:08:10.029: Choosing gtk.portal for org.freedesktop.impl.portal.FileChooser as a last-resort fallback

(/usr/lib/xdg-desktop-portal:1930163): xdg-desktop-portal-WARNING **: 04:08:10.029: Choosing gtk.portal for org.freedesktop.impl.portal.AppChooser as a last-resort fallback

(/usr/lib/xdg-desktop-portal:1930163): xdg-desktop-portal-WARNING **: 04:08:10.030: Choosing gtk.portal for org.freedesktop.impl.portal.Print as a last-resort fallback

(/usr/lib/xdg-desktop-portal:1930163): xdg-desktop-portal-WARNING **: 04:08:10.030: Choosing gtk.portal for org.freedesktop.impl.portal.Notification as a last-resort fallback

(/usr/lib/xdg-desktop-portal:1930163): xdg-desktop-portal-WARNING **: 04:08:10.030: Choosing gtk.portal for org.freedesktop.impl.portal.Inhibit as a last-resort fallback

(/usr/lib/xdg-desktop-portal:1930163): xdg-desktop-portal-WARNING **: 04:08:10.034: Failed to connect to PipeWire: Couldn't connect to PipeWire

(/usr/lib/xdg-desktop-portal:1930163): xdg-desktop-portal-WARNING **: 04:08:10.034: Choosing gtk.portal for org.freedesktop.impl.portal.Account as a last-resort fallback

(/usr/lib/xdg-desktop-portal:1930163): xdg-desktop-portal-WARNING **: 04:08:10.034: Choosing gtk.portal for org.freedesktop.impl.portal.Email as a last-resort fallback

(/usr/lib/xdg-desktop-portal:1930163): xdg-desktop-portal-WARNING **: 04:08:10.035: Choosing gtk.portal for org.freedesktop.impl.portal.DynamicLauncher as a last-resort fallback
dbus-daemon[1927534]: [session uid=1000 pid=1927534 pidfd=5] Successfully activated service 'org.freedesktop.portal.Desktop'
{"action_ms": 221.48, "candidate": "type-verification-value", "candidate_build_ms": 0.04, "confidence": 1.0, "decision_ms": 91.84, "delivery_mode": null, "dry_run": false, "event": "step", "probabilities": {"abstain": 0.0, "reobserve": 0.0, "type-verification-value": 1.0}, "provider_decision_ms": 0.0, "semantic_observe_ms": 91.78, "step": 1, "tool": "browser_type", "total_step_ms": 313.34, "visual": {"reason": "page_structure_candidate", "status": "skipped"}, "visual_observe_ms": 0.0}
{"action_refused": "browser_ref_stale", "candidate": "submit-form", "event": "step", "phase": "refused", "step": 2, "tool": "browser_click", "visual": {"reason": "page_structure_candidate", "status": "skipped"}}
{"action_ms": 69.28, "candidate": "submit-form", "candidate_build_ms": 0.04, "confidence": 1.0, "decision_ms": 10.16, "delivery_mode": null, "dry_run": false, "event": "step", "probabilities": {"abstain": 0.0, "reobserve": 0.0, "submit-form": 1.0}, "provider_decision_ms": 0.0, "semantic_observe_ms": 10.09, "step": 3, "tool": "browser_click", "total_step_ms": 79.47, "visual": {"reason": "page_structure_candidate", "status": "skipped"}, "visual_observe_ms": 0.0}
{"event": "outcome", "outcome": "verified", "token": "fix02-dfdf2ad90902"}
{"event": "cell", "id": "f3-stale-U-rep01", "outcome": "verified", "clicks": 2, "applied": 1, "old": null, "code": null}
dbus-daemon[1927534]: [session uid=1000 pid=1927534 pidfd=5] Activating service name='org.freedesktop.systemd1' requested by ':1.4' (uid=1000 pid=1929631 comm="/usr/bin/dbus-broker-launch --config-file=/usr/sha")
dbus-daemon[1927534]: [session uid=1000 pid=1927534 pidfd=5] Activated service 'org.freedesktop.systemd1' failed: Process org.freedesktop.systemd1 exited with status 1
2026-10-03T09:08:11.982276Z  WARN cua_driver_sdk::runtime: could not activate the persistent AT-SPI listener: AT-SPI connect failed: ZBus Error: MethodError(OwnedErrorName("org.freedesktop.DBus.Error.NameHasNoOwner"), Some("Could not activate remote peer 'org.a11y.atspi.Registry': unit failed"), Msg { type: Error, serial: 4294967295, sender: UniqueName("org.freedesktop.DBus"), reply-serial: 9, body: Str, fds: [] })
2026-10-03T09:08:12.003247Z  WARN platform_linux::overlay: X11 overlay: root reads cannot see this window's own pixels; save-unders will be served without readback confirmation
dbus-daemon[1927534]: [session uid=1000 pid=1927534 pidfd=5] Activating service name='org.freedesktop.systemd1' requested by ':1.4' (uid=1000 pid=1929631 comm="/usr/bin/dbus-broker-launch --config-file=/usr/sha")
dbus-daemon[1927534]: [session uid=1000 pid=1927534 pidfd=5] Activated service 'org.freedesktop.systemd1' failed: Process org.freedesktop.systemd1 exited with status 1
dbus-daemon[1927534]: [session uid=1000 pid=1927534 pidfd=5] Activating service name='org.freedesktop.systemd1' requested by ':1.4' (uid=1000 pid=1929631 comm="/usr/bin/dbus-broker-launch --config-file=/usr/sha")
dbus-daemon[1927534]: [session uid=1000 pid=1927534 pidfd=5] Activated service 'org.freedesktop.systemd1' failed: Process org.freedesktop.systemd1 exited with status 1
{"action_ms": 157.79, "candidate": "type-verification-value", "candidate_build_ms": 0.06, "confidence": 1.0, "decision_ms": 43.21, "delivery_mode": null, "dry_run": false, "event": "step", "probabilities": {"abstain": 0.0, "reobserve": 0.0, "type-verification-value": 1.0}, "provider_decision_ms": 0.01, "semantic_observe_ms": 43.11, "step": 1, "tool": "browser_type", "total_step_ms": 201.01, "visual": {"reason": "page_structure_candidate", "status": "skipped"}, "visual_observe_ms": 0.0}
{"action_refused": "browser_ref_stale", "candidate": "submit-form", "event": "step", "phase": "refused", "step": 2, "tool": "browser_click", "visual": {"reason": "page_structure_candidate", "status": "skipped"}}
{"action_ms": 32.94, "candidate": "submit-form", "candidate_build_ms": 0.03, "confidence": 1.0, "decision_ms": 9.48, "delivery_mode": null, "dry_run": false, "event": "step", "probabilities": {"abstain": 0.0, "reobserve": 0.0, "submit-form": 1.0}, "provider_decision_ms": 0.0, "semantic_observe_ms": 9.42, "step": 3, "tool": "browser_click", "total_step_ms": 42.43, "visual": {"reason": "page_structure_candidate", "status": "skipped"}, "visual_observe_ms": 0.0}
{"event": "outcome", "outcome": "verified", "token": "fix02-fc22145e2a1b"}
{"event": "cell", "id": "f3-stale-U-rep02", "outcome": "verified", "clicks": 2, "applied": 1, "old": null, "code": null}
dbus-daemon[1927534]: [session uid=1000 pid=1927534 pidfd=5] Activating service name='org.freedesktop.systemd1' requested by ':1.4' (uid=1000 pid=1929631 comm="/usr/bin/dbus-broker-launch --config-file=/usr/sha")
dbus-daemon[1927534]: [session uid=1000 pid=1927534 pidfd=5] Activated service 'org.freedesktop.systemd1' failed: Process org.freedesktop.systemd1 exited with status 1
2026-10-03T09:08:14.906311Z  WARN cua_driver_sdk::runtime: could not activate the persistent AT-SPI listener: AT-SPI connect failed: ZBus Error: MethodError(OwnedErrorName("org.freedesktop.DBus.Error.NameHasNoOwner"), Some("Could not activate remote peer 'org.a11y.atspi.Registry': unit failed"), Msg { type: Error, serial: 4294967295, sender: UniqueName("org.freedesktop.DBus"), reply-serial: 9, body: Str, fds: [] })
2026-10-03T09:08:14.953334Z  WARN platform_linux::overlay: X11 overlay: root reads cannot see this window's own pixels; save-unders will be served without readback confirmation
dbus-daemon[1927534]: [session uid=1000 pid=1927534 pidfd=5] Activating service name='org.freedesktop.systemd1' requested by ':1.4' (uid=1000 pid=1929631 comm="/usr/bin/dbus-broker-launch --config-file=/usr/sha")
dbus-daemon[1927534]: [session uid=1000 pid=1927534 pidfd=5] Activated service 'org.freedesktop.systemd1' failed: Process org.freedesktop.systemd1 exited with status 1
dbus-daemon[1927534]: [session uid=1000 pid=1927534 pidfd=5] Activating service name='org.freedesktop.systemd1' requested by ':1.4' (uid=1000 pid=1929631 comm="/usr/bin/dbus-broker-launch --config-file=/usr/sha")
dbus-daemon[1927534]: [session uid=1000 pid=1927534 pidfd=5] Activated service 'org.freedesktop.systemd1' failed: Process org.freedesktop.systemd1 exited with status 1
{"action_ms": 132.76, "candidate": "type-verification-value", "candidate_build_ms": 0.04, "confidence": 1.0, "decision_ms": 24.63, "delivery_mode": null, "dry_run": false, "event": "step", "probabilities": {"abstain": 0.0, "reobserve": 0.0, "type-verification-value": 1.0}, "provider_decision_ms": 0.0, "semantic_observe_ms": 24.57, "step": 1, "tool": "browser_type", "total_step_ms": 157.4, "visual": {"reason": "page_structure_candidate", "status": "skipped"}, "visual_observe_ms": 0.0}
{"action_refused": "browser_ref_stale", "candidate": "submit-form", "event": "step", "phase": "refused", "step": 2, "tool": "browser_click", "visual": {"reason": "page_structure_candidate", "status": "skipped"}}
{"action_ms": 33.69, "candidate": "submit-form", "candidate_build_ms": 0.05, "confidence": 1.0, "decision_ms": 13.08, "delivery_mode": null, "dry_run": false, "event": "step", "probabilities": {"abstain": 0.0, "reobserve": 0.0, "submit-form": 1.0}, "provider_decision_ms": 0.01, "semantic_observe_ms": 12.98, "step": 3, "tool": "browser_click", "total_step_ms": 46.79, "visual": {"reason": "page_structure_candidate", "status": "skipped"}, "visual_observe_ms": 0.0}
{"event": "outcome", "outcome": "verified", "token": "fix02-1f3d894d939a"}
{"event": "cell", "id": "f3-stale-U-rep03", "outcome": "verified", "clicks": 2, "applied": 1, "old": null, "code": null}
dbus-daemon[1927534]: [session uid=1000 pid=1927534 pidfd=5] Activating service name='org.freedesktop.systemd1' requested by ':1.4' (uid=1000 pid=1929631 comm="/usr/bin/dbus-broker-launch --config-file=/usr/sha")
dbus-daemon[1927534]: [session uid=1000 pid=1927534 pidfd=5] Activated service 'org.freedesktop.systemd1' failed: Process org.freedesktop.systemd1 exited with status 1
2026-10-03T09:08:18.100389Z  WARN cua_driver_sdk::runtime: could not activate the persistent AT-SPI listener: AT-SPI connect failed: ZBus Error: MethodError(OwnedErrorName("org.freedesktop.DBus.Error.NameHasNoOwner"), Some("Could not activate remote peer 'org.a11y.atspi.Registry': unit failed"), Msg { type: Error, serial: 4294967295, sender: UniqueName("org.freedesktop.DBus"), reply-serial: 9, body: Str, fds: [] })
2026-10-03T09:08:18.117957Z  WARN platform_linux::overlay: X11 overlay: root reads cannot see this window's own pixels; save-unders will be served without readback confirmation
dbus-daemon[1927534]: [session uid=1000 pid=1927534 pidfd=5] Activating service name='org.freedesktop.systemd1' requested by ':1.4' (uid=1000 pid=1929631 comm="/usr/bin/dbus-broker-launch --config-file=/usr/sha")
dbus-daemon[1927534]: [session uid=1000 pid=1927534 pidfd=5] Activated service 'org.freedesktop.systemd1' failed: Process org.freedesktop.systemd1 exited with status 1
dbus-daemon[1927534]: [session uid=1000 pid=1927534 pidfd=5] Activating service name='org.freedesktop.systemd1' requested by ':1.4' (uid=1000 pid=1929631 comm="/usr/bin/dbus-broker-launch --config-file=/usr/sha")
dbus-daemon[1927534]: [session uid=1000 pid=1927534 pidfd=5] Activated service 'org.freedesktop.systemd1' failed: Process org.freedesktop.systemd1 exited with status 1
{"action_ms": 150.64, "candidate": "type-verification-value", "candidate_build_ms": 0.07, "confidence": 1.0, "decision_ms": 32.24, "delivery_mode": null, "dry_run": false, "event": "step", "probabilities": {"abstain": 0.0, "reobserve": 0.0, "type-verification-value": 1.0}, "provider_decision_ms": 0.01, "semantic_observe_ms": 32.12, "step": 1, "tool": "browser_type", "total_step_ms": 182.9, "visual": {"reason": "page_structure_candidate", "status": "skipped"}, "visual_observe_ms": 0.0}
{"action_refused": "browser_ref_stale", "candidate": "submit-form", "event": "step", "phase": "refused", "step": 2, "tool": "browser_click", "visual": {"reason": "page_structure_candidate", "status": "skipped"}}
{"action_ms": 35.19, "candidate": "submit-form", "candidate_build_ms": 0.1, "confidence": 1.0, "decision_ms": 7.34, "delivery_mode": null, "dry_run": false, "event": "step", "probabilities": {"abstain": 0.0, "reobserve": 0.0, "submit-form": 1.0}, "provider_decision_ms": 0.01, "semantic_observe_ms": 7.13, "step": 3, "tool": "browser_click", "total_step_ms": 42.55, "visual": {"reason": "page_structure_candidate", "status": "skipped"}, "visual_observe_ms": 0.0}
{"event": "outcome", "outcome": "verified", "token": "fix02-d18395e6419d"}
{"event": "cell", "id": "f3-stale-U-rep04", "outcome": "verified", "clicks": 2, "applied": 1, "old": null, "code": null}
dbus-daemon[1927534]: [session uid=1000 pid=1927534 pidfd=5] Activating service name='org.freedesktop.systemd1' requested by ':1.4' (uid=1000 pid=1929631 comm="/usr/bin/dbus-broker-launch --config-file=/usr/sha")
dbus-daemon[1927534]: [session uid=1000 pid=1927534 pidfd=5] Activated service 'org.freedesktop.systemd1' failed: Process org.freedesktop.systemd1 exited with status 1
2026-10-03T09:08:20.604031Z  WARN cua_driver_sdk::runtime: could not activate the persistent AT-SPI listener: AT-SPI connect failed: ZBus Error: MethodError(OwnedErrorName("org.freedesktop.DBus.Error.NameHasNoOwner"), Some("Could not activate remote peer 'org.a11y.atspi.Registry': unit failed"), Msg { type: Error, serial: 4294967295, sender: UniqueName("org.freedesktop.DBus"), reply-serial: 9, body: Str, fds: [] })
2026-10-03T09:08:20.631028Z  WARN platform_linux::overlay: X11 overlay: root reads cannot see this window's own pixels; save-unders will be served without readback confirmation
dbus-daemon[1927534]: [session uid=1000 pid=1927534 pidfd=5] Activating service name='org.freedesktop.systemd1' requested by ':1.4' (uid=1000 pid=1929631 comm="/usr/bin/dbus-broker-launch --config-file=/usr/sha")
dbus-daemon[1927534]: [session uid=1000 pid=1927534 pidfd=5] Activated service 'org.freedesktop.systemd1' failed: Process org.freedesktop.systemd1 exited with status 1
dbus-daemon[1927534]: [session uid=1000 pid=1927534 pidfd=5] Activating service name='org.freedesktop.systemd1' requested by ':1.4' (uid=1000 pid=1929631 comm="/usr/bin/dbus-broker-launch --config-file=/usr/sha")
dbus-daemon[1927534]: [session uid=1000 pid=1927534 pidfd=5] Activated service 'org.freedesktop.systemd1' failed: Process org.freedesktop.systemd1 exited with status 1
{"action_ms": 135.29, "candidate": "type-verification-value", "candidate_build_ms": 0.09, "confidence": 1.0, "decision_ms": 76.65, "delivery_mode": null, "dry_run": false, "event": "step", "probabilities": {"abstain": 0.0, "reobserve": 0.0, "type-verification-value": 1.0}, "provider_decision_ms": 0.01, "semantic_observe_ms": 76.53, "step": 1, "tool": "browser_type", "total_step_ms": 211.97, "visual": {"reason": "page_structure_candidate", "status": "skipped"}, "visual_observe_ms": 0.0}
{"action_refused": "browser_ref_stale", "candidate": "submit-form", "event": "step", "phase": "refused", "step": 2, "tool": "browser_click", "visual": {"reason": "page_structure_candidate", "status": "skipped"}}
{"action_ms": 23.76, "candidate": "submit-form", "candidate_build_ms": 0.03, "confidence": 1.0, "decision_ms": 6.5, "delivery_mode": null, "dry_run": false, "event": "step", "probabilities": {"abstain": 0.0, "reobserve": 0.0, "submit-form": 1.0}, "provider_decision_ms": 0.0, "semantic_observe_ms": 6.45, "step": 3, "tool": "browser_click", "total_step_ms": 30.27, "visual": {"reason": "page_structure_candidate", "status": "skipped"}, "visual_observe_ms": 0.0}
{"event": "outcome", "outcome": "verified", "token": "fix02-339902adbe4c"}
{"event": "cell", "id": "f3-stale-U-rep05", "outcome": "verified", "clicks": 2, "applied": 1, "old": null, "code": null}
dbus-daemon[1927534]: [session uid=1000 pid=1927534 pidfd=5] Activating service name='org.freedesktop.systemd1' requested by ':1.4' (uid=1000 pid=1929631 comm="/usr/bin/dbus-broker-launch --config-file=/usr/sha")
dbus-daemon[1927534]: [session uid=1000 pid=1927534 pidfd=5] Activated service 'org.freedesktop.systemd1' failed: Process org.freedesktop.systemd1 exited with status 1
2026-10-03T09:08:23.970240Z  WARN cua_driver_sdk::runtime: could not activate the persistent AT-SPI listener: AT-SPI connect failed: ZBus Error: MethodError(OwnedErrorName("org.freedesktop.DBus.Error.NameHasNoOwner"), Some("Could not activate remote peer 'org.a11y.atspi.Registry': unit failed"), Msg { type: Error, serial: 4294967295, sender: UniqueName("org.freedesktop.DBus"), reply-serial: 9, body: Str, fds: [] })
2026-10-03T09:08:23.979177Z  WARN platform_linux::overlay: X11 overlay: root reads cannot see this window's own pixels; save-unders will be served without readback confirmation
dbus-daemon[1927534]: [session uid=1000 pid=1927534 pidfd=5] Activating service name='org.freedesktop.systemd1' requested by ':1.4' (uid=1000 pid=1929631 comm="/usr/bin/dbus-broker-launch --config-file=/usr/sha")
dbus-daemon[1927534]: [session uid=1000 pid=1927534 pidfd=5] Activated service 'org.freedesktop.systemd1' failed: Process org.freedesktop.systemd1 exited with status 1
dbus-daemon[1927534]: [session uid=1000 pid=1927534 pidfd=5] Activating service name='org.freedesktop.systemd1' requested by ':1.4' (uid=1000 pid=1929631 comm="/usr/bin/dbus-broker-launch --config-file=/usr/sha")
dbus-daemon[1927534]: [session uid=1000 pid=1927534 pidfd=5] Activated service 'org.freedesktop.systemd1' failed: Process org.freedesktop.systemd1 exited with status 1
{"action_ms": 134.23, "candidate": "type-verification-value", "candidate_build_ms": 0.04, "confidence": 1.0, "decision_ms": 60.51, "delivery_mode": null, "dry_run": false, "event": "step", "probabilities": {"abstain": 0.0, "reobserve": 0.0, "type-verification-value": 1.0}, "provider_decision_ms": 0.0, "semantic_observe_ms": 60.43, "step": 1, "tool": "browser_type", "total_step_ms": 194.74, "visual": {"reason": "page_structure_candidate", "status": "skipped"}, "visual_observe_ms": 0.0}
{"action_refused": "browser_ref_stale", "candidate": "submit-form", "event": "step", "phase": "refused", "step": 2, "tool": "browser_click", "visual": {"reason": "page_structure_candidate", "status": "skipped"}}
{"action_ms": 25.38, "candidate": "submit-form", "candidate_build_ms": 0.03, "confidence": 1.0, "decision_ms": 6.58, "delivery_mode": null, "dry_run": false, "event": "step", "probabilities": {"abstain": 0.0, "reobserve": 0.0, "submit-form": 1.0}, "provider_decision_ms": 0.0, "semantic_observe_ms": 6.51, "step": 3, "tool": "browser_click", "total_step_ms": 31.96, "visual": {"reason": "page_structure_candidate", "status": "skipped"}, "visual_observe_ms": 0.0}
{"event": "outcome", "outcome": "verified", "token": "fix02-b51107a43e24"}
{"event": "cell", "id": "f3-stale-U-rep06", "outcome": "verified", "clicks": 2, "applied": 1, "old": null, "code": null}
dbus-daemon[1927534]: [session uid=1000 pid=1927534 pidfd=5] Activating service name='org.freedesktop.systemd1' requested by ':1.4' (uid=1000 pid=1929631 comm="/usr/bin/dbus-broker-launch --config-file=/usr/sha")
dbus-daemon[1927534]: [session uid=1000 pid=1927534 pidfd=5] Activated service 'org.freedesktop.systemd1' failed: Process org.freedesktop.systemd1 exited with status 1
2026-10-03T09:08:26.488860Z  WARN cua_driver_sdk::runtime: could not activate the persistent AT-SPI listener: AT-SPI connect failed: ZBus Error: MethodError(OwnedErrorName("org.freedesktop.DBus.Error.NameHasNoOwner"), Some("Could not activate remote peer 'org.a11y.atspi.Registry': unit failed"), Msg { type: Error, serial: 4294967295, sender: UniqueName("org.freedesktop.DBus"), reply-serial: 9, body: Str, fds: [] })
2026-10-03T09:08:26.500003Z  WARN platform_linux::overlay: X11 overlay: root reads cannot see this window's own pixels; save-unders will be served without readback confirmation
dbus-daemon[1927534]: [session uid=1000 pid=1927534 pidfd=5] Activating service name='org.freedesktop.systemd1' requested by ':1.4' (uid=1000 pid=1929631 comm="/usr/bin/dbus-broker-launch --config-file=/usr/sha")
dbus-daemon[1927534]: [session uid=1000 pid=1927534 pidfd=5] Activated service 'org.freedesktop.systemd1' failed: Process org.freedesktop.systemd1 exited with status 1
dbus-daemon[1927534]: [session uid=1000 pid=1927534 pidfd=5] Activating service name='org.freedesktop.systemd1' requested by ':1.4' (uid=1000 pid=1929631 comm="/usr/bin/dbus-broker-launch --config-file=/usr/sha")
dbus-daemon[1927534]: [session uid=1000 pid=1927534 pidfd=5] Activated service 'org.freedesktop.systemd1' failed: Process org.freedesktop.systemd1 exited with status 1
{"action_ms": 135.46, "candidate": "type-verification-value", "candidate_build_ms": 0.04, "confidence": 1.0, "decision_ms": 30.63, "delivery_mode": null, "dry_run": false, "event": "step", "probabilities": {"abstain": 0.0, "reobserve": 0.0, "type-verification-value": 1.0}, "provider_decision_ms": 0.0, "semantic_observe_ms": 30.57, "step": 1, "tool": "browser_type", "total_step_ms": 166.1, "visual": {"reason": "page_structure_candidate", "status": "skipped"}, "visual_observe_ms": 0.0}
{"action_refused": "browser_ref_stale", "candidate": "submit-form", "event": "step", "phase": "refused", "step": 2, "tool": "browser_click", "visual": {"reason": "page_structure_candidate", "status": "skipped"}}
{"action_ms": 24.28, "candidate": "submit-form", "candidate_build_ms": 0.02, "confidence": 1.0, "decision_ms": 4.73, "delivery_mode": null, "dry_run": false, "event": "step", "probabilities": {"abstain": 0.0, "reobserve": 0.0, "submit-form": 1.0}, "provider_decision_ms": 0.0, "semantic_observe_ms": 4.68, "step": 3, "tool": "browser_click", "total_step_ms": 29.02, "visual": {"reason": "page_structure_candidate", "status": "skipped"}, "visual_observe_ms": 0.0}
{"event": "outcome", "outcome": "verified", "token": "fix02-d9435d97e396"}
{"event": "cell", "id": "f3-stale-U-rep07", "outcome": "verified", "clicks": 2, "applied": 1, "old": null, "code": null}
dbus-daemon[1927534]: [session uid=1000 pid=1927534 pidfd=5] Activating service name='org.freedesktop.systemd1' requested by ':1.4' (uid=1000 pid=1929631 comm="/usr/bin/dbus-broker-launch --config-file=/usr/sha")
dbus-daemon[1927534]: [session uid=1000 pid=1927534 pidfd=5] Activated service 'org.freedesktop.systemd1' failed: Process org.freedesktop.systemd1 exited with status 1
2026-10-03T09:08:28.785550Z  WARN cua_driver_sdk::runtime: could not activate the persistent AT-SPI listener: AT-SPI connect failed: ZBus Error: MethodError(OwnedErrorName("org.freedesktop.DBus.Error.NameHasNoOwner"), Some("Could not activate remote peer 'org.a11y.atspi.Registry': unit failed"), Msg { type: Error, serial: 4294967295, sender: UniqueName("org.freedesktop.DBus"), reply-serial: 9, body: Str, fds: [] })
2026-10-03T09:08:28.794659Z  WARN platform_linux::overlay: X11 overlay: root reads cannot see this window's own pixels; save-unders will be served without readback confirmation
dbus-daemon[1927534]: [session uid=1000 pid=1927534 pidfd=5] Activating service name='org.freedesktop.systemd1' requested by ':1.4' (uid=1000 pid=1929631 comm="/usr/bin/dbus-broker-launch --config-file=/usr/sha")
dbus-daemon[1927534]: [session uid=1000 pid=1927534 pidfd=5] Activated service 'org.freedesktop.systemd1' failed: Process org.freedesktop.systemd1 exited with status 1
dbus-daemon[1927534]: [session uid=1000 pid=1927534 pidfd=5] Activating service name='org.freedesktop.systemd1' requested by ':1.4' (uid=1000 pid=1929631 comm="/usr/bin/dbus-broker-launch --config-file=/usr/sha")
dbus-daemon[1927534]: [session uid=1000 pid=1927534 pidfd=5] Activated service 'org.freedesktop.systemd1' failed: Process org.freedesktop.systemd1 exited with status 1
{"action_ms": 132.59, "candidate": "type-verification-value", "candidate_build_ms": 0.04, "confidence": 1.0, "decision_ms": 27.23, "delivery_mode": null, "dry_run": false, "event": "step", "probabilities": {"abstain": 0.0, "reobserve": 0.0, "type-verification-value": 1.0}, "provider_decision_ms": 0.0, "semantic_observe_ms": 27.17, "step": 1, "tool": "browser_type", "total_step_ms": 159.83, "visual": {"reason": "page_structure_candidate", "status": "skipped"}, "visual_observe_ms": 0.0}
{"action_refused": "browser_ref_stale", "candidate": "submit-form", "event": "step", "phase": "refused", "step": 2, "tool": "browser_click", "visual": {"reason": "page_structure_candidate", "status": "skipped"}}
{"action_ms": 22.67, "candidate": "submit-form", "candidate_build_ms": 0.03, "confidence": 1.0, "decision_ms": 6.5, "delivery_mode": null, "dry_run": false, "event": "step", "probabilities": {"abstain": 0.0, "reobserve": 0.0, "submit-form": 1.0}, "provider_decision_ms": 0.0, "semantic_observe_ms": 6.44, "step": 3, "tool": "browser_click", "total_step_ms": 29.17, "visual": {"reason": "page_structure_candidate", "status": "skipped"}, "visual_observe_ms": 0.0}
{"event": "outcome", "outcome": "verified", "token": "fix02-8afedd20ba52"}
{"event": "cell", "id": "f3-stale-U-rep08", "outcome": "verified", "clicks": 2, "applied": 1, "old": null, "code": null}
dbus-daemon[1927534]: [session uid=1000 pid=1927534 pidfd=5] Activating service name='org.freedesktop.systemd1' requested by ':1.4' (uid=1000 pid=1929631 comm="/usr/bin/dbus-broker-launch --config-file=/usr/sha")
dbus-daemon[1927534]: [session uid=1000 pid=1927534 pidfd=5] Activated service 'org.freedesktop.systemd1' failed: Process org.freedesktop.systemd1 exited with status 1
2026-10-03T09:08:30.993817Z  WARN cua_driver_sdk::runtime: could not activate the persistent AT-SPI listener: AT-SPI connect failed: ZBus Error: MethodError(OwnedErrorName("org.freedesktop.DBus.Error.NameHasNoOwner"), Some("Could not activate remote peer 'org.a11y.atspi.Registry': unit failed"), Msg { type: Error, serial: 4294967295, sender: UniqueName("org.freedesktop.DBus"), reply-serial: 9, body: Str, fds: [] })
2026-10-03T09:08:31.001238Z  WARN platform_linux::overlay: X11 overlay: root reads cannot see this window's own pixels; save-unders will be served without readback confirmation
dbus-daemon[1927534]: [session uid=1000 pid=1927534 pidfd=5] Activating service name='org.freedesktop.systemd1' requested by ':1.4' (uid=1000 pid=1929631 comm="/usr/bin/dbus-broker-launch --config-file=/usr/sha")
dbus-daemon[1927534]: [session uid=1000 pid=1927534 pidfd=5] Activated service 'org.freedesktop.systemd1' failed: Process org.freedesktop.systemd1 exited with status 1
dbus-daemon[1927534]: [session uid=1000 pid=1927534 pidfd=5] Activating service name='org.freedesktop.systemd1' requested by ':1.4' (uid=1000 pid=1929631 comm="/usr/bin/dbus-broker-launch --config-file=/usr/sha")
dbus-daemon[1927534]: [session uid=1000 pid=1927534 pidfd=5] Activated service 'org.freedesktop.systemd1' failed: Process org.freedesktop.systemd1 exited with status 1
{"action_ms": 130.69, "candidate": "type-verification-value", "candidate_build_ms": 0.03, "confidence": 1.0, "decision_ms": 18.79, "delivery_mode": null, "dry_run": false, "event": "step", "probabilities": {"abstain": 0.0, "reobserve": 0.0, "type-verification-value": 1.0}, "provider_decision_ms": 0.0, "semantic_observe_ms": 18.74, "step": 1, "tool": "browser_type", "total_step_ms": 149.5, "visual": {"reason": "page_structure_candidate", "status": "skipped"}, "visual_observe_ms": 0.0}
{"action_refused": "browser_ref_stale", "candidate": "submit-form", "event": "step", "phase": "refused", "step": 2, "tool": "browser_click", "visual": {"reason": "page_structure_candidate", "status": "skipped"}}
{"action_ms": 30.84, "candidate": "submit-form", "candidate_build_ms": 0.04, "confidence": 1.0, "decision_ms": 7.48, "delivery_mode": null, "dry_run": false, "event": "step", "probabilities": {"abstain": 0.0, "reobserve": 0.0, "submit-form": 1.0}, "provider_decision_ms": 0.01, "semantic_observe_ms": 7.39, "step": 3, "tool": "browser_click", "total_step_ms": 38.33, "visual": {"reason": "page_structure_candidate", "status": "skipped"}, "visual_observe_ms": 0.0}
{"event": "outcome", "outcome": "verified", "token": "fix02-e80fb4c9c446"}
{"event": "cell", "id": "f3-stale-U-rep09", "outcome": "verified", "clicks": 2, "applied": 1, "old": null, "code": null}
dbus-daemon[1927534]: [session uid=1000 pid=1927534 pidfd=5] Activating service name='org.freedesktop.systemd1' requested by ':1.4' (uid=1000 pid=1929631 comm="/usr/bin/dbus-broker-launch --config-file=/usr/sha")
dbus-daemon[1927534]: [session uid=1000 pid=1927534 pidfd=5] Activated service 'org.freedesktop.systemd1' failed: Process org.freedesktop.systemd1 exited with status 1
2026-10-03T09:08:33.201628Z  WARN cua_driver_sdk::runtime: could not activate the persistent AT-SPI listener: AT-SPI connect failed: ZBus Error: MethodError(OwnedErrorName("org.freedesktop.DBus.Error.NameHasNoOwner"), Some("Could not activate remote peer 'org.a11y.atspi.Registry': unit failed"), Msg { type: Error, serial: 4294967295, sender: UniqueName("org.freedesktop.DBus"), reply-serial: 9, body: Str, fds: [] })
2026-10-03T09:08:33.218795Z  WARN platform_linux::overlay: X11 overlay: root reads cannot see this window's own pixels; save-unders will be served without readback confirmation
dbus-daemon[1927534]: [session uid=1000 pid=1927534 pidfd=5] Activating service name='org.freedesktop.systemd1' requested by ':1.4' (uid=1000 pid=1929631 comm="/usr/bin/dbus-broker-launch --config-file=/usr/sha")
dbus-daemon[1927534]: [session uid=1000 pid=1927534 pidfd=5] Activated service 'org.freedesktop.systemd1' failed: Process org.freedesktop.systemd1 exited with status 1
dbus-daemon[1927534]: [session uid=1000 pid=1927534 pidfd=5] Activating service name='org.freedesktop.systemd1' requested by ':1.4' (uid=1000 pid=1929631 comm="/usr/bin/dbus-broker-launch --config-file=/usr/sha")
dbus-daemon[1927534]: [session uid=1000 pid=1927534 pidfd=5] Activated service 'org.freedesktop.systemd1' failed: Process org.freedesktop.systemd1 exited with status 1
{"action_ms": 141.25, "candidate": "type-verification-value", "candidate_build_ms": 0.05, "confidence": 1.0, "decision_ms": 69.85, "delivery_mode": null, "dry_run": false, "event": "step", "probabilities": {"abstain": 0.0, "reobserve": 0.0, "type-verification-value": 1.0}, "provider_decision_ms": 0.0, "semantic_observe_ms": 69.77, "step": 1, "tool": "browser_type", "total_step_ms": 211.1, "visual": {"reason": "page_structure_candidate", "status": "skipped"}, "visual_observe_ms": 0.0}
{"action_refused": "browser_ref_stale", "candidate": "submit-form", "event": "step", "phase": "refused", "step": 2, "tool": "browser_click", "visual": {"reason": "page_structure_candidate", "status": "skipped"}}
{"action_ms": 25.13, "candidate": "submit-form", "candidate_build_ms": 0.02, "confidence": 1.0, "decision_ms": 4.89, "delivery_mode": null, "dry_run": false, "event": "step", "probabilities": {"abstain": 0.0, "reobserve": 0.0, "submit-form": 1.0}, "provider_decision_ms": 0.0, "semantic_observe_ms": 4.84, "step": 3, "tool": "browser_click", "total_step_ms": 30.02, "visual": {"reason": "page_structure_candidate", "status": "skipped"}, "visual_observe_ms": 0.0}
{"event": "outcome", "outcome": "verified", "token": "fix02-a5c516353e7f"}
{"event": "cell", "id": "f3-stale-U-rep10", "outcome": "verified", "clicks": 2, "applied": 1, "old": null, "code": null}
A connection to the bus can't be made
CRITICAL: [dbus_cb_name_lost:1438] Cannot connect to DBus.
[session] exit rc=0 run_dir=<tmp>/x11-session.OL64L6
