[session] DISPLAY=:100 openbox=2002235 picom=2002236 dbus=unix:path=<TMPDBUS>,guid=<GUID>
[fix02] outer_hostless=1 display=:100 xdg_runtime_private=yes
[a3-probe] xdpyinfo ok DISPLAY=:100
[fix02] DISPLAY=:100 loadavg=3.60 6.69 5.63 phase_args=--phase f3ts --arm U --driver cua-driver-fix02r3-u-513e45fee --out b05-f3ts-U-stale --start-rep 1 --reps 10 --code stale --ts-examples jev-use 
{"event": "validity", "ok": true, "display": ":100"}
dbus-daemon[2002233]: [session uid=1000 pid=2002233 pidfd=5] Activating service name='org.a11y.Bus' requested by ':1.0' (uid=1000 pid=2002452 comm="<lanes>/bin/cua-driver-fi")
dbus-daemon[2002233]: [session uid=1000 pid=2002233 pidfd=5] Successfully activated service 'org.a11y.Bus'
dbus-daemon[2002233]: [session uid=1000 pid=2002233 pidfd=5] Activating service name='ca.desrt.dconf' requested by ':1.1' (uid=1000 pid=2002459 comm="/usr/lib/at-spi-bus-launcher")
dbus-daemon[2002233]: [session uid=1000 pid=2002233 pidfd=5] Successfully activated service 'ca.desrt.dconf'
dbus-daemon[2002233]: [session uid=1000 pid=2002233 pidfd=5] Activating service name='org.freedesktop.systemd1' requested by ':1.4' (uid=1000 pid=2002485 comm="/usr/bin/dbus-broker-launch --config-file=/usr/sha")
dbus-daemon[2002233]: [session uid=1000 pid=2002233 pidfd=5] Activated service 'org.freedesktop.systemd1' failed: Process org.freedesktop.systemd1 exited with status 1
dbus-daemon[2002233]: [session uid=1000 pid=2002233 pidfd=5] Activating service name='org.gtk.vfs.Daemon' requested by ':1.5' (uid=1000 pid=2002560 comm="/opt/google/chrome/chrome --remote-debugging-port=")
dbus-daemon[2002233]: [session uid=1000 pid=2002233 pidfd=5] Successfully activated service 'org.gtk.vfs.Daemon'
fusermount3: mount failed: Operation not permitted
dbus-daemon[2002233]: [session uid=1000 pid=2002233 pidfd=5] Activating service name='org.freedesktop.systemd1' requested by ':1.4' (uid=1000 pid=2002485 comm="/usr/bin/dbus-broker-launch --config-file=/usr/sha")
dbus-daemon[2002233]: [session uid=1000 pid=2002233 pidfd=5] Activated service 'org.freedesktop.systemd1' failed: Process org.freedesktop.systemd1 exited with status 1
dbus-daemon[2002233]: [session uid=1000 pid=2002233 pidfd=5] Activating service name='org.freedesktop.systemd1' requested by ':1.4' (uid=1000 pid=2002485 comm="/usr/bin/dbus-broker-launch --config-file=/usr/sha")
dbus-daemon[2002233]: [session uid=1000 pid=2002233 pidfd=5] Activated service 'org.freedesktop.systemd1' failed: Process org.freedesktop.systemd1 exited with status 1
dbus-daemon[2002233]: [session uid=1000 pid=2002233 pidfd=5] Activating service name='org.freedesktop.Notifications' requested by ':1.7' (uid=1000 pid=2002560 comm="/opt/google/chrome/chrome --remote-debugging-port=")
dbus-daemon[2002233]: [session uid=1000 pid=2002233 pidfd=5] Activating service name='org.freedesktop.portal.Desktop' requested by ':1.7' (uid=1000 pid=2002560 comm="/opt/google/chrome/chrome --remote-debugging-port=")
dbus-daemon[2002233]: [session uid=1000 pid=2002233 pidfd=5] Activating service name='org.freedesktop.impl.portal.PermissionStore' requested by ':1.9' (uid=1000 pid=2002695 comm="/usr/lib/xdg-desktop-portal")
dbus-daemon[2002233]: [session uid=1000 pid=2002233 pidfd=5] Successfully activated service 'org.freedesktop.Notifications'
dbus-daemon[2002233]: [session uid=1000 pid=2002233 pidfd=5] Successfully activated service 'org.freedesktop.impl.portal.PermissionStore'
dbus-daemon[2002233]: [session uid=1000 pid=2002233 pidfd=5] Activating service name='org.freedesktop.portal.Documents' requested by ':1.9' (uid=1000 pid=2002695 comm="/usr/lib/xdg-desktop-portal")
dbus-daemon[2002233]: [session uid=1000 pid=2002233 pidfd=5] Successfully activated service 'org.freedesktop.portal.Documents'
fusermount3: mount failed: Operation not permitted
error: fuse init failed: Can't mount path <tmp>/x11-session.vASb6a/xdg-runtime/doc

(/usr/lib/xdg-desktop-portal:2002695): xdg-desktop-portal-WARNING **: 04:15:22.589: Document portal fuse mount point unknown: GDBus.Error:org.freedesktop.DBus.Error.ServiceUnknown: The name :1.11 was not provided by any .service files

(/usr/lib/xdg-desktop-portal:2002695): xdg-desktop-portal-WARNING **: 04:15:22.589: Choosing gtk.portal for org.freedesktop.impl.portal.Lockdown as a last-resort fallback
dbus-daemon[2002233]: [session uid=1000 pid=2002233 pidfd=5] Activating service name='org.freedesktop.impl.portal.desktop.gtk' requested by ':1.9' (uid=1000 pid=2002695 comm="/usr/lib/xdg-desktop-portal")
dbus-daemon[2002233]: [session uid=1000 pid=2002233 pidfd=5] Activating service name='org.freedesktop.systemd1' requested by ':1.4' (uid=1000 pid=2002485 comm="/usr/bin/dbus-broker-launch --config-file=/usr/sha")
dbus-daemon[2002233]: [session uid=1000 pid=2002233 pidfd=5] Activated service 'org.freedesktop.systemd1' failed: Process org.freedesktop.systemd1 exited with status 1
dbus-daemon[2002233]: [session uid=1000 pid=2002233 pidfd=5] Successfully activated service 'org.freedesktop.impl.portal.desktop.gtk'

** (xdg-desktop-portal-gtk:2002724): WARNING **: 04:15:22.612: AT-SPI: Could not obtain desktop path or name

dbus-daemon[2002233]: [session uid=1000 pid=2002233 pidfd=5] Activating service name='org.freedesktop.systemd1' requested by ':1.4' (uid=1000 pid=2002485 comm="/usr/bin/dbus-broker-launch --config-file=/usr/sha")

(/usr/lib/xdg-desktop-portal:2002695): xdg-desktop-portal-WARNING **: 04:15:22.613: Choosing gtk.portal for org.freedesktop.impl.portal.Access as a last-resort fallback
dbus-daemon[2002233]: [session uid=1000 pid=2002233 pidfd=5] Activated service 'org.freedesktop.systemd1' failed: Process org.freedesktop.systemd1 exited with status 1

** (xdg-desktop-portal-gtk:2002724): WARNING **: 04:15:22.614: atk-bridge: GetRegisteredEvents returned message with unknown signature

** (xdg-desktop-portal-gtk:2002724): WARNING **: 04:15:22.614: atk-bridge: get_device_events_reply: unknown signature

(/usr/lib/xdg-desktop-portal:2002695): xdg-desktop-portal-WARNING **: 04:15:22.621: Choosing gtk.portal for org.freedesktop.impl.portal.Settings as a last-resort fallback

(/usr/lib/xdg-desktop-portal:2002695): xdg-desktop-portal-WARNING **: 04:15:22.621: Choosing gtk.portal for org.freedesktop.impl.portal.FileChooser as a last-resort fallback

(/usr/lib/xdg-desktop-portal:2002695): xdg-desktop-portal-WARNING **: 04:15:22.622: Choosing gtk.portal for org.freedesktop.impl.portal.AppChooser as a last-resort fallback

(/usr/lib/xdg-desktop-portal:2002695): xdg-desktop-portal-WARNING **: 04:15:22.622: Choosing gtk.portal for org.freedesktop.impl.portal.Print as a last-resort fallback

(/usr/lib/xdg-desktop-portal:2002695): xdg-desktop-portal-WARNING **: 04:15:22.623: Choosing gtk.portal for org.freedesktop.impl.portal.Notification as a last-resort fallback

(/usr/lib/xdg-desktop-portal:2002695): xdg-desktop-portal-WARNING **: 04:15:22.623: Choosing gtk.portal for org.freedesktop.impl.portal.Inhibit as a last-resort fallback

(/usr/lib/xdg-desktop-portal:2002695): xdg-desktop-portal-WARNING **: 04:15:22.625: Failed to connect to PipeWire: Couldn't connect to PipeWire

(/usr/lib/xdg-desktop-portal:2002695): xdg-desktop-portal-WARNING **: 04:15:22.625: Choosing gtk.portal for org.freedesktop.impl.portal.Account as a last-resort fallback

(/usr/lib/xdg-desktop-portal:2002695): xdg-desktop-portal-WARNING **: 04:15:22.625: Choosing gtk.portal for org.freedesktop.impl.portal.Email as a last-resort fallback

(/usr/lib/xdg-desktop-portal:2002695): xdg-desktop-portal-WARNING **: 04:15:22.626: Choosing gtk.portal for org.freedesktop.impl.portal.DynamicLauncher as a last-resort fallback
dbus-daemon[2002233]: [session uid=1000 pid=2002233 pidfd=5] Successfully activated service 'org.freedesktop.portal.Desktop'
{"event": "cell", "id": "f3ts-stale-U-rep01", "outcome": "verified", "clicks": 2, "applied": 1, "old": null, "code": null}
dbus-daemon[2002233]: [session uid=1000 pid=2002233 pidfd=5] Activating service name='org.freedesktop.systemd1' requested by ':1.4' (uid=1000 pid=2002485 comm="/usr/bin/dbus-broker-launch --config-file=/usr/sha")
dbus-daemon[2002233]: [session uid=1000 pid=2002233 pidfd=5] Activated service 'org.freedesktop.systemd1' failed: Process org.freedesktop.systemd1 exited with status 1
dbus-daemon[2002233]: [session uid=1000 pid=2002233 pidfd=5] Activating service name='org.freedesktop.systemd1' requested by ':1.4' (uid=1000 pid=2002485 comm="/usr/bin/dbus-broker-launch --config-file=/usr/sha")
dbus-daemon[2002233]: [session uid=1000 pid=2002233 pidfd=5] Activated service 'org.freedesktop.systemd1' failed: Process org.freedesktop.systemd1 exited with status 1
dbus-daemon[2002233]: [session uid=1000 pid=2002233 pidfd=5] Activating service name='org.freedesktop.systemd1' requested by ':1.4' (uid=1000 pid=2002485 comm="/usr/bin/dbus-broker-launch --config-file=/usr/sha")
dbus-daemon[2002233]: [session uid=1000 pid=2002233 pidfd=5] Activated service 'org.freedesktop.systemd1' failed: Process org.freedesktop.systemd1 exited with status 1
{"event": "cell", "id": "f3ts-stale-U-rep02", "outcome": "verified", "clicks": 2, "applied": 1, "old": null, "code": null}
dbus-daemon[2002233]: [session uid=1000 pid=2002233 pidfd=5] Activating service name='org.freedesktop.systemd1' requested by ':1.4' (uid=1000 pid=2002485 comm="/usr/bin/dbus-broker-launch --config-file=/usr/sha")
dbus-daemon[2002233]: [session uid=1000 pid=2002233 pidfd=5] Activated service 'org.freedesktop.systemd1' failed: Process org.freedesktop.systemd1 exited with status 1
dbus-daemon[2002233]: [session uid=1000 pid=2002233 pidfd=5] Activating service name='org.freedesktop.systemd1' requested by ':1.4' (uid=1000 pid=2002485 comm="/usr/bin/dbus-broker-launch --config-file=/usr/sha")
dbus-daemon[2002233]: [session uid=1000 pid=2002233 pidfd=5] Activated service 'org.freedesktop.systemd1' failed: Process org.freedesktop.systemd1 exited with status 1
dbus-daemon[2002233]: [session uid=1000 pid=2002233 pidfd=5] Activating service name='org.freedesktop.systemd1' requested by ':1.4' (uid=1000 pid=2002485 comm="/usr/bin/dbus-broker-launch --config-file=/usr/sha")
dbus-daemon[2002233]: [session uid=1000 pid=2002233 pidfd=5] Activated service 'org.freedesktop.systemd1' failed: Process org.freedesktop.systemd1 exited with status 1
{"event": "cell", "id": "f3ts-stale-U-rep03", "outcome": "verified", "clicks": 2, "applied": 1, "old": null, "code": null}
dbus-daemon[2002233]: [session uid=1000 pid=2002233 pidfd=5] Activating service name='org.freedesktop.systemd1' requested by ':1.4' (uid=1000 pid=2002485 comm="/usr/bin/dbus-broker-launch --config-file=/usr/sha")
dbus-daemon[2002233]: [session uid=1000 pid=2002233 pidfd=5] Activated service 'org.freedesktop.systemd1' failed: Process org.freedesktop.systemd1 exited with status 1
dbus-daemon[2002233]: [session uid=1000 pid=2002233 pidfd=5] Activating service name='org.freedesktop.systemd1' requested by ':1.4' (uid=1000 pid=2002485 comm="/usr/bin/dbus-broker-launch --config-file=/usr/sha")
dbus-daemon[2002233]: [session uid=1000 pid=2002233 pidfd=5] Activated service 'org.freedesktop.systemd1' failed: Process org.freedesktop.systemd1 exited with status 1
dbus-daemon[2002233]: [session uid=1000 pid=2002233 pidfd=5] Activating service name='org.freedesktop.systemd1' requested by ':1.4' (uid=1000 pid=2002485 comm="/usr/bin/dbus-broker-launch --config-file=/usr/sha")
dbus-daemon[2002233]: [session uid=1000 pid=2002233 pidfd=5] Activated service 'org.freedesktop.systemd1' failed: Process org.freedesktop.systemd1 exited with status 1
{"event": "cell", "id": "f3ts-stale-U-rep04", "outcome": "verified", "clicks": 2, "applied": 1, "old": null, "code": null}
dbus-daemon[2002233]: [session uid=1000 pid=2002233 pidfd=5] Activating service name='org.freedesktop.systemd1' requested by ':1.4' (uid=1000 pid=2002485 comm="/usr/bin/dbus-broker-launch --config-file=/usr/sha")
dbus-daemon[2002233]: [session uid=1000 pid=2002233 pidfd=5] Activated service 'org.freedesktop.systemd1' failed: Process org.freedesktop.systemd1 exited with status 1
dbus-daemon[2002233]: [session uid=1000 pid=2002233 pidfd=5] Activating service name='org.freedesktop.systemd1' requested by ':1.4' (uid=1000 pid=2002485 comm="/usr/bin/dbus-broker-launch --config-file=/usr/sha")
dbus-daemon[2002233]: [session uid=1000 pid=2002233 pidfd=5] Activated service 'org.freedesktop.systemd1' failed: Process org.freedesktop.systemd1 exited with status 1
dbus-daemon[2002233]: [session uid=1000 pid=2002233 pidfd=5] Activating service name='org.freedesktop.systemd1' requested by ':1.4' (uid=1000 pid=2002485 comm="/usr/bin/dbus-broker-launch --config-file=/usr/sha")
dbus-daemon[2002233]: [session uid=1000 pid=2002233 pidfd=5] Activated service 'org.freedesktop.systemd1' failed: Process org.freedesktop.systemd1 exited with status 1
{"event": "cell", "id": "f3ts-stale-U-rep05", "outcome": "verified", "clicks": 2, "applied": 1, "old": null, "code": null}
dbus-daemon[2002233]: [session uid=1000 pid=2002233 pidfd=5] Activating service name='org.freedesktop.systemd1' requested by ':1.4' (uid=1000 pid=2002485 comm="/usr/bin/dbus-broker-launch --config-file=/usr/sha")
dbus-daemon[2002233]: [session uid=1000 pid=2002233 pidfd=5] Activated service 'org.freedesktop.systemd1' failed: Process org.freedesktop.systemd1 exited with status 1
dbus-daemon[2002233]: [session uid=1000 pid=2002233 pidfd=5] Activating service name='org.freedesktop.systemd1' requested by ':1.4' (uid=1000 pid=2002485 comm="/usr/bin/dbus-broker-launch --config-file=/usr/sha")
dbus-daemon[2002233]: [session uid=1000 pid=2002233 pidfd=5] Activated service 'org.freedesktop.systemd1' failed: Process org.freedesktop.systemd1 exited with status 1
dbus-daemon[2002233]: [session uid=1000 pid=2002233 pidfd=5] Activating service name='org.freedesktop.systemd1' requested by ':1.4' (uid=1000 pid=2002485 comm="/usr/bin/dbus-broker-launch --config-file=/usr/sha")
dbus-daemon[2002233]: [session uid=1000 pid=2002233 pidfd=5] Activated service 'org.freedesktop.systemd1' failed: Process org.freedesktop.systemd1 exited with status 1
{"event": "cell", "id": "f3ts-stale-U-rep06", "outcome": "verified", "clicks": 2, "applied": 1, "old": null, "code": null}
dbus-daemon[2002233]: [session uid=1000 pid=2002233 pidfd=5] Activating service name='org.freedesktop.systemd1' requested by ':1.4' (uid=1000 pid=2002485 comm="/usr/bin/dbus-broker-launch --config-file=/usr/sha")
dbus-daemon[2002233]: [session uid=1000 pid=2002233 pidfd=5] Activated service 'org.freedesktop.systemd1' failed: Process org.freedesktop.systemd1 exited with status 1
dbus-daemon[2002233]: [session uid=1000 pid=2002233 pidfd=5] Activating service name='org.freedesktop.systemd1' requested by ':1.4' (uid=1000 pid=2002485 comm="/usr/bin/dbus-broker-launch --config-file=/usr/sha")
dbus-daemon[2002233]: [session uid=1000 pid=2002233 pidfd=5] Activated service 'org.freedesktop.systemd1' failed: Process org.freedesktop.systemd1 exited with status 1
dbus-daemon[2002233]: [session uid=1000 pid=2002233 pidfd=5] Activating service name='org.freedesktop.systemd1' requested by ':1.4' (uid=1000 pid=2002485 comm="/usr/bin/dbus-broker-launch --config-file=/usr/sha")
dbus-daemon[2002233]: [session uid=1000 pid=2002233 pidfd=5] Activated service 'org.freedesktop.systemd1' failed: Process org.freedesktop.systemd1 exited with status 1
{"event": "cell", "id": "f3ts-stale-U-rep07", "outcome": "verified", "clicks": 2, "applied": 1, "old": null, "code": null}
dbus-daemon[2002233]: [session uid=1000 pid=2002233 pidfd=5] Activating service name='org.freedesktop.systemd1' requested by ':1.4' (uid=1000 pid=2002485 comm="/usr/bin/dbus-broker-launch --config-file=/usr/sha")
dbus-daemon[2002233]: [session uid=1000 pid=2002233 pidfd=5] Activated service 'org.freedesktop.systemd1' failed: Process org.freedesktop.systemd1 exited with status 1
dbus-daemon[2002233]: [session uid=1000 pid=2002233 pidfd=5] Activating service name='org.freedesktop.systemd1' requested by ':1.4' (uid=1000 pid=2002485 comm="/usr/bin/dbus-broker-launch --config-file=/usr/sha")
dbus-daemon[2002233]: [session uid=1000 pid=2002233 pidfd=5] Activated service 'org.freedesktop.systemd1' failed: Process org.freedesktop.systemd1 exited with status 1
dbus-daemon[2002233]: [session uid=1000 pid=2002233 pidfd=5] Activating service name='org.freedesktop.systemd1' requested by ':1.4' (uid=1000 pid=2002485 comm="/usr/bin/dbus-broker-launch --config-file=/usr/sha")
dbus-daemon[2002233]: [session uid=1000 pid=2002233 pidfd=5] Activated service 'org.freedesktop.systemd1' failed: Process org.freedesktop.systemd1 exited with status 1
{"event": "cell", "id": "f3ts-stale-U-rep08", "outcome": "verified", "clicks": 2, "applied": 1, "old": null, "code": null}
dbus-daemon[2002233]: [session uid=1000 pid=2002233 pidfd=5] Activating service name='org.freedesktop.systemd1' requested by ':1.4' (uid=1000 pid=2002485 comm="/usr/bin/dbus-broker-launch --config-file=/usr/sha")
dbus-daemon[2002233]: [session uid=1000 pid=2002233 pidfd=5] Activated service 'org.freedesktop.systemd1' failed: Process org.freedesktop.systemd1 exited with status 1
dbus-daemon[2002233]: [session uid=1000 pid=2002233 pidfd=5] Activating service name='org.freedesktop.systemd1' requested by ':1.4' (uid=1000 pid=2002485 comm="/usr/bin/dbus-broker-launch --config-file=/usr/sha")
dbus-daemon[2002233]: [session uid=1000 pid=2002233 pidfd=5] Activated service 'org.freedesktop.systemd1' failed: Process org.freedesktop.systemd1 exited with status 1
dbus-daemon[2002233]: [session uid=1000 pid=2002233 pidfd=5] Activating service name='org.freedesktop.systemd1' requested by ':1.4' (uid=1000 pid=2002485 comm="/usr/bin/dbus-broker-launch --config-file=/usr/sha")
dbus-daemon[2002233]: [session uid=1000 pid=2002233 pidfd=5] Activated service 'org.freedesktop.systemd1' failed: Process org.freedesktop.systemd1 exited with status 1
{"event": "cell", "id": "f3ts-stale-U-rep09", "outcome": "verified", "clicks": 2, "applied": 1, "old": null, "code": null}
dbus-daemon[2002233]: [session uid=1000 pid=2002233 pidfd=5] Activating service name='org.freedesktop.systemd1' requested by ':1.4' (uid=1000 pid=2002485 comm="/usr/bin/dbus-broker-launch --config-file=/usr/sha")
dbus-daemon[2002233]: [session uid=1000 pid=2002233 pidfd=5] Activated service 'org.freedesktop.systemd1' failed: Process org.freedesktop.systemd1 exited with status 1
dbus-daemon[2002233]: [session uid=1000 pid=2002233 pidfd=5] Activating service name='org.freedesktop.systemd1' requested by ':1.4' (uid=1000 pid=2002485 comm="/usr/bin/dbus-broker-launch --config-file=/usr/sha")
dbus-daemon[2002233]: [session uid=1000 pid=2002233 pidfd=5] Activated service 'org.freedesktop.systemd1' failed: Process org.freedesktop.systemd1 exited with status 1
dbus-daemon[2002233]: [session uid=1000 pid=2002233 pidfd=5] Activating service name='org.freedesktop.systemd1' requested by ':1.4' (uid=1000 pid=2002485 comm="/usr/bin/dbus-broker-launch --config-file=/usr/sha")
dbus-daemon[2002233]: [session uid=1000 pid=2002233 pidfd=5] Activated service 'org.freedesktop.systemd1' failed: Process org.freedesktop.systemd1 exited with status 1
{"event": "cell", "id": "f3ts-stale-U-rep10", "outcome": "verified", "clicks": 2, "applied": 1, "old": null, "code": null}
X connection to :100 broken (explicit kill or server shutdown).
X connection to :100 broken (explicit kill or server shutdown).
A connection to the bus can't be made
[session] exit rc=0 run_dir=<tmp>/x11-session.vASb6a
