[session] DISPLAY=:101 openbox=2079067 picom=2079068 dbus=unix:path=<TMPDBUS>,guid=<GUID>
[fix02] outer_hostless=1 display=:101 xdg_runtime_private=yes
[a3-probe] xdpyinfo ok DISPLAY=:101
[fix02] DISPLAY=:101 loadavg=4.43 4.33 4.73 phase_args=--phase f4 --arm U --driver cua-driver-fix02r3-u-513e45fee --out b09-f4-U --start-rep 1 --reps 10 
{"event": "validity", "ok": true, "display": ":101"}
dbus-daemon[2079065]: [session uid=1000 pid=2079065 pidfd=5] Activating service name='org.a11y.Bus' requested by ':1.0' (uid=1000 pid=2079468 comm="<lanes>/bin/cua-driver-fi")
dbus-daemon[2079065]: [session uid=1000 pid=2079065 pidfd=5] Successfully activated service 'org.a11y.Bus'
dbus-daemon[2079065]: [session uid=1000 pid=2079065 pidfd=5] Activating service name='ca.desrt.dconf' requested by ':1.1' (uid=1000 pid=2079475 comm="/usr/lib/at-spi-bus-launcher")
dbus-daemon[2079065]: [session uid=1000 pid=2079065 pidfd=5] Successfully activated service 'ca.desrt.dconf'
dbus-daemon[2079065]: [session uid=1000 pid=2079065 pidfd=5] Activating service name='org.freedesktop.systemd1' requested by ':1.4' (uid=1000 pid=2079515 comm="/usr/bin/dbus-broker-launch --config-file=/usr/sha")
dbus-daemon[2079065]: [session uid=1000 pid=2079065 pidfd=5] Activated service 'org.freedesktop.systemd1' failed: Process org.freedesktop.systemd1 exited with status 1
2026-10-03T09:28:02.639900Z  WARN cua_driver_sdk::runtime: could not activate the persistent AT-SPI listener: AT-SPI connect failed: ZBus Error: MethodError(OwnedErrorName("org.freedesktop.DBus.Error.NameHasNoOwner"), Some("Could not activate remote peer 'org.a11y.atspi.Registry': unit failed"), Msg { type: Error, serial: 4294967295, sender: UniqueName("org.freedesktop.DBus"), reply-serial: 10, body: Str, fds: [] })
2026-10-03T09:28:02.650915Z  WARN platform_linux::overlay: X11 overlay: root reads cannot see this window's own pixels; save-unders will be served without readback confirmation
dbus-daemon[2079065]: [session uid=1000 pid=2079065 pidfd=5] Activating service name='org.gtk.vfs.Daemon' requested by ':1.5' (uid=1000 pid=2079570 comm="/opt/google/chrome/chrome --remote-debugging-port=")
dbus-daemon[2079065]: [session uid=1000 pid=2079065 pidfd=5] Successfully activated service 'org.gtk.vfs.Daemon'
fusermount3: mount failed: Operation not permitted
dbus-daemon[2079065]: [session uid=1000 pid=2079065 pidfd=5] Activating service name='org.freedesktop.systemd1' requested by ':1.4' (uid=1000 pid=2079515 comm="/usr/bin/dbus-broker-launch --config-file=/usr/sha")
dbus-daemon[2079065]: [session uid=1000 pid=2079065 pidfd=5] Activated service 'org.freedesktop.systemd1' failed: Process org.freedesktop.systemd1 exited with status 1
dbus-daemon[2079065]: [session uid=1000 pid=2079065 pidfd=5] Activating service name='org.freedesktop.systemd1' requested by ':1.4' (uid=1000 pid=2079515 comm="/usr/bin/dbus-broker-launch --config-file=/usr/sha")
dbus-daemon[2079065]: [session uid=1000 pid=2079065 pidfd=5] Activated service 'org.freedesktop.systemd1' failed: Process org.freedesktop.systemd1 exited with status 1
dbus-daemon[2079065]: [session uid=1000 pid=2079065 pidfd=5] Activating service name='org.freedesktop.Notifications' requested by ':1.7' (uid=1000 pid=2079570 comm="/opt/google/chrome/chrome --remote-debugging-port=")
dbus-daemon[2079065]: [session uid=1000 pid=2079065 pidfd=5] Activating service name='org.freedesktop.portal.Desktop' requested by ':1.7' (uid=1000 pid=2079570 comm="/opt/google/chrome/chrome --remote-debugging-port=")
dbus-daemon[2079065]: [session uid=1000 pid=2079065 pidfd=5] Successfully activated service 'org.freedesktop.Notifications'
dbus-daemon[2079065]: [session uid=1000 pid=2079065 pidfd=5] Activating service name='org.freedesktop.impl.portal.PermissionStore' requested by ':1.9' (uid=1000 pid=2079728 comm="/usr/lib/xdg-desktop-portal")
dbus-daemon[2079065]: [session uid=1000 pid=2079065 pidfd=5] Successfully activated service 'org.freedesktop.impl.portal.PermissionStore'
dbus-daemon[2079065]: [session uid=1000 pid=2079065 pidfd=5] Activating service name='org.freedesktop.portal.Documents' requested by ':1.9' (uid=1000 pid=2079728 comm="/usr/lib/xdg-desktop-portal")
dbus-daemon[2079065]: [session uid=1000 pid=2079065 pidfd=5] Successfully activated service 'org.freedesktop.portal.Documents'
fusermount3: mount failed: Operation not permitted
error: fuse init failed: Can't mount path <tmp>/x11-session.7bBEr0/xdg-runtime/doc

(/usr/lib/xdg-desktop-portal:2079728): xdg-desktop-portal-WARNING **: 04:28:03.600: Document portal fuse mount point unknown: GDBus.Error:org.freedesktop.DBus.Error.ServiceUnknown: The name :1.11 was not provided by any .service files

(/usr/lib/xdg-desktop-portal:2079728): xdg-desktop-portal-WARNING **: 04:28:03.600: Choosing gtk.portal for org.freedesktop.impl.portal.Lockdown as a last-resort fallback
dbus-daemon[2079065]: [session uid=1000 pid=2079065 pidfd=5] Activating service name='org.freedesktop.impl.portal.desktop.gtk' requested by ':1.9' (uid=1000 pid=2079728 comm="/usr/lib/xdg-desktop-portal")
dbus-daemon[2079065]: [session uid=1000 pid=2079065 pidfd=5] Activating service name='org.freedesktop.systemd1' requested by ':1.4' (uid=1000 pid=2079515 comm="/usr/bin/dbus-broker-launch --config-file=/usr/sha")
dbus-daemon[2079065]: [session uid=1000 pid=2079065 pidfd=5] Activated service 'org.freedesktop.systemd1' failed: Process org.freedesktop.systemd1 exited with status 1
dbus-daemon[2079065]: [session uid=1000 pid=2079065 pidfd=5] Successfully activated service 'org.freedesktop.impl.portal.desktop.gtk'

** (xdg-desktop-portal-gtk:2079750): WARNING **: 04:28:03.624: AT-SPI: Could not obtain desktop path or name

dbus-daemon[2079065]: [session uid=1000 pid=2079065 pidfd=5] Activating service name='org.freedesktop.systemd1' requested by ':1.4' (uid=1000 pid=2079515 comm="/usr/bin/dbus-broker-launch --config-file=/usr/sha")

(/usr/lib/xdg-desktop-portal:2079728): xdg-desktop-portal-WARNING **: 04:28:03.625: Choosing gtk.portal for org.freedesktop.impl.portal.Access as a last-resort fallback
dbus-daemon[2079065]: [session uid=1000 pid=2079065 pidfd=5] Activated service 'org.freedesktop.systemd1' failed: Process org.freedesktop.systemd1 exited with status 1

** (xdg-desktop-portal-gtk:2079750): WARNING **: 04:28:03.625: atk-bridge: GetRegisteredEvents returned message with unknown signature

** (xdg-desktop-portal-gtk:2079750): WARNING **: 04:28:03.625: atk-bridge: get_device_events_reply: unknown signature

(/usr/lib/xdg-desktop-portal:2079728): xdg-desktop-portal-WARNING **: 04:28:03.636: Choosing gtk.portal for org.freedesktop.impl.portal.Settings as a last-resort fallback

(/usr/lib/xdg-desktop-portal:2079728): xdg-desktop-portal-WARNING **: 04:28:03.636: Choosing gtk.portal for org.freedesktop.impl.portal.FileChooser as a last-resort fallback

(/usr/lib/xdg-desktop-portal:2079728): xdg-desktop-portal-WARNING **: 04:28:03.636: Choosing gtk.portal for org.freedesktop.impl.portal.AppChooser as a last-resort fallback

(/usr/lib/xdg-desktop-portal:2079728): xdg-desktop-portal-WARNING **: 04:28:03.637: Choosing gtk.portal for org.freedesktop.impl.portal.Print as a last-resort fallback

(/usr/lib/xdg-desktop-portal:2079728): xdg-desktop-portal-WARNING **: 04:28:03.637: Choosing gtk.portal for org.freedesktop.impl.portal.Notification as a last-resort fallback

(/usr/lib/xdg-desktop-portal:2079728): xdg-desktop-portal-WARNING **: 04:28:03.637: Choosing gtk.portal for org.freedesktop.impl.portal.Inhibit as a last-resort fallback

(/usr/lib/xdg-desktop-portal:2079728): xdg-desktop-portal-WARNING **: 04:28:03.639: Failed to connect to PipeWire: Couldn't connect to PipeWire

(/usr/lib/xdg-desktop-portal:2079728): xdg-desktop-portal-WARNING **: 04:28:03.639: Choosing gtk.portal for org.freedesktop.impl.portal.Account as a last-resort fallback

(/usr/lib/xdg-desktop-portal:2079728): xdg-desktop-portal-WARNING **: 04:28:03.639: Choosing gtk.portal for org.freedesktop.impl.portal.Email as a last-resort fallback

(/usr/lib/xdg-desktop-portal:2079728): xdg-desktop-portal-WARNING **: 04:28:03.639: Choosing gtk.portal for org.freedesktop.impl.portal.DynamicLauncher as a last-resort fallback
dbus-daemon[2079065]: [session uid=1000 pid=2079065 pidfd=5] Successfully activated service 'org.freedesktop.portal.Desktop'
{"event": "cell", "id": "f4-file-U-rep01", "outcome": "verified", "clicks": null, "applied": null, "old": "accepted", "code": null}
dbus-daemon[2079065]: [session uid=1000 pid=2079065 pidfd=5] Activating service name='org.freedesktop.systemd1' requested by ':1.4' (uid=1000 pid=2079515 comm="/usr/bin/dbus-broker-launch --config-file=/usr/sha")
dbus-daemon[2079065]: [session uid=1000 pid=2079065 pidfd=5] Activated service 'org.freedesktop.systemd1' failed: Process org.freedesktop.systemd1 exited with status 1
2026-10-03T09:28:06.278191Z  WARN cua_driver_sdk::runtime: could not activate the persistent AT-SPI listener: AT-SPI connect failed: ZBus Error: MethodError(OwnedErrorName("org.freedesktop.DBus.Error.NameHasNoOwner"), Some("Could not activate remote peer 'org.a11y.atspi.Registry': unit failed"), Msg { type: Error, serial: 4294967295, sender: UniqueName("org.freedesktop.DBus"), reply-serial: 9, body: Str, fds: [] })
2026-10-03T09:28:06.286359Z  WARN platform_linux::overlay: X11 overlay: root reads cannot see this window's own pixels; save-unders will be served without readback confirmation
dbus-daemon[2079065]: [session uid=1000 pid=2079065 pidfd=5] Activating service name='org.freedesktop.systemd1' requested by ':1.4' (uid=1000 pid=2079515 comm="/usr/bin/dbus-broker-launch --config-file=/usr/sha")
dbus-daemon[2079065]: [session uid=1000 pid=2079065 pidfd=5] Activated service 'org.freedesktop.systemd1' failed: Process org.freedesktop.systemd1 exited with status 1
dbus-daemon[2079065]: [session uid=1000 pid=2079065 pidfd=5] Activating service name='org.freedesktop.systemd1' requested by ':1.4' (uid=1000 pid=2079515 comm="/usr/bin/dbus-broker-launch --config-file=/usr/sha")
dbus-daemon[2079065]: [session uid=1000 pid=2079065 pidfd=5] Activated service 'org.freedesktop.systemd1' failed: Process org.freedesktop.systemd1 exited with status 1
{"event": "cell", "id": "f4-file-U-rep02", "outcome": "verified", "clicks": null, "applied": null, "old": "accepted", "code": null}
dbus-daemon[2079065]: [session uid=1000 pid=2079065 pidfd=5] Activating service name='org.freedesktop.systemd1' requested by ':1.4' (uid=1000 pid=2079515 comm="/usr/bin/dbus-broker-launch --config-file=/usr/sha")
dbus-daemon[2079065]: [session uid=1000 pid=2079065 pidfd=5] Activated service 'org.freedesktop.systemd1' failed: Process org.freedesktop.systemd1 exited with status 1
2026-10-03T09:28:09.334469Z  WARN cua_driver_sdk::runtime: could not activate the persistent AT-SPI listener: AT-SPI connect failed: ZBus Error: MethodError(OwnedErrorName("org.freedesktop.DBus.Error.NameHasNoOwner"), Some("Could not activate remote peer 'org.a11y.atspi.Registry': unit failed"), Msg { type: Error, serial: 4294967295, sender: UniqueName("org.freedesktop.DBus"), reply-serial: 9, body: Str, fds: [] })
2026-10-03T09:28:09.342077Z  WARN platform_linux::overlay: X11 overlay: root reads cannot see this window's own pixels; save-unders will be served without readback confirmation
dbus-daemon[2079065]: [session uid=1000 pid=2079065 pidfd=5] Activating service name='org.freedesktop.systemd1' requested by ':1.4' (uid=1000 pid=2079515 comm="/usr/bin/dbus-broker-launch --config-file=/usr/sha")
dbus-daemon[2079065]: [session uid=1000 pid=2079065 pidfd=5] Activated service 'org.freedesktop.systemd1' failed: Process org.freedesktop.systemd1 exited with status 1
dbus-daemon[2079065]: [session uid=1000 pid=2079065 pidfd=5] Activating service name='org.freedesktop.systemd1' requested by ':1.4' (uid=1000 pid=2079515 comm="/usr/bin/dbus-broker-launch --config-file=/usr/sha")
dbus-daemon[2079065]: [session uid=1000 pid=2079065 pidfd=5] Activated service 'org.freedesktop.systemd1' failed: Process org.freedesktop.systemd1 exited with status 1
{"event": "cell", "id": "f4-file-U-rep03", "outcome": "verified", "clicks": null, "applied": null, "old": "accepted", "code": null}
dbus-daemon[2079065]: [session uid=1000 pid=2079065 pidfd=5] Activating service name='org.freedesktop.systemd1' requested by ':1.4' (uid=1000 pid=2079515 comm="/usr/bin/dbus-broker-launch --config-file=/usr/sha")
dbus-daemon[2079065]: [session uid=1000 pid=2079065 pidfd=5] Activated service 'org.freedesktop.systemd1' failed: Process org.freedesktop.systemd1 exited with status 1
2026-10-03T09:28:12.382238Z  WARN cua_driver_sdk::runtime: could not activate the persistent AT-SPI listener: AT-SPI connect failed: ZBus Error: MethodError(OwnedErrorName("org.freedesktop.DBus.Error.NameHasNoOwner"), Some("Could not activate remote peer 'org.a11y.atspi.Registry': unit failed"), Msg { type: Error, serial: 4294967295, sender: UniqueName("org.freedesktop.DBus"), reply-serial: 9, body: Str, fds: [] })
2026-10-03T09:28:12.389415Z  WARN platform_linux::overlay: X11 overlay: root reads cannot see this window's own pixels; save-unders will be served without readback confirmation
dbus-daemon[2079065]: [session uid=1000 pid=2079065 pidfd=5] Activating service name='org.freedesktop.systemd1' requested by ':1.4' (uid=1000 pid=2079515 comm="/usr/bin/dbus-broker-launch --config-file=/usr/sha")
dbus-daemon[2079065]: [session uid=1000 pid=2079065 pidfd=5] Activated service 'org.freedesktop.systemd1' failed: Process org.freedesktop.systemd1 exited with status 1
dbus-daemon[2079065]: [session uid=1000 pid=2079065 pidfd=5] Activating service name='org.freedesktop.systemd1' requested by ':1.4' (uid=1000 pid=2079515 comm="/usr/bin/dbus-broker-launch --config-file=/usr/sha")
dbus-daemon[2079065]: [session uid=1000 pid=2079065 pidfd=5] Activated service 'org.freedesktop.systemd1' failed: Process org.freedesktop.systemd1 exited with status 1
{"event": "cell", "id": "f4-file-U-rep04", "outcome": "verified", "clicks": null, "applied": null, "old": "accepted", "code": null}
dbus-daemon[2079065]: [session uid=1000 pid=2079065 pidfd=5] Activating service name='org.freedesktop.systemd1' requested by ':1.4' (uid=1000 pid=2079515 comm="/usr/bin/dbus-broker-launch --config-file=/usr/sha")
dbus-daemon[2079065]: [session uid=1000 pid=2079065 pidfd=5] Activated service 'org.freedesktop.systemd1' failed: Process org.freedesktop.systemd1 exited with status 1
2026-10-03T09:28:15.471816Z  WARN cua_driver_sdk::runtime: could not activate the persistent AT-SPI listener: AT-SPI connect failed: ZBus Error: MethodError(OwnedErrorName("org.freedesktop.DBus.Error.NameHasNoOwner"), Some("Could not activate remote peer 'org.a11y.atspi.Registry': unit failed"), Msg { type: Error, serial: 4294967295, sender: UniqueName("org.freedesktop.DBus"), reply-serial: 9, body: Str, fds: [] })
2026-10-03T09:28:15.479928Z  WARN platform_linux::overlay: X11 overlay: root reads cannot see this window's own pixels; save-unders will be served without readback confirmation
dbus-daemon[2079065]: [session uid=1000 pid=2079065 pidfd=5] Activating service name='org.freedesktop.systemd1' requested by ':1.4' (uid=1000 pid=2079515 comm="/usr/bin/dbus-broker-launch --config-file=/usr/sha")
dbus-daemon[2079065]: [session uid=1000 pid=2079065 pidfd=5] Activated service 'org.freedesktop.systemd1' failed: Process org.freedesktop.systemd1 exited with status 1
dbus-daemon[2079065]: [session uid=1000 pid=2079065 pidfd=5] Activating service name='org.freedesktop.systemd1' requested by ':1.4' (uid=1000 pid=2079515 comm="/usr/bin/dbus-broker-launch --config-file=/usr/sha")
dbus-daemon[2079065]: [session uid=1000 pid=2079065 pidfd=5] Activated service 'org.freedesktop.systemd1' failed: Process org.freedesktop.systemd1 exited with status 1
{"event": "cell", "id": "f4-file-U-rep05", "outcome": "verified", "clicks": null, "applied": null, "old": "accepted", "code": null}
dbus-daemon[2079065]: [session uid=1000 pid=2079065 pidfd=5] Activating service name='org.freedesktop.systemd1' requested by ':1.4' (uid=1000 pid=2079515 comm="/usr/bin/dbus-broker-launch --config-file=/usr/sha")
dbus-daemon[2079065]: [session uid=1000 pid=2079065 pidfd=5] Activated service 'org.freedesktop.systemd1' failed: Process org.freedesktop.systemd1 exited with status 1
2026-10-03T09:28:18.514641Z  WARN cua_driver_sdk::runtime: could not activate the persistent AT-SPI listener: AT-SPI connect failed: ZBus Error: MethodError(OwnedErrorName("org.freedesktop.DBus.Error.NameHasNoOwner"), Some("Could not activate remote peer 'org.a11y.atspi.Registry': unit failed"), Msg { type: Error, serial: 4294967295, sender: UniqueName("org.freedesktop.DBus"), reply-serial: 9, body: Str, fds: [] })
2026-10-03T09:28:18.521231Z  WARN platform_linux::overlay: X11 overlay: root reads cannot see this window's own pixels; save-unders will be served without readback confirmation
dbus-daemon[2079065]: [session uid=1000 pid=2079065 pidfd=5] Activating service name='org.freedesktop.systemd1' requested by ':1.4' (uid=1000 pid=2079515 comm="/usr/bin/dbus-broker-launch --config-file=/usr/sha")
dbus-daemon[2079065]: [session uid=1000 pid=2079065 pidfd=5] Activated service 'org.freedesktop.systemd1' failed: Process org.freedesktop.systemd1 exited with status 1
dbus-daemon[2079065]: [session uid=1000 pid=2079065 pidfd=5] Activating service name='org.freedesktop.systemd1' requested by ':1.4' (uid=1000 pid=2079515 comm="/usr/bin/dbus-broker-launch --config-file=/usr/sha")
dbus-daemon[2079065]: [session uid=1000 pid=2079065 pidfd=5] Activated service 'org.freedesktop.systemd1' failed: Process org.freedesktop.systemd1 exited with status 1
{"event": "cell", "id": "f4-file-U-rep06", "outcome": "verified", "clicks": null, "applied": null, "old": "accepted", "code": null}
dbus-daemon[2079065]: [session uid=1000 pid=2079065 pidfd=5] Activating service name='org.freedesktop.systemd1' requested by ':1.4' (uid=1000 pid=2079515 comm="/usr/bin/dbus-broker-launch --config-file=/usr/sha")
dbus-daemon[2079065]: [session uid=1000 pid=2079065 pidfd=5] Activated service 'org.freedesktop.systemd1' failed: Process org.freedesktop.systemd1 exited with status 1
2026-10-03T09:28:21.668580Z  WARN cua_driver_sdk::runtime: could not activate the persistent AT-SPI listener: AT-SPI connect failed: ZBus Error: MethodError(OwnedErrorName("org.freedesktop.DBus.Error.NameHasNoOwner"), Some("Could not activate remote peer 'org.a11y.atspi.Registry': unit failed"), Msg { type: Error, serial: 4294967295, sender: UniqueName("org.freedesktop.DBus"), reply-serial: 9, body: Str, fds: [] })
2026-10-03T09:28:21.680011Z  WARN platform_linux::overlay: X11 overlay: root reads cannot see this window's own pixels; save-unders will be served without readback confirmation
dbus-daemon[2079065]: [session uid=1000 pid=2079065 pidfd=5] Activating service name='org.freedesktop.systemd1' requested by ':1.4' (uid=1000 pid=2079515 comm="/usr/bin/dbus-broker-launch --config-file=/usr/sha")
dbus-daemon[2079065]: [session uid=1000 pid=2079065 pidfd=5] Activated service 'org.freedesktop.systemd1' failed: Process org.freedesktop.systemd1 exited with status 1
dbus-daemon[2079065]: [session uid=1000 pid=2079065 pidfd=5] Activating service name='org.freedesktop.systemd1' requested by ':1.4' (uid=1000 pid=2079515 comm="/usr/bin/dbus-broker-launch --config-file=/usr/sha")
dbus-daemon[2079065]: [session uid=1000 pid=2079065 pidfd=5] Activated service 'org.freedesktop.systemd1' failed: Process org.freedesktop.systemd1 exited with status 1
{"event": "cell", "id": "f4-file-U-rep07", "outcome": "verified", "clicks": null, "applied": null, "old": "accepted", "code": null}
dbus-daemon[2079065]: [session uid=1000 pid=2079065 pidfd=5] Activating service name='org.freedesktop.systemd1' requested by ':1.4' (uid=1000 pid=2079515 comm="/usr/bin/dbus-broker-launch --config-file=/usr/sha")
dbus-daemon[2079065]: [session uid=1000 pid=2079065 pidfd=5] Activated service 'org.freedesktop.systemd1' failed: Process org.freedesktop.systemd1 exited with status 1
2026-10-03T09:28:24.944090Z  WARN cua_driver_sdk::runtime: could not activate the persistent AT-SPI listener: AT-SPI connect failed: ZBus Error: MethodError(OwnedErrorName("org.freedesktop.DBus.Error.NameHasNoOwner"), Some("Could not activate remote peer 'org.a11y.atspi.Registry': unit failed"), Msg { type: Error, serial: 4294967295, sender: UniqueName("org.freedesktop.DBus"), reply-serial: 9, body: Str, fds: [] })
2026-10-03T09:28:24.958337Z  WARN platform_linux::overlay: X11 overlay: root reads cannot see this window's own pixels; save-unders will be served without readback confirmation
dbus-daemon[2079065]: [session uid=1000 pid=2079065 pidfd=5] Activating service name='org.freedesktop.systemd1' requested by ':1.4' (uid=1000 pid=2079515 comm="/usr/bin/dbus-broker-launch --config-file=/usr/sha")
dbus-daemon[2079065]: [session uid=1000 pid=2079065 pidfd=5] Activated service 'org.freedesktop.systemd1' failed: Process org.freedesktop.systemd1 exited with status 1
dbus-daemon[2079065]: [session uid=1000 pid=2079065 pidfd=5] Activating service name='org.freedesktop.systemd1' requested by ':1.4' (uid=1000 pid=2079515 comm="/usr/bin/dbus-broker-launch --config-file=/usr/sha")
dbus-daemon[2079065]: [session uid=1000 pid=2079065 pidfd=5] Activated service 'org.freedesktop.systemd1' failed: Process org.freedesktop.systemd1 exited with status 1
{"event": "cell", "id": "f4-file-U-rep08", "outcome": "verified", "clicks": null, "applied": null, "old": "accepted", "code": null}
dbus-daemon[2079065]: [session uid=1000 pid=2079065 pidfd=5] Activating service name='org.freedesktop.systemd1' requested by ':1.4' (uid=1000 pid=2079515 comm="/usr/bin/dbus-broker-launch --config-file=/usr/sha")
dbus-daemon[2079065]: [session uid=1000 pid=2079065 pidfd=5] Activated service 'org.freedesktop.systemd1' failed: Process org.freedesktop.systemd1 exited with status 1
2026-10-03T09:28:28.285020Z  WARN cua_driver_sdk::runtime: could not activate the persistent AT-SPI listener: AT-SPI connect failed: ZBus Error: MethodError(OwnedErrorName("org.freedesktop.DBus.Error.NameHasNoOwner"), Some("Could not activate remote peer 'org.a11y.atspi.Registry': unit failed"), Msg { type: Error, serial: 4294967295, sender: UniqueName("org.freedesktop.DBus"), reply-serial: 9, body: Str, fds: [] })
2026-10-03T09:28:28.292907Z  WARN platform_linux::overlay: X11 overlay: root reads cannot see this window's own pixels; save-unders will be served without readback confirmation
dbus-daemon[2079065]: [session uid=1000 pid=2079065 pidfd=5] Activating service name='org.freedesktop.systemd1' requested by ':1.4' (uid=1000 pid=2079515 comm="/usr/bin/dbus-broker-launch --config-file=/usr/sha")
dbus-daemon[2079065]: [session uid=1000 pid=2079065 pidfd=5] Activated service 'org.freedesktop.systemd1' failed: Process org.freedesktop.systemd1 exited with status 1
dbus-daemon[2079065]: [session uid=1000 pid=2079065 pidfd=5] Activating service name='org.freedesktop.systemd1' requested by ':1.4' (uid=1000 pid=2079515 comm="/usr/bin/dbus-broker-launch --config-file=/usr/sha")
dbus-daemon[2079065]: [session uid=1000 pid=2079065 pidfd=5] Activated service 'org.freedesktop.systemd1' failed: Process org.freedesktop.systemd1 exited with status 1
{"event": "cell", "id": "f4-file-U-rep09", "outcome": "verified", "clicks": null, "applied": null, "old": "accepted", "code": null}
dbus-daemon[2079065]: [session uid=1000 pid=2079065 pidfd=5] Activating service name='org.freedesktop.systemd1' requested by ':1.4' (uid=1000 pid=2079515 comm="/usr/bin/dbus-broker-launch --config-file=/usr/sha")
dbus-daemon[2079065]: [session uid=1000 pid=2079065 pidfd=5] Activated service 'org.freedesktop.systemd1' failed: Process org.freedesktop.systemd1 exited with status 1
2026-10-03T09:28:31.340183Z  WARN cua_driver_sdk::runtime: could not activate the persistent AT-SPI listener: AT-SPI connect failed: ZBus Error: MethodError(OwnedErrorName("org.freedesktop.DBus.Error.NameHasNoOwner"), Some("Could not activate remote peer 'org.a11y.atspi.Registry': unit failed"), Msg { type: Error, serial: 4294967295, sender: UniqueName("org.freedesktop.DBus"), reply-serial: 9, body: Str, fds: [] })
2026-10-03T09:28:31.347249Z  WARN platform_linux::overlay: X11 overlay: root reads cannot see this window's own pixels; save-unders will be served without readback confirmation
dbus-daemon[2079065]: [session uid=1000 pid=2079065 pidfd=5] Activating service name='org.freedesktop.systemd1' requested by ':1.4' (uid=1000 pid=2079515 comm="/usr/bin/dbus-broker-launch --config-file=/usr/sha")
dbus-daemon[2079065]: [session uid=1000 pid=2079065 pidfd=5] Activated service 'org.freedesktop.systemd1' failed: Process org.freedesktop.systemd1 exited with status 1
dbus-daemon[2079065]: [session uid=1000 pid=2079065 pidfd=5] Activating service name='org.freedesktop.systemd1' requested by ':1.4' (uid=1000 pid=2079515 comm="/usr/bin/dbus-broker-launch --config-file=/usr/sha")
dbus-daemon[2079065]: [session uid=1000 pid=2079065 pidfd=5] Activated service 'org.freedesktop.systemd1' failed: Process org.freedesktop.systemd1 exited with status 1
{"event": "cell", "id": "f4-file-U-rep10", "outcome": "verified", "clicks": null, "applied": null, "old": "accepted", "code": null}
A connection to the bus can't be made
CRITICAL: [dbus_cb_name_lost:1438] Cannot connect to DBus.
X connection to :101 broken (explicit kill or server shutdown).
[session] exit rc=0 run_dir=<tmp>/x11-session.7bBEr0
