[session] DISPLAY=:100 openbox=2107063 picom=2107064 dbus=unix:path=<TMPDBUS>,guid=<GUID>
[fix02] outer_hostless=1 display=:100 xdg_runtime_private=yes
[a3-probe] xdpyinfo ok DISPLAY=:100
[fix02] DISPLAY=:100 loadavg=1.94 2.79 3.85 phase_args=--phase f4 --arm U --driver cua-driver-fix02r3-u-513e45fee --out b12-f4-U --start-rep 11 --reps 10 
{"event": "validity", "ok": true, "display": ":100"}
dbus-daemon[2107060]: [session uid=1000 pid=2107060 pidfd=5] Activating service name='org.a11y.Bus' requested by ':1.0' (uid=1000 pid=2107235 comm="<lanes>/bin/cua-driver-fi")
dbus-daemon[2107060]: [session uid=1000 pid=2107060 pidfd=5] Successfully activated service 'org.a11y.Bus'
dbus-daemon[2107060]: [session uid=1000 pid=2107060 pidfd=5] Activating service name='ca.desrt.dconf' requested by ':1.1' (uid=1000 pid=2107242 comm="/usr/lib/at-spi-bus-launcher")
dbus-daemon[2107060]: [session uid=1000 pid=2107060 pidfd=5] Successfully activated service 'ca.desrt.dconf'
dbus-daemon[2107060]: [session uid=1000 pid=2107060 pidfd=5] Activating service name='org.freedesktop.systemd1' requested by ':1.4' (uid=1000 pid=2107268 comm="/usr/bin/dbus-broker-launch --config-file=/usr/sha")
dbus-daemon[2107060]: [session uid=1000 pid=2107060 pidfd=5] Activated service 'org.freedesktop.systemd1' failed: Process org.freedesktop.systemd1 exited with status 1
2026-10-03T09:36:03.408890Z  WARN cua_driver_sdk::runtime: could not activate the persistent AT-SPI listener: AT-SPI connect failed: ZBus Error: MethodError(OwnedErrorName("org.freedesktop.DBus.Error.NameHasNoOwner"), Some("Could not activate remote peer 'org.a11y.atspi.Registry': unit failed"), Msg { type: Error, serial: 4294967295, sender: UniqueName("org.freedesktop.DBus"), reply-serial: 10, body: Str, fds: [] })
2026-10-03T09:36:03.419022Z  WARN platform_linux::overlay: X11 overlay: root reads cannot see this window's own pixels; save-unders will be served without readback confirmation
dbus-daemon[2107060]: [session uid=1000 pid=2107060 pidfd=5] Activating service name='org.gtk.vfs.Daemon' requested by ':1.5' (uid=1000 pid=2107315 comm="/opt/google/chrome/chrome --remote-debugging-port=")
dbus-daemon[2107060]: [session uid=1000 pid=2107060 pidfd=5] Successfully activated service 'org.gtk.vfs.Daemon'
fusermount3: mount failed: Operation not permitted
dbus-daemon[2107060]: [session uid=1000 pid=2107060 pidfd=5] Activating service name='org.freedesktop.systemd1' requested by ':1.4' (uid=1000 pid=2107268 comm="/usr/bin/dbus-broker-launch --config-file=/usr/sha")
dbus-daemon[2107060]: [session uid=1000 pid=2107060 pidfd=5] Activated service 'org.freedesktop.systemd1' failed: Process org.freedesktop.systemd1 exited with status 1
dbus-daemon[2107060]: [session uid=1000 pid=2107060 pidfd=5] Activating service name='org.freedesktop.systemd1' requested by ':1.4' (uid=1000 pid=2107268 comm="/usr/bin/dbus-broker-launch --config-file=/usr/sha")
dbus-daemon[2107060]: [session uid=1000 pid=2107060 pidfd=5] Activated service 'org.freedesktop.systemd1' failed: Process org.freedesktop.systemd1 exited with status 1
dbus-daemon[2107060]: [session uid=1000 pid=2107060 pidfd=5] Activating service name='org.freedesktop.Notifications' requested by ':1.7' (uid=1000 pid=2107315 comm="/opt/google/chrome/chrome --remote-debugging-port=")
dbus-daemon[2107060]: [session uid=1000 pid=2107060 pidfd=5] Successfully activated service 'org.freedesktop.Notifications'
dbus-daemon[2107060]: [session uid=1000 pid=2107060 pidfd=5] Activating service name='org.freedesktop.portal.Desktop' requested by ':1.7' (uid=1000 pid=2107315 comm="/opt/google/chrome/chrome --remote-debugging-port=")
dbus-daemon[2107060]: [session uid=1000 pid=2107060 pidfd=5] Activating service name='org.freedesktop.impl.portal.PermissionStore' requested by ':1.9' (uid=1000 pid=2107521 comm="/usr/lib/xdg-desktop-portal")
dbus-daemon[2107060]: [session uid=1000 pid=2107060 pidfd=5] Successfully activated service 'org.freedesktop.impl.portal.PermissionStore'
dbus-daemon[2107060]: [session uid=1000 pid=2107060 pidfd=5] Activating service name='org.freedesktop.portal.Documents' requested by ':1.9' (uid=1000 pid=2107521 comm="/usr/lib/xdg-desktop-portal")
dbus-daemon[2107060]: [session uid=1000 pid=2107060 pidfd=5] Successfully activated service 'org.freedesktop.portal.Documents'
fusermount3: mount failed: Operation not permitted
error: fuse init failed: Can't mount path <tmp>/x11-session.OS8Jlk/xdg-runtime/doc

(/usr/lib/xdg-desktop-portal:2107521): xdg-desktop-portal-WARNING **: 04:36:04.031: Document portal fuse mount point unknown: GDBus.Error:org.freedesktop.DBus.Error.ServiceUnknown: The name :1.11 was not provided by any .service files

(/usr/lib/xdg-desktop-portal:2107521): xdg-desktop-portal-WARNING **: 04:36:04.031: Choosing gtk.portal for org.freedesktop.impl.portal.Lockdown as a last-resort fallback
dbus-daemon[2107060]: [session uid=1000 pid=2107060 pidfd=5] Activating service name='org.freedesktop.impl.portal.desktop.gtk' requested by ':1.9' (uid=1000 pid=2107521 comm="/usr/lib/xdg-desktop-portal")
dbus-daemon[2107060]: [session uid=1000 pid=2107060 pidfd=5] Activating service name='org.freedesktop.systemd1' requested by ':1.4' (uid=1000 pid=2107268 comm="/usr/bin/dbus-broker-launch --config-file=/usr/sha")
dbus-daemon[2107060]: [session uid=1000 pid=2107060 pidfd=5] Activated service 'org.freedesktop.systemd1' failed: Process org.freedesktop.systemd1 exited with status 1
dbus-daemon[2107060]: [session uid=1000 pid=2107060 pidfd=5] Successfully activated service 'org.freedesktop.impl.portal.desktop.gtk'

** (xdg-desktop-portal-gtk:2107543): WARNING **: 04:36:04.054: AT-SPI: Could not obtain desktop path or name

dbus-daemon[2107060]: [session uid=1000 pid=2107060 pidfd=5] Activating service name='org.freedesktop.systemd1' requested by ':1.4' (uid=1000 pid=2107268 comm="/usr/bin/dbus-broker-launch --config-file=/usr/sha")

(/usr/lib/xdg-desktop-portal:2107521): xdg-desktop-portal-WARNING **: 04:36:04.054: Choosing gtk.portal for org.freedesktop.impl.portal.Access as a last-resort fallback
dbus-daemon[2107060]: [session uid=1000 pid=2107060 pidfd=5] Activated service 'org.freedesktop.systemd1' failed: Process org.freedesktop.systemd1 exited with status 1

** (xdg-desktop-portal-gtk:2107543): WARNING **: 04:36:04.055: atk-bridge: GetRegisteredEvents returned message with unknown signature

** (xdg-desktop-portal-gtk:2107543): WARNING **: 04:36:04.055: atk-bridge: get_device_events_reply: unknown signature

(/usr/lib/xdg-desktop-portal:2107521): xdg-desktop-portal-WARNING **: 04:36:04.064: Choosing gtk.portal for org.freedesktop.impl.portal.Settings as a last-resort fallback

(/usr/lib/xdg-desktop-portal:2107521): xdg-desktop-portal-WARNING **: 04:36:04.065: Choosing gtk.portal for org.freedesktop.impl.portal.FileChooser as a last-resort fallback

(/usr/lib/xdg-desktop-portal:2107521): xdg-desktop-portal-WARNING **: 04:36:04.065: Choosing gtk.portal for org.freedesktop.impl.portal.AppChooser as a last-resort fallback

(/usr/lib/xdg-desktop-portal:2107521): xdg-desktop-portal-WARNING **: 04:36:04.065: Choosing gtk.portal for org.freedesktop.impl.portal.Print as a last-resort fallback

(/usr/lib/xdg-desktop-portal:2107521): xdg-desktop-portal-WARNING **: 04:36:04.066: Choosing gtk.portal for org.freedesktop.impl.portal.Notification as a last-resort fallback

(/usr/lib/xdg-desktop-portal:2107521): xdg-desktop-portal-WARNING **: 04:36:04.066: Choosing gtk.portal for org.freedesktop.impl.portal.Inhibit as a last-resort fallback

(/usr/lib/xdg-desktop-portal:2107521): xdg-desktop-portal-WARNING **: 04:36:04.067: Failed to connect to PipeWire: Couldn't connect to PipeWire

(/usr/lib/xdg-desktop-portal:2107521): xdg-desktop-portal-WARNING **: 04:36:04.067: Choosing gtk.portal for org.freedesktop.impl.portal.Account as a last-resort fallback

(/usr/lib/xdg-desktop-portal:2107521): xdg-desktop-portal-WARNING **: 04:36:04.068: Choosing gtk.portal for org.freedesktop.impl.portal.Email as a last-resort fallback

(/usr/lib/xdg-desktop-portal:2107521): xdg-desktop-portal-WARNING **: 04:36:04.068: Choosing gtk.portal for org.freedesktop.impl.portal.DynamicLauncher as a last-resort fallback
dbus-daemon[2107060]: [session uid=1000 pid=2107060 pidfd=5] Successfully activated service 'org.freedesktop.portal.Desktop'
{"event": "cell", "id": "f4-file-U-rep11", "outcome": "verified", "clicks": null, "applied": null, "old": "accepted", "code": null}
dbus-daemon[2107060]: [session uid=1000 pid=2107060 pidfd=5] Activating service name='org.freedesktop.systemd1' requested by ':1.4' (uid=1000 pid=2107268 comm="/usr/bin/dbus-broker-launch --config-file=/usr/sha")
dbus-daemon[2107060]: [session uid=1000 pid=2107060 pidfd=5] Activated service 'org.freedesktop.systemd1' failed: Process org.freedesktop.systemd1 exited with status 1
2026-10-03T09:36:07.011371Z  WARN cua_driver_sdk::runtime: could not activate the persistent AT-SPI listener: AT-SPI connect failed: ZBus Error: MethodError(OwnedErrorName("org.freedesktop.DBus.Error.NameHasNoOwner"), Some("Could not activate remote peer 'org.a11y.atspi.Registry': unit failed"), Msg { type: Error, serial: 4294967295, sender: UniqueName("org.freedesktop.DBus"), reply-serial: 9, body: Str, fds: [] })
2026-10-03T09:36:07.018045Z  WARN platform_linux::overlay: X11 overlay: root reads cannot see this window's own pixels; save-unders will be served without readback confirmation
dbus-daemon[2107060]: [session uid=1000 pid=2107060 pidfd=5] Activating service name='org.freedesktop.systemd1' requested by ':1.4' (uid=1000 pid=2107268 comm="/usr/bin/dbus-broker-launch --config-file=/usr/sha")
dbus-daemon[2107060]: [session uid=1000 pid=2107060 pidfd=5] Activated service 'org.freedesktop.systemd1' failed: Process org.freedesktop.systemd1 exited with status 1
dbus-daemon[2107060]: [session uid=1000 pid=2107060 pidfd=5] Activating service name='org.freedesktop.systemd1' requested by ':1.4' (uid=1000 pid=2107268 comm="/usr/bin/dbus-broker-launch --config-file=/usr/sha")
dbus-daemon[2107060]: [session uid=1000 pid=2107060 pidfd=5] Activated service 'org.freedesktop.systemd1' failed: Process org.freedesktop.systemd1 exited with status 1
{"event": "cell", "id": "f4-file-U-rep12", "outcome": "verified", "clicks": null, "applied": null, "old": "accepted", "code": null}
dbus-daemon[2107060]: [session uid=1000 pid=2107060 pidfd=5] Activating service name='org.freedesktop.systemd1' requested by ':1.4' (uid=1000 pid=2107268 comm="/usr/bin/dbus-broker-launch --config-file=/usr/sha")
dbus-daemon[2107060]: [session uid=1000 pid=2107060 pidfd=5] Activated service 'org.freedesktop.systemd1' failed: Process org.freedesktop.systemd1 exited with status 1
2026-10-03T09:36:10.077271Z  WARN cua_driver_sdk::runtime: could not activate the persistent AT-SPI listener: AT-SPI connect failed: ZBus Error: MethodError(OwnedErrorName("org.freedesktop.DBus.Error.NameHasNoOwner"), Some("Could not activate remote peer 'org.a11y.atspi.Registry': unit failed"), Msg { type: Error, serial: 4294967295, sender: UniqueName("org.freedesktop.DBus"), reply-serial: 9, body: Str, fds: [] })
2026-10-03T09:36:10.085144Z  WARN platform_linux::overlay: X11 overlay: root reads cannot see this window's own pixels; save-unders will be served without readback confirmation
dbus-daemon[2107060]: [session uid=1000 pid=2107060 pidfd=5] Activating service name='org.freedesktop.systemd1' requested by ':1.4' (uid=1000 pid=2107268 comm="/usr/bin/dbus-broker-launch --config-file=/usr/sha")
dbus-daemon[2107060]: [session uid=1000 pid=2107060 pidfd=5] Activated service 'org.freedesktop.systemd1' failed: Process org.freedesktop.systemd1 exited with status 1
dbus-daemon[2107060]: [session uid=1000 pid=2107060 pidfd=5] Activating service name='org.freedesktop.systemd1' requested by ':1.4' (uid=1000 pid=2107268 comm="/usr/bin/dbus-broker-launch --config-file=/usr/sha")
dbus-daemon[2107060]: [session uid=1000 pid=2107060 pidfd=5] Activated service 'org.freedesktop.systemd1' failed: Process org.freedesktop.systemd1 exited with status 1
{"event": "cell", "id": "f4-file-U-rep13", "outcome": "verified", "clicks": null, "applied": null, "old": "accepted", "code": null}
dbus-daemon[2107060]: [session uid=1000 pid=2107060 pidfd=5] Activating service name='org.freedesktop.systemd1' requested by ':1.4' (uid=1000 pid=2107268 comm="/usr/bin/dbus-broker-launch --config-file=/usr/sha")
dbus-daemon[2107060]: [session uid=1000 pid=2107060 pidfd=5] Activated service 'org.freedesktop.systemd1' failed: Process org.freedesktop.systemd1 exited with status 1
2026-10-03T09:36:13.328731Z  WARN cua_driver_sdk::runtime: could not activate the persistent AT-SPI listener: AT-SPI connect failed: ZBus Error: MethodError(OwnedErrorName("org.freedesktop.DBus.Error.NameHasNoOwner"), Some("Could not activate remote peer 'org.a11y.atspi.Registry': unit failed"), Msg { type: Error, serial: 4294967295, sender: UniqueName("org.freedesktop.DBus"), reply-serial: 9, body: Str, fds: [] })
2026-10-03T09:36:13.338001Z  WARN platform_linux::overlay: X11 overlay: root reads cannot see this window's own pixels; save-unders will be served without readback confirmation
dbus-daemon[2107060]: [session uid=1000 pid=2107060 pidfd=5] Activating service name='org.freedesktop.systemd1' requested by ':1.4' (uid=1000 pid=2107268 comm="/usr/bin/dbus-broker-launch --config-file=/usr/sha")
dbus-daemon[2107060]: [session uid=1000 pid=2107060 pidfd=5] Activated service 'org.freedesktop.systemd1' failed: Process org.freedesktop.systemd1 exited with status 1
dbus-daemon[2107060]: [session uid=1000 pid=2107060 pidfd=5] Activating service name='org.freedesktop.systemd1' requested by ':1.4' (uid=1000 pid=2107268 comm="/usr/bin/dbus-broker-launch --config-file=/usr/sha")
dbus-daemon[2107060]: [session uid=1000 pid=2107060 pidfd=5] Activated service 'org.freedesktop.systemd1' failed: Process org.freedesktop.systemd1 exited with status 1
{"event": "cell", "id": "f4-file-U-rep14", "outcome": "verified", "clicks": null, "applied": null, "old": "accepted", "code": null}
dbus-daemon[2107060]: [session uid=1000 pid=2107060 pidfd=5] Activating service name='org.freedesktop.systemd1' requested by ':1.4' (uid=1000 pid=2107268 comm="/usr/bin/dbus-broker-launch --config-file=/usr/sha")
dbus-daemon[2107060]: [session uid=1000 pid=2107060 pidfd=5] Activated service 'org.freedesktop.systemd1' failed: Process org.freedesktop.systemd1 exited with status 1
2026-10-03T09:36:17.154971Z  WARN cua_driver_sdk::runtime: could not activate the persistent AT-SPI listener: AT-SPI connect failed: ZBus Error: MethodError(OwnedErrorName("org.freedesktop.DBus.Error.NameHasNoOwner"), Some("Could not activate remote peer 'org.a11y.atspi.Registry': unit failed"), Msg { type: Error, serial: 4294967295, sender: UniqueName("org.freedesktop.DBus"), reply-serial: 9, body: Str, fds: [] })
2026-10-03T09:36:17.162924Z  WARN platform_linux::overlay: X11 overlay: root reads cannot see this window's own pixels; save-unders will be served without readback confirmation
dbus-daemon[2107060]: [session uid=1000 pid=2107060 pidfd=5] Activating service name='org.freedesktop.systemd1' requested by ':1.4' (uid=1000 pid=2107268 comm="/usr/bin/dbus-broker-launch --config-file=/usr/sha")
dbus-daemon[2107060]: [session uid=1000 pid=2107060 pidfd=5] Activated service 'org.freedesktop.systemd1' failed: Process org.freedesktop.systemd1 exited with status 1
dbus-daemon[2107060]: [session uid=1000 pid=2107060 pidfd=5] Activating service name='org.freedesktop.systemd1' requested by ':1.4' (uid=1000 pid=2107268 comm="/usr/bin/dbus-broker-launch --config-file=/usr/sha")
dbus-daemon[2107060]: [session uid=1000 pid=2107060 pidfd=5] Activated service 'org.freedesktop.systemd1' failed: Process org.freedesktop.systemd1 exited with status 1
{"event": "cell", "id": "f4-file-U-rep15", "outcome": "verified", "clicks": null, "applied": null, "old": "accepted", "code": null}
dbus-daemon[2107060]: [session uid=1000 pid=2107060 pidfd=5] Activating service name='org.freedesktop.systemd1' requested by ':1.4' (uid=1000 pid=2107268 comm="/usr/bin/dbus-broker-launch --config-file=/usr/sha")
dbus-daemon[2107060]: [session uid=1000 pid=2107060 pidfd=5] Activated service 'org.freedesktop.systemd1' failed: Process org.freedesktop.systemd1 exited with status 1
2026-10-03T09:36:20.189077Z  WARN cua_driver_sdk::runtime: could not activate the persistent AT-SPI listener: AT-SPI connect failed: ZBus Error: MethodError(OwnedErrorName("org.freedesktop.DBus.Error.NameHasNoOwner"), Some("Could not activate remote peer 'org.a11y.atspi.Registry': unit failed"), Msg { type: Error, serial: 4294967295, sender: UniqueName("org.freedesktop.DBus"), reply-serial: 9, body: Str, fds: [] })
2026-10-03T09:36:20.196531Z  WARN platform_linux::overlay: X11 overlay: root reads cannot see this window's own pixels; save-unders will be served without readback confirmation
dbus-daemon[2107060]: [session uid=1000 pid=2107060 pidfd=5] Activating service name='org.freedesktop.systemd1' requested by ':1.4' (uid=1000 pid=2107268 comm="/usr/bin/dbus-broker-launch --config-file=/usr/sha")
dbus-daemon[2107060]: [session uid=1000 pid=2107060 pidfd=5] Activated service 'org.freedesktop.systemd1' failed: Process org.freedesktop.systemd1 exited with status 1
dbus-daemon[2107060]: [session uid=1000 pid=2107060 pidfd=5] Activating service name='org.freedesktop.systemd1' requested by ':1.4' (uid=1000 pid=2107268 comm="/usr/bin/dbus-broker-launch --config-file=/usr/sha")
dbus-daemon[2107060]: [session uid=1000 pid=2107060 pidfd=5] Activated service 'org.freedesktop.systemd1' failed: Process org.freedesktop.systemd1 exited with status 1
{"event": "cell", "id": "f4-file-U-rep16", "outcome": "verified", "clicks": null, "applied": null, "old": "accepted", "code": null}
dbus-daemon[2107060]: [session uid=1000 pid=2107060 pidfd=5] Activating service name='org.freedesktop.systemd1' requested by ':1.4' (uid=1000 pid=2107268 comm="/usr/bin/dbus-broker-launch --config-file=/usr/sha")
dbus-daemon[2107060]: [session uid=1000 pid=2107060 pidfd=5] Activated service 'org.freedesktop.systemd1' failed: Process org.freedesktop.systemd1 exited with status 1
2026-10-03T09:36:23.220897Z  WARN cua_driver_sdk::runtime: could not activate the persistent AT-SPI listener: AT-SPI connect failed: ZBus Error: MethodError(OwnedErrorName("org.freedesktop.DBus.Error.NameHasNoOwner"), Some("Could not activate remote peer 'org.a11y.atspi.Registry': unit failed"), Msg { type: Error, serial: 4294967295, sender: UniqueName("org.freedesktop.DBus"), reply-serial: 9, body: Str, fds: [] })
2026-10-03T09:36:23.228062Z  WARN platform_linux::overlay: X11 overlay: root reads cannot see this window's own pixels; save-unders will be served without readback confirmation
dbus-daemon[2107060]: [session uid=1000 pid=2107060 pidfd=5] Activating service name='org.freedesktop.systemd1' requested by ':1.4' (uid=1000 pid=2107268 comm="/usr/bin/dbus-broker-launch --config-file=/usr/sha")
dbus-daemon[2107060]: [session uid=1000 pid=2107060 pidfd=5] Activated service 'org.freedesktop.systemd1' failed: Process org.freedesktop.systemd1 exited with status 1
dbus-daemon[2107060]: [session uid=1000 pid=2107060 pidfd=5] Activating service name='org.freedesktop.systemd1' requested by ':1.4' (uid=1000 pid=2107268 comm="/usr/bin/dbus-broker-launch --config-file=/usr/sha")
dbus-daemon[2107060]: [session uid=1000 pid=2107060 pidfd=5] Activated service 'org.freedesktop.systemd1' failed: Process org.freedesktop.systemd1 exited with status 1
{"event": "cell", "id": "f4-file-U-rep17", "outcome": "verified", "clicks": null, "applied": null, "old": "accepted", "code": null}
dbus-daemon[2107060]: [session uid=1000 pid=2107060 pidfd=5] Activating service name='org.freedesktop.systemd1' requested by ':1.4' (uid=1000 pid=2107268 comm="/usr/bin/dbus-broker-launch --config-file=/usr/sha")
dbus-daemon[2107060]: [session uid=1000 pid=2107060 pidfd=5] Activated service 'org.freedesktop.systemd1' failed: Process org.freedesktop.systemd1 exited with status 1
2026-10-03T09:36:26.245016Z  WARN cua_driver_sdk::runtime: could not activate the persistent AT-SPI listener: AT-SPI connect failed: ZBus Error: MethodError(OwnedErrorName("org.freedesktop.DBus.Error.NameHasNoOwner"), Some("Could not activate remote peer 'org.a11y.atspi.Registry': unit failed"), Msg { type: Error, serial: 4294967295, sender: UniqueName("org.freedesktop.DBus"), reply-serial: 9, body: Str, fds: [] })
2026-10-03T09:36:26.252280Z  WARN platform_linux::overlay: X11 overlay: root reads cannot see this window's own pixels; save-unders will be served without readback confirmation
dbus-daemon[2107060]: [session uid=1000 pid=2107060 pidfd=5] Activating service name='org.freedesktop.systemd1' requested by ':1.4' (uid=1000 pid=2107268 comm="/usr/bin/dbus-broker-launch --config-file=/usr/sha")
dbus-daemon[2107060]: [session uid=1000 pid=2107060 pidfd=5] Activated service 'org.freedesktop.systemd1' failed: Process org.freedesktop.systemd1 exited with status 1
dbus-daemon[2107060]: [session uid=1000 pid=2107060 pidfd=5] Activating service name='org.freedesktop.systemd1' requested by ':1.4' (uid=1000 pid=2107268 comm="/usr/bin/dbus-broker-launch --config-file=/usr/sha")
dbus-daemon[2107060]: [session uid=1000 pid=2107060 pidfd=5] Activated service 'org.freedesktop.systemd1' failed: Process org.freedesktop.systemd1 exited with status 1
{"event": "cell", "id": "f4-file-U-rep18", "outcome": "verified", "clicks": null, "applied": null, "old": "accepted", "code": null}
dbus-daemon[2107060]: [session uid=1000 pid=2107060 pidfd=5] Activating service name='org.freedesktop.systemd1' requested by ':1.4' (uid=1000 pid=2107268 comm="/usr/bin/dbus-broker-launch --config-file=/usr/sha")
dbus-daemon[2107060]: [session uid=1000 pid=2107060 pidfd=5] Activated service 'org.freedesktop.systemd1' failed: Process org.freedesktop.systemd1 exited with status 1
2026-10-03T09:36:29.271742Z  WARN cua_driver_sdk::runtime: could not activate the persistent AT-SPI listener: AT-SPI connect failed: ZBus Error: MethodError(OwnedErrorName("org.freedesktop.DBus.Error.NameHasNoOwner"), Some("Could not activate remote peer 'org.a11y.atspi.Registry': unit failed"), Msg { type: Error, serial: 4294967295, sender: UniqueName("org.freedesktop.DBus"), reply-serial: 9, body: Str, fds: [] })
2026-10-03T09:36:29.278166Z  WARN platform_linux::overlay: X11 overlay: root reads cannot see this window's own pixels; save-unders will be served without readback confirmation
dbus-daemon[2107060]: [session uid=1000 pid=2107060 pidfd=5] Activating service name='org.freedesktop.systemd1' requested by ':1.4' (uid=1000 pid=2107268 comm="/usr/bin/dbus-broker-launch --config-file=/usr/sha")
dbus-daemon[2107060]: [session uid=1000 pid=2107060 pidfd=5] Activated service 'org.freedesktop.systemd1' failed: Process org.freedesktop.systemd1 exited with status 1
dbus-daemon[2107060]: [session uid=1000 pid=2107060 pidfd=5] Activating service name='org.freedesktop.systemd1' requested by ':1.4' (uid=1000 pid=2107268 comm="/usr/bin/dbus-broker-launch --config-file=/usr/sha")
dbus-daemon[2107060]: [session uid=1000 pid=2107060 pidfd=5] Activated service 'org.freedesktop.systemd1' failed: Process org.freedesktop.systemd1 exited with status 1
{"event": "cell", "id": "f4-file-U-rep19", "outcome": "verified", "clicks": null, "applied": null, "old": "accepted", "code": null}
dbus-daemon[2107060]: [session uid=1000 pid=2107060 pidfd=5] Activating service name='org.freedesktop.systemd1' requested by ':1.4' (uid=1000 pid=2107268 comm="/usr/bin/dbus-broker-launch --config-file=/usr/sha")
dbus-daemon[2107060]: [session uid=1000 pid=2107060 pidfd=5] Activated service 'org.freedesktop.systemd1' failed: Process org.freedesktop.systemd1 exited with status 1
2026-10-03T09:36:32.304180Z  WARN cua_driver_sdk::runtime: could not activate the persistent AT-SPI listener: AT-SPI connect failed: ZBus Error: MethodError(OwnedErrorName("org.freedesktop.DBus.Error.NameHasNoOwner"), Some("Could not activate remote peer 'org.a11y.atspi.Registry': unit failed"), Msg { type: Error, serial: 4294967295, sender: UniqueName("org.freedesktop.DBus"), reply-serial: 9, body: Str, fds: [] })
2026-10-03T09:36:32.311587Z  WARN platform_linux::overlay: X11 overlay: root reads cannot see this window's own pixels; save-unders will be served without readback confirmation
dbus-daemon[2107060]: [session uid=1000 pid=2107060 pidfd=5] Activating service name='org.freedesktop.systemd1' requested by ':1.4' (uid=1000 pid=2107268 comm="/usr/bin/dbus-broker-launch --config-file=/usr/sha")
dbus-daemon[2107060]: [session uid=1000 pid=2107060 pidfd=5] Activated service 'org.freedesktop.systemd1' failed: Process org.freedesktop.systemd1 exited with status 1
dbus-daemon[2107060]: [session uid=1000 pid=2107060 pidfd=5] Activating service name='org.freedesktop.systemd1' requested by ':1.4' (uid=1000 pid=2107268 comm="/usr/bin/dbus-broker-launch --config-file=/usr/sha")
dbus-daemon[2107060]: [session uid=1000 pid=2107060 pidfd=5] Activated service 'org.freedesktop.systemd1' failed: Process org.freedesktop.systemd1 exited with status 1
{"event": "cell", "id": "f4-file-U-rep20", "outcome": "verified", "clicks": null, "applied": null, "old": "accepted", "code": null}
A connection to the bus can't be made
X connection to :100 broken (explicit kill or server shutdown).
CRITICAL: [dbus_cb_name_lost:1438] Cannot connect to DBus.
[session] exit rc=0 run_dir=<tmp>/x11-session.OS8Jlk
