[session] DISPLAY=:100 openbox=2037842 picom=2037844 dbus=unix:path=<TMPDBUS>,guid=<GUID>
[fix02] outer_hostless=1 display=:100 xdg_runtime_private=yes
[a3-probe] xdpyinfo ok DISPLAY=:100
[fix02] DISPLAY=:100 loadavg=2.52 4.94 5.14 phase_args=--phase f3ts --arm F --driver cua-driver-fix02r3-f-df4f1edf5 --out b06-f3ts-F-stale --start-rep 1 --reps 10 --code stale --ts-examples jev-use 
{"event": "validity", "ok": true, "display": ":100"}
dbus-daemon[2037836]: [session uid=1000 pid=2037836 pidfd=5] Activating service name='org.a11y.Bus' requested by ':1.0' (uid=1000 pid=2038389 comm="<lanes>/bin/cua-driver-fi")
dbus-daemon[2037836]: [session uid=1000 pid=2037836 pidfd=5] Successfully activated service 'org.a11y.Bus'
dbus-daemon[2037836]: [session uid=1000 pid=2037836 pidfd=5] Activating service name='ca.desrt.dconf' requested by ':1.1' (uid=1000 pid=2038396 comm="/usr/lib/at-spi-bus-launcher")
dbus-daemon[2037836]: [session uid=1000 pid=2037836 pidfd=5] Successfully activated service 'ca.desrt.dconf'
dbus-daemon[2037836]: [session uid=1000 pid=2037836 pidfd=5] Activating service name='org.freedesktop.systemd1' requested by ':1.4' (uid=1000 pid=2038422 comm="/usr/bin/dbus-broker-launch --config-file=/usr/sha")
dbus-daemon[2037836]: [session uid=1000 pid=2037836 pidfd=5] Activated service 'org.freedesktop.systemd1' failed: Process org.freedesktop.systemd1 exited with status 1
dbus-daemon[2037836]: [session uid=1000 pid=2037836 pidfd=5] Activating service name='org.gtk.vfs.Daemon' requested by ':1.5' (uid=1000 pid=2038601 comm="/opt/google/chrome/chrome --remote-debugging-port=")
dbus-daemon[2037836]: [session uid=1000 pid=2037836 pidfd=5] Successfully activated service 'org.gtk.vfs.Daemon'
fusermount3: mount failed: Operation not permitted
dbus-daemon[2037836]: [session uid=1000 pid=2037836 pidfd=5] Activating service name='org.freedesktop.systemd1' requested by ':1.4' (uid=1000 pid=2038422 comm="/usr/bin/dbus-broker-launch --config-file=/usr/sha")
dbus-daemon[2037836]: [session uid=1000 pid=2037836 pidfd=5] Activated service 'org.freedesktop.systemd1' failed: Process org.freedesktop.systemd1 exited with status 1
dbus-daemon[2037836]: [session uid=1000 pid=2037836 pidfd=5] Activating service name='org.freedesktop.systemd1' requested by ':1.4' (uid=1000 pid=2038422 comm="/usr/bin/dbus-broker-launch --config-file=/usr/sha")
dbus-daemon[2037836]: [session uid=1000 pid=2037836 pidfd=5] Activated service 'org.freedesktop.systemd1' failed: Process org.freedesktop.systemd1 exited with status 1
dbus-daemon[2037836]: [session uid=1000 pid=2037836 pidfd=5] Activating service name='org.freedesktop.Notifications' requested by ':1.7' (uid=1000 pid=2038601 comm="/opt/google/chrome/chrome --remote-debugging-port=")
dbus-daemon[2037836]: [session uid=1000 pid=2037836 pidfd=5] Activating service name='org.freedesktop.portal.Desktop' requested by ':1.7' (uid=1000 pid=2038601 comm="/opt/google/chrome/chrome --remote-debugging-port=")
dbus-daemon[2037836]: [session uid=1000 pid=2037836 pidfd=5] Activating service name='org.freedesktop.impl.portal.PermissionStore' requested by ':1.9' (uid=1000 pid=2038745 comm="/usr/lib/xdg-desktop-portal")
dbus-daemon[2037836]: [session uid=1000 pid=2037836 pidfd=5] Successfully activated service 'org.freedesktop.Notifications'
dbus-daemon[2037836]: [session uid=1000 pid=2037836 pidfd=5] Successfully activated service 'org.freedesktop.impl.portal.PermissionStore'
dbus-daemon[2037836]: [session uid=1000 pid=2037836 pidfd=5] Activating service name='org.freedesktop.portal.Documents' requested by ':1.9' (uid=1000 pid=2038745 comm="/usr/lib/xdg-desktop-portal")
dbus-daemon[2037836]: [session uid=1000 pid=2037836 pidfd=5] Successfully activated service 'org.freedesktop.portal.Documents'
fusermount3: mount failed: Operation not permitted
error: fuse init failed: Can't mount path <tmp>/x11-session.4eDwcN/xdg-runtime/doc

(/usr/lib/xdg-desktop-portal:2038745): xdg-desktop-portal-WARNING **: 04:18:24.194: Document portal fuse mount point unknown: GDBus.Error:org.freedesktop.DBus.Error.ServiceUnknown: The name :1.11 was not provided by any .service files

(/usr/lib/xdg-desktop-portal:2038745): xdg-desktop-portal-WARNING **: 04:18:24.194: Choosing gtk.portal for org.freedesktop.impl.portal.Lockdown as a last-resort fallback
dbus-daemon[2037836]: [session uid=1000 pid=2037836 pidfd=5] Activating service name='org.freedesktop.impl.portal.desktop.gtk' requested by ':1.9' (uid=1000 pid=2038745 comm="/usr/lib/xdg-desktop-portal")
dbus-daemon[2037836]: [session uid=1000 pid=2037836 pidfd=5] Activating service name='org.freedesktop.systemd1' requested by ':1.4' (uid=1000 pid=2038422 comm="/usr/bin/dbus-broker-launch --config-file=/usr/sha")
dbus-daemon[2037836]: [session uid=1000 pid=2037836 pidfd=5] Activated service 'org.freedesktop.systemd1' failed: Process org.freedesktop.systemd1 exited with status 1
dbus-daemon[2037836]: [session uid=1000 pid=2037836 pidfd=5] Successfully activated service 'org.freedesktop.impl.portal.desktop.gtk'

** (xdg-desktop-portal-gtk:2038816): WARNING **: 04:18:24.218: AT-SPI: Could not obtain desktop path or name

dbus-daemon[2037836]: [session uid=1000 pid=2037836 pidfd=5] Activating service name='org.freedesktop.systemd1' requested by ':1.4' (uid=1000 pid=2038422 comm="/usr/bin/dbus-broker-launch --config-file=/usr/sha")

(/usr/lib/xdg-desktop-portal:2038745): xdg-desktop-portal-WARNING **: 04:18:24.219: Choosing gtk.portal for org.freedesktop.impl.portal.Access as a last-resort fallback
dbus-daemon[2037836]: [session uid=1000 pid=2037836 pidfd=5] Activated service 'org.freedesktop.systemd1' failed: Process org.freedesktop.systemd1 exited with status 1

** (xdg-desktop-portal-gtk:2038816): WARNING **: 04:18:24.219: atk-bridge: GetRegisteredEvents returned message with unknown signature

** (xdg-desktop-portal-gtk:2038816): WARNING **: 04:18:24.219: atk-bridge: get_device_events_reply: unknown signature

(/usr/lib/xdg-desktop-portal:2038745): xdg-desktop-portal-WARNING **: 04:18:24.229: Choosing gtk.portal for org.freedesktop.impl.portal.Settings as a last-resort fallback

(/usr/lib/xdg-desktop-portal:2038745): xdg-desktop-portal-WARNING **: 04:18:24.229: Choosing gtk.portal for org.freedesktop.impl.portal.FileChooser as a last-resort fallback

(/usr/lib/xdg-desktop-portal:2038745): xdg-desktop-portal-WARNING **: 04:18:24.229: Choosing gtk.portal for org.freedesktop.impl.portal.AppChooser as a last-resort fallback

(/usr/lib/xdg-desktop-portal:2038745): xdg-desktop-portal-WARNING **: 04:18:24.230: Choosing gtk.portal for org.freedesktop.impl.portal.Print as a last-resort fallback

(/usr/lib/xdg-desktop-portal:2038745): xdg-desktop-portal-WARNING **: 04:18:24.230: Choosing gtk.portal for org.freedesktop.impl.portal.Notification as a last-resort fallback

(/usr/lib/xdg-desktop-portal:2038745): xdg-desktop-portal-WARNING **: 04:18:24.230: Choosing gtk.portal for org.freedesktop.impl.portal.Inhibit as a last-resort fallback

(/usr/lib/xdg-desktop-portal:2038745): xdg-desktop-portal-WARNING **: 04:18:24.232: Failed to connect to PipeWire: Couldn't connect to PipeWire

(/usr/lib/xdg-desktop-portal:2038745): xdg-desktop-portal-WARNING **: 04:18:24.232: Choosing gtk.portal for org.freedesktop.impl.portal.Account as a last-resort fallback

(/usr/lib/xdg-desktop-portal:2038745): xdg-desktop-portal-WARNING **: 04:18:24.232: Choosing gtk.portal for org.freedesktop.impl.portal.Email as a last-resort fallback

(/usr/lib/xdg-desktop-portal:2038745): xdg-desktop-portal-WARNING **: 04:18:24.232: Choosing gtk.portal for org.freedesktop.impl.portal.DynamicLauncher as a last-resort fallback
dbus-daemon[2037836]: [session uid=1000 pid=2037836 pidfd=5] Successfully activated service 'org.freedesktop.portal.Desktop'
{"event": "cell", "id": "f3ts-stale-F-rep01", "outcome": "verified", "clicks": 2, "applied": 1, "old": null, "code": null}
dbus-daemon[2037836]: [session uid=1000 pid=2037836 pidfd=5] Activating service name='org.freedesktop.systemd1' requested by ':1.4' (uid=1000 pid=2038422 comm="/usr/bin/dbus-broker-launch --config-file=/usr/sha")
dbus-daemon[2037836]: [session uid=1000 pid=2037836 pidfd=5] Activated service 'org.freedesktop.systemd1' failed: Process org.freedesktop.systemd1 exited with status 1
dbus-daemon[2037836]: [session uid=1000 pid=2037836 pidfd=5] Activating service name='org.freedesktop.systemd1' requested by ':1.4' (uid=1000 pid=2038422 comm="/usr/bin/dbus-broker-launch --config-file=/usr/sha")
dbus-daemon[2037836]: [session uid=1000 pid=2037836 pidfd=5] Activated service 'org.freedesktop.systemd1' failed: Process org.freedesktop.systemd1 exited with status 1
dbus-daemon[2037836]: [session uid=1000 pid=2037836 pidfd=5] Activating service name='org.freedesktop.systemd1' requested by ':1.4' (uid=1000 pid=2038422 comm="/usr/bin/dbus-broker-launch --config-file=/usr/sha")
dbus-daemon[2037836]: [session uid=1000 pid=2037836 pidfd=5] Activated service 'org.freedesktop.systemd1' failed: Process org.freedesktop.systemd1 exited with status 1
{"event": "cell", "id": "f3ts-stale-F-rep02", "outcome": "verified", "clicks": 2, "applied": 1, "old": null, "code": null}
dbus-daemon[2037836]: [session uid=1000 pid=2037836 pidfd=5] Activating service name='org.freedesktop.systemd1' requested by ':1.4' (uid=1000 pid=2038422 comm="/usr/bin/dbus-broker-launch --config-file=/usr/sha")
dbus-daemon[2037836]: [session uid=1000 pid=2037836 pidfd=5] Activated service 'org.freedesktop.systemd1' failed: Process org.freedesktop.systemd1 exited with status 1
dbus-daemon[2037836]: [session uid=1000 pid=2037836 pidfd=5] Activating service name='org.freedesktop.systemd1' requested by ':1.4' (uid=1000 pid=2038422 comm="/usr/bin/dbus-broker-launch --config-file=/usr/sha")
dbus-daemon[2037836]: [session uid=1000 pid=2037836 pidfd=5] Activated service 'org.freedesktop.systemd1' failed: Process org.freedesktop.systemd1 exited with status 1
dbus-daemon[2037836]: [session uid=1000 pid=2037836 pidfd=5] Activating service name='org.freedesktop.systemd1' requested by ':1.4' (uid=1000 pid=2038422 comm="/usr/bin/dbus-broker-launch --config-file=/usr/sha")
dbus-daemon[2037836]: [session uid=1000 pid=2037836 pidfd=5] Activated service 'org.freedesktop.systemd1' failed: Process org.freedesktop.systemd1 exited with status 1
{"event": "cell", "id": "f3ts-stale-F-rep03", "outcome": "verified", "clicks": 2, "applied": 1, "old": null, "code": null}
dbus-daemon[2037836]: [session uid=1000 pid=2037836 pidfd=5] Activating service name='org.freedesktop.systemd1' requested by ':1.4' (uid=1000 pid=2038422 comm="/usr/bin/dbus-broker-launch --config-file=/usr/sha")
dbus-daemon[2037836]: [session uid=1000 pid=2037836 pidfd=5] Activated service 'org.freedesktop.systemd1' failed: Process org.freedesktop.systemd1 exited with status 1
dbus-daemon[2037836]: [session uid=1000 pid=2037836 pidfd=5] Activating service name='org.freedesktop.systemd1' requested by ':1.4' (uid=1000 pid=2038422 comm="/usr/bin/dbus-broker-launch --config-file=/usr/sha")
dbus-daemon[2037836]: [session uid=1000 pid=2037836 pidfd=5] Activated service 'org.freedesktop.systemd1' failed: Process org.freedesktop.systemd1 exited with status 1
dbus-daemon[2037836]: [session uid=1000 pid=2037836 pidfd=5] Activating service name='org.freedesktop.systemd1' requested by ':1.4' (uid=1000 pid=2038422 comm="/usr/bin/dbus-broker-launch --config-file=/usr/sha")
dbus-daemon[2037836]: [session uid=1000 pid=2037836 pidfd=5] Activated service 'org.freedesktop.systemd1' failed: Process org.freedesktop.systemd1 exited with status 1
{"event": "cell", "id": "f3ts-stale-F-rep04", "outcome": "verified", "clicks": 2, "applied": 1, "old": null, "code": null}
dbus-daemon[2037836]: [session uid=1000 pid=2037836 pidfd=5] Activating service name='org.freedesktop.systemd1' requested by ':1.4' (uid=1000 pid=2038422 comm="/usr/bin/dbus-broker-launch --config-file=/usr/sha")
dbus-daemon[2037836]: [session uid=1000 pid=2037836 pidfd=5] Activated service 'org.freedesktop.systemd1' failed: Process org.freedesktop.systemd1 exited with status 1
dbus-daemon[2037836]: [session uid=1000 pid=2037836 pidfd=5] Activating service name='org.freedesktop.systemd1' requested by ':1.4' (uid=1000 pid=2038422 comm="/usr/bin/dbus-broker-launch --config-file=/usr/sha")
dbus-daemon[2037836]: [session uid=1000 pid=2037836 pidfd=5] Activated service 'org.freedesktop.systemd1' failed: Process org.freedesktop.systemd1 exited with status 1
dbus-daemon[2037836]: [session uid=1000 pid=2037836 pidfd=5] Activating service name='org.freedesktop.systemd1' requested by ':1.4' (uid=1000 pid=2038422 comm="/usr/bin/dbus-broker-launch --config-file=/usr/sha")
dbus-daemon[2037836]: [session uid=1000 pid=2037836 pidfd=5] Activated service 'org.freedesktop.systemd1' failed: Process org.freedesktop.systemd1 exited with status 1
{"event": "cell", "id": "f3ts-stale-F-rep05", "outcome": "verified", "clicks": 2, "applied": 1, "old": null, "code": null}
dbus-daemon[2037836]: [session uid=1000 pid=2037836 pidfd=5] Activating service name='org.freedesktop.systemd1' requested by ':1.4' (uid=1000 pid=2038422 comm="/usr/bin/dbus-broker-launch --config-file=/usr/sha")
dbus-daemon[2037836]: [session uid=1000 pid=2037836 pidfd=5] Activated service 'org.freedesktop.systemd1' failed: Process org.freedesktop.systemd1 exited with status 1
dbus-daemon[2037836]: [session uid=1000 pid=2037836 pidfd=5] Activating service name='org.freedesktop.systemd1' requested by ':1.4' (uid=1000 pid=2038422 comm="/usr/bin/dbus-broker-launch --config-file=/usr/sha")
dbus-daemon[2037836]: [session uid=1000 pid=2037836 pidfd=5] Activated service 'org.freedesktop.systemd1' failed: Process org.freedesktop.systemd1 exited with status 1
dbus-daemon[2037836]: [session uid=1000 pid=2037836 pidfd=5] Activating service name='org.freedesktop.systemd1' requested by ':1.4' (uid=1000 pid=2038422 comm="/usr/bin/dbus-broker-launch --config-file=/usr/sha")
dbus-daemon[2037836]: [session uid=1000 pid=2037836 pidfd=5] Activated service 'org.freedesktop.systemd1' failed: Process org.freedesktop.systemd1 exited with status 1
{"event": "cell", "id": "f3ts-stale-F-rep06", "outcome": "verified", "clicks": 2, "applied": 1, "old": null, "code": null}
dbus-daemon[2037836]: [session uid=1000 pid=2037836 pidfd=5] Activating service name='org.freedesktop.systemd1' requested by ':1.4' (uid=1000 pid=2038422 comm="/usr/bin/dbus-broker-launch --config-file=/usr/sha")
dbus-daemon[2037836]: [session uid=1000 pid=2037836 pidfd=5] Activated service 'org.freedesktop.systemd1' failed: Process org.freedesktop.systemd1 exited with status 1
dbus-daemon[2037836]: [session uid=1000 pid=2037836 pidfd=5] Activating service name='org.freedesktop.systemd1' requested by ':1.4' (uid=1000 pid=2038422 comm="/usr/bin/dbus-broker-launch --config-file=/usr/sha")
dbus-daemon[2037836]: [session uid=1000 pid=2037836 pidfd=5] Activated service 'org.freedesktop.systemd1' failed: Process org.freedesktop.systemd1 exited with status 1
dbus-daemon[2037836]: [session uid=1000 pid=2037836 pidfd=5] Activating service name='org.freedesktop.systemd1' requested by ':1.4' (uid=1000 pid=2038422 comm="/usr/bin/dbus-broker-launch --config-file=/usr/sha")
dbus-daemon[2037836]: [session uid=1000 pid=2037836 pidfd=5] Activated service 'org.freedesktop.systemd1' failed: Process org.freedesktop.systemd1 exited with status 1
{"event": "cell", "id": "f3ts-stale-F-rep07", "outcome": "verified", "clicks": 2, "applied": 1, "old": null, "code": null}
dbus-daemon[2037836]: [session uid=1000 pid=2037836 pidfd=5] Activating service name='org.freedesktop.systemd1' requested by ':1.4' (uid=1000 pid=2038422 comm="/usr/bin/dbus-broker-launch --config-file=/usr/sha")
dbus-daemon[2037836]: [session uid=1000 pid=2037836 pidfd=5] Activated service 'org.freedesktop.systemd1' failed: Process org.freedesktop.systemd1 exited with status 1
dbus-daemon[2037836]: [session uid=1000 pid=2037836 pidfd=5] Activating service name='org.freedesktop.systemd1' requested by ':1.4' (uid=1000 pid=2038422 comm="/usr/bin/dbus-broker-launch --config-file=/usr/sha")
dbus-daemon[2037836]: [session uid=1000 pid=2037836 pidfd=5] Activated service 'org.freedesktop.systemd1' failed: Process org.freedesktop.systemd1 exited with status 1
dbus-daemon[2037836]: [session uid=1000 pid=2037836 pidfd=5] Activating service name='org.freedesktop.systemd1' requested by ':1.4' (uid=1000 pid=2038422 comm="/usr/bin/dbus-broker-launch --config-file=/usr/sha")
dbus-daemon[2037836]: [session uid=1000 pid=2037836 pidfd=5] Activated service 'org.freedesktop.systemd1' failed: Process org.freedesktop.systemd1 exited with status 1
{"event": "cell", "id": "f3ts-stale-F-rep08", "outcome": "verified", "clicks": 2, "applied": 1, "old": null, "code": null}
dbus-daemon[2037836]: [session uid=1000 pid=2037836 pidfd=5] Activating service name='org.freedesktop.systemd1' requested by ':1.4' (uid=1000 pid=2038422 comm="/usr/bin/dbus-broker-launch --config-file=/usr/sha")
dbus-daemon[2037836]: [session uid=1000 pid=2037836 pidfd=5] Activated service 'org.freedesktop.systemd1' failed: Process org.freedesktop.systemd1 exited with status 1
dbus-daemon[2037836]: [session uid=1000 pid=2037836 pidfd=5] Activating service name='org.freedesktop.systemd1' requested by ':1.4' (uid=1000 pid=2038422 comm="/usr/bin/dbus-broker-launch --config-file=/usr/sha")
dbus-daemon[2037836]: [session uid=1000 pid=2037836 pidfd=5] Activated service 'org.freedesktop.systemd1' failed: Process org.freedesktop.systemd1 exited with status 1
dbus-daemon[2037836]: [session uid=1000 pid=2037836 pidfd=5] Activating service name='org.freedesktop.systemd1' requested by ':1.4' (uid=1000 pid=2038422 comm="/usr/bin/dbus-broker-launch --config-file=/usr/sha")
dbus-daemon[2037836]: [session uid=1000 pid=2037836 pidfd=5] Activated service 'org.freedesktop.systemd1' failed: Process org.freedesktop.systemd1 exited with status 1
{"event": "cell", "id": "f3ts-stale-F-rep09", "outcome": "verified", "clicks": 2, "applied": 1, "old": null, "code": null}
dbus-daemon[2037836]: [session uid=1000 pid=2037836 pidfd=5] Activating service name='org.freedesktop.systemd1' requested by ':1.4' (uid=1000 pid=2038422 comm="/usr/bin/dbus-broker-launch --config-file=/usr/sha")
dbus-daemon[2037836]: [session uid=1000 pid=2037836 pidfd=5] Activated service 'org.freedesktop.systemd1' failed: Process org.freedesktop.systemd1 exited with status 1
dbus-daemon[2037836]: [session uid=1000 pid=2037836 pidfd=5] Activating service name='org.freedesktop.systemd1' requested by ':1.4' (uid=1000 pid=2038422 comm="/usr/bin/dbus-broker-launch --config-file=/usr/sha")
dbus-daemon[2037836]: [session uid=1000 pid=2037836 pidfd=5] Activated service 'org.freedesktop.systemd1' failed: Process org.freedesktop.systemd1 exited with status 1
dbus-daemon[2037836]: [session uid=1000 pid=2037836 pidfd=5] Activating service name='org.freedesktop.systemd1' requested by ':1.4' (uid=1000 pid=2038422 comm="/usr/bin/dbus-broker-launch --config-file=/usr/sha")
dbus-daemon[2037836]: [session uid=1000 pid=2037836 pidfd=5] Activated service 'org.freedesktop.systemd1' failed: Process org.freedesktop.systemd1 exited with status 1
{"event": "cell", "id": "f3ts-stale-F-rep10", "outcome": "verified", "clicks": 2, "applied": 1, "old": null, "code": null}
A connection to the bus can't be made
CRITICAL: [dbus_cb_name_lost:1438] Cannot connect to DBus.
[session] exit rc=0 run_dir=<tmp>/x11-session.4eDwcN
