[session] DISPLAY=:100 openbox=2098456 picom=2098457 dbus=unix:path=<TMPDBUS>,guid=<GUID>
[fix02] outer_hostless=1 display=:100 xdg_runtime_private=yes
[a3-probe] xdpyinfo ok DISPLAY=:100
[fix02] DISPLAY=:100 loadavg=1.74 3.13 4.13 phase_args=--phase f4 --arm F --driver cua-driver-fix02r3-f-df4f1edf5 --out b11-f4-F --start-rep 11 --reps 10 
{"event": "validity", "ok": true, "display": ":100"}
dbus-daemon[2098454]: [session uid=1000 pid=2098454 pidfd=5] Activating service name='org.a11y.Bus' requested by ':1.0' (uid=1000 pid=2098602 comm="<lanes>/bin/cua-driver-fi")
dbus-daemon[2098454]: [session uid=1000 pid=2098454 pidfd=5] Successfully activated service 'org.a11y.Bus'
dbus-daemon[2098454]: [session uid=1000 pid=2098454 pidfd=5] Activating service name='ca.desrt.dconf' requested by ':1.1' (uid=1000 pid=2098609 comm="/usr/lib/at-spi-bus-launcher")
dbus-daemon[2098454]: [session uid=1000 pid=2098454 pidfd=5] Successfully activated service 'ca.desrt.dconf'
dbus-daemon[2098454]: [session uid=1000 pid=2098454 pidfd=5] Activating service name='org.freedesktop.systemd1' requested by ':1.4' (uid=1000 pid=2098626 comm="/usr/bin/dbus-broker-launch --config-file=/usr/sha")
dbus-daemon[2098454]: [session uid=1000 pid=2098454 pidfd=5] Activated service 'org.freedesktop.systemd1' failed: Process org.freedesktop.systemd1 exited with status 1
2026-10-03T09:33:22.725128Z  WARN cua_driver_sdk::runtime: could not activate the persistent AT-SPI listener: AT-SPI connect failed: ZBus Error: MethodError(OwnedErrorName("org.freedesktop.DBus.Error.NameHasNoOwner"), Some("Could not activate remote peer 'org.a11y.atspi.Registry': unit failed"), Msg { type: Error, serial: 4294967295, sender: UniqueName("org.freedesktop.DBus"), reply-serial: 10, body: Str, fds: [] })
2026-10-03T09:33:22.737575Z  WARN platform_linux::overlay: X11 overlay: root reads cannot see this window's own pixels; save-unders will be served without readback confirmation
dbus-daemon[2098454]: [session uid=1000 pid=2098454 pidfd=5] Activating service name='org.gtk.vfs.Daemon' requested by ':1.5' (uid=1000 pid=2098680 comm="/opt/google/chrome/chrome --remote-debugging-port=")
dbus-daemon[2098454]: [session uid=1000 pid=2098454 pidfd=5] Successfully activated service 'org.gtk.vfs.Daemon'
fusermount3: mount failed: Operation not permitted
dbus-daemon[2098454]: [session uid=1000 pid=2098454 pidfd=5] Activating service name='org.freedesktop.systemd1' requested by ':1.4' (uid=1000 pid=2098626 comm="/usr/bin/dbus-broker-launch --config-file=/usr/sha")
dbus-daemon[2098454]: [session uid=1000 pid=2098454 pidfd=5] Activated service 'org.freedesktop.systemd1' failed: Process org.freedesktop.systemd1 exited with status 1
dbus-daemon[2098454]: [session uid=1000 pid=2098454 pidfd=5] Activating service name='org.freedesktop.systemd1' requested by ':1.4' (uid=1000 pid=2098626 comm="/usr/bin/dbus-broker-launch --config-file=/usr/sha")
dbus-daemon[2098454]: [session uid=1000 pid=2098454 pidfd=5] Activated service 'org.freedesktop.systemd1' failed: Process org.freedesktop.systemd1 exited with status 1
dbus-daemon[2098454]: [session uid=1000 pid=2098454 pidfd=5] Activating service name='org.freedesktop.Notifications' requested by ':1.7' (uid=1000 pid=2098680 comm="/opt/google/chrome/chrome --remote-debugging-port=")
dbus-daemon[2098454]: [session uid=1000 pid=2098454 pidfd=5] Successfully activated service 'org.freedesktop.Notifications'
dbus-daemon[2098454]: [session uid=1000 pid=2098454 pidfd=5] Activating service name='org.freedesktop.portal.Desktop' requested by ':1.7' (uid=1000 pid=2098680 comm="/opt/google/chrome/chrome --remote-debugging-port=")
dbus-daemon[2098454]: [session uid=1000 pid=2098454 pidfd=5] Activating service name='org.freedesktop.impl.portal.PermissionStore' requested by ':1.9' (uid=1000 pid=2098882 comm="/usr/lib/xdg-desktop-portal")
dbus-daemon[2098454]: [session uid=1000 pid=2098454 pidfd=5] Successfully activated service 'org.freedesktop.impl.portal.PermissionStore'
dbus-daemon[2098454]: [session uid=1000 pid=2098454 pidfd=5] Activating service name='org.freedesktop.portal.Documents' requested by ':1.9' (uid=1000 pid=2098882 comm="/usr/lib/xdg-desktop-portal")
dbus-daemon[2098454]: [session uid=1000 pid=2098454 pidfd=5] Successfully activated service 'org.freedesktop.portal.Documents'
fusermount3: mount failed: Operation not permitted
error: fuse init failed: Can't mount path <tmp>/x11-session.Ac7gZo/xdg-runtime/doc

(/usr/lib/xdg-desktop-portal:2098882): xdg-desktop-portal-WARNING **: 04:33:23.705: Document portal fuse mount point unknown: GDBus.Error:org.freedesktop.DBus.Error.ServiceUnknown: The name :1.11 was not provided by any .service files

(/usr/lib/xdg-desktop-portal:2098882): xdg-desktop-portal-WARNING **: 04:33:23.705: Choosing gtk.portal for org.freedesktop.impl.portal.Lockdown as a last-resort fallback
dbus-daemon[2098454]: [session uid=1000 pid=2098454 pidfd=5] Activating service name='org.freedesktop.impl.portal.desktop.gtk' requested by ':1.9' (uid=1000 pid=2098882 comm="/usr/lib/xdg-desktop-portal")
dbus-daemon[2098454]: [session uid=1000 pid=2098454 pidfd=5] Activating service name='org.freedesktop.systemd1' requested by ':1.4' (uid=1000 pid=2098626 comm="/usr/bin/dbus-broker-launch --config-file=/usr/sha")
dbus-daemon[2098454]: [session uid=1000 pid=2098454 pidfd=5] Activated service 'org.freedesktop.systemd1' failed: Process org.freedesktop.systemd1 exited with status 1
dbus-daemon[2098454]: [session uid=1000 pid=2098454 pidfd=5] Successfully activated service 'org.freedesktop.impl.portal.desktop.gtk'

** (xdg-desktop-portal-gtk:2098905): WARNING **: 04:33:23.728: AT-SPI: Could not obtain desktop path or name

dbus-daemon[2098454]: [session uid=1000 pid=2098454 pidfd=5] Activating service name='org.freedesktop.systemd1' requested by ':1.4' (uid=1000 pid=2098626 comm="/usr/bin/dbus-broker-launch --config-file=/usr/sha")

(/usr/lib/xdg-desktop-portal:2098882): xdg-desktop-portal-WARNING **: 04:33:23.728: Choosing gtk.portal for org.freedesktop.impl.portal.Access as a last-resort fallback
dbus-daemon[2098454]: [session uid=1000 pid=2098454 pidfd=5] Activated service 'org.freedesktop.systemd1' failed: Process org.freedesktop.systemd1 exited with status 1

** (xdg-desktop-portal-gtk:2098905): WARNING **: 04:33:23.729: atk-bridge: GetRegisteredEvents returned message with unknown signature

** (xdg-desktop-portal-gtk:2098905): WARNING **: 04:33:23.729: atk-bridge: get_device_events_reply: unknown signature

(/usr/lib/xdg-desktop-portal:2098882): xdg-desktop-portal-WARNING **: 04:33:23.741: Choosing gtk.portal for org.freedesktop.impl.portal.Settings as a last-resort fallback

(/usr/lib/xdg-desktop-portal:2098882): xdg-desktop-portal-WARNING **: 04:33:23.741: Choosing gtk.portal for org.freedesktop.impl.portal.FileChooser as a last-resort fallback

(/usr/lib/xdg-desktop-portal:2098882): xdg-desktop-portal-WARNING **: 04:33:23.742: Choosing gtk.portal for org.freedesktop.impl.portal.AppChooser as a last-resort fallback

(/usr/lib/xdg-desktop-portal:2098882): xdg-desktop-portal-WARNING **: 04:33:23.742: Choosing gtk.portal for org.freedesktop.impl.portal.Print as a last-resort fallback

(/usr/lib/xdg-desktop-portal:2098882): xdg-desktop-portal-WARNING **: 04:33:23.743: Choosing gtk.portal for org.freedesktop.impl.portal.Notification as a last-resort fallback

(/usr/lib/xdg-desktop-portal:2098882): xdg-desktop-portal-WARNING **: 04:33:23.743: Choosing gtk.portal for org.freedesktop.impl.portal.Inhibit as a last-resort fallback

(/usr/lib/xdg-desktop-portal:2098882): xdg-desktop-portal-WARNING **: 04:33:23.744: Failed to connect to PipeWire: Couldn't connect to PipeWire

(/usr/lib/xdg-desktop-portal:2098882): xdg-desktop-portal-WARNING **: 04:33:23.744: Choosing gtk.portal for org.freedesktop.impl.portal.Account as a last-resort fallback

(/usr/lib/xdg-desktop-portal:2098882): xdg-desktop-portal-WARNING **: 04:33:23.745: Choosing gtk.portal for org.freedesktop.impl.portal.Email as a last-resort fallback

(/usr/lib/xdg-desktop-portal:2098882): xdg-desktop-portal-WARNING **: 04:33:23.745: Choosing gtk.portal for org.freedesktop.impl.portal.DynamicLauncher as a last-resort fallback
dbus-daemon[2098454]: [session uid=1000 pid=2098454 pidfd=5] Successfully activated service 'org.freedesktop.portal.Desktop'
{"event": "cell", "id": "f4-file-F-rep11", "outcome": "verified", "clicks": null, "applied": null, "old": "refused", "code": "browser_ref_stale"}
dbus-daemon[2098454]: [session uid=1000 pid=2098454 pidfd=5] Activating service name='org.freedesktop.systemd1' requested by ':1.4' (uid=1000 pid=2098626 comm="/usr/bin/dbus-broker-launch --config-file=/usr/sha")
dbus-daemon[2098454]: [session uid=1000 pid=2098454 pidfd=5] Activated service 'org.freedesktop.systemd1' failed: Process org.freedesktop.systemd1 exited with status 1
2026-10-03T09:33:26.389450Z  WARN cua_driver_sdk::runtime: could not activate the persistent AT-SPI listener: AT-SPI connect failed: ZBus Error: MethodError(OwnedErrorName("org.freedesktop.DBus.Error.NameHasNoOwner"), Some("Could not activate remote peer 'org.a11y.atspi.Registry': unit failed"), Msg { type: Error, serial: 4294967295, sender: UniqueName("org.freedesktop.DBus"), reply-serial: 9, body: Str, fds: [] })
2026-10-03T09:33:26.399831Z  WARN platform_linux::overlay: X11 overlay: root reads cannot see this window's own pixels; save-unders will be served without readback confirmation
dbus-daemon[2098454]: [session uid=1000 pid=2098454 pidfd=5] Activating service name='org.freedesktop.systemd1' requested by ':1.4' (uid=1000 pid=2098626 comm="/usr/bin/dbus-broker-launch --config-file=/usr/sha")
dbus-daemon[2098454]: [session uid=1000 pid=2098454 pidfd=5] Activated service 'org.freedesktop.systemd1' failed: Process org.freedesktop.systemd1 exited with status 1
dbus-daemon[2098454]: [session uid=1000 pid=2098454 pidfd=5] Activating service name='org.freedesktop.systemd1' requested by ':1.4' (uid=1000 pid=2098626 comm="/usr/bin/dbus-broker-launch --config-file=/usr/sha")
dbus-daemon[2098454]: [session uid=1000 pid=2098454 pidfd=5] Activated service 'org.freedesktop.systemd1' failed: Process org.freedesktop.systemd1 exited with status 1
{"event": "cell", "id": "f4-file-F-rep12", "outcome": "verified", "clicks": null, "applied": null, "old": "refused", "code": "browser_ref_stale"}
dbus-daemon[2098454]: [session uid=1000 pid=2098454 pidfd=5] Activating service name='org.freedesktop.systemd1' requested by ':1.4' (uid=1000 pid=2098626 comm="/usr/bin/dbus-broker-launch --config-file=/usr/sha")
dbus-daemon[2098454]: [session uid=1000 pid=2098454 pidfd=5] Activated service 'org.freedesktop.systemd1' failed: Process org.freedesktop.systemd1 exited with status 1
2026-10-03T09:33:29.436046Z  WARN cua_driver_sdk::runtime: could not activate the persistent AT-SPI listener: AT-SPI connect failed: ZBus Error: MethodError(OwnedErrorName("org.freedesktop.DBus.Error.NameHasNoOwner"), Some("Could not activate remote peer 'org.a11y.atspi.Registry': unit failed"), Msg { type: Error, serial: 4294967295, sender: UniqueName("org.freedesktop.DBus"), reply-serial: 9, body: Str, fds: [] })
2026-10-03T09:33:29.446093Z  WARN platform_linux::overlay: X11 overlay: root reads cannot see this window's own pixels; save-unders will be served without readback confirmation
dbus-daemon[2098454]: [session uid=1000 pid=2098454 pidfd=5] Activating service name='org.freedesktop.systemd1' requested by ':1.4' (uid=1000 pid=2098626 comm="/usr/bin/dbus-broker-launch --config-file=/usr/sha")
dbus-daemon[2098454]: [session uid=1000 pid=2098454 pidfd=5] Activated service 'org.freedesktop.systemd1' failed: Process org.freedesktop.systemd1 exited with status 1
dbus-daemon[2098454]: [session uid=1000 pid=2098454 pidfd=5] Activating service name='org.freedesktop.systemd1' requested by ':1.4' (uid=1000 pid=2098626 comm="/usr/bin/dbus-broker-launch --config-file=/usr/sha")
dbus-daemon[2098454]: [session uid=1000 pid=2098454 pidfd=5] Activated service 'org.freedesktop.systemd1' failed: Process org.freedesktop.systemd1 exited with status 1
{"event": "cell", "id": "f4-file-F-rep13", "outcome": "verified", "clicks": null, "applied": null, "old": "refused", "code": "browser_ref_stale"}
dbus-daemon[2098454]: [session uid=1000 pid=2098454 pidfd=5] Activating service name='org.freedesktop.systemd1' requested by ':1.4' (uid=1000 pid=2098626 comm="/usr/bin/dbus-broker-launch --config-file=/usr/sha")
dbus-daemon[2098454]: [session uid=1000 pid=2098454 pidfd=5] Activated service 'org.freedesktop.systemd1' failed: Process org.freedesktop.systemd1 exited with status 1
2026-10-03T09:33:32.490831Z  WARN cua_driver_sdk::runtime: could not activate the persistent AT-SPI listener: AT-SPI connect failed: ZBus Error: MethodError(OwnedErrorName("org.freedesktop.DBus.Error.NameHasNoOwner"), Some("Could not activate remote peer 'org.a11y.atspi.Registry': unit failed"), Msg { type: Error, serial: 4294967295, sender: UniqueName("org.freedesktop.DBus"), reply-serial: 9, body: Str, fds: [] })
2026-10-03T09:33:32.498868Z  WARN platform_linux::overlay: X11 overlay: root reads cannot see this window's own pixels; save-unders will be served without readback confirmation
dbus-daemon[2098454]: [session uid=1000 pid=2098454 pidfd=5] Activating service name='org.freedesktop.systemd1' requested by ':1.4' (uid=1000 pid=2098626 comm="/usr/bin/dbus-broker-launch --config-file=/usr/sha")
dbus-daemon[2098454]: [session uid=1000 pid=2098454 pidfd=5] Activated service 'org.freedesktop.systemd1' failed: Process org.freedesktop.systemd1 exited with status 1
dbus-daemon[2098454]: [session uid=1000 pid=2098454 pidfd=5] Activating service name='org.freedesktop.systemd1' requested by ':1.4' (uid=1000 pid=2098626 comm="/usr/bin/dbus-broker-launch --config-file=/usr/sha")
dbus-daemon[2098454]: [session uid=1000 pid=2098454 pidfd=5] Activated service 'org.freedesktop.systemd1' failed: Process org.freedesktop.systemd1 exited with status 1
{"event": "cell", "id": "f4-file-F-rep14", "outcome": "verified", "clicks": null, "applied": null, "old": "refused", "code": "browser_ref_stale"}
dbus-daemon[2098454]: [session uid=1000 pid=2098454 pidfd=5] Activating service name='org.freedesktop.systemd1' requested by ':1.4' (uid=1000 pid=2098626 comm="/usr/bin/dbus-broker-launch --config-file=/usr/sha")
dbus-daemon[2098454]: [session uid=1000 pid=2098454 pidfd=5] Activated service 'org.freedesktop.systemd1' failed: Process org.freedesktop.systemd1 exited with status 1
2026-10-03T09:33:35.543610Z  WARN cua_driver_sdk::runtime: could not activate the persistent AT-SPI listener: AT-SPI connect failed: ZBus Error: MethodError(OwnedErrorName("org.freedesktop.DBus.Error.NameHasNoOwner"), Some("Could not activate remote peer 'org.a11y.atspi.Registry': unit failed"), Msg { type: Error, serial: 4294967295, sender: UniqueName("org.freedesktop.DBus"), reply-serial: 9, body: Str, fds: [] })
2026-10-03T09:33:35.553313Z  WARN platform_linux::overlay: X11 overlay: root reads cannot see this window's own pixels; save-unders will be served without readback confirmation
dbus-daemon[2098454]: [session uid=1000 pid=2098454 pidfd=5] Activating service name='org.freedesktop.systemd1' requested by ':1.4' (uid=1000 pid=2098626 comm="/usr/bin/dbus-broker-launch --config-file=/usr/sha")
dbus-daemon[2098454]: [session uid=1000 pid=2098454 pidfd=5] Activated service 'org.freedesktop.systemd1' failed: Process org.freedesktop.systemd1 exited with status 1
dbus-daemon[2098454]: [session uid=1000 pid=2098454 pidfd=5] Activating service name='org.freedesktop.systemd1' requested by ':1.4' (uid=1000 pid=2098626 comm="/usr/bin/dbus-broker-launch --config-file=/usr/sha")
dbus-daemon[2098454]: [session uid=1000 pid=2098454 pidfd=5] Activated service 'org.freedesktop.systemd1' failed: Process org.freedesktop.systemd1 exited with status 1
{"event": "cell", "id": "f4-file-F-rep15", "outcome": "verified", "clicks": null, "applied": null, "old": "refused", "code": "browser_ref_stale"}
dbus-daemon[2098454]: [session uid=1000 pid=2098454 pidfd=5] Activating service name='org.freedesktop.systemd1' requested by ':1.4' (uid=1000 pid=2098626 comm="/usr/bin/dbus-broker-launch --config-file=/usr/sha")
dbus-daemon[2098454]: [session uid=1000 pid=2098454 pidfd=5] Activated service 'org.freedesktop.systemd1' failed: Process org.freedesktop.systemd1 exited with status 1
2026-10-03T09:33:38.595522Z  WARN cua_driver_sdk::runtime: could not activate the persistent AT-SPI listener: AT-SPI connect failed: ZBus Error: MethodError(OwnedErrorName("org.freedesktop.DBus.Error.NameHasNoOwner"), Some("Could not activate remote peer 'org.a11y.atspi.Registry': unit failed"), Msg { type: Error, serial: 4294967295, sender: UniqueName("org.freedesktop.DBus"), reply-serial: 9, body: Str, fds: [] })
2026-10-03T09:33:38.602663Z  WARN platform_linux::overlay: X11 overlay: root reads cannot see this window's own pixels; save-unders will be served without readback confirmation
dbus-daemon[2098454]: [session uid=1000 pid=2098454 pidfd=5] Activating service name='org.freedesktop.systemd1' requested by ':1.4' (uid=1000 pid=2098626 comm="/usr/bin/dbus-broker-launch --config-file=/usr/sha")
dbus-daemon[2098454]: [session uid=1000 pid=2098454 pidfd=5] Activated service 'org.freedesktop.systemd1' failed: Process org.freedesktop.systemd1 exited with status 1
dbus-daemon[2098454]: [session uid=1000 pid=2098454 pidfd=5] Activating service name='org.freedesktop.systemd1' requested by ':1.4' (uid=1000 pid=2098626 comm="/usr/bin/dbus-broker-launch --config-file=/usr/sha")
dbus-daemon[2098454]: [session uid=1000 pid=2098454 pidfd=5] Activated service 'org.freedesktop.systemd1' failed: Process org.freedesktop.systemd1 exited with status 1
{"event": "cell", "id": "f4-file-F-rep16", "outcome": "verified", "clicks": null, "applied": null, "old": "refused", "code": "browser_ref_stale"}
dbus-daemon[2098454]: [session uid=1000 pid=2098454 pidfd=5] Activating service name='org.freedesktop.systemd1' requested by ':1.4' (uid=1000 pid=2098626 comm="/usr/bin/dbus-broker-launch --config-file=/usr/sha")
dbus-daemon[2098454]: [session uid=1000 pid=2098454 pidfd=5] Activated service 'org.freedesktop.systemd1' failed: Process org.freedesktop.systemd1 exited with status 1
2026-10-03T09:33:41.641075Z  WARN cua_driver_sdk::runtime: could not activate the persistent AT-SPI listener: AT-SPI connect failed: ZBus Error: MethodError(OwnedErrorName("org.freedesktop.DBus.Error.NameHasNoOwner"), Some("Could not activate remote peer 'org.a11y.atspi.Registry': unit failed"), Msg { type: Error, serial: 4294967295, sender: UniqueName("org.freedesktop.DBus"), reply-serial: 9, body: Str, fds: [] })
2026-10-03T09:33:41.648456Z  WARN platform_linux::overlay: X11 overlay: root reads cannot see this window's own pixels; save-unders will be served without readback confirmation
dbus-daemon[2098454]: [session uid=1000 pid=2098454 pidfd=5] Activating service name='org.freedesktop.systemd1' requested by ':1.4' (uid=1000 pid=2098626 comm="/usr/bin/dbus-broker-launch --config-file=/usr/sha")
dbus-daemon[2098454]: [session uid=1000 pid=2098454 pidfd=5] Activated service 'org.freedesktop.systemd1' failed: Process org.freedesktop.systemd1 exited with status 1
dbus-daemon[2098454]: [session uid=1000 pid=2098454 pidfd=5] Activating service name='org.freedesktop.systemd1' requested by ':1.4' (uid=1000 pid=2098626 comm="/usr/bin/dbus-broker-launch --config-file=/usr/sha")
dbus-daemon[2098454]: [session uid=1000 pid=2098454 pidfd=5] Activated service 'org.freedesktop.systemd1' failed: Process org.freedesktop.systemd1 exited with status 1
{"event": "cell", "id": "f4-file-F-rep17", "outcome": "verified", "clicks": null, "applied": null, "old": "refused", "code": "browser_ref_stale"}
dbus-daemon[2098454]: [session uid=1000 pid=2098454 pidfd=5] Activating service name='org.freedesktop.systemd1' requested by ':1.4' (uid=1000 pid=2098626 comm="/usr/bin/dbus-broker-launch --config-file=/usr/sha")
dbus-daemon[2098454]: [session uid=1000 pid=2098454 pidfd=5] Activated service 'org.freedesktop.systemd1' failed: Process org.freedesktop.systemd1 exited with status 1
2026-10-03T09:33:44.676998Z  WARN cua_driver_sdk::runtime: could not activate the persistent AT-SPI listener: AT-SPI connect failed: ZBus Error: MethodError(OwnedErrorName("org.freedesktop.DBus.Error.NameHasNoOwner"), Some("Could not activate remote peer 'org.a11y.atspi.Registry': unit failed"), Msg { type: Error, serial: 4294967295, sender: UniqueName("org.freedesktop.DBus"), reply-serial: 9, body: Str, fds: [] })
2026-10-03T09:33:44.684829Z  WARN platform_linux::overlay: X11 overlay: root reads cannot see this window's own pixels; save-unders will be served without readback confirmation
dbus-daemon[2098454]: [session uid=1000 pid=2098454 pidfd=5] Activating service name='org.freedesktop.systemd1' requested by ':1.4' (uid=1000 pid=2098626 comm="/usr/bin/dbus-broker-launch --config-file=/usr/sha")
dbus-daemon[2098454]: [session uid=1000 pid=2098454 pidfd=5] Activated service 'org.freedesktop.systemd1' failed: Process org.freedesktop.systemd1 exited with status 1
dbus-daemon[2098454]: [session uid=1000 pid=2098454 pidfd=5] Activating service name='org.freedesktop.systemd1' requested by ':1.4' (uid=1000 pid=2098626 comm="/usr/bin/dbus-broker-launch --config-file=/usr/sha")
dbus-daemon[2098454]: [session uid=1000 pid=2098454 pidfd=5] Activated service 'org.freedesktop.systemd1' failed: Process org.freedesktop.systemd1 exited with status 1
{"event": "cell", "id": "f4-file-F-rep18", "outcome": "verified", "clicks": null, "applied": null, "old": "refused", "code": "browser_ref_stale"}
dbus-daemon[2098454]: [session uid=1000 pid=2098454 pidfd=5] Activating service name='org.freedesktop.systemd1' requested by ':1.4' (uid=1000 pid=2098626 comm="/usr/bin/dbus-broker-launch --config-file=/usr/sha")
dbus-daemon[2098454]: [session uid=1000 pid=2098454 pidfd=5] Activated service 'org.freedesktop.systemd1' failed: Process org.freedesktop.systemd1 exited with status 1
2026-10-03T09:33:47.712044Z  WARN cua_driver_sdk::runtime: could not activate the persistent AT-SPI listener: AT-SPI connect failed: ZBus Error: MethodError(OwnedErrorName("org.freedesktop.DBus.Error.NameHasNoOwner"), Some("Could not activate remote peer 'org.a11y.atspi.Registry': unit failed"), Msg { type: Error, serial: 4294967295, sender: UniqueName("org.freedesktop.DBus"), reply-serial: 9, body: Str, fds: [] })
2026-10-03T09:33:47.719353Z  WARN platform_linux::overlay: X11 overlay: root reads cannot see this window's own pixels; save-unders will be served without readback confirmation
dbus-daemon[2098454]: [session uid=1000 pid=2098454 pidfd=5] Activating service name='org.freedesktop.systemd1' requested by ':1.4' (uid=1000 pid=2098626 comm="/usr/bin/dbus-broker-launch --config-file=/usr/sha")
dbus-daemon[2098454]: [session uid=1000 pid=2098454 pidfd=5] Activated service 'org.freedesktop.systemd1' failed: Process org.freedesktop.systemd1 exited with status 1
dbus-daemon[2098454]: [session uid=1000 pid=2098454 pidfd=5] Activating service name='org.freedesktop.systemd1' requested by ':1.4' (uid=1000 pid=2098626 comm="/usr/bin/dbus-broker-launch --config-file=/usr/sha")
dbus-daemon[2098454]: [session uid=1000 pid=2098454 pidfd=5] Activated service 'org.freedesktop.systemd1' failed: Process org.freedesktop.systemd1 exited with status 1
{"event": "cell", "id": "f4-file-F-rep19", "outcome": "verified", "clicks": null, "applied": null, "old": "refused", "code": "browser_ref_stale"}
dbus-daemon[2098454]: [session uid=1000 pid=2098454 pidfd=5] Activating service name='org.freedesktop.systemd1' requested by ':1.4' (uid=1000 pid=2098626 comm="/usr/bin/dbus-broker-launch --config-file=/usr/sha")
dbus-daemon[2098454]: [session uid=1000 pid=2098454 pidfd=5] Activated service 'org.freedesktop.systemd1' failed: Process org.freedesktop.systemd1 exited with status 1
2026-10-03T09:33:50.740283Z  WARN cua_driver_sdk::runtime: could not activate the persistent AT-SPI listener: AT-SPI connect failed: ZBus Error: MethodError(OwnedErrorName("org.freedesktop.DBus.Error.NameHasNoOwner"), Some("Could not activate remote peer 'org.a11y.atspi.Registry': unit failed"), Msg { type: Error, serial: 4294967295, sender: UniqueName("org.freedesktop.DBus"), reply-serial: 9, body: Str, fds: [] })
2026-10-03T09:33:50.748633Z  WARN platform_linux::overlay: X11 overlay: root reads cannot see this window's own pixels; save-unders will be served without readback confirmation
dbus-daemon[2098454]: [session uid=1000 pid=2098454 pidfd=5] Activating service name='org.freedesktop.systemd1' requested by ':1.4' (uid=1000 pid=2098626 comm="/usr/bin/dbus-broker-launch --config-file=/usr/sha")
dbus-daemon[2098454]: [session uid=1000 pid=2098454 pidfd=5] Activated service 'org.freedesktop.systemd1' failed: Process org.freedesktop.systemd1 exited with status 1
dbus-daemon[2098454]: [session uid=1000 pid=2098454 pidfd=5] Activating service name='org.freedesktop.systemd1' requested by ':1.4' (uid=1000 pid=2098626 comm="/usr/bin/dbus-broker-launch --config-file=/usr/sha")
dbus-daemon[2098454]: [session uid=1000 pid=2098454 pidfd=5] Activated service 'org.freedesktop.systemd1' failed: Process org.freedesktop.systemd1 exited with status 1
{"event": "cell", "id": "f4-file-F-rep20", "outcome": "verified", "clicks": null, "applied": null, "old": "refused", "code": "browser_ref_stale"}
A connection to the bus can't be made
CRITICAL: [dbus_cb_name_lost:1438] Cannot connect to DBus.
[session] exit rc=0 run_dir=<tmp>/x11-session.Ac7gZo
