[session] DISPLAY=:100 openbox=2089367 picom=2089368 dbus=unix:path=<TMPDBUS>,guid=<GUID>
[fix02] outer_hostless=1 display=:100 xdg_runtime_private=yes
[a3-probe] xdpyinfo ok DISPLAY=:100
[fix02] DISPLAY=:100 loadavg=3.55 4.05 4.56 phase_args=--phase f4 --arm F --driver cua-driver-fix02r3-f-df4f1edf5 --out b10-f4-F --start-rep 1 --reps 10 
{"event": "validity", "ok": true, "display": ":100"}
dbus-daemon[2089363]: [session uid=1000 pid=2089363 pidfd=5] Activating service name='org.a11y.Bus' requested by ':1.0' (uid=1000 pid=2089568 comm="<lanes>/bin/cua-driver-fi")
dbus-daemon[2089363]: [session uid=1000 pid=2089363 pidfd=5] Successfully activated service 'org.a11y.Bus'
dbus-daemon[2089363]: [session uid=1000 pid=2089363 pidfd=5] Activating service name='ca.desrt.dconf' requested by ':1.1' (uid=1000 pid=2089576 comm="/usr/lib/at-spi-bus-launcher")
dbus-daemon[2089363]: [session uid=1000 pid=2089363 pidfd=5] Successfully activated service 'ca.desrt.dconf'
dbus-daemon[2089363]: [session uid=1000 pid=2089363 pidfd=5] Activating service name='org.freedesktop.systemd1' requested by ':1.4' (uid=1000 pid=2089605 comm="/usr/bin/dbus-broker-launch --config-file=/usr/sha")
dbus-daemon[2089363]: [session uid=1000 pid=2089363 pidfd=5] Activated service 'org.freedesktop.systemd1' failed: Process org.freedesktop.systemd1 exited with status 1
2026-10-03T09:30:41.383543Z  WARN cua_driver_sdk::runtime: could not activate the persistent AT-SPI listener: AT-SPI connect failed: ZBus Error: MethodError(OwnedErrorName("org.freedesktop.DBus.Error.NameHasNoOwner"), Some("Could not activate remote peer 'org.a11y.atspi.Registry': unit failed"), Msg { type: Error, serial: 4294967295, sender: UniqueName("org.freedesktop.DBus"), reply-serial: 10, body: Str, fds: [] })
2026-10-03T09:30:41.395420Z  WARN platform_linux::overlay: X11 overlay: root reads cannot see this window's own pixels; save-unders will be served without readback confirmation
dbus-daemon[2089363]: [session uid=1000 pid=2089363 pidfd=5] Activating service name='org.gtk.vfs.Daemon' requested by ':1.5' (uid=1000 pid=2089646 comm="/opt/google/chrome/chrome --remote-debugging-port=")
dbus-daemon[2089363]: [session uid=1000 pid=2089363 pidfd=5] Successfully activated service 'org.gtk.vfs.Daemon'
fusermount3: mount failed: Operation not permitted
dbus-daemon[2089363]: [session uid=1000 pid=2089363 pidfd=5] Activating service name='org.freedesktop.systemd1' requested by ':1.4' (uid=1000 pid=2089605 comm="/usr/bin/dbus-broker-launch --config-file=/usr/sha")
dbus-daemon[2089363]: [session uid=1000 pid=2089363 pidfd=5] Activated service 'org.freedesktop.systemd1' failed: Process org.freedesktop.systemd1 exited with status 1
dbus-daemon[2089363]: [session uid=1000 pid=2089363 pidfd=5] Activating service name='org.freedesktop.systemd1' requested by ':1.4' (uid=1000 pid=2089605 comm="/usr/bin/dbus-broker-launch --config-file=/usr/sha")
dbus-daemon[2089363]: [session uid=1000 pid=2089363 pidfd=5] Activated service 'org.freedesktop.systemd1' failed: Process org.freedesktop.systemd1 exited with status 1
dbus-daemon[2089363]: [session uid=1000 pid=2089363 pidfd=5] Activating service name='org.freedesktop.Notifications' requested by ':1.7' (uid=1000 pid=2089646 comm="/opt/google/chrome/chrome --remote-debugging-port=")
dbus-daemon[2089363]: [session uid=1000 pid=2089363 pidfd=5] Activating service name='org.freedesktop.portal.Desktop' requested by ':1.7' (uid=1000 pid=2089646 comm="/opt/google/chrome/chrome --remote-debugging-port=")
dbus-daemon[2089363]: [session uid=1000 pid=2089363 pidfd=5] Activating service name='org.freedesktop.impl.portal.PermissionStore' requested by ':1.8' (uid=1000 pid=2089840 comm="/usr/lib/xdg-desktop-portal")
dbus-daemon[2089363]: [session uid=1000 pid=2089363 pidfd=5] Successfully activated service 'org.freedesktop.impl.portal.PermissionStore'
dbus-daemon[2089363]: [session uid=1000 pid=2089363 pidfd=5] Activating service name='org.freedesktop.portal.Documents' requested by ':1.8' (uid=1000 pid=2089840 comm="/usr/lib/xdg-desktop-portal")
dbus-daemon[2089363]: [session uid=1000 pid=2089363 pidfd=5] Successfully activated service 'org.freedesktop.portal.Documents'
fusermount3: mount failed: Operation not permitted
error: fuse init failed: Can't mount path <tmp>/x11-session.iQPPmc/xdg-runtime/doc

(/usr/lib/xdg-desktop-portal:2089840): xdg-desktop-portal-WARNING **: 04:30:42.419: Document portal fuse mount point unknown: GDBus.Error:org.freedesktop.DBus.Error.ServiceUnknown: The name :1.11 was not provided by any .service files

(/usr/lib/xdg-desktop-portal:2089840): xdg-desktop-portal-WARNING **: 04:30:42.419: Choosing gtk.portal for org.freedesktop.impl.portal.Lockdown as a last-resort fallback
dbus-daemon[2089363]: [session uid=1000 pid=2089363 pidfd=5] Activating service name='org.freedesktop.impl.portal.desktop.gtk' requested by ':1.8' (uid=1000 pid=2089840 comm="/usr/lib/xdg-desktop-portal")
dbus-daemon[2089363]: [session uid=1000 pid=2089363 pidfd=5] Successfully activated service 'org.freedesktop.Notifications'
dbus-daemon[2089363]: [session uid=1000 pid=2089363 pidfd=5] Activating service name='org.freedesktop.systemd1' requested by ':1.4' (uid=1000 pid=2089605 comm="/usr/bin/dbus-broker-launch --config-file=/usr/sha")
dbus-daemon[2089363]: [session uid=1000 pid=2089363 pidfd=5] Activated service 'org.freedesktop.systemd1' failed: Process org.freedesktop.systemd1 exited with status 1
dbus-daemon[2089363]: [session uid=1000 pid=2089363 pidfd=5] Successfully activated service 'org.freedesktop.impl.portal.desktop.gtk'

** (xdg-desktop-portal-gtk:2089866): WARNING **: 04:30:42.448: AT-SPI: Could not obtain desktop path or name

dbus-daemon[2089363]: [session uid=1000 pid=2089363 pidfd=5] Activating service name='org.freedesktop.systemd1' requested by ':1.4' (uid=1000 pid=2089605 comm="/usr/bin/dbus-broker-launch --config-file=/usr/sha")

(/usr/lib/xdg-desktop-portal:2089840): xdg-desktop-portal-WARNING **: 04:30:42.449: Choosing gtk.portal for org.freedesktop.impl.portal.Access as a last-resort fallback
dbus-daemon[2089363]: [session uid=1000 pid=2089363 pidfd=5] Activated service 'org.freedesktop.systemd1' failed: Process org.freedesktop.systemd1 exited with status 1

** (xdg-desktop-portal-gtk:2089866): WARNING **: 04:30:42.449: atk-bridge: GetRegisteredEvents returned message with unknown signature

** (xdg-desktop-portal-gtk:2089866): WARNING **: 04:30:42.449: atk-bridge: get_device_events_reply: unknown signature

(/usr/lib/xdg-desktop-portal:2089840): xdg-desktop-portal-WARNING **: 04:30:42.462: Choosing gtk.portal for org.freedesktop.impl.portal.Settings as a last-resort fallback

(/usr/lib/xdg-desktop-portal:2089840): xdg-desktop-portal-WARNING **: 04:30:42.462: Choosing gtk.portal for org.freedesktop.impl.portal.FileChooser as a last-resort fallback

(/usr/lib/xdg-desktop-portal:2089840): xdg-desktop-portal-WARNING **: 04:30:42.463: Choosing gtk.portal for org.freedesktop.impl.portal.AppChooser as a last-resort fallback

(/usr/lib/xdg-desktop-portal:2089840): xdg-desktop-portal-WARNING **: 04:30:42.463: Choosing gtk.portal for org.freedesktop.impl.portal.Print as a last-resort fallback

(/usr/lib/xdg-desktop-portal:2089840): xdg-desktop-portal-WARNING **: 04:30:42.463: Choosing gtk.portal for org.freedesktop.impl.portal.Notification as a last-resort fallback

(/usr/lib/xdg-desktop-portal:2089840): xdg-desktop-portal-WARNING **: 04:30:42.464: Choosing gtk.portal for org.freedesktop.impl.portal.Inhibit as a last-resort fallback

(/usr/lib/xdg-desktop-portal:2089840): xdg-desktop-portal-WARNING **: 04:30:42.465: Failed to connect to PipeWire: Couldn't connect to PipeWire

(/usr/lib/xdg-desktop-portal:2089840): xdg-desktop-portal-WARNING **: 04:30:42.465: Choosing gtk.portal for org.freedesktop.impl.portal.Account as a last-resort fallback

(/usr/lib/xdg-desktop-portal:2089840): xdg-desktop-portal-WARNING **: 04:30:42.465: Choosing gtk.portal for org.freedesktop.impl.portal.Email as a last-resort fallback

(/usr/lib/xdg-desktop-portal:2089840): xdg-desktop-portal-WARNING **: 04:30:42.466: Choosing gtk.portal for org.freedesktop.impl.portal.DynamicLauncher as a last-resort fallback
dbus-daemon[2089363]: [session uid=1000 pid=2089363 pidfd=5] Successfully activated service 'org.freedesktop.portal.Desktop'
{"event": "cell", "id": "f4-file-F-rep01", "outcome": "verified", "clicks": null, "applied": null, "old": "refused", "code": "browser_ref_stale"}
dbus-daemon[2089363]: [session uid=1000 pid=2089363 pidfd=5] Activating service name='org.freedesktop.systemd1' requested by ':1.4' (uid=1000 pid=2089605 comm="/usr/bin/dbus-broker-launch --config-file=/usr/sha")
dbus-daemon[2089363]: [session uid=1000 pid=2089363 pidfd=5] Activated service 'org.freedesktop.systemd1' failed: Process org.freedesktop.systemd1 exited with status 1
2026-10-03T09:30:45.093746Z  WARN cua_driver_sdk::runtime: could not activate the persistent AT-SPI listener: AT-SPI connect failed: ZBus Error: MethodError(OwnedErrorName("org.freedesktop.DBus.Error.NameHasNoOwner"), Some("Could not activate remote peer 'org.a11y.atspi.Registry': unit failed"), Msg { type: Error, serial: 4294967295, sender: UniqueName("org.freedesktop.DBus"), reply-serial: 9, body: Str, fds: [] })
2026-10-03T09:30:45.100913Z  WARN platform_linux::overlay: X11 overlay: root reads cannot see this window's own pixels; save-unders will be served without readback confirmation
dbus-daemon[2089363]: [session uid=1000 pid=2089363 pidfd=5] Activating service name='org.freedesktop.systemd1' requested by ':1.4' (uid=1000 pid=2089605 comm="/usr/bin/dbus-broker-launch --config-file=/usr/sha")
dbus-daemon[2089363]: [session uid=1000 pid=2089363 pidfd=5] Activated service 'org.freedesktop.systemd1' failed: Process org.freedesktop.systemd1 exited with status 1
dbus-daemon[2089363]: [session uid=1000 pid=2089363 pidfd=5] Activating service name='org.freedesktop.systemd1' requested by ':1.4' (uid=1000 pid=2089605 comm="/usr/bin/dbus-broker-launch --config-file=/usr/sha")
dbus-daemon[2089363]: [session uid=1000 pid=2089363 pidfd=5] Activated service 'org.freedesktop.systemd1' failed: Process org.freedesktop.systemd1 exited with status 1
{"event": "cell", "id": "f4-file-F-rep02", "outcome": "verified", "clicks": null, "applied": null, "old": "refused", "code": "browser_ref_stale"}
dbus-daemon[2089363]: [session uid=1000 pid=2089363 pidfd=5] Activating service name='org.freedesktop.systemd1' requested by ':1.4' (uid=1000 pid=2089605 comm="/usr/bin/dbus-broker-launch --config-file=/usr/sha")
dbus-daemon[2089363]: [session uid=1000 pid=2089363 pidfd=5] Activated service 'org.freedesktop.systemd1' failed: Process org.freedesktop.systemd1 exited with status 1
2026-10-03T09:30:48.186999Z  WARN cua_driver_sdk::runtime: could not activate the persistent AT-SPI listener: AT-SPI connect failed: ZBus Error: MethodError(OwnedErrorName("org.freedesktop.DBus.Error.NameHasNoOwner"), Some("Could not activate remote peer 'org.a11y.atspi.Registry': unit failed"), Msg { type: Error, serial: 4294967295, sender: UniqueName("org.freedesktop.DBus"), reply-serial: 9, body: Str, fds: [] })
2026-10-03T09:30:48.195521Z  WARN platform_linux::overlay: X11 overlay: root reads cannot see this window's own pixels; save-unders will be served without readback confirmation
dbus-daemon[2089363]: [session uid=1000 pid=2089363 pidfd=5] Activating service name='org.freedesktop.systemd1' requested by ':1.4' (uid=1000 pid=2089605 comm="/usr/bin/dbus-broker-launch --config-file=/usr/sha")
dbus-daemon[2089363]: [session uid=1000 pid=2089363 pidfd=5] Activated service 'org.freedesktop.systemd1' failed: Process org.freedesktop.systemd1 exited with status 1
dbus-daemon[2089363]: [session uid=1000 pid=2089363 pidfd=5] Activating service name='org.freedesktop.systemd1' requested by ':1.4' (uid=1000 pid=2089605 comm="/usr/bin/dbus-broker-launch --config-file=/usr/sha")
dbus-daemon[2089363]: [session uid=1000 pid=2089363 pidfd=5] Activated service 'org.freedesktop.systemd1' failed: Process org.freedesktop.systemd1 exited with status 1
{"event": "cell", "id": "f4-file-F-rep03", "outcome": "verified", "clicks": null, "applied": null, "old": "refused", "code": "browser_ref_stale"}
dbus-daemon[2089363]: [session uid=1000 pid=2089363 pidfd=5] Activating service name='org.freedesktop.systemd1' requested by ':1.4' (uid=1000 pid=2089605 comm="/usr/bin/dbus-broker-launch --config-file=/usr/sha")
dbus-daemon[2089363]: [session uid=1000 pid=2089363 pidfd=5] Activated service 'org.freedesktop.systemd1' failed: Process org.freedesktop.systemd1 exited with status 1
2026-10-03T09:30:51.273696Z  WARN cua_driver_sdk::runtime: could not activate the persistent AT-SPI listener: AT-SPI connect failed: ZBus Error: MethodError(OwnedErrorName("org.freedesktop.DBus.Error.NameHasNoOwner"), Some("Could not activate remote peer 'org.a11y.atspi.Registry': unit failed"), Msg { type: Error, serial: 4294967295, sender: UniqueName("org.freedesktop.DBus"), reply-serial: 9, body: Str, fds: [] })
2026-10-03T09:30:51.282135Z  WARN platform_linux::overlay: X11 overlay: root reads cannot see this window's own pixels; save-unders will be served without readback confirmation
dbus-daemon[2089363]: [session uid=1000 pid=2089363 pidfd=5] Activating service name='org.freedesktop.systemd1' requested by ':1.4' (uid=1000 pid=2089605 comm="/usr/bin/dbus-broker-launch --config-file=/usr/sha")
dbus-daemon[2089363]: [session uid=1000 pid=2089363 pidfd=5] Activated service 'org.freedesktop.systemd1' failed: Process org.freedesktop.systemd1 exited with status 1
dbus-daemon[2089363]: [session uid=1000 pid=2089363 pidfd=5] Activating service name='org.freedesktop.systemd1' requested by ':1.4' (uid=1000 pid=2089605 comm="/usr/bin/dbus-broker-launch --config-file=/usr/sha")
dbus-daemon[2089363]: [session uid=1000 pid=2089363 pidfd=5] Activated service 'org.freedesktop.systemd1' failed: Process org.freedesktop.systemd1 exited with status 1
{"event": "cell", "id": "f4-file-F-rep04", "outcome": "verified", "clicks": null, "applied": null, "old": "refused", "code": "browser_ref_stale"}
dbus-daemon[2089363]: [session uid=1000 pid=2089363 pidfd=5] Activating service name='org.freedesktop.systemd1' requested by ':1.4' (uid=1000 pid=2089605 comm="/usr/bin/dbus-broker-launch --config-file=/usr/sha")
dbus-daemon[2089363]: [session uid=1000 pid=2089363 pidfd=5] Activated service 'org.freedesktop.systemd1' failed: Process org.freedesktop.systemd1 exited with status 1
2026-10-03T09:30:54.309976Z  WARN cua_driver_sdk::runtime: could not activate the persistent AT-SPI listener: AT-SPI connect failed: ZBus Error: MethodError(OwnedErrorName("org.freedesktop.DBus.Error.NameHasNoOwner"), Some("Could not activate remote peer 'org.a11y.atspi.Registry': unit failed"), Msg { type: Error, serial: 4294967295, sender: UniqueName("org.freedesktop.DBus"), reply-serial: 9, body: Str, fds: [] })
2026-10-03T09:30:54.319081Z  WARN platform_linux::overlay: X11 overlay: root reads cannot see this window's own pixels; save-unders will be served without readback confirmation
dbus-daemon[2089363]: [session uid=1000 pid=2089363 pidfd=5] Activating service name='org.freedesktop.systemd1' requested by ':1.4' (uid=1000 pid=2089605 comm="/usr/bin/dbus-broker-launch --config-file=/usr/sha")
dbus-daemon[2089363]: [session uid=1000 pid=2089363 pidfd=5] Activated service 'org.freedesktop.systemd1' failed: Process org.freedesktop.systemd1 exited with status 1
dbus-daemon[2089363]: [session uid=1000 pid=2089363 pidfd=5] Activating service name='org.freedesktop.systemd1' requested by ':1.4' (uid=1000 pid=2089605 comm="/usr/bin/dbus-broker-launch --config-file=/usr/sha")
dbus-daemon[2089363]: [session uid=1000 pid=2089363 pidfd=5] Activated service 'org.freedesktop.systemd1' failed: Process org.freedesktop.systemd1 exited with status 1
{"event": "cell", "id": "f4-file-F-rep05", "outcome": "verified", "clicks": null, "applied": null, "old": "refused", "code": "browser_ref_stale"}
dbus-daemon[2089363]: [session uid=1000 pid=2089363 pidfd=5] Activating service name='org.freedesktop.systemd1' requested by ':1.4' (uid=1000 pid=2089605 comm="/usr/bin/dbus-broker-launch --config-file=/usr/sha")
dbus-daemon[2089363]: [session uid=1000 pid=2089363 pidfd=5] Activated service 'org.freedesktop.systemd1' failed: Process org.freedesktop.systemd1 exited with status 1
2026-10-03T09:30:57.363039Z  WARN cua_driver_sdk::runtime: could not activate the persistent AT-SPI listener: AT-SPI connect failed: ZBus Error: MethodError(OwnedErrorName("org.freedesktop.DBus.Error.NameHasNoOwner"), Some("Could not activate remote peer 'org.a11y.atspi.Registry': unit failed"), Msg { type: Error, serial: 4294967295, sender: UniqueName("org.freedesktop.DBus"), reply-serial: 9, body: Str, fds: [] })
2026-10-03T09:30:57.374005Z  WARN platform_linux::overlay: X11 overlay: root reads cannot see this window's own pixels; save-unders will be served without readback confirmation
dbus-daemon[2089363]: [session uid=1000 pid=2089363 pidfd=5] Activating service name='org.freedesktop.systemd1' requested by ':1.4' (uid=1000 pid=2089605 comm="/usr/bin/dbus-broker-launch --config-file=/usr/sha")
dbus-daemon[2089363]: [session uid=1000 pid=2089363 pidfd=5] Activated service 'org.freedesktop.systemd1' failed: Process org.freedesktop.systemd1 exited with status 1
dbus-daemon[2089363]: [session uid=1000 pid=2089363 pidfd=5] Activating service name='org.freedesktop.systemd1' requested by ':1.4' (uid=1000 pid=2089605 comm="/usr/bin/dbus-broker-launch --config-file=/usr/sha")
dbus-daemon[2089363]: [session uid=1000 pid=2089363 pidfd=5] Activated service 'org.freedesktop.systemd1' failed: Process org.freedesktop.systemd1 exited with status 1
{"event": "cell", "id": "f4-file-F-rep06", "outcome": "verified", "clicks": null, "applied": null, "old": "refused", "code": "browser_ref_stale"}
dbus-daemon[2089363]: [session uid=1000 pid=2089363 pidfd=5] Activating service name='org.freedesktop.systemd1' requested by ':1.4' (uid=1000 pid=2089605 comm="/usr/bin/dbus-broker-launch --config-file=/usr/sha")
dbus-daemon[2089363]: [session uid=1000 pid=2089363 pidfd=5] Activated service 'org.freedesktop.systemd1' failed: Process org.freedesktop.systemd1 exited with status 1
2026-10-03T09:31:00.470464Z  WARN cua_driver_sdk::runtime: could not activate the persistent AT-SPI listener: AT-SPI connect failed: ZBus Error: MethodError(OwnedErrorName("org.freedesktop.DBus.Error.NameHasNoOwner"), Some("Could not activate remote peer 'org.a11y.atspi.Registry': unit failed"), Msg { type: Error, serial: 4294967295, sender: UniqueName("org.freedesktop.DBus"), reply-serial: 9, body: Str, fds: [] })
2026-10-03T09:31:00.501004Z  WARN platform_linux::overlay: X11 overlay: root reads cannot see this window's own pixels; save-unders will be served without readback confirmation
dbus-daemon[2089363]: [session uid=1000 pid=2089363 pidfd=5] Activating service name='org.freedesktop.systemd1' requested by ':1.4' (uid=1000 pid=2089605 comm="/usr/bin/dbus-broker-launch --config-file=/usr/sha")
dbus-daemon[2089363]: [session uid=1000 pid=2089363 pidfd=5] Activated service 'org.freedesktop.systemd1' failed: Process org.freedesktop.systemd1 exited with status 1
dbus-daemon[2089363]: [session uid=1000 pid=2089363 pidfd=5] Activating service name='org.freedesktop.systemd1' requested by ':1.4' (uid=1000 pid=2089605 comm="/usr/bin/dbus-broker-launch --config-file=/usr/sha")
dbus-daemon[2089363]: [session uid=1000 pid=2089363 pidfd=5] Activated service 'org.freedesktop.systemd1' failed: Process org.freedesktop.systemd1 exited with status 1
{"event": "cell", "id": "f4-file-F-rep07", "outcome": "verified", "clicks": null, "applied": null, "old": "refused", "code": "browser_ref_stale"}
dbus-daemon[2089363]: [session uid=1000 pid=2089363 pidfd=5] Activating service name='org.freedesktop.systemd1' requested by ':1.4' (uid=1000 pid=2089605 comm="/usr/bin/dbus-broker-launch --config-file=/usr/sha")
dbus-daemon[2089363]: [session uid=1000 pid=2089363 pidfd=5] Activated service 'org.freedesktop.systemd1' failed: Process org.freedesktop.systemd1 exited with status 1
2026-10-03T09:31:03.612756Z  WARN cua_driver_sdk::runtime: could not activate the persistent AT-SPI listener: AT-SPI connect failed: ZBus Error: MethodError(OwnedErrorName("org.freedesktop.DBus.Error.NameHasNoOwner"), Some("Could not activate remote peer 'org.a11y.atspi.Registry': unit failed"), Msg { type: Error, serial: 4294967295, sender: UniqueName("org.freedesktop.DBus"), reply-serial: 9, body: Str, fds: [] })
2026-10-03T09:31:03.623896Z  WARN platform_linux::overlay: X11 overlay: root reads cannot see this window's own pixels; save-unders will be served without readback confirmation
dbus-daemon[2089363]: [session uid=1000 pid=2089363 pidfd=5] Activating service name='org.freedesktop.systemd1' requested by ':1.4' (uid=1000 pid=2089605 comm="/usr/bin/dbus-broker-launch --config-file=/usr/sha")
dbus-daemon[2089363]: [session uid=1000 pid=2089363 pidfd=5] Activated service 'org.freedesktop.systemd1' failed: Process org.freedesktop.systemd1 exited with status 1
dbus-daemon[2089363]: [session uid=1000 pid=2089363 pidfd=5] Activating service name='org.freedesktop.systemd1' requested by ':1.4' (uid=1000 pid=2089605 comm="/usr/bin/dbus-broker-launch --config-file=/usr/sha")
dbus-daemon[2089363]: [session uid=1000 pid=2089363 pidfd=5] Activated service 'org.freedesktop.systemd1' failed: Process org.freedesktop.systemd1 exited with status 1
{"event": "cell", "id": "f4-file-F-rep08", "outcome": "verified", "clicks": null, "applied": null, "old": "refused", "code": "browser_ref_stale"}
dbus-daemon[2089363]: [session uid=1000 pid=2089363 pidfd=5] Activating service name='org.freedesktop.systemd1' requested by ':1.4' (uid=1000 pid=2089605 comm="/usr/bin/dbus-broker-launch --config-file=/usr/sha")
dbus-daemon[2089363]: [session uid=1000 pid=2089363 pidfd=5] Activated service 'org.freedesktop.systemd1' failed: Process org.freedesktop.systemd1 exited with status 1
2026-10-03T09:31:06.686684Z  WARN cua_driver_sdk::runtime: could not activate the persistent AT-SPI listener: AT-SPI connect failed: ZBus Error: MethodError(OwnedErrorName("org.freedesktop.DBus.Error.NameHasNoOwner"), Some("Could not activate remote peer 'org.a11y.atspi.Registry': unit failed"), Msg { type: Error, serial: 4294967295, sender: UniqueName("org.freedesktop.DBus"), reply-serial: 9, body: Str, fds: [] })
2026-10-03T09:31:06.694914Z  WARN platform_linux::overlay: X11 overlay: root reads cannot see this window's own pixels; save-unders will be served without readback confirmation
dbus-daemon[2089363]: [session uid=1000 pid=2089363 pidfd=5] Activating service name='org.freedesktop.systemd1' requested by ':1.4' (uid=1000 pid=2089605 comm="/usr/bin/dbus-broker-launch --config-file=/usr/sha")
dbus-daemon[2089363]: [session uid=1000 pid=2089363 pidfd=5] Activated service 'org.freedesktop.systemd1' failed: Process org.freedesktop.systemd1 exited with status 1
dbus-daemon[2089363]: [session uid=1000 pid=2089363 pidfd=5] Activating service name='org.freedesktop.systemd1' requested by ':1.4' (uid=1000 pid=2089605 comm="/usr/bin/dbus-broker-launch --config-file=/usr/sha")
dbus-daemon[2089363]: [session uid=1000 pid=2089363 pidfd=5] Activated service 'org.freedesktop.systemd1' failed: Process org.freedesktop.systemd1 exited with status 1
{"event": "cell", "id": "f4-file-F-rep09", "outcome": "verified", "clicks": null, "applied": null, "old": "refused", "code": "browser_ref_stale"}
dbus-daemon[2089363]: [session uid=1000 pid=2089363 pidfd=5] Activating service name='org.freedesktop.systemd1' requested by ':1.4' (uid=1000 pid=2089605 comm="/usr/bin/dbus-broker-launch --config-file=/usr/sha")
dbus-daemon[2089363]: [session uid=1000 pid=2089363 pidfd=5] Activated service 'org.freedesktop.systemd1' failed: Process org.freedesktop.systemd1 exited with status 1
2026-10-03T09:31:09.776872Z  WARN cua_driver_sdk::runtime: could not activate the persistent AT-SPI listener: AT-SPI connect failed: ZBus Error: MethodError(OwnedErrorName("org.freedesktop.DBus.Error.NameHasNoOwner"), Some("Could not activate remote peer 'org.a11y.atspi.Registry': unit failed"), Msg { type: Error, serial: 4294967295, sender: UniqueName("org.freedesktop.DBus"), reply-serial: 9, body: Str, fds: [] })
2026-10-03T09:31:09.790670Z  WARN platform_linux::overlay: X11 overlay: root reads cannot see this window's own pixels; save-unders will be served without readback confirmation
dbus-daemon[2089363]: [session uid=1000 pid=2089363 pidfd=5] Activating service name='org.freedesktop.systemd1' requested by ':1.4' (uid=1000 pid=2089605 comm="/usr/bin/dbus-broker-launch --config-file=/usr/sha")
dbus-daemon[2089363]: [session uid=1000 pid=2089363 pidfd=5] Activated service 'org.freedesktop.systemd1' failed: Process org.freedesktop.systemd1 exited with status 1
dbus-daemon[2089363]: [session uid=1000 pid=2089363 pidfd=5] Activating service name='org.freedesktop.systemd1' requested by ':1.4' (uid=1000 pid=2089605 comm="/usr/bin/dbus-broker-launch --config-file=/usr/sha")
dbus-daemon[2089363]: [session uid=1000 pid=2089363 pidfd=5] Activated service 'org.freedesktop.systemd1' failed: Process org.freedesktop.systemd1 exited with status 1
{"event": "cell", "id": "f4-file-F-rep10", "outcome": "verified", "clicks": null, "applied": null, "old": "refused", "code": "browser_ref_stale"}
A connection to the bus can't be made
CRITICAL: [dbus_cb_name_lost:1438] Cannot connect to DBus.
[session] exit rc=0 run_dir=<tmp>/x11-session.iQPPmc
