[session] DISPLAY=:101 openbox=1989136 picom=1989137 dbus=unix:path=<TMPDBUS>,guid=<GUID>
[fix02] outer_hostless=1 display=:101 xdg_runtime_private=yes
[a3-probe] xdpyinfo ok DISPLAY=:101
[fix02] DISPLAY=:101 loadavg=6.27 7.90 5.78 phase_args=--phase f3 --arm F --driver cua-driver-fix02r3-f-df4f1edf5 --out b03-f3-F-trust_unknown --start-rep 1 --reps 10 --code trust_unknown 
{"event": "validity", "ok": true, "display": ":101"}
dbus-daemon[1989132]: [session uid=1000 pid=1989132 pidfd=5] Activating service name='org.a11y.Bus' requested by ':1.0' (uid=1000 pid=1989455 comm="<lanes>/bin/cua-driver-fi")
dbus-daemon[1989132]: [session uid=1000 pid=1989132 pidfd=5] Successfully activated service 'org.a11y.Bus'
dbus-daemon[1989132]: [session uid=1000 pid=1989132 pidfd=5] Activating service name='ca.desrt.dconf' requested by ':1.1' (uid=1000 pid=1989462 comm="/usr/lib/at-spi-bus-launcher")
dbus-daemon[1989132]: [session uid=1000 pid=1989132 pidfd=5] Successfully activated service 'ca.desrt.dconf'
dbus-daemon[1989132]: [session uid=1000 pid=1989132 pidfd=5] Activating service name='org.freedesktop.systemd1' requested by ':1.4' (uid=1000 pid=1989476 comm="/usr/bin/dbus-broker-launch --config-file=/usr/sha")
dbus-daemon[1989132]: [session uid=1000 pid=1989132 pidfd=5] Activated service 'org.freedesktop.systemd1' failed: Process org.freedesktop.systemd1 exited with status 1
2026-10-03T09:13:16.135391Z  WARN cua_driver_sdk::runtime: could not activate the persistent AT-SPI listener: AT-SPI connect failed: ZBus Error: MethodError(OwnedErrorName("org.freedesktop.DBus.Error.NameHasNoOwner"), Some("Could not activate remote peer 'org.a11y.atspi.Registry': unit failed"), Msg { type: Error, serial: 4294967295, sender: UniqueName("org.freedesktop.DBus"), reply-serial: 10, body: Str, fds: [] })
2026-10-03T09:13:16.147199Z  WARN platform_linux::overlay: X11 overlay: root reads cannot see this window's own pixels; save-unders will be served without readback confirmation
dbus-daemon[1989132]: [session uid=1000 pid=1989132 pidfd=5] Activating service name='org.gtk.vfs.Daemon' requested by ':1.5' (uid=1000 pid=1989533 comm="/opt/google/chrome/chrome --remote-debugging-port=")
dbus-daemon[1989132]: [session uid=1000 pid=1989132 pidfd=5] Successfully activated service 'org.gtk.vfs.Daemon'
fusermount3: mount failed: Operation not permitted
dbus-daemon[1989132]: [session uid=1000 pid=1989132 pidfd=5] Activating service name='org.freedesktop.systemd1' requested by ':1.4' (uid=1000 pid=1989476 comm="/usr/bin/dbus-broker-launch --config-file=/usr/sha")
dbus-daemon[1989132]: [session uid=1000 pid=1989132 pidfd=5] Activated service 'org.freedesktop.systemd1' failed: Process org.freedesktop.systemd1 exited with status 1
dbus-daemon[1989132]: [session uid=1000 pid=1989132 pidfd=5] Activating service name='org.freedesktop.systemd1' requested by ':1.4' (uid=1000 pid=1989476 comm="/usr/bin/dbus-broker-launch --config-file=/usr/sha")
dbus-daemon[1989132]: [session uid=1000 pid=1989132 pidfd=5] Activated service 'org.freedesktop.systemd1' failed: Process org.freedesktop.systemd1 exited with status 1
dbus-daemon[1989132]: [session uid=1000 pid=1989132 pidfd=5] Activating service name='org.freedesktop.Notifications' requested by ':1.7' (uid=1000 pid=1989533 comm="/opt/google/chrome/chrome --remote-debugging-port=")
dbus-daemon[1989132]: [session uid=1000 pid=1989132 pidfd=5] Activating service name='org.freedesktop.portal.Desktop' requested by ':1.7' (uid=1000 pid=1989533 comm="/opt/google/chrome/chrome --remote-debugging-port=")
dbus-daemon[1989132]: [session uid=1000 pid=1989132 pidfd=5] Successfully activated service 'org.freedesktop.Notifications'
dbus-daemon[1989132]: [session uid=1000 pid=1989132 pidfd=5] Activating service name='org.freedesktop.impl.portal.PermissionStore' requested by ':1.9' (uid=1000 pid=1989854 comm="/usr/lib/xdg-desktop-portal")
dbus-daemon[1989132]: [session uid=1000 pid=1989132 pidfd=5] Successfully activated service 'org.freedesktop.impl.portal.PermissionStore'
dbus-daemon[1989132]: [session uid=1000 pid=1989132 pidfd=5] Activating service name='org.freedesktop.portal.Documents' requested by ':1.9' (uid=1000 pid=1989854 comm="/usr/lib/xdg-desktop-portal")
dbus-daemon[1989132]: [session uid=1000 pid=1989132 pidfd=5] Successfully activated service 'org.freedesktop.portal.Documents'
fusermount3: mount failed: Operation not permitted
error: fuse init failed: Can't mount path <tmp>/x11-session.h275Gf/xdg-runtime/doc

(/usr/lib/xdg-desktop-portal:1989854): xdg-desktop-portal-WARNING **: 04:13:17.357: Document portal fuse mount point unknown: GDBus.Error:org.freedesktop.DBus.Error.ServiceUnknown: The name :1.11 was not provided by any .service files

(/usr/lib/xdg-desktop-portal:1989854): xdg-desktop-portal-WARNING **: 04:13:17.357: Choosing gtk.portal for org.freedesktop.impl.portal.Lockdown as a last-resort fallback
dbus-daemon[1989132]: [session uid=1000 pid=1989132 pidfd=5] Activating service name='org.freedesktop.impl.portal.desktop.gtk' requested by ':1.9' (uid=1000 pid=1989854 comm="/usr/lib/xdg-desktop-portal")
dbus-daemon[1989132]: [session uid=1000 pid=1989132 pidfd=5] Activating service name='org.freedesktop.systemd1' requested by ':1.4' (uid=1000 pid=1989476 comm="/usr/bin/dbus-broker-launch --config-file=/usr/sha")
dbus-daemon[1989132]: [session uid=1000 pid=1989132 pidfd=5] Activated service 'org.freedesktop.systemd1' failed: Process org.freedesktop.systemd1 exited with status 1
dbus-daemon[1989132]: [session uid=1000 pid=1989132 pidfd=5] Successfully activated service 'org.freedesktop.impl.portal.desktop.gtk'

** (xdg-desktop-portal-gtk:1989881): WARNING **: 04:13:17.382: AT-SPI: Could not obtain desktop path or name

dbus-daemon[1989132]: [session uid=1000 pid=1989132 pidfd=5] Activating service name='org.freedesktop.systemd1' requested by ':1.4' (uid=1000 pid=1989476 comm="/usr/bin/dbus-broker-launch --config-file=/usr/sha")

(/usr/lib/xdg-desktop-portal:1989854): xdg-desktop-portal-WARNING **: 04:13:17.383: Choosing gtk.portal for org.freedesktop.impl.portal.Access as a last-resort fallback
dbus-daemon[1989132]: [session uid=1000 pid=1989132 pidfd=5] Activated service 'org.freedesktop.systemd1' failed: Process org.freedesktop.systemd1 exited with status 1

** (xdg-desktop-portal-gtk:1989881): WARNING **: 04:13:17.383: atk-bridge: GetRegisteredEvents returned message with unknown signature

** (xdg-desktop-portal-gtk:1989881): WARNING **: 04:13:17.383: atk-bridge: get_device_events_reply: unknown signature

(/usr/lib/xdg-desktop-portal:1989854): xdg-desktop-portal-WARNING **: 04:13:17.411: Choosing gtk.portal for org.freedesktop.impl.portal.Settings as a last-resort fallback

(/usr/lib/xdg-desktop-portal:1989854): xdg-desktop-portal-WARNING **: 04:13:17.411: Choosing gtk.portal for org.freedesktop.impl.portal.FileChooser as a last-resort fallback

(/usr/lib/xdg-desktop-portal:1989854): xdg-desktop-portal-WARNING **: 04:13:17.411: Choosing gtk.portal for org.freedesktop.impl.portal.AppChooser as a last-resort fallback

(/usr/lib/xdg-desktop-portal:1989854): xdg-desktop-portal-WARNING **: 04:13:17.412: Choosing gtk.portal for org.freedesktop.impl.portal.Print as a last-resort fallback

(/usr/lib/xdg-desktop-portal:1989854): xdg-desktop-portal-WARNING **: 04:13:17.412: Choosing gtk.portal for org.freedesktop.impl.portal.Notification as a last-resort fallback

(/usr/lib/xdg-desktop-portal:1989854): xdg-desktop-portal-WARNING **: 04:13:17.412: Choosing gtk.portal for org.freedesktop.impl.portal.Inhibit as a last-resort fallback

(/usr/lib/xdg-desktop-portal:1989854): xdg-desktop-portal-WARNING **: 04:13:17.414: Failed to connect to PipeWire: Couldn't connect to PipeWire

(/usr/lib/xdg-desktop-portal:1989854): xdg-desktop-portal-WARNING **: 04:13:17.414: Choosing gtk.portal for org.freedesktop.impl.portal.Account as a last-resort fallback

(/usr/lib/xdg-desktop-portal:1989854): xdg-desktop-portal-WARNING **: 04:13:17.414: Choosing gtk.portal for org.freedesktop.impl.portal.Email as a last-resort fallback

(/usr/lib/xdg-desktop-portal:1989854): xdg-desktop-portal-WARNING **: 04:13:17.415: Choosing gtk.portal for org.freedesktop.impl.portal.DynamicLauncher as a last-resort fallback
dbus-daemon[1989132]: [session uid=1000 pid=1989132 pidfd=5] Successfully activated service 'org.freedesktop.portal.Desktop'
{"action_ms": 139.39, "candidate": "type-verification-value", "candidate_build_ms": 0.04, "confidence": 1.0, "decision_ms": 72.62, "delivery_mode": null, "dry_run": false, "event": "step", "probabilities": {"abstain": 0.0, "reobserve": 0.0, "type-verification-value": 1.0}, "provider_decision_ms": 0.0, "semantic_observe_ms": 72.55, "step": 1, "tool": "browser_type", "total_step_ms": 212.02, "visual": {"reason": "page_structure_candidate", "status": "skipped"}, "visual_observe_ms": 0.0}
{"action_refused": "browser_input_trust_unavailable", "candidate": "submit-form", "event": "outcome", "outcome": "unknown", "phase": "refused", "step": 2, "tool": "browser_click", "visual": {"reason": "page_structure_candidate", "status": "skipped"}}
{"event": "cell", "id": "f3-trust_unknown-F-rep01", "outcome": "unknown", "clicks": 1, "applied": 1, "old": null, "code": null}
dbus-daemon[1989132]: [session uid=1000 pid=1989132 pidfd=5] Activating service name='org.freedesktop.systemd1' requested by ':1.4' (uid=1000 pid=1989476 comm="/usr/bin/dbus-broker-launch --config-file=/usr/sha")
dbus-daemon[1989132]: [session uid=1000 pid=1989132 pidfd=5] Activated service 'org.freedesktop.systemd1' failed: Process org.freedesktop.systemd1 exited with status 1
2026-10-03T09:13:19.178917Z  WARN cua_driver_sdk::runtime: could not activate the persistent AT-SPI listener: AT-SPI connect failed: ZBus Error: MethodError(OwnedErrorName("org.freedesktop.DBus.Error.NameHasNoOwner"), Some("Could not activate remote peer 'org.a11y.atspi.Registry': unit failed"), Msg { type: Error, serial: 4294967295, sender: UniqueName("org.freedesktop.DBus"), reply-serial: 9, body: Str, fds: [] })
2026-10-03T09:13:19.186479Z  WARN platform_linux::overlay: X11 overlay: root reads cannot see this window's own pixels; save-unders will be served without readback confirmation
dbus-daemon[1989132]: [session uid=1000 pid=1989132 pidfd=5] Activating service name='org.freedesktop.systemd1' requested by ':1.4' (uid=1000 pid=1989476 comm="/usr/bin/dbus-broker-launch --config-file=/usr/sha")
dbus-daemon[1989132]: [session uid=1000 pid=1989132 pidfd=5] Activated service 'org.freedesktop.systemd1' failed: Process org.freedesktop.systemd1 exited with status 1
dbus-daemon[1989132]: [session uid=1000 pid=1989132 pidfd=5] Activating service name='org.freedesktop.systemd1' requested by ':1.4' (uid=1000 pid=1989476 comm="/usr/bin/dbus-broker-launch --config-file=/usr/sha")
dbus-daemon[1989132]: [session uid=1000 pid=1989132 pidfd=5] Activated service 'org.freedesktop.systemd1' failed: Process org.freedesktop.systemd1 exited with status 1
{"action_ms": 129.07, "candidate": "type-verification-value", "candidate_build_ms": 0.04, "confidence": 1.0, "decision_ms": 23.37, "delivery_mode": null, "dry_run": false, "event": "step", "probabilities": {"abstain": 0.0, "reobserve": 0.0, "type-verification-value": 1.0}, "provider_decision_ms": 0.0, "semantic_observe_ms": 23.31, "step": 1, "tool": "browser_type", "total_step_ms": 152.45, "visual": {"reason": "page_structure_candidate", "status": "skipped"}, "visual_observe_ms": 0.0}
{"action_refused": "browser_input_trust_unavailable", "candidate": "submit-form", "event": "outcome", "outcome": "unknown", "phase": "refused", "step": 2, "tool": "browser_click", "visual": {"reason": "page_structure_candidate", "status": "skipped"}}
{"event": "cell", "id": "f3-trust_unknown-F-rep02", "outcome": "unknown", "clicks": 1, "applied": 1, "old": null, "code": null}
dbus-daemon[1989132]: [session uid=1000 pid=1989132 pidfd=5] Activating service name='org.freedesktop.systemd1' requested by ':1.4' (uid=1000 pid=1989476 comm="/usr/bin/dbus-broker-launch --config-file=/usr/sha")
dbus-daemon[1989132]: [session uid=1000 pid=1989132 pidfd=5] Activated service 'org.freedesktop.systemd1' failed: Process org.freedesktop.systemd1 exited with status 1
2026-10-03T09:13:22.525588Z  WARN cua_driver_sdk::runtime: could not activate the persistent AT-SPI listener: AT-SPI connect failed: ZBus Error: MethodError(OwnedErrorName("org.freedesktop.DBus.Error.NameHasNoOwner"), Some("Could not activate remote peer 'org.a11y.atspi.Registry': unit failed"), Msg { type: Error, serial: 4294967295, sender: UniqueName("org.freedesktop.DBus"), reply-serial: 9, body: Str, fds: [] })
2026-10-03T09:13:22.532654Z  WARN platform_linux::overlay: X11 overlay: root reads cannot see this window's own pixels; save-unders will be served without readback confirmation
dbus-daemon[1989132]: [session uid=1000 pid=1989132 pidfd=5] Activating service name='org.freedesktop.systemd1' requested by ':1.4' (uid=1000 pid=1989476 comm="/usr/bin/dbus-broker-launch --config-file=/usr/sha")
dbus-daemon[1989132]: [session uid=1000 pid=1989132 pidfd=5] Activated service 'org.freedesktop.systemd1' failed: Process org.freedesktop.systemd1 exited with status 1
dbus-daemon[1989132]: [session uid=1000 pid=1989132 pidfd=5] Activating service name='org.freedesktop.systemd1' requested by ':1.4' (uid=1000 pid=1989476 comm="/usr/bin/dbus-broker-launch --config-file=/usr/sha")
dbus-daemon[1989132]: [session uid=1000 pid=1989132 pidfd=5] Activated service 'org.freedesktop.systemd1' failed: Process org.freedesktop.systemd1 exited with status 1
{"action_ms": 128.86, "candidate": "type-verification-value", "candidate_build_ms": 0.03, "confidence": 1.0, "decision_ms": 21.84, "delivery_mode": null, "dry_run": false, "event": "step", "probabilities": {"abstain": 0.0, "reobserve": 0.0, "type-verification-value": 1.0}, "provider_decision_ms": 0.0, "semantic_observe_ms": 21.8, "step": 1, "tool": "browser_type", "total_step_ms": 150.71, "visual": {"reason": "page_structure_candidate", "status": "skipped"}, "visual_observe_ms": 0.0}
{"action_refused": "browser_input_trust_unavailable", "candidate": "submit-form", "event": "outcome", "outcome": "unknown", "phase": "refused", "step": 2, "tool": "browser_click", "visual": {"reason": "page_structure_candidate", "status": "skipped"}}
{"event": "cell", "id": "f3-trust_unknown-F-rep03", "outcome": "unknown", "clicks": 1, "applied": 1, "old": null, "code": null}
dbus-daemon[1989132]: [session uid=1000 pid=1989132 pidfd=5] Activating service name='org.freedesktop.systemd1' requested by ':1.4' (uid=1000 pid=1989476 comm="/usr/bin/dbus-broker-launch --config-file=/usr/sha")
dbus-daemon[1989132]: [session uid=1000 pid=1989132 pidfd=5] Activated service 'org.freedesktop.systemd1' failed: Process org.freedesktop.systemd1 exited with status 1
2026-10-03T09:13:24.819926Z  WARN cua_driver_sdk::runtime: could not activate the persistent AT-SPI listener: AT-SPI connect failed: ZBus Error: MethodError(OwnedErrorName("org.freedesktop.DBus.Error.NameHasNoOwner"), Some("Could not activate remote peer 'org.a11y.atspi.Registry': unit failed"), Msg { type: Error, serial: 4294967295, sender: UniqueName("org.freedesktop.DBus"), reply-serial: 9, body: Str, fds: [] })
2026-10-03T09:13:24.827313Z  WARN platform_linux::overlay: X11 overlay: root reads cannot see this window's own pixels; save-unders will be served without readback confirmation
dbus-daemon[1989132]: [session uid=1000 pid=1989132 pidfd=5] Activating service name='org.freedesktop.systemd1' requested by ':1.4' (uid=1000 pid=1989476 comm="/usr/bin/dbus-broker-launch --config-file=/usr/sha")
dbus-daemon[1989132]: [session uid=1000 pid=1989132 pidfd=5] Activated service 'org.freedesktop.systemd1' failed: Process org.freedesktop.systemd1 exited with status 1
dbus-daemon[1989132]: [session uid=1000 pid=1989132 pidfd=5] Activating service name='org.freedesktop.systemd1' requested by ':1.4' (uid=1000 pid=1989476 comm="/usr/bin/dbus-broker-launch --config-file=/usr/sha")
dbus-daemon[1989132]: [session uid=1000 pid=1989132 pidfd=5] Activated service 'org.freedesktop.systemd1' failed: Process org.freedesktop.systemd1 exited with status 1
{"action_ms": 127.58, "candidate": "type-verification-value", "candidate_build_ms": 0.04, "confidence": 1.0, "decision_ms": 20.38, "delivery_mode": null, "dry_run": false, "event": "step", "probabilities": {"abstain": 0.0, "reobserve": 0.0, "type-verification-value": 1.0}, "provider_decision_ms": 0.01, "semantic_observe_ms": 20.31, "step": 1, "tool": "browser_type", "total_step_ms": 147.97, "visual": {"reason": "page_structure_candidate", "status": "skipped"}, "visual_observe_ms": 0.0}
{"action_refused": "browser_input_trust_unavailable", "candidate": "submit-form", "event": "outcome", "outcome": "unknown", "phase": "refused", "step": 2, "tool": "browser_click", "visual": {"reason": "page_structure_candidate", "status": "skipped"}}
{"event": "cell", "id": "f3-trust_unknown-F-rep04", "outcome": "unknown", "clicks": 1, "applied": 1, "old": null, "code": null}
dbus-daemon[1989132]: [session uid=1000 pid=1989132 pidfd=5] Activating service name='org.freedesktop.systemd1' requested by ':1.4' (uid=1000 pid=1989476 comm="/usr/bin/dbus-broker-launch --config-file=/usr/sha")
dbus-daemon[1989132]: [session uid=1000 pid=1989132 pidfd=5] Activated service 'org.freedesktop.systemd1' failed: Process org.freedesktop.systemd1 exited with status 1
2026-10-03T09:13:27.028032Z  WARN cua_driver_sdk::runtime: could not activate the persistent AT-SPI listener: AT-SPI connect failed: ZBus Error: MethodError(OwnedErrorName("org.freedesktop.DBus.Error.NameHasNoOwner"), Some("Could not activate remote peer 'org.a11y.atspi.Registry': unit failed"), Msg { type: Error, serial: 4294967295, sender: UniqueName("org.freedesktop.DBus"), reply-serial: 9, body: Str, fds: [] })
2026-10-03T09:13:27.035761Z  WARN platform_linux::overlay: X11 overlay: root reads cannot see this window's own pixels; save-unders will be served without readback confirmation
dbus-daemon[1989132]: [session uid=1000 pid=1989132 pidfd=5] Activating service name='org.freedesktop.systemd1' requested by ':1.4' (uid=1000 pid=1989476 comm="/usr/bin/dbus-broker-launch --config-file=/usr/sha")
dbus-daemon[1989132]: [session uid=1000 pid=1989132 pidfd=5] Activated service 'org.freedesktop.systemd1' failed: Process org.freedesktop.systemd1 exited with status 1
dbus-daemon[1989132]: [session uid=1000 pid=1989132 pidfd=5] Activating service name='org.freedesktop.systemd1' requested by ':1.4' (uid=1000 pid=1989476 comm="/usr/bin/dbus-broker-launch --config-file=/usr/sha")
dbus-daemon[1989132]: [session uid=1000 pid=1989132 pidfd=5] Activated service 'org.freedesktop.systemd1' failed: Process org.freedesktop.systemd1 exited with status 1
{"action_ms": 127.15, "candidate": "type-verification-value", "candidate_build_ms": 0.04, "confidence": 1.0, "decision_ms": 29.9, "delivery_mode": null, "dry_run": false, "event": "step", "probabilities": {"abstain": 0.0, "reobserve": 0.0, "type-verification-value": 1.0}, "provider_decision_ms": 0.0, "semantic_observe_ms": 29.84, "step": 1, "tool": "browser_type", "total_step_ms": 157.06, "visual": {"reason": "page_structure_candidate", "status": "skipped"}, "visual_observe_ms": 0.0}
{"action_refused": "browser_input_trust_unavailable", "candidate": "submit-form", "event": "outcome", "outcome": "unknown", "phase": "refused", "step": 2, "tool": "browser_click", "visual": {"reason": "page_structure_candidate", "status": "skipped"}}
{"event": "cell", "id": "f3-trust_unknown-F-rep05", "outcome": "unknown", "clicks": 1, "applied": 1, "old": null, "code": null}
dbus-daemon[1989132]: [session uid=1000 pid=1989132 pidfd=5] Activating service name='org.freedesktop.systemd1' requested by ':1.4' (uid=1000 pid=1989476 comm="/usr/bin/dbus-broker-launch --config-file=/usr/sha")
dbus-daemon[1989132]: [session uid=1000 pid=1989132 pidfd=5] Activated service 'org.freedesktop.systemd1' failed: Process org.freedesktop.systemd1 exited with status 1
2026-10-03T09:13:29.204312Z  WARN cua_driver_sdk::runtime: could not activate the persistent AT-SPI listener: AT-SPI connect failed: ZBus Error: MethodError(OwnedErrorName("org.freedesktop.DBus.Error.NameHasNoOwner"), Some("Could not activate remote peer 'org.a11y.atspi.Registry': unit failed"), Msg { type: Error, serial: 4294967295, sender: UniqueName("org.freedesktop.DBus"), reply-serial: 9, body: Str, fds: [] })
2026-10-03T09:13:29.211762Z  WARN platform_linux::overlay: X11 overlay: root reads cannot see this window's own pixels; save-unders will be served without readback confirmation
dbus-daemon[1989132]: [session uid=1000 pid=1989132 pidfd=5] Activating service name='org.freedesktop.systemd1' requested by ':1.4' (uid=1000 pid=1989476 comm="/usr/bin/dbus-broker-launch --config-file=/usr/sha")
dbus-daemon[1989132]: [session uid=1000 pid=1989132 pidfd=5] Activated service 'org.freedesktop.systemd1' failed: Process org.freedesktop.systemd1 exited with status 1
dbus-daemon[1989132]: [session uid=1000 pid=1989132 pidfd=5] Activating service name='org.freedesktop.systemd1' requested by ':1.4' (uid=1000 pid=1989476 comm="/usr/bin/dbus-broker-launch --config-file=/usr/sha")
dbus-daemon[1989132]: [session uid=1000 pid=1989132 pidfd=5] Activated service 'org.freedesktop.systemd1' failed: Process org.freedesktop.systemd1 exited with status 1
{"action_ms": 127.42, "candidate": "type-verification-value", "candidate_build_ms": 0.04, "confidence": 1.0, "decision_ms": 21.81, "delivery_mode": null, "dry_run": false, "event": "step", "probabilities": {"abstain": 0.0, "reobserve": 0.0, "type-verification-value": 1.0}, "provider_decision_ms": 0.0, "semantic_observe_ms": 21.76, "step": 1, "tool": "browser_type", "total_step_ms": 149.24, "visual": {"reason": "page_structure_candidate", "status": "skipped"}, "visual_observe_ms": 0.0}
{"action_refused": "browser_input_trust_unavailable", "candidate": "submit-form", "event": "outcome", "outcome": "unknown", "phase": "refused", "step": 2, "tool": "browser_click", "visual": {"reason": "page_structure_candidate", "status": "skipped"}}
{"event": "cell", "id": "f3-trust_unknown-F-rep06", "outcome": "unknown", "clicks": 1, "applied": 1, "old": null, "code": null}
dbus-daemon[1989132]: [session uid=1000 pid=1989132 pidfd=5] Activating service name='org.freedesktop.systemd1' requested by ':1.4' (uid=1000 pid=1989476 comm="/usr/bin/dbus-broker-launch --config-file=/usr/sha")
dbus-daemon[1989132]: [session uid=1000 pid=1989132 pidfd=5] Activated service 'org.freedesktop.systemd1' failed: Process org.freedesktop.systemd1 exited with status 1
2026-10-03T09:13:32.815455Z  WARN cua_driver_sdk::runtime: could not activate the persistent AT-SPI listener: AT-SPI connect failed: ZBus Error: MethodError(OwnedErrorName("org.freedesktop.DBus.Error.NameHasNoOwner"), Some("Could not activate remote peer 'org.a11y.atspi.Registry': unit failed"), Msg { type: Error, serial: 4294967295, sender: UniqueName("org.freedesktop.DBus"), reply-serial: 9, body: Str, fds: [] })
2026-10-03T09:13:32.824401Z  WARN platform_linux::overlay: X11 overlay: root reads cannot see this window's own pixels; save-unders will be served without readback confirmation
dbus-daemon[1989132]: [session uid=1000 pid=1989132 pidfd=5] Activating service name='org.freedesktop.systemd1' requested by ':1.4' (uid=1000 pid=1989476 comm="/usr/bin/dbus-broker-launch --config-file=/usr/sha")
dbus-daemon[1989132]: [session uid=1000 pid=1989132 pidfd=5] Activated service 'org.freedesktop.systemd1' failed: Process org.freedesktop.systemd1 exited with status 1
dbus-daemon[1989132]: [session uid=1000 pid=1989132 pidfd=5] Activating service name='org.freedesktop.systemd1' requested by ':1.4' (uid=1000 pid=1989476 comm="/usr/bin/dbus-broker-launch --config-file=/usr/sha")
dbus-daemon[1989132]: [session uid=1000 pid=1989132 pidfd=5] Activated service 'org.freedesktop.systemd1' failed: Process org.freedesktop.systemd1 exited with status 1
{"action_ms": 135.32, "candidate": "type-verification-value", "candidate_build_ms": 0.11, "confidence": 1.0, "decision_ms": 34.76, "delivery_mode": null, "dry_run": false, "event": "step", "probabilities": {"abstain": 0.0, "reobserve": 0.0, "type-verification-value": 1.0}, "provider_decision_ms": 0.01, "semantic_observe_ms": 34.6, "step": 1, "tool": "browser_type", "total_step_ms": 170.1, "visual": {"reason": "page_structure_candidate", "status": "skipped"}, "visual_observe_ms": 0.0}
{"action_refused": "browser_input_trust_unavailable", "candidate": "submit-form", "event": "outcome", "outcome": "unknown", "phase": "refused", "step": 2, "tool": "browser_click", "visual": {"reason": "page_structure_candidate", "status": "skipped"}}
{"event": "cell", "id": "f3-trust_unknown-F-rep07", "outcome": "unknown", "clicks": 1, "applied": 1, "old": null, "code": null}
dbus-daemon[1989132]: [session uid=1000 pid=1989132 pidfd=5] Activating service name='org.freedesktop.systemd1' requested by ':1.4' (uid=1000 pid=1989476 comm="/usr/bin/dbus-broker-launch --config-file=/usr/sha")
dbus-daemon[1989132]: [session uid=1000 pid=1989132 pidfd=5] Activated service 'org.freedesktop.systemd1' failed: Process org.freedesktop.systemd1 exited with status 1
2026-10-03T09:13:34.987437Z  WARN cua_driver_sdk::runtime: could not activate the persistent AT-SPI listener: AT-SPI connect failed: ZBus Error: MethodError(OwnedErrorName("org.freedesktop.DBus.Error.NameHasNoOwner"), Some("Could not activate remote peer 'org.a11y.atspi.Registry': unit failed"), Msg { type: Error, serial: 4294967295, sender: UniqueName("org.freedesktop.DBus"), reply-serial: 9, body: Str, fds: [] })
2026-10-03T09:13:34.996470Z  WARN platform_linux::overlay: X11 overlay: root reads cannot see this window's own pixels; save-unders will be served without readback confirmation
dbus-daemon[1989132]: [session uid=1000 pid=1989132 pidfd=5] Activating service name='org.freedesktop.systemd1' requested by ':1.4' (uid=1000 pid=1989476 comm="/usr/bin/dbus-broker-launch --config-file=/usr/sha")
dbus-daemon[1989132]: [session uid=1000 pid=1989132 pidfd=5] Activated service 'org.freedesktop.systemd1' failed: Process org.freedesktop.systemd1 exited with status 1
dbus-daemon[1989132]: [session uid=1000 pid=1989132 pidfd=5] Activating service name='org.freedesktop.systemd1' requested by ':1.4' (uid=1000 pid=1989476 comm="/usr/bin/dbus-broker-launch --config-file=/usr/sha")
dbus-daemon[1989132]: [session uid=1000 pid=1989132 pidfd=5] Activated service 'org.freedesktop.systemd1' failed: Process org.freedesktop.systemd1 exited with status 1
{"action_ms": 130.92, "candidate": "type-verification-value", "candidate_build_ms": 0.03, "confidence": 1.0, "decision_ms": 28.37, "delivery_mode": null, "dry_run": false, "event": "step", "probabilities": {"abstain": 0.0, "reobserve": 0.0, "type-verification-value": 1.0}, "provider_decision_ms": 0.0, "semantic_observe_ms": 28.32, "step": 1, "tool": "browser_type", "total_step_ms": 159.3, "visual": {"reason": "page_structure_candidate", "status": "skipped"}, "visual_observe_ms": 0.0}
{"action_refused": "browser_input_trust_unavailable", "candidate": "submit-form", "event": "outcome", "outcome": "unknown", "phase": "refused", "step": 2, "tool": "browser_click", "visual": {"reason": "page_structure_candidate", "status": "skipped"}}
{"event": "cell", "id": "f3-trust_unknown-F-rep08", "outcome": "unknown", "clicks": 1, "applied": 1, "old": null, "code": null}
dbus-daemon[1989132]: [session uid=1000 pid=1989132 pidfd=5] Activating service name='org.freedesktop.systemd1' requested by ':1.4' (uid=1000 pid=1989476 comm="/usr/bin/dbus-broker-launch --config-file=/usr/sha")
dbus-daemon[1989132]: [session uid=1000 pid=1989132 pidfd=5] Activated service 'org.freedesktop.systemd1' failed: Process org.freedesktop.systemd1 exited with status 1
2026-10-03T09:13:37.173072Z  WARN cua_driver_sdk::runtime: could not activate the persistent AT-SPI listener: AT-SPI connect failed: ZBus Error: MethodError(OwnedErrorName("org.freedesktop.DBus.Error.NameHasNoOwner"), Some("Could not activate remote peer 'org.a11y.atspi.Registry': unit failed"), Msg { type: Error, serial: 4294967295, sender: UniqueName("org.freedesktop.DBus"), reply-serial: 9, body: Str, fds: [] })
2026-10-03T09:13:37.182271Z  WARN platform_linux::overlay: X11 overlay: root reads cannot see this window's own pixels; save-unders will be served without readback confirmation
dbus-daemon[1989132]: [session uid=1000 pid=1989132 pidfd=5] Activating service name='org.freedesktop.systemd1' requested by ':1.4' (uid=1000 pid=1989476 comm="/usr/bin/dbus-broker-launch --config-file=/usr/sha")
dbus-daemon[1989132]: [session uid=1000 pid=1989132 pidfd=5] Activated service 'org.freedesktop.systemd1' failed: Process org.freedesktop.systemd1 exited with status 1
dbus-daemon[1989132]: [session uid=1000 pid=1989132 pidfd=5] Activating service name='org.freedesktop.systemd1' requested by ':1.4' (uid=1000 pid=1989476 comm="/usr/bin/dbus-broker-launch --config-file=/usr/sha")
dbus-daemon[1989132]: [session uid=1000 pid=1989132 pidfd=5] Activated service 'org.freedesktop.systemd1' failed: Process org.freedesktop.systemd1 exited with status 1
{"action_ms": 129.02, "candidate": "type-verification-value", "candidate_build_ms": 0.04, "confidence": 1.0, "decision_ms": 23.36, "delivery_mode": null, "dry_run": false, "event": "step", "probabilities": {"abstain": 0.0, "reobserve": 0.0, "type-verification-value": 1.0}, "provider_decision_ms": 0.0, "semantic_observe_ms": 23.3, "step": 1, "tool": "browser_type", "total_step_ms": 152.39, "visual": {"reason": "page_structure_candidate", "status": "skipped"}, "visual_observe_ms": 0.0}
{"action_refused": "browser_input_trust_unavailable", "candidate": "submit-form", "event": "outcome", "outcome": "unknown", "phase": "refused", "step": 2, "tool": "browser_click", "visual": {"reason": "page_structure_candidate", "status": "skipped"}}
{"event": "cell", "id": "f3-trust_unknown-F-rep09", "outcome": "unknown", "clicks": 1, "applied": 1, "old": null, "code": null}
dbus-daemon[1989132]: [session uid=1000 pid=1989132 pidfd=5] Activating service name='org.freedesktop.systemd1' requested by ':1.4' (uid=1000 pid=1989476 comm="/usr/bin/dbus-broker-launch --config-file=/usr/sha")
dbus-daemon[1989132]: [session uid=1000 pid=1989132 pidfd=5] Activated service 'org.freedesktop.systemd1' failed: Process org.freedesktop.systemd1 exited with status 1
2026-10-03T09:13:39.380882Z  WARN cua_driver_sdk::runtime: could not activate the persistent AT-SPI listener: AT-SPI connect failed: ZBus Error: MethodError(OwnedErrorName("org.freedesktop.DBus.Error.NameHasNoOwner"), Some("Could not activate remote peer 'org.a11y.atspi.Registry': unit failed"), Msg { type: Error, serial: 4294967295, sender: UniqueName("org.freedesktop.DBus"), reply-serial: 9, body: Str, fds: [] })
2026-10-03T09:13:39.388497Z  WARN platform_linux::overlay: X11 overlay: root reads cannot see this window's own pixels; save-unders will be served without readback confirmation
dbus-daemon[1989132]: [session uid=1000 pid=1989132 pidfd=5] Activating service name='org.freedesktop.systemd1' requested by ':1.4' (uid=1000 pid=1989476 comm="/usr/bin/dbus-broker-launch --config-file=/usr/sha")
dbus-daemon[1989132]: [session uid=1000 pid=1989132 pidfd=5] Activated service 'org.freedesktop.systemd1' failed: Process org.freedesktop.systemd1 exited with status 1
dbus-daemon[1989132]: [session uid=1000 pid=1989132 pidfd=5] Activating service name='org.freedesktop.systemd1' requested by ':1.4' (uid=1000 pid=1989476 comm="/usr/bin/dbus-broker-launch --config-file=/usr/sha")
dbus-daemon[1989132]: [session uid=1000 pid=1989132 pidfd=5] Activated service 'org.freedesktop.systemd1' failed: Process org.freedesktop.systemd1 exited with status 1
{"action_ms": 136.49, "candidate": "type-verification-value", "candidate_build_ms": 0.07, "confidence": 1.0, "decision_ms": 38.22, "delivery_mode": null, "dry_run": false, "event": "step", "probabilities": {"abstain": 0.0, "reobserve": 0.0, "type-verification-value": 1.0}, "provider_decision_ms": 0.01, "semantic_observe_ms": 38.11, "step": 1, "tool": "browser_type", "total_step_ms": 174.72, "visual": {"reason": "page_structure_candidate", "status": "skipped"}, "visual_observe_ms": 0.0}
{"action_refused": "browser_input_trust_unavailable", "candidate": "submit-form", "event": "outcome", "outcome": "unknown", "phase": "refused", "step": 2, "tool": "browser_click", "visual": {"reason": "page_structure_candidate", "status": "skipped"}}
{"event": "cell", "id": "f3-trust_unknown-F-rep10", "outcome": "unknown", "clicks": 1, "applied": 1, "old": null, "code": null}
A connection to the bus can't be made
CRITICAL: [dbus_cb_name_lost:1438] Cannot connect to DBus.
[session] exit rc=0 run_dir=<tmp>/x11-session.h275Gf
