[session] DISPLAY=:102 openbox=1966919 picom=1966920 dbus=unix:path=<TMPDBUS>,guid=<GUID>
[fix02] outer_hostless=1 display=:102 xdg_runtime_private=yes
[a3-probe] xdpyinfo ok DISPLAY=:102
[fix02] DISPLAY=:102 loadavg=14.06 8.83 5.63 phase_args=--phase f3 --arm F --driver cua-driver-fix02r3-f-df4f1edf5 --out b02-f3-F-stale --start-rep 1 --reps 10 --code stale 
{"event": "validity", "ok": true, "display": ":102"}
dbus-daemon[1966917]: [session uid=1000 pid=1966917 pidfd=5] Activating service name='org.a11y.Bus' requested by ':1.0' (uid=1000 pid=1967156 comm="<lanes>/bin/cua-driver-fi")
dbus-daemon[1966917]: [session uid=1000 pid=1966917 pidfd=5] Successfully activated service 'org.a11y.Bus'
dbus-daemon[1966917]: [session uid=1000 pid=1966917 pidfd=5] Activating service name='ca.desrt.dconf' requested by ':1.1' (uid=1000 pid=1967163 comm="/usr/lib/at-spi-bus-launcher")
dbus-daemon[1966917]: [session uid=1000 pid=1966917 pidfd=5] Successfully activated service 'ca.desrt.dconf'
dbus-daemon[1966917]: [session uid=1000 pid=1966917 pidfd=5] Activating service name='org.freedesktop.systemd1' requested by ':1.4' (uid=1000 pid=1967199 comm="/usr/bin/dbus-broker-launch --config-file=/usr/sha")
dbus-daemon[1966917]: [session uid=1000 pid=1966917 pidfd=5] Activated service 'org.freedesktop.systemd1' failed: Process org.freedesktop.systemd1 exited with status 1
2026-10-03T09:10:43.289343Z  WARN cua_driver_sdk::runtime: could not activate the persistent AT-SPI listener: AT-SPI connect failed: ZBus Error: MethodError(OwnedErrorName("org.freedesktop.DBus.Error.NameHasNoOwner"), Some("Could not activate remote peer 'org.a11y.atspi.Registry': unit failed"), Msg { type: Error, serial: 4294967295, sender: UniqueName("org.freedesktop.DBus"), reply-serial: 10, body: Str, fds: [] })
2026-10-03T09:10:43.302211Z  WARN platform_linux::overlay: X11 overlay: root reads cannot see this window's own pixels; save-unders will be served without readback confirmation
dbus-daemon[1966917]: [session uid=1000 pid=1966917 pidfd=5] Activating service name='org.gtk.vfs.Daemon' requested by ':1.5' (uid=1000 pid=1967289 comm="/opt/google/chrome/chrome --remote-debugging-port=")
dbus-daemon[1966917]: [session uid=1000 pid=1966917 pidfd=5] Successfully activated service 'org.gtk.vfs.Daemon'
fusermount3: mount failed: Operation not permitted
dbus-daemon[1966917]: [session uid=1000 pid=1966917 pidfd=5] Activating service name='org.freedesktop.systemd1' requested by ':1.4' (uid=1000 pid=1967199 comm="/usr/bin/dbus-broker-launch --config-file=/usr/sha")
dbus-daemon[1966917]: [session uid=1000 pid=1966917 pidfd=5] Activated service 'org.freedesktop.systemd1' failed: Process org.freedesktop.systemd1 exited with status 1
dbus-daemon[1966917]: [session uid=1000 pid=1966917 pidfd=5] Activating service name='org.freedesktop.systemd1' requested by ':1.4' (uid=1000 pid=1967199 comm="/usr/bin/dbus-broker-launch --config-file=/usr/sha")
dbus-daemon[1966917]: [session uid=1000 pid=1966917 pidfd=5] Activated service 'org.freedesktop.systemd1' failed: Process org.freedesktop.systemd1 exited with status 1
dbus-daemon[1966917]: [session uid=1000 pid=1966917 pidfd=5] Activating service name='org.freedesktop.Notifications' requested by ':1.7' (uid=1000 pid=1967289 comm="/opt/google/chrome/chrome --remote-debugging-port=")
dbus-daemon[1966917]: [session uid=1000 pid=1966917 pidfd=5] Activating service name='org.freedesktop.portal.Desktop' requested by ':1.7' (uid=1000 pid=1967289 comm="/opt/google/chrome/chrome --remote-debugging-port=")
dbus-daemon[1966917]: [session uid=1000 pid=1966917 pidfd=5] Successfully activated service 'org.freedesktop.Notifications'
dbus-daemon[1966917]: [session uid=1000 pid=1966917 pidfd=5] Activating service name='org.freedesktop.impl.portal.PermissionStore' requested by ':1.9' (uid=1000 pid=1967463 comm="/usr/lib/xdg-desktop-portal")
dbus-daemon[1966917]: [session uid=1000 pid=1966917 pidfd=5] Successfully activated service 'org.freedesktop.impl.portal.PermissionStore'
dbus-daemon[1966917]: [session uid=1000 pid=1966917 pidfd=5] Activating service name='org.freedesktop.portal.Documents' requested by ':1.9' (uid=1000 pid=1967463 comm="/usr/lib/xdg-desktop-portal")
dbus-daemon[1966917]: [session uid=1000 pid=1966917 pidfd=5] Successfully activated service 'org.freedesktop.portal.Documents'
fusermount3: mount failed: Operation not permitted
error: fuse init failed: Can't mount path <tmp>/x11-session.V9TJXr/xdg-runtime/doc

(/usr/lib/xdg-desktop-portal:1967463): xdg-desktop-portal-WARNING **: 04:10:44.736: Document portal fuse mount point unknown: GDBus.Error:org.freedesktop.DBus.Error.ServiceUnknown: The name :1.11 was not provided by any .service files

(/usr/lib/xdg-desktop-portal:1967463): xdg-desktop-portal-WARNING **: 04:10:44.736: Choosing gtk.portal for org.freedesktop.impl.portal.Lockdown as a last-resort fallback
dbus-daemon[1966917]: [session uid=1000 pid=1966917 pidfd=5] Activating service name='org.freedesktop.impl.portal.desktop.gtk' requested by ':1.9' (uid=1000 pid=1967463 comm="/usr/lib/xdg-desktop-portal")
dbus-daemon[1966917]: [session uid=1000 pid=1966917 pidfd=5] Activating service name='org.freedesktop.systemd1' requested by ':1.4' (uid=1000 pid=1967199 comm="/usr/bin/dbus-broker-launch --config-file=/usr/sha")
dbus-daemon[1966917]: [session uid=1000 pid=1966917 pidfd=5] Activated service 'org.freedesktop.systemd1' failed: Process org.freedesktop.systemd1 exited with status 1
dbus-daemon[1966917]: [session uid=1000 pid=1966917 pidfd=5] Successfully activated service 'org.freedesktop.impl.portal.desktop.gtk'

** (xdg-desktop-portal-gtk:1967485): WARNING **: 04:10:44.759: AT-SPI: Could not obtain desktop path or name

dbus-daemon[1966917]: [session uid=1000 pid=1966917 pidfd=5] Activating service name='org.freedesktop.systemd1' requested by ':1.4' (uid=1000 pid=1967199 comm="/usr/bin/dbus-broker-launch --config-file=/usr/sha")

(/usr/lib/xdg-desktop-portal:1967463): xdg-desktop-portal-WARNING **: 04:10:44.759: Choosing gtk.portal for org.freedesktop.impl.portal.Access as a last-resort fallback
dbus-daemon[1966917]: [session uid=1000 pid=1966917 pidfd=5] Activated service 'org.freedesktop.systemd1' failed: Process org.freedesktop.systemd1 exited with status 1

** (xdg-desktop-portal-gtk:1967485): WARNING **: 04:10:44.760: atk-bridge: GetRegisteredEvents returned message with unknown signature

** (xdg-desktop-portal-gtk:1967485): WARNING **: 04:10:44.760: atk-bridge: get_device_events_reply: unknown signature

(/usr/lib/xdg-desktop-portal:1967463): xdg-desktop-portal-WARNING **: 04:10:44.773: Choosing gtk.portal for org.freedesktop.impl.portal.Settings as a last-resort fallback

(/usr/lib/xdg-desktop-portal:1967463): xdg-desktop-portal-WARNING **: 04:10:44.773: Choosing gtk.portal for org.freedesktop.impl.portal.FileChooser as a last-resort fallback

(/usr/lib/xdg-desktop-portal:1967463): xdg-desktop-portal-WARNING **: 04:10:44.773: Choosing gtk.portal for org.freedesktop.impl.portal.AppChooser as a last-resort fallback

(/usr/lib/xdg-desktop-portal:1967463): xdg-desktop-portal-WARNING **: 04:10:44.773: Choosing gtk.portal for org.freedesktop.impl.portal.Print as a last-resort fallback

(/usr/lib/xdg-desktop-portal:1967463): xdg-desktop-portal-WARNING **: 04:10:44.774: Choosing gtk.portal for org.freedesktop.impl.portal.Notification as a last-resort fallback

(/usr/lib/xdg-desktop-portal:1967463): xdg-desktop-portal-WARNING **: 04:10:44.774: Choosing gtk.portal for org.freedesktop.impl.portal.Inhibit as a last-resort fallback

(/usr/lib/xdg-desktop-portal:1967463): xdg-desktop-portal-WARNING **: 04:10:44.777: Failed to connect to PipeWire: Couldn't connect to PipeWire

(/usr/lib/xdg-desktop-portal:1967463): xdg-desktop-portal-WARNING **: 04:10:44.777: Choosing gtk.portal for org.freedesktop.impl.portal.Account as a last-resort fallback

(/usr/lib/xdg-desktop-portal:1967463): xdg-desktop-portal-WARNING **: 04:10:44.777: Choosing gtk.portal for org.freedesktop.impl.portal.Email as a last-resort fallback

(/usr/lib/xdg-desktop-portal:1967463): xdg-desktop-portal-WARNING **: 04:10:44.777: Choosing gtk.portal for org.freedesktop.impl.portal.DynamicLauncher as a last-resort fallback
dbus-daemon[1966917]: [session uid=1000 pid=1966917 pidfd=5] Successfully activated service 'org.freedesktop.portal.Desktop'
{"action_ms": 143.67, "candidate": "type-verification-value", "candidate_build_ms": 0.04, "confidence": 1.0, "decision_ms": 58.09, "delivery_mode": null, "dry_run": false, "event": "step", "probabilities": {"abstain": 0.0, "reobserve": 0.0, "type-verification-value": 1.0}, "provider_decision_ms": 0.0, "semantic_observe_ms": 58.03, "step": 1, "tool": "browser_type", "total_step_ms": 201.77, "visual": {"reason": "page_structure_candidate", "status": "skipped"}, "visual_observe_ms": 0.0}
{"action_refused": "browser_ref_stale", "candidate": "submit-form", "event": "step", "phase": "refused", "step": 2, "tool": "browser_click", "visual": {"reason": "page_structure_candidate", "status": "skipped"}}
{"action_ms": 25.82, "candidate": "submit-form", "candidate_build_ms": 0.03, "confidence": 1.0, "decision_ms": 8.4, "delivery_mode": null, "dry_run": false, "event": "step", "probabilities": {"abstain": 0.0, "reobserve": 0.0, "submit-form": 1.0}, "provider_decision_ms": 0.0, "semantic_observe_ms": 8.33, "step": 3, "tool": "browser_click", "total_step_ms": 34.22, "visual": {"reason": "page_structure_candidate", "status": "skipped"}, "visual_observe_ms": 0.0}
{"event": "outcome", "outcome": "verified", "token": "fix02-09973b46826f"}
{"event": "cell", "id": "f3-stale-F-rep01", "outcome": "verified", "clicks": 2, "applied": 1, "old": null, "code": null}
dbus-daemon[1966917]: [session uid=1000 pid=1966917 pidfd=5] Activating service name='org.freedesktop.systemd1' requested by ':1.4' (uid=1000 pid=1967199 comm="/usr/bin/dbus-broker-launch --config-file=/usr/sha")
dbus-daemon[1966917]: [session uid=1000 pid=1966917 pidfd=5] Activated service 'org.freedesktop.systemd1' failed: Process org.freedesktop.systemd1 exited with status 1
2026-10-03T09:10:46.598476Z  WARN cua_driver_sdk::runtime: could not activate the persistent AT-SPI listener: AT-SPI connect failed: ZBus Error: MethodError(OwnedErrorName("org.freedesktop.DBus.Error.NameHasNoOwner"), Some("Could not activate remote peer 'org.a11y.atspi.Registry': unit failed"), Msg { type: Error, serial: 4294967295, sender: UniqueName("org.freedesktop.DBus"), reply-serial: 9, body: Str, fds: [] })
2026-10-03T09:10:46.609567Z  WARN platform_linux::overlay: X11 overlay: root reads cannot see this window's own pixels; save-unders will be served without readback confirmation
dbus-daemon[1966917]: [session uid=1000 pid=1966917 pidfd=5] Activating service name='org.freedesktop.systemd1' requested by ':1.4' (uid=1000 pid=1967199 comm="/usr/bin/dbus-broker-launch --config-file=/usr/sha")
dbus-daemon[1966917]: [session uid=1000 pid=1966917 pidfd=5] Activated service 'org.freedesktop.systemd1' failed: Process org.freedesktop.systemd1 exited with status 1
dbus-daemon[1966917]: [session uid=1000 pid=1966917 pidfd=5] Activating service name='org.freedesktop.systemd1' requested by ':1.4' (uid=1000 pid=1967199 comm="/usr/bin/dbus-broker-launch --config-file=/usr/sha")
dbus-daemon[1966917]: [session uid=1000 pid=1966917 pidfd=5] Activated service 'org.freedesktop.systemd1' failed: Process org.freedesktop.systemd1 exited with status 1
{"action_ms": 131.48, "candidate": "type-verification-value", "candidate_build_ms": 0.04, "confidence": 1.0, "decision_ms": 33.04, "delivery_mode": null, "dry_run": false, "event": "step", "probabilities": {"abstain": 0.0, "reobserve": 0.0, "type-verification-value": 1.0}, "provider_decision_ms": 0.0, "semantic_observe_ms": 32.98, "step": 1, "tool": "browser_type", "total_step_ms": 164.54, "visual": {"reason": "page_structure_candidate", "status": "skipped"}, "visual_observe_ms": 0.0}
{"action_refused": "browser_ref_stale", "candidate": "submit-form", "event": "step", "phase": "refused", "step": 2, "tool": "browser_click", "visual": {"reason": "page_structure_candidate", "status": "skipped"}}
{"action_ms": 22.49, "candidate": "submit-form", "candidate_build_ms": 0.03, "confidence": 1.0, "decision_ms": 6.39, "delivery_mode": null, "dry_run": false, "event": "step", "probabilities": {"abstain": 0.0, "reobserve": 0.0, "submit-form": 1.0}, "provider_decision_ms": 0.0, "semantic_observe_ms": 6.34, "step": 3, "tool": "browser_click", "total_step_ms": 28.89, "visual": {"reason": "page_structure_candidate", "status": "skipped"}, "visual_observe_ms": 0.0}
{"event": "outcome", "outcome": "verified", "token": "fix02-305b974269c5"}
{"event": "cell", "id": "f3-stale-F-rep02", "outcome": "verified", "clicks": 2, "applied": 1, "old": null, "code": null}
dbus-daemon[1966917]: [session uid=1000 pid=1966917 pidfd=5] Activating service name='org.freedesktop.systemd1' requested by ':1.4' (uid=1000 pid=1967199 comm="/usr/bin/dbus-broker-launch --config-file=/usr/sha")
dbus-daemon[1966917]: [session uid=1000 pid=1966917 pidfd=5] Activated service 'org.freedesktop.systemd1' failed: Process org.freedesktop.systemd1 exited with status 1
2026-10-03T09:10:48.832210Z  WARN cua_driver_sdk::runtime: could not activate the persistent AT-SPI listener: AT-SPI connect failed: ZBus Error: MethodError(OwnedErrorName("org.freedesktop.DBus.Error.NameHasNoOwner"), Some("Could not activate remote peer 'org.a11y.atspi.Registry': unit failed"), Msg { type: Error, serial: 4294967295, sender: UniqueName("org.freedesktop.DBus"), reply-serial: 9, body: Str, fds: [] })
2026-10-03T09:10:48.847197Z  WARN platform_linux::overlay: X11 overlay: root reads cannot see this window's own pixels; save-unders will be served without readback confirmation
dbus-daemon[1966917]: [session uid=1000 pid=1966917 pidfd=5] Activating service name='org.freedesktop.systemd1' requested by ':1.4' (uid=1000 pid=1967199 comm="/usr/bin/dbus-broker-launch --config-file=/usr/sha")
dbus-daemon[1966917]: [session uid=1000 pid=1966917 pidfd=5] Activated service 'org.freedesktop.systemd1' failed: Process org.freedesktop.systemd1 exited with status 1
dbus-daemon[1966917]: [session uid=1000 pid=1966917 pidfd=5] Activating service name='org.freedesktop.systemd1' requested by ':1.4' (uid=1000 pid=1967199 comm="/usr/bin/dbus-broker-launch --config-file=/usr/sha")
dbus-daemon[1966917]: [session uid=1000 pid=1966917 pidfd=5] Activated service 'org.freedesktop.systemd1' failed: Process org.freedesktop.systemd1 exited with status 1
{"action_ms": 128.53, "candidate": "type-verification-value", "candidate_build_ms": 0.03, "confidence": 1.0, "decision_ms": 20.42, "delivery_mode": null, "dry_run": false, "event": "step", "probabilities": {"abstain": 0.0, "reobserve": 0.0, "type-verification-value": 1.0}, "provider_decision_ms": 0.0, "semantic_observe_ms": 20.37, "step": 1, "tool": "browser_type", "total_step_ms": 148.97, "visual": {"reason": "page_structure_candidate", "status": "skipped"}, "visual_observe_ms": 0.0}
{"action_refused": "browser_ref_stale", "candidate": "submit-form", "event": "step", "phase": "refused", "step": 2, "tool": "browser_click", "visual": {"reason": "page_structure_candidate", "status": "skipped"}}
{"action_ms": 22.69, "candidate": "submit-form", "candidate_build_ms": 0.03, "confidence": 1.0, "decision_ms": 6.25, "delivery_mode": null, "dry_run": false, "event": "step", "probabilities": {"abstain": 0.0, "reobserve": 0.0, "submit-form": 1.0}, "provider_decision_ms": 0.0, "semantic_observe_ms": 6.19, "step": 3, "tool": "browser_click", "total_step_ms": 28.95, "visual": {"reason": "page_structure_candidate", "status": "skipped"}, "visual_observe_ms": 0.0}
{"event": "outcome", "outcome": "verified", "token": "fix02-885d28d435f3"}
{"event": "cell", "id": "f3-stale-F-rep03", "outcome": "verified", "clicks": 2, "applied": 1, "old": null, "code": null}
dbus-daemon[1966917]: [session uid=1000 pid=1966917 pidfd=5] Activating service name='org.freedesktop.systemd1' requested by ':1.4' (uid=1000 pid=1967199 comm="/usr/bin/dbus-broker-launch --config-file=/usr/sha")
dbus-daemon[1966917]: [session uid=1000 pid=1966917 pidfd=5] Activated service 'org.freedesktop.systemd1' failed: Process org.freedesktop.systemd1 exited with status 1
2026-10-03T09:10:51.268167Z  WARN cua_driver_sdk::runtime: could not activate the persistent AT-SPI listener: AT-SPI connect failed: ZBus Error: MethodError(OwnedErrorName("org.freedesktop.DBus.Error.NameHasNoOwner"), Some("Could not activate remote peer 'org.a11y.atspi.Registry': unit failed"), Msg { type: Error, serial: 4294967295, sender: UniqueName("org.freedesktop.DBus"), reply-serial: 9, body: Str, fds: [] })
2026-10-03T09:10:51.280941Z  WARN platform_linux::overlay: X11 overlay: root reads cannot see this window's own pixels; save-unders will be served without readback confirmation
dbus-daemon[1966917]: [session uid=1000 pid=1966917 pidfd=5] Activating service name='org.freedesktop.systemd1' requested by ':1.4' (uid=1000 pid=1967199 comm="/usr/bin/dbus-broker-launch --config-file=/usr/sha")
dbus-daemon[1966917]: [session uid=1000 pid=1966917 pidfd=5] Activated service 'org.freedesktop.systemd1' failed: Process org.freedesktop.systemd1 exited with status 1
dbus-daemon[1966917]: [session uid=1000 pid=1966917 pidfd=5] Activating service name='org.freedesktop.systemd1' requested by ':1.4' (uid=1000 pid=1967199 comm="/usr/bin/dbus-broker-launch --config-file=/usr/sha")
dbus-daemon[1966917]: [session uid=1000 pid=1966917 pidfd=5] Activated service 'org.freedesktop.systemd1' failed: Process org.freedesktop.systemd1 exited with status 1
{"action_ms": 127.28, "candidate": "type-verification-value", "candidate_build_ms": 0.05, "confidence": 1.0, "decision_ms": 23.14, "delivery_mode": null, "dry_run": false, "event": "step", "probabilities": {"abstain": 0.0, "reobserve": 0.0, "type-verification-value": 1.0}, "provider_decision_ms": 0.01, "semantic_observe_ms": 23.06, "step": 1, "tool": "browser_type", "total_step_ms": 150.44, "visual": {"reason": "page_structure_candidate", "status": "skipped"}, "visual_observe_ms": 0.0}
{"action_refused": "browser_ref_stale", "candidate": "submit-form", "event": "step", "phase": "refused", "step": 2, "tool": "browser_click", "visual": {"reason": "page_structure_candidate", "status": "skipped"}}
{"action_ms": 23.48, "candidate": "submit-form", "candidate_build_ms": 0.03, "confidence": 1.0, "decision_ms": 5.14, "delivery_mode": null, "dry_run": false, "event": "step", "probabilities": {"abstain": 0.0, "reobserve": 0.0, "submit-form": 1.0}, "provider_decision_ms": 0.0, "semantic_observe_ms": 5.09, "step": 3, "tool": "browser_click", "total_step_ms": 28.64, "visual": {"reason": "page_structure_candidate", "status": "skipped"}, "visual_observe_ms": 0.0}
{"event": "outcome", "outcome": "verified", "token": "fix02-d107ab9e4a8b"}
{"event": "cell", "id": "f3-stale-F-rep04", "outcome": "verified", "clicks": 2, "applied": 1, "old": null, "code": null}
dbus-daemon[1966917]: [session uid=1000 pid=1966917 pidfd=5] Activating service name='org.freedesktop.systemd1' requested by ':1.4' (uid=1000 pid=1967199 comm="/usr/bin/dbus-broker-launch --config-file=/usr/sha")
dbus-daemon[1966917]: [session uid=1000 pid=1966917 pidfd=5] Activated service 'org.freedesktop.systemd1' failed: Process org.freedesktop.systemd1 exited with status 1
2026-10-03T09:10:53.686660Z  WARN cua_driver_sdk::runtime: could not activate the persistent AT-SPI listener: AT-SPI connect failed: ZBus Error: MethodError(OwnedErrorName("org.freedesktop.DBus.Error.NameHasNoOwner"), Some("Could not activate remote peer 'org.a11y.atspi.Registry': unit failed"), Msg { type: Error, serial: 4294967295, sender: UniqueName("org.freedesktop.DBus"), reply-serial: 9, body: Str, fds: [] })
2026-10-03T09:10:53.695997Z  WARN platform_linux::overlay: X11 overlay: root reads cannot see this window's own pixels; save-unders will be served without readback confirmation
dbus-daemon[1966917]: [session uid=1000 pid=1966917 pidfd=5] Activating service name='org.freedesktop.systemd1' requested by ':1.4' (uid=1000 pid=1967199 comm="/usr/bin/dbus-broker-launch --config-file=/usr/sha")
dbus-daemon[1966917]: [session uid=1000 pid=1966917 pidfd=5] Activated service 'org.freedesktop.systemd1' failed: Process org.freedesktop.systemd1 exited with status 1
dbus-daemon[1966917]: [session uid=1000 pid=1966917 pidfd=5] Activating service name='org.freedesktop.systemd1' requested by ':1.4' (uid=1000 pid=1967199 comm="/usr/bin/dbus-broker-launch --config-file=/usr/sha")
dbus-daemon[1966917]: [session uid=1000 pid=1966917 pidfd=5] Activated service 'org.freedesktop.systemd1' failed: Process org.freedesktop.systemd1 exited with status 1
{"action_ms": 132.46, "candidate": "type-verification-value", "candidate_build_ms": 0.04, "confidence": 1.0, "decision_ms": 20.81, "delivery_mode": null, "dry_run": false, "event": "step", "probabilities": {"abstain": 0.0, "reobserve": 0.0, "type-verification-value": 1.0}, "provider_decision_ms": 0.0, "semantic_observe_ms": 20.75, "step": 1, "tool": "browser_type", "total_step_ms": 153.28, "visual": {"reason": "page_structure_candidate", "status": "skipped"}, "visual_observe_ms": 0.0}
{"action_refused": "browser_ref_stale", "candidate": "submit-form", "event": "step", "phase": "refused", "step": 2, "tool": "browser_click", "visual": {"reason": "page_structure_candidate", "status": "skipped"}}
{"action_ms": 22.91, "candidate": "submit-form", "candidate_build_ms": 0.03, "confidence": 1.0, "decision_ms": 5.88, "delivery_mode": null, "dry_run": false, "event": "step", "probabilities": {"abstain": 0.0, "reobserve": 0.0, "submit-form": 1.0}, "provider_decision_ms": 0.0, "semantic_observe_ms": 5.83, "step": 3, "tool": "browser_click", "total_step_ms": 28.8, "visual": {"reason": "page_structure_candidate", "status": "skipped"}, "visual_observe_ms": 0.0}
{"event": "outcome", "outcome": "verified", "token": "fix02-17079fc5389f"}
{"event": "cell", "id": "f3-stale-F-rep05", "outcome": "verified", "clicks": 2, "applied": 1, "old": null, "code": null}
dbus-daemon[1966917]: [session uid=1000 pid=1966917 pidfd=5] Activating service name='org.freedesktop.systemd1' requested by ':1.4' (uid=1000 pid=1967199 comm="/usr/bin/dbus-broker-launch --config-file=/usr/sha")
dbus-daemon[1966917]: [session uid=1000 pid=1966917 pidfd=5] Activated service 'org.freedesktop.systemd1' failed: Process org.freedesktop.systemd1 exited with status 1
2026-10-03T09:10:55.970852Z  WARN cua_driver_sdk::runtime: could not activate the persistent AT-SPI listener: AT-SPI connect failed: ZBus Error: MethodError(OwnedErrorName("org.freedesktop.DBus.Error.NameHasNoOwner"), Some("Could not activate remote peer 'org.a11y.atspi.Registry': unit failed"), Msg { type: Error, serial: 4294967295, sender: UniqueName("org.freedesktop.DBus"), reply-serial: 9, body: Str, fds: [] })
2026-10-03T09:10:55.981863Z  WARN platform_linux::overlay: X11 overlay: root reads cannot see this window's own pixels; save-unders will be served without readback confirmation
dbus-daemon[1966917]: [session uid=1000 pid=1966917 pidfd=5] Activating service name='org.freedesktop.systemd1' requested by ':1.4' (uid=1000 pid=1967199 comm="/usr/bin/dbus-broker-launch --config-file=/usr/sha")
dbus-daemon[1966917]: [session uid=1000 pid=1966917 pidfd=5] Activated service 'org.freedesktop.systemd1' failed: Process org.freedesktop.systemd1 exited with status 1
dbus-daemon[1966917]: [session uid=1000 pid=1966917 pidfd=5] Activating service name='org.freedesktop.systemd1' requested by ':1.4' (uid=1000 pid=1967199 comm="/usr/bin/dbus-broker-launch --config-file=/usr/sha")
dbus-daemon[1966917]: [session uid=1000 pid=1966917 pidfd=5] Activated service 'org.freedesktop.systemd1' failed: Process org.freedesktop.systemd1 exited with status 1
{"action_ms": 132.81, "candidate": "type-verification-value", "candidate_build_ms": 0.11, "confidence": 1.0, "decision_ms": 33.57, "delivery_mode": null, "dry_run": false, "event": "step", "probabilities": {"abstain": 0.0, "reobserve": 0.0, "type-verification-value": 1.0}, "provider_decision_ms": 0.01, "semantic_observe_ms": 33.4, "step": 1, "tool": "browser_type", "total_step_ms": 166.39, "visual": {"reason": "page_structure_candidate", "status": "skipped"}, "visual_observe_ms": 0.0}
{"action_refused": "browser_ref_stale", "candidate": "submit-form", "event": "step", "phase": "refused", "step": 2, "tool": "browser_click", "visual": {"reason": "page_structure_candidate", "status": "skipped"}}
{"action_ms": 23.87, "candidate": "submit-form", "candidate_build_ms": 0.03, "confidence": 1.0, "decision_ms": 5.26, "delivery_mode": null, "dry_run": false, "event": "step", "probabilities": {"abstain": 0.0, "reobserve": 0.0, "submit-form": 1.0}, "provider_decision_ms": 0.0, "semantic_observe_ms": 5.21, "step": 3, "tool": "browser_click", "total_step_ms": 29.14, "visual": {"reason": "page_structure_candidate", "status": "skipped"}, "visual_observe_ms": 0.0}
{"event": "outcome", "outcome": "verified", "token": "fix02-b80f1235361a"}
{"event": "cell", "id": "f3-stale-F-rep06", "outcome": "verified", "clicks": 2, "applied": 1, "old": null, "code": null}
dbus-daemon[1966917]: [session uid=1000 pid=1966917 pidfd=5] Activating service name='org.freedesktop.systemd1' requested by ':1.4' (uid=1000 pid=1967199 comm="/usr/bin/dbus-broker-launch --config-file=/usr/sha")
dbus-daemon[1966917]: [session uid=1000 pid=1966917 pidfd=5] Activated service 'org.freedesktop.systemd1' failed: Process org.freedesktop.systemd1 exited with status 1
2026-10-03T09:10:58.540668Z  WARN cua_driver_sdk::runtime: could not activate the persistent AT-SPI listener: AT-SPI connect failed: ZBus Error: MethodError(OwnedErrorName("org.freedesktop.DBus.Error.NameHasNoOwner"), Some("Could not activate remote peer 'org.a11y.atspi.Registry': unit failed"), Msg { type: Error, serial: 4294967295, sender: UniqueName("org.freedesktop.DBus"), reply-serial: 9, body: Str, fds: [] })
2026-10-03T09:10:58.552048Z  WARN platform_linux::overlay: X11 overlay: root reads cannot see this window's own pixels; save-unders will be served without readback confirmation
dbus-daemon[1966917]: [session uid=1000 pid=1966917 pidfd=5] Activating service name='org.freedesktop.systemd1' requested by ':1.4' (uid=1000 pid=1967199 comm="/usr/bin/dbus-broker-launch --config-file=/usr/sha")
dbus-daemon[1966917]: [session uid=1000 pid=1966917 pidfd=5] Activated service 'org.freedesktop.systemd1' failed: Process org.freedesktop.systemd1 exited with status 1
dbus-daemon[1966917]: [session uid=1000 pid=1966917 pidfd=5] Activating service name='org.freedesktop.systemd1' requested by ':1.4' (uid=1000 pid=1967199 comm="/usr/bin/dbus-broker-launch --config-file=/usr/sha")
dbus-daemon[1966917]: [session uid=1000 pid=1966917 pidfd=5] Activated service 'org.freedesktop.systemd1' failed: Process org.freedesktop.systemd1 exited with status 1
{"action_ms": 128.25, "candidate": "type-verification-value", "candidate_build_ms": 0.04, "confidence": 1.0, "decision_ms": 23.7, "delivery_mode": null, "dry_run": false, "event": "step", "probabilities": {"abstain": 0.0, "reobserve": 0.0, "type-verification-value": 1.0}, "provider_decision_ms": 0.0, "semantic_observe_ms": 23.64, "step": 1, "tool": "browser_type", "total_step_ms": 151.96, "visual": {"reason": "page_structure_candidate", "status": "skipped"}, "visual_observe_ms": 0.0}
{"action_refused": "browser_ref_stale", "candidate": "submit-form", "event": "step", "phase": "refused", "step": 2, "tool": "browser_click", "visual": {"reason": "page_structure_candidate", "status": "skipped"}}
{"action_ms": 22.09, "candidate": "submit-form", "candidate_build_ms": 0.03, "confidence": 1.0, "decision_ms": 5.34, "delivery_mode": null, "dry_run": false, "event": "step", "probabilities": {"abstain": 0.0, "reobserve": 0.0, "submit-form": 1.0}, "provider_decision_ms": 0.0, "semantic_observe_ms": 5.28, "step": 3, "tool": "browser_click", "total_step_ms": 27.44, "visual": {"reason": "page_structure_candidate", "status": "skipped"}, "visual_observe_ms": 0.0}
{"event": "outcome", "outcome": "verified", "token": "fix02-68e35fa05a80"}
{"event": "cell", "id": "f3-stale-F-rep07", "outcome": "verified", "clicks": 2, "applied": 1, "old": null, "code": null}
dbus-daemon[1966917]: [session uid=1000 pid=1966917 pidfd=5] Activating service name='org.freedesktop.systemd1' requested by ':1.4' (uid=1000 pid=1967199 comm="/usr/bin/dbus-broker-launch --config-file=/usr/sha")
dbus-daemon[1966917]: [session uid=1000 pid=1966917 pidfd=5] Activated service 'org.freedesktop.systemd1' failed: Process org.freedesktop.systemd1 exited with status 1
2026-10-03T09:11:00.904943Z  WARN cua_driver_sdk::runtime: could not activate the persistent AT-SPI listener: AT-SPI connect failed: ZBus Error: MethodError(OwnedErrorName("org.freedesktop.DBus.Error.NameHasNoOwner"), Some("Could not activate remote peer 'org.a11y.atspi.Registry': unit failed"), Msg { type: Error, serial: 4294967295, sender: UniqueName("org.freedesktop.DBus"), reply-serial: 9, body: Str, fds: [] })
2026-10-03T09:11:00.913638Z  WARN platform_linux::overlay: X11 overlay: root reads cannot see this window's own pixels; save-unders will be served without readback confirmation
dbus-daemon[1966917]: [session uid=1000 pid=1966917 pidfd=5] Activating service name='org.freedesktop.systemd1' requested by ':1.4' (uid=1000 pid=1967199 comm="/usr/bin/dbus-broker-launch --config-file=/usr/sha")
dbus-daemon[1966917]: [session uid=1000 pid=1966917 pidfd=5] Activated service 'org.freedesktop.systemd1' failed: Process org.freedesktop.systemd1 exited with status 1
dbus-daemon[1966917]: [session uid=1000 pid=1966917 pidfd=5] Activating service name='org.freedesktop.systemd1' requested by ':1.4' (uid=1000 pid=1967199 comm="/usr/bin/dbus-broker-launch --config-file=/usr/sha")
dbus-daemon[1966917]: [session uid=1000 pid=1966917 pidfd=5] Activated service 'org.freedesktop.systemd1' failed: Process org.freedesktop.systemd1 exited with status 1
{"action_ms": 132.72, "candidate": "type-verification-value", "candidate_build_ms": 0.04, "confidence": 1.0, "decision_ms": 25.17, "delivery_mode": null, "dry_run": false, "event": "step", "probabilities": {"abstain": 0.0, "reobserve": 0.0, "type-verification-value": 1.0}, "provider_decision_ms": 0.01, "semantic_observe_ms": 25.11, "step": 1, "tool": "browser_type", "total_step_ms": 157.89, "visual": {"reason": "page_structure_candidate", "status": "skipped"}, "visual_observe_ms": 0.0}
{"action_refused": "browser_ref_stale", "candidate": "submit-form", "event": "step", "phase": "refused", "step": 2, "tool": "browser_click", "visual": {"reason": "page_structure_candidate", "status": "skipped"}}
{"action_ms": 23.7, "candidate": "submit-form", "candidate_build_ms": 0.03, "confidence": 1.0, "decision_ms": 5.04, "delivery_mode": null, "dry_run": false, "event": "step", "probabilities": {"abstain": 0.0, "reobserve": 0.0, "submit-form": 1.0}, "provider_decision_ms": 0.0, "semantic_observe_ms": 4.99, "step": 3, "tool": "browser_click", "total_step_ms": 28.74, "visual": {"reason": "page_structure_candidate", "status": "skipped"}, "visual_observe_ms": 0.0}
{"event": "outcome", "outcome": "verified", "token": "fix02-905ed83ddd5e"}
{"event": "cell", "id": "f3-stale-F-rep08", "outcome": "verified", "clicks": 2, "applied": 1, "old": null, "code": null}
dbus-daemon[1966917]: [session uid=1000 pid=1966917 pidfd=5] Activating service name='org.freedesktop.systemd1' requested by ':1.4' (uid=1000 pid=1967199 comm="/usr/bin/dbus-broker-launch --config-file=/usr/sha")
dbus-daemon[1966917]: [session uid=1000 pid=1966917 pidfd=5] Activated service 'org.freedesktop.systemd1' failed: Process org.freedesktop.systemd1 exited with status 1
2026-10-03T09:11:03.147400Z  WARN cua_driver_sdk::runtime: could not activate the persistent AT-SPI listener: AT-SPI connect failed: ZBus Error: MethodError(OwnedErrorName("org.freedesktop.DBus.Error.NameHasNoOwner"), Some("Could not activate remote peer 'org.a11y.atspi.Registry': unit failed"), Msg { type: Error, serial: 4294967295, sender: UniqueName("org.freedesktop.DBus"), reply-serial: 9, body: Str, fds: [] })
2026-10-03T09:11:03.158830Z  WARN platform_linux::overlay: X11 overlay: root reads cannot see this window's own pixels; save-unders will be served without readback confirmation
dbus-daemon[1966917]: [session uid=1000 pid=1966917 pidfd=5] Activating service name='org.freedesktop.systemd1' requested by ':1.4' (uid=1000 pid=1967199 comm="/usr/bin/dbus-broker-launch --config-file=/usr/sha")
dbus-daemon[1966917]: [session uid=1000 pid=1966917 pidfd=5] Activated service 'org.freedesktop.systemd1' failed: Process org.freedesktop.systemd1 exited with status 1
dbus-daemon[1966917]: [session uid=1000 pid=1966917 pidfd=5] Activating service name='org.freedesktop.systemd1' requested by ':1.4' (uid=1000 pid=1967199 comm="/usr/bin/dbus-broker-launch --config-file=/usr/sha")
dbus-daemon[1966917]: [session uid=1000 pid=1966917 pidfd=5] Activated service 'org.freedesktop.systemd1' failed: Process org.freedesktop.systemd1 exited with status 1
{"action_ms": 142.85, "candidate": "type-verification-value", "candidate_build_ms": 0.04, "confidence": 1.0, "decision_ms": 27.15, "delivery_mode": null, "dry_run": false, "event": "step", "probabilities": {"abstain": 0.0, "reobserve": 0.0, "type-verification-value": 1.0}, "provider_decision_ms": 0.01, "semantic_observe_ms": 27.07, "step": 1, "tool": "browser_type", "total_step_ms": 170.01, "visual": {"reason": "page_structure_candidate", "status": "skipped"}, "visual_observe_ms": 0.0}
{"action_refused": "browser_ref_stale", "candidate": "submit-form", "event": "step", "phase": "refused", "step": 2, "tool": "browser_click", "visual": {"reason": "page_structure_candidate", "status": "skipped"}}
{"action_ms": 26.15, "candidate": "submit-form", "candidate_build_ms": 0.03, "confidence": 1.0, "decision_ms": 5.72, "delivery_mode": null, "dry_run": false, "event": "step", "probabilities": {"abstain": 0.0, "reobserve": 0.0, "submit-form": 1.0}, "provider_decision_ms": 0.0, "semantic_observe_ms": 5.66, "step": 3, "tool": "browser_click", "total_step_ms": 31.88, "visual": {"reason": "page_structure_candidate", "status": "skipped"}, "visual_observe_ms": 0.0}
{"event": "outcome", "outcome": "verified", "token": "fix02-0cf45a62a625"}
{"event": "cell", "id": "f3-stale-F-rep09", "outcome": "verified", "clicks": 2, "applied": 1, "old": null, "code": null}
dbus-daemon[1966917]: [session uid=1000 pid=1966917 pidfd=5] Activating service name='org.freedesktop.systemd1' requested by ':1.4' (uid=1000 pid=1967199 comm="/usr/bin/dbus-broker-launch --config-file=/usr/sha")
dbus-daemon[1966917]: [session uid=1000 pid=1966917 pidfd=5] Activated service 'org.freedesktop.systemd1' failed: Process org.freedesktop.systemd1 exited with status 1
2026-10-03T09:11:05.514806Z  WARN cua_driver_sdk::runtime: could not activate the persistent AT-SPI listener: AT-SPI connect failed: ZBus Error: MethodError(OwnedErrorName("org.freedesktop.DBus.Error.NameHasNoOwner"), Some("Could not activate remote peer 'org.a11y.atspi.Registry': unit failed"), Msg { type: Error, serial: 4294967295, sender: UniqueName("org.freedesktop.DBus"), reply-serial: 9, body: Str, fds: [] })
2026-10-03T09:11:05.528052Z  WARN platform_linux::overlay: X11 overlay: root reads cannot see this window's own pixels; save-unders will be served without readback confirmation
dbus-daemon[1966917]: [session uid=1000 pid=1966917 pidfd=5] Activating service name='org.freedesktop.systemd1' requested by ':1.4' (uid=1000 pid=1967199 comm="/usr/bin/dbus-broker-launch --config-file=/usr/sha")
dbus-daemon[1966917]: [session uid=1000 pid=1966917 pidfd=5] Activated service 'org.freedesktop.systemd1' failed: Process org.freedesktop.systemd1 exited with status 1
dbus-daemon[1966917]: [session uid=1000 pid=1966917 pidfd=5] Activating service name='org.freedesktop.systemd1' requested by ':1.4' (uid=1000 pid=1967199 comm="/usr/bin/dbus-broker-launch --config-file=/usr/sha")
dbus-daemon[1966917]: [session uid=1000 pid=1966917 pidfd=5] Activated service 'org.freedesktop.systemd1' failed: Process org.freedesktop.systemd1 exited with status 1
{"action_ms": 129.38, "candidate": "type-verification-value", "candidate_build_ms": 0.08, "confidence": 1.0, "decision_ms": 25.56, "delivery_mode": null, "dry_run": false, "event": "step", "probabilities": {"abstain": 0.0, "reobserve": 0.0, "type-verification-value": 1.0}, "provider_decision_ms": 0.01, "semantic_observe_ms": 25.45, "step": 1, "tool": "browser_type", "total_step_ms": 154.96, "visual": {"reason": "page_structure_candidate", "status": "skipped"}, "visual_observe_ms": 0.0}
{"action_refused": "browser_ref_stale", "candidate": "submit-form", "event": "step", "phase": "refused", "step": 2, "tool": "browser_click", "visual": {"reason": "page_structure_candidate", "status": "skipped"}}
{"action_ms": 24.93, "candidate": "submit-form", "candidate_build_ms": 0.03, "confidence": 1.0, "decision_ms": 6.35, "delivery_mode": null, "dry_run": false, "event": "step", "probabilities": {"abstain": 0.0, "reobserve": 0.0, "submit-form": 1.0}, "provider_decision_ms": 0.0, "semantic_observe_ms": 6.29, "step": 3, "tool": "browser_click", "total_step_ms": 31.29, "visual": {"reason": "page_structure_candidate", "status": "skipped"}, "visual_observe_ms": 0.0}
{"event": "outcome", "outcome": "verified", "token": "fix02-dff311127c70"}
{"event": "cell", "id": "f3-stale-F-rep10", "outcome": "verified", "clicks": 2, "applied": 1, "old": null, "code": null}
A connection to the bus can't be made
CRITICAL: [dbus_cb_name_lost:1438] Cannot connect to DBus.
[session] exit rc=0 run_dir=<tmp>/x11-session.V9TJXr
