[session] DISPLAY=:100 openbox=3636799 picom=3636800 dbus=unix:path=<session-tmp>/dbus-X,guid=e5039283c24883147491dc766abf3964
dbus-daemon[3636792]: [session uid=1000 pid=3636792 pidfd=5] Activating service name='org.a11y.Bus' requested by ':1.2' (uid=1000 pid=3650031 comm="<cargo-targets>/cua-release-r2-01/de")
dbus-daemon[3636792]: [session uid=1000 pid=3636792 pidfd=5] Successfully activated service 'org.a11y.Bus'
dbus-daemon[3636792]: [session uid=1000 pid=3636792 pidfd=5] Activating service name='ca.desrt.dconf' requested by ':1.3' (uid=1000 pid=3650680 comm="/usr/lib/at-spi-bus-launcher")
dbus-daemon[3636792]: [session uid=1000 pid=3636792 pidfd=5] Successfully activated service 'ca.desrt.dconf'
dbus-daemon[3636792]: [session uid=1000 pid=3636792 pidfd=5] Activating service name='org.freedesktop.systemd1' requested by ':1.6' (uid=1000 pid=3650694 comm="/usr/bin/dbus-broker-launch --config-file=/usr/sha")
dbus-daemon[3636792]: [session uid=1000 pid=3636792 pidfd=5] Activated service 'org.freedesktop.systemd1' failed: Process org.freedesktop.systemd1 exited with status 1
dbus-daemon[3636792]: [session uid=1000 pid=3636792 pidfd=5] Activating service name='org.freedesktop.systemd1' requested by ':1.6' (uid=1000 pid=3650694 comm="/usr/bin/dbus-broker-launch --config-file=/usr/sha")
dbus-daemon[3636792]: [session uid=1000 pid=3636792 pidfd=5] Activated service 'org.freedesktop.systemd1' failed: Process org.freedesktop.systemd1 exited with status 1
dbus-daemon[3636792]: [session uid=1000 pid=3636792 pidfd=5] Activating service name='org.freedesktop.systemd1' requested by ':1.6' (uid=1000 pid=3650694 comm="/usr/bin/dbus-broker-launch --config-file=/usr/sha")
dbus-daemon[3636792]: [session uid=1000 pid=3636792 pidfd=5] Activated service 'org.freedesktop.systemd1' failed: Process org.freedesktop.systemd1 exited with status 1
dbus-daemon[3636792]: [session uid=1000 pid=3636792 pidfd=5] Activating service name='org.freedesktop.systemd1' requested by ':1.6' (uid=1000 pid=3650694 comm="/usr/bin/dbus-broker-launch --config-file=/usr/sha")
dbus-daemon[3636792]: [session uid=1000 pid=3636792 pidfd=5] Activated service 'org.freedesktop.systemd1' failed: Process org.freedesktop.systemd1 exited with status 1
dbus-daemon[3636792]: [session uid=1000 pid=3636792 pidfd=5] Activating service name='org.freedesktop.systemd1' requested by ':1.6' (uid=1000 pid=3650694 comm="/usr/bin/dbus-broker-launch --config-file=/usr/sha")
dbus-daemon[3636792]: [session uid=1000 pid=3636792 pidfd=5] Activated service 'org.freedesktop.systemd1' failed: Process org.freedesktop.systemd1 exited with status 1
dbus-daemon[3636792]: [session uid=1000 pid=3636792 pidfd=5] Activating service name='org.freedesktop.systemd1' requested by ':1.6' (uid=1000 pid=3650694 comm="/usr/bin/dbus-broker-launch --config-file=/usr/sha")
dbus-daemon[3636792]: [session uid=1000 pid=3636792 pidfd=5] Activated service 'org.freedesktop.systemd1' failed: Process org.freedesktop.systemd1 exited with status 1
dbus-daemon[3636792]: [session uid=1000 pid=3636792 pidfd=5] Activating service name='org.freedesktop.systemd1' requested by ':1.6' (uid=1000 pid=3650694 comm="/usr/bin/dbus-broker-launch --config-file=/usr/sha")
dbus-daemon[3636792]: [session uid=1000 pid=3636792 pidfd=5] Activated service 'org.freedesktop.systemd1' failed: Process org.freedesktop.systemd1 exited with status 1
dbus-daemon[3636792]: [session uid=1000 pid=3636792 pidfd=5] Activating service name='org.freedesktop.systemd1' requested by ':1.6' (uid=1000 pid=3650694 comm="/usr/bin/dbus-broker-launch --config-file=/usr/sha")
dbus-daemon[3636792]: [session uid=1000 pid=3636792 pidfd=5] Activated service 'org.freedesktop.systemd1' failed: Process org.freedesktop.systemd1 exited with status 1
dbus-daemon[3636792]: [session uid=1000 pid=3636792 pidfd=5] Activating service name='org.freedesktop.systemd1' requested by ':1.6' (uid=1000 pid=3650694 comm="/usr/bin/dbus-broker-launch --config-file=/usr/sha")
dbus-daemon[3636792]: [session uid=1000 pid=3636792 pidfd=5] Activated service 'org.freedesktop.systemd1' failed: Process org.freedesktop.systemd1 exited with status 1
dbus-daemon[3636792]: [session uid=1000 pid=3636792 pidfd=5] Activating service name='org.freedesktop.systemd1' requested by ':1.6' (uid=1000 pid=3650694 comm="/usr/bin/dbus-broker-launch --config-file=/usr/sha")
dbus-daemon[3636792]: [session uid=1000 pid=3636792 pidfd=5] Activated service 'org.freedesktop.systemd1' failed: Process org.freedesktop.systemd1 exited with status 1
dbus-daemon[3636792]: [session uid=1000 pid=3636792 pidfd=5] Activating service name='org.freedesktop.systemd1' requested by ':1.6' (uid=1000 pid=3650694 comm="/usr/bin/dbus-broker-launch --config-file=/usr/sha")
dbus-daemon[3636792]: [session uid=1000 pid=3636792 pidfd=5] Activated service 'org.freedesktop.systemd1' failed: Process org.freedesktop.systemd1 exited with status 1
dbus-daemon[3636792]: [session uid=1000 pid=3636792 pidfd=5] Activating service name='org.freedesktop.systemd1' requested by ':1.6' (uid=1000 pid=3650694 comm="/usr/bin/dbus-broker-launch --config-file=/usr/sha")
dbus-daemon[3636792]: [session uid=1000 pid=3636792 pidfd=5] Activated service 'org.freedesktop.systemd1' failed: Process org.freedesktop.systemd1 exited with status 1
dbus-daemon[3636792]: [session uid=1000 pid=3636792 pidfd=5] Activating service name='org.freedesktop.systemd1' requested by ':1.6' (uid=1000 pid=3650694 comm="/usr/bin/dbus-broker-launch --config-file=/usr/sha")
dbus-daemon[3636792]: [session uid=1000 pid=3636792 pidfd=5] Activated service 'org.freedesktop.systemd1' failed: Process org.freedesktop.systemd1 exited with status 1
dbus-daemon[3636792]: [session uid=1000 pid=3636792 pidfd=5] Activating service name='org.freedesktop.systemd1' requested by ':1.6' (uid=1000 pid=3650694 comm="/usr/bin/dbus-broker-launch --config-file=/usr/sha")
dbus-daemon[3636792]: [session uid=1000 pid=3636792 pidfd=5] Activated service 'org.freedesktop.systemd1' failed: Process org.freedesktop.systemd1 exited with status 1
dbus-daemon[3636792]: [session uid=1000 pid=3636792 pidfd=5] Activating service name='org.freedesktop.systemd1' requested by ':1.6' (uid=1000 pid=3650694 comm="/usr/bin/dbus-broker-launch --config-file=/usr/sha")
dbus-daemon[3636792]: [session uid=1000 pid=3636792 pidfd=5] Activated service 'org.freedesktop.systemd1' failed: Process org.freedesktop.systemd1 exited with status 1
dbus-daemon[3636792]: [session uid=1000 pid=3636792 pidfd=5] Activating service name='org.freedesktop.systemd1' requested by ':1.6' (uid=1000 pid=3650694 comm="/usr/bin/dbus-broker-launch --config-file=/usr/sha")
dbus-daemon[3636792]: [session uid=1000 pid=3636792 pidfd=5] Activated service 'org.freedesktop.systemd1' failed: Process org.freedesktop.systemd1 exited with status 1
dbus-daemon[3636792]: [session uid=1000 pid=3636792 pidfd=5] Activating service name='org.freedesktop.systemd1' requested by ':1.6' (uid=1000 pid=3650694 comm="/usr/bin/dbus-broker-launch --config-file=/usr/sha")
dbus-daemon[3636792]: [session uid=1000 pid=3636792 pidfd=5] Activated service 'org.freedesktop.systemd1' failed: Process org.freedesktop.systemd1 exited with status 1
dbus-daemon[3636792]: [session uid=1000 pid=3636792 pidfd=5] Activating service name='org.freedesktop.systemd1' requested by ':1.6' (uid=1000 pid=3650694 comm="/usr/bin/dbus-broker-launch --config-file=/usr/sha")
dbus-daemon[3636792]: [session uid=1000 pid=3636792 pidfd=5] Activated service 'org.freedesktop.systemd1' failed: Process org.freedesktop.systemd1 exited with status 1
dbus-daemon[3636792]: [session uid=1000 pid=3636792 pidfd=5] Activating service name='org.freedesktop.systemd1' requested by ':1.6' (uid=1000 pid=3650694 comm="/usr/bin/dbus-broker-launch --config-file=/usr/sha")
dbus-daemon[3636792]: [session uid=1000 pid=3636792 pidfd=5] Activated service 'org.freedesktop.systemd1' failed: Process org.freedesktop.systemd1 exited with status 1
dbus-daemon[3636792]: [session uid=1000 pid=3636792 pidfd=5] Activating service name='org.freedesktop.systemd1' requested by ':1.6' (uid=1000 pid=3650694 comm="/usr/bin/dbus-broker-launch --config-file=/usr/sha")
dbus-daemon[3636792]: [session uid=1000 pid=3636792 pidfd=5] Activated service 'org.freedesktop.systemd1' failed: Process org.freedesktop.systemd1 exited with status 1
dbus-daemon[3636792]: [session uid=1000 pid=3636792 pidfd=5] Activating service name='org.freedesktop.systemd1' requested by ':1.6' (uid=1000 pid=3650694 comm="/usr/bin/dbus-broker-launch --config-file=/usr/sha")
dbus-daemon[3636792]: [session uid=1000 pid=3636792 pidfd=5] Activated service 'org.freedesktop.systemd1' failed: Process org.freedesktop.systemd1 exited with status 1
dbus-daemon[3636792]: [session uid=1000 pid=3636792 pidfd=5] Activating service name='org.freedesktop.systemd1' requested by ':1.6' (uid=1000 pid=3650694 comm="/usr/bin/dbus-broker-launch --config-file=/usr/sha")
dbus-daemon[3636792]: [session uid=1000 pid=3636792 pidfd=5] Activated service 'org.freedesktop.systemd1' failed: Process org.freedesktop.systemd1 exited with status 1
dbus-daemon[3636792]: [session uid=1000 pid=3636792 pidfd=5] Activating service name='org.freedesktop.systemd1' requested by ':1.6' (uid=1000 pid=3650694 comm="/usr/bin/dbus-broker-launch --config-file=/usr/sha")
dbus-daemon[3636792]: [session uid=1000 pid=3636792 pidfd=5] Activated service 'org.freedesktop.systemd1' failed: Process org.freedesktop.systemd1 exited with status 1
dbus-daemon[3636792]: [session uid=1000 pid=3636792 pidfd=5] Activating service name='org.freedesktop.systemd1' requested by ':1.6' (uid=1000 pid=3650694 comm="/usr/bin/dbus-broker-launch --config-file=/usr/sha")
dbus-daemon[3636792]: [session uid=1000 pid=3636792 pidfd=5] Activated service 'org.freedesktop.systemd1' failed: Process org.freedesktop.systemd1 exited with status 1
dbus-daemon[3636792]: [session uid=1000 pid=3636792 pidfd=5] Activating service name='org.freedesktop.systemd1' requested by ':1.6' (uid=1000 pid=3650694 comm="/usr/bin/dbus-broker-launch --config-file=/usr/sha")
dbus-daemon[3636792]: [session uid=1000 pid=3636792 pidfd=5] Activated service 'org.freedesktop.systemd1' failed: Process org.freedesktop.systemd1 exited with status 1
dbus-daemon[3636792]: [session uid=1000 pid=3636792 pidfd=5] Activating service name='org.freedesktop.systemd1' requested by ':1.6' (uid=1000 pid=3650694 comm="/usr/bin/dbus-broker-launch --config-file=/usr/sha")
dbus-daemon[3636792]: [session uid=1000 pid=3636792 pidfd=5] Activated service 'org.freedesktop.systemd1' failed: Process org.freedesktop.systemd1 exited with status 1
dbus-daemon[3636792]: [session uid=1000 pid=3636792 pidfd=5] Activating service name='org.freedesktop.systemd1' requested by ':1.6' (uid=1000 pid=3650694 comm="/usr/bin/dbus-broker-launch --config-file=/usr/sha")
dbus-daemon[3636792]: [session uid=1000 pid=3636792 pidfd=5] Activated service 'org.freedesktop.systemd1' failed: Process org.freedesktop.systemd1 exited with status 1
dbus-daemon[3636792]: [session uid=1000 pid=3636792 pidfd=5] Activating service name='org.freedesktop.systemd1' requested by ':1.6' (uid=1000 pid=3650694 comm="/usr/bin/dbus-broker-launch --config-file=/usr/sha")
dbus-daemon[3636792]: [session uid=1000 pid=3636792 pidfd=5] Activated service 'org.freedesktop.systemd1' failed: Process org.freedesktop.systemd1 exited with status 1
== <lanes>/artifacts/r2/B-02/logs/unit-run-1-core-lib.log
test result: ok. 827 passed; 0 failed; 0 ignored; 0 measured; 0 filtered out; finished in 12.02s
== <lanes>/artifacts/r2/B-02/logs/unit-run-1-cua-driver-bins.log
test result: ok. 1 passed; 0 failed; 0 ignored; 0 measured; 290 filtered out; finished in 0.01s
test result: ok. 1 passed; 0 failed; 0 ignored; 0 measured; 290 filtered out; finished in 0.01s
test result: ok. 1 passed; 0 failed; 0 ignored; 0 measured; 290 filtered out; finished in 0.01s
test result: ok. 1 passed; 0 failed; 0 ignored; 0 measured; 290 filtered out; finished in 0.01s
test result: ok. 1 passed; 0 failed; 0 ignored; 0 measured; 290 filtered out; finished in 0.01s
test result: ok. 1 passed; 0 failed; 0 ignored; 0 measured; 290 filtered out; finished in 0.01s
test result: ok. 1 passed; 0 failed; 0 ignored; 0 measured; 290 filtered out; finished in 0.01s
test result: ok. 1 passed; 0 failed; 0 ignored; 0 measured; 290 filtered out; finished in 0.01s
test result: ok. 1 passed; 0 failed; 0 ignored; 0 measured; 290 filtered out; finished in 0.00s
test result: ok. 1 passed; 0 failed; 0 ignored; 0 measured; 290 filtered out; finished in 0.02s
test result: ok. 291 passed; 0 failed; 0 ignored; 0 measured; 0 filtered out; finished in 29.84s
== <lanes>/artifacts/r2/B-02/logs/unit-run-1-platform-linux-lib.log
test result: ok. 603 passed; 0 failed; 10 ignored; 0 measured; 0 filtered out; finished in 18.89s
== <lanes>/artifacts/r2/B-02/logs/unit-run-1-sdk-lib.log
test result: ok. 95 passed; 0 failed; 0 ignored; 0 measured; 0 filtered out; finished in 37.39s
[session] exit rc=0 run_dir=<lane-tmp>/x11-session.bglsaS
