dbus-daemon[2659597]: [session uid=1000 pid=2659597 pidfd=4] Activating service name='org.freedesktop.systemd1' requested by ':1.1' (uid=1000 pid=2659607 comm="/usr/bin/dbus-broker-launch --config-file=/usr/sha")
dbus-daemon[2659597]: [session uid=1000 pid=2659597 pidfd=4] Activated service 'org.freedesktop.systemd1' failed: Process org.freedesktop.systemd1 exited with status 1
[session] DISPLAY=:100 openbox=2659635 picom=2659636 dbus=unix:path=<TMPDBUS>,guid=<GUID>
[unit] head=cf72bb3288d7796e156feac35e1ac11efe137bda dirty=0 DISPLAY=:100 wayland=unset target=cua-release-own09r rustc=rustc 1.97.1 (8bab26f4f 2026-07-14)
[unit] cargo test --locked -p cua-driver-sdk --lib revision_cancel_requested_before_admission_is_refused
   Compiling cua-driver-contract v0.32.0 (<lanes>/w5-own09r2-red/libs/cua-driver/rust/crates/cua-driver-contract)
   Compiling pip-preview v0.32.0 (<lanes>/w5-own09r2-red/libs/cua-driver/rust/crates/pip-preview)
   Compiling cua-driver-sdk v0.32.0 (<lanes>/w5-own09r2-red/libs/cua-driver/rust/crates/cua-driver-sdk)
   Compiling cua-driver-core v0.32.0 (<lanes>/w5-own09r2-red/libs/cua-driver/rust/crates/cua-driver-core)
   Compiling cursor-overlay v0.32.0 (<lanes>/w5-own09r2-red/libs/cua-driver/rust/crates/cursor-overlay)
   Compiling platform-linux v0.32.0 (<lanes>/w5-own09r2-red/libs/cua-driver/rust/crates/platform-linux)
    Finished `test` profile [unoptimized + debuginfo] target(s) in 25.79s
warning: the following packages contain code that will be rejected by a future version of Rust: nom v1.2.4
note: to see what the problems were, use the option `--future-incompat-report`, or run `cargo report future-incompatibilities --id 1`
     Running unittests src/lib.rs (<cargo-targets>/cua-release-own09r/debug/deps/cua_driver_sdk-55bff99a363dab12)

running 1 test
test abi::own09r_cabi_tests::revision_cancel_requested_before_admission_is_refused ... ok

test result: ok. 1 passed; 0 failed; 0 ignored; 0 measured; 106 filtered out; finished in 0.63s

[unit] rc=0
[session] exit rc=0 run_dir=<tmp>/x11-session.KacVvi
