dbus-daemon[2664729]: [session uid=1000 pid=2664729 pidfd=4] Activating service name='org.freedesktop.systemd1' requested by ':1.1' (uid=1000 pid=2664738 comm="/usr/bin/dbus-broker-launch --config-file=/usr/sha")
dbus-daemon[2664729]: [session uid=1000 pid=2664729 pidfd=4] Activated service 'org.freedesktop.systemd1' failed: Process org.freedesktop.systemd1 exited with status 1
[session] DISPLAY=:100 openbox=2664761 picom=2664762 dbus=unix:path=<TMPDBUS>,guid=<GUID>
[unit] head=17cb66d1d1340ccf30e8b55c1ccc6515e310e9cb dirty=0 DISPLAY=:100 wayland=unset target=cua-release-own09r rustc=rustc 1.97.1 (8bab26f4f 2026-07-14)
[unit] cargo test --locked -p cua-driver-sdk --lib cancellation_slice_a
   Compiling cua-driver-contract v0.32.0 (<lanes>/w5-own09r2-red/libs/cua-driver/rust/crates/cua-driver-contract)
   Compiling pip-preview v0.32.0 (<lanes>/w5-own09r2-red/libs/cua-driver/rust/crates/pip-preview)
   Compiling cua-driver-sdk v0.32.0 (<lanes>/w5-own09r2-red/libs/cua-driver/rust/crates/cua-driver-sdk)
   Compiling cua-driver-core v0.32.0 (<lanes>/w5-own09r2-red/libs/cua-driver/rust/crates/cua-driver-core)
   Compiling cursor-overlay v0.32.0 (<lanes>/w5-own09r2-red/libs/cua-driver/rust/crates/cursor-overlay)
   Compiling platform-linux v0.32.0 (<lanes>/w5-own09r2-red/libs/cua-driver/rust/crates/platform-linux)
    Finished `test` profile [unoptimized + debuginfo] target(s) in 51.23s
warning: the following packages contain code that will be rejected by a future version of Rust: nom v1.2.4
note: to see what the problems were, use the option `--future-incompat-report`, or run `cargo report future-incompatibilities --id 1`
     Running unittests src/lib.rs (<cargo-targets>/cua-release-own09r/debug/deps/cua_driver_sdk-55bff99a363dab12)

running 6 tests
test cancellation_slice_a_tests::slice_a_rfc_admitted_capacity_is_owned_until_native_exit ... ignored, RFC #3796 kill gate: fails on current main until admitted work is owned until native exit
test cancellation_slice_a_tests::slice_a_cancel_before_admission_never_enters_native_work ... ok
test cancellation_slice_a_tests::slice_a_cancel_vs_native_entry_race_has_exactly_one_winner ... ok
test cancellation_slice_a_tests::slice_a_current_main_cancel_after_admission_releases_permit_before_native_exit ... ok
test cancellation_slice_a_tests::slice_a_prototype_owned_blocking_keeps_permit_until_native_exit ... ok
test cancellation_slice_a_tests::revision_shutdown_after_cancel_waits_for_owned_native_exit ... ok

test result: ok. 5 passed; 0 failed; 1 ignored; 0 measured; 102 filtered out; finished in 26.66s

[unit] rc=0
[session] exit rc=0 run_dir=<tmp>/x11-session.nGWVEs
