[2026-10-02T18:11:00Z] batch start phase=all loadavg=8.01 9.57 11.36
[2026-10-02T18:25:21Z] SW-U-T1 rc=0 loadavg=18.71 12.55 10.70
[2026-10-02T18:47:29Z] SW-F-T1 rc=0 loadavg=6.70 7.52 10.63
[2026-10-02T18:58:36Z] SX-U-T1 rc=0 loadavg=9.26 12.00 12.18
[2026-10-02T19:16:16Z] SX-F-T1 rc=0 loadavg=6.16 5.21 7.72
[2026-10-02T19:29:42Z] X11-U-T1 rc=0 loadavg=1.89 3.40 5.68
[2026-10-02T19:41:47Z] X11-F-T1 rc=0 loadavg=4.33 4.45 4.96
[2026-10-02T19:47:01Z] SW-U-N1 rc=0 loadavg=7.21 6.23 5.57
[2026-10-02T19:53:09Z] SX-U-N1 rc=0 loadavg=6.56 5.67 5.41
[2026-10-02T19:56:25Z] SW-F-T2 rc=0 loadavg=5.26 5.42 5.35
[2026-10-02T20:01:11Z] SW-U-T2 rc=0 loadavg=5.81 5.46 5.36
[2026-10-02T20:05:03Z] SX-F-T2 rc=0 loadavg=2.28 3.77 4.68
[2026-10-02T20:21:39Z] resume start: SX-U-T2:truth:3 X11-F-T2:truth:3:rows X11-U-T2:truth:3:rows loadavg=2.18 3.92 4.51
[2026-10-02T20:24:48Z] SX-U-T2 rc=0 loadavg=1.66 3.04 4.07
[2026-10-02T20:26:32Z] X11-F-T2 rc=0 loadavg=3.01 3.01 3.94
[2026-10-02T20:29:41Z] X11-U-T2 rc=0 loadavg=5.50 3.50 3.91
[2026-10-02T20:29:41Z] resume done: SX-U-T2:truth:3 X11-F-T2:truth:3:rows X11-U-T2:truth:3:rows loadavg=5.50 3.50 3.91
[2026-10-02T20:30:17Z] resume start: SW-U-B1:timing:0 SX-U-B1:timing:0 SX-U-B2:timing:1 SW-U-B2:timing:1 SW-D1:smoke loadavg=4.04 3.38 3.86
[2026-10-02T20:31:59Z] SW-U-B1 rc=0 loadavg=6.98 4.22 4.09
[2026-10-02T20:40:24Z] SX-U-B1 rc=0 loadavg=3.02 5.30 5.40
[2026-10-02T20:42:25Z] SX-U-B2 rc=0 loadavg=17.41 8.49 6.45
[2026-10-02T20:43:27Z] SW-U-B2 rc=0 loadavg=8.83 7.68 6.30
[2026-10-02T20:44:05Z] SW-D1 rc=0 loadavg=6.38 7.15 6.17
[2026-10-02T20:44:05Z] resume done: SW-U-B1:timing:0 SX-U-B1:timing:0 SX-U-B2:timing:1 SW-U-B2:timing:1 SW-D1:smoke loadavg=6.38 7.15 6.17
