2026-10-09T21:28:11Z
COMMAND: cargo build --locked -p cua-driver
    Blocking waiting for file lock on build directory
   Compiling zbus-secret-service-keyring-store v1.0.0
   Compiling x11 v2.21.0
   Compiling io-extras v0.19.0
   Compiling fs-set-times v0.20.3
   Compiling atspi-connection v0.14.0
   Compiling zstd v0.13.3
   Compiling rand_core v0.9.5
   Compiling rustix-linux-procfs v0.1.1
   Compiling cua-cursor-motion v0.34.0 (/workspace/cua-native-gate/libs/cua-driver/rust/crates/cua-cursor-motion)
   Compiling ambient-authority v0.0.2
   Compiling nom v1.2.4
   Compiling maybe-owned v0.3.4
   Compiling cap-std v4.0.3
   Compiling rustls v0.23.45
   Compiling fnv v1.0.7
   Compiling meval v0.2.0
   Compiling cap-primitives v4.0.3
   Compiling atspi v0.30.0
   Compiling rand_chacha v0.9.0
   Compiling cursor-overlay v0.34.0 (/workspace/cua-native-gate/libs/cua-driver/rust/crates/cursor-overlay)
   Compiling keyring v4.1.6
   Compiling clipboard-rs v0.3.5
   Compiling evdev v0.12.2
   Compiling dirs v5.0.1
   Compiling rustls-webpki v0.103.15
   Compiling ashpd v0.13.11
   Compiling pip-preview v0.34.0 (/workspace/cua-native-gate/libs/cua-driver/rust/crates/pip-preview)
   Compiling crossbeam-channel v0.5.15
   Compiling memmap2 v0.9.10
   Compiling cua-driver-sdk v0.34.0 (/workspace/cua-native-gate/libs/cua-driver/rust/crates/cua-driver-sdk)
   Compiling toml_writer v1.1.2+spec-1.1.0
   Compiling cap-fs-ext v4.0.3
   Compiling platform-linux v0.34.0 (/workspace/cua-native-gate/libs/cua-driver/rust/crates/platform-linux)
   Compiling toml_edit v0.25.12+spec-1.1.0
   Compiling rand v0.9.5
   Compiling webpki-roots v1.0.7
   Compiling ureq-proto v0.6.0
   Compiling sharded-slab v0.1.7
   Compiling matchers v0.2.0
   Compiling tracing-log v0.2.0
   Compiling filetime v0.2.29
   Compiling thread_local v1.1.9
   Compiling cua-driver v0.34.0 (/workspace/cua-native-gate/libs/cua-driver/rust/crates/cua-driver)
   Compiling utf8-zero v0.8.1
   Compiling nu-ansi-term v0.50.3
   Compiling tar v0.4.46
   Compiling tracing-subscriber v0.3.23
   Compiling ureq v3.3.0
   Compiling cua-telemetry v0.1.0 (/workspace/cua-native-gate/libs/cua/crates/cua-telemetry)
    Finished `dev` profile [unoptimized + debuginfo] target(s) in 1m 35s
warning: the following packages contain code that will be rejected by a future version of Rust: nom v1.2.4
note: to see what the problems were, use the option `--future-incompat-report`, or run `cargo report future-incompatibilities --id 1`

EXIT_CODE=0
2026-10-09T21:29:46Z
