2026-10-09T21:25:59Z
COMMAND: cargo build --locked -p cua-driver
    Blocking waiting for file lock on package cache
    Blocking waiting for file lock on package cache
 Downloading crates ...
  Downloaded ambient-authority v0.0.2
  Downloaded aes v0.8.4
  Downloaded arrayref v0.3.9
  Downloaded async-broadcast v0.7.2
  Downloaded arrayvec v0.7.6
  Downloaded async-executor v1.14.0
  Downloaded ashpd v0.13.11
  Downloaded async-io v2.6.0
  Downloaded async-process v2.5.0
  Downloaded async-channel v2.5.0
  Downloaded async-recursion v1.1.1
  Downloaded async-compat v0.2.5
  Downloaded async-lock v3.4.2
  Downloaded async-task v4.7.1
  Downloaded atomic-waker v1.1.2
  Downloaded async-signal v0.2.14
  Downloaded atspi v0.30.0
  Downloaded atspi-common v0.14.0
  Downloaded atspi-connection v0.14.0
  Downloaded atspi-proxies v0.14.0
  Downloaded cap-fs-ext v4.0.3
  Downloaded clipboard-rs v0.3.5
  Downloaded bitvec v1.0.1
  Downloaded block-padding v0.3.3
  Downloaded blocking v1.6.2
  Downloaded cap-primitives v4.0.3
  Downloaded cbc v0.1.2
  Downloaded cipher v0.4.4
  Downloaded cookie v0.18.1
  Downloaded cap-std v4.0.3
  Downloaded concurrent-queue v2.5.0
  Downloaded crossbeam-utils v0.8.21
  Downloaded bitflags v1.3.2
  Downloaded cookie_store v0.22.1
  Downloaded endi v1.1.1
  Downloaded dirs v5.0.1
  Downloaded enumflags2_derive v0.7.12
  Downloaded crossbeam-channel v0.5.15
  Downloaded dirs-sys v0.4.1
  Downloaded document-features v0.2.12
  Downloaded downcast-rs v1.2.1
  Downloaded enumflags2 v0.7.12
  Downloaded filetime v0.2.29
  Downloaded fnv v1.0.7
  Downloaded event-listener v5.4.1
  Downloaded event-listener-strategy v0.5.4
  Downloaded fax v0.2.7
  Downloaded fixedbitset v0.5.7
  Downloaded evdev v0.12.2
  Downloaded foreign-types v0.3.2
  Downloaded foldhash v0.1.5
  Downloaded foreign-types-shared v0.1.1
  Downloaded fontdue v0.9.3
  Downloaded fs-set-times v0.20.3
  Downloaded io-extras v0.19.0
  Downloaded funty v2.0.0
  Downloaded hex v0.4.3
  Downloaded io-lifetimes v3.0.1
  Downloaded io-lifetimes v2.0.4
  Downloaded futures-lite v2.6.1
  Downloaded futures-io v0.3.32
  Downloaded jobserver v0.1.35
  Downloaded keyring v4.1.6
  Downloaded hashbrown v0.15.5
  Downloaded inout v0.1.4
  Downloaded keyring-core v1.0.0
  Downloaded litrs v1.0.0
  Downloaded matchers v0.2.0
  Downloaded hash32 v0.2.1
  Downloaded heapless v0.7.17
  Downloaded maybe-owned v0.3.4
  Downloaded memoffset v0.6.5
  Downloaded memmap2 v0.9.10
  Downloaded meval v0.2.0
  Downloaded nu-ansi-term v0.50.3
  Downloaded native-tls v0.2.18
  Downloaded nix v0.23.2
  Downloaded nom v1.2.4
  Downloaded openssl v0.10.80
  Downloaded parking v2.2.1
  Downloaded nom v8.0.0
  Downloaded openssl-macros v0.1.1
  Downloaded openssl-probe v0.2.1
  Downloaded ordered-stream v0.2.0
  Downloaded openssl-sys v0.9.117
  Downloaded option-ext v0.2.0
  Downloaded os_pipe v1.2.3
  Downloaded petgraph v0.8.3
  Downloaded piper v0.2.5
  Downloaded pkg-config v0.3.33
  Downloaded proc-macro-crate v3.5.0
  Downloaded rand_chacha v0.9.0
  Downloaded polling v3.11.0
  Downloaded rand v0.9.5
  Downloaded rand_core v0.9.5
  Downloaded sharded-slab v0.1.7
  Downloaded quick-error v2.0.1
  Downloaded quick-xml v0.39.4
  Downloaded radium v0.7.0
  Downloaded spin v0.9.9
  Downloaded vcpkg v0.2.15
  Downloaded rustls-pki-types v1.14.1
  Downloaded tracing-log v0.2.0
  Downloaded ring v0.17.14
  Downloaded utf8-zero v0.8.1
  Downloaded serde_repr v0.1.20
  Downloaded untrusted v0.9.0
  Downloaded rustc_version v0.4.1
  Downloaded tiny-skia-path v0.11.4
  Downloaded zbus_macros v5.16.0
  Downloaded zstd-safe v7.2.4
  Downloaded wayland-backend v0.3.15
  Downloaded zbus v5.16.0
  Downloaded zbus_names v4.3.2
  Downloaded zstd-sys v2.0.16+zstd.1.5.7
  Downloaded thread_local v1.1.9
  Downloaded tokio-native-tls v0.3.1
  Downloaded ttf-parser v0.21.1
  Downloaded webpki-roots v1.0.7
  Downloaded x11 v2.21.0
  Downloaded zvariant_derive v5.12.0
  Downloaded wayland-protocols v0.32.12
  Downloaded secret-service v5.1.0
  Downloaded wayland-sys v0.31.11
  Downloaded rustls-webpki v0.103.15
  Downloaded zbus-lockstep-macros v0.5.2
  Downloaded rustls v0.23.45
  Downloaded strict-num v0.1.1
  Downloaded tap v1.0.1
  Downloaded tar v0.4.46
  Downloaded tiny-skia v0.11.4
  Downloaded ureq-proto v0.6.0
  Downloaded ureq v3.3.0
  Downloaded zstd v0.13.3
  Downloaded zvariant v5.12.0
  Downloaded tree_magic_mini v3.2.2
  Downloaded wayland-protocols-wlr v0.3.12
  Downloaded zbus-lockstep v0.5.2
  Downloaded zbus_xml v5.1.1
  Downloaded wyz v0.5.1
  Downloaded toml_edit v0.25.12+spec-1.1.0
  Downloaded wayland-scanner v0.31.10
  Downloaded wl-clipboard-rs v0.9.3
  Downloaded tiff v0.11.3
  Downloaded toml_datetime v1.1.1+spec-1.1.0
  Downloaded zbus-secret-service-keyring-store v1.0.0
  Downloaded wayland-client v0.31.14
  Downloaded tracing-subscriber v0.3.23
  Downloaded zvariant_utils v3.4.0
  Downloaded weezl v0.1.12
  Downloaded rustix-linux-procfs v0.1.1
    Blocking waiting for file lock on build directory
   Compiling proc-macro2 v1.0.106
   Compiling unicode-ident v1.0.24
   Compiling quote v1.0.45
   Compiling libc v0.2.186
   Compiling memchr v2.8.0
   Compiling rustix v1.1.4
   Compiling syn v2.0.117
   Compiling linux-raw-sys v0.12.1
   Compiling smallvec v1.15.1
   Compiling winnow v1.0.3
   Compiling jobserver v0.1.35
   Compiling cc v1.2.62
   Compiling toml_parser v1.1.2+spec-1.1.0
   Compiling futures-core v0.3.32
   Compiling getrandom v0.4.2
   Compiling toml_datetime v1.1.1+spec-1.1.0
   Compiling futures-io v0.3.32
   Compiling crossbeam-utils v0.8.21
   Compiling parking_lot_core v0.9.12
   Compiling toml_edit v0.25.12+spec-1.1.0
   Compiling parking_lot v0.12.5
   Compiling proc-macro-crate v3.5.0
   Compiling synstructure v0.13.2
   Compiling crypto-common v0.2.2
   Compiling errno v0.3.14
   Compiling parking v2.2.1
   Compiling signal-hook-registry v1.4.8
   Compiling concurrent-queue v2.5.0
   Compiling pkg-config v0.3.33
   Compiling endi v1.1.1
   Compiling socket2 v0.6.3
   Compiling serde_derive v1.0.228
   Compiling zeroize_derive v1.5.0
   Compiling enumflags2_derive v0.7.12
   Compiling zeroize v1.8.2
   Compiling zerocopy-derive v0.8.48
   Compiling zerofrom-derive v0.1.7
   Compiling yoke-derive v0.8.2
   Compiling tokio-macros v2.7.0
   Compiling zerofrom v0.1.8
   Compiling mio v1.2.0
   Compiling zerocopy v0.8.48
   Compiling slab v0.4.12
   Compiling tokio v1.52.1
   Compiling yoke v0.8.2
   Compiling cipher v0.5.2
   Compiling chacha20 v0.10.1
   Compiling serde v1.0.228
   Compiling zerovec-derive v0.11.3
   Compiling zvariant_utils v3.4.0
   Compiling zvariant_derive v5.12.0
   Compiling enumflags2 v0.7.12
   Compiling event-listener v5.4.1
   Compiling log v0.4.29
   Compiling event-listener-strategy v0.5.4
   Compiling zerovec v0.11.6
   Compiling zvariant v5.12.0
   Compiling displaydoc v0.2.5
   Compiling futures-lite v2.6.1
   Compiling getrandom v0.2.17
   Compiling tracing-core v0.1.36
   Compiling quick-xml v0.39.4
   Compiling zbus_names v4.3.2
   Compiling rand v0.10.2
   Compiling tracing-attributes v0.1.31
   Compiling async-io v2.6.0
   Compiling uuid v1.23.1
   Compiling tracing v0.1.44
   Compiling serde_json v1.0.149
   Compiling polling v3.11.0
   Compiling getrandom v0.3.4
   Compiling async-task v4.7.1
   Compiling tinystr v0.8.3
   Compiling async-channel v2.5.0
   Compiling async-trait v0.1.89
   Compiling thiserror-impl v2.0.18
   Compiling atomic-waker v1.1.2
   Compiling icu_locale_core v2.2.0
   Compiling thiserror v2.0.18
   Compiling piper v0.2.5
   Compiling async-signal v0.2.14
   Compiling zerotrie v0.2.4
   Compiling potential_utf v0.1.5
   Compiling async-lock v3.4.2
   Compiling aho-corasick v1.1.4
   Compiling hex v0.4.3
   Compiling icu_collections v2.2.0
   Compiling icu_provider v2.2.0
   Compiling async-process v2.5.0
   Compiling blocking v1.6.2
   Compiling async-executor v1.14.0
   Compiling zbus_macros v5.16.0
   Compiling ppv-lite86 v0.2.21
   Compiling regex-automata v0.4.14
   Compiling async-broadcast v0.7.2
   Compiling serde_repr v0.1.20
   Compiling ref-cast-impl v1.0.25
   Compiling async-recursion v1.1.1
   Compiling ordered-stream v0.2.0
   Compiling num v0.4.3
   Compiling ref-cast v1.0.25
   Compiling uniffi_internal_macros v0.31.0
   Compiling wayland-sys v0.31.11
   Compiling futures-macro v0.3.32
   Compiling semver v1.0.28
   Compiling zbus v5.16.0
   Compiling futures-util v0.3.32
   Compiling rustc_version v0.4.1
   Compiling icu_properties v2.2.0
   Compiling icu_normalizer v2.2.0
   Compiling tempfile v3.27.0
   Compiling block-padding v0.3.3
   Compiling wayland-backend v0.3.15
   Compiling inout v0.1.4
   Compiling uniffi_pipeline v0.31.0
   Compiling idna_adapter v1.2.2
   Compiling heapless v0.7.17
   Compiling zbus_xml v5.1.1
   Compiling rand_core v0.6.4
   Compiling zstd-sys v2.0.16+zstd.1.5.7
   Compiling thiserror-impl v1.0.69
   Compiling rquickjs-sys v0.14.0
   Compiling ipnet v2.12.0
   Compiling downcast-rs v1.2.1
   Compiling wayland-client v0.31.14
   Compiling bytemuck v1.25.0
   Compiling fluent-uri v0.4.1
   Compiling toml v0.9.12+spec-1.1.0
   Compiling thiserror v1.0.69
   Compiling zbus-lockstep v0.5.2
   Compiling rand_chacha v0.3.1
   Compiling uniffi_meta v0.31.0
   Compiling idna v1.1.0
   Compiling cipher v0.4.4
   Compiling ahash v0.8.12
   Compiling hash32 v0.2.1
   Compiling wayland-scanner v0.31.10
   Compiling async-compat v0.2.5
   Compiling half v2.7.1
   Compiling cargo-platform v0.1.9
   Compiling serde_derive_internals v0.29.1
   Compiling ring v0.17.14
   Compiling spin v0.9.9
   Compiling foldhash v0.1.5
   Compiling referencing v0.46.10
   Compiling ciborium-ll v0.2.2
   Compiling hashbrown v0.15.5
   Compiling schemars_derive v1.2.1
   Compiling cargo_metadata v0.19.2
   Compiling uniffi_core v0.31.0
   Compiling uniffi_macros v0.31.0
   Compiling rand v0.8.6
   Compiling zbus-lockstep-macros v0.5.2
   Compiling fancy-regex v0.18.0
   Compiling universal-hash v0.6.1
   Compiling fraction v0.15.4
   Compiling regex v1.12.3
   Compiling cobs v0.3.0
   Compiling email_address v0.2.9
   Compiling bstr v1.13.0
   Compiling memoffset v0.6.5
   Compiling io-lifetimes v3.0.1
   Compiling fixedbitset v0.5.7
   Compiling zstd-safe v7.2.4
   Compiling radium v0.7.0
   Compiling io-lifetimes v2.0.4
   Compiling petgraph v0.8.3
   Compiling image v0.25.10
   Compiling uniffi v0.31.0
   Compiling globset v0.4.19
   Compiling schemars v1.2.1
   Compiling jsonschema v0.46.10
   Compiling tungstenite v0.24.0
   Compiling postcard v1.1.3
   Compiling url v2.5.8
   Compiling rquickjs-core v0.14.0
   Compiling atspi-common v0.14.0
   Compiling poly1305 v0.9.1
   Compiling wayland-protocols v0.32.12
   Compiling ciborium v0.2.2
   Compiling serde_yaml v0.9.34+deprecated
   Compiling aes v0.8.4
   Compiling cbc v0.1.2
   Compiling aead v0.6.1
   Compiling nom v8.0.0
   Compiling arrayref v0.3.9
   Compiling io-extras v0.19.0
   Compiling strict-num v0.1.1
   Compiling tap v1.0.1
   Compiling regorus v0.10.1
   Compiling wyz v0.5.1
   Compiling tiny-skia-path v0.11.4
   Compiling chacha20poly1305 v0.11.0
   Compiling secret-service v5.1.0
   Compiling tree_magic_mini v3.2.2
   Compiling wayland-protocols-wlr v0.3.12
   Compiling atspi-proxies v0.14.0
   Compiling coset v0.4.2
   Compiling rquickjs v0.14.0
   Compiling tokio-tungstenite v0.24.0
   Compiling cua-driver-contract v0.34.0 (/workspace/cua-native-gate/libs/cua-driver/rust/crates/cua-driver-contract)
   Compiling serde_yaml_ng v0.10.0
   Compiling keyring-core v1.0.0
   Compiling rustls-pki-types v1.14.1
   Compiling x11 v2.21.0
   Compiling gethostname v1.1.0
   Compiling fs2 v0.4.3
   Compiling os_pipe v1.2.3
   Compiling cap-primitives v4.0.3
   Compiling ttf-parser v0.21.1
   Compiling untrusted v0.9.0
   Compiling funty v2.0.0
   Compiling x11rb-protocol v0.13.2
   Compiling option-ext v0.2.0
   Compiling bitflags v1.3.2
   Compiling arrayvec v0.7.6
   Compiling tiny-skia v0.11.4
   Compiling nix v0.23.2
   Compiling dirs-sys v0.4.1
   Compiling cua-driver-core v0.34.0 (/workspace/cua-native-gate/libs/cua-driver/rust/crates/cua-driver-core)
   Compiling bitvec v1.0.1
   Compiling x11rb v0.13.2
   Compiling fontdue v0.9.3
   Compiling wl-clipboard-rs v0.9.3
error: failed to run custom build command for `x11 v2.21.0`

Caused by:
  process didn't exit successfully: `/workspace/cua-native-gate/libs/cua-driver/rust/target/debug/build/x11-79e8d097620898ce/build-script-build` (exit status: 101)
  --- stdout
  cargo:rerun-if-env-changed=X11_NO_PKG_CONFIG
  cargo:rerun-if-env-changed=PKG_CONFIG_x86_64-unknown-linux-gnu
  cargo:rerun-if-env-changed=PKG_CONFIG_x86_64_unknown_linux_gnu
  cargo:rerun-if-env-changed=HOST_PKG_CONFIG
  cargo:rerun-if-env-changed=PKG_CONFIG
  cargo:rerun-if-env-changed=X11_STATIC
  cargo:rerun-if-env-changed=X11_DYNAMIC
  cargo:rerun-if-env-changed=PKG_CONFIG_ALL_STATIC
  cargo:rerun-if-env-changed=PKG_CONFIG_ALL_DYNAMIC
  cargo:rerun-if-env-changed=PKG_CONFIG_PATH_x86_64-unknown-linux-gnu
  cargo:rerun-if-env-changed=PKG_CONFIG_PATH_x86_64_unknown_linux_gnu
  cargo:rerun-if-env-changed=HOST_PKG_CONFIG_PATH
  cargo:rerun-if-env-changed=PKG_CONFIG_PATH
  cargo:rerun-if-env-changed=PKG_CONFIG_LIBDIR_x86_64-unknown-linux-gnu
  cargo:rerun-if-env-changed=PKG_CONFIG_LIBDIR_x86_64_unknown_linux_gnu
  cargo:rerun-if-env-changed=HOST_PKG_CONFIG_LIBDIR
  cargo:rerun-if-env-changed=PKG_CONFIG_LIBDIR
  cargo:rerun-if-env-changed=PKG_CONFIG_SYSROOT_DIR_x86_64-unknown-linux-gnu
  cargo:rerun-if-env-changed=PKG_CONFIG_SYSROOT_DIR_x86_64_unknown_linux_gnu
  cargo:rerun-if-env-changed=HOST_PKG_CONFIG_SYSROOT_DIR
  cargo:rerun-if-env-changed=PKG_CONFIG_SYSROOT_DIR

  --- stderr

  thread 'main' (9418) panicked at /workspace/cua-gate-support/cargo/registry/src/index.crates.io-1949cf8c6b5b557f/x11-2.21.0/build.rs:42:14:
  called `Result::unwrap()` on an `Err` value:
  pkg-config exited with status code 1
  > PKG_CONFIG_ALLOW_SYSTEM_LIBS=1 PKG_CONFIG_ALLOW_SYSTEM_CFLAGS=1 pkg-config --libs --cflags x11 'x11 >= 1.4.99.1'

  pkg-config output:
    Package x11 was not found in the pkg-config search path.
    Perhaps you should add the directory containing `x11.pc'
    to the PKG_CONFIG_PATH environment variable
    Package 'x11', required by 'virtual:world', not found
    Package 'x11', required by 'virtual:world', not found

  The system library `x11` required by crate `x11` was not found.
  The file `x11.pc` needs to be installed and the PKG_CONFIG_PATH environment variable must contain its parent directory.
  The PKG_CONFIG_PATH environment variable is not set.

  HINT: if you have installed the library, try setting PKG_CONFIG_PATH to the directory containing `x11.pc`.

  note: run with `RUST_BACKTRACE=1` environment variable to display a backtrace
warning: build failed, waiting for other jobs to finish...

EXIT_CODE=101
2026-10-09T21:28:10Z
