2026-10-09T21:29:51Z
2ef54490cf51b3aca224eb45a3421482666d5276
f520a122f2a7e987544a53fb49e9301883779afb
6dba09b0394f93b0d6a7ad0cc31c62c764538af1
rustc 1.97.1 (8bab26f4f 2026-07-14)
cargo 1.97.1 (c980f4866 2026-06-30)
rustfmt 1.9.0-stable (8bab26f4f6 2026-07-14)
Linux a4fb3299e636 6.18.44 #1 SMP Sat Sep 26 20:02:31 UTC 2026 x86_64 GNU/Linux
PRETTY_NAME="Debian GNU/Linux 13 (trixie)"
NAME="Debian GNU/Linux"
VERSION_ID="13"
VERSION="13 (trixie)"
VERSION_CODENAME=trixie
DEBIAN_VERSION_FULL=13.6
ID=debian
HOME_URL="https://www.debian.org/"
SUPPORT_URL="https://www.debian.org/support"
BUG_REPORT_URL="https://bugs.debian.org/"
Filesystem      Size  Used Avail Use% Mounted on
overlay          32G   11G   20G  36% /workspace
17179869184
400000 100000
1.8.12
1.8.2
1.2.5
1.7.0
1.23.1
