[session] attempt=1 jitter_ms=1220
dbus-daemon[298810]: [session uid=1000 pid=298810 pidfd=5] Activating service name='org.freedesktop.systemd1' requested by ':1.1' (uid=1000 pid=298819 comm="/usr/bin/dbus-broker-launch --config-file=/usr/sha")
dbus-daemon[298810]: [session uid=1000 pid=298810 pidfd=5] Activated service 'org.freedesktop.systemd1' failed: Process org.freedesktop.systemd1 exited with status 1
[session] DISPLAY=:100 openbox=298881 picom=298882 dbus=unix:path=/tmp/dbus-wfnJr1dTUP,guid=b1f9b400ace87221e6a84d736ac17dba
[probe] display_set=yes atspi=1 loadavg=5.68 9.68 11.76 start=2026-10-03T22:12:13Z
dbus-daemon[298810]: [session uid=1000 pid=298810 pidfd=5] Activating service name='org.gtk.vfs.Daemon' requested by ':1.5' (uid=1000 pid=299003 comm="/usr/bin/python3 <lanes>/")
dbus-daemon[298810]: [session uid=1000 pid=298810 pidfd=5] Successfully activated service 'org.gtk.vfs.Daemon'
fusermount3: mount failed: Operation not permitted
dbus-daemon[298810]: [session uid=1000 pid=298810 pidfd=5] Activating service name='ca.desrt.dconf' requested by ':1.0' (uid=1000 pid=298812 comm="/usr/lib/at-spi-bus-launcher --launch-immediately")
dbus-daemon[298810]: [session uid=1000 pid=298810 pidfd=5] Successfully activated service 'ca.desrt.dconf'
dbus-daemon[298810]: [session uid=1000 pid=298810 pidfd=5] Activating service name='org.gtk.vfs.Metadata' requested by ':1.5' (uid=1000 pid=299003 comm="/usr/bin/python3 <lanes>/")
dbus-daemon[298810]: [session uid=1000 pid=298810 pidfd=5] Successfully activated service 'org.gtk.vfs.Metadata'
[probe] M8F-r1 failure=None
[probe] M8-r1 failure=None
[probe] M8-r2 failure=None
[probe] M8F-r2 failure=None
[probe] M8F-r3 failure=None
[probe] M8-r3 failure=None
[probe] M8-r4 failure=None
[probe] M8F-r4 failure=None
[probe] M8F-r5 failure=None
[probe] M8-r5 failure=None
[probe] rc=0 loadavg=8.27 9.56 11.58 end=2026-10-03T22:13:11Z
A connection to the bus can't be made
[session] exit rc=0 run_dir=<tmp>/x11-session.bNegNX
