[2026-10-03T13:59:14Z] block fix03-B-FS-a1-a1b1 jitter_ms=1033 loadavg=5.60 3.75 4.46
  rc=0 recorded=10
[2026-10-03T14:02:25Z] block fix03-B-F5-a1-a1b2 jitter_ms=1272 loadavg=5.85 5.01 4.82
  rc=0 recorded=10
[2026-10-03T14:05:24Z] block fix03-B-F5-a1-a1b3 jitter_ms=1987 loadavg=2.16 3.73 4.36
  rc=0 recorded=10
[2026-10-03T14:09:30Z] block fix03-B-FS-a1-a1b4 jitter_ms=782 loadavg=1.83 2.89 3.86
  rc=0 recorded=10
[2026-10-03T14:12:11Z] block fix03-B-F5-a3-a3b1 jitter_ms=2976 loadavg=3.36 2.99 3.73
  rc=0 recorded=10
[2026-10-03T14:13:09Z] block fix03-B-F-a3-a3b2 jitter_ms=1966 loadavg=2.90 2.95 3.68
  rc=0 recorded=10
[2026-10-03T14:14:07Z] block fix03-B-F-a3-a3b3 jitter_ms=879 loadavg=2.46 2.88 3.61
  rc=0 recorded=10
[2026-10-03T14:15:04Z] block fix03-B-F5-a3-a3b4 jitter_ms=839 loadavg=1.93 2.63 3.48
  rc=0 recorded=10
[2026-10-03T14:15:30Z] plan done 1-partA.txt
[2026-10-03T14:15:31Z] block fix03-N-U-WR-wr1 jitter_ms=722 loadavg=1.68 2.52 3.41
  rc=0 recorded=10
[2026-10-03T14:17:50Z] block fix03-N-F-WR-wr2 jitter_ms=714 loadavg=1.77 2.21 3.17
  rc=0 recorded=10
[2026-10-03T14:19:35Z] block fix03-N-F5-WR-wr3 jitter_ms=428 loadavg=1.93 2.19 3.06
  rc=0 recorded=10
[2026-10-03T14:21:22Z] block fix03-N-F5-WR-wr4 jitter_ms=2814 loadavg=1.91 2.08 2.92
  rc=0 recorded=10
[2026-10-03T14:23:07Z] block fix03-N-F-WR-wr5 jitter_ms=900 loadavg=1.69 2.05 2.83
  rc=0 recorded=10
[2026-10-03T14:24:53Z] block fix03-N-U-WR-wr6 jitter_ms=2274 loadavg=1.10 1.82 2.67
  rc=0 recorded=10
[2026-10-03T14:27:13Z] block fix03-N-F5-WS-ws1 jitter_ms=1551 loadavg=1.18 1.57 2.45
  rc=0 recorded=10
[2026-10-03T14:28:19Z] block fix03-N-F-WS-ws2 jitter_ms=2317 loadavg=1.05 1.45 2.34
  rc=0 recorded=10
[2026-10-03T14:29:25Z] block fix03-N-U-WS-ws3 jitter_ms=2362 loadavg=0.88 1.29 2.22
  rc=0 recorded=10
[2026-10-03T14:30:31Z] block fix03-N-U-WS-ws4 jitter_ms=2930 loadavg=0.59 1.13 2.10
  rc=0 recorded=10
[2026-10-03T14:31:36Z] block fix03-N-F-WS-ws5 jitter_ms=1404 loadavg=0.43 0.98 1.98
  rc=0 recorded=10
[2026-10-03T14:32:40Z] block fix03-N-F5-WS-ws6 jitter_ms=456 loadavg=0.47 0.90 1.89
  rc=0 recorded=10
[2026-10-03T14:33:45Z] block fix03-N-F-WK-wk1 jitter_ms=1405 loadavg=0.53 0.86 1.80
  rc=0 recorded=10
[2026-10-03T14:35:05Z] block fix03-N-F5-WK-wk2 jitter_ms=507 loadavg=0.62 0.82 1.71
  rc=0 recorded=10
[2026-10-03T14:36:28Z] block fix03-N-F5-WK-wk3 jitter_ms=2413 loadavg=0.47 0.75 1.61
  rc=0 recorded=10
[2026-10-03T14:37:51Z] block fix03-N-F-WK-wk4 jitter_ms=2953 loadavg=0.60 0.73 1.53
  rc=0 recorded=10
[2026-10-03T14:38:41Z] plan done 2-partC.txt
[2026-10-03T14:38:41Z] block fix03-N-U-W2dX-dx1 jitter_ms=76 loadavg=0.77 0.76 1.50
  rc=0 recorded=10
[2026-10-03T14:39:55Z] block fix03-N-F5-W2dX-dx2 jitter_ms=1571 loadavg=0.53 0.68 1.41
  rc=0 recorded=10
[2026-10-03T14:41:06Z] block fix03-N-F5-W2dX-dx3 jitter_ms=2269 loadavg=0.40 0.61 1.33
  rc=0 recorded=10
[2026-10-03T14:42:18Z] block fix03-N-U-W2dX-dx4 jitter_ms=2350 loadavg=0.54 0.62 1.27
  rc=0 recorded=10
[2026-10-03T14:43:31Z] block fix03-N-F5-W2cX-cx1 jitter_ms=775 loadavg=0.66 0.68 1.24
  rc=0 recorded=10
[2026-10-03T14:44:41Z] block fix03-N-U-W2cX-cx2 jitter_ms=2931 loadavg=0.57 0.64 1.19
  rc=0 recorded=10
[2026-10-03T14:45:51Z] block fix03-N-U-W2cX-cx3 jitter_ms=2557 loadavg=0.56 0.65 1.15
  rc=0 recorded=10
[2026-10-03T14:46:59Z] block fix03-N-F5-W2cX-cx4 jitter_ms=1331 loadavg=0.47 0.61 1.10
  rc=0 recorded=10
[2026-10-03T14:47:36Z] plan done 3-partD.txt
[2026-10-03T14:47:36Z] chain done
