[session] DISPLAY=:100 openbox=120762 picom=120763 dbus=unix:path=/tmp/dbus-<redacted>,guid=0fcf5caac2d1eb06b042cf3f6ac10db2
[fix03-probe] xdpyinfo ok DISPLAY=:100 outer_hostless=1
[fix03] loadavg=2.27 2.83 3.59 phase_args=--phase a3 --arm F --driver cua-driver-fix02r3-f-df4f1edf5 --out a3b3-a3-F --start-rep 11 --reps 10 
{"event": "validity", "ok": true, "display": ":100"}
dbus-daemon[120760]: [session uid=1000 pid=120760 pidfd=5] Activating service name='org.a11y.Bus' requested by ':1.0' (uid=1000 pid=120878 comm="<scrubbed1>/bin/cua-driver-fi")
dbus-daemon[120760]: [session uid=1000 pid=120760 pidfd=5] Successfully activated service 'org.a11y.Bus'
dbus-daemon[120760]: [session uid=1000 pid=120760 pidfd=5] Activating service name='ca.desrt.dconf' requested by ':1.1' (uid=1000 pid=120885 comm="/usr/lib/at-spi-bus-launcher")
dbus-daemon[120760]: [session uid=1000 pid=120760 pidfd=5] Successfully activated service 'ca.desrt.dconf'
dbus-daemon[120760]: [session uid=1000 pid=120760 pidfd=5] Activating service name='org.freedesktop.systemd1' requested by ':1.4' (uid=1000 pid=120903 comm="/usr/bin/dbus-broker-launch --config-file=/usr/sha")
dbus-daemon[120760]: [session uid=1000 pid=120760 pidfd=5] Activated service 'org.freedesktop.systemd1' failed: Process org.freedesktop.systemd1 exited with status 1
dbus-daemon[120760]: [session uid=1000 pid=120760 pidfd=5] Activating service name='org.gtk.vfs.Daemon' requested by ':1.5' (uid=1000 pid=120979 comm="/opt/google/chrome/chrome --remote-debugging-port=")
dbus-daemon[120760]: [session uid=1000 pid=120760 pidfd=5] Successfully activated service 'org.gtk.vfs.Daemon'
fusermount3: mount failed: Operation not permitted
dbus-daemon[120760]: [session uid=1000 pid=120760 pidfd=5] Activating service name='org.freedesktop.systemd1' requested by ':1.4' (uid=1000 pid=120903 comm="/usr/bin/dbus-broker-launch --config-file=/usr/sha")
dbus-daemon[120760]: [session uid=1000 pid=120760 pidfd=5] Activated service 'org.freedesktop.systemd1' failed: Process org.freedesktop.systemd1 exited with status 1
dbus-daemon[120760]: [session uid=1000 pid=120760 pidfd=5] Activating service name='org.freedesktop.systemd1' requested by ':1.4' (uid=1000 pid=120903 comm="/usr/bin/dbus-broker-launch --config-file=/usr/sha")
dbus-daemon[120760]: [session uid=1000 pid=120760 pidfd=5] Activated service 'org.freedesktop.systemd1' failed: Process org.freedesktop.systemd1 exited with status 1
dbus-daemon[120760]: [session uid=1000 pid=120760 pidfd=5] Activating service name='org.freedesktop.Notifications' requested by ':1.7' (uid=1000 pid=120979 comm="/opt/google/chrome/chrome --remote-debugging-port=")
dbus-daemon[120760]: [session uid=1000 pid=120760 pidfd=5] Activating service name='org.freedesktop.portal.Desktop' requested by ':1.7' (uid=1000 pid=120979 comm="/opt/google/chrome/chrome --remote-debugging-port=")
dbus-daemon[120760]: [session uid=1000 pid=120760 pidfd=5] Activating service name='org.freedesktop.impl.portal.PermissionStore' requested by ':1.9' (uid=1000 pid=121111 comm="/usr/lib/xdg-desktop-portal")
dbus-daemon[120760]: [session uid=1000 pid=120760 pidfd=5] Successfully activated service 'org.freedesktop.Notifications'
dbus-daemon[120760]: [session uid=1000 pid=120760 pidfd=5] Successfully activated service 'org.freedesktop.impl.portal.PermissionStore'
dbus-daemon[120760]: [session uid=1000 pid=120760 pidfd=5] Activating service name='org.freedesktop.portal.Documents' requested by ':1.9' (uid=1000 pid=121111 comm="/usr/lib/xdg-desktop-portal")
dbus-daemon[120760]: [session uid=1000 pid=120760 pidfd=5] Successfully activated service 'org.freedesktop.portal.Documents'
fusermount3: mount failed: Operation not permitted
error: fuse init failed: Can't mount path <scrubbed0>/x11-session.4dRsXV/xdg-runtime/doc

(/usr/lib/xdg-desktop-portal:121111): xdg-desktop-portal-WARNING **: 09:14:13.762: Document portal fuse mount point unknown: GDBus.Error:org.freedesktop.DBus.Error.ServiceUnknown: The name :1.11 was not provided by any .service files

(/usr/lib/xdg-desktop-portal:121111): xdg-desktop-portal-WARNING **: 09:14:13.762: Choosing gtk.portal for org.freedesktop.impl.portal.Lockdown as a last-resort fallback
dbus-daemon[120760]: [session uid=1000 pid=120760 pidfd=5] Activating service name='org.freedesktop.impl.portal.desktop.gtk' requested by ':1.9' (uid=1000 pid=121111 comm="/usr/lib/xdg-desktop-portal")
dbus-daemon[120760]: [session uid=1000 pid=120760 pidfd=5] Activating service name='org.freedesktop.systemd1' requested by ':1.4' (uid=1000 pid=120903 comm="/usr/bin/dbus-broker-launch --config-file=/usr/sha")
dbus-daemon[120760]: [session uid=1000 pid=120760 pidfd=5] Activated service 'org.freedesktop.systemd1' failed: Process org.freedesktop.systemd1 exited with status 1
dbus-daemon[120760]: [session uid=1000 pid=120760 pidfd=5] Successfully activated service 'org.freedesktop.impl.portal.desktop.gtk'

** (xdg-desktop-portal-gtk:121179): WARNING **: 09:14:13.787: AT-SPI: Could not obtain desktop path or name

dbus-daemon[120760]: [session uid=1000 pid=120760 pidfd=5] Activating service name='org.freedesktop.systemd1' requested by ':1.4' (uid=1000 pid=120903 comm="/usr/bin/dbus-broker-launch --config-file=/usr/sha")

(/usr/lib/xdg-desktop-portal:121111): xdg-desktop-portal-WARNING **: 09:14:13.787: Choosing gtk.portal for org.freedesktop.impl.portal.Access as a last-resort fallback
dbus-daemon[120760]: [session uid=1000 pid=120760 pidfd=5] Activated service 'org.freedesktop.systemd1' failed: Process org.freedesktop.systemd1 exited with status 1

** (xdg-desktop-portal-gtk:121179): WARNING **: 09:14:13.788: atk-bridge: GetRegisteredEvents returned message with unknown signature

** (xdg-desktop-portal-gtk:121179): WARNING **: 09:14:13.788: atk-bridge: get_device_events_reply: unknown signature

(/usr/lib/xdg-desktop-portal:121111): xdg-desktop-portal-WARNING **: 09:14:13.797: Choosing gtk.portal for org.freedesktop.impl.portal.Settings as a last-resort fallback

(/usr/lib/xdg-desktop-portal:121111): xdg-desktop-portal-WARNING **: 09:14:13.797: Choosing gtk.portal for org.freedesktop.impl.portal.FileChooser as a last-resort fallback

(/usr/lib/xdg-desktop-portal:121111): xdg-desktop-portal-WARNING **: 09:14:13.797: Choosing gtk.portal for org.freedesktop.impl.portal.AppChooser as a last-resort fallback

(/usr/lib/xdg-desktop-portal:121111): xdg-desktop-portal-WARNING **: 09:14:13.798: Choosing gtk.portal for org.freedesktop.impl.portal.Print as a last-resort fallback

(/usr/lib/xdg-desktop-portal:121111): xdg-desktop-portal-WARNING **: 09:14:13.798: Choosing gtk.portal for org.freedesktop.impl.portal.Notification as a last-resort fallback

(/usr/lib/xdg-desktop-portal:121111): xdg-desktop-portal-WARNING **: 09:14:13.798: Choosing gtk.portal for org.freedesktop.impl.portal.Inhibit as a last-resort fallback

(/usr/lib/xdg-desktop-portal:121111): xdg-desktop-portal-WARNING **: 09:14:13.800: Failed to connect to PipeWire: Couldn't connect to PipeWire

(/usr/lib/xdg-desktop-portal:121111): xdg-desktop-portal-WARNING **: 09:14:13.800: Choosing gtk.portal for org.freedesktop.impl.portal.Account as a last-resort fallback

(/usr/lib/xdg-desktop-portal:121111): xdg-desktop-portal-WARNING **: 09:14:13.801: Choosing gtk.portal for org.freedesktop.impl.portal.Email as a last-resort fallback

(/usr/lib/xdg-desktop-portal:121111): xdg-desktop-portal-WARNING **: 09:14:13.801: Choosing gtk.portal for org.freedesktop.impl.portal.DynamicLauncher as a last-resort fallback
dbus-daemon[120760]: [session uid=1000 pid=120760 pidfd=5] Successfully activated service 'org.freedesktop.portal.Desktop'
{"event": "cell", "id": "a3-F-rep11", "outcome": "verified", "first": "accepted", "status": "ok", "code": null, "race": false, "gen0_events": 2, "rebind": false}
dbus-daemon[120760]: [session uid=1000 pid=120760 pidfd=5] Activating service name='org.freedesktop.systemd1' requested by ':1.4' (uid=1000 pid=120903 comm="/usr/bin/dbus-broker-launch --config-file=/usr/sha")
dbus-daemon[120760]: [session uid=1000 pid=120760 pidfd=5] Activated service 'org.freedesktop.systemd1' failed: Process org.freedesktop.systemd1 exited with status 1
dbus-daemon[120760]: [session uid=1000 pid=120760 pidfd=5] Activating service name='org.freedesktop.systemd1' requested by ':1.4' (uid=1000 pid=120903 comm="/usr/bin/dbus-broker-launch --config-file=/usr/sha")
dbus-daemon[120760]: [session uid=1000 pid=120760 pidfd=5] Activated service 'org.freedesktop.systemd1' failed: Process org.freedesktop.systemd1 exited with status 1
dbus-daemon[120760]: [session uid=1000 pid=120760 pidfd=5] Activating service name='org.freedesktop.systemd1' requested by ':1.4' (uid=1000 pid=120903 comm="/usr/bin/dbus-broker-launch --config-file=/usr/sha")
dbus-daemon[120760]: [session uid=1000 pid=120760 pidfd=5] Activated service 'org.freedesktop.systemd1' failed: Process org.freedesktop.systemd1 exited with status 1
{"event": "cell", "id": "a3-F-rep12", "outcome": "verified", "first": "accepted", "status": "ok", "code": null, "race": false, "gen0_events": 2, "rebind": false}
dbus-daemon[120760]: [session uid=1000 pid=120760 pidfd=5] Activating service name='org.freedesktop.systemd1' requested by ':1.4' (uid=1000 pid=120903 comm="/usr/bin/dbus-broker-launch --config-file=/usr/sha")
dbus-daemon[120760]: [session uid=1000 pid=120760 pidfd=5] Activated service 'org.freedesktop.systemd1' failed: Process org.freedesktop.systemd1 exited with status 1
dbus-daemon[120760]: [session uid=1000 pid=120760 pidfd=5] Activating service name='org.freedesktop.systemd1' requested by ':1.4' (uid=1000 pid=120903 comm="/usr/bin/dbus-broker-launch --config-file=/usr/sha")
dbus-daemon[120760]: [session uid=1000 pid=120760 pidfd=5] Activated service 'org.freedesktop.systemd1' failed: Process org.freedesktop.systemd1 exited with status 1
dbus-daemon[120760]: [session uid=1000 pid=120760 pidfd=5] Activating service name='org.freedesktop.systemd1' requested by ':1.4' (uid=1000 pid=120903 comm="/usr/bin/dbus-broker-launch --config-file=/usr/sha")
dbus-daemon[120760]: [session uid=1000 pid=120760 pidfd=5] Activated service 'org.freedesktop.systemd1' failed: Process org.freedesktop.systemd1 exited with status 1
{"event": "cell", "id": "a3-F-rep13", "outcome": "verified", "first": "accepted", "status": "ok", "code": null, "race": false, "gen0_events": 2, "rebind": false}
dbus-daemon[120760]: [session uid=1000 pid=120760 pidfd=5] Activating service name='org.freedesktop.systemd1' requested by ':1.4' (uid=1000 pid=120903 comm="/usr/bin/dbus-broker-launch --config-file=/usr/sha")
dbus-daemon[120760]: [session uid=1000 pid=120760 pidfd=5] Activated service 'org.freedesktop.systemd1' failed: Process org.freedesktop.systemd1 exited with status 1
dbus-daemon[120760]: [session uid=1000 pid=120760 pidfd=5] Activating service name='org.freedesktop.systemd1' requested by ':1.4' (uid=1000 pid=120903 comm="/usr/bin/dbus-broker-launch --config-file=/usr/sha")
dbus-daemon[120760]: [session uid=1000 pid=120760 pidfd=5] Activated service 'org.freedesktop.systemd1' failed: Process org.freedesktop.systemd1 exited with status 1
dbus-daemon[120760]: [session uid=1000 pid=120760 pidfd=5] Activating service name='org.freedesktop.systemd1' requested by ':1.4' (uid=1000 pid=120903 comm="/usr/bin/dbus-broker-launch --config-file=/usr/sha")
dbus-daemon[120760]: [session uid=1000 pid=120760 pidfd=5] Activated service 'org.freedesktop.systemd1' failed: Process org.freedesktop.systemd1 exited with status 1
{"event": "cell", "id": "a3-F-rep14", "outcome": "verified", "first": "accepted", "status": "ok", "code": null, "race": false, "gen0_events": 2, "rebind": false}
dbus-daemon[120760]: [session uid=1000 pid=120760 pidfd=5] Activating service name='org.freedesktop.systemd1' requested by ':1.4' (uid=1000 pid=120903 comm="/usr/bin/dbus-broker-launch --config-file=/usr/sha")
dbus-daemon[120760]: [session uid=1000 pid=120760 pidfd=5] Activated service 'org.freedesktop.systemd1' failed: Process org.freedesktop.systemd1 exited with status 1
dbus-daemon[120760]: [session uid=1000 pid=120760 pidfd=5] Activating service name='org.freedesktop.systemd1' requested by ':1.4' (uid=1000 pid=120903 comm="/usr/bin/dbus-broker-launch --config-file=/usr/sha")
dbus-daemon[120760]: [session uid=1000 pid=120760 pidfd=5] Activated service 'org.freedesktop.systemd1' failed: Process org.freedesktop.systemd1 exited with status 1
dbus-daemon[120760]: [session uid=1000 pid=120760 pidfd=5] Activating service name='org.freedesktop.systemd1' requested by ':1.4' (uid=1000 pid=120903 comm="/usr/bin/dbus-broker-launch --config-file=/usr/sha")
dbus-daemon[120760]: [session uid=1000 pid=120760 pidfd=5] Activated service 'org.freedesktop.systemd1' failed: Process org.freedesktop.systemd1 exited with status 1
{"event": "cell", "id": "a3-F-rep15", "outcome": "verified", "first": "accepted", "status": "ok", "code": null, "race": false, "gen0_events": 2, "rebind": false}
dbus-daemon[120760]: [session uid=1000 pid=120760 pidfd=5] Activating service name='org.freedesktop.systemd1' requested by ':1.4' (uid=1000 pid=120903 comm="/usr/bin/dbus-broker-launch --config-file=/usr/sha")
dbus-daemon[120760]: [session uid=1000 pid=120760 pidfd=5] Activated service 'org.freedesktop.systemd1' failed: Process org.freedesktop.systemd1 exited with status 1
dbus-daemon[120760]: [session uid=1000 pid=120760 pidfd=5] Activating service name='org.freedesktop.systemd1' requested by ':1.4' (uid=1000 pid=120903 comm="/usr/bin/dbus-broker-launch --config-file=/usr/sha")
dbus-daemon[120760]: [session uid=1000 pid=120760 pidfd=5] Activated service 'org.freedesktop.systemd1' failed: Process org.freedesktop.systemd1 exited with status 1
dbus-daemon[120760]: [session uid=1000 pid=120760 pidfd=5] Activating service name='org.freedesktop.systemd1' requested by ':1.4' (uid=1000 pid=120903 comm="/usr/bin/dbus-broker-launch --config-file=/usr/sha")
dbus-daemon[120760]: [session uid=1000 pid=120760 pidfd=5] Activated service 'org.freedesktop.systemd1' failed: Process org.freedesktop.systemd1 exited with status 1
{"event": "cell", "id": "a3-F-rep16", "outcome": "verified", "first": "accepted", "status": "ok", "code": null, "race": false, "gen0_events": 2, "rebind": false}
dbus-daemon[120760]: [session uid=1000 pid=120760 pidfd=5] Activating service name='org.freedesktop.systemd1' requested by ':1.4' (uid=1000 pid=120903 comm="/usr/bin/dbus-broker-launch --config-file=/usr/sha")
dbus-daemon[120760]: [session uid=1000 pid=120760 pidfd=5] Activated service 'org.freedesktop.systemd1' failed: Process org.freedesktop.systemd1 exited with status 1
dbus-daemon[120760]: [session uid=1000 pid=120760 pidfd=5] Activating service name='org.freedesktop.systemd1' requested by ':1.4' (uid=1000 pid=120903 comm="/usr/bin/dbus-broker-launch --config-file=/usr/sha")
dbus-daemon[120760]: [session uid=1000 pid=120760 pidfd=5] Activated service 'org.freedesktop.systemd1' failed: Process org.freedesktop.systemd1 exited with status 1
dbus-daemon[120760]: [session uid=1000 pid=120760 pidfd=5] Activating service name='org.freedesktop.systemd1' requested by ':1.4' (uid=1000 pid=120903 comm="/usr/bin/dbus-broker-launch --config-file=/usr/sha")
dbus-daemon[120760]: [session uid=1000 pid=120760 pidfd=5] Activated service 'org.freedesktop.systemd1' failed: Process org.freedesktop.systemd1 exited with status 1
{"event": "cell", "id": "a3-F-rep17", "outcome": "verified", "first": "accepted", "status": "ok", "code": null, "race": false, "gen0_events": 2, "rebind": false}
dbus-daemon[120760]: [session uid=1000 pid=120760 pidfd=5] Activating service name='org.freedesktop.systemd1' requested by ':1.4' (uid=1000 pid=120903 comm="/usr/bin/dbus-broker-launch --config-file=/usr/sha")
dbus-daemon[120760]: [session uid=1000 pid=120760 pidfd=5] Activated service 'org.freedesktop.systemd1' failed: Process org.freedesktop.systemd1 exited with status 1
dbus-daemon[120760]: [session uid=1000 pid=120760 pidfd=5] Activating service name='org.freedesktop.systemd1' requested by ':1.4' (uid=1000 pid=120903 comm="/usr/bin/dbus-broker-launch --config-file=/usr/sha")
dbus-daemon[120760]: [session uid=1000 pid=120760 pidfd=5] Activated service 'org.freedesktop.systemd1' failed: Process org.freedesktop.systemd1 exited with status 1
dbus-daemon[120760]: [session uid=1000 pid=120760 pidfd=5] Activating service name='org.freedesktop.systemd1' requested by ':1.4' (uid=1000 pid=120903 comm="/usr/bin/dbus-broker-launch --config-file=/usr/sha")
dbus-daemon[120760]: [session uid=1000 pid=120760 pidfd=5] Activated service 'org.freedesktop.systemd1' failed: Process org.freedesktop.systemd1 exited with status 1
{"event": "cell", "id": "a3-F-rep18", "outcome": "verified", "first": "accepted", "status": "ok", "code": null, "race": false, "gen0_events": 2, "rebind": false}
dbus-daemon[120760]: [session uid=1000 pid=120760 pidfd=5] Activating service name='org.freedesktop.systemd1' requested by ':1.4' (uid=1000 pid=120903 comm="/usr/bin/dbus-broker-launch --config-file=/usr/sha")
dbus-daemon[120760]: [session uid=1000 pid=120760 pidfd=5] Activated service 'org.freedesktop.systemd1' failed: Process org.freedesktop.systemd1 exited with status 1
dbus-daemon[120760]: [session uid=1000 pid=120760 pidfd=5] Activating service name='org.freedesktop.systemd1' requested by ':1.4' (uid=1000 pid=120903 comm="/usr/bin/dbus-broker-launch --config-file=/usr/sha")
dbus-daemon[120760]: [session uid=1000 pid=120760 pidfd=5] Activated service 'org.freedesktop.systemd1' failed: Process org.freedesktop.systemd1 exited with status 1
dbus-daemon[120760]: [session uid=1000 pid=120760 pidfd=5] Activating service name='org.freedesktop.systemd1' requested by ':1.4' (uid=1000 pid=120903 comm="/usr/bin/dbus-broker-launch --config-file=/usr/sha")
dbus-daemon[120760]: [session uid=1000 pid=120760 pidfd=5] Activated service 'org.freedesktop.systemd1' failed: Process org.freedesktop.systemd1 exited with status 1
{"event": "cell", "id": "a3-F-rep19", "outcome": "verified", "first": "accepted", "status": "ok", "code": null, "race": false, "gen0_events": 2, "rebind": false}
dbus-daemon[120760]: [session uid=1000 pid=120760 pidfd=5] Activating service name='org.freedesktop.systemd1' requested by ':1.4' (uid=1000 pid=120903 comm="/usr/bin/dbus-broker-launch --config-file=/usr/sha")
dbus-daemon[120760]: [session uid=1000 pid=120760 pidfd=5] Activated service 'org.freedesktop.systemd1' failed: Process org.freedesktop.systemd1 exited with status 1
dbus-daemon[120760]: [session uid=1000 pid=120760 pidfd=5] Activating service name='org.freedesktop.systemd1' requested by ':1.4' (uid=1000 pid=120903 comm="/usr/bin/dbus-broker-launch --config-file=/usr/sha")
dbus-daemon[120760]: [session uid=1000 pid=120760 pidfd=5] Activated service 'org.freedesktop.systemd1' failed: Process org.freedesktop.systemd1 exited with status 1
dbus-daemon[120760]: [session uid=1000 pid=120760 pidfd=5] Activating service name='org.freedesktop.systemd1' requested by ':1.4' (uid=1000 pid=120903 comm="/usr/bin/dbus-broker-launch --config-file=/usr/sha")
dbus-daemon[120760]: [session uid=1000 pid=120760 pidfd=5] Activated service 'org.freedesktop.systemd1' failed: Process org.freedesktop.systemd1 exited with status 1
{"event": "cell", "id": "a3-F-rep20", "outcome": "verified", "first": "accepted", "status": "ok", "code": null, "race": false, "gen0_events": 2, "rebind": false}
A connection to the bus can't be made
X connection to :100 broken (explicit kill or server shutdown).
X connection to :100 broken (explicit kill or server shutdown).
[session] exit rc=0 run_dir=<scrubbed0>/x11-session.4dRsXV
