[session] DISPLAY=:100 openbox=128981 picom=128982 dbus=unix:path=/tmp/dbus-<redacted>,guid=60abf88add5b4d6c076e196f6ac10deb
[fix03-probe] xdpyinfo ok DISPLAY=:100 outer_hostless=1
[fix03] loadavg=1.86 2.60 3.46 phase_args=--phase a3 --arm F5 --driver cua-driver-fix03-f5-2237cf9c6 --out a3b4-a3-F5 --start-rep 11 --reps 10 
{"event": "validity", "ok": true, "display": ":100"}
dbus-daemon[128979]: [session uid=1000 pid=128979 pidfd=5] Activating service name='org.a11y.Bus' requested by ':1.0' (uid=1000 pid=129155 comm="<scrubbed1>/bin/cua-driver-fi")
dbus-daemon[128979]: [session uid=1000 pid=128979 pidfd=5] Successfully activated service 'org.a11y.Bus'
dbus-daemon[128979]: [session uid=1000 pid=128979 pidfd=5] Activating service name='ca.desrt.dconf' requested by ':1.1' (uid=1000 pid=129180 comm="/usr/lib/at-spi-bus-launcher")
dbus-daemon[128979]: [session uid=1000 pid=128979 pidfd=5] Successfully activated service 'ca.desrt.dconf'
dbus-daemon[128979]: [session uid=1000 pid=128979 pidfd=5] Activating service name='org.freedesktop.systemd1' requested by ':1.4' (uid=1000 pid=129200 comm="/usr/bin/dbus-broker-launch --config-file=/usr/sha")
dbus-daemon[128979]: [session uid=1000 pid=128979 pidfd=5] Activated service 'org.freedesktop.systemd1' failed: Process org.freedesktop.systemd1 exited with status 1
dbus-daemon[128979]: [session uid=1000 pid=128979 pidfd=5] Activating service name='org.gtk.vfs.Daemon' requested by ':1.5' (uid=1000 pid=129263 comm="/opt/google/chrome/chrome --remote-debugging-port=")
dbus-daemon[128979]: [session uid=1000 pid=128979 pidfd=5] Successfully activated service 'org.gtk.vfs.Daemon'
fusermount3: mount failed: Operation not permitted
dbus-daemon[128979]: [session uid=1000 pid=128979 pidfd=5] Activating service name='org.freedesktop.systemd1' requested by ':1.4' (uid=1000 pid=129200 comm="/usr/bin/dbus-broker-launch --config-file=/usr/sha")
dbus-daemon[128979]: [session uid=1000 pid=128979 pidfd=5] Activated service 'org.freedesktop.systemd1' failed: Process org.freedesktop.systemd1 exited with status 1
dbus-daemon[128979]: [session uid=1000 pid=128979 pidfd=5] Activating service name='org.freedesktop.systemd1' requested by ':1.4' (uid=1000 pid=129200 comm="/usr/bin/dbus-broker-launch --config-file=/usr/sha")
dbus-daemon[128979]: [session uid=1000 pid=128979 pidfd=5] Activated service 'org.freedesktop.systemd1' failed: Process org.freedesktop.systemd1 exited with status 1
dbus-daemon[128979]: [session uid=1000 pid=128979 pidfd=5] Activating service name='org.freedesktop.Notifications' requested by ':1.7' (uid=1000 pid=129263 comm="/opt/google/chrome/chrome --remote-debugging-port=")
dbus-daemon[128979]: [session uid=1000 pid=128979 pidfd=5] Activating service name='org.freedesktop.portal.Desktop' requested by ':1.7' (uid=1000 pid=129263 comm="/opt/google/chrome/chrome --remote-debugging-port=")
dbus-daemon[128979]: [session uid=1000 pid=128979 pidfd=5] Activating service name='org.freedesktop.impl.portal.PermissionStore' requested by ':1.9' (uid=1000 pid=129394 comm="/usr/lib/xdg-desktop-portal")
dbus-daemon[128979]: [session uid=1000 pid=128979 pidfd=5] Successfully activated service 'org.freedesktop.Notifications'
dbus-daemon[128979]: [session uid=1000 pid=128979 pidfd=5] Successfully activated service 'org.freedesktop.impl.portal.PermissionStore'
dbus-daemon[128979]: [session uid=1000 pid=128979 pidfd=5] Activating service name='org.freedesktop.portal.Documents' requested by ':1.9' (uid=1000 pid=129394 comm="/usr/lib/xdg-desktop-portal")
dbus-daemon[128979]: [session uid=1000 pid=128979 pidfd=5] Successfully activated service 'org.freedesktop.portal.Documents'
fusermount3: mount failed: Operation not permitted
error: fuse init failed: Can't mount path <scrubbed0>/x11-session.5bMGJJ/xdg-runtime/doc

(/usr/lib/xdg-desktop-portal:129394): xdg-desktop-portal-WARNING **: 09:15:10.687: Document portal fuse mount point unknown: GDBus.Error:org.freedesktop.DBus.Error.ServiceUnknown: The name :1.11 was not provided by any .service files

(/usr/lib/xdg-desktop-portal:129394): xdg-desktop-portal-WARNING **: 09:15:10.687: Choosing gtk.portal for org.freedesktop.impl.portal.Lockdown as a last-resort fallback
dbus-daemon[128979]: [session uid=1000 pid=128979 pidfd=5] Activating service name='org.freedesktop.impl.portal.desktop.gtk' requested by ':1.9' (uid=1000 pid=129394 comm="/usr/lib/xdg-desktop-portal")
dbus-daemon[128979]: [session uid=1000 pid=128979 pidfd=5] Activating service name='org.freedesktop.systemd1' requested by ':1.4' (uid=1000 pid=129200 comm="/usr/bin/dbus-broker-launch --config-file=/usr/sha")
dbus-daemon[128979]: [session uid=1000 pid=128979 pidfd=5] Activated service 'org.freedesktop.systemd1' failed: Process org.freedesktop.systemd1 exited with status 1
dbus-daemon[128979]: [session uid=1000 pid=128979 pidfd=5] Successfully activated service 'org.freedesktop.impl.portal.desktop.gtk'

** (xdg-desktop-portal-gtk:129421): WARNING **: 09:15:10.712: AT-SPI: Could not obtain desktop path or name

dbus-daemon[128979]: [session uid=1000 pid=128979 pidfd=5] Activating service name='org.freedesktop.systemd1' requested by ':1.4' (uid=1000 pid=129200 comm="/usr/bin/dbus-broker-launch --config-file=/usr/sha")

(/usr/lib/xdg-desktop-portal:129394): xdg-desktop-portal-WARNING **: 09:15:10.712: Choosing gtk.portal for org.freedesktop.impl.portal.Access as a last-resort fallback
dbus-daemon[128979]: [session uid=1000 pid=128979 pidfd=5] Activated service 'org.freedesktop.systemd1' failed: Process org.freedesktop.systemd1 exited with status 1

** (xdg-desktop-portal-gtk:129421): WARNING **: 09:15:10.713: atk-bridge: GetRegisteredEvents returned message with unknown signature

** (xdg-desktop-portal-gtk:129421): WARNING **: 09:15:10.713: atk-bridge: get_device_events_reply: unknown signature

(/usr/lib/xdg-desktop-portal:129394): xdg-desktop-portal-WARNING **: 09:15:10.721: Choosing gtk.portal for org.freedesktop.impl.portal.Settings as a last-resort fallback

(/usr/lib/xdg-desktop-portal:129394): xdg-desktop-portal-WARNING **: 09:15:10.721: Choosing gtk.portal for org.freedesktop.impl.portal.FileChooser as a last-resort fallback

(/usr/lib/xdg-desktop-portal:129394): xdg-desktop-portal-WARNING **: 09:15:10.721: Choosing gtk.portal for org.freedesktop.impl.portal.AppChooser as a last-resort fallback

(/usr/lib/xdg-desktop-portal:129394): xdg-desktop-portal-WARNING **: 09:15:10.722: Choosing gtk.portal for org.freedesktop.impl.portal.Print as a last-resort fallback

(/usr/lib/xdg-desktop-portal:129394): xdg-desktop-portal-WARNING **: 09:15:10.722: Choosing gtk.portal for org.freedesktop.impl.portal.Notification as a last-resort fallback

(/usr/lib/xdg-desktop-portal:129394): xdg-desktop-portal-WARNING **: 09:15:10.722: Choosing gtk.portal for org.freedesktop.impl.portal.Inhibit as a last-resort fallback

(/usr/lib/xdg-desktop-portal:129394): xdg-desktop-portal-WARNING **: 09:15:10.724: Failed to connect to PipeWire: Couldn't connect to PipeWire

(/usr/lib/xdg-desktop-portal:129394): xdg-desktop-portal-WARNING **: 09:15:10.724: Choosing gtk.portal for org.freedesktop.impl.portal.Account as a last-resort fallback

(/usr/lib/xdg-desktop-portal:129394): xdg-desktop-portal-WARNING **: 09:15:10.725: Choosing gtk.portal for org.freedesktop.impl.portal.Email as a last-resort fallback

(/usr/lib/xdg-desktop-portal:129394): xdg-desktop-portal-WARNING **: 09:15:10.725: Choosing gtk.portal for org.freedesktop.impl.portal.DynamicLauncher as a last-resort fallback
dbus-daemon[128979]: [session uid=1000 pid=128979 pidfd=5] Successfully activated service 'org.freedesktop.portal.Desktop'
{"event": "cell", "id": "a3-F5-rep11", "outcome": "verified", "first": "accepted", "status": "ok", "code": null, "race": false, "gen0_events": 2, "rebind": false}
dbus-daemon[128979]: [session uid=1000 pid=128979 pidfd=5] Activating service name='org.freedesktop.systemd1' requested by ':1.4' (uid=1000 pid=129200 comm="/usr/bin/dbus-broker-launch --config-file=/usr/sha")
dbus-daemon[128979]: [session uid=1000 pid=128979 pidfd=5] Activated service 'org.freedesktop.systemd1' failed: Process org.freedesktop.systemd1 exited with status 1
dbus-daemon[128979]: [session uid=1000 pid=128979 pidfd=5] Activating service name='org.freedesktop.systemd1' requested by ':1.4' (uid=1000 pid=129200 comm="/usr/bin/dbus-broker-launch --config-file=/usr/sha")
dbus-daemon[128979]: [session uid=1000 pid=128979 pidfd=5] Activated service 'org.freedesktop.systemd1' failed: Process org.freedesktop.systemd1 exited with status 1
dbus-daemon[128979]: [session uid=1000 pid=128979 pidfd=5] Activating service name='org.freedesktop.systemd1' requested by ':1.4' (uid=1000 pid=129200 comm="/usr/bin/dbus-broker-launch --config-file=/usr/sha")
dbus-daemon[128979]: [session uid=1000 pid=128979 pidfd=5] Activated service 'org.freedesktop.systemd1' failed: Process org.freedesktop.systemd1 exited with status 1
{"event": "cell", "id": "a3-F5-rep12", "outcome": "verified", "first": "accepted", "status": "ok", "code": null, "race": false, "gen0_events": 2, "rebind": false}
dbus-daemon[128979]: [session uid=1000 pid=128979 pidfd=5] Activating service name='org.freedesktop.systemd1' requested by ':1.4' (uid=1000 pid=129200 comm="/usr/bin/dbus-broker-launch --config-file=/usr/sha")
dbus-daemon[128979]: [session uid=1000 pid=128979 pidfd=5] Activated service 'org.freedesktop.systemd1' failed: Process org.freedesktop.systemd1 exited with status 1
dbus-daemon[128979]: [session uid=1000 pid=128979 pidfd=5] Activating service name='org.freedesktop.systemd1' requested by ':1.4' (uid=1000 pid=129200 comm="/usr/bin/dbus-broker-launch --config-file=/usr/sha")
dbus-daemon[128979]: [session uid=1000 pid=128979 pidfd=5] Activated service 'org.freedesktop.systemd1' failed: Process org.freedesktop.systemd1 exited with status 1
dbus-daemon[128979]: [session uid=1000 pid=128979 pidfd=5] Activating service name='org.freedesktop.systemd1' requested by ':1.4' (uid=1000 pid=129200 comm="/usr/bin/dbus-broker-launch --config-file=/usr/sha")
dbus-daemon[128979]: [session uid=1000 pid=128979 pidfd=5] Activated service 'org.freedesktop.systemd1' failed: Process org.freedesktop.systemd1 exited with status 1
{"event": "cell", "id": "a3-F5-rep13", "outcome": "verified", "first": "accepted", "status": "ok", "code": null, "race": false, "gen0_events": 2, "rebind": false}
dbus-daemon[128979]: [session uid=1000 pid=128979 pidfd=5] Activating service name='org.freedesktop.systemd1' requested by ':1.4' (uid=1000 pid=129200 comm="/usr/bin/dbus-broker-launch --config-file=/usr/sha")
dbus-daemon[128979]: [session uid=1000 pid=128979 pidfd=5] Activated service 'org.freedesktop.systemd1' failed: Process org.freedesktop.systemd1 exited with status 1
dbus-daemon[128979]: [session uid=1000 pid=128979 pidfd=5] Activating service name='org.freedesktop.systemd1' requested by ':1.4' (uid=1000 pid=129200 comm="/usr/bin/dbus-broker-launch --config-file=/usr/sha")
dbus-daemon[128979]: [session uid=1000 pid=128979 pidfd=5] Activated service 'org.freedesktop.systemd1' failed: Process org.freedesktop.systemd1 exited with status 1
dbus-daemon[128979]: [session uid=1000 pid=128979 pidfd=5] Activating service name='org.freedesktop.systemd1' requested by ':1.4' (uid=1000 pid=129200 comm="/usr/bin/dbus-broker-launch --config-file=/usr/sha")
dbus-daemon[128979]: [session uid=1000 pid=128979 pidfd=5] Activated service 'org.freedesktop.systemd1' failed: Process org.freedesktop.systemd1 exited with status 1
{"event": "cell", "id": "a3-F5-rep14", "outcome": "verified", "first": "accepted", "status": "ok", "code": null, "race": false, "gen0_events": 2, "rebind": false}
dbus-daemon[128979]: [session uid=1000 pid=128979 pidfd=5] Activating service name='org.freedesktop.systemd1' requested by ':1.4' (uid=1000 pid=129200 comm="/usr/bin/dbus-broker-launch --config-file=/usr/sha")
dbus-daemon[128979]: [session uid=1000 pid=128979 pidfd=5] Activated service 'org.freedesktop.systemd1' failed: Process org.freedesktop.systemd1 exited with status 1
dbus-daemon[128979]: [session uid=1000 pid=128979 pidfd=5] Activating service name='org.freedesktop.systemd1' requested by ':1.4' (uid=1000 pid=129200 comm="/usr/bin/dbus-broker-launch --config-file=/usr/sha")
dbus-daemon[128979]: [session uid=1000 pid=128979 pidfd=5] Activated service 'org.freedesktop.systemd1' failed: Process org.freedesktop.systemd1 exited with status 1
dbus-daemon[128979]: [session uid=1000 pid=128979 pidfd=5] Activating service name='org.freedesktop.systemd1' requested by ':1.4' (uid=1000 pid=129200 comm="/usr/bin/dbus-broker-launch --config-file=/usr/sha")
dbus-daemon[128979]: [session uid=1000 pid=128979 pidfd=5] Activated service 'org.freedesktop.systemd1' failed: Process org.freedesktop.systemd1 exited with status 1
{"event": "cell", "id": "a3-F5-rep15", "outcome": "verified", "first": "accepted", "status": "ok", "code": null, "race": false, "gen0_events": 2, "rebind": false}
dbus-daemon[128979]: [session uid=1000 pid=128979 pidfd=5] Activating service name='org.freedesktop.systemd1' requested by ':1.4' (uid=1000 pid=129200 comm="/usr/bin/dbus-broker-launch --config-file=/usr/sha")
dbus-daemon[128979]: [session uid=1000 pid=128979 pidfd=5] Activated service 'org.freedesktop.systemd1' failed: Process org.freedesktop.systemd1 exited with status 1
dbus-daemon[128979]: [session uid=1000 pid=128979 pidfd=5] Activating service name='org.freedesktop.systemd1' requested by ':1.4' (uid=1000 pid=129200 comm="/usr/bin/dbus-broker-launch --config-file=/usr/sha")
dbus-daemon[128979]: [session uid=1000 pid=128979 pidfd=5] Activated service 'org.freedesktop.systemd1' failed: Process org.freedesktop.systemd1 exited with status 1
dbus-daemon[128979]: [session uid=1000 pid=128979 pidfd=5] Activating service name='org.freedesktop.systemd1' requested by ':1.4' (uid=1000 pid=129200 comm="/usr/bin/dbus-broker-launch --config-file=/usr/sha")
dbus-daemon[128979]: [session uid=1000 pid=128979 pidfd=5] Activated service 'org.freedesktop.systemd1' failed: Process org.freedesktop.systemd1 exited with status 1
{"event": "cell", "id": "a3-F5-rep16", "outcome": "verified", "first": "accepted", "status": "ok", "code": null, "race": false, "gen0_events": 2, "rebind": false}
dbus-daemon[128979]: [session uid=1000 pid=128979 pidfd=5] Activating service name='org.freedesktop.systemd1' requested by ':1.4' (uid=1000 pid=129200 comm="/usr/bin/dbus-broker-launch --config-file=/usr/sha")
dbus-daemon[128979]: [session uid=1000 pid=128979 pidfd=5] Activated service 'org.freedesktop.systemd1' failed: Process org.freedesktop.systemd1 exited with status 1
dbus-daemon[128979]: [session uid=1000 pid=128979 pidfd=5] Activating service name='org.freedesktop.systemd1' requested by ':1.4' (uid=1000 pid=129200 comm="/usr/bin/dbus-broker-launch --config-file=/usr/sha")
dbus-daemon[128979]: [session uid=1000 pid=128979 pidfd=5] Activated service 'org.freedesktop.systemd1' failed: Process org.freedesktop.systemd1 exited with status 1
dbus-daemon[128979]: [session uid=1000 pid=128979 pidfd=5] Activating service name='org.freedesktop.systemd1' requested by ':1.4' (uid=1000 pid=129200 comm="/usr/bin/dbus-broker-launch --config-file=/usr/sha")
dbus-daemon[128979]: [session uid=1000 pid=128979 pidfd=5] Activated service 'org.freedesktop.systemd1' failed: Process org.freedesktop.systemd1 exited with status 1
{"event": "cell", "id": "a3-F5-rep17", "outcome": "verified", "first": "accepted", "status": "ok", "code": null, "race": false, "gen0_events": 2, "rebind": false}
dbus-daemon[128979]: [session uid=1000 pid=128979 pidfd=5] Activating service name='org.freedesktop.systemd1' requested by ':1.4' (uid=1000 pid=129200 comm="/usr/bin/dbus-broker-launch --config-file=/usr/sha")
dbus-daemon[128979]: [session uid=1000 pid=128979 pidfd=5] Activated service 'org.freedesktop.systemd1' failed: Process org.freedesktop.systemd1 exited with status 1
dbus-daemon[128979]: [session uid=1000 pid=128979 pidfd=5] Activating service name='org.freedesktop.systemd1' requested by ':1.4' (uid=1000 pid=129200 comm="/usr/bin/dbus-broker-launch --config-file=/usr/sha")
dbus-daemon[128979]: [session uid=1000 pid=128979 pidfd=5] Activated service 'org.freedesktop.systemd1' failed: Process org.freedesktop.systemd1 exited with status 1
dbus-daemon[128979]: [session uid=1000 pid=128979 pidfd=5] Activating service name='org.freedesktop.systemd1' requested by ':1.4' (uid=1000 pid=129200 comm="/usr/bin/dbus-broker-launch --config-file=/usr/sha")
dbus-daemon[128979]: [session uid=1000 pid=128979 pidfd=5] Activated service 'org.freedesktop.systemd1' failed: Process org.freedesktop.systemd1 exited with status 1
{"event": "cell", "id": "a3-F5-rep18", "outcome": "verified", "first": "accepted", "status": "ok", "code": null, "race": false, "gen0_events": 2, "rebind": false}
dbus-daemon[128979]: [session uid=1000 pid=128979 pidfd=5] Activating service name='org.freedesktop.systemd1' requested by ':1.4' (uid=1000 pid=129200 comm="/usr/bin/dbus-broker-launch --config-file=/usr/sha")
dbus-daemon[128979]: [session uid=1000 pid=128979 pidfd=5] Activated service 'org.freedesktop.systemd1' failed: Process org.freedesktop.systemd1 exited with status 1
dbus-daemon[128979]: [session uid=1000 pid=128979 pidfd=5] Activating service name='org.freedesktop.systemd1' requested by ':1.4' (uid=1000 pid=129200 comm="/usr/bin/dbus-broker-launch --config-file=/usr/sha")
dbus-daemon[128979]: [session uid=1000 pid=128979 pidfd=5] Activated service 'org.freedesktop.systemd1' failed: Process org.freedesktop.systemd1 exited with status 1
dbus-daemon[128979]: [session uid=1000 pid=128979 pidfd=5] Activating service name='org.freedesktop.systemd1' requested by ':1.4' (uid=1000 pid=129200 comm="/usr/bin/dbus-broker-launch --config-file=/usr/sha")
dbus-daemon[128979]: [session uid=1000 pid=128979 pidfd=5] Activated service 'org.freedesktop.systemd1' failed: Process org.freedesktop.systemd1 exited with status 1
{"event": "cell", "id": "a3-F5-rep19", "outcome": "verified", "first": "accepted", "status": "ok", "code": null, "race": false, "gen0_events": 2, "rebind": false}
dbus-daemon[128979]: [session uid=1000 pid=128979 pidfd=5] Activating service name='org.freedesktop.systemd1' requested by ':1.4' (uid=1000 pid=129200 comm="/usr/bin/dbus-broker-launch --config-file=/usr/sha")
dbus-daemon[128979]: [session uid=1000 pid=128979 pidfd=5] Activated service 'org.freedesktop.systemd1' failed: Process org.freedesktop.systemd1 exited with status 1
dbus-daemon[128979]: [session uid=1000 pid=128979 pidfd=5] Activating service name='org.freedesktop.systemd1' requested by ':1.4' (uid=1000 pid=129200 comm="/usr/bin/dbus-broker-launch --config-file=/usr/sha")
dbus-daemon[128979]: [session uid=1000 pid=128979 pidfd=5] Activated service 'org.freedesktop.systemd1' failed: Process org.freedesktop.systemd1 exited with status 1
dbus-daemon[128979]: [session uid=1000 pid=128979 pidfd=5] Activating service name='org.freedesktop.systemd1' requested by ':1.4' (uid=1000 pid=129200 comm="/usr/bin/dbus-broker-launch --config-file=/usr/sha")
dbus-daemon[128979]: [session uid=1000 pid=128979 pidfd=5] Activated service 'org.freedesktop.systemd1' failed: Process org.freedesktop.systemd1 exited with status 1
{"event": "cell", "id": "a3-F5-rep20", "outcome": "verified", "first": "accepted", "status": "ok", "code": null, "race": false, "gen0_events": 2, "rebind": false}
X connection to :100 broken (explicit kill or server shutdown).
A connection to the bus can't be made
[session] exit rc=0 run_dir=<scrubbed0>/x11-session.5bMGJJ
