[session] DISPLAY=:100 openbox=19841 picom=19842 dbus=unix:path=/tmp/dbus-<redacted>,guid=2309f268921010798ab351576ac10b62
[fix03-probe] xdpyinfo ok DISPLAY=:100 outer_hostless=1
[fix03] loadavg=2.67 4.10 4.51 phase_args=--phase a1 --arm F5 --driver cua-driver-fix03-f5-2237cf9c6 --out a1b2-a1-F5 --start-rep 1 --reps 10 
{"event": "validity", "ok": true, "display": ":100"}
dbus-daemon[19839]: [session uid=1000 pid=19839 pidfd=5] Activating service name='org.a11y.Bus' requested by ':1.0' (uid=1000 pid=20143 comm="<scrubbed1>/bin/cua-driver-fi")
dbus-daemon[19839]: [session uid=1000 pid=19839 pidfd=5] Successfully activated service 'org.a11y.Bus'
dbus-daemon[19839]: [session uid=1000 pid=19839 pidfd=5] Activating service name='ca.desrt.dconf' requested by ':1.1' (uid=1000 pid=20150 comm="/usr/lib/at-spi-bus-launcher")
dbus-daemon[19839]: [session uid=1000 pid=19839 pidfd=5] Successfully activated service 'ca.desrt.dconf'
dbus-daemon[19839]: [session uid=1000 pid=19839 pidfd=5] Activating service name='org.freedesktop.systemd1' requested by ':1.4' (uid=1000 pid=20176 comm="/usr/bin/dbus-broker-launch --config-file=/usr/sha")
dbus-daemon[19839]: [session uid=1000 pid=19839 pidfd=5] Activated service 'org.freedesktop.systemd1' failed: Process org.freedesktop.systemd1 exited with status 1
dbus-daemon[19839]: [session uid=1000 pid=19839 pidfd=5] Activating service name='org.gtk.vfs.Daemon' requested by ':1.5' (uid=1000 pid=20246 comm="/opt/google/chrome/chrome --remote-debugging-port=")
dbus-daemon[19839]: [session uid=1000 pid=19839 pidfd=5] Successfully activated service 'org.gtk.vfs.Daemon'
fusermount3: mount failed: Operation not permitted
dbus-daemon[19839]: [session uid=1000 pid=19839 pidfd=5] Activating service name='org.freedesktop.systemd1' requested by ':1.4' (uid=1000 pid=20176 comm="/usr/bin/dbus-broker-launch --config-file=/usr/sha")
dbus-daemon[19839]: [session uid=1000 pid=19839 pidfd=5] Activated service 'org.freedesktop.systemd1' failed: Process org.freedesktop.systemd1 exited with status 1
dbus-daemon[19839]: [session uid=1000 pid=19839 pidfd=5] Activating service name='org.freedesktop.systemd1' requested by ':1.4' (uid=1000 pid=20176 comm="/usr/bin/dbus-broker-launch --config-file=/usr/sha")
dbus-daemon[19839]: [session uid=1000 pid=19839 pidfd=5] Activated service 'org.freedesktop.systemd1' failed: Process org.freedesktop.systemd1 exited with status 1
dbus-daemon[19839]: [session uid=1000 pid=19839 pidfd=5] Activating service name='org.freedesktop.Notifications' requested by ':1.7' (uid=1000 pid=20246 comm="/opt/google/chrome/chrome --remote-debugging-port=")
dbus-daemon[19839]: [session uid=1000 pid=19839 pidfd=5] Activating service name='org.freedesktop.portal.Desktop' requested by ':1.7' (uid=1000 pid=20246 comm="/opt/google/chrome/chrome --remote-debugging-port=")
dbus-daemon[19839]: [session uid=1000 pid=19839 pidfd=5] Activating service name='org.freedesktop.impl.portal.PermissionStore' requested by ':1.8' (uid=1000 pid=20382 comm="/usr/lib/xdg-desktop-portal")
dbus-daemon[19839]: [session uid=1000 pid=19839 pidfd=5] Successfully activated service 'org.freedesktop.impl.portal.PermissionStore'
dbus-daemon[19839]: [session uid=1000 pid=19839 pidfd=5] Activating service name='org.freedesktop.portal.Documents' requested by ':1.8' (uid=1000 pid=20382 comm="/usr/lib/xdg-desktop-portal")
dbus-daemon[19839]: [session uid=1000 pid=19839 pidfd=5] Successfully activated service 'org.freedesktop.Notifications'
dbus-daemon[19839]: [session uid=1000 pid=19839 pidfd=5] Successfully activated service 'org.freedesktop.portal.Documents'
fusermount3: mount failed: Operation not permitted
error: fuse init failed: Can't mount path <scrubbed0>/x11-session.sTLESM/xdg-runtime/doc

(/usr/lib/xdg-desktop-portal:20382): xdg-desktop-portal-WARNING **: 09:04:21.713: Document portal fuse mount point unknown: GDBus.Error:org.freedesktop.DBus.Error.ServiceUnknown: The name :1.11 was not provided by any .service files

(/usr/lib/xdg-desktop-portal:20382): xdg-desktop-portal-WARNING **: 09:04:21.713: Choosing gtk.portal for org.freedesktop.impl.portal.Lockdown as a last-resort fallback
dbus-daemon[19839]: [session uid=1000 pid=19839 pidfd=5] Activating service name='org.freedesktop.impl.portal.desktop.gtk' requested by ':1.8' (uid=1000 pid=20382 comm="/usr/lib/xdg-desktop-portal")
dbus-daemon[19839]: [session uid=1000 pid=19839 pidfd=5] Activating service name='org.freedesktop.systemd1' requested by ':1.4' (uid=1000 pid=20176 comm="/usr/bin/dbus-broker-launch --config-file=/usr/sha")
dbus-daemon[19839]: [session uid=1000 pid=19839 pidfd=5] Activated service 'org.freedesktop.systemd1' failed: Process org.freedesktop.systemd1 exited with status 1
dbus-daemon[19839]: [session uid=1000 pid=19839 pidfd=5] Successfully activated service 'org.freedesktop.impl.portal.desktop.gtk'

** (xdg-desktop-portal-gtk:20408): WARNING **: 09:04:21.737: AT-SPI: Could not obtain desktop path or name

dbus-daemon[19839]: [session uid=1000 pid=19839 pidfd=5] Activating service name='org.freedesktop.systemd1' requested by ':1.4' (uid=1000 pid=20176 comm="/usr/bin/dbus-broker-launch --config-file=/usr/sha")

(/usr/lib/xdg-desktop-portal:20382): xdg-desktop-portal-WARNING **: 09:04:21.738: Choosing gtk.portal for org.freedesktop.impl.portal.Access as a last-resort fallback
dbus-daemon[19839]: [session uid=1000 pid=19839 pidfd=5] Activated service 'org.freedesktop.systemd1' failed: Process org.freedesktop.systemd1 exited with status 1

** (xdg-desktop-portal-gtk:20408): WARNING **: 09:04:21.738: atk-bridge: GetRegisteredEvents returned message with unknown signature

** (xdg-desktop-portal-gtk:20408): WARNING **: 09:04:21.738: atk-bridge: get_device_events_reply: unknown signature

(/usr/lib/xdg-desktop-portal:20382): xdg-desktop-portal-WARNING **: 09:04:21.745: Choosing gtk.portal for org.freedesktop.impl.portal.Settings as a last-resort fallback

(/usr/lib/xdg-desktop-portal:20382): xdg-desktop-portal-WARNING **: 09:04:21.745: Choosing gtk.portal for org.freedesktop.impl.portal.FileChooser as a last-resort fallback

(/usr/lib/xdg-desktop-portal:20382): xdg-desktop-portal-WARNING **: 09:04:21.745: Choosing gtk.portal for org.freedesktop.impl.portal.AppChooser as a last-resort fallback

(/usr/lib/xdg-desktop-portal:20382): xdg-desktop-portal-WARNING **: 09:04:21.746: Choosing gtk.portal for org.freedesktop.impl.portal.Print as a last-resort fallback

(/usr/lib/xdg-desktop-portal:20382): xdg-desktop-portal-WARNING **: 09:04:21.746: Choosing gtk.portal for org.freedesktop.impl.portal.Notification as a last-resort fallback

(/usr/lib/xdg-desktop-portal:20382): xdg-desktop-portal-WARNING **: 09:04:21.746: Choosing gtk.portal for org.freedesktop.impl.portal.Inhibit as a last-resort fallback

(/usr/lib/xdg-desktop-portal:20382): xdg-desktop-portal-WARNING **: 09:04:21.748: Failed to connect to PipeWire: Couldn't connect to PipeWire

(/usr/lib/xdg-desktop-portal:20382): xdg-desktop-portal-WARNING **: 09:04:21.748: Choosing gtk.portal for org.freedesktop.impl.portal.Account as a last-resort fallback

(/usr/lib/xdg-desktop-portal:20382): xdg-desktop-portal-WARNING **: 09:04:21.748: Choosing gtk.portal for org.freedesktop.impl.portal.Email as a last-resort fallback

(/usr/lib/xdg-desktop-portal:20382): xdg-desktop-portal-WARNING **: 09:04:21.749: Choosing gtk.portal for org.freedesktop.impl.portal.DynamicLauncher as a last-resort fallback
dbus-daemon[19839]: [session uid=1000 pid=19839 pidfd=5] Successfully activated service 'org.freedesktop.portal.Desktop'
{"event": "cell", "id": "a1-F5-rep01", "outcome": "verified", "first": "refused", "status": null, "code": "browser_ref_stale", "race": true, "gen0_events": 3, "rebind": true}
dbus-daemon[19839]: [session uid=1000 pid=19839 pidfd=5] Activating service name='org.freedesktop.systemd1' requested by ':1.4' (uid=1000 pid=20176 comm="/usr/bin/dbus-broker-launch --config-file=/usr/sha")
dbus-daemon[19839]: [session uid=1000 pid=19839 pidfd=5] Activated service 'org.freedesktop.systemd1' failed: Process org.freedesktop.systemd1 exited with status 1
dbus-daemon[19839]: [session uid=1000 pid=19839 pidfd=5] Activating service name='org.freedesktop.systemd1' requested by ':1.4' (uid=1000 pid=20176 comm="/usr/bin/dbus-broker-launch --config-file=/usr/sha")
dbus-daemon[19839]: [session uid=1000 pid=19839 pidfd=5] Activated service 'org.freedesktop.systemd1' failed: Process org.freedesktop.systemd1 exited with status 1
dbus-daemon[19839]: [session uid=1000 pid=19839 pidfd=5] Activating service name='org.freedesktop.systemd1' requested by ':1.4' (uid=1000 pid=20176 comm="/usr/bin/dbus-broker-launch --config-file=/usr/sha")
dbus-daemon[19839]: [session uid=1000 pid=19839 pidfd=5] Activated service 'org.freedesktop.systemd1' failed: Process org.freedesktop.systemd1 exited with status 1
{"event": "cell", "id": "a1-F5-rep02", "outcome": "verified", "first": "refused", "status": null, "code": "browser_ref_stale", "race": true, "gen0_events": 3, "rebind": true}
dbus-daemon[19839]: [session uid=1000 pid=19839 pidfd=5] Activating service name='org.freedesktop.systemd1' requested by ':1.4' (uid=1000 pid=20176 comm="/usr/bin/dbus-broker-launch --config-file=/usr/sha")
dbus-daemon[19839]: [session uid=1000 pid=19839 pidfd=5] Activated service 'org.freedesktop.systemd1' failed: Process org.freedesktop.systemd1 exited with status 1
dbus-daemon[19839]: [session uid=1000 pid=19839 pidfd=5] Activating service name='org.freedesktop.systemd1' requested by ':1.4' (uid=1000 pid=20176 comm="/usr/bin/dbus-broker-launch --config-file=/usr/sha")
dbus-daemon[19839]: [session uid=1000 pid=19839 pidfd=5] Activated service 'org.freedesktop.systemd1' failed: Process org.freedesktop.systemd1 exited with status 1
dbus-daemon[19839]: [session uid=1000 pid=19839 pidfd=5] Activating service name='org.freedesktop.systemd1' requested by ':1.4' (uid=1000 pid=20176 comm="/usr/bin/dbus-broker-launch --config-file=/usr/sha")
dbus-daemon[19839]: [session uid=1000 pid=19839 pidfd=5] Activated service 'org.freedesktop.systemd1' failed: Process org.freedesktop.systemd1 exited with status 1
{"event": "cell", "id": "a1-F5-rep03", "outcome": "verified", "first": "refused", "status": null, "code": "browser_ref_stale", "race": true, "gen0_events": 3, "rebind": true}
dbus-daemon[19839]: [session uid=1000 pid=19839 pidfd=5] Activating service name='org.freedesktop.systemd1' requested by ':1.4' (uid=1000 pid=20176 comm="/usr/bin/dbus-broker-launch --config-file=/usr/sha")
dbus-daemon[19839]: [session uid=1000 pid=19839 pidfd=5] Activated service 'org.freedesktop.systemd1' failed: Process org.freedesktop.systemd1 exited with status 1
dbus-daemon[19839]: [session uid=1000 pid=19839 pidfd=5] Activating service name='org.freedesktop.systemd1' requested by ':1.4' (uid=1000 pid=20176 comm="/usr/bin/dbus-broker-launch --config-file=/usr/sha")
dbus-daemon[19839]: [session uid=1000 pid=19839 pidfd=5] Activated service 'org.freedesktop.systemd1' failed: Process org.freedesktop.systemd1 exited with status 1
dbus-daemon[19839]: [session uid=1000 pid=19839 pidfd=5] Activating service name='org.freedesktop.systemd1' requested by ':1.4' (uid=1000 pid=20176 comm="/usr/bin/dbus-broker-launch --config-file=/usr/sha")
dbus-daemon[19839]: [session uid=1000 pid=19839 pidfd=5] Activated service 'org.freedesktop.systemd1' failed: Process org.freedesktop.systemd1 exited with status 1
{"event": "cell", "id": "a1-F5-rep04", "outcome": "verified", "first": "refused", "status": null, "code": "browser_ref_stale", "race": true, "gen0_events": 3, "rebind": true}
dbus-daemon[19839]: [session uid=1000 pid=19839 pidfd=5] Activating service name='org.freedesktop.systemd1' requested by ':1.4' (uid=1000 pid=20176 comm="/usr/bin/dbus-broker-launch --config-file=/usr/sha")
dbus-daemon[19839]: [session uid=1000 pid=19839 pidfd=5] Activated service 'org.freedesktop.systemd1' failed: Process org.freedesktop.systemd1 exited with status 1
dbus-daemon[19839]: [session uid=1000 pid=19839 pidfd=5] Activating service name='org.freedesktop.systemd1' requested by ':1.4' (uid=1000 pid=20176 comm="/usr/bin/dbus-broker-launch --config-file=/usr/sha")
dbus-daemon[19839]: [session uid=1000 pid=19839 pidfd=5] Activated service 'org.freedesktop.systemd1' failed: Process org.freedesktop.systemd1 exited with status 1
dbus-daemon[19839]: [session uid=1000 pid=19839 pidfd=5] Activating service name='org.freedesktop.systemd1' requested by ':1.4' (uid=1000 pid=20176 comm="/usr/bin/dbus-broker-launch --config-file=/usr/sha")
dbus-daemon[19839]: [session uid=1000 pid=19839 pidfd=5] Activated service 'org.freedesktop.systemd1' failed: Process org.freedesktop.systemd1 exited with status 1
{"event": "cell", "id": "a1-F5-rep05", "outcome": "verified", "first": "refused", "status": null, "code": "browser_ref_stale", "race": true, "gen0_events": 3, "rebind": true}
dbus-daemon[19839]: [session uid=1000 pid=19839 pidfd=5] Activating service name='org.freedesktop.systemd1' requested by ':1.4' (uid=1000 pid=20176 comm="/usr/bin/dbus-broker-launch --config-file=/usr/sha")
dbus-daemon[19839]: [session uid=1000 pid=19839 pidfd=5] Activated service 'org.freedesktop.systemd1' failed: Process org.freedesktop.systemd1 exited with status 1
dbus-daemon[19839]: [session uid=1000 pid=19839 pidfd=5] Activating service name='org.freedesktop.systemd1' requested by ':1.4' (uid=1000 pid=20176 comm="/usr/bin/dbus-broker-launch --config-file=/usr/sha")
dbus-daemon[19839]: [session uid=1000 pid=19839 pidfd=5] Activated service 'org.freedesktop.systemd1' failed: Process org.freedesktop.systemd1 exited with status 1
dbus-daemon[19839]: [session uid=1000 pid=19839 pidfd=5] Activating service name='org.freedesktop.systemd1' requested by ':1.4' (uid=1000 pid=20176 comm="/usr/bin/dbus-broker-launch --config-file=/usr/sha")
dbus-daemon[19839]: [session uid=1000 pid=19839 pidfd=5] Activated service 'org.freedesktop.systemd1' failed: Process org.freedesktop.systemd1 exited with status 1
{"event": "cell", "id": "a1-F5-rep06", "outcome": "verified", "first": "refused", "status": null, "code": "browser_ref_stale", "race": true, "gen0_events": 3, "rebind": true}
dbus-daemon[19839]: [session uid=1000 pid=19839 pidfd=5] Activating service name='org.freedesktop.systemd1' requested by ':1.4' (uid=1000 pid=20176 comm="/usr/bin/dbus-broker-launch --config-file=/usr/sha")
dbus-daemon[19839]: [session uid=1000 pid=19839 pidfd=5] Activated service 'org.freedesktop.systemd1' failed: Process org.freedesktop.systemd1 exited with status 1
dbus-daemon[19839]: [session uid=1000 pid=19839 pidfd=5] Activating service name='org.freedesktop.systemd1' requested by ':1.4' (uid=1000 pid=20176 comm="/usr/bin/dbus-broker-launch --config-file=/usr/sha")
dbus-daemon[19839]: [session uid=1000 pid=19839 pidfd=5] Activated service 'org.freedesktop.systemd1' failed: Process org.freedesktop.systemd1 exited with status 1
dbus-daemon[19839]: [session uid=1000 pid=19839 pidfd=5] Activating service name='org.freedesktop.systemd1' requested by ':1.4' (uid=1000 pid=20176 comm="/usr/bin/dbus-broker-launch --config-file=/usr/sha")
dbus-daemon[19839]: [session uid=1000 pid=19839 pidfd=5] Activated service 'org.freedesktop.systemd1' failed: Process org.freedesktop.systemd1 exited with status 1
{"event": "cell", "id": "a1-F5-rep07", "outcome": "verified", "first": "refused", "status": null, "code": "browser_ref_stale", "race": true, "gen0_events": 3, "rebind": true}
dbus-daemon[19839]: [session uid=1000 pid=19839 pidfd=5] Activating service name='org.freedesktop.systemd1' requested by ':1.4' (uid=1000 pid=20176 comm="/usr/bin/dbus-broker-launch --config-file=/usr/sha")
dbus-daemon[19839]: [session uid=1000 pid=19839 pidfd=5] Activated service 'org.freedesktop.systemd1' failed: Process org.freedesktop.systemd1 exited with status 1
dbus-daemon[19839]: [session uid=1000 pid=19839 pidfd=5] Activating service name='org.freedesktop.systemd1' requested by ':1.4' (uid=1000 pid=20176 comm="/usr/bin/dbus-broker-launch --config-file=/usr/sha")
dbus-daemon[19839]: [session uid=1000 pid=19839 pidfd=5] Activated service 'org.freedesktop.systemd1' failed: Process org.freedesktop.systemd1 exited with status 1
dbus-daemon[19839]: [session uid=1000 pid=19839 pidfd=5] Activating service name='org.freedesktop.systemd1' requested by ':1.4' (uid=1000 pid=20176 comm="/usr/bin/dbus-broker-launch --config-file=/usr/sha")
dbus-daemon[19839]: [session uid=1000 pid=19839 pidfd=5] Activated service 'org.freedesktop.systemd1' failed: Process org.freedesktop.systemd1 exited with status 1
{"event": "cell", "id": "a1-F5-rep08", "outcome": "verified", "first": "refused", "status": null, "code": "browser_ref_stale", "race": true, "gen0_events": 3, "rebind": true}
dbus-daemon[19839]: [session uid=1000 pid=19839 pidfd=5] Activating service name='org.freedesktop.systemd1' requested by ':1.4' (uid=1000 pid=20176 comm="/usr/bin/dbus-broker-launch --config-file=/usr/sha")
dbus-daemon[19839]: [session uid=1000 pid=19839 pidfd=5] Activated service 'org.freedesktop.systemd1' failed: Process org.freedesktop.systemd1 exited with status 1
dbus-daemon[19839]: [session uid=1000 pid=19839 pidfd=5] Activating service name='org.freedesktop.systemd1' requested by ':1.4' (uid=1000 pid=20176 comm="/usr/bin/dbus-broker-launch --config-file=/usr/sha")
dbus-daemon[19839]: [session uid=1000 pid=19839 pidfd=5] Activated service 'org.freedesktop.systemd1' failed: Process org.freedesktop.systemd1 exited with status 1
dbus-daemon[19839]: [session uid=1000 pid=19839 pidfd=5] Activating service name='org.freedesktop.systemd1' requested by ':1.4' (uid=1000 pid=20176 comm="/usr/bin/dbus-broker-launch --config-file=/usr/sha")
dbus-daemon[19839]: [session uid=1000 pid=19839 pidfd=5] Activated service 'org.freedesktop.systemd1' failed: Process org.freedesktop.systemd1 exited with status 1
{"event": "cell", "id": "a1-F5-rep09", "outcome": "verified", "first": "refused", "status": null, "code": "browser_ref_stale", "race": true, "gen0_events": 3, "rebind": true}
dbus-daemon[19839]: [session uid=1000 pid=19839 pidfd=5] Activating service name='org.freedesktop.systemd1' requested by ':1.4' (uid=1000 pid=20176 comm="/usr/bin/dbus-broker-launch --config-file=/usr/sha")
dbus-daemon[19839]: [session uid=1000 pid=19839 pidfd=5] Activated service 'org.freedesktop.systemd1' failed: Process org.freedesktop.systemd1 exited with status 1
dbus-daemon[19839]: [session uid=1000 pid=19839 pidfd=5] Activating service name='org.freedesktop.systemd1' requested by ':1.4' (uid=1000 pid=20176 comm="/usr/bin/dbus-broker-launch --config-file=/usr/sha")
dbus-daemon[19839]: [session uid=1000 pid=19839 pidfd=5] Activated service 'org.freedesktop.systemd1' failed: Process org.freedesktop.systemd1 exited with status 1
dbus-daemon[19839]: [session uid=1000 pid=19839 pidfd=5] Activating service name='org.freedesktop.systemd1' requested by ':1.4' (uid=1000 pid=20176 comm="/usr/bin/dbus-broker-launch --config-file=/usr/sha")
dbus-daemon[19839]: [session uid=1000 pid=19839 pidfd=5] Activated service 'org.freedesktop.systemd1' failed: Process org.freedesktop.systemd1 exited with status 1
{"event": "cell", "id": "a1-F5-rep10", "outcome": "verified", "first": "refused", "status": null, "code": "browser_ref_stale", "race": true, "gen0_events": 3, "rebind": true}
X connection to :100 broken (explicit kill or server shutdown).
X connection to :100 broken (explicit kill or server shutdown).
A connection to the bus can't be made
[session] exit rc=0 run_dir=<scrubbed0>/x11-session.sTLESM
