[session] DISPLAY=:100 openbox=97906 picom=97907 dbus=unix:path=/tmp/dbus-<redacted>,guid=41050bed99c18c0db856ea2b6ac10cf7
[fix03-probe] xdpyinfo ok DISPLAY=:100 outer_hostless=1
[fix03] loadavg=2.39 2.73 3.71 phase_args=--phase a1 --arm FS --driver cua-driver-fix03-fs-5a1e209ab --out a1b4-a1-FS --start-rep 11 --reps 10 
{"event": "validity", "ok": true, "display": ":100"}
dbus-daemon[97904]: [session uid=1000 pid=97904 pidfd=5] Activating service name='org.a11y.Bus' requested by ':1.0' (uid=1000 pid=98298 comm="<scrubbed1>/bin/cua-driver-fi")
dbus-daemon[97904]: [session uid=1000 pid=97904 pidfd=5] Successfully activated service 'org.a11y.Bus'
dbus-daemon[97904]: [session uid=1000 pid=97904 pidfd=5] Activating service name='ca.desrt.dconf' requested by ':1.1' (uid=1000 pid=98305 comm="/usr/lib/at-spi-bus-launcher")
dbus-daemon[97904]: [session uid=1000 pid=97904 pidfd=5] Successfully activated service 'ca.desrt.dconf'
dbus-daemon[97904]: [session uid=1000 pid=97904 pidfd=5] Activating service name='org.freedesktop.systemd1' requested by ':1.4' (uid=1000 pid=98331 comm="/usr/bin/dbus-broker-launch --config-file=/usr/sha")
dbus-daemon[97904]: [session uid=1000 pid=97904 pidfd=5] Activated service 'org.freedesktop.systemd1' failed: Process org.freedesktop.systemd1 exited with status 1
dbus-daemon[97904]: [session uid=1000 pid=97904 pidfd=5] Activating service name='org.gtk.vfs.Daemon' requested by ':1.5' (uid=1000 pid=98401 comm="/opt/google/chrome/chrome --remote-debugging-port=")
dbus-daemon[97904]: [session uid=1000 pid=97904 pidfd=5] Successfully activated service 'org.gtk.vfs.Daemon'
fusermount3: mount failed: Operation not permitted
dbus-daemon[97904]: [session uid=1000 pid=97904 pidfd=5] Activating service name='org.freedesktop.systemd1' requested by ':1.4' (uid=1000 pid=98331 comm="/usr/bin/dbus-broker-launch --config-file=/usr/sha")
dbus-daemon[97904]: [session uid=1000 pid=97904 pidfd=5] Activated service 'org.freedesktop.systemd1' failed: Process org.freedesktop.systemd1 exited with status 1
dbus-daemon[97904]: [session uid=1000 pid=97904 pidfd=5] Activating service name='org.freedesktop.systemd1' requested by ':1.4' (uid=1000 pid=98331 comm="/usr/bin/dbus-broker-launch --config-file=/usr/sha")
dbus-daemon[97904]: [session uid=1000 pid=97904 pidfd=5] Activated service 'org.freedesktop.systemd1' failed: Process org.freedesktop.systemd1 exited with status 1
dbus-daemon[97904]: [session uid=1000 pid=97904 pidfd=5] Activating service name='org.freedesktop.Notifications' requested by ':1.7' (uid=1000 pid=98401 comm="/opt/google/chrome/chrome --remote-debugging-port=")
dbus-daemon[97904]: [session uid=1000 pid=97904 pidfd=5] Activating service name='org.freedesktop.portal.Desktop' requested by ':1.7' (uid=1000 pid=98401 comm="/opt/google/chrome/chrome --remote-debugging-port=")
dbus-daemon[97904]: [session uid=1000 pid=97904 pidfd=5] Activating service name='org.freedesktop.impl.portal.PermissionStore' requested by ':1.9' (uid=1000 pid=98563 comm="/usr/lib/xdg-desktop-portal")
dbus-daemon[97904]: [session uid=1000 pid=97904 pidfd=5] Successfully activated service 'org.freedesktop.Notifications'
dbus-daemon[97904]: [session uid=1000 pid=97904 pidfd=5] Successfully activated service 'org.freedesktop.impl.portal.PermissionStore'
dbus-daemon[97904]: [session uid=1000 pid=97904 pidfd=5] Activating service name='org.freedesktop.portal.Documents' requested by ':1.9' (uid=1000 pid=98563 comm="/usr/lib/xdg-desktop-portal")
dbus-daemon[97904]: [session uid=1000 pid=97904 pidfd=5] Successfully activated service 'org.freedesktop.portal.Documents'
fusermount3: mount failed: Operation not permitted
error: fuse init failed: Can't mount path <scrubbed0>/x11-session.IKE458/xdg-runtime/doc

(/usr/lib/xdg-desktop-portal:98563): xdg-desktop-portal-WARNING **: 09:11:07.037: Document portal fuse mount point unknown: GDBus.Error:org.freedesktop.DBus.Error.ServiceUnknown: The name :1.11 was not provided by any .service files

(/usr/lib/xdg-desktop-portal:98563): xdg-desktop-portal-WARNING **: 09:11:07.037: Choosing gtk.portal for org.freedesktop.impl.portal.Lockdown as a last-resort fallback
dbus-daemon[97904]: [session uid=1000 pid=97904 pidfd=5] Activating service name='org.freedesktop.impl.portal.desktop.gtk' requested by ':1.9' (uid=1000 pid=98563 comm="/usr/lib/xdg-desktop-portal")
dbus-daemon[97904]: [session uid=1000 pid=97904 pidfd=5] Activating service name='org.freedesktop.systemd1' requested by ':1.4' (uid=1000 pid=98331 comm="/usr/bin/dbus-broker-launch --config-file=/usr/sha")
dbus-daemon[97904]: [session uid=1000 pid=97904 pidfd=5] Activated service 'org.freedesktop.systemd1' failed: Process org.freedesktop.systemd1 exited with status 1
dbus-daemon[97904]: [session uid=1000 pid=97904 pidfd=5] Successfully activated service 'org.freedesktop.impl.portal.desktop.gtk'

** (xdg-desktop-portal-gtk:98630): WARNING **: 09:11:07.060: AT-SPI: Could not obtain desktop path or name

dbus-daemon[97904]: [session uid=1000 pid=97904 pidfd=5] Activating service name='org.freedesktop.systemd1' requested by ':1.4' (uid=1000 pid=98331 comm="/usr/bin/dbus-broker-launch --config-file=/usr/sha")

(/usr/lib/xdg-desktop-portal:98563): xdg-desktop-portal-WARNING **: 09:11:07.061: Choosing gtk.portal for org.freedesktop.impl.portal.Access as a last-resort fallback
dbus-daemon[97904]: [session uid=1000 pid=97904 pidfd=5] Activated service 'org.freedesktop.systemd1' failed: Process org.freedesktop.systemd1 exited with status 1

** (xdg-desktop-portal-gtk:98630): WARNING **: 09:11:07.061: atk-bridge: GetRegisteredEvents returned message with unknown signature

** (xdg-desktop-portal-gtk:98630): WARNING **: 09:11:07.061: atk-bridge: get_device_events_reply: unknown signature

(/usr/lib/xdg-desktop-portal:98563): xdg-desktop-portal-WARNING **: 09:11:07.068: Choosing gtk.portal for org.freedesktop.impl.portal.Settings as a last-resort fallback

(/usr/lib/xdg-desktop-portal:98563): xdg-desktop-portal-WARNING **: 09:11:07.068: Choosing gtk.portal for org.freedesktop.impl.portal.FileChooser as a last-resort fallback

(/usr/lib/xdg-desktop-portal:98563): xdg-desktop-portal-WARNING **: 09:11:07.069: Choosing gtk.portal for org.freedesktop.impl.portal.AppChooser as a last-resort fallback

(/usr/lib/xdg-desktop-portal:98563): xdg-desktop-portal-WARNING **: 09:11:07.069: Choosing gtk.portal for org.freedesktop.impl.portal.Print as a last-resort fallback

(/usr/lib/xdg-desktop-portal:98563): xdg-desktop-portal-WARNING **: 09:11:07.069: Choosing gtk.portal for org.freedesktop.impl.portal.Notification as a last-resort fallback

(/usr/lib/xdg-desktop-portal:98563): xdg-desktop-portal-WARNING **: 09:11:07.070: Choosing gtk.portal for org.freedesktop.impl.portal.Inhibit as a last-resort fallback

(/usr/lib/xdg-desktop-portal:98563): xdg-desktop-portal-WARNING **: 09:11:07.071: Failed to connect to PipeWire: Couldn't connect to PipeWire

(/usr/lib/xdg-desktop-portal:98563): xdg-desktop-portal-WARNING **: 09:11:07.071: Choosing gtk.portal for org.freedesktop.impl.portal.Account as a last-resort fallback

(/usr/lib/xdg-desktop-portal:98563): xdg-desktop-portal-WARNING **: 09:11:07.071: Choosing gtk.portal for org.freedesktop.impl.portal.Email as a last-resort fallback

(/usr/lib/xdg-desktop-portal:98563): xdg-desktop-portal-WARNING **: 09:11:07.072: Choosing gtk.portal for org.freedesktop.impl.portal.DynamicLauncher as a last-resort fallback
dbus-daemon[97904]: [session uid=1000 pid=97904 pidfd=5] Successfully activated service 'org.freedesktop.portal.Desktop'
{"event": "cell", "id": "a1-FS-rep11", "outcome": "verified", "first": "accepted", "status": "ok", "code": null, "race": true, "gen0_events": 3, "rebind": true}
dbus-daemon[97904]: [session uid=1000 pid=97904 pidfd=5] Activating service name='org.freedesktop.systemd1' requested by ':1.4' (uid=1000 pid=98331 comm="/usr/bin/dbus-broker-launch --config-file=/usr/sha")
dbus-daemon[97904]: [session uid=1000 pid=97904 pidfd=5] Activated service 'org.freedesktop.systemd1' failed: Process org.freedesktop.systemd1 exited with status 1
dbus-daemon[97904]: [session uid=1000 pid=97904 pidfd=5] Activating service name='org.freedesktop.systemd1' requested by ':1.4' (uid=1000 pid=98331 comm="/usr/bin/dbus-broker-launch --config-file=/usr/sha")
dbus-daemon[97904]: [session uid=1000 pid=97904 pidfd=5] Activated service 'org.freedesktop.systemd1' failed: Process org.freedesktop.systemd1 exited with status 1
dbus-daemon[97904]: [session uid=1000 pid=97904 pidfd=5] Activating service name='org.freedesktop.systemd1' requested by ':1.4' (uid=1000 pid=98331 comm="/usr/bin/dbus-broker-launch --config-file=/usr/sha")
dbus-daemon[97904]: [session uid=1000 pid=97904 pidfd=5] Activated service 'org.freedesktop.systemd1' failed: Process org.freedesktop.systemd1 exited with status 1
{"event": "cell", "id": "a1-FS-rep12", "outcome": "verified", "first": "accepted", "status": "ok", "code": null, "race": true, "gen0_events": 3, "rebind": true}
dbus-daemon[97904]: [session uid=1000 pid=97904 pidfd=5] Activating service name='org.freedesktop.systemd1' requested by ':1.4' (uid=1000 pid=98331 comm="/usr/bin/dbus-broker-launch --config-file=/usr/sha")
dbus-daemon[97904]: [session uid=1000 pid=97904 pidfd=5] Activated service 'org.freedesktop.systemd1' failed: Process org.freedesktop.systemd1 exited with status 1
dbus-daemon[97904]: [session uid=1000 pid=97904 pidfd=5] Activating service name='org.freedesktop.systemd1' requested by ':1.4' (uid=1000 pid=98331 comm="/usr/bin/dbus-broker-launch --config-file=/usr/sha")
dbus-daemon[97904]: [session uid=1000 pid=97904 pidfd=5] Activated service 'org.freedesktop.systemd1' failed: Process org.freedesktop.systemd1 exited with status 1
dbus-daemon[97904]: [session uid=1000 pid=97904 pidfd=5] Activating service name='org.freedesktop.systemd1' requested by ':1.4' (uid=1000 pid=98331 comm="/usr/bin/dbus-broker-launch --config-file=/usr/sha")
dbus-daemon[97904]: [session uid=1000 pid=97904 pidfd=5] Activated service 'org.freedesktop.systemd1' failed: Process org.freedesktop.systemd1 exited with status 1
{"event": "cell", "id": "a1-FS-rep13", "outcome": "verified", "first": "accepted", "status": "ok", "code": null, "race": true, "gen0_events": 3, "rebind": true}
dbus-daemon[97904]: [session uid=1000 pid=97904 pidfd=5] Activating service name='org.freedesktop.systemd1' requested by ':1.4' (uid=1000 pid=98331 comm="/usr/bin/dbus-broker-launch --config-file=/usr/sha")
dbus-daemon[97904]: [session uid=1000 pid=97904 pidfd=5] Activated service 'org.freedesktop.systemd1' failed: Process org.freedesktop.systemd1 exited with status 1
dbus-daemon[97904]: [session uid=1000 pid=97904 pidfd=5] Activating service name='org.freedesktop.systemd1' requested by ':1.4' (uid=1000 pid=98331 comm="/usr/bin/dbus-broker-launch --config-file=/usr/sha")
dbus-daemon[97904]: [session uid=1000 pid=97904 pidfd=5] Activated service 'org.freedesktop.systemd1' failed: Process org.freedesktop.systemd1 exited with status 1
dbus-daemon[97904]: [session uid=1000 pid=97904 pidfd=5] Activating service name='org.freedesktop.systemd1' requested by ':1.4' (uid=1000 pid=98331 comm="/usr/bin/dbus-broker-launch --config-file=/usr/sha")
dbus-daemon[97904]: [session uid=1000 pid=97904 pidfd=5] Activated service 'org.freedesktop.systemd1' failed: Process org.freedesktop.systemd1 exited with status 1
{"event": "cell", "id": "a1-FS-rep14", "outcome": "verified", "first": "accepted", "status": "ok", "code": null, "race": true, "gen0_events": 3, "rebind": true}
dbus-daemon[97904]: [session uid=1000 pid=97904 pidfd=5] Activating service name='org.freedesktop.systemd1' requested by ':1.4' (uid=1000 pid=98331 comm="/usr/bin/dbus-broker-launch --config-file=/usr/sha")
dbus-daemon[97904]: [session uid=1000 pid=97904 pidfd=5] Activated service 'org.freedesktop.systemd1' failed: Process org.freedesktop.systemd1 exited with status 1
dbus-daemon[97904]: [session uid=1000 pid=97904 pidfd=5] Activating service name='org.freedesktop.systemd1' requested by ':1.4' (uid=1000 pid=98331 comm="/usr/bin/dbus-broker-launch --config-file=/usr/sha")
dbus-daemon[97904]: [session uid=1000 pid=97904 pidfd=5] Activated service 'org.freedesktop.systemd1' failed: Process org.freedesktop.systemd1 exited with status 1
dbus-daemon[97904]: [session uid=1000 pid=97904 pidfd=5] Activating service name='org.freedesktop.systemd1' requested by ':1.4' (uid=1000 pid=98331 comm="/usr/bin/dbus-broker-launch --config-file=/usr/sha")
dbus-daemon[97904]: [session uid=1000 pid=97904 pidfd=5] Activated service 'org.freedesktop.systemd1' failed: Process org.freedesktop.systemd1 exited with status 1
{"event": "cell", "id": "a1-FS-rep15", "outcome": "verified", "first": "accepted", "status": "ok", "code": null, "race": true, "gen0_events": 3, "rebind": true}
dbus-daemon[97904]: [session uid=1000 pid=97904 pidfd=5] Activating service name='org.freedesktop.systemd1' requested by ':1.4' (uid=1000 pid=98331 comm="/usr/bin/dbus-broker-launch --config-file=/usr/sha")
dbus-daemon[97904]: [session uid=1000 pid=97904 pidfd=5] Activated service 'org.freedesktop.systemd1' failed: Process org.freedesktop.systemd1 exited with status 1
dbus-daemon[97904]: [session uid=1000 pid=97904 pidfd=5] Activating service name='org.freedesktop.systemd1' requested by ':1.4' (uid=1000 pid=98331 comm="/usr/bin/dbus-broker-launch --config-file=/usr/sha")
dbus-daemon[97904]: [session uid=1000 pid=97904 pidfd=5] Activated service 'org.freedesktop.systemd1' failed: Process org.freedesktop.systemd1 exited with status 1
dbus-daemon[97904]: [session uid=1000 pid=97904 pidfd=5] Activating service name='org.freedesktop.systemd1' requested by ':1.4' (uid=1000 pid=98331 comm="/usr/bin/dbus-broker-launch --config-file=/usr/sha")
dbus-daemon[97904]: [session uid=1000 pid=97904 pidfd=5] Activated service 'org.freedesktop.systemd1' failed: Process org.freedesktop.systemd1 exited with status 1
{"event": "cell", "id": "a1-FS-rep16", "outcome": "verified", "first": "accepted", "status": "ok", "code": null, "race": true, "gen0_events": 3, "rebind": true}
dbus-daemon[97904]: [session uid=1000 pid=97904 pidfd=5] Activating service name='org.freedesktop.systemd1' requested by ':1.4' (uid=1000 pid=98331 comm="/usr/bin/dbus-broker-launch --config-file=/usr/sha")
dbus-daemon[97904]: [session uid=1000 pid=97904 pidfd=5] Activated service 'org.freedesktop.systemd1' failed: Process org.freedesktop.systemd1 exited with status 1
dbus-daemon[97904]: [session uid=1000 pid=97904 pidfd=5] Activating service name='org.freedesktop.systemd1' requested by ':1.4' (uid=1000 pid=98331 comm="/usr/bin/dbus-broker-launch --config-file=/usr/sha")
dbus-daemon[97904]: [session uid=1000 pid=97904 pidfd=5] Activated service 'org.freedesktop.systemd1' failed: Process org.freedesktop.systemd1 exited with status 1
dbus-daemon[97904]: [session uid=1000 pid=97904 pidfd=5] Activating service name='org.freedesktop.systemd1' requested by ':1.4' (uid=1000 pid=98331 comm="/usr/bin/dbus-broker-launch --config-file=/usr/sha")
dbus-daemon[97904]: [session uid=1000 pid=97904 pidfd=5] Activated service 'org.freedesktop.systemd1' failed: Process org.freedesktop.systemd1 exited with status 1
{"event": "cell", "id": "a1-FS-rep17", "outcome": "verified", "first": "accepted", "status": "ok", "code": null, "race": true, "gen0_events": 3, "rebind": true}
dbus-daemon[97904]: [session uid=1000 pid=97904 pidfd=5] Activating service name='org.freedesktop.systemd1' requested by ':1.4' (uid=1000 pid=98331 comm="/usr/bin/dbus-broker-launch --config-file=/usr/sha")
dbus-daemon[97904]: [session uid=1000 pid=97904 pidfd=5] Activated service 'org.freedesktop.systemd1' failed: Process org.freedesktop.systemd1 exited with status 1
dbus-daemon[97904]: [session uid=1000 pid=97904 pidfd=5] Activating service name='org.freedesktop.systemd1' requested by ':1.4' (uid=1000 pid=98331 comm="/usr/bin/dbus-broker-launch --config-file=/usr/sha")
dbus-daemon[97904]: [session uid=1000 pid=97904 pidfd=5] Activated service 'org.freedesktop.systemd1' failed: Process org.freedesktop.systemd1 exited with status 1
dbus-daemon[97904]: [session uid=1000 pid=97904 pidfd=5] Activating service name='org.freedesktop.systemd1' requested by ':1.4' (uid=1000 pid=98331 comm="/usr/bin/dbus-broker-launch --config-file=/usr/sha")
dbus-daemon[97904]: [session uid=1000 pid=97904 pidfd=5] Activated service 'org.freedesktop.systemd1' failed: Process org.freedesktop.systemd1 exited with status 1
{"event": "cell", "id": "a1-FS-rep18", "outcome": "verified", "first": "accepted", "status": "ok", "code": null, "race": true, "gen0_events": 3, "rebind": true}
dbus-daemon[97904]: [session uid=1000 pid=97904 pidfd=5] Activating service name='org.freedesktop.systemd1' requested by ':1.4' (uid=1000 pid=98331 comm="/usr/bin/dbus-broker-launch --config-file=/usr/sha")
dbus-daemon[97904]: [session uid=1000 pid=97904 pidfd=5] Activated service 'org.freedesktop.systemd1' failed: Process org.freedesktop.systemd1 exited with status 1
dbus-daemon[97904]: [session uid=1000 pid=97904 pidfd=5] Activating service name='org.freedesktop.systemd1' requested by ':1.4' (uid=1000 pid=98331 comm="/usr/bin/dbus-broker-launch --config-file=/usr/sha")
dbus-daemon[97904]: [session uid=1000 pid=97904 pidfd=5] Activated service 'org.freedesktop.systemd1' failed: Process org.freedesktop.systemd1 exited with status 1
dbus-daemon[97904]: [session uid=1000 pid=97904 pidfd=5] Activating service name='org.freedesktop.systemd1' requested by ':1.4' (uid=1000 pid=98331 comm="/usr/bin/dbus-broker-launch --config-file=/usr/sha")
dbus-daemon[97904]: [session uid=1000 pid=97904 pidfd=5] Activated service 'org.freedesktop.systemd1' failed: Process org.freedesktop.systemd1 exited with status 1
{"event": "cell", "id": "a1-FS-rep19", "outcome": "verified", "first": "accepted", "status": "ok", "code": null, "race": true, "gen0_events": 3, "rebind": true}
dbus-daemon[97904]: [session uid=1000 pid=97904 pidfd=5] Activating service name='org.freedesktop.systemd1' requested by ':1.4' (uid=1000 pid=98331 comm="/usr/bin/dbus-broker-launch --config-file=/usr/sha")
dbus-daemon[97904]: [session uid=1000 pid=97904 pidfd=5] Activated service 'org.freedesktop.systemd1' failed: Process org.freedesktop.systemd1 exited with status 1
dbus-daemon[97904]: [session uid=1000 pid=97904 pidfd=5] Activating service name='org.freedesktop.systemd1' requested by ':1.4' (uid=1000 pid=98331 comm="/usr/bin/dbus-broker-launch --config-file=/usr/sha")
dbus-daemon[97904]: [session uid=1000 pid=97904 pidfd=5] Activated service 'org.freedesktop.systemd1' failed: Process org.freedesktop.systemd1 exited with status 1
dbus-daemon[97904]: [session uid=1000 pid=97904 pidfd=5] Activating service name='org.freedesktop.systemd1' requested by ':1.4' (uid=1000 pid=98331 comm="/usr/bin/dbus-broker-launch --config-file=/usr/sha")
dbus-daemon[97904]: [session uid=1000 pid=97904 pidfd=5] Activated service 'org.freedesktop.systemd1' failed: Process org.freedesktop.systemd1 exited with status 1
{"event": "cell", "id": "a1-FS-rep20", "outcome": "verified", "first": "accepted", "status": "ok", "code": null, "race": true, "gen0_events": 3, "rebind": true}
X connection to :100 broken (explicit kill or server shutdown).
A connection to the bus can't be made
[session] exit rc=0 run_dir=<scrubbed0>/x11-session.IKE458
