[session] DISPLAY=:100 openbox=114879 picom=114880 dbus=unix:path=/tmp/dbus-<redacted>,guid=a8e89d5c9f78ffd17c04c9186ac10d78
[fix03-probe] xdpyinfo ok DISPLAY=:100 outer_hostless=1
[fix03] loadavg=2.91 2.95 3.67 phase_args=--phase a3 --arm F --driver cua-driver-fix02r3-f-df4f1edf5 --out a3b2-a3-F --start-rep 1 --reps 10 
{"event": "validity", "ok": true, "display": ":100"}
dbus-daemon[114877]: [session uid=1000 pid=114877 pidfd=5] Activating service name='org.a11y.Bus' requested by ':1.0' (uid=1000 pid=115039 comm="<scrubbed1>/bin/cua-driver-fi")
dbus-daemon[114877]: [session uid=1000 pid=114877 pidfd=5] Successfully activated service 'org.a11y.Bus'
dbus-daemon[114877]: [session uid=1000 pid=114877 pidfd=5] Activating service name='ca.desrt.dconf' requested by ':1.1' (uid=1000 pid=115046 comm="/usr/lib/at-spi-bus-launcher")
dbus-daemon[114877]: [session uid=1000 pid=114877 pidfd=5] Successfully activated service 'ca.desrt.dconf'
dbus-daemon[114877]: [session uid=1000 pid=114877 pidfd=5] Activating service name='org.freedesktop.systemd1' requested by ':1.4' (uid=1000 pid=115082 comm="/usr/bin/dbus-broker-launch --config-file=/usr/sha")
dbus-daemon[114877]: [session uid=1000 pid=114877 pidfd=5] Activated service 'org.freedesktop.systemd1' failed: Process org.freedesktop.systemd1 exited with status 1
dbus-daemon[114877]: [session uid=1000 pid=114877 pidfd=5] Activating service name='org.gtk.vfs.Daemon' requested by ':1.5' (uid=1000 pid=115140 comm="/opt/google/chrome/chrome --remote-debugging-port=")
dbus-daemon[114877]: [session uid=1000 pid=114877 pidfd=5] Successfully activated service 'org.gtk.vfs.Daemon'
fusermount3: mount failed: Operation not permitted
dbus-daemon[114877]: [session uid=1000 pid=114877 pidfd=5] Activating service name='org.freedesktop.systemd1' requested by ':1.4' (uid=1000 pid=115082 comm="/usr/bin/dbus-broker-launch --config-file=/usr/sha")
dbus-daemon[114877]: [session uid=1000 pid=114877 pidfd=5] Activated service 'org.freedesktop.systemd1' failed: Process org.freedesktop.systemd1 exited with status 1
dbus-daemon[114877]: [session uid=1000 pid=114877 pidfd=5] Activating service name='org.freedesktop.systemd1' requested by ':1.4' (uid=1000 pid=115082 comm="/usr/bin/dbus-broker-launch --config-file=/usr/sha")
dbus-daemon[114877]: [session uid=1000 pid=114877 pidfd=5] Activated service 'org.freedesktop.systemd1' failed: Process org.freedesktop.systemd1 exited with status 1
dbus-daemon[114877]: [session uid=1000 pid=114877 pidfd=5] Activating service name='org.freedesktop.Notifications' requested by ':1.7' (uid=1000 pid=115140 comm="/opt/google/chrome/chrome --remote-debugging-port=")
dbus-daemon[114877]: [session uid=1000 pid=114877 pidfd=5] Activating service name='org.freedesktop.portal.Desktop' requested by ':1.7' (uid=1000 pid=115140 comm="/opt/google/chrome/chrome --remote-debugging-port=")
dbus-daemon[114877]: [session uid=1000 pid=114877 pidfd=5] Activating service name='org.freedesktop.impl.portal.PermissionStore' requested by ':1.9' (uid=1000 pid=115277 comm="/usr/lib/xdg-desktop-portal")
dbus-daemon[114877]: [session uid=1000 pid=114877 pidfd=5] Successfully activated service 'org.freedesktop.Notifications'
dbus-daemon[114877]: [session uid=1000 pid=114877 pidfd=5] Successfully activated service 'org.freedesktop.impl.portal.PermissionStore'
dbus-daemon[114877]: [session uid=1000 pid=114877 pidfd=5] Activating service name='org.freedesktop.portal.Documents' requested by ':1.9' (uid=1000 pid=115277 comm="/usr/lib/xdg-desktop-portal")
dbus-daemon[114877]: [session uid=1000 pid=114877 pidfd=5] Successfully activated service 'org.freedesktop.portal.Documents'
fusermount3: mount failed: Operation not permitted
error: fuse init failed: Can't mount path <scrubbed0>/x11-session.MBJK7w/xdg-runtime/doc

(/usr/lib/xdg-desktop-portal:115277): xdg-desktop-portal-WARNING **: 09:13:15.668: Document portal fuse mount point unknown: GDBus.Error:org.freedesktop.DBus.Error.ServiceUnknown: The name :1.11 was not provided by any .service files

(/usr/lib/xdg-desktop-portal:115277): xdg-desktop-portal-WARNING **: 09:13:15.668: Choosing gtk.portal for org.freedesktop.impl.portal.Lockdown as a last-resort fallback
dbus-daemon[114877]: [session uid=1000 pid=114877 pidfd=5] Activating service name='org.freedesktop.impl.portal.desktop.gtk' requested by ':1.9' (uid=1000 pid=115277 comm="/usr/lib/xdg-desktop-portal")
dbus-daemon[114877]: [session uid=1000 pid=114877 pidfd=5] Activating service name='org.freedesktop.systemd1' requested by ':1.4' (uid=1000 pid=115082 comm="/usr/bin/dbus-broker-launch --config-file=/usr/sha")
dbus-daemon[114877]: [session uid=1000 pid=114877 pidfd=5] Activated service 'org.freedesktop.systemd1' failed: Process org.freedesktop.systemd1 exited with status 1
dbus-daemon[114877]: [session uid=1000 pid=114877 pidfd=5] Successfully activated service 'org.freedesktop.impl.portal.desktop.gtk'

** (xdg-desktop-portal-gtk:115345): WARNING **: 09:13:15.692: AT-SPI: Could not obtain desktop path or name

dbus-daemon[114877]: [session uid=1000 pid=114877 pidfd=5] Activating service name='org.freedesktop.systemd1' requested by ':1.4' (uid=1000 pid=115082 comm="/usr/bin/dbus-broker-launch --config-file=/usr/sha")

(/usr/lib/xdg-desktop-portal:115277): xdg-desktop-portal-WARNING **: 09:13:15.692: Choosing gtk.portal for org.freedesktop.impl.portal.Access as a last-resort fallback
dbus-daemon[114877]: [session uid=1000 pid=114877 pidfd=5] Activated service 'org.freedesktop.systemd1' failed: Process org.freedesktop.systemd1 exited with status 1

** (xdg-desktop-portal-gtk:115345): WARNING **: 09:13:15.693: atk-bridge: GetRegisteredEvents returned message with unknown signature

** (xdg-desktop-portal-gtk:115345): WARNING **: 09:13:15.693: atk-bridge: get_device_events_reply: unknown signature

(/usr/lib/xdg-desktop-portal:115277): xdg-desktop-portal-WARNING **: 09:13:15.701: Choosing gtk.portal for org.freedesktop.impl.portal.Settings as a last-resort fallback

(/usr/lib/xdg-desktop-portal:115277): xdg-desktop-portal-WARNING **: 09:13:15.701: Choosing gtk.portal for org.freedesktop.impl.portal.FileChooser as a last-resort fallback

(/usr/lib/xdg-desktop-portal:115277): xdg-desktop-portal-WARNING **: 09:13:15.702: Choosing gtk.portal for org.freedesktop.impl.portal.AppChooser as a last-resort fallback

(/usr/lib/xdg-desktop-portal:115277): xdg-desktop-portal-WARNING **: 09:13:15.702: Choosing gtk.portal for org.freedesktop.impl.portal.Print as a last-resort fallback

(/usr/lib/xdg-desktop-portal:115277): xdg-desktop-portal-WARNING **: 09:13:15.702: Choosing gtk.portal for org.freedesktop.impl.portal.Notification as a last-resort fallback

(/usr/lib/xdg-desktop-portal:115277): xdg-desktop-portal-WARNING **: 09:13:15.703: Choosing gtk.portal for org.freedesktop.impl.portal.Inhibit as a last-resort fallback

(/usr/lib/xdg-desktop-portal:115277): xdg-desktop-portal-WARNING **: 09:13:15.704: Failed to connect to PipeWire: Couldn't connect to PipeWire

(/usr/lib/xdg-desktop-portal:115277): xdg-desktop-portal-WARNING **: 09:13:15.704: Choosing gtk.portal for org.freedesktop.impl.portal.Account as a last-resort fallback

(/usr/lib/xdg-desktop-portal:115277): xdg-desktop-portal-WARNING **: 09:13:15.704: Choosing gtk.portal for org.freedesktop.impl.portal.Email as a last-resort fallback

(/usr/lib/xdg-desktop-portal:115277): xdg-desktop-portal-WARNING **: 09:13:15.705: Choosing gtk.portal for org.freedesktop.impl.portal.DynamicLauncher as a last-resort fallback
dbus-daemon[114877]: [session uid=1000 pid=114877 pidfd=5] Successfully activated service 'org.freedesktop.portal.Desktop'
{"event": "cell", "id": "a3-F-rep01", "outcome": "verified", "first": "accepted", "status": "ok", "code": null, "race": false, "gen0_events": 2, "rebind": false}
dbus-daemon[114877]: [session uid=1000 pid=114877 pidfd=5] Activating service name='org.freedesktop.systemd1' requested by ':1.4' (uid=1000 pid=115082 comm="/usr/bin/dbus-broker-launch --config-file=/usr/sha")
dbus-daemon[114877]: [session uid=1000 pid=114877 pidfd=5] Activated service 'org.freedesktop.systemd1' failed: Process org.freedesktop.systemd1 exited with status 1
dbus-daemon[114877]: [session uid=1000 pid=114877 pidfd=5] Activating service name='org.freedesktop.systemd1' requested by ':1.4' (uid=1000 pid=115082 comm="/usr/bin/dbus-broker-launch --config-file=/usr/sha")
dbus-daemon[114877]: [session uid=1000 pid=114877 pidfd=5] Activated service 'org.freedesktop.systemd1' failed: Process org.freedesktop.systemd1 exited with status 1
dbus-daemon[114877]: [session uid=1000 pid=114877 pidfd=5] Activating service name='org.freedesktop.systemd1' requested by ':1.4' (uid=1000 pid=115082 comm="/usr/bin/dbus-broker-launch --config-file=/usr/sha")
dbus-daemon[114877]: [session uid=1000 pid=114877 pidfd=5] Activated service 'org.freedesktop.systemd1' failed: Process org.freedesktop.systemd1 exited with status 1
{"event": "cell", "id": "a3-F-rep02", "outcome": "verified", "first": "accepted", "status": "ok", "code": null, "race": false, "gen0_events": 2, "rebind": false}
dbus-daemon[114877]: [session uid=1000 pid=114877 pidfd=5] Activating service name='org.freedesktop.systemd1' requested by ':1.4' (uid=1000 pid=115082 comm="/usr/bin/dbus-broker-launch --config-file=/usr/sha")
dbus-daemon[114877]: [session uid=1000 pid=114877 pidfd=5] Activated service 'org.freedesktop.systemd1' failed: Process org.freedesktop.systemd1 exited with status 1
dbus-daemon[114877]: [session uid=1000 pid=114877 pidfd=5] Activating service name='org.freedesktop.systemd1' requested by ':1.4' (uid=1000 pid=115082 comm="/usr/bin/dbus-broker-launch --config-file=/usr/sha")
dbus-daemon[114877]: [session uid=1000 pid=114877 pidfd=5] Activated service 'org.freedesktop.systemd1' failed: Process org.freedesktop.systemd1 exited with status 1
dbus-daemon[114877]: [session uid=1000 pid=114877 pidfd=5] Activating service name='org.freedesktop.systemd1' requested by ':1.4' (uid=1000 pid=115082 comm="/usr/bin/dbus-broker-launch --config-file=/usr/sha")
dbus-daemon[114877]: [session uid=1000 pid=114877 pidfd=5] Activated service 'org.freedesktop.systemd1' failed: Process org.freedesktop.systemd1 exited with status 1
{"event": "cell", "id": "a3-F-rep03", "outcome": "verified", "first": "accepted", "status": "ok", "code": null, "race": false, "gen0_events": 2, "rebind": false}
dbus-daemon[114877]: [session uid=1000 pid=114877 pidfd=5] Activating service name='org.freedesktop.systemd1' requested by ':1.4' (uid=1000 pid=115082 comm="/usr/bin/dbus-broker-launch --config-file=/usr/sha")
dbus-daemon[114877]: [session uid=1000 pid=114877 pidfd=5] Activated service 'org.freedesktop.systemd1' failed: Process org.freedesktop.systemd1 exited with status 1
dbus-daemon[114877]: [session uid=1000 pid=114877 pidfd=5] Activating service name='org.freedesktop.systemd1' requested by ':1.4' (uid=1000 pid=115082 comm="/usr/bin/dbus-broker-launch --config-file=/usr/sha")
dbus-daemon[114877]: [session uid=1000 pid=114877 pidfd=5] Activated service 'org.freedesktop.systemd1' failed: Process org.freedesktop.systemd1 exited with status 1
dbus-daemon[114877]: [session uid=1000 pid=114877 pidfd=5] Activating service name='org.freedesktop.systemd1' requested by ':1.4' (uid=1000 pid=115082 comm="/usr/bin/dbus-broker-launch --config-file=/usr/sha")
dbus-daemon[114877]: [session uid=1000 pid=114877 pidfd=5] Activated service 'org.freedesktop.systemd1' failed: Process org.freedesktop.systemd1 exited with status 1
{"event": "cell", "id": "a3-F-rep04", "outcome": "verified", "first": "accepted", "status": "ok", "code": null, "race": false, "gen0_events": 2, "rebind": false}
dbus-daemon[114877]: [session uid=1000 pid=114877 pidfd=5] Activating service name='org.freedesktop.systemd1' requested by ':1.4' (uid=1000 pid=115082 comm="/usr/bin/dbus-broker-launch --config-file=/usr/sha")
dbus-daemon[114877]: [session uid=1000 pid=114877 pidfd=5] Activated service 'org.freedesktop.systemd1' failed: Process org.freedesktop.systemd1 exited with status 1
dbus-daemon[114877]: [session uid=1000 pid=114877 pidfd=5] Activating service name='org.freedesktop.systemd1' requested by ':1.4' (uid=1000 pid=115082 comm="/usr/bin/dbus-broker-launch --config-file=/usr/sha")
dbus-daemon[114877]: [session uid=1000 pid=114877 pidfd=5] Activated service 'org.freedesktop.systemd1' failed: Process org.freedesktop.systemd1 exited with status 1
dbus-daemon[114877]: [session uid=1000 pid=114877 pidfd=5] Activating service name='org.freedesktop.systemd1' requested by ':1.4' (uid=1000 pid=115082 comm="/usr/bin/dbus-broker-launch --config-file=/usr/sha")
dbus-daemon[114877]: [session uid=1000 pid=114877 pidfd=5] Activated service 'org.freedesktop.systemd1' failed: Process org.freedesktop.systemd1 exited with status 1
{"event": "cell", "id": "a3-F-rep05", "outcome": "verified", "first": "accepted", "status": "ok", "code": null, "race": false, "gen0_events": 2, "rebind": false}
dbus-daemon[114877]: [session uid=1000 pid=114877 pidfd=5] Activating service name='org.freedesktop.systemd1' requested by ':1.4' (uid=1000 pid=115082 comm="/usr/bin/dbus-broker-launch --config-file=/usr/sha")
dbus-daemon[114877]: [session uid=1000 pid=114877 pidfd=5] Activated service 'org.freedesktop.systemd1' failed: Process org.freedesktop.systemd1 exited with status 1
dbus-daemon[114877]: [session uid=1000 pid=114877 pidfd=5] Activating service name='org.freedesktop.systemd1' requested by ':1.4' (uid=1000 pid=115082 comm="/usr/bin/dbus-broker-launch --config-file=/usr/sha")
dbus-daemon[114877]: [session uid=1000 pid=114877 pidfd=5] Activated service 'org.freedesktop.systemd1' failed: Process org.freedesktop.systemd1 exited with status 1
dbus-daemon[114877]: [session uid=1000 pid=114877 pidfd=5] Activating service name='org.freedesktop.systemd1' requested by ':1.4' (uid=1000 pid=115082 comm="/usr/bin/dbus-broker-launch --config-file=/usr/sha")
dbus-daemon[114877]: [session uid=1000 pid=114877 pidfd=5] Activated service 'org.freedesktop.systemd1' failed: Process org.freedesktop.systemd1 exited with status 1
{"event": "cell", "id": "a3-F-rep06", "outcome": "verified", "first": "accepted", "status": "ok", "code": null, "race": false, "gen0_events": 2, "rebind": false}
dbus-daemon[114877]: [session uid=1000 pid=114877 pidfd=5] Activating service name='org.freedesktop.systemd1' requested by ':1.4' (uid=1000 pid=115082 comm="/usr/bin/dbus-broker-launch --config-file=/usr/sha")
dbus-daemon[114877]: [session uid=1000 pid=114877 pidfd=5] Activated service 'org.freedesktop.systemd1' failed: Process org.freedesktop.systemd1 exited with status 1
dbus-daemon[114877]: [session uid=1000 pid=114877 pidfd=5] Activating service name='org.freedesktop.systemd1' requested by ':1.4' (uid=1000 pid=115082 comm="/usr/bin/dbus-broker-launch --config-file=/usr/sha")
dbus-daemon[114877]: [session uid=1000 pid=114877 pidfd=5] Activated service 'org.freedesktop.systemd1' failed: Process org.freedesktop.systemd1 exited with status 1
dbus-daemon[114877]: [session uid=1000 pid=114877 pidfd=5] Activating service name='org.freedesktop.systemd1' requested by ':1.4' (uid=1000 pid=115082 comm="/usr/bin/dbus-broker-launch --config-file=/usr/sha")
dbus-daemon[114877]: [session uid=1000 pid=114877 pidfd=5] Activated service 'org.freedesktop.systemd1' failed: Process org.freedesktop.systemd1 exited with status 1
{"event": "cell", "id": "a3-F-rep07", "outcome": "verified", "first": "accepted", "status": "ok", "code": null, "race": false, "gen0_events": 2, "rebind": false}
dbus-daemon[114877]: [session uid=1000 pid=114877 pidfd=5] Activating service name='org.freedesktop.systemd1' requested by ':1.4' (uid=1000 pid=115082 comm="/usr/bin/dbus-broker-launch --config-file=/usr/sha")
dbus-daemon[114877]: [session uid=1000 pid=114877 pidfd=5] Activated service 'org.freedesktop.systemd1' failed: Process org.freedesktop.systemd1 exited with status 1
dbus-daemon[114877]: [session uid=1000 pid=114877 pidfd=5] Activating service name='org.freedesktop.systemd1' requested by ':1.4' (uid=1000 pid=115082 comm="/usr/bin/dbus-broker-launch --config-file=/usr/sha")
dbus-daemon[114877]: [session uid=1000 pid=114877 pidfd=5] Activated service 'org.freedesktop.systemd1' failed: Process org.freedesktop.systemd1 exited with status 1
dbus-daemon[114877]: [session uid=1000 pid=114877 pidfd=5] Activating service name='org.freedesktop.systemd1' requested by ':1.4' (uid=1000 pid=115082 comm="/usr/bin/dbus-broker-launch --config-file=/usr/sha")
dbus-daemon[114877]: [session uid=1000 pid=114877 pidfd=5] Activated service 'org.freedesktop.systemd1' failed: Process org.freedesktop.systemd1 exited with status 1
{"event": "cell", "id": "a3-F-rep08", "outcome": "verified", "first": "accepted", "status": "ok", "code": null, "race": false, "gen0_events": 2, "rebind": false}
dbus-daemon[114877]: [session uid=1000 pid=114877 pidfd=5] Activating service name='org.freedesktop.systemd1' requested by ':1.4' (uid=1000 pid=115082 comm="/usr/bin/dbus-broker-launch --config-file=/usr/sha")
dbus-daemon[114877]: [session uid=1000 pid=114877 pidfd=5] Activated service 'org.freedesktop.systemd1' failed: Process org.freedesktop.systemd1 exited with status 1
dbus-daemon[114877]: [session uid=1000 pid=114877 pidfd=5] Activating service name='org.freedesktop.systemd1' requested by ':1.4' (uid=1000 pid=115082 comm="/usr/bin/dbus-broker-launch --config-file=/usr/sha")
dbus-daemon[114877]: [session uid=1000 pid=114877 pidfd=5] Activated service 'org.freedesktop.systemd1' failed: Process org.freedesktop.systemd1 exited with status 1
dbus-daemon[114877]: [session uid=1000 pid=114877 pidfd=5] Activating service name='org.freedesktop.systemd1' requested by ':1.4' (uid=1000 pid=115082 comm="/usr/bin/dbus-broker-launch --config-file=/usr/sha")
dbus-daemon[114877]: [session uid=1000 pid=114877 pidfd=5] Activated service 'org.freedesktop.systemd1' failed: Process org.freedesktop.systemd1 exited with status 1
{"event": "cell", "id": "a3-F-rep09", "outcome": "verified", "first": "accepted", "status": "ok", "code": null, "race": false, "gen0_events": 2, "rebind": false}
dbus-daemon[114877]: [session uid=1000 pid=114877 pidfd=5] Activating service name='org.freedesktop.systemd1' requested by ':1.4' (uid=1000 pid=115082 comm="/usr/bin/dbus-broker-launch --config-file=/usr/sha")
dbus-daemon[114877]: [session uid=1000 pid=114877 pidfd=5] Activated service 'org.freedesktop.systemd1' failed: Process org.freedesktop.systemd1 exited with status 1
dbus-daemon[114877]: [session uid=1000 pid=114877 pidfd=5] Activating service name='org.freedesktop.systemd1' requested by ':1.4' (uid=1000 pid=115082 comm="/usr/bin/dbus-broker-launch --config-file=/usr/sha")
dbus-daemon[114877]: [session uid=1000 pid=114877 pidfd=5] Activated service 'org.freedesktop.systemd1' failed: Process org.freedesktop.systemd1 exited with status 1
dbus-daemon[114877]: [session uid=1000 pid=114877 pidfd=5] Activating service name='org.freedesktop.systemd1' requested by ':1.4' (uid=1000 pid=115082 comm="/usr/bin/dbus-broker-launch --config-file=/usr/sha")
dbus-daemon[114877]: [session uid=1000 pid=114877 pidfd=5] Activated service 'org.freedesktop.systemd1' failed: Process org.freedesktop.systemd1 exited with status 1
{"event": "cell", "id": "a3-F-rep10", "outcome": "verified", "first": "accepted", "status": "ok", "code": null, "race": false, "gen0_events": 2, "rebind": false}
X connection to :100 broken (explicit kill or server shutdown).
A connection to the bus can't be made
[session] exit rc=0 run_dir=<scrubbed0>/x11-session.MBJK7w
