[2026-10-03T13:14:26.707Z] chunk R2-07e-C2 mode=shared live=0 loadavg=15.57 9.63 5.43
[r2-07d] xdpyinfo probe ok DISPLAY=:101
[r2-07c] display=:101 xdg_runtime_private=yes key=absent loadavg=15.35 9.77 5.53
[2m2026-10-03T13:14:40.300664Z[0m [33m WARN[0m [2mcua_driver_sdk::runtime[0m[2m:[0m could not activate the persistent AT-SPI listener: AT-SPI connect failed: ZBus Error: MethodError(OwnedErrorName("org.freedesktop.DBus.Error.NameHasNoOwner"), Some("Could not activate remote peer 'org.a11y.atspi.Registry': unit failed"), Msg { type: Error, serial: 4294967295, sender: UniqueName("org.freedesktop.DBus"), reply-serial: 10, body: Str, fds: [] })
[2m2026-10-03T13:14:40.313625Z[0m [33m WARN[0m [2mplatform_linux::overlay[0m[2m:[0m X11 overlay: root reads cannot see this window's own pixels; save-unders will be served without readback confirmation
fusermount3: mount failed: Operation not permitted
fusermount3: mount failed: Operation not permitted

(/usr/lib/xdg-desktop-portal:3245433): xdg-desktop-portal-WARNING **: 08:14:41.195: Document portal fuse mount point unknown: GDBus.Error:org.freedesktop.DBus.Error.ServiceUnknown: The name :1.11 was not provided by any .service files

(/usr/lib/xdg-desktop-portal:3245433): xdg-desktop-portal-WARNING **: 08:14:41.195: Choosing gtk.portal for org.freedesktop.impl.portal.Lockdown as a last-resort fallback

** (xdg-desktop-portal-gtk:3245460): WARNING **: 08:14:41.216: AT-SPI: Could not obtain desktop path or name


(/usr/lib/xdg-desktop-portal:3245433): xdg-desktop-portal-WARNING **: 08:14:41.216: Choosing gtk.portal for org.freedesktop.impl.portal.Access as a last-resort fallback

** (xdg-desktop-portal-gtk:3245460): WARNING **: 08:14:41.217: atk-bridge: GetRegisteredEvents returned message with unknown signature

** (xdg-desktop-portal-gtk:3245460): WARNING **: 08:14:41.217: atk-bridge: get_device_events_reply: unknown signature

(/usr/lib/xdg-desktop-portal:3245433): xdg-desktop-portal-WARNING **: 08:14:41.225: Choosing gtk.portal for org.freedesktop.impl.portal.Settings as a last-resort fallback

(/usr/lib/xdg-desktop-portal:3245433): xdg-desktop-portal-WARNING **: 08:14:41.226: Choosing gtk.portal for org.freedesktop.impl.portal.FileChooser as a last-resort fallback

(/usr/lib/xdg-desktop-portal:3245433): xdg-desktop-portal-WARNING **: 08:14:41.226: Choosing gtk.portal for org.freedesktop.impl.portal.AppChooser as a last-resort fallback

(/usr/lib/xdg-desktop-portal:3245433): xdg-desktop-portal-WARNING **: 08:14:41.227: Choosing gtk.portal for org.freedesktop.impl.portal.Print as a last-resort fallback

(/usr/lib/xdg-desktop-portal:3245433): xdg-desktop-portal-WARNING **: 08:14:41.227: Choosing gtk.portal for org.freedesktop.impl.portal.Notification as a last-resort fallback

(/usr/lib/xdg-desktop-portal:3245433): xdg-desktop-portal-WARNING **: 08:14:41.227: Choosing gtk.portal for org.freedesktop.impl.portal.Inhibit as a last-resort fallback

(/usr/lib/xdg-desktop-portal:3245433): xdg-desktop-portal-WARNING **: 08:14:41.229: Failed to connect to PipeWire: Couldn't connect to PipeWire

(/usr/lib/xdg-desktop-portal:3245433): xdg-desktop-portal-WARNING **: 08:14:41.229: Choosing gtk.portal for org.freedesktop.impl.portal.Account as a last-resort fallback

(/usr/lib/xdg-desktop-portal:3245433): xdg-desktop-portal-WARNING **: 08:14:41.229: Choosing gtk.portal for org.freedesktop.impl.portal.Email as a last-resort fallback

(/usr/lib/xdg-desktop-portal:3245433): xdg-desktop-portal-WARNING **: 08:14:41.230: Choosing gtk.portal for org.freedesktop.impl.portal.DynamicLauncher as a last-resort fallback
{"trial": "C010-toggle-COMP_CR-n4b-r00", "kind": "n4b", "outcome": "verified", "routine_outcome": "verified", "oracle_exact_match": true, "completion_mutations": 1, "routes": ["compiled"], "error": null, "la": "15.80", "dec": 0, "prov": {"attempts": 0, "reached": 0}}
[2m2026-10-03T13:14:42.133515Z[0m [33m WARN[0m [2mcua_driver_sdk::runtime[0m[2m:[0m could not activate the persistent AT-SPI listener: AT-SPI connect failed: ZBus Error: MethodError(OwnedErrorName("org.freedesktop.DBus.Error.NameHasNoOwner"), Some("Could not activate remote peer 'org.a11y.atspi.Registry': unit failed"), Msg { type: Error, serial: 4294967295, sender: UniqueName("org.freedesktop.DBus"), reply-serial: 9, body: Str, fds: [] })
[2m2026-10-03T13:14:42.144642Z[0m [33m WARN[0m [2mplatform_linux::overlay[0m[2m:[0m X11 overlay: root reads cannot see this window's own pixels; save-unders will be served without readback confirmation
{"trial": "C011-modal-COMP_CR-n4b-r00", "kind": "n4b", "outcome": "verified", "routine_outcome": "verified", "oracle_exact_match": true, "completion_mutations": 1, "routes": ["compiled"], "error": null, "la": "15.80", "dec": 0, "prov": {"attempts": 0, "reached": 0}}
[2m2026-10-03T13:14:43.674075Z[0m [33m WARN[0m [2mcua_driver_sdk::runtime[0m[2m:[0m could not activate the persistent AT-SPI listener: AT-SPI connect failed: ZBus Error: MethodError(OwnedErrorName("org.freedesktop.DBus.Error.NameHasNoOwner"), Some("Could not activate remote peer 'org.a11y.atspi.Registry': unit failed"), Msg { type: Error, serial: 4294967295, sender: UniqueName("org.freedesktop.DBus"), reply-serial: 9, body: Str, fds: [] })
[2m2026-10-03T13:14:43.682475Z[0m [33m WARN[0m [2mplatform_linux::overlay[0m[2m:[0m X11 overlay: root reads cannot see this window's own pixels; save-unders will be served without readback confirmation
{"trial": "C012-toggle-COMP_CR-n5-r00", "kind": "n5", "outcome": "verified", "routine_outcome": "verified", "oracle_exact_match": true, "completion_mutations": 1, "routes": ["compiled"], "error": null, "la": "15.80", "dec": 0, "prov": {"attempts": 0, "reached": 0}}
[2m2026-10-03T13:14:45.815104Z[0m [33m WARN[0m [2mcua_driver_sdk::runtime[0m[2m:[0m could not activate the persistent AT-SPI listener: AT-SPI connect failed: ZBus Error: MethodError(OwnedErrorName("org.freedesktop.DBus.Error.NameHasNoOwner"), Some("Could not activate remote peer 'org.a11y.atspi.Registry': unit failed"), Msg { type: Error, serial: 4294967295, sender: UniqueName("org.freedesktop.DBus"), reply-serial: 9, body: Str, fds: [] })
[2m2026-10-03T13:14:45.822920Z[0m [33m WARN[0m [2mplatform_linux::overlay[0m[2m:[0m X11 overlay: root reads cannot see this window's own pixels; save-unders will be served without readback confirmation
{"trial": "C013-modal-COMP_CR-n5-r00", "kind": "n5", "outcome": "verified", "routine_outcome": "verified", "oracle_exact_match": true, "completion_mutations": 1, "routes": ["compiled"], "error": null, "la": "15.65", "dec": 0, "prov": {"attempts": 0, "reached": 0}}
[2m2026-10-03T13:14:47.600768Z[0m [33m WARN[0m [2mcua_driver_sdk::runtime[0m[2m:[0m could not activate the persistent AT-SPI listener: AT-SPI connect failed: ZBus Error: MethodError(OwnedErrorName("org.freedesktop.DBus.Error.NameHasNoOwner"), Some("Could not activate remote peer 'org.a11y.atspi.Registry': unit failed"), Msg { type: Error, serial: 4294967295, sender: UniqueName("org.freedesktop.DBus"), reply-serial: 9, body: Str, fds: [] })
[2m2026-10-03T13:14:47.607944Z[0m [33m WARN[0m [2mplatform_linux::overlay[0m[2m:[0m X11 overlay: root reads cannot see this window's own pixels; save-unders will be served without readback confirmation
{"trial": "C014-toggle-COMP_CR-n6-r00", "kind": "n6", "outcome": "budget_exhausted", "routine_outcome": "budget_exhausted", "oracle_exact_match": false, "completion_mutations": 0, "routes": ["compiled", "fallback:provider", "fallback:provider", "fallback:provider", "fallback:provider"], "error": null, "la": "15.65", "dec": 4, "prov": {"attempts": 0, "reached": 0}}
[2m2026-10-03T13:14:52.829738Z[0m [33m WARN[0m [2mcua_driver_sdk::runtime[0m[2m:[0m could not activate the persistent AT-SPI listener: AT-SPI connect failed: ZBus Error: MethodError(OwnedErrorName("org.freedesktop.DBus.Error.NameHasNoOwner"), Some("Could not activate remote peer 'org.a11y.atspi.Registry': unit failed"), Msg { type: Error, serial: 4294967295, sender: UniqueName("org.freedesktop.DBus"), reply-serial: 9, body: Str, fds: [] })
[2m2026-10-03T13:14:52.837844Z[0m [33m WARN[0m [2mplatform_linux::overlay[0m[2m:[0m X11 overlay: root reads cannot see this window's own pixels; save-unders will be served without readback confirmation
{"trial": "C015-modal-COMP_CR-n6-r00", "kind": "n6", "outcome": "budget_exhausted", "routine_outcome": "budget_exhausted", "oracle_exact_match": false, "completion_mutations": 0, "routes": ["compiled", "fallback:provider", "fallback:provider", "fallback:provider", "fallback:provider"], "error": null, "la": "16.88", "dec": 4, "prov": {"attempts": 0, "reached": 0}}
[2m2026-10-03T13:14:57.235166Z[0m [33m WARN[0m [2mcua_driver_sdk::runtime[0m[2m:[0m could not activate the persistent AT-SPI listener: AT-SPI connect failed: ZBus Error: MethodError(OwnedErrorName("org.freedesktop.DBus.Error.NameHasNoOwner"), Some("Could not activate remote peer 'org.a11y.atspi.Registry': unit failed"), Msg { type: Error, serial: 4294967295, sender: UniqueName("org.freedesktop.DBus"), reply-serial: 9, body: Str, fds: [] })
[2m2026-10-03T13:14:57.243647Z[0m [33m WARN[0m [2mplatform_linux::overlay[0m[2m:[0m X11 overlay: root reads cannot see this window's own pixels; save-unders will be served without readback confirmation
{"trial": "C016-toggle-COMP_CR-n7-r00", "kind": "n7", "outcome": "verified", "routine_outcome": "fallback_verified", "oracle_exact_match": true, "completion_mutations": 1, "routes": ["compiled", "fallback:provider"], "error": null, "la": "17.05", "dec": 1, "prov": {"attempts": 0, "reached": 0}}
[2m2026-10-03T13:14:59.690446Z[0m [33m WARN[0m [2mcua_driver_sdk::runtime[0m[2m:[0m could not activate the persistent AT-SPI listener: AT-SPI connect failed: ZBus Error: MethodError(OwnedErrorName("org.freedesktop.DBus.Error.NameHasNoOwner"), Some("Could not activate remote peer 'org.a11y.atspi.Registry': unit failed"), Msg { type: Error, serial: 4294967295, sender: UniqueName("org.freedesktop.DBus"), reply-serial: 9, body: Str, fds: [] })
[2m2026-10-03T13:14:59.711684Z[0m [33m WARN[0m [2mplatform_linux::overlay[0m[2m:[0m X11 overlay: root reads cannot see this window's own pixels; save-unders will be served without readback confirmation
{"trial": "C017-modal-COMP_CR-n7-r00", "kind": "n7", "outcome": "verified", "routine_outcome": "fallback_verified", "oracle_exact_match": true, "completion_mutations": 1, "routes": ["compiled", "fallback:provider"], "error": null, "la": "17.13", "dec": 1, "prov": {"attempts": 0, "reached": 0}}
[2m2026-10-03T13:15:02.378276Z[0m [33m WARN[0m [2mcua_driver_sdk::runtime[0m[2m:[0m could not activate the persistent AT-SPI listener: AT-SPI connect failed: ZBus Error: MethodError(OwnedErrorName("org.freedesktop.DBus.Error.NameHasNoOwner"), Some("Could not activate remote peer 'org.a11y.atspi.Registry': unit failed"), Msg { type: Error, serial: 4294967295, sender: UniqueName("org.freedesktop.DBus"), reply-serial: 9, body: Str, fds: [] })
[2m2026-10-03T13:15:02.387887Z[0m [33m WARN[0m [2mplatform_linux::overlay[0m[2m:[0m X11 overlay: root reads cannot see this window's own pixels; save-unders will be served without readback confirmation
{"trial": "C018-toggle-on-fill-COMP_CR-n8-r00", "kind": "n8", "outcome": "budget_exhausted", "routine_outcome": "budget_exhausted", "oracle_exact_match": false, "completion_mutations": 0, "routes": ["compiled", "fallback:provider", "fallback:provider", "fallback:provider", "fallback:provider"], "error": null, "la": "17.13", "dec": 4, "prov": {"attempts": 0, "reached": 0}}
[2m2026-10-03T13:15:10.637010Z[0m [33m WARN[0m [2mcua_driver_sdk::runtime[0m[2m:[0m could not activate the persistent AT-SPI listener: AT-SPI connect failed: ZBus Error: MethodError(OwnedErrorName("org.freedesktop.DBus.Error.NameHasNoOwner"), Some("Could not activate remote peer 'org.a11y.atspi.Registry': unit failed"), Msg { type: Error, serial: 4294967295, sender: UniqueName("org.freedesktop.DBus"), reply-serial: 9, body: Str, fds: [] })
[2m2026-10-03T13:15:10.647017Z[0m [33m WARN[0m [2mplatform_linux::overlay[0m[2m:[0m X11 overlay: root reads cannot see this window's own pixels; save-unders will be served without readback confirmation
{"trial": "C019-toggle-on-modal-COMP_CR-n8-r00", "kind": "n8", "outcome": "budget_exhausted", "routine_outcome": "budget_exhausted", "oracle_exact_match": false, "completion_mutations": 0, "routes": ["compiled", "fallback:provider", "fallback:provider", "fallback:provider", "fallback:provider"], "error": null, "la": "18.81", "dec": 4, "prov": {"attempts": 0, "reached": 0}}
A connection to the bus can't be made
CRITICAL: [dbus_cb_name_lost:1438] Cannot connect to DBus.
[2026-10-03T13:15:15.855Z] chunk R2-07e-C2 rc=0 loadavg=18.19 11.24 6.20
