[2026-10-03T13:12:42.858Z] chunk R2-07e-shake-c1 mode=shared live=0 loadavg=9.59 6.93 4.17
[r2-07d] xdpyinfo probe ok DISPLAY=:101
[r2-07c] display=:101 xdg_runtime_private=yes key=absent loadavg=9.37 6.97 4.22
[2m2026-10-03T13:12:52.080650Z[0m [33m WARN[0m [2mcua_driver_sdk::runtime[0m[2m:[0m could not activate the persistent AT-SPI listener: AT-SPI connect failed: ZBus Error: MethodError(OwnedErrorName("org.freedesktop.DBus.Error.NameHasNoOwner"), Some("Could not activate remote peer 'org.a11y.atspi.Registry': unit failed"), Msg { type: Error, serial: 4294967295, sender: UniqueName("org.freedesktop.DBus"), reply-serial: 10, body: Str, fds: [] })
[2m2026-10-03T13:12:52.091913Z[0m [33m WARN[0m [2mplatform_linux::overlay[0m[2m:[0m X11 overlay: root reads cannot see this window's own pixels; save-unders will be served without readback confirmation
fusermount3: mount failed: Operation not permitted
fusermount3: mount failed: Operation not permitted

(/usr/lib/xdg-desktop-portal:3231500): xdg-desktop-portal-WARNING **: 08:12:52.623: Document portal fuse mount point unknown: GDBus.Error:org.freedesktop.DBus.Error.ServiceUnknown: The name :1.11 was not provided by any .service files

(/usr/lib/xdg-desktop-portal:3231500): xdg-desktop-portal-WARNING **: 08:12:52.623: Choosing gtk.portal for org.freedesktop.impl.portal.Lockdown as a last-resort fallback

** (xdg-desktop-portal-gtk:3231568): WARNING **: 08:12:52.647: AT-SPI: Could not obtain desktop path or name


(/usr/lib/xdg-desktop-portal:3231500): xdg-desktop-portal-WARNING **: 08:12:52.648: Choosing gtk.portal for org.freedesktop.impl.portal.Access as a last-resort fallback

** (xdg-desktop-portal-gtk:3231568): WARNING **: 08:12:52.649: atk-bridge: GetRegisteredEvents returned message with unknown signature

** (xdg-desktop-portal-gtk:3231568): WARNING **: 08:12:52.649: atk-bridge: get_device_events_reply: unknown signature

(/usr/lib/xdg-desktop-portal:3231500): xdg-desktop-portal-WARNING **: 08:12:52.657: Choosing gtk.portal for org.freedesktop.impl.portal.Settings as a last-resort fallback

(/usr/lib/xdg-desktop-portal:3231500): xdg-desktop-portal-WARNING **: 08:12:52.657: Choosing gtk.portal for org.freedesktop.impl.portal.FileChooser as a last-resort fallback

(/usr/lib/xdg-desktop-portal:3231500): xdg-desktop-portal-WARNING **: 08:12:52.658: Choosing gtk.portal for org.freedesktop.impl.portal.AppChooser as a last-resort fallback

(/usr/lib/xdg-desktop-portal:3231500): xdg-desktop-portal-WARNING **: 08:12:52.658: Choosing gtk.portal for org.freedesktop.impl.portal.Print as a last-resort fallback

(/usr/lib/xdg-desktop-portal:3231500): xdg-desktop-portal-WARNING **: 08:12:52.658: Choosing gtk.portal for org.freedesktop.impl.portal.Notification as a last-resort fallback

(/usr/lib/xdg-desktop-portal:3231500): xdg-desktop-portal-WARNING **: 08:12:52.658: Choosing gtk.portal for org.freedesktop.impl.portal.Inhibit as a last-resort fallback

(/usr/lib/xdg-desktop-portal:3231500): xdg-desktop-portal-WARNING **: 08:12:52.660: Failed to connect to PipeWire: Couldn't connect to PipeWire

(/usr/lib/xdg-desktop-portal:3231500): xdg-desktop-portal-WARNING **: 08:12:52.660: Choosing gtk.portal for org.freedesktop.impl.portal.Account as a last-resort fallback

(/usr/lib/xdg-desktop-portal:3231500): xdg-desktop-portal-WARNING **: 08:12:52.660: Choosing gtk.portal for org.freedesktop.impl.portal.Email as a last-resort fallback

(/usr/lib/xdg-desktop-portal:3231500): xdg-desktop-portal-WARNING **: 08:12:52.661: Choosing gtk.portal for org.freedesktop.impl.portal.DynamicLauncher as a last-resort fallback
[2m2026-10-03T13:12:53.138177Z[0m [33m WARN[0m [2mcua_driver_sdk::runtime[0m[2m:[0m could not activate the persistent AT-SPI listener: AT-SPI connect failed: ZBus Error: MethodError(OwnedErrorName("org.freedesktop.DBus.Error.NameHasNoOwner"), Some("Could not activate remote peer 'org.a11y.atspi.Registry': unit failed"), Msg { type: Error, serial: 4294967295, sender: UniqueName("org.freedesktop.DBus"), reply-serial: 9, body: Str, fds: [] })
[2m2026-10-03T13:12:53.148691Z[0m [33m WARN[0m [2mplatform_linux::overlay[0m[2m:[0m X11 overlay: root reads cannot see this window's own pixels; save-unders will be served without readback confirmation
{"trial": "SC000-toggle-COMP_CR-train-r00-admission", "kind": "admission", "outcome": "verified", "routine_outcome": "verified", "oracle_exact_match": true, "completion_mutations": 1, "routes": ["compiled"], "error": null, "la": "9.37", "dec": 0, "prov": {"attempts": 0, "reached": 0}}
{"trial": "SC000-toggle-COMP_CR-train-r00", "kind": "train", "outcome": "verified", "routine_outcome": null, "oracle_exact_match": true, "completion_mutations": 1, "routes": ["provider", "provider"], "error": null, "la": "9.37", "dec": 2, "prov": {"attempts": 0, "reached": 0}}
[2m2026-10-03T13:12:54.783157Z[0m [33m WARN[0m [2mcua_driver_sdk::runtime[0m[2m:[0m could not activate the persistent AT-SPI listener: AT-SPI connect failed: ZBus Error: MethodError(OwnedErrorName("org.freedesktop.DBus.Error.NameHasNoOwner"), Some("Could not activate remote peer 'org.a11y.atspi.Registry': unit failed"), Msg { type: Error, serial: 4294967295, sender: UniqueName("org.freedesktop.DBus"), reply-serial: 9, body: Str, fds: [] })
[2m2026-10-03T13:12:54.792705Z[0m [33m WARN[0m [2mplatform_linux::overlay[0m[2m:[0m X11 overlay: root reads cannot see this window's own pixels; save-unders will be served without readback confirmation
[2m2026-10-03T13:12:55.828158Z[0m [33m WARN[0m [2mcua_driver_sdk::runtime[0m[2m:[0m could not activate the persistent AT-SPI listener: AT-SPI connect failed: ZBus Error: MethodError(OwnedErrorName("org.freedesktop.DBus.Error.NameHasNoOwner"), Some("Could not activate remote peer 'org.a11y.atspi.Registry': unit failed"), Msg { type: Error, serial: 4294967295, sender: UniqueName("org.freedesktop.DBus"), reply-serial: 9, body: Str, fds: [] })
[2m2026-10-03T13:12:55.835826Z[0m [33m WARN[0m [2mplatform_linux::overlay[0m[2m:[0m X11 overlay: root reads cannot see this window's own pixels; save-unders will be served without readback confirmation
{"trial": "SC001-modal-COMP_CR-train-r00-admission", "kind": "admission", "outcome": "verified", "routine_outcome": "verified", "oracle_exact_match": true, "completion_mutations": 1, "routes": ["compiled"], "error": null, "la": "10.38", "dec": 0, "prov": {"attempts": 0, "reached": 0}}
{"trial": "SC001-modal-COMP_CR-train-r00", "kind": "train", "outcome": "verified", "routine_outcome": null, "oracle_exact_match": true, "completion_mutations": 1, "routes": ["provider", "provider"], "error": null, "la": "10.38", "dec": 2, "prov": {"attempts": 0, "reached": 0}}
[2m2026-10-03T13:12:57.536500Z[0m [33m WARN[0m [2mcua_driver_sdk::runtime[0m[2m:[0m could not activate the persistent AT-SPI listener: AT-SPI connect failed: ZBus Error: MethodError(OwnedErrorName("org.freedesktop.DBus.Error.NameHasNoOwner"), Some("Could not activate remote peer 'org.a11y.atspi.Registry': unit failed"), Msg { type: Error, serial: 4294967295, sender: UniqueName("org.freedesktop.DBus"), reply-serial: 9, body: Str, fds: [] })
[2m2026-10-03T13:12:57.543117Z[0m [33m WARN[0m [2mplatform_linux::overlay[0m[2m:[0m X11 overlay: root reads cannot see this window's own pixels; save-unders will be served without readback confirmation
{"trial": "SC002-toggle-COMP_CR-n1-r00", "kind": "n1", "outcome": "budget_exhausted", "routine_outcome": "budget_exhausted", "oracle_exact_match": false, "completion_mutations": 0, "routes": ["compiled", "fallback:provider", "fallback:provider", "fallback:provider", "fallback:provider"], "error": null, "la": "10.38", "dec": 4, "prov": {"attempts": 0, "reached": 0}}
X connection to :101 broken (explicit kill or server shutdown).
A connection to the bus can't be made
[2026-10-03T13:13:02.658Z] chunk R2-07e-shake-c1 rc=0 loadavg=10.19 7.23 4.33
