    Blocking waiting for file lock on build directory
   Compiling x11 v2.21.0
   Compiling zbus-secret-service-keyring-store v1.0.0
   Compiling atspi-connection v0.14.0
   Compiling zstd v0.13.3
   Compiling cua-cursor-motion v0.34.0 (/workspace/cua-compat-4888/libs/cua-driver/rust/crates/cua-cursor-motion)
   Compiling nom v1.2.4
   Compiling fnv v1.0.7
   Compiling meval v0.2.0
   Compiling cursor-overlay v0.34.0 (/workspace/cua-compat-4888/libs/cua-driver/rust/crates/cursor-overlay)
   Compiling atspi v0.30.0
   Compiling keyring v4.1.6
   Compiling clipboard-rs v0.3.5
   Compiling evdev v0.12.2
   Compiling dirs v5.0.1
   Compiling ashpd v0.13.11
   Compiling pip-preview v0.34.0 (/workspace/cua-compat-4888/libs/cua-driver/rust/crates/pip-preview)
   Compiling crossbeam-channel v0.5.15
   Compiling memmap2 v0.9.10
   Compiling cua-driver-sdk v0.34.0 (/workspace/cua-compat-4888/libs/cua-driver/rust/crates/cua-driver-sdk)
   Compiling platform-linux v0.34.0 (/workspace/cua-compat-4888/libs/cua-driver/rust/crates/platform-linux)
    Finished `dev` profile [unoptimized] target(s) in 1m 25s
warning: the following packages contain code that will be rejected by a future version of Rust: nom v1.2.4
note: to see what the problems were, use the option `--future-incompat-report`, or run `cargo report future-incompatibilities --id 1`
