{"eval_id":"ar-20261002-cal2-sleep20-r01","name":"sleep20","tag":"sleep20","repeat":1,"load_burners":0,"stage":"g1","verdict":"REJECT","failed_gate":"G1","utc":"2026-10-02T17:49:11Z"}
{"eval_id":"ar-20261002-cal2-sleep50-r01","name":"sleep50","tag":"sleep50","repeat":1,"load_burners":0,"stage":"screen","verdict":"REVERT","failed_gate":null,"utc":"2026-10-02T18:11:54Z"}
{"eval_id":"ar-20261002-cal2-delete50-r01","name":"delete50","tag":"delete50","repeat":1,"load_burners":0,"stage":"confirm","verdict":"KEEP","failed_gate":null,"utc":"2026-10-02T20:05:25Z"}
{"eval_id":"ar-20261002-cal2-delete50-r02","name":"delete50","tag":"delete50","repeat":2,"load_burners":0,"stage":"confirm","verdict":"KEEP","failed_gate":null,"utc":"2026-10-02T20:43:50Z"}
{"eval_id":"ar-20261002-cal2-delete50-r03","name":"delete50","tag":"delete50","repeat":3,"load_burners":0,"stage":"confirm","verdict":"KEEP","failed_gate":null,"utc":"2026-10-02T20:53:55Z"}
{"eval_id":"ar-20261002-cal2-delete50-r04","name":"delete50","tag":"delete50","repeat":4,"load_burners":0,"stage":"confirm","verdict":"KEEP","failed_gate":null,"utc":"2026-10-02T21:04:28Z"}
{"eval_id":"ar-20261002-cal2-delete50-r05","name":"delete50","tag":"delete50","repeat":5,"load_burners":0,"stage":"confirm","verdict":"KEEP","failed_gate":null,"utc":"2026-10-02T21:14:18Z"}
{"eval_id":"ar-20261002-cal2-delete50-r06","name":"delete50","tag":"delete50","repeat":6,"load_burners":0,"stage":"confirm","verdict":"KEEP","failed_gate":null,"utc":"2026-10-02T21:24:27Z"}
{"eval_id":"ar-20261002-cal2-delete50-r07","name":"delete50","tag":"delete50","repeat":7,"load_burners":0,"stage":"confirm","verdict":"KEEP","failed_gate":null,"utc":"2026-10-02T21:34:17Z"}
{"eval_id":"ar-20261002-cal2-delete50-r08","name":"delete50","tag":"delete50","repeat":8,"load_burners":0,"stage":"confirm","verdict":"KEEP","failed_gate":null,"utc":"2026-10-02T21:44:09Z"}
{"eval_id":"ar-20261002-cal2-delete50-r09","name":"delete50","tag":"delete50","repeat":9,"load_burners":0,"stage":"confirm","verdict":"KEEP","failed_gate":null,"utc":"2026-10-02T21:54:00Z"}
{"eval_id":"ar-20261002-cal2-delete50-r10","name":"delete50","tag":"delete50","repeat":10,"load_burners":0,"stage":"confirm","verdict":"KEEP","failed_gate":null,"utc":"2026-10-02T22:03:55Z"}
{"eval_id":"ar-20261002-cal2-success-early-r01","name":"success-early","tag":"success-early","repeat":1,"load_burners":0,"stage":"screen","verdict":"REJECT","failed_gate":"G2","utc":"2026-10-02T22:07:07Z"}
{"eval_id":"ar-20261002-cal2-g0-frozen-item-r01","name":"g0-frozen-item","tag":"g0-frozen-item","repeat":1,"load_burners":0,"stage":"g0","verdict":"REJECT","failed_gate":"G0","utc":"2026-10-02T22:07:07Z"}
{"eval_id":"ar-20261002-cal2-g0-test-item-r01","name":"g0-test-item","tag":"g0-test-item","repeat":1,"load_burners":0,"stage":"g0","verdict":"REJECT","failed_gate":"G0","utc":"2026-10-02T22:07:08Z"}
{"eval_id":"ar-20261002-cal2-g0-trace-line-r01","name":"g0-trace-line","tag":"g0-trace-line","repeat":1,"load_burners":0,"stage":"g0","verdict":"REJECT","failed_gate":"G0","utc":"2026-10-02T22:07:08Z"}
{"eval_id":"ar-20261002-cal2-g0-scanner-r01","name":"g0-scanner","tag":"g0-scanner","repeat":1,"load_burners":0,"stage":"g0","verdict":"REJECT","failed_gate":"G0","utc":"2026-10-02T22:07:08Z"}
{"eval_id":"ar-20261002-cal2-noop01-r01","name":"noop01","tag":"noop01","repeat":1,"load_burners":0,"stage":"screen","verdict":"REVERT","failed_gate":null,"utc":"2026-10-02T22:08:09Z"}
{"eval_id":"ar-20261002-cal2-noop02-r01","name":"noop02","tag":"noop02","repeat":1,"load_burners":0,"stage":"screen","verdict":"REVERT","failed_gate":null,"utc":"2026-10-02T22:09:08Z"}
{"eval_id":"ar-20261002-cal2-noop03-r01","name":"noop03","tag":"noop03","repeat":1,"load_burners":0,"stage":"screen","verdict":"REVERT","failed_gate":null,"utc":"2026-10-02T22:10:05Z"}
{"eval_id":"ar-20261002-cal2-noop04-r01","name":"noop04","tag":"noop04","repeat":1,"load_burners":0,"stage":"screen","verdict":"REVERT","failed_gate":null,"utc":"2026-10-02T22:11:19Z"}
{"eval_id":"ar-20261002-cal2-noop05-r01","name":"noop05","tag":"noop05","repeat":1,"load_burners":0,"stage":"g1","verdict":"REJECT","failed_gate":"G1","utc":"2026-10-02T22:11:20Z"}
{"eval_id":"ar-20261002-cal2-noop06-r01","name":"noop06","tag":"noop06","repeat":1,"load_burners":0,"stage":"screen","verdict":"REVERT","failed_gate":null,"utc":"2026-10-02T22:12:28Z"}
{"eval_id":"ar-20261002-cal2-noop07-r01","name":"noop07","tag":"noop07","repeat":1,"load_burners":0,"stage":"screen","verdict":"REVERT","failed_gate":null,"utc":"2026-10-02T22:13:23Z"}
{"eval_id":"ar-20261002-cal2-noop08-r01","name":"noop08","tag":"noop08","repeat":1,"load_burners":0,"stage":"screen","verdict":"REVERT","failed_gate":null,"utc":"2026-10-02T22:15:34Z"}
{"eval_id":"ar-20261002-cal2-noop09-r01","name":"noop09","tag":"noop09","repeat":1,"load_burners":0,"stage":"screen","verdict":"REVERT","failed_gate":null,"utc":"2026-10-02T22:16:50Z"}
{"eval_id":"ar-20261002-cal2-noop10-r01","name":"noop10","tag":"noop10","repeat":1,"load_burners":0,"stage":"screen","verdict":"REVERT","failed_gate":null,"utc":"2026-10-02T22:20:50Z"}
{"eval_id":"ar-20261002-cal2-new-socket-r01","name":"new-socket","tag":"new-socket","repeat":1,"load_burners":0,"stage":"screen","verdict":"REJECT","failed_gate":"G2","utc":"2026-10-02T22:23:05Z"}
{"eval_id":"ar-20261002-cal2-delete50-load-r01","name":"delete50","tag":"delete50-load","repeat":1,"load_burners":10,"stage":"confirm","verdict":"KEEP","failed_gate":null,"utc":"2026-10-02T22:36:07Z"}
{"eval_id":"ar-20261002-cal2-delete50-load-r02","name":"delete50","tag":"delete50-load","repeat":2,"load_burners":10,"stage":"confirm","verdict":"KEEP","failed_gate":null,"utc":"2026-10-02T22:46:03Z"}
ALL_DONE
