[session] DISPLAY=:99 openbox=2646525 picom=2646526 dbus=unix:path=<tmp>,guid=4a3ce3b46bd16e10ff10e24d6abf11fc
== r2-08 DISPLAY=:99 args=--phase n2ctl
== driver_version=cua-driver 0.32.0
== driver_sha256=8b03796185055cc40c1a9ef0b2b4bbe9595a3eefa4f9a3aa64f34e5ce1974cd3
== chrome_version=Google Chrome 151.0.7922.71 
== loadavg=9.61 9.07 6.50 11/2561 2647220
Cua Driver sends content-free product telemetry by default. Run `cua-driver telemetry disable` to stop it; `cua-driver telemetry status` shows the current setting.
dbus-daemon[2646522]: [session uid=1000 pid=2646522 pidfd=4] Activating service name='org.a11y.Bus' requested by ':1.0' (uid=1000 pid=2647275 comm="<lanes>/bin/cua-driver-r2")
dbus-daemon[2646522]: [session uid=1000 pid=2646522 pidfd=4] Successfully activated service 'org.a11y.Bus'
dbus-daemon[2646522]: [session uid=1000 pid=2646522 pidfd=4] Activating service name='ca.desrt.dconf' requested by ':1.1' (uid=1000 pid=2647286 comm="/usr/lib/at-spi-bus-launcher")
dbus-daemon[2646522]: [session uid=1000 pid=2646522 pidfd=4] Successfully activated service 'ca.desrt.dconf'
dbus-daemon[2646522]: [session uid=1000 pid=2646522 pidfd=4] Activating service name='org.freedesktop.systemd1' requested by ':1.4' (uid=1000 pid=2647300 comm="/usr/bin/dbus-broker-launch --config-file=/usr/sha")
dbus-daemon[2646522]: [session uid=1000 pid=2646522 pidfd=4] Activated service 'org.freedesktop.systemd1' failed: Process org.freedesktop.systemd1 exited with status 1
[2m2026-10-02T02:07:59.487640Z[0m [33m WARN[0m [2mcua_driver_sdk::runtime[0m[2m:[0m could not activate the persistent AT-SPI listener: AT-SPI connect failed: ZBus Error: MethodError(OwnedErrorName("org.freedesktop.DBus.Error.NameHasNoOwner"), Some("Could not activate remote peer 'org.a11y.atspi.Registry': unit failed"), Msg { type: Error, serial: 4294967295, sender: UniqueName("org.freedesktop.DBus"), reply-serial: 10, body: Str, fds: [] })
[2m2026-10-02T02:07:59.498722Z[0m [33m WARN[0m [2mplatform_linux::overlay[0m[2m:[0m X11 overlay: root reads cannot see this window's own pixels; save-unders will be served without readback confirmation
dbus-daemon[2646522]: [session uid=1000 pid=2646522 pidfd=4] Activating service name='org.gtk.vfs.Daemon' requested by ':1.5' (uid=1000 pid=2647361 comm="/opt/google/chrome/chrome --remote-debugging-port=")
dbus-daemon[2646522]: [session uid=1000 pid=2646522 pidfd=4] Successfully activated service 'org.gtk.vfs.Daemon'
dbus-daemon[2646522]: [session uid=1000 pid=2646522 pidfd=4] Activating service name='org.freedesktop.systemd1' requested by ':1.4' (uid=1000 pid=2647300 comm="/usr/bin/dbus-broker-launch --config-file=/usr/sha")
dbus-daemon[2646522]: [session uid=1000 pid=2646522 pidfd=4] Activated service 'org.freedesktop.systemd1' failed: Process org.freedesktop.systemd1 exited with status 1
dbus-daemon[2646522]: [session uid=1000 pid=2646522 pidfd=4] Activating service name='org.freedesktop.systemd1' requested by ':1.4' (uid=1000 pid=2647300 comm="/usr/bin/dbus-broker-launch --config-file=/usr/sha")
dbus-daemon[2646522]: [session uid=1000 pid=2646522 pidfd=4] Activated service 'org.freedesktop.systemd1' failed: Process org.freedesktop.systemd1 exited with status 1
dbus-daemon[2646522]: [session uid=1000 pid=2646522 pidfd=4] Activating service name='org.freedesktop.Notifications' requested by ':1.8' (uid=1000 pid=2647361 comm="/opt/google/chrome/chrome --remote-debugging-port=")
dbus-daemon[2646522]: [session uid=1000 pid=2646522 pidfd=4] Activating service name='org.freedesktop.portal.Desktop' requested by ':1.8' (uid=1000 pid=2647361 comm="/opt/google/chrome/chrome --remote-debugging-port=")
dbus-daemon[2646522]: [session uid=1000 pid=2646522 pidfd=4] Activating service name='org.freedesktop.impl.portal.PermissionStore' requested by ':1.10' (uid=1000 pid=2647598 comm="/usr/lib/xdg-desktop-portal")
dbus-daemon[2646522]: [session uid=1000 pid=2646522 pidfd=4] Successfully activated service 'org.freedesktop.Notifications'
dbus-daemon[2646522]: [session uid=1000 pid=2646522 pidfd=4] Successfully activated service 'org.freedesktop.impl.portal.PermissionStore'
dbus-daemon[2646522]: [session uid=1000 pid=2646522 pidfd=4] Activating service name='org.freedesktop.portal.Documents' requested by ':1.10' (uid=1000 pid=2647598 comm="/usr/lib/xdg-desktop-portal")
dbus-daemon[2646522]: [session uid=1000 pid=2646522 pidfd=4] Successfully activated service 'org.freedesktop.portal.Documents'

(/usr/lib/xdg-desktop-portal:2647598): xdg-desktop-portal-WARNING **: 21:08:00.113: Choosing gtk.portal for org.freedesktop.impl.portal.Lockdown as a last-resort fallback
dbus-daemon[2646522]: [session uid=1000 pid=2646522 pidfd=4] Activating service name='org.freedesktop.impl.portal.desktop.gtk' requested by ':1.10' (uid=1000 pid=2647598 comm="/usr/lib/xdg-desktop-portal")
dbus-daemon[2646522]: [session uid=1000 pid=2646522 pidfd=4] Activating service name='org.freedesktop.systemd1' requested by ':1.4' (uid=1000 pid=2647300 comm="/usr/bin/dbus-broker-launch --config-file=/usr/sha")
dbus-daemon[2646522]: [session uid=1000 pid=2646522 pidfd=4] Activated service 'org.freedesktop.systemd1' failed: Process org.freedesktop.systemd1 exited with status 1
dbus-daemon[2646522]: [session uid=1000 pid=2646522 pidfd=4] Successfully activated service 'org.freedesktop.impl.portal.desktop.gtk'

** (xdg-desktop-portal-gtk:2647631): WARNING **: 21:08:00.159: AT-SPI: Could not obtain desktop path or name

dbus-daemon[2646522]: [session uid=1000 pid=2646522 pidfd=4] Activating service name='org.freedesktop.systemd1' requested by ':1.4' (uid=1000 pid=2647300 comm="/usr/bin/dbus-broker-launch --config-file=/usr/sha")

(/usr/lib/xdg-desktop-portal:2647598): xdg-desktop-portal-WARNING **: 21:08:00.162: Choosing gtk.portal for org.freedesktop.impl.portal.Access as a last-resort fallback
dbus-daemon[2646522]: [session uid=1000 pid=2646522 pidfd=4] Activated service 'org.freedesktop.systemd1' failed: Process org.freedesktop.systemd1 exited with status 1

** (xdg-desktop-portal-gtk:2647631): WARNING **: 21:08:00.163: atk-bridge: GetRegisteredEvents returned message with unknown signature

** (xdg-desktop-portal-gtk:2647631): WARNING **: 21:08:00.163: atk-bridge: get_device_events_reply: unknown signature

(/usr/lib/xdg-desktop-portal:2647598): xdg-desktop-portal-WARNING **: 21:08:00.185: Choosing gtk.portal for org.freedesktop.impl.portal.Settings as a last-resort fallback

(/usr/lib/xdg-desktop-portal:2647598): xdg-desktop-portal-WARNING **: 21:08:00.186: Choosing gtk.portal for org.freedesktop.impl.portal.FileChooser as a last-resort fallback

(/usr/lib/xdg-desktop-portal:2647598): xdg-desktop-portal-WARNING **: 21:08:00.186: Choosing gtk.portal for org.freedesktop.impl.portal.AppChooser as a last-resort fallback

(/usr/lib/xdg-desktop-portal:2647598): xdg-desktop-portal-WARNING **: 21:08:00.187: Choosing gtk.portal for org.freedesktop.impl.portal.Print as a last-resort fallback

(/usr/lib/xdg-desktop-portal:2647598): xdg-desktop-portal-WARNING **: 21:08:00.187: Choosing gtk.portal for org.freedesktop.impl.portal.Notification as a last-resort fallback

(/usr/lib/xdg-desktop-portal:2647598): xdg-desktop-portal-WARNING **: 21:08:00.187: Choosing gtk.portal for org.freedesktop.impl.portal.Inhibit as a last-resort fallback

(/usr/lib/xdg-desktop-portal:2647598): xdg-desktop-portal-WARNING **: 21:08:00.194: Failed to connect to PipeWire: Couldn't connect to PipeWire

(/usr/lib/xdg-desktop-portal:2647598): xdg-desktop-portal-WARNING **: 21:08:00.194: Choosing gtk.portal for org.freedesktop.impl.portal.Account as a last-resort fallback

(/usr/lib/xdg-desktop-portal:2647598): xdg-desktop-portal-WARNING **: 21:08:00.195: Choosing gtk.portal for org.freedesktop.impl.portal.Email as a last-resort fallback

(/usr/lib/xdg-desktop-portal:2647598): xdg-desktop-portal-WARNING **: 21:08:00.195: Choosing gtk.portal for org.freedesktop.impl.portal.DynamicLauncher as a last-resort fallback
dbus-daemon[2646522]: [session uid=1000 pid=2646522 pidfd=4] Successfully activated service 'org.freedesktop.portal.Desktop'
{"trial": "n2ctl-00-G_off", "final": "value", "error": null, "load": "9.61"}
dbus-daemon[2646522]: [session uid=1000 pid=2646522 pidfd=4] Activating service name='org.freedesktop.systemd1' requested by ':1.4' (uid=1000 pid=2647300 comm="/usr/bin/dbus-broker-launch --config-file=/usr/sha")
dbus-daemon[2646522]: [session uid=1000 pid=2646522 pidfd=4] Activated service 'org.freedesktop.systemd1' failed: Process org.freedesktop.systemd1 exited with status 1
[2m2026-10-02T02:08:01.455248Z[0m [33m WARN[0m [2mcua_driver_sdk::runtime[0m[2m:[0m could not activate the persistent AT-SPI listener: AT-SPI connect failed: ZBus Error: MethodError(OwnedErrorName("org.freedesktop.DBus.Error.NameHasNoOwner"), Some("Could not activate remote peer 'org.a11y.atspi.Registry': unit failed"), Msg { type: Error, serial: 4294967295, sender: UniqueName("org.freedesktop.DBus"), reply-serial: 9, body: Str, fds: [] })
[2m2026-10-02T02:08:01.473935Z[0m [33m WARN[0m [2mplatform_linux::overlay[0m[2m:[0m X11 overlay: root reads cannot see this window's own pixels; save-unders will be served without readback confirmation
dbus-daemon[2646522]: [session uid=1000 pid=2646522 pidfd=4] Activating service name='org.freedesktop.systemd1' requested by ':1.4' (uid=1000 pid=2647300 comm="/usr/bin/dbus-broker-launch --config-file=/usr/sha")
dbus-daemon[2646522]: [session uid=1000 pid=2646522 pidfd=4] Activated service 'org.freedesktop.systemd1' failed: Process org.freedesktop.systemd1 exited with status 1
dbus-daemon[2646522]: [session uid=1000 pid=2646522 pidfd=4] Activating service name='org.freedesktop.systemd1' requested by ':1.4' (uid=1000 pid=2647300 comm="/usr/bin/dbus-broker-launch --config-file=/usr/sha")
dbus-daemon[2646522]: [session uid=1000 pid=2646522 pidfd=4] Activated service 'org.freedesktop.systemd1' failed: Process org.freedesktop.systemd1 exited with status 1
{"trial": "n2ctl-01-G_off", "final": "value", "error": null, "load": "9.61"}
dbus-daemon[2646522]: [session uid=1000 pid=2646522 pidfd=4] Activating service name='org.freedesktop.systemd1' requested by ':1.4' (uid=1000 pid=2647300 comm="/usr/bin/dbus-broker-launch --config-file=/usr/sha")
dbus-daemon[2646522]: [session uid=1000 pid=2646522 pidfd=4] Activated service 'org.freedesktop.systemd1' failed: Process org.freedesktop.systemd1 exited with status 1
[2m2026-10-02T02:08:03.785134Z[0m [33m WARN[0m [2mcua_driver_sdk::runtime[0m[2m:[0m could not activate the persistent AT-SPI listener: AT-SPI connect failed: ZBus Error: MethodError(OwnedErrorName("org.freedesktop.DBus.Error.NameHasNoOwner"), Some("Could not activate remote peer 'org.a11y.atspi.Registry': unit failed"), Msg { type: Error, serial: 4294967295, sender: UniqueName("org.freedesktop.DBus"), reply-serial: 9, body: Str, fds: [] })
[2m2026-10-02T02:08:03.804337Z[0m [33m WARN[0m [2mplatform_linux::overlay[0m[2m:[0m X11 overlay: root reads cannot see this window's own pixels; save-unders will be served without readback confirmation
dbus-daemon[2646522]: [session uid=1000 pid=2646522 pidfd=4] Activating service name='org.freedesktop.systemd1' requested by ':1.4' (uid=1000 pid=2647300 comm="/usr/bin/dbus-broker-launch --config-file=/usr/sha")
dbus-daemon[2646522]: [session uid=1000 pid=2646522 pidfd=4] Activated service 'org.freedesktop.systemd1' failed: Process org.freedesktop.systemd1 exited with status 1
dbus-daemon[2646522]: [session uid=1000 pid=2646522 pidfd=4] Activating service name='org.freedesktop.systemd1' requested by ':1.4' (uid=1000 pid=2647300 comm="/usr/bin/dbus-broker-launch --config-file=/usr/sha")
dbus-daemon[2646522]: [session uid=1000 pid=2646522 pidfd=4] Activated service 'org.freedesktop.systemd1' failed: Process org.freedesktop.systemd1 exited with status 1
{"trial": "n2ctl-02-G_off", "final": "value", "error": null, "load": "9.96"}
rc_run=0
A connection to the bus can't be made
CRITICAL: [dbus_cb_name_lost:1438] Cannot connect to DBus.
[session] exit rc=0 run_dir=<tmp>/x11-session.3CQqZ8
