[session] DISPLAY=:99 openbox=2615510 picom=2615515 dbus=unix:path=<tmp>,guid=4feda817770a29d342f832396abf1191
== r2-08 DISPLAY=:99 args=--phase neg --variant n2 --chunk 0
== driver_version=cua-driver 0.32.0
== driver_sha256=8b03796185055cc40c1a9ef0b2b4bbe9595a3eefa4f9a3aa64f34e5ce1974cd3
== chrome_version=Google Chrome 151.0.7922.71 
== loadavg=19.01 9.42 6.25 11/2281 2615801
Cua Driver sends content-free product telemetry by default. Run `cua-driver telemetry disable` to stop it; `cua-driver telemetry status` shows the current setting.
dbus-daemon[2615496]: [session uid=1000 pid=2615496 pidfd=4] Activating service name='org.a11y.Bus' requested by ':1.0' (uid=1000 pid=2615919 comm="<lanes>/bin/cua-driver-r2")
dbus-daemon[2615496]: [session uid=1000 pid=2615496 pidfd=4] Successfully activated service 'org.a11y.Bus'
dbus-daemon[2615496]: [session uid=1000 pid=2615496 pidfd=4] Activating service name='ca.desrt.dconf' requested by ':1.1' (uid=1000 pid=2615938 comm="/usr/lib/at-spi-bus-launcher")
dbus-daemon[2615496]: [session uid=1000 pid=2615496 pidfd=4] Successfully activated service 'ca.desrt.dconf'
dbus-daemon[2615496]: [session uid=1000 pid=2615496 pidfd=4] Activating service name='org.freedesktop.systemd1' requested by ':1.4' (uid=1000 pid=2615961 comm="/usr/bin/dbus-broker-launch --config-file=/usr/sha")
dbus-daemon[2615496]: [session uid=1000 pid=2615496 pidfd=4] Activated service 'org.freedesktop.systemd1' failed: Process org.freedesktop.systemd1 exited with status 1
[2m2026-10-02T02:06:13.212596Z[0m [33m WARN[0m [2mcua_driver_sdk::runtime[0m[2m:[0m could not activate the persistent AT-SPI listener: AT-SPI connect failed: ZBus Error: MethodError(OwnedErrorName("org.freedesktop.DBus.Error.NameHasNoOwner"), Some("Could not activate remote peer 'org.a11y.atspi.Registry': unit failed"), Msg { type: Error, serial: 4294967295, sender: UniqueName("org.freedesktop.DBus"), reply-serial: 10, body: Str, fds: [] })
[2m2026-10-02T02:06:13.235123Z[0m [33m WARN[0m [2mplatform_linux::overlay[0m[2m:[0m X11 overlay: root reads cannot see this window's own pixels; save-unders will be served without readback confirmation
dbus-daemon[2615496]: [session uid=1000 pid=2615496 pidfd=4] Activating service name='org.gtk.vfs.Daemon' requested by ':1.5' (uid=1000 pid=2616076 comm="/opt/google/chrome/chrome --remote-debugging-port=")
dbus-daemon[2615496]: [session uid=1000 pid=2615496 pidfd=4] Successfully activated service 'org.gtk.vfs.Daemon'
dbus-daemon[2615496]: [session uid=1000 pid=2615496 pidfd=4] Activating service name='org.freedesktop.systemd1' requested by ':1.4' (uid=1000 pid=2615961 comm="/usr/bin/dbus-broker-launch --config-file=/usr/sha")
dbus-daemon[2615496]: [session uid=1000 pid=2615496 pidfd=4] Activated service 'org.freedesktop.systemd1' failed: Process org.freedesktop.systemd1 exited with status 1
dbus-daemon[2615496]: [session uid=1000 pid=2615496 pidfd=4] Activating service name='org.freedesktop.systemd1' requested by ':1.4' (uid=1000 pid=2615961 comm="/usr/bin/dbus-broker-launch --config-file=/usr/sha")
dbus-daemon[2615496]: [session uid=1000 pid=2615496 pidfd=4] Activated service 'org.freedesktop.systemd1' failed: Process org.freedesktop.systemd1 exited with status 1
dbus-daemon[2615496]: [session uid=1000 pid=2615496 pidfd=4] Activating service name='org.freedesktop.Notifications' requested by ':1.8' (uid=1000 pid=2616076 comm="/opt/google/chrome/chrome --remote-debugging-port=")
dbus-daemon[2615496]: [session uid=1000 pid=2615496 pidfd=4] Activating service name='org.freedesktop.portal.Desktop' requested by ':1.8' (uid=1000 pid=2616076 comm="/opt/google/chrome/chrome --remote-debugging-port=")
dbus-daemon[2615496]: [session uid=1000 pid=2615496 pidfd=4] Successfully activated service 'org.freedesktop.Notifications'
dbus-daemon[2615496]: [session uid=1000 pid=2615496 pidfd=4] Activating service name='org.freedesktop.impl.portal.PermissionStore' requested by ':1.10' (uid=1000 pid=2616288 comm="/usr/lib/xdg-desktop-portal")
dbus-daemon[2615496]: [session uid=1000 pid=2615496 pidfd=4] Successfully activated service 'org.freedesktop.impl.portal.PermissionStore'
dbus-daemon[2615496]: [session uid=1000 pid=2615496 pidfd=4] Activating service name='org.freedesktop.portal.Documents' requested by ':1.10' (uid=1000 pid=2616288 comm="/usr/lib/xdg-desktop-portal")
dbus-daemon[2615496]: [session uid=1000 pid=2615496 pidfd=4] Successfully activated service 'org.freedesktop.portal.Documents'

(/usr/lib/xdg-desktop-portal:2616288): xdg-desktop-portal-WARNING **: 21:06:14.399: Choosing gtk.portal for org.freedesktop.impl.portal.Lockdown as a last-resort fallback
dbus-daemon[2615496]: [session uid=1000 pid=2615496 pidfd=4] Activating service name='org.freedesktop.impl.portal.desktop.gtk' requested by ':1.10' (uid=1000 pid=2616288 comm="/usr/lib/xdg-desktop-portal")
dbus-daemon[2615496]: [session uid=1000 pid=2615496 pidfd=4] Activating service name='org.freedesktop.systemd1' requested by ':1.4' (uid=1000 pid=2615961 comm="/usr/bin/dbus-broker-launch --config-file=/usr/sha")
dbus-daemon[2615496]: [session uid=1000 pid=2615496 pidfd=4] Activated service 'org.freedesktop.systemd1' failed: Process org.freedesktop.systemd1 exited with status 1
dbus-daemon[2615496]: 
** (xdg-desktop-portal-gtk:2616318): WARNING **: 21:06:14.448: AT-SPI: Could not obtain desktop path or name

[session uid=1000 pid=2615496 pidfd=4] Successfully activated service 'org.freedesktop.impl.portal.desktop.gtk'
dbus-daemon[2615496]: [session uid=1000 pid=2615496 pidfd=4] Activating service name='org.freedesktop.systemd1' requested by ':1.4' (uid=1000 pid=2615961 comm="/usr/bin/dbus-broker-launch --config-file=/usr/sha")

(/usr/lib/xdg-desktop-portal:2616288): xdg-desktop-portal-WARNING **: 21:06:14.450: Choosing gtk.portal for org.freedesktop.impl.portal.Access as a last-resort fallback
dbus-daemon[2615496]: [session uid=1000 pid=2615496 pidfd=4] Activated service 'org.freedesktop.systemd1' failed: Process org.freedesktop.systemd1 exited with status 1

** (xdg-desktop-portal-gtk:2616318): WARNING **: 21:06:14.451: atk-bridge: GetRegisteredEvents returned message with unknown signature

** (xdg-desktop-portal-gtk:2616318): WARNING **: 21:06:14.451: atk-bridge: get_device_events_reply: unknown signature

(/usr/lib/xdg-desktop-portal:2616288): xdg-desktop-portal-WARNING **: 21:06:14.476: Choosing gtk.portal for org.freedesktop.impl.portal.Settings as a last-resort fallback

(/usr/lib/xdg-desktop-portal:2616288): xdg-desktop-portal-WARNING **: 21:06:14.479: Choosing gtk.portal for org.freedesktop.impl.portal.FileChooser as a last-resort fallback

(/usr/lib/xdg-desktop-portal:2616288): xdg-desktop-portal-WARNING **: 21:06:14.480: Choosing gtk.portal for org.freedesktop.impl.portal.AppChooser as a last-resort fallback

(/usr/lib/xdg-desktop-portal:2616288): xdg-desktop-portal-WARNING **: 21:06:14.480: Choosing gtk.portal for org.freedesktop.impl.portal.Print as a last-resort fallback

(/usr/lib/xdg-desktop-portal:2616288): xdg-desktop-portal-WARNING **: 21:06:14.481: Choosing gtk.portal for org.freedesktop.impl.portal.Notification as a last-resort fallback

(/usr/lib/xdg-desktop-portal:2616288): xdg-desktop-portal-WARNING **: 21:06:14.483: Choosing gtk.portal for org.freedesktop.impl.portal.Inhibit as a last-resort fallback

(/usr/lib/xdg-desktop-portal:2616288): xdg-desktop-portal-WARNING **: 21:06:14.492: Failed to connect to PipeWire: Couldn't connect to PipeWire

(/usr/lib/xdg-desktop-portal:2616288): xdg-desktop-portal-WARNING **: 21:06:14.492: Choosing gtk.portal for org.freedesktop.impl.portal.Account as a last-resort fallback

(/usr/lib/xdg-desktop-portal:2616288): xdg-desktop-portal-WARNING **: 21:06:14.493: Choosing gtk.portal for org.freedesktop.impl.portal.Email as a last-resort fallback

(/usr/lib/xdg-desktop-portal:2616288): xdg-desktop-portal-WARNING **: 21:06:14.495: Choosing gtk.portal for org.freedesktop.impl.portal.DynamicLauncher as a last-resort fallback
dbus-daemon[2615496]: [session uid=1000 pid=2615496 pidfd=4] Successfully activated service 'org.freedesktop.portal.Desktop'
{"trial": "n2c0-00-G_off", "final": "none", "error": null, "load": "19.01"}
dbus-daemon[2615496]: [session uid=1000 pid=2615496 pidfd=4] Activating service name='org.freedesktop.systemd1' requested by ':1.4' (uid=1000 pid=2615961 comm="/usr/bin/dbus-broker-launch --config-file=/usr/sha")
dbus-daemon[2615496]: [session uid=1000 pid=2615496 pidfd=4] Activated service 'org.freedesktop.systemd1' failed: Process org.freedesktop.systemd1 exited with status 1
[2m2026-10-02T02:06:17.769999Z[0m [33m WARN[0m [2mcua_driver_sdk::runtime[0m[2m:[0m could not activate the persistent AT-SPI listener: AT-SPI connect failed: ZBus Error: MethodError(OwnedErrorName("org.freedesktop.DBus.Error.NameHasNoOwner"), Some("Could not activate remote peer 'org.a11y.atspi.Registry': unit failed"), Msg { type: Error, serial: 4294967295, sender: UniqueName("org.freedesktop.DBus"), reply-serial: 9, body: Str, fds: [] })
[2m2026-10-02T02:06:17.805357Z[0m [33m WARN[0m [2mplatform_linux::overlay[0m[2m:[0m X11 overlay: root reads cannot see this window's own pixels; save-unders will be served without readback confirmation
dbus-daemon[2615496]: [session uid=1000 pid=2615496 pidfd=4] Activating service name='org.freedesktop.systemd1' requested by ':1.4' (uid=1000 pid=2615961 comm="/usr/bin/dbus-broker-launch --config-file=/usr/sha")
dbus-daemon[2615496]: [session uid=1000 pid=2615496 pidfd=4] Activated service 'org.freedesktop.systemd1' failed: Process org.freedesktop.systemd1 exited with status 1
dbus-daemon[2615496]: [session uid=1000 pid=2615496 pidfd=4] Activating service name='org.freedesktop.systemd1' requested by ':1.4' (uid=1000 pid=2615961 comm="/usr/bin/dbus-broker-launch --config-file=/usr/sha")
dbus-daemon[2615496]: [session uid=1000 pid=2615496 pidfd=4] Activated service 'org.freedesktop.systemd1' failed: Process org.freedesktop.systemd1 exited with status 1
{"trial": "n2c0-01-API", "final": "value", "error": null, "load": "18.21"}
dbus-daemon[2615496]: [session uid=1000 pid=2615496 pidfd=4] Activating service name='org.freedesktop.systemd1' requested by ':1.4' (uid=1000 pid=2615961 comm="/usr/bin/dbus-broker-launch --config-file=/usr/sha")
dbus-daemon[2615496]: [session uid=1000 pid=2615496 pidfd=4] Activated service 'org.freedesktop.systemd1' failed: Process org.freedesktop.systemd1 exited with status 1
[2m2026-10-02T02:06:19.681251Z[0m [33m WARN[0m [2mcua_driver_sdk::runtime[0m[2m:[0m could not activate the persistent AT-SPI listener: AT-SPI connect failed: ZBus Error: MethodError(OwnedErrorName("org.freedesktop.DBus.Error.NameHasNoOwner"), Some("Could not activate remote peer 'org.a11y.atspi.Registry': unit failed"), Msg { type: Error, serial: 4294967295, sender: UniqueName("org.freedesktop.DBus"), reply-serial: 9, body: Str, fds: [] })
[2m2026-10-02T02:06:19.692914Z[0m [33m WARN[0m [2mplatform_linux::overlay[0m[2m:[0m X11 overlay: root reads cannot see this window's own pixels; save-unders will be served without readback confirmation
dbus-daemon[2615496]: [session uid=1000 pid=2615496 pidfd=4] Activating service name='org.freedesktop.systemd1' requested by ':1.4' (uid=1000 pid=2615961 comm="/usr/bin/dbus-broker-launch --config-file=/usr/sha")
dbus-daemon[2615496]: [session uid=1000 pid=2615496 pidfd=4] Activated service 'org.freedesktop.systemd1' failed: Process org.freedesktop.systemd1 exited with status 1
dbus-daemon[2615496]: [session uid=1000 pid=2615496 pidfd=4] Activating service name='org.freedesktop.systemd1' requested by ':1.4' (uid=1000 pid=2615961 comm="/usr/bin/dbus-broker-launch --config-file=/usr/sha")
dbus-daemon[2615496]: [session uid=1000 pid=2615496 pidfd=4] Activated service 'org.freedesktop.systemd1' failed: Process org.freedesktop.systemd1 exited with status 1
{"trial": "n2c0-02-G_off", "final": "none", "error": null, "load": "18.43"}
dbus-daemon[2615496]: [session uid=1000 pid=2615496 pidfd=4] Activating service name='org.freedesktop.systemd1' requested by ':1.4' (uid=1000 pid=2615961 comm="/usr/bin/dbus-broker-launch --config-file=/usr/sha")
dbus-daemon[2615496]: [session uid=1000 pid=2615496 pidfd=4] Activated service 'org.freedesktop.systemd1' failed: Process org.freedesktop.systemd1 exited with status 1
[2m2026-10-02T02:06:23.325361Z[0m [33m WARN[0m [2mcua_driver_sdk::runtime[0m[2m:[0m could not activate the persistent AT-SPI listener: AT-SPI connect failed: ZBus Error: MethodError(OwnedErrorName("org.freedesktop.DBus.Error.NameHasNoOwner"), Some("Could not activate remote peer 'org.a11y.atspi.Registry': unit failed"), Msg { type: Error, serial: 4294967295, sender: UniqueName("org.freedesktop.DBus"), reply-serial: 9, body: Str, fds: [] })
[2m2026-10-02T02:06:23.341871Z[0m [33m WARN[0m [2mplatform_linux::overlay[0m[2m:[0m X11 overlay: root reads cannot see this window's own pixels; save-unders will be served without readback confirmation
dbus-daemon[2615496]: [session uid=1000 pid=2615496 pidfd=4] Activating service name='org.freedesktop.systemd1' requested by ':1.4' (uid=1000 pid=2615961 comm="/usr/bin/dbus-broker-launch --config-file=/usr/sha")
dbus-daemon[2615496]: [session uid=1000 pid=2615496 pidfd=4] Activated service 'org.freedesktop.systemd1' failed: Process org.freedesktop.systemd1 exited with status 1
dbus-daemon[2615496]: [session uid=1000 pid=2615496 pidfd=4] Activating service name='org.freedesktop.systemd1' requested by ':1.4' (uid=1000 pid=2615961 comm="/usr/bin/dbus-broker-launch --config-file=/usr/sha")
dbus-daemon[2615496]: [session uid=1000 pid=2615496 pidfd=4] Activated service 'org.freedesktop.systemd1' failed: Process org.freedesktop.systemd1 exited with status 1
{"trial": "n2c0-03-API", "final": "value", "error": null, "load": "18.43"}
dbus-daemon[2615496]: [session uid=1000 pid=2615496 pidfd=4] Activating service name='org.freedesktop.systemd1' requested by ':1.4' (uid=1000 pid=2615961 comm="/usr/bin/dbus-broker-launch --config-file=/usr/sha")
dbus-daemon[2615496]: [session uid=1000 pid=2615496 pidfd=4] Activated service 'org.freedesktop.systemd1' failed: Process org.freedesktop.systemd1 exited with status 1
[2m2026-10-02T02:06:25.011261Z[0m [33m WARN[0m [2mcua_driver_sdk::runtime[0m[2m:[0m could not activate the persistent AT-SPI listener: AT-SPI connect failed: ZBus Error: MethodError(OwnedErrorName("org.freedesktop.DBus.Error.NameHasNoOwner"), Some("Could not activate remote peer 'org.a11y.atspi.Registry': unit failed"), Msg { type: Error, serial: 4294967295, sender: UniqueName("org.freedesktop.DBus"), reply-serial: 9, body: Str, fds: [] })
[2m2026-10-02T02:06:25.023458Z[0m [33m WARN[0m [2mplatform_linux::overlay[0m[2m:[0m X11 overlay: root reads cannot see this window's own pixels; save-unders will be served without readback confirmation
dbus-daemon[2615496]: [session uid=1000 pid=2615496 pidfd=4] Activating service name='org.freedesktop.systemd1' requested by ':1.4' (uid=1000 pid=2615961 comm="/usr/bin/dbus-broker-launch --config-file=/usr/sha")
dbus-daemon[2615496]: [session uid=1000 pid=2615496 pidfd=4] Activated service 'org.freedesktop.systemd1' failed: Process org.freedesktop.systemd1 exited with status 1
dbus-daemon[2615496]: [session uid=1000 pid=2615496 pidfd=4] Activating service name='org.freedesktop.systemd1' requested by ':1.4' (uid=1000 pid=2615961 comm="/usr/bin/dbus-broker-launch --config-file=/usr/sha")
dbus-daemon[2615496]: [session uid=1000 pid=2615496 pidfd=4] Activated service 'org.freedesktop.systemd1' failed: Process org.freedesktop.systemd1 exited with status 1
{"trial": "n2c0-04-G_off", "final": "none", "error": null, "load": "18.15"}
dbus-daemon[2615496]: [session uid=1000 pid=2615496 pidfd=4] Activating service name='org.freedesktop.systemd1' requested by ':1.4' (uid=1000 pid=2615961 comm="/usr/bin/dbus-broker-launch --config-file=/usr/sha")
dbus-daemon[2615496]: [session uid=1000 pid=2615496 pidfd=4] Activated service 'org.freedesktop.systemd1' failed: Process org.freedesktop.systemd1 exited with status 1
[2m2026-10-02T02:06:28.720175Z[0m [33m WARN[0m [2mcua_driver_sdk::runtime[0m[2m:[0m could not activate the persistent AT-SPI listener: AT-SPI connect failed: ZBus Error: MethodError(OwnedErrorName("org.freedesktop.DBus.Error.NameHasNoOwner"), Some("Could not activate remote peer 'org.a11y.atspi.Registry': unit failed"), Msg { type: Error, serial: 4294967295, sender: UniqueName("org.freedesktop.DBus"), reply-serial: 9, body: Str, fds: [] })
[2m2026-10-02T02:06:28.732548Z[0m [33m WARN[0m [2mplatform_linux::overlay[0m[2m:[0m X11 overlay: root reads cannot see this window's own pixels; save-unders will be served without readback confirmation
dbus-daemon[2615496]: [session uid=1000 pid=2615496 pidfd=4] Activating service name='org.freedesktop.systemd1' requested by ':1.4' (uid=1000 pid=2615961 comm="/usr/bin/dbus-broker-launch --config-file=/usr/sha")
dbus-daemon[2615496]: [session uid=1000 pid=2615496 pidfd=4] Activated service 'org.freedesktop.systemd1' failed: Process org.freedesktop.systemd1 exited with status 1
dbus-daemon[2615496]: [session uid=1000 pid=2615496 pidfd=4] Activating service name='org.freedesktop.systemd1' requested by ':1.4' (uid=1000 pid=2615961 comm="/usr/bin/dbus-broker-launch --config-file=/usr/sha")
dbus-daemon[2615496]: [session uid=1000 pid=2615496 pidfd=4] Activated service 'org.freedesktop.systemd1' failed: Process org.freedesktop.systemd1 exited with status 1
{"trial": "n2c0-05-API", "final": "value", "error": null, "load": "16.94"}
dbus-daemon[2615496]: [session uid=1000 pid=2615496 pidfd=4] Activating service name='org.freedesktop.systemd1' requested by ':1.4' (uid=1000 pid=2615961 comm="/usr/bin/dbus-broker-launch --config-file=/usr/sha")
dbus-daemon[2615496]: [session uid=1000 pid=2615496 pidfd=4] Activated service 'org.freedesktop.systemd1' failed: Process org.freedesktop.systemd1 exited with status 1
[2m2026-10-02T02:06:30.234602Z[0m [33m WARN[0m [2mcua_driver_sdk::runtime[0m[2m:[0m could not activate the persistent AT-SPI listener: AT-SPI connect failed: ZBus Error: MethodError(OwnedErrorName("org.freedesktop.DBus.Error.NameHasNoOwner"), Some("Could not activate remote peer 'org.a11y.atspi.Registry': unit failed"), Msg { type: Error, serial: 4294967295, sender: UniqueName("org.freedesktop.DBus"), reply-serial: 9, body: Str, fds: [] })
[2m2026-10-02T02:06:30.254884Z[0m [33m WARN[0m [2mplatform_linux::overlay[0m[2m:[0m X11 overlay: root reads cannot see this window's own pixels; save-unders will be served without readback confirmation
dbus-daemon[2615496]: [session uid=1000 pid=2615496 pidfd=4] Activating service name='org.freedesktop.systemd1' requested by ':1.4' (uid=1000 pid=2615961 comm="/usr/bin/dbus-broker-launch --config-file=/usr/sha")
dbus-daemon[2615496]: [session uid=1000 pid=2615496 pidfd=4] Activated service 'org.freedesktop.systemd1' failed: Process org.freedesktop.systemd1 exited with status 1
dbus-daemon[2615496]: [session uid=1000 pid=2615496 pidfd=4] Activating service name='org.freedesktop.systemd1' requested by ':1.4' (uid=1000 pid=2615961 comm="/usr/bin/dbus-broker-launch --config-file=/usr/sha")
dbus-daemon[2615496]: [session uid=1000 pid=2615496 pidfd=4] Activated service 'org.freedesktop.systemd1' failed: Process org.freedesktop.systemd1 exited with status 1
{"trial": "n2c0-06-G_off", "final": "none", "error": null, "load": "16.94"}
dbus-daemon[2615496]: [session uid=1000 pid=2615496 pidfd=4] Activating service name='org.freedesktop.systemd1' requested by ':1.4' (uid=1000 pid=2615961 comm="/usr/bin/dbus-broker-launch --config-file=/usr/sha")
dbus-daemon[2615496]: [session uid=1000 pid=2615496 pidfd=4] Activated service 'org.freedesktop.systemd1' failed: Process org.freedesktop.systemd1 exited with status 1
[2m2026-10-02T02:06:34.089362Z[0m [33m WARN[0m [2mcua_driver_sdk::runtime[0m[2m:[0m could not activate the persistent AT-SPI listener: AT-SPI connect failed: ZBus Error: MethodError(OwnedErrorName("org.freedesktop.DBus.Error.NameHasNoOwner"), Some("Could not activate remote peer 'org.a11y.atspi.Registry': unit failed"), Msg { type: Error, serial: 4294967295, sender: UniqueName("org.freedesktop.DBus"), reply-serial: 9, body: Str, fds: [] })
[2m2026-10-02T02:06:34.100984Z[0m [33m WARN[0m [2mplatform_linux::overlay[0m[2m:[0m X11 overlay: root reads cannot see this window's own pixels; save-unders will be served without readback confirmation
dbus-daemon[2615496]: [session uid=1000 pid=2615496 pidfd=4] Activating service name='org.freedesktop.systemd1' requested by ':1.4' (uid=1000 pid=2615961 comm="/usr/bin/dbus-broker-launch --config-file=/usr/sha")
dbus-daemon[2615496]: [session uid=1000 pid=2615496 pidfd=4] Activated service 'org.freedesktop.systemd1' failed: Process org.freedesktop.systemd1 exited with status 1
dbus-daemon[2615496]: [session uid=1000 pid=2615496 pidfd=4] Activating service name='org.freedesktop.systemd1' requested by ':1.4' (uid=1000 pid=2615961 comm="/usr/bin/dbus-broker-launch --config-file=/usr/sha")
dbus-daemon[2615496]: [session uid=1000 pid=2615496 pidfd=4] Activated service 'org.freedesktop.systemd1' failed: Process org.freedesktop.systemd1 exited with status 1
{"trial": "n2c0-07-API", "final": "value", "error": null, "load": "17.59"}
dbus-daemon[2615496]: [session uid=1000 pid=2615496 pidfd=4] Activating service name='org.freedesktop.systemd1' requested by ':1.4' (uid=1000 pid=2615961 comm="/usr/bin/dbus-broker-launch --config-file=/usr/sha")
dbus-daemon[2615496]: [session uid=1000 pid=2615496 pidfd=4] Activated service 'org.freedesktop.systemd1' failed: Process org.freedesktop.systemd1 exited with status 1
[2m2026-10-02T02:06:35.535418Z[0m [33m WARN[0m [2mcua_driver_sdk::runtime[0m[2m:[0m could not activate the persistent AT-SPI listener: AT-SPI connect failed: ZBus Error: MethodError(OwnedErrorName("org.freedesktop.DBus.Error.NameHasNoOwner"), Some("Could not activate remote peer 'org.a11y.atspi.Registry': unit failed"), Msg { type: Error, serial: 4294967295, sender: UniqueName("org.freedesktop.DBus"), reply-serial: 9, body: Str, fds: [] })
[2m2026-10-02T02:06:35.545739Z[0m [33m WARN[0m [2mplatform_linux::overlay[0m[2m:[0m X11 overlay: root reads cannot see this window's own pixels; save-unders will be served without readback confirmation
dbus-daemon[2615496]: [session uid=1000 pid=2615496 pidfd=4] Activating service name='org.freedesktop.systemd1' requested by ':1.4' (uid=1000 pid=2615961 comm="/usr/bin/dbus-broker-launch --config-file=/usr/sha")
dbus-daemon[2615496]: [session uid=1000 pid=2615496 pidfd=4] Activated service 'org.freedesktop.systemd1' failed: Process org.freedesktop.systemd1 exited with status 1
dbus-daemon[2615496]: [session uid=1000 pid=2615496 pidfd=4] Activating service name='org.freedesktop.systemd1' requested by ':1.4' (uid=1000 pid=2615961 comm="/usr/bin/dbus-broker-launch --config-file=/usr/sha")
dbus-daemon[2615496]: [session uid=1000 pid=2615496 pidfd=4] Activated service 'org.freedesktop.systemd1' failed: Process org.freedesktop.systemd1 exited with status 1
{"trial": "n2c0-08-G_off", "final": "none", "error": null, "load": "17.59"}
dbus-daemon[2615496]: [session uid=1000 pid=2615496 pidfd=4] Activating service name='org.freedesktop.systemd1' requested by ':1.4' (uid=1000 pid=2615961 comm="/usr/bin/dbus-broker-launch --config-file=/usr/sha")
dbus-daemon[2615496]: [session uid=1000 pid=2615496 pidfd=4] Activated service 'org.freedesktop.systemd1' failed: Process org.freedesktop.systemd1 exited with status 1
[2m2026-10-02T02:06:39.594283Z[0m [33m WARN[0m [2mcua_driver_sdk::runtime[0m[2m:[0m could not activate the persistent AT-SPI listener: AT-SPI connect failed: ZBus Error: MethodError(OwnedErrorName("org.freedesktop.DBus.Error.NameHasNoOwner"), Some("Could not activate remote peer 'org.a11y.atspi.Registry': unit failed"), Msg { type: Error, serial: 4294967295, sender: UniqueName("org.freedesktop.DBus"), reply-serial: 9, body: Str, fds: [] })
[2m2026-10-02T02:06:39.603610Z[0m [33m WARN[0m [2mplatform_linux::overlay[0m[2m:[0m X11 overlay: root reads cannot see this window's own pixels; save-unders will be served without readback confirmation
dbus-daemon[2615496]: [session uid=1000 pid=2615496 pidfd=4] Activating service name='org.freedesktop.systemd1' requested by ':1.4' (uid=1000 pid=2615961 comm="/usr/bin/dbus-broker-launch --config-file=/usr/sha")
dbus-daemon[2615496]: [session uid=1000 pid=2615496 pidfd=4] Activated service 'org.freedesktop.systemd1' failed: Process org.freedesktop.systemd1 exited with status 1
dbus-daemon[2615496]: [session uid=1000 pid=2615496 pidfd=4] Activating service name='org.freedesktop.systemd1' requested by ':1.4' (uid=1000 pid=2615961 comm="/usr/bin/dbus-broker-launch --config-file=/usr/sha")
dbus-daemon[2615496]: [session uid=1000 pid=2615496 pidfd=4] Activated service 'org.freedesktop.systemd1' failed: Process org.freedesktop.systemd1 exited with status 1
{"trial": "n2c0-09-API", "final": "value", "error": null, "load": "16.50"}
rc_run=0
A connection to the bus can't be made
CRITICAL: [dbus_cb_name_lost:1438] Cannot connect to DBus.
[session] exit rc=0 run_dir=<tmp>/x11-session.bOVhqz
