[session] DISPLAY=:99 openbox=2601078 picom=2601079 dbus=unix:path=<tmp>,guid=a5e7b4a077376e23df5cbdec6abf115c
== r2-08 DISPLAY=:99 args=--phase neg --variant n1 --chunk 1
== driver_version=cua-driver 0.32.0
== driver_sha256=8b03796185055cc40c1a9ef0b2b4bbe9595a3eefa4f9a3aa64f34e5ce1974cd3
== chrome_version=Google Chrome 151.0.7922.71 
== loadavg=5.62 5.81 4.98 11/2280 2601444
Cua Driver sends content-free product telemetry by default. Run `cua-driver telemetry disable` to stop it; `cua-driver telemetry status` shows the current setting.
dbus-daemon[2601074]: [session uid=1000 pid=2601074 pidfd=4] Activating service name='org.a11y.Bus' requested by ':1.0' (uid=1000 pid=2601507 comm="<lanes>/bin/cua-driver-r2")
dbus-daemon[2601074]: [session uid=1000 pid=2601074 pidfd=4] Successfully activated service 'org.a11y.Bus'
dbus-daemon[2601074]: [session uid=1000 pid=2601074 pidfd=4] Activating service name='ca.desrt.dconf' requested by ':1.1' (uid=1000 pid=2601546 comm="/usr/lib/at-spi-bus-launcher")
dbus-daemon[2601074]: [session uid=1000 pid=2601074 pidfd=4] Successfully activated service 'ca.desrt.dconf'
dbus-daemon[2601074]: [session uid=1000 pid=2601074 pidfd=4] Activating service name='org.freedesktop.systemd1' requested by ':1.4' (uid=1000 pid=2601576 comm="/usr/bin/dbus-broker-launch --config-file=/usr/sha")
dbus-daemon[2601074]: [session uid=1000 pid=2601074 pidfd=4] Activated service 'org.freedesktop.systemd1' failed: Process org.freedesktop.systemd1 exited with status 1
[2m2026-10-02T02:05:19.963567Z[0m [33m WARN[0m [2mcua_driver_sdk::runtime[0m[2m:[0m could not activate the persistent AT-SPI listener: AT-SPI connect failed: ZBus Error: MethodError(OwnedErrorName("org.freedesktop.DBus.Error.NameHasNoOwner"), Some("Could not activate remote peer 'org.a11y.atspi.Registry': unit failed"), Msg { type: Error, serial: 4294967295, sender: UniqueName("org.freedesktop.DBus"), reply-serial: 10, body: Str, fds: [] })
[2m2026-10-02T02:05:19.978584Z[0m [33m WARN[0m [2mplatform_linux::overlay[0m[2m:[0m X11 overlay: root reads cannot see this window's own pixels; save-unders will be served without readback confirmation
dbus-daemon[2601074]: [session uid=1000 pid=2601074 pidfd=4] Activating service name='org.gtk.vfs.Daemon' requested by ':1.5' (uid=1000 pid=2601636 comm="/opt/google/chrome/chrome --remote-debugging-port=")
dbus-daemon[2601074]: [session uid=1000 pid=2601074 pidfd=4] Successfully activated service 'org.gtk.vfs.Daemon'
dbus-daemon[2601074]: [session uid=1000 pid=2601074 pidfd=4] Activating service name='org.freedesktop.systemd1' requested by ':1.4' (uid=1000 pid=2601576 comm="/usr/bin/dbus-broker-launch --config-file=/usr/sha")
dbus-daemon[2601074]: [session uid=1000 pid=2601074 pidfd=4] Activated service 'org.freedesktop.systemd1' failed: Process org.freedesktop.systemd1 exited with status 1
dbus-daemon[2601074]: [session uid=1000 pid=2601074 pidfd=4] Activating service name='org.freedesktop.systemd1' requested by ':1.4' (uid=1000 pid=2601576 comm="/usr/bin/dbus-broker-launch --config-file=/usr/sha")
dbus-daemon[2601074]: [session uid=1000 pid=2601074 pidfd=4] Activated service 'org.freedesktop.systemd1' failed: Process org.freedesktop.systemd1 exited with status 1
dbus-daemon[2601074]: [session uid=1000 pid=2601074 pidfd=4] Activating service name='org.freedesktop.Notifications' requested by ':1.8' (uid=1000 pid=2601636 comm="/opt/google/chrome/chrome --remote-debugging-port=")
dbus-daemon[2601074]: [session uid=1000 pid=2601074 pidfd=4] Successfully activated service 'org.freedesktop.Notifications'
dbus-daemon[2601074]: [session uid=1000 pid=2601074 pidfd=4] Activating service name='org.freedesktop.portal.Desktop' requested by ':1.8' (uid=1000 pid=2601636 comm="/opt/google/chrome/chrome --remote-debugging-port=")
dbus-daemon[2601074]: [session uid=1000 pid=2601074 pidfd=4] Activating service name='org.freedesktop.impl.portal.PermissionStore' requested by ':1.10' (uid=1000 pid=2601863 comm="/usr/lib/xdg-desktop-portal")
dbus-daemon[2601074]: [session uid=1000 pid=2601074 pidfd=4] Successfully activated service 'org.freedesktop.impl.portal.PermissionStore'
dbus-daemon[2601074]: [session uid=1000 pid=2601074 pidfd=4] Activating service name='org.freedesktop.portal.Documents' requested by ':1.10' (uid=1000 pid=2601863 comm="/usr/lib/xdg-desktop-portal")
dbus-daemon[2601074]: [session uid=1000 pid=2601074 pidfd=4] Successfully activated service 'org.freedesktop.portal.Documents'

(/usr/lib/xdg-desktop-portal:2601863): xdg-desktop-portal-WARNING **: 21:05:20.878: Choosing gtk.portal for org.freedesktop.impl.portal.Lockdown as a last-resort fallback
dbus-daemon[2601074]: [session uid=1000 pid=2601074 pidfd=4] Activating service name='org.freedesktop.impl.portal.desktop.gtk' requested by ':1.10' (uid=1000 pid=2601863 comm="/usr/lib/xdg-desktop-portal")
dbus-daemon[2601074]: [session uid=1000 pid=2601074 pidfd=4] Activating service name='org.freedesktop.systemd1' requested by ':1.4' (uid=1000 pid=2601576 comm="/usr/bin/dbus-broker-launch --config-file=/usr/sha")
dbus-daemon[2601074]: [session uid=1000 pid=2601074 pidfd=4] Activated service 'org.freedesktop.systemd1' failed: Process org.freedesktop.systemd1 exited with status 1
dbus-daemon[2601074]: [session uid=1000 pid=2601074 pidfd=4] Successfully activated service 'org.freedesktop.impl.portal.desktop.gtk'

** (xdg-desktop-portal-gtk:2601886): WARNING **: 21:05:20.905: AT-SPI: Could not obtain desktop path or name

dbus-daemon[2601074]: [session uid=1000 pid=2601074 pidfd=4] Activating service name='org.freedesktop.systemd1' requested by ':1.4' (uid=1000 pid=2601576 comm="/usr/bin/dbus-broker-launch --config-file=/usr/sha")

(/usr/lib/xdg-desktop-portal:2601863): xdg-desktop-portal-WARNING **: 21:05:20.906: Choosing gtk.portal for org.freedesktop.impl.portal.Access as a last-resort fallback
dbus-daemon[2601074]: [session uid=1000 pid=2601074 pidfd=4] Activated service 'org.freedesktop.systemd1' failed: Process org.freedesktop.systemd1 exited with status 1

** (xdg-desktop-portal-gtk:2601886): WARNING **: 21:05:20.907: atk-bridge: GetRegisteredEvents returned message with unknown signature

** (xdg-desktop-portal-gtk:2601886): WARNING **: 21:05:20.907: atk-bridge: get_device_events_reply: unknown signature

(/usr/lib/xdg-desktop-portal:2601863): xdg-desktop-portal-WARNING **: 21:05:20.920: Choosing gtk.portal for org.freedesktop.impl.portal.Settings as a last-resort fallback

(/usr/lib/xdg-desktop-portal:2601863): xdg-desktop-portal-WARNING **: 21:05:20.920: Choosing gtk.portal for org.freedesktop.impl.portal.FileChooser as a last-resort fallback

(/usr/lib/xdg-desktop-portal:2601863): xdg-desktop-portal-WARNING **: 21:05:20.920: Choosing gtk.portal for org.freedesktop.impl.portal.AppChooser as a last-resort fallback

(/usr/lib/xdg-desktop-portal:2601863): xdg-desktop-portal-WARNING **: 21:05:20.921: Choosing gtk.portal for org.freedesktop.impl.portal.Print as a last-resort fallback

(/usr/lib/xdg-desktop-portal:2601863): xdg-desktop-portal-WARNING **: 21:05:20.921: Choosing gtk.portal for org.freedesktop.impl.portal.Notification as a last-resort fallback

(/usr/lib/xdg-desktop-portal:2601863): xdg-desktop-portal-WARNING **: 21:05:20.921: Choosing gtk.portal for org.freedesktop.impl.portal.Inhibit as a last-resort fallback

(/usr/lib/xdg-desktop-portal:2601863): xdg-desktop-portal-WARNING **: 21:05:20.924: Failed to connect to PipeWire: Couldn't connect to PipeWire

(/usr/lib/xdg-desktop-portal:2601863): xdg-desktop-portal-WARNING **: 21:05:20.924: Choosing gtk.portal for org.freedesktop.impl.portal.Account as a last-resort fallback

(/usr/lib/xdg-desktop-portal:2601863): xdg-desktop-portal-WARNING **: 21:05:20.924: Choosing gtk.portal for org.freedesktop.impl.portal.Email as a last-resort fallback

(/usr/lib/xdg-desktop-portal:2601863): xdg-desktop-portal-WARNING **: 21:05:20.925: Choosing gtk.portal for org.freedesktop.impl.portal.DynamicLauncher as a last-resort fallback
dbus-daemon[2601074]: [session uid=1000 pid=2601074 pidfd=4] Successfully activated service 'org.freedesktop.portal.Desktop'
{"trial": "n1c1-00-API", "final": "none", "error": null, "load": "5.62"}
dbus-daemon[2601074]: [session uid=1000 pid=2601074 pidfd=4] Activating service name='org.freedesktop.systemd1' requested by ':1.4' (uid=1000 pid=2601576 comm="/usr/bin/dbus-broker-launch --config-file=/usr/sha")
dbus-daemon[2601074]: [session uid=1000 pid=2601074 pidfd=4] Activated service 'org.freedesktop.systemd1' failed: Process org.freedesktop.systemd1 exited with status 1
[2m2026-10-02T02:05:24.249980Z[0m [33m WARN[0m [2mcua_driver_sdk::runtime[0m[2m:[0m could not activate the persistent AT-SPI listener: AT-SPI connect failed: ZBus Error: MethodError(OwnedErrorName("org.freedesktop.DBus.Error.NameHasNoOwner"), Some("Could not activate remote peer 'org.a11y.atspi.Registry': unit failed"), Msg { type: Error, serial: 4294967295, sender: UniqueName("org.freedesktop.DBus"), reply-serial: 9, body: Str, fds: [] })
[2m2026-10-02T02:05:24.262105Z[0m [33m WARN[0m [2mplatform_linux::overlay[0m[2m:[0m X11 overlay: root reads cannot see this window's own pixels; save-unders will be served without readback confirmation
dbus-daemon[2601074]: [session uid=1000 pid=2601074 pidfd=4] Activating service name='org.freedesktop.systemd1' requested by ':1.4' (uid=1000 pid=2601576 comm="/usr/bin/dbus-broker-launch --config-file=/usr/sha")
dbus-daemon[2601074]: [session uid=1000 pid=2601074 pidfd=4] Activated service 'org.freedesktop.systemd1' failed: Process org.freedesktop.systemd1 exited with status 1
dbus-daemon[2601074]: [session uid=1000 pid=2601074 pidfd=4] Activating service name='org.freedesktop.systemd1' requested by ':1.4' (uid=1000 pid=2601576 comm="/usr/bin/dbus-broker-launch --config-file=/usr/sha")
dbus-daemon[2601074]: [session uid=1000 pid=2601074 pidfd=4] Activated service 'org.freedesktop.systemd1' failed: Process org.freedesktop.systemd1 exited with status 1
{"trial": "n1c1-01-G_off", "final": "value", "error": null, "load": "5.89"}
dbus-daemon[2601074]: [session uid=1000 pid=2601074 pidfd=4] Activating service name='org.freedesktop.systemd1' requested by ':1.4' (uid=1000 pid=2601576 comm="/usr/bin/dbus-broker-launch --config-file=/usr/sha")
dbus-daemon[2601074]: [session uid=1000 pid=2601074 pidfd=4] Activated service 'org.freedesktop.systemd1' failed: Process org.freedesktop.systemd1 exited with status 1
[2m2026-10-02T02:05:25.932353Z[0m [33m WARN[0m [2mcua_driver_sdk::runtime[0m[2m:[0m could not activate the persistent AT-SPI listener: AT-SPI connect failed: ZBus Error: MethodError(OwnedErrorName("org.freedesktop.DBus.Error.NameHasNoOwner"), Some("Could not activate remote peer 'org.a11y.atspi.Registry': unit failed"), Msg { type: Error, serial: 4294967295, sender: UniqueName("org.freedesktop.DBus"), reply-serial: 9, body: Str, fds: [] })
[2m2026-10-02T02:05:25.952220Z[0m [33m WARN[0m [2mplatform_linux::overlay[0m[2m:[0m X11 overlay: root reads cannot see this window's own pixels; save-unders will be served without readback confirmation
dbus-daemon[2601074]: [session uid=1000 pid=2601074 pidfd=4] Activating service name='org.freedesktop.systemd1' requested by ':1.4' (uid=1000 pid=2601576 comm="/usr/bin/dbus-broker-launch --config-file=/usr/sha")
dbus-daemon[2601074]: [session uid=1000 pid=2601074 pidfd=4] Activated service 'org.freedesktop.systemd1' failed: Process org.freedesktop.systemd1 exited with status 1
dbus-daemon[2601074]: [session uid=1000 pid=2601074 pidfd=4] Activating service name='org.freedesktop.systemd1' requested by ':1.4' (uid=1000 pid=2601576 comm="/usr/bin/dbus-broker-launch --config-file=/usr/sha")
dbus-daemon[2601074]: [session uid=1000 pid=2601074 pidfd=4] Activated service 'org.freedesktop.systemd1' failed: Process org.freedesktop.systemd1 exited with status 1
{"trial": "n1c1-02-API", "final": "none", "error": null, "load": "5.89"}
dbus-daemon[2601074]: [session uid=1000 pid=2601074 pidfd=4] Activating service name='org.freedesktop.systemd1' requested by ':1.4' (uid=1000 pid=2601576 comm="/usr/bin/dbus-broker-launch --config-file=/usr/sha")
dbus-daemon[2601074]: [session uid=1000 pid=2601074 pidfd=4] Activated service 'org.freedesktop.systemd1' failed: Process org.freedesktop.systemd1 exited with status 1
[2m2026-10-02T02:05:29.803473Z[0m [33m WARN[0m [2mcua_driver_sdk::runtime[0m[2m:[0m could not activate the persistent AT-SPI listener: AT-SPI connect failed: ZBus Error: MethodError(OwnedErrorName("org.freedesktop.DBus.Error.NameHasNoOwner"), Some("Could not activate remote peer 'org.a11y.atspi.Registry': unit failed"), Msg { type: Error, serial: 4294967295, sender: UniqueName("org.freedesktop.DBus"), reply-serial: 9, body: Str, fds: [] })
[2m2026-10-02T02:05:29.850354Z[0m [33m WARN[0m [2mplatform_linux::overlay[0m[2m:[0m X11 overlay: root reads cannot see this window's own pixels; save-unders will be served without readback confirmation
dbus-daemon[2601074]: [session uid=1000 pid=2601074 pidfd=4] Activating service name='org.freedesktop.systemd1' requested by ':1.4' (uid=1000 pid=2601576 comm="/usr/bin/dbus-broker-launch --config-file=/usr/sha")
dbus-daemon[2601074]: [session uid=1000 pid=2601074 pidfd=4] Activated service 'org.freedesktop.systemd1' failed: Process org.freedesktop.systemd1 exited with status 1
dbus-daemon[2601074]: [session uid=1000 pid=2601074 pidfd=4] Activating service name='org.freedesktop.systemd1' requested by ':1.4' (uid=1000 pid=2601576 comm="/usr/bin/dbus-broker-launch --config-file=/usr/sha")
dbus-daemon[2601074]: [session uid=1000 pid=2601074 pidfd=4] Activated service 'org.freedesktop.systemd1' failed: Process org.freedesktop.systemd1 exited with status 1
{"trial": "n1c1-03-G_off", "final": "value", "error": null, "load": "6.30"}
dbus-daemon[2601074]: [session uid=1000 pid=2601074 pidfd=4] Activating service name='org.freedesktop.systemd1' requested by ':1.4' (uid=1000 pid=2601576 comm="/usr/bin/dbus-broker-launch --config-file=/usr/sha")
dbus-daemon[2601074]: [session uid=1000 pid=2601074 pidfd=4] Activated service 'org.freedesktop.systemd1' failed: Process org.freedesktop.systemd1 exited with status 1
[2m2026-10-02T02:05:34.230830Z[0m [33m WARN[0m [2mcua_driver_sdk::runtime[0m[2m:[0m could not activate the persistent AT-SPI listener: AT-SPI connect failed: ZBus Error: MethodError(OwnedErrorName("org.freedesktop.DBus.Error.NameHasNoOwner"), Some("Could not activate remote peer 'org.a11y.atspi.Registry': unit failed"), Msg { type: Error, serial: 4294967295, sender: UniqueName("org.freedesktop.DBus"), reply-serial: 9, body: Str, fds: [] })
[2m2026-10-02T02:05:34.278812Z[0m [33m WARN[0m [2mplatform_linux::overlay[0m[2m:[0m X11 overlay: root reads cannot see this window's own pixels; save-unders will be served without readback confirmation
dbus-daemon[2601074]: [session uid=1000 pid=2601074 pidfd=4] Activating service name='org.freedesktop.systemd1' requested by ':1.4' (uid=1000 pid=2601576 comm="/usr/bin/dbus-broker-launch --config-file=/usr/sha")
dbus-daemon[2601074]: [session uid=1000 pid=2601074 pidfd=4] Activated service 'org.freedesktop.systemd1' failed: Process org.freedesktop.systemd1 exited with status 1
dbus-daemon[2601074]: [session uid=1000 pid=2601074 pidfd=4] Activating service name='org.freedesktop.systemd1' requested by ':1.4' (uid=1000 pid=2601576 comm="/usr/bin/dbus-broker-launch --config-file=/usr/sha")
dbus-daemon[2601074]: [session uid=1000 pid=2601074 pidfd=4] Activated service 'org.freedesktop.systemd1' failed: Process org.freedesktop.systemd1 exited with status 1
{"trial": "n1c1-04-API", "final": "none", "error": null, "load": "9.32"}
dbus-daemon[2601074]: [session uid=1000 pid=2601074 pidfd=4] Activating service name='org.freedesktop.systemd1' requested by ':1.4' (uid=1000 pid=2601576 comm="/usr/bin/dbus-broker-launch --config-file=/usr/sha")
dbus-daemon[2601074]: [session uid=1000 pid=2601074 pidfd=4] Activated service 'org.freedesktop.systemd1' failed: Process org.freedesktop.systemd1 exited with status 1
[2m2026-10-02T02:05:39.882646Z[0m [33m WARN[0m [2mcua_driver_sdk::runtime[0m[2m:[0m could not activate the persistent AT-SPI listener: AT-SPI connect failed: ZBus Error: MethodError(OwnedErrorName("org.freedesktop.DBus.Error.NameHasNoOwner"), Some("Could not activate remote peer 'org.a11y.atspi.Registry': unit failed"), Msg { type: Error, serial: 4294967295, sender: UniqueName("org.freedesktop.DBus"), reply-serial: 9, body: Str, fds: [] })
[2m2026-10-02T02:05:39.953335Z[0m [33m WARN[0m [2mplatform_linux::overlay[0m[2m:[0m X11 overlay: root reads cannot see this window's own pixels; save-unders will be served without readback confirmation
dbus-daemon[2601074]: [session uid=1000 pid=2601074 pidfd=4] Activating service name='org.freedesktop.systemd1' requested by ':1.4' (uid=1000 pid=2601576 comm="/usr/bin/dbus-broker-launch --config-file=/usr/sha")
dbus-daemon[2601074]: [session uid=1000 pid=2601074 pidfd=4] Activated service 'org.freedesktop.systemd1' failed: Process org.freedesktop.systemd1 exited with status 1
dbus-daemon[2601074]: [session uid=1000 pid=2601074 pidfd=4] Activating service name='org.freedesktop.systemd1' requested by ':1.4' (uid=1000 pid=2601576 comm="/usr/bin/dbus-broker-launch --config-file=/usr/sha")
dbus-daemon[2601074]: [session uid=1000 pid=2601074 pidfd=4] Activated service 'org.freedesktop.systemd1' failed: Process org.freedesktop.systemd1 exited with status 1
{"trial": "n1c1-05-G_off", "final": "value", "error": null, "load": "11.45"}
dbus-daemon[2601074]: [session uid=1000 pid=2601074 pidfd=4] Activating service name='org.freedesktop.systemd1' requested by ':1.4' (uid=1000 pid=2601576 comm="/usr/bin/dbus-broker-launch --config-file=/usr/sha")
dbus-daemon[2601074]: [session uid=1000 pid=2601074 pidfd=4] Activated service 'org.freedesktop.systemd1' failed: Process org.freedesktop.systemd1 exited with status 1
[2m2026-10-02T02:05:44.395402Z[0m [33m WARN[0m [2mcua_driver_sdk::runtime[0m[2m:[0m could not activate the persistent AT-SPI listener: AT-SPI connect failed: ZBus Error: MethodError(OwnedErrorName("org.freedesktop.DBus.Error.NameHasNoOwner"), Some("Could not activate remote peer 'org.a11y.atspi.Registry': unit failed"), Msg { type: Error, serial: 4294967295, sender: UniqueName("org.freedesktop.DBus"), reply-serial: 9, body: Str, fds: [] })
[2m2026-10-02T02:05:44.438355Z[0m [33m WARN[0m [2mplatform_linux::overlay[0m[2m:[0m X11 overlay: root reads cannot see this window's own pixels; save-unders will be served without readback confirmation
dbus-daemon[2601074]: [session uid=1000 pid=2601074 pidfd=4] Activating service name='org.freedesktop.systemd1' requested by ':1.4' (uid=1000 pid=2601576 comm="/usr/bin/dbus-broker-launch --config-file=/usr/sha")
dbus-daemon[2601074]: [session uid=1000 pid=2601074 pidfd=4] Activated service 'org.freedesktop.systemd1' failed: Process org.freedesktop.systemd1 exited with status 1
dbus-daemon[2601074]: [session uid=1000 pid=2601074 pidfd=4] Activating service name='org.freedesktop.systemd1' requested by ':1.4' (uid=1000 pid=2601576 comm="/usr/bin/dbus-broker-launch --config-file=/usr/sha")
dbus-daemon[2601074]: [session uid=1000 pid=2601074 pidfd=4] Activated service 'org.freedesktop.systemd1' failed: Process org.freedesktop.systemd1 exited with status 1
{"trial": "n1c1-06-API", "final": "none", "error": null, "load": "13.58"}
dbus-daemon[2601074]: [session uid=1000 pid=2601074 pidfd=4] Activating service name='org.freedesktop.systemd1' requested by ':1.4' (uid=1000 pid=2601576 comm="/usr/bin/dbus-broker-launch --config-file=/usr/sha")
dbus-daemon[2601074]: [session uid=1000 pid=2601074 pidfd=4] Activated service 'org.freedesktop.systemd1' failed: Process org.freedesktop.systemd1 exited with status 1
[2m2026-10-02T02:05:50.516730Z[0m [33m WARN[0m [2mcua_driver_sdk::runtime[0m[2m:[0m could not activate the persistent AT-SPI listener: AT-SPI connect failed: ZBus Error: MethodError(OwnedErrorName("org.freedesktop.DBus.Error.NameHasNoOwner"), Some("Could not activate remote peer 'org.a11y.atspi.Registry': unit failed"), Msg { type: Error, serial: 4294967295, sender: UniqueName("org.freedesktop.DBus"), reply-serial: 9, body: Str, fds: [] })
[2m2026-10-02T02:05:50.590379Z[0m [33m WARN[0m [2mplatform_linux::overlay[0m[2m:[0m X11 overlay: root reads cannot see this window's own pixels; save-unders will be served without readback confirmation
dbus-daemon[2601074]: [session uid=1000 pid=2601074 pidfd=4] Activating service name='org.freedesktop.systemd1' requested by ':1.4' (uid=1000 pid=2601576 comm="/usr/bin/dbus-broker-launch --config-file=/usr/sha")
dbus-daemon[2601074]: [session uid=1000 pid=2601074 pidfd=4] Activated service 'org.freedesktop.systemd1' failed: Process org.freedesktop.systemd1 exited with status 1
dbus-daemon[2601074]: [session uid=1000 pid=2601074 pidfd=4] Activating service name='org.freedesktop.systemd1' requested by ':1.4' (uid=1000 pid=2601576 comm="/usr/bin/dbus-broker-launch --config-file=/usr/sha")
dbus-daemon[2601074]: [session uid=1000 pid=2601074 pidfd=4] Activated service 'org.freedesktop.systemd1' failed: Process org.freedesktop.systemd1 exited with status 1
{"trial": "n1c1-07-G_off", "final": "value", "error": null, "load": "15.70"}
dbus-daemon[2601074]: [session uid=1000 pid=2601074 pidfd=4] Activating service name='org.freedesktop.systemd1' requested by ':1.4' (uid=1000 pid=2601576 comm="/usr/bin/dbus-broker-launch --config-file=/usr/sha")
dbus-daemon[2601074]: [session uid=1000 pid=2601074 pidfd=4] Activated service 'org.freedesktop.systemd1' failed: Process org.freedesktop.systemd1 exited with status 1
[2m2026-10-02T02:05:55.454292Z[0m [33m WARN[0m [2mcua_driver_sdk::runtime[0m[2m:[0m could not activate the persistent AT-SPI listener: AT-SPI connect failed: ZBus Error: MethodError(OwnedErrorName("org.freedesktop.DBus.Error.NameHasNoOwner"), Some("Could not activate remote peer 'org.a11y.atspi.Registry': unit failed"), Msg { type: Error, serial: 4294967295, sender: UniqueName("org.freedesktop.DBus"), reply-serial: 9, body: Str, fds: [] })
[2m2026-10-02T02:05:55.517829Z[0m [33m WARN[0m [2mplatform_linux::overlay[0m[2m:[0m X11 overlay: root reads cannot see this window's own pixels; save-unders will be served without readback confirmation
dbus-daemon[2601074]: [session uid=1000 pid=2601074 pidfd=4] Activating service name='org.freedesktop.systemd1' requested by ':1.4' (uid=1000 pid=2601576 comm="/usr/bin/dbus-broker-launch --config-file=/usr/sha")
dbus-daemon[2601074]: [session uid=1000 pid=2601074 pidfd=4] Activated service 'org.freedesktop.systemd1' failed: Process org.freedesktop.systemd1 exited with status 1
dbus-daemon[2601074]: [session uid=1000 pid=2601074 pidfd=4] Activating service name='org.freedesktop.systemd1' requested by ':1.4' (uid=1000 pid=2601576 comm="/usr/bin/dbus-broker-launch --config-file=/usr/sha")
dbus-daemon[2601074]: [session uid=1000 pid=2601074 pidfd=4] Activated service 'org.freedesktop.systemd1' failed: Process org.freedesktop.systemd1 exited with status 1
{"trial": "n1c1-08-API", "final": "none", "error": null, "load": "17.88"}
dbus-daemon[2601074]: [session uid=1000 pid=2601074 pidfd=4] Activating service name='org.freedesktop.systemd1' requested by ':1.4' (uid=1000 pid=2601576 comm="/usr/bin/dbus-broker-launch --config-file=/usr/sha")
dbus-daemon[2601074]: [session uid=1000 pid=2601074 pidfd=4] Activated service 'org.freedesktop.systemd1' failed: Process org.freedesktop.systemd1 exited with status 1
[2m2026-10-02T02:06:01.282519Z[0m [33m WARN[0m [2mcua_driver_sdk::runtime[0m[2m:[0m could not activate the persistent AT-SPI listener: AT-SPI connect failed: ZBus Error: MethodError(OwnedErrorName("org.freedesktop.DBus.Error.NameHasNoOwner"), Some("Could not activate remote peer 'org.a11y.atspi.Registry': unit failed"), Msg { type: Error, serial: 4294967295, sender: UniqueName("org.freedesktop.DBus"), reply-serial: 9, body: Str, fds: [] })
[2m2026-10-02T02:06:01.324341Z[0m [33m WARN[0m [2mplatform_linux::overlay[0m[2m:[0m X11 overlay: root reads cannot see this window's own pixels; save-unders will be served without readback confirmation
dbus-daemon[2601074]: [session uid=1000 pid=2601074 pidfd=4] Activating service name='org.freedesktop.systemd1' requested by ':1.4' (uid=1000 pid=2601576 comm="/usr/bin/dbus-broker-launch --config-file=/usr/sha")
dbus-daemon[2601074]: [session uid=1000 pid=2601074 pidfd=4] Activated service 'org.freedesktop.systemd1' failed: Process org.freedesktop.systemd1 exited with status 1
dbus-daemon[2601074]: [session uid=1000 pid=2601074 pidfd=4] Activating service name='org.freedesktop.systemd1' requested by ':1.4' (uid=1000 pid=2601576 comm="/usr/bin/dbus-broker-launch --config-file=/usr/sha")
dbus-daemon[2601074]: [session uid=1000 pid=2601074 pidfd=4] Activated service 'org.freedesktop.systemd1' failed: Process org.freedesktop.systemd1 exited with status 1
{"trial": "n1c1-09-G_off", "final": "value", "error": null, "load": "18.53"}
rc_run=0
A connection to the bus can't be made
X connection to :99 broken (explicit kill or server shutdown).
[session] exit rc=0 run_dir=<tmp>/x11-session.BDtpOF
