[session] DISPLAY=:99 openbox=2641748 picom=2641749 dbus=unix:path=<tmp>,guid=65cedb03dcee9088dfe3a0376abf11e9
== r2-08 DISPLAY=:99 args=--phase neg --variant n3 --chunk 1
== driver_version=cua-driver 0.32.0
== driver_sha256=8b03796185055cc40c1a9ef0b2b4bbe9595a3eefa4f9a3aa64f34e5ce1974cd3
== chrome_version=Google Chrome 151.0.7922.71 
== loadavg=9.86 9.11 6.45 3/2544 2642132
Cua Driver sends content-free product telemetry by default. Run `cua-driver telemetry disable` to stop it; `cua-driver telemetry status` shows the current setting.
dbus-daemon[2641746]: [session uid=1000 pid=2641746 pidfd=4] Activating service name='org.a11y.Bus' requested by ':1.0' (uid=1000 pid=2642150 comm="<lanes>/bin/cua-driver-r2")
dbus-daemon[2641746]: [session uid=1000 pid=2641746 pidfd=4] Successfully activated service 'org.a11y.Bus'
dbus-daemon[2641746]: [session uid=1000 pid=2641746 pidfd=4] Activating service name='ca.desrt.dconf' requested by ':1.1' (uid=1000 pid=2642161 comm="/usr/lib/at-spi-bus-launcher")
dbus-daemon[2641746]: [session uid=1000 pid=2641746 pidfd=4] Successfully activated service 'ca.desrt.dconf'
dbus-daemon[2641746]: [session uid=1000 pid=2641746 pidfd=4] Activating service name='org.freedesktop.systemd1' requested by ':1.4' (uid=1000 pid=2642191 comm="/usr/bin/dbus-broker-launch --config-file=/usr/sha")
dbus-daemon[2641746]: [session uid=1000 pid=2641746 pidfd=4] Activated service 'org.freedesktop.systemd1' failed: Process org.freedesktop.systemd1 exited with status 1
[2m2026-10-02T02:07:39.527165Z[0m [33m WARN[0m [2mcua_driver_sdk::runtime[0m[2m:[0m could not activate the persistent AT-SPI listener: AT-SPI connect failed: ZBus Error: MethodError(OwnedErrorName("org.freedesktop.DBus.Error.NameHasNoOwner"), Some("Could not activate remote peer 'org.a11y.atspi.Registry': unit failed"), Msg { type: Error, serial: 4294967295, sender: UniqueName("org.freedesktop.DBus"), reply-serial: 10, body: Str, fds: [] })
[2m2026-10-02T02:07:39.534461Z[0m [33m WARN[0m [2mplatform_linux::overlay[0m[2m:[0m X11 overlay: root reads cannot see this window's own pixels; save-unders will be served without readback confirmation
dbus-daemon[2641746]: [session uid=1000 pid=2641746 pidfd=4] Activating service name='org.gtk.vfs.Daemon' requested by ':1.5' (uid=1000 pid=2642280 comm="/opt/google/chrome/chrome --remote-debugging-port=")
dbus-daemon[2641746]: [session uid=1000 pid=2641746 pidfd=4] Successfully activated service 'org.gtk.vfs.Daemon'
dbus-daemon[2641746]: [session uid=1000 pid=2641746 pidfd=4] Activating service name='org.freedesktop.systemd1' requested by ':1.4' (uid=1000 pid=2642191 comm="/usr/bin/dbus-broker-launch --config-file=/usr/sha")
dbus-daemon[2641746]: [session uid=1000 pid=2641746 pidfd=4] Activated service 'org.freedesktop.systemd1' failed: Process org.freedesktop.systemd1 exited with status 1
dbus-daemon[2641746]: [session uid=1000 pid=2641746 pidfd=4] Activating service name='org.freedesktop.systemd1' requested by ':1.4' (uid=1000 pid=2642191 comm="/usr/bin/dbus-broker-launch --config-file=/usr/sha")
dbus-daemon[2641746]: [session uid=1000 pid=2641746 pidfd=4] Activated service 'org.freedesktop.systemd1' failed: Process org.freedesktop.systemd1 exited with status 1
dbus-daemon[2641746]: [session uid=1000 pid=2641746 pidfd=4] Activating service name='org.freedesktop.Notifications' requested by ':1.8' (uid=1000 pid=2642280 comm="/opt/google/chrome/chrome --remote-debugging-port=")
dbus-daemon[2641746]: [session uid=1000 pid=2641746 pidfd=4] Activating service name='org.freedesktop.portal.Desktop' requested by ':1.8' (uid=1000 pid=2642280 comm="/opt/google/chrome/chrome --remote-debugging-port=")
dbus-daemon[2641746]: [session uid=1000 pid=2641746 pidfd=4] Activating service name='org.freedesktop.impl.portal.PermissionStore' requested by ':1.10' (uid=1000 pid=2642462 comm="/usr/lib/xdg-desktop-portal")
dbus-daemon[2641746]: [session uid=1000 pid=2641746 pidfd=4] Successfully activated service 'org.freedesktop.Notifications'
dbus-daemon[2641746]: [session uid=1000 pid=2641746 pidfd=4] Successfully activated service 'org.freedesktop.impl.portal.PermissionStore'
dbus-daemon[2641746]: [session uid=1000 pid=2641746 pidfd=4] Activating service name='org.freedesktop.portal.Documents' requested by ':1.10' (uid=1000 pid=2642462 comm="/usr/lib/xdg-desktop-portal")
dbus-daemon[2641746]: [session uid=1000 pid=2641746 pidfd=4] Successfully activated service 'org.freedesktop.portal.Documents'

(/usr/lib/xdg-desktop-portal:2642462): xdg-desktop-portal-WARNING **: 21:07:39.950: Choosing gtk.portal for org.freedesktop.impl.portal.Lockdown as a last-resort fallback
dbus-daemon[2641746]: [session uid=1000 pid=2641746 pidfd=4] Activating service name='org.freedesktop.impl.portal.desktop.gtk' requested by ':1.10' (uid=1000 pid=2642462 comm="/usr/lib/xdg-desktop-portal")
dbus-daemon[2641746]: [session uid=1000 pid=2641746 pidfd=4] Activating service name='org.freedesktop.systemd1' requested by ':1.4' (uid=1000 pid=2642191 comm="/usr/bin/dbus-broker-launch --config-file=/usr/sha")
dbus-daemon[2641746]: [session uid=1000 pid=2641746 pidfd=4] Activated service 'org.freedesktop.systemd1' failed: Process org.freedesktop.systemd1 exited with status 1
dbus-daemon[2641746]: [session uid=1000 pid=2641746 pidfd=4] Successfully activated service 'org.freedesktop.impl.portal.desktop.gtk'

** (xdg-desktop-portal-gtk:2642536): WARNING **: 21:07:39.973: AT-SPI: Could not obtain desktop path or name

dbus-daemon[2641746]: [session uid=1000 pid=2641746 pidfd=4] Activating service name='org.freedesktop.systemd1' requested by ':1.4' (uid=1000 pid=2642191 comm="/usr/bin/dbus-broker-launch --config-file=/usr/sha")

(/usr/lib/xdg-desktop-portal:2642462): xdg-desktop-portal-WARNING **: 21:07:39.974: Choosing gtk.portal for org.freedesktop.impl.portal.Access as a last-resort fallback
dbus-daemon[2641746]: [session uid=1000 pid=2641746 pidfd=4] Activated service 'org.freedesktop.systemd1' failed: Process org.freedesktop.systemd1 exited with status 1

** (xdg-desktop-portal-gtk:2642536): WARNING **: 21:07:39.975: atk-bridge: GetRegisteredEvents returned message with unknown signature

** (xdg-desktop-portal-gtk:2642536): WARNING **: 21:07:39.975: atk-bridge: get_device_events_reply: unknown signature

(/usr/lib/xdg-desktop-portal:2642462): xdg-desktop-portal-WARNING **: 21:07:39.981: Choosing gtk.portal for org.freedesktop.impl.portal.Settings as a last-resort fallback

(/usr/lib/xdg-desktop-portal:2642462): xdg-desktop-portal-WARNING **: 21:07:39.982: Choosing gtk.portal for org.freedesktop.impl.portal.FileChooser as a last-resort fallback

(/usr/lib/xdg-desktop-portal:2642462): xdg-desktop-portal-WARNING **: 21:07:39.982: Choosing gtk.portal for org.freedesktop.impl.portal.AppChooser as a last-resort fallback

(/usr/lib/xdg-desktop-portal:2642462): xdg-desktop-portal-WARNING **: 21:07:39.983: Choosing gtk.portal for org.freedesktop.impl.portal.Print as a last-resort fallback

(/usr/lib/xdg-desktop-portal:2642462): xdg-desktop-portal-WARNING **: 21:07:39.983: Choosing gtk.portal for org.freedesktop.impl.portal.Notification as a last-resort fallback

(/usr/lib/xdg-desktop-portal:2642462): xdg-desktop-portal-WARNING **: 21:07:39.984: Choosing gtk.portal for org.freedesktop.impl.portal.Inhibit as a last-resort fallback

(/usr/lib/xdg-desktop-portal:2642462): xdg-desktop-portal-WARNING **: 21:07:39.986: Failed to connect to PipeWire: Couldn't connect to PipeWire

(/usr/lib/xdg-desktop-portal:2642462): xdg-desktop-portal-WARNING **: 21:07:39.986: Choosing gtk.portal for org.freedesktop.impl.portal.Account as a last-resort fallback

(/usr/lib/xdg-desktop-portal:2642462): xdg-desktop-portal-WARNING **: 21:07:39.986: Choosing gtk.portal for org.freedesktop.impl.portal.Email as a last-resort fallback

(/usr/lib/xdg-desktop-portal:2642462): xdg-desktop-portal-WARNING **: 21:07:39.987: Choosing gtk.portal for org.freedesktop.impl.portal.DynamicLauncher as a last-resort fallback
dbus-daemon[2641746]: [session uid=1000 pid=2641746 pidfd=4] Successfully activated service 'org.freedesktop.portal.Desktop'
{"trial": "n3c1-00-API", "final": "value", "error": null, "load": "9.86"}
dbus-daemon[2641746]: [session uid=1000 pid=2641746 pidfd=4] Activating service name='org.freedesktop.systemd1' requested by ':1.4' (uid=1000 pid=2642191 comm="/usr/bin/dbus-broker-launch --config-file=/usr/sha")
dbus-daemon[2641746]: [session uid=1000 pid=2641746 pidfd=4] Activated service 'org.freedesktop.systemd1' failed: Process org.freedesktop.systemd1 exited with status 1
[2m2026-10-02T02:07:40.878843Z[0m [33m WARN[0m [2mcua_driver_sdk::runtime[0m[2m:[0m could not activate the persistent AT-SPI listener: AT-SPI connect failed: ZBus Error: MethodError(OwnedErrorName("org.freedesktop.DBus.Error.NameHasNoOwner"), Some("Could not activate remote peer 'org.a11y.atspi.Registry': unit failed"), Msg { type: Error, serial: 4294967295, sender: UniqueName("org.freedesktop.DBus"), reply-serial: 9, body: Str, fds: [] })
[2m2026-10-02T02:07:40.887170Z[0m [33m WARN[0m [2mplatform_linux::overlay[0m[2m:[0m X11 overlay: root reads cannot see this window's own pixels; save-unders will be served without readback confirmation
dbus-daemon[2641746]: [session uid=1000 pid=2641746 pidfd=4] Activating service name='org.freedesktop.systemd1' requested by ':1.4' (uid=1000 pid=2642191 comm="/usr/bin/dbus-broker-launch --config-file=/usr/sha")
dbus-daemon[2641746]: [session uid=1000 pid=2641746 pidfd=4] Activated service 'org.freedesktop.systemd1' failed: Process org.freedesktop.systemd1 exited with status 1
dbus-daemon[2641746]: [session uid=1000 pid=2641746 pidfd=4] Activating service name='org.freedesktop.systemd1' requested by ':1.4' (uid=1000 pid=2642191 comm="/usr/bin/dbus-broker-launch --config-file=/usr/sha")
dbus-daemon[2641746]: [session uid=1000 pid=2641746 pidfd=4] Activated service 'org.freedesktop.systemd1' failed: Process org.freedesktop.systemd1 exited with status 1
{"trial": "n3c1-01-G_off", "final": "value", "error": null, "load": "9.86"}
dbus-daemon[2641746]: [session uid=1000 pid=2641746 pidfd=4] Activating service name='org.freedesktop.systemd1' requested by ':1.4' (uid=1000 pid=2642191 comm="/usr/bin/dbus-broker-launch --config-file=/usr/sha")
dbus-daemon[2641746]: [session uid=1000 pid=2641746 pidfd=4] Activated service 'org.freedesktop.systemd1' failed: Process org.freedesktop.systemd1 exited with status 1
[2m2026-10-02T02:07:42.347707Z[0m [33m WARN[0m [2mcua_driver_sdk::runtime[0m[2m:[0m could not activate the persistent AT-SPI listener: AT-SPI connect failed: ZBus Error: MethodError(OwnedErrorName("org.freedesktop.DBus.Error.NameHasNoOwner"), Some("Could not activate remote peer 'org.a11y.atspi.Registry': unit failed"), Msg { type: Error, serial: 4294967295, sender: UniqueName("org.freedesktop.DBus"), reply-serial: 9, body: Str, fds: [] })
[2m2026-10-02T02:07:42.356347Z[0m [33m WARN[0m [2mplatform_linux::overlay[0m[2m:[0m X11 overlay: root reads cannot see this window's own pixels; save-unders will be served without readback confirmation
dbus-daemon[2641746]: [session uid=1000 pid=2641746 pidfd=4] Activating service name='org.freedesktop.systemd1' requested by ':1.4' (uid=1000 pid=2642191 comm="/usr/bin/dbus-broker-launch --config-file=/usr/sha")
dbus-daemon[2641746]: [session uid=1000 pid=2641746 pidfd=4] Activated service 'org.freedesktop.systemd1' failed: Process org.freedesktop.systemd1 exited with status 1
dbus-daemon[2641746]: [session uid=1000 pid=2641746 pidfd=4] Activating service name='org.freedesktop.systemd1' requested by ':1.4' (uid=1000 pid=2642191 comm="/usr/bin/dbus-broker-launch --config-file=/usr/sha")
dbus-daemon[2641746]: [session uid=1000 pid=2641746 pidfd=4] Activated service 'org.freedesktop.systemd1' failed: Process org.freedesktop.systemd1 exited with status 1
{"trial": "n3c1-02-API", "final": "value", "error": null, "load": "9.86"}
dbus-daemon[2641746]: [session uid=1000 pid=2641746 pidfd=4] Activating service name='org.freedesktop.systemd1' requested by ':1.4' (uid=1000 pid=2642191 comm="/usr/bin/dbus-broker-launch --config-file=/usr/sha")
dbus-daemon[2641746]: [session uid=1000 pid=2641746 pidfd=4] Activated service 'org.freedesktop.systemd1' failed: Process org.freedesktop.systemd1 exited with status 1
[2m2026-10-02T02:07:43.620083Z[0m [33m WARN[0m [2mcua_driver_sdk::runtime[0m[2m:[0m could not activate the persistent AT-SPI listener: AT-SPI connect failed: ZBus Error: MethodError(OwnedErrorName("org.freedesktop.DBus.Error.NameHasNoOwner"), Some("Could not activate remote peer 'org.a11y.atspi.Registry': unit failed"), Msg { type: Error, serial: 4294967295, sender: UniqueName("org.freedesktop.DBus"), reply-serial: 9, body: Str, fds: [] })
[2m2026-10-02T02:07:43.627804Z[0m [33m WARN[0m [2mplatform_linux::overlay[0m[2m:[0m X11 overlay: root reads cannot see this window's own pixels; save-unders will be served without readback confirmation
dbus-daemon[2641746]: [session uid=1000 pid=2641746 pidfd=4] Activating service name='org.freedesktop.systemd1' requested by ':1.4' (uid=1000 pid=2642191 comm="/usr/bin/dbus-broker-launch --config-file=/usr/sha")
dbus-daemon[2641746]: [session uid=1000 pid=2641746 pidfd=4] Activated service 'org.freedesktop.systemd1' failed: Process org.freedesktop.systemd1 exited with status 1
dbus-daemon[2641746]: [session uid=1000 pid=2641746 pidfd=4] Activating service name='org.freedesktop.systemd1' requested by ':1.4' (uid=1000 pid=2642191 comm="/usr/bin/dbus-broker-launch --config-file=/usr/sha")
dbus-daemon[2641746]: [session uid=1000 pid=2641746 pidfd=4] Activated service 'org.freedesktop.systemd1' failed: Process org.freedesktop.systemd1 exited with status 1
{"trial": "n3c1-03-G_off", "final": "value", "error": null, "load": "9.23"}
dbus-daemon[2641746]: [session uid=1000 pid=2641746 pidfd=4] Activating service name='org.freedesktop.systemd1' requested by ':1.4' (uid=1000 pid=2642191 comm="/usr/bin/dbus-broker-launch --config-file=/usr/sha")
dbus-daemon[2641746]: [session uid=1000 pid=2641746 pidfd=4] Activated service 'org.freedesktop.systemd1' failed: Process org.freedesktop.systemd1 exited with status 1
[2m2026-10-02T02:07:45.113249Z[0m [33m WARN[0m [2mcua_driver_sdk::runtime[0m[2m:[0m could not activate the persistent AT-SPI listener: AT-SPI connect failed: ZBus Error: MethodError(OwnedErrorName("org.freedesktop.DBus.Error.NameHasNoOwner"), Some("Could not activate remote peer 'org.a11y.atspi.Registry': unit failed"), Msg { type: Error, serial: 4294967295, sender: UniqueName("org.freedesktop.DBus"), reply-serial: 9, body: Str, fds: [] })
[2m2026-10-02T02:07:45.120509Z[0m [33m WARN[0m [2mplatform_linux::overlay[0m[2m:[0m X11 overlay: root reads cannot see this window's own pixels; save-unders will be served without readback confirmation
dbus-daemon[2641746]: [session uid=1000 pid=2641746 pidfd=4] Activating service name='org.freedesktop.systemd1' requested by ':1.4' (uid=1000 pid=2642191 comm="/usr/bin/dbus-broker-launch --config-file=/usr/sha")
dbus-daemon[2641746]: [session uid=1000 pid=2641746 pidfd=4] Activated service 'org.freedesktop.systemd1' failed: Process org.freedesktop.systemd1 exited with status 1
dbus-daemon[2641746]: [session uid=1000 pid=2641746 pidfd=4] Activating service name='org.freedesktop.systemd1' requested by ':1.4' (uid=1000 pid=2642191 comm="/usr/bin/dbus-broker-launch --config-file=/usr/sha")
dbus-daemon[2641746]: [session uid=1000 pid=2641746 pidfd=4] Activated service 'org.freedesktop.systemd1' failed: Process org.freedesktop.systemd1 exited with status 1
{"trial": "n3c1-04-API", "final": "value", "error": null, "load": "9.23"}
dbus-daemon[2641746]: [session uid=1000 pid=2641746 pidfd=4] Activating service name='org.freedesktop.systemd1' requested by ':1.4' (uid=1000 pid=2642191 comm="/usr/bin/dbus-broker-launch --config-file=/usr/sha")
dbus-daemon[2641746]: [session uid=1000 pid=2641746 pidfd=4] Activated service 'org.freedesktop.systemd1' failed: Process org.freedesktop.systemd1 exited with status 1
[2m2026-10-02T02:07:46.483179Z[0m [33m WARN[0m [2mcua_driver_sdk::runtime[0m[2m:[0m could not activate the persistent AT-SPI listener: AT-SPI connect failed: ZBus Error: MethodError(OwnedErrorName("org.freedesktop.DBus.Error.NameHasNoOwner"), Some("Could not activate remote peer 'org.a11y.atspi.Registry': unit failed"), Msg { type: Error, serial: 4294967295, sender: UniqueName("org.freedesktop.DBus"), reply-serial: 9, body: Str, fds: [] })
[2m2026-10-02T02:07:46.491289Z[0m [33m WARN[0m [2mplatform_linux::overlay[0m[2m:[0m X11 overlay: root reads cannot see this window's own pixels; save-unders will be served without readback confirmation
dbus-daemon[2641746]: [session uid=1000 pid=2641746 pidfd=4] Activating service name='org.freedesktop.systemd1' requested by ':1.4' (uid=1000 pid=2642191 comm="/usr/bin/dbus-broker-launch --config-file=/usr/sha")
dbus-daemon[2641746]: [session uid=1000 pid=2641746 pidfd=4] Activated service 'org.freedesktop.systemd1' failed: Process org.freedesktop.systemd1 exited with status 1
dbus-daemon[2641746]: [session uid=1000 pid=2641746 pidfd=4] Activating service name='org.freedesktop.systemd1' requested by ':1.4' (uid=1000 pid=2642191 comm="/usr/bin/dbus-broker-launch --config-file=/usr/sha")
dbus-daemon[2641746]: [session uid=1000 pid=2641746 pidfd=4] Activated service 'org.freedesktop.systemd1' failed: Process org.freedesktop.systemd1 exited with status 1
{"trial": "n3c1-05-G_off", "final": "value", "error": null, "load": "9.23"}
dbus-daemon[2641746]: [session uid=1000 pid=2641746 pidfd=4] Activating service name='org.freedesktop.systemd1' requested by ':1.4' (uid=1000 pid=2642191 comm="/usr/bin/dbus-broker-launch --config-file=/usr/sha")
dbus-daemon[2641746]: [session uid=1000 pid=2641746 pidfd=4] Activated service 'org.freedesktop.systemd1' failed: Process org.freedesktop.systemd1 exited with status 1
[2m2026-10-02T02:07:47.950398Z[0m [33m WARN[0m [2mcua_driver_sdk::runtime[0m[2m:[0m could not activate the persistent AT-SPI listener: AT-SPI connect failed: ZBus Error: MethodError(OwnedErrorName("org.freedesktop.DBus.Error.NameHasNoOwner"), Some("Could not activate remote peer 'org.a11y.atspi.Registry': unit failed"), Msg { type: Error, serial: 4294967295, sender: UniqueName("org.freedesktop.DBus"), reply-serial: 9, body: Str, fds: [] })
[2m2026-10-02T02:07:47.958124Z[0m [33m WARN[0m [2mplatform_linux::overlay[0m[2m:[0m X11 overlay: root reads cannot see this window's own pixels; save-unders will be served without readback confirmation
dbus-daemon[2641746]: [session uid=1000 pid=2641746 pidfd=4] Activating service name='org.freedesktop.systemd1' requested by ':1.4' (uid=1000 pid=2642191 comm="/usr/bin/dbus-broker-launch --config-file=/usr/sha")
dbus-daemon[2641746]: [session uid=1000 pid=2641746 pidfd=4] Activated service 'org.freedesktop.systemd1' failed: Process org.freedesktop.systemd1 exited with status 1
dbus-daemon[2641746]: [session uid=1000 pid=2641746 pidfd=4] Activating service name='org.freedesktop.systemd1' requested by ':1.4' (uid=1000 pid=2642191 comm="/usr/bin/dbus-broker-launch --config-file=/usr/sha")
dbus-daemon[2641746]: [session uid=1000 pid=2641746 pidfd=4] Activated service 'org.freedesktop.systemd1' failed: Process org.freedesktop.systemd1 exited with status 1
{"trial": "n3c1-06-API", "final": "value", "error": null, "load": "9.23"}
dbus-daemon[2641746]: [session uid=1000 pid=2641746 pidfd=4] Activating service name='org.freedesktop.systemd1' requested by ':1.4' (uid=1000 pid=2642191 comm="/usr/bin/dbus-broker-launch --config-file=/usr/sha")
dbus-daemon[2641746]: [session uid=1000 pid=2641746 pidfd=4] Activated service 'org.freedesktop.systemd1' failed: Process org.freedesktop.systemd1 exited with status 1
[2m2026-10-02T02:07:49.232177Z[0m [33m WARN[0m [2mcua_driver_sdk::runtime[0m[2m:[0m could not activate the persistent AT-SPI listener: AT-SPI connect failed: ZBus Error: MethodError(OwnedErrorName("org.freedesktop.DBus.Error.NameHasNoOwner"), Some("Could not activate remote peer 'org.a11y.atspi.Registry': unit failed"), Msg { type: Error, serial: 4294967295, sender: UniqueName("org.freedesktop.DBus"), reply-serial: 9, body: Str, fds: [] })
[2m2026-10-02T02:07:49.239121Z[0m [33m WARN[0m [2mplatform_linux::overlay[0m[2m:[0m X11 overlay: root reads cannot see this window's own pixels; save-unders will be served without readback confirmation
dbus-daemon[2641746]: [session uid=1000 pid=2641746 pidfd=4] Activating service name='org.freedesktop.systemd1' requested by ':1.4' (uid=1000 pid=2642191 comm="/usr/bin/dbus-broker-launch --config-file=/usr/sha")
dbus-daemon[2641746]: [session uid=1000 pid=2641746 pidfd=4] Activated service 'org.freedesktop.systemd1' failed: Process org.freedesktop.systemd1 exited with status 1
dbus-daemon[2641746]: [session uid=1000 pid=2641746 pidfd=4] Activating service name='org.freedesktop.systemd1' requested by ':1.4' (uid=1000 pid=2642191 comm="/usr/bin/dbus-broker-launch --config-file=/usr/sha")
dbus-daemon[2641746]: [session uid=1000 pid=2641746 pidfd=4] Activated service 'org.freedesktop.systemd1' failed: Process org.freedesktop.systemd1 exited with status 1
{"trial": "n3c1-07-G_off", "final": "value", "error": null, "load": "9.14"}
dbus-daemon[2641746]: [session uid=1000 pid=2641746 pidfd=4] Activating service name='org.freedesktop.systemd1' requested by ':1.4' (uid=1000 pid=2642191 comm="/usr/bin/dbus-broker-launch --config-file=/usr/sha")
dbus-daemon[2641746]: [session uid=1000 pid=2641746 pidfd=4] Activated service 'org.freedesktop.systemd1' failed: Process org.freedesktop.systemd1 exited with status 1
[2m2026-10-02T02:07:50.696565Z[0m [33m WARN[0m [2mcua_driver_sdk::runtime[0m[2m:[0m could not activate the persistent AT-SPI listener: AT-SPI connect failed: ZBus Error: MethodError(OwnedErrorName("org.freedesktop.DBus.Error.NameHasNoOwner"), Some("Could not activate remote peer 'org.a11y.atspi.Registry': unit failed"), Msg { type: Error, serial: 4294967295, sender: UniqueName("org.freedesktop.DBus"), reply-serial: 9, body: Str, fds: [] })
[2m2026-10-02T02:07:50.705308Z[0m [33m WARN[0m [2mplatform_linux::overlay[0m[2m:[0m X11 overlay: root reads cannot see this window's own pixels; save-unders will be served without readback confirmation
dbus-daemon[2641746]: [session uid=1000 pid=2641746 pidfd=4] Activating service name='org.freedesktop.systemd1' requested by ':1.4' (uid=1000 pid=2642191 comm="/usr/bin/dbus-broker-launch --config-file=/usr/sha")
dbus-daemon[2641746]: [session uid=1000 pid=2641746 pidfd=4] Activated service 'org.freedesktop.systemd1' failed: Process org.freedesktop.systemd1 exited with status 1
dbus-daemon[2641746]: [session uid=1000 pid=2641746 pidfd=4] Activating service name='org.freedesktop.systemd1' requested by ':1.4' (uid=1000 pid=2642191 comm="/usr/bin/dbus-broker-launch --config-file=/usr/sha")
dbus-daemon[2641746]: [session uid=1000 pid=2641746 pidfd=4] Activated service 'org.freedesktop.systemd1' failed: Process org.freedesktop.systemd1 exited with status 1
{"trial": "n3c1-08-API", "final": "value", "error": null, "load": "9.14"}
dbus-daemon[2641746]: [session uid=1000 pid=2641746 pidfd=4] Activating service name='org.freedesktop.systemd1' requested by ':1.4' (uid=1000 pid=2642191 comm="/usr/bin/dbus-broker-launch --config-file=/usr/sha")
dbus-daemon[2641746]: [session uid=1000 pid=2641746 pidfd=4] Activated service 'org.freedesktop.systemd1' failed: Process org.freedesktop.systemd1 exited with status 1
[2m2026-10-02T02:07:51.990802Z[0m [33m WARN[0m [2mcua_driver_sdk::runtime[0m[2m:[0m could not activate the persistent AT-SPI listener: AT-SPI connect failed: ZBus Error: MethodError(OwnedErrorName("org.freedesktop.DBus.Error.NameHasNoOwner"), Some("Could not activate remote peer 'org.a11y.atspi.Registry': unit failed"), Msg { type: Error, serial: 4294967295, sender: UniqueName("org.freedesktop.DBus"), reply-serial: 9, body: Str, fds: [] })
[2m2026-10-02T02:07:51.997524Z[0m [33m WARN[0m [2mplatform_linux::overlay[0m[2m:[0m X11 overlay: root reads cannot see this window's own pixels; save-unders will be served without readback confirmation
dbus-daemon[2641746]: [session uid=1000 pid=2641746 pidfd=4] Activating service name='org.freedesktop.systemd1' requested by ':1.4' (uid=1000 pid=2642191 comm="/usr/bin/dbus-broker-launch --config-file=/usr/sha")
dbus-daemon[2641746]: [session uid=1000 pid=2641746 pidfd=4] Activated service 'org.freedesktop.systemd1' failed: Process org.freedesktop.systemd1 exited with status 1
dbus-daemon[2641746]: [session uid=1000 pid=2641746 pidfd=4] Activating service name='org.freedesktop.systemd1' requested by ':1.4' (uid=1000 pid=2642191 comm="/usr/bin/dbus-broker-launch --config-file=/usr/sha")
dbus-daemon[2641746]: [session uid=1000 pid=2641746 pidfd=4] Activated service 'org.freedesktop.systemd1' failed: Process org.freedesktop.systemd1 exited with status 1
{"trial": "n3c1-09-G_off", "final": "value", "error": null, "load": "9.14"}
rc_run=0
X connection to :99 broken (explicit kill or server shutdown).
A connection to the bus can't be made
[session] exit rc=0 run_dir=<tmp>/x11-session.BX1DNX
