[session] DISPLAY=:99 openbox=2623316 picom=2623317 dbus=unix:path=<tmp>,guid=c8fe22f558a08dd0c778433b6abf11b4
== r2-08 DISPLAY=:99 args=--phase neg --variant n2 --chunk 1
== driver_version=cua-driver 0.32.0
== driver_sha256=8b03796185055cc40c1a9ef0b2b4bbe9595a3eefa4f9a3aa64f34e5ce1974cd3
== chrome_version=Google Chrome 151.0.7922.71 
== loadavg=15.50 9.64 6.45 7/2221 2623405
Cua Driver sends content-free product telemetry by default. Run `cua-driver telemetry disable` to stop it; `cua-driver telemetry status` shows the current setting.
dbus-daemon[2623314]: [session uid=1000 pid=2623314 pidfd=4] Activating service name='org.a11y.Bus' requested by ':1.0' (uid=1000 pid=2623420 comm="<lanes>/bin/cua-driver-r2")
dbus-daemon[2623314]: [session uid=1000 pid=2623314 pidfd=4] Successfully activated service 'org.a11y.Bus'
dbus-daemon[2623314]: [session uid=1000 pid=2623314 pidfd=4] Activating service name='ca.desrt.dconf' requested by ':1.1' (uid=1000 pid=2623447 comm="/usr/lib/at-spi-bus-launcher")
dbus-daemon[2623314]: [session uid=1000 pid=2623314 pidfd=4] Successfully activated service 'ca.desrt.dconf'
dbus-daemon[2623314]: [session uid=1000 pid=2623314 pidfd=4] Activating service name='org.freedesktop.systemd1' requested by ':1.4' (uid=1000 pid=2623470 comm="/usr/bin/dbus-broker-launch --config-file=/usr/sha")
dbus-daemon[2623314]: [session uid=1000 pid=2623314 pidfd=4] Activated service 'org.freedesktop.systemd1' failed: Process org.freedesktop.systemd1 exited with status 1
[2m2026-10-02T02:06:47.049835Z[0m [33m WARN[0m [2mcua_driver_sdk::runtime[0m[2m:[0m could not activate the persistent AT-SPI listener: AT-SPI connect failed: ZBus Error: MethodError(OwnedErrorName("org.freedesktop.DBus.Error.NameHasNoOwner"), Some("Could not activate remote peer 'org.a11y.atspi.Registry': unit failed"), Msg { type: Error, serial: 4294967295, sender: UniqueName("org.freedesktop.DBus"), reply-serial: 10, body: Str, fds: [] })
[2m2026-10-02T02:06:47.062640Z[0m [33m WARN[0m [2mplatform_linux::overlay[0m[2m:[0m X11 overlay: root reads cannot see this window's own pixels; save-unders will be served without readback confirmation
dbus-daemon[2623314]: [session uid=1000 pid=2623314 pidfd=4] Activating service name='org.gtk.vfs.Daemon' requested by ':1.5' (uid=1000 pid=2623505 comm="/opt/google/chrome/chrome --remote-debugging-port=")
dbus-daemon[2623314]: [session uid=1000 pid=2623314 pidfd=4] Successfully activated service 'org.gtk.vfs.Daemon'
dbus-daemon[2623314]: [session uid=1000 pid=2623314 pidfd=4] Activating service name='org.freedesktop.systemd1' requested by ':1.4' (uid=1000 pid=2623470 comm="/usr/bin/dbus-broker-launch --config-file=/usr/sha")
dbus-daemon[2623314]: [session uid=1000 pid=2623314 pidfd=4] Activated service 'org.freedesktop.systemd1' failed: Process org.freedesktop.systemd1 exited with status 1
dbus-daemon[2623314]: [session uid=1000 pid=2623314 pidfd=4] Activating service name='org.freedesktop.systemd1' requested by ':1.4' (uid=1000 pid=2623470 comm="/usr/bin/dbus-broker-launch --config-file=/usr/sha")
dbus-daemon[2623314]: [session uid=1000 pid=2623314 pidfd=4] Activated service 'org.freedesktop.systemd1' failed: Process org.freedesktop.systemd1 exited with status 1
dbus-daemon[2623314]: [session uid=1000 pid=2623314 pidfd=4] Activating service name='org.freedesktop.Notifications' requested by ':1.8' (uid=1000 pid=2623505 comm="/opt/google/chrome/chrome --remote-debugging-port=")
dbus-daemon[2623314]: [session uid=1000 pid=2623314 pidfd=4] Activating service name='org.freedesktop.portal.Desktop' requested by ':1.8' (uid=1000 pid=2623505 comm="/opt/google/chrome/chrome --remote-debugging-port=")
dbus-daemon[2623314]: [session uid=1000 pid=2623314 pidfd=4] Activating service name='org.freedesktop.impl.portal.PermissionStore' requested by ':1.10' (uid=1000 pid=2623689 comm="/usr/lib/xdg-desktop-portal")
dbus-daemon[2623314]: [session uid=1000 pid=2623314 pidfd=4] Successfully activated service 'org.freedesktop.Notifications'
dbus-daemon[2623314]: [session uid=1000 pid=2623314 pidfd=4] Successfully activated service 'org.freedesktop.impl.portal.PermissionStore'
dbus-daemon[2623314]: [session uid=1000 pid=2623314 pidfd=4] Activating service name='org.freedesktop.portal.Documents' requested by ':1.10' (uid=1000 pid=2623689 comm="/usr/lib/xdg-desktop-portal")
dbus-daemon[2623314]: [session uid=1000 pid=2623314 pidfd=4] Successfully activated service 'org.freedesktop.portal.Documents'

(/usr/lib/xdg-desktop-portal:2623689): xdg-desktop-portal-WARNING **: 21:06:47.624: Choosing gtk.portal for org.freedesktop.impl.portal.Lockdown as a last-resort fallback
dbus-daemon[2623314]: [session uid=1000 pid=2623314 pidfd=4] Activating service name='org.freedesktop.impl.portal.desktop.gtk' requested by ':1.10' (uid=1000 pid=2623689 comm="/usr/lib/xdg-desktop-portal")
dbus-daemon[2623314]: [session uid=1000 pid=2623314 pidfd=4] Activating service name='org.freedesktop.systemd1' requested by ':1.4' (uid=1000 pid=2623470 comm="/usr/bin/dbus-broker-launch --config-file=/usr/sha")
dbus-daemon[2623314]: [session uid=1000 pid=2623314 pidfd=4] Activated service 'org.freedesktop.systemd1' failed: Process org.freedesktop.systemd1 exited with status 1
dbus-daemon[2623314]: 
** (xdg-desktop-portal-gtk:2623719): WARNING **: 21:06:47.664: AT-SPI: Could not obtain desktop path or name

[session uid=1000 pid=2623314 pidfd=4] Successfully activated service 'org.freedesktop.impl.portal.desktop.gtk'
dbus-daemon[2623314]: [session uid=1000 pid=2623314 pidfd=4] Activating service name='org.freedesktop.systemd1' requested by ':1.4' (uid=1000 pid=2623470 comm="/usr/bin/dbus-broker-launch --config-file=/usr/sha")

(/usr/lib/xdg-desktop-portal:2623689): xdg-desktop-portal-WARNING **: 21:06:47.667: Choosing gtk.portal for org.freedesktop.impl.portal.Access as a last-resort fallback
dbus-daemon[2623314]: [session uid=1000 pid=2623314 pidfd=4] Activated service 'org.freedesktop.systemd1' failed: Process org.freedesktop.systemd1 exited with status 1

** (xdg-desktop-portal-gtk:2623719): WARNING **: 21:06:47.667: atk-bridge: GetRegisteredEvents returned message with unknown signature

** (xdg-desktop-portal-gtk:2623719): WARNING **: 21:06:47.667: atk-bridge: get_device_events_reply: unknown signature

(/usr/lib/xdg-desktop-portal:2623689): xdg-desktop-portal-WARNING **: 21:06:47.681: Choosing gtk.portal for org.freedesktop.impl.portal.Settings as a last-resort fallback

(/usr/lib/xdg-desktop-portal:2623689): xdg-desktop-portal-WARNING **: 21:06:47.682: Choosing gtk.portal for org.freedesktop.impl.portal.FileChooser as a last-resort fallback

(/usr/lib/xdg-desktop-portal:2623689): xdg-desktop-portal-WARNING **: 21:06:47.682: Choosing gtk.portal for org.freedesktop.impl.portal.AppChooser as a last-resort fallback

(/usr/lib/xdg-desktop-portal:2623689): xdg-desktop-portal-WARNING **: 21:06:47.683: Choosing gtk.portal for org.freedesktop.impl.portal.Print as a last-resort fallback

(/usr/lib/xdg-desktop-portal:2623689): xdg-desktop-portal-WARNING **: 21:06:47.683: Choosing gtk.portal for org.freedesktop.impl.portal.Notification as a last-resort fallback

(/usr/lib/xdg-desktop-portal:2623689): xdg-desktop-portal-WARNING **: 21:06:47.683: Choosing gtk.portal for org.freedesktop.impl.portal.Inhibit as a last-resort fallback

(/usr/lib/xdg-desktop-portal:2623689): xdg-desktop-portal-WARNING **: 21:06:47.685: Failed to connect to PipeWire: Couldn't connect to PipeWire

(/usr/lib/xdg-desktop-portal:2623689): xdg-desktop-portal-WARNING **: 21:06:47.685: Choosing gtk.portal for org.freedesktop.impl.portal.Account as a last-resort fallback

(/usr/lib/xdg-desktop-portal:2623689): xdg-desktop-portal-WARNING **: 21:06:47.685: Choosing gtk.portal for org.freedesktop.impl.portal.Email as a last-resort fallback

(/usr/lib/xdg-desktop-portal:2623689): xdg-desktop-portal-WARNING **: 21:06:47.685: Choosing gtk.portal for org.freedesktop.impl.portal.DynamicLauncher as a last-resort fallback
dbus-daemon[2623314]: [session uid=1000 pid=2623314 pidfd=4] Successfully activated service 'org.freedesktop.portal.Desktop'
{"trial": "n2c1-00-API", "final": "value", "error": null, "load": "15.50"}
dbus-daemon[2623314]: [session uid=1000 pid=2623314 pidfd=4] Activating service name='org.freedesktop.systemd1' requested by ':1.4' (uid=1000 pid=2623470 comm="/usr/bin/dbus-broker-launch --config-file=/usr/sha")
dbus-daemon[2623314]: [session uid=1000 pid=2623314 pidfd=4] Activated service 'org.freedesktop.systemd1' failed: Process org.freedesktop.systemd1 exited with status 1
[2m2026-10-02T02:06:48.581425Z[0m [33m WARN[0m [2mcua_driver_sdk::runtime[0m[2m:[0m could not activate the persistent AT-SPI listener: AT-SPI connect failed: ZBus Error: MethodError(OwnedErrorName("org.freedesktop.DBus.Error.NameHasNoOwner"), Some("Could not activate remote peer 'org.a11y.atspi.Registry': unit failed"), Msg { type: Error, serial: 4294967295, sender: UniqueName("org.freedesktop.DBus"), reply-serial: 9, body: Str, fds: [] })
[2m2026-10-02T02:06:48.592890Z[0m [33m WARN[0m [2mplatform_linux::overlay[0m[2m:[0m X11 overlay: root reads cannot see this window's own pixels; save-unders will be served without readback confirmation
dbus-daemon[2623314]: [session uid=1000 pid=2623314 pidfd=4] Activating service name='org.freedesktop.systemd1' requested by ':1.4' (uid=1000 pid=2623470 comm="/usr/bin/dbus-broker-launch --config-file=/usr/sha")
dbus-daemon[2623314]: [session uid=1000 pid=2623314 pidfd=4] Activated service 'org.freedesktop.systemd1' failed: Process org.freedesktop.systemd1 exited with status 1
dbus-daemon[2623314]: [session uid=1000 pid=2623314 pidfd=4] Activating service name='org.freedesktop.systemd1' requested by ':1.4' (uid=1000 pid=2623470 comm="/usr/bin/dbus-broker-launch --config-file=/usr/sha")
dbus-daemon[2623314]: [session uid=1000 pid=2623314 pidfd=4] Activated service 'org.freedesktop.systemd1' failed: Process org.freedesktop.systemd1 exited with status 1
{"trial": "n2c1-01-G_off", "final": "none", "error": null, "load": "15.62"}
dbus-daemon[2623314]: [session uid=1000 pid=2623314 pidfd=4] Activating service name='org.freedesktop.systemd1' requested by ':1.4' (uid=1000 pid=2623470 comm="/usr/bin/dbus-broker-launch --config-file=/usr/sha")
dbus-daemon[2623314]: [session uid=1000 pid=2623314 pidfd=4] Activated service 'org.freedesktop.systemd1' failed: Process org.freedesktop.systemd1 exited with status 1
[2m2026-10-02T02:06:52.154623Z[0m [33m WARN[0m [2mcua_driver_sdk::runtime[0m[2m:[0m could not activate the persistent AT-SPI listener: AT-SPI connect failed: ZBus Error: MethodError(OwnedErrorName("org.freedesktop.DBus.Error.NameHasNoOwner"), Some("Could not activate remote peer 'org.a11y.atspi.Registry': unit failed"), Msg { type: Error, serial: 4294967295, sender: UniqueName("org.freedesktop.DBus"), reply-serial: 9, body: Str, fds: [] })
[2m2026-10-02T02:06:52.162868Z[0m [33m WARN[0m [2mplatform_linux::overlay[0m[2m:[0m X11 overlay: root reads cannot see this window's own pixels; save-unders will be served without readback confirmation
dbus-daemon[2623314]: [session uid=1000 pid=2623314 pidfd=4] Activating service name='org.freedesktop.systemd1' requested by ':1.4' (uid=1000 pid=2623470 comm="/usr/bin/dbus-broker-launch --config-file=/usr/sha")
dbus-daemon[2623314]: [session uid=1000 pid=2623314 pidfd=4] Activated service 'org.freedesktop.systemd1' failed: Process org.freedesktop.systemd1 exited with status 1
dbus-daemon[2623314]: [session uid=1000 pid=2623314 pidfd=4] Activating service name='org.freedesktop.systemd1' requested by ':1.4' (uid=1000 pid=2623470 comm="/usr/bin/dbus-broker-launch --config-file=/usr/sha")
dbus-daemon[2623314]: [session uid=1000 pid=2623314 pidfd=4] Activated service 'org.freedesktop.systemd1' failed: Process org.freedesktop.systemd1 exited with status 1
{"trial": "n2c1-02-API", "final": "value", "error": null, "load": "15.62"}
dbus-daemon[2623314]: [session uid=1000 pid=2623314 pidfd=4] Activating service name='org.freedesktop.systemd1' requested by ':1.4' (uid=1000 pid=2623470 comm="/usr/bin/dbus-broker-launch --config-file=/usr/sha")
dbus-daemon[2623314]: [session uid=1000 pid=2623314 pidfd=4] Activated service 'org.freedesktop.systemd1' failed: Process org.freedesktop.systemd1 exited with status 1
[2m2026-10-02T02:06:53.585942Z[0m [33m WARN[0m [2mcua_driver_sdk::runtime[0m[2m:[0m could not activate the persistent AT-SPI listener: AT-SPI connect failed: ZBus Error: MethodError(OwnedErrorName("org.freedesktop.DBus.Error.NameHasNoOwner"), Some("Could not activate remote peer 'org.a11y.atspi.Registry': unit failed"), Msg { type: Error, serial: 4294967295, sender: UniqueName("org.freedesktop.DBus"), reply-serial: 9, body: Str, fds: [] })
[2m2026-10-02T02:06:53.596924Z[0m [33m WARN[0m [2mplatform_linux::overlay[0m[2m:[0m X11 overlay: root reads cannot see this window's own pixels; save-unders will be served without readback confirmation
dbus-daemon[2623314]: [session uid=1000 pid=2623314 pidfd=4] Activating service name='org.freedesktop.systemd1' requested by ':1.4' (uid=1000 pid=2623470 comm="/usr/bin/dbus-broker-launch --config-file=/usr/sha")
dbus-daemon[2623314]: [session uid=1000 pid=2623314 pidfd=4] Activated service 'org.freedesktop.systemd1' failed: Process org.freedesktop.systemd1 exited with status 1
dbus-daemon[2623314]: [session uid=1000 pid=2623314 pidfd=4] Activating service name='org.freedesktop.systemd1' requested by ':1.4' (uid=1000 pid=2623470 comm="/usr/bin/dbus-broker-launch --config-file=/usr/sha")
dbus-daemon[2623314]: [session uid=1000 pid=2623314 pidfd=4] Activated service 'org.freedesktop.systemd1' failed: Process org.freedesktop.systemd1 exited with status 1
{"trial": "n2c1-03-G_off", "final": "none", "error": null, "load": "14.61"}
dbus-daemon[2623314]: [session uid=1000 pid=2623314 pidfd=4] Activating service name='org.freedesktop.systemd1' requested by ':1.4' (uid=1000 pid=2623470 comm="/usr/bin/dbus-broker-launch --config-file=/usr/sha")
dbus-daemon[2623314]: [session uid=1000 pid=2623314 pidfd=4] Activated service 'org.freedesktop.systemd1' failed: Process org.freedesktop.systemd1 exited with status 1
[2m2026-10-02T02:06:57.593274Z[0m [33m WARN[0m [2mcua_driver_sdk::runtime[0m[2m:[0m could not activate the persistent AT-SPI listener: AT-SPI connect failed: ZBus Error: MethodError(OwnedErrorName("org.freedesktop.DBus.Error.NameHasNoOwner"), Some("Could not activate remote peer 'org.a11y.atspi.Registry': unit failed"), Msg { type: Error, serial: 4294967295, sender: UniqueName("org.freedesktop.DBus"), reply-serial: 9, body: Str, fds: [] })
[2m2026-10-02T02:06:57.606120Z[0m [33m WARN[0m [2mplatform_linux::overlay[0m[2m:[0m X11 overlay: root reads cannot see this window's own pixels; save-unders will be served without readback confirmation
dbus-daemon[2623314]: [session uid=1000 pid=2623314 pidfd=4] Activating service name='org.freedesktop.systemd1' requested by ':1.4' (uid=1000 pid=2623470 comm="/usr/bin/dbus-broker-launch --config-file=/usr/sha")
dbus-daemon[2623314]: [session uid=1000 pid=2623314 pidfd=4] Activated service 'org.freedesktop.systemd1' failed: Process org.freedesktop.systemd1 exited with status 1
dbus-daemon[2623314]: [session uid=1000 pid=2623314 pidfd=4] Activating service name='org.freedesktop.systemd1' requested by ':1.4' (uid=1000 pid=2623470 comm="/usr/bin/dbus-broker-launch --config-file=/usr/sha")
dbus-daemon[2623314]: [session uid=1000 pid=2623314 pidfd=4] Activated service 'org.freedesktop.systemd1' failed: Process org.freedesktop.systemd1 exited with status 1
{"trial": "n2c1-04-API", "final": "value", "error": null, "load": "14.61"}
dbus-daemon[2623314]: [session uid=1000 pid=2623314 pidfd=4] Activating service name='org.freedesktop.systemd1' requested by ':1.4' (uid=1000 pid=2623470 comm="/usr/bin/dbus-broker-launch --config-file=/usr/sha")
dbus-daemon[2623314]: [session uid=1000 pid=2623314 pidfd=4] Activated service 'org.freedesktop.systemd1' failed: Process org.freedesktop.systemd1 exited with status 1
[2m2026-10-02T02:06:58.900421Z[0m [33m WARN[0m [2mcua_driver_sdk::runtime[0m[2m:[0m could not activate the persistent AT-SPI listener: AT-SPI connect failed: ZBus Error: MethodError(OwnedErrorName("org.freedesktop.DBus.Error.NameHasNoOwner"), Some("Could not activate remote peer 'org.a11y.atspi.Registry': unit failed"), Msg { type: Error, serial: 4294967295, sender: UniqueName("org.freedesktop.DBus"), reply-serial: 9, body: Str, fds: [] })
[2m2026-10-02T02:06:58.908386Z[0m [33m WARN[0m [2mplatform_linux::overlay[0m[2m:[0m X11 overlay: root reads cannot see this window's own pixels; save-unders will be served without readback confirmation
dbus-daemon[2623314]: [session uid=1000 pid=2623314 pidfd=4] Activating service name='org.freedesktop.systemd1' requested by ':1.4' (uid=1000 pid=2623470 comm="/usr/bin/dbus-broker-launch --config-file=/usr/sha")
dbus-daemon[2623314]: [session uid=1000 pid=2623314 pidfd=4] Activated service 'org.freedesktop.systemd1' failed: Process org.freedesktop.systemd1 exited with status 1
dbus-daemon[2623314]: [session uid=1000 pid=2623314 pidfd=4] Activating service name='org.freedesktop.systemd1' requested by ':1.4' (uid=1000 pid=2623470 comm="/usr/bin/dbus-broker-launch --config-file=/usr/sha")
dbus-daemon[2623314]: [session uid=1000 pid=2623314 pidfd=4] Activated service 'org.freedesktop.systemd1' failed: Process org.freedesktop.systemd1 exited with status 1
{"trial": "n2c1-05-G_off", "final": "none", "error": null, "load": "13.68"}
dbus-daemon[2623314]: [session uid=1000 pid=2623314 pidfd=4] Activating service name='org.freedesktop.systemd1' requested by ':1.4' (uid=1000 pid=2623470 comm="/usr/bin/dbus-broker-launch --config-file=/usr/sha")
dbus-daemon[2623314]: [session uid=1000 pid=2623314 pidfd=4] Activated service 'org.freedesktop.systemd1' failed: Process org.freedesktop.systemd1 exited with status 1
[2m2026-10-02T02:07:03.144576Z[0m [33m WARN[0m [2mcua_driver_sdk::runtime[0m[2m:[0m could not activate the persistent AT-SPI listener: AT-SPI connect failed: ZBus Error: MethodError(OwnedErrorName("org.freedesktop.DBus.Error.NameHasNoOwner"), Some("Could not activate remote peer 'org.a11y.atspi.Registry': unit failed"), Msg { type: Error, serial: 4294967295, sender: UniqueName("org.freedesktop.DBus"), reply-serial: 9, body: Str, fds: [] })
[2m2026-10-02T02:07:03.155929Z[0m [33m WARN[0m [2mplatform_linux::overlay[0m[2m:[0m X11 overlay: root reads cannot see this window's own pixels; save-unders will be served without readback confirmation
dbus-daemon[2623314]: [session uid=1000 pid=2623314 pidfd=4] Activating service name='org.freedesktop.systemd1' requested by ':1.4' (uid=1000 pid=2623470 comm="/usr/bin/dbus-broker-launch --config-file=/usr/sha")
dbus-daemon[2623314]: [session uid=1000 pid=2623314 pidfd=4] Activated service 'org.freedesktop.systemd1' failed: Process org.freedesktop.systemd1 exited with status 1
dbus-daemon[2623314]: [session uid=1000 pid=2623314 pidfd=4] Activating service name='org.freedesktop.systemd1' requested by ':1.4' (uid=1000 pid=2623470 comm="/usr/bin/dbus-broker-launch --config-file=/usr/sha")
dbus-daemon[2623314]: [session uid=1000 pid=2623314 pidfd=4] Activated service 'org.freedesktop.systemd1' failed: Process org.freedesktop.systemd1 exited with status 1
{"trial": "n2c1-06-API", "final": "value", "error": null, "load": "13.68"}
dbus-daemon[2623314]: [session uid=1000 pid=2623314 pidfd=4] Activating service name='org.freedesktop.systemd1' requested by ':1.4' (uid=1000 pid=2623470 comm="/usr/bin/dbus-broker-launch --config-file=/usr/sha")
dbus-daemon[2623314]: [session uid=1000 pid=2623314 pidfd=4] Activated service 'org.freedesktop.systemd1' failed: Process org.freedesktop.systemd1 exited with status 1
[2m2026-10-02T02:07:04.620439Z[0m [33m WARN[0m [2mcua_driver_sdk::runtime[0m[2m:[0m could not activate the persistent AT-SPI listener: AT-SPI connect failed: ZBus Error: MethodError(OwnedErrorName("org.freedesktop.DBus.Error.NameHasNoOwner"), Some("Could not activate remote peer 'org.a11y.atspi.Registry': unit failed"), Msg { type: Error, serial: 4294967295, sender: UniqueName("org.freedesktop.DBus"), reply-serial: 9, body: Str, fds: [] })
[2m2026-10-02T02:07:04.647458Z[0m [33m WARN[0m [2mplatform_linux::overlay[0m[2m:[0m X11 overlay: root reads cannot see this window's own pixels; save-unders will be served without readback confirmation
dbus-daemon[2623314]: [session uid=1000 pid=2623314 pidfd=4] Activating service name='org.freedesktop.systemd1' requested by ':1.4' (uid=1000 pid=2623470 comm="/usr/bin/dbus-broker-launch --config-file=/usr/sha")
dbus-daemon[2623314]: [session uid=1000 pid=2623314 pidfd=4] Activated service 'org.freedesktop.systemd1' failed: Process org.freedesktop.systemd1 exited with status 1
dbus-daemon[2623314]: [session uid=1000 pid=2623314 pidfd=4] Activating service name='org.freedesktop.systemd1' requested by ':1.4' (uid=1000 pid=2623470 comm="/usr/bin/dbus-broker-launch --config-file=/usr/sha")
dbus-daemon[2623314]: [session uid=1000 pid=2623314 pidfd=4] Activated service 'org.freedesktop.systemd1' failed: Process org.freedesktop.systemd1 exited with status 1
{"trial": "n2c1-07-G_off", "final": "none", "error": null, "load": "13.38"}
dbus-daemon[2623314]: [session uid=1000 pid=2623314 pidfd=4] Activating service name='org.freedesktop.systemd1' requested by ':1.4' (uid=1000 pid=2623470 comm="/usr/bin/dbus-broker-launch --config-file=/usr/sha")
dbus-daemon[2623314]: [session uid=1000 pid=2623314 pidfd=4] Activated service 'org.freedesktop.systemd1' failed: Process org.freedesktop.systemd1 exited with status 1
[2m2026-10-02T02:07:08.446032Z[0m [33m WARN[0m [2mcua_driver_sdk::runtime[0m[2m:[0m could not activate the persistent AT-SPI listener: AT-SPI connect failed: ZBus Error: MethodError(OwnedErrorName("org.freedesktop.DBus.Error.NameHasNoOwner"), Some("Could not activate remote peer 'org.a11y.atspi.Registry': unit failed"), Msg { type: Error, serial: 4294967295, sender: UniqueName("org.freedesktop.DBus"), reply-serial: 9, body: Str, fds: [] })
[2m2026-10-02T02:07:08.457040Z[0m [33m WARN[0m [2mplatform_linux::overlay[0m[2m:[0m X11 overlay: root reads cannot see this window's own pixels; save-unders will be served without readback confirmation
dbus-daemon[2623314]: [session uid=1000 pid=2623314 pidfd=4] Activating service name='org.freedesktop.systemd1' requested by ':1.4' (uid=1000 pid=2623470 comm="/usr/bin/dbus-broker-launch --config-file=/usr/sha")
dbus-daemon[2623314]: [session uid=1000 pid=2623314 pidfd=4] Activated service 'org.freedesktop.systemd1' failed: Process org.freedesktop.systemd1 exited with status 1
dbus-daemon[2623314]: [session uid=1000 pid=2623314 pidfd=4] Activating service name='org.freedesktop.systemd1' requested by ':1.4' (uid=1000 pid=2623470 comm="/usr/bin/dbus-broker-launch --config-file=/usr/sha")
dbus-daemon[2623314]: [session uid=1000 pid=2623314 pidfd=4] Activated service 'org.freedesktop.systemd1' failed: Process org.freedesktop.systemd1 exited with status 1
{"trial": "n2c1-08-API", "final": "value", "error": null, "load": "12.63"}
dbus-daemon[2623314]: [session uid=1000 pid=2623314 pidfd=4] Activating service name='org.freedesktop.systemd1' requested by ':1.4' (uid=1000 pid=2623470 comm="/usr/bin/dbus-broker-launch --config-file=/usr/sha")
dbus-daemon[2623314]: [session uid=1000 pid=2623314 pidfd=4] Activated service 'org.freedesktop.systemd1' failed: Process org.freedesktop.systemd1 exited with status 1
[2m2026-10-02T02:07:09.736519Z[0m [33m WARN[0m [2mcua_driver_sdk::runtime[0m[2m:[0m could not activate the persistent AT-SPI listener: AT-SPI connect failed: ZBus Error: MethodError(OwnedErrorName("org.freedesktop.DBus.Error.NameHasNoOwner"), Some("Could not activate remote peer 'org.a11y.atspi.Registry': unit failed"), Msg { type: Error, serial: 4294967295, sender: UniqueName("org.freedesktop.DBus"), reply-serial: 9, body: Str, fds: [] })
[2m2026-10-02T02:07:09.751214Z[0m [33m WARN[0m [2mplatform_linux::overlay[0m[2m:[0m X11 overlay: root reads cannot see this window's own pixels; save-unders will be served without readback confirmation
dbus-daemon[2623314]: [session uid=1000 pid=2623314 pidfd=4] Activating service name='org.freedesktop.systemd1' requested by ':1.4' (uid=1000 pid=2623470 comm="/usr/bin/dbus-broker-launch --config-file=/usr/sha")
dbus-daemon[2623314]: [session uid=1000 pid=2623314 pidfd=4] Activated service 'org.freedesktop.systemd1' failed: Process org.freedesktop.systemd1 exited with status 1
dbus-daemon[2623314]: [session uid=1000 pid=2623314 pidfd=4] Activating service name='org.freedesktop.systemd1' requested by ':1.4' (uid=1000 pid=2623470 comm="/usr/bin/dbus-broker-launch --config-file=/usr/sha")
dbus-daemon[2623314]: [session uid=1000 pid=2623314 pidfd=4] Activated service 'org.freedesktop.systemd1' failed: Process org.freedesktop.systemd1 exited with status 1
{"trial": "n2c1-09-G_off", "final": "none", "error": null, "load": "12.63"}
rc_run=0
A connection to the bus can't be made
X connection to :99 broken (explicit kill or server shutdown).
[session] exit rc=0 run_dir=<tmp>/x11-session.5cqzm9
