[session] DISPLAY=:100 openbox=2590355 picom=2590356 dbus=unix:path=<tmp>,guid=a7b826446e2510ab5ca7033a6abf113b
== r2-08 DISPLAY=:100 args=--phase neg --variant n1 --chunk 0
== driver_version=cua-driver 0.32.0
== driver_sha256=8b03796185055cc40c1a9ef0b2b4bbe9595a3eefa4f9a3aa64f34e5ce1974cd3
== chrome_version=Google Chrome 151.0.7922.71 
== loadavg=4.22 5.56 4.87 3/2365 2590761
Cua Driver sends content-free product telemetry by default. Run `cua-driver telemetry disable` to stop it; `cua-driver telemetry status` shows the current setting.
dbus-daemon[2590351]: [session uid=1000 pid=2590351 pidfd=4] Activating service name='org.a11y.Bus' requested by ':1.0' (uid=1000 pid=2591047 comm="<lanes>/bin/cua-driver-r2")
dbus-daemon[2590351]: [session uid=1000 pid=2590351 pidfd=4] Successfully activated service 'org.a11y.Bus'
dbus-daemon[2590351]: [session uid=1000 pid=2590351 pidfd=4] Activating service name='ca.desrt.dconf' requested by ':1.1' (uid=1000 pid=2591070 comm="/usr/lib/at-spi-bus-launcher")
dbus-daemon[2590351]: [session uid=1000 pid=2590351 pidfd=4] Successfully activated service 'ca.desrt.dconf'
dbus-daemon[2590351]: [session uid=1000 pid=2590351 pidfd=4] Activating service name='org.freedesktop.systemd1' requested by ':1.4' (uid=1000 pid=2591093 comm="/usr/bin/dbus-broker-launch --config-file=/usr/sha")
dbus-daemon[2590351]: [session uid=1000 pid=2590351 pidfd=4] Activated service 'org.freedesktop.systemd1' failed: Process org.freedesktop.systemd1 exited with status 1
[2m2026-10-02T02:04:47.421611Z[0m [33m WARN[0m [2mcua_driver_sdk::runtime[0m[2m:[0m could not activate the persistent AT-SPI listener: AT-SPI connect failed: ZBus Error: MethodError(OwnedErrorName("org.freedesktop.DBus.Error.NameHasNoOwner"), Some("Could not activate remote peer 'org.a11y.atspi.Registry': unit failed"), Msg { type: Error, serial: 4294967295, sender: UniqueName("org.freedesktop.DBus"), reply-serial: 10, body: Str, fds: [] })
[2m2026-10-02T02:04:47.434346Z[0m [33m WARN[0m [2mplatform_linux::overlay[0m[2m:[0m X11 overlay: root reads cannot see this window's own pixels; save-unders will be served without readback confirmation
dbus-daemon[2590351]: [session uid=1000 pid=2590351 pidfd=4] Activating service name='org.gtk.vfs.Daemon' requested by ':1.5' (uid=1000 pid=2591224 comm="/opt/google/chrome/chrome --remote-debugging-port=")
dbus-daemon[2590351]: [session uid=1000 pid=2590351 pidfd=4] Successfully activated service 'org.gtk.vfs.Daemon'
dbus-daemon[2590351]: [session uid=1000 pid=2590351 pidfd=4] Activating service name='org.freedesktop.systemd1' requested by ':1.4' (uid=1000 pid=2591093 comm="/usr/bin/dbus-broker-launch --config-file=/usr/sha")
dbus-daemon[2590351]: [session uid=1000 pid=2590351 pidfd=4] Activated service 'org.freedesktop.systemd1' failed: Process org.freedesktop.systemd1 exited with status 1
dbus-daemon[2590351]: [session uid=1000 pid=2590351 pidfd=4] Activating service name='org.freedesktop.systemd1' requested by ':1.4' (uid=1000 pid=2591093 comm="/usr/bin/dbus-broker-launch --config-file=/usr/sha")
dbus-daemon[2590351]: [session uid=1000 pid=2590351 pidfd=4] Activated service 'org.freedesktop.systemd1' failed: Process org.freedesktop.systemd1 exited with status 1
dbus-daemon[2590351]: [session uid=1000 pid=2590351 pidfd=4] Activating service name='org.freedesktop.Notifications' requested by ':1.8' (uid=1000 pid=2591224 comm="/opt/google/chrome/chrome --remote-debugging-port=")
dbus-daemon[2590351]: [session uid=1000 pid=2590351 pidfd=4] Activating service name='org.freedesktop.portal.Desktop' requested by ':1.8' (uid=1000 pid=2591224 comm="/opt/google/chrome/chrome --remote-debugging-port=")
dbus-daemon[2590351]: [session uid=1000 pid=2590351 pidfd=4] Activating service name='org.freedesktop.impl.portal.PermissionStore' requested by ':1.10' (uid=1000 pid=2591370 comm="/usr/lib/xdg-desktop-portal")
dbus-daemon[2590351]: [session uid=1000 pid=2590351 pidfd=4] Successfully activated service 'org.freedesktop.Notifications'
dbus-daemon[2590351]: [session uid=1000 pid=2590351 pidfd=4] Successfully activated service 'org.freedesktop.impl.portal.PermissionStore'
dbus-daemon[2590351]: [session uid=1000 pid=2590351 pidfd=4] Activating service name='org.freedesktop.portal.Documents' requested by ':1.10' (uid=1000 pid=2591370 comm="/usr/lib/xdg-desktop-portal")
dbus-daemon[2590351]: [session uid=1000 pid=2590351 pidfd=4] Successfully activated service 'org.freedesktop.portal.Documents'

(/usr/lib/xdg-desktop-portal:2591370): xdg-desktop-portal-WARNING **: 21:04:47.953: Choosing gtk.portal for org.freedesktop.impl.portal.Lockdown as a last-resort fallback
dbus-daemon[2590351]: [session uid=1000 pid=2590351 pidfd=4] Activating service name='org.freedesktop.impl.portal.desktop.gtk' requested by ':1.10' (uid=1000 pid=2591370 comm="/usr/lib/xdg-desktop-portal")
dbus-daemon[2590351]: [session uid=1000 pid=2590351 pidfd=4] Activating service name='org.freedesktop.systemd1' requested by ':1.4' (uid=1000 pid=2591093 comm="/usr/bin/dbus-broker-launch --config-file=/usr/sha")
dbus-daemon[2590351]: [session uid=1000 pid=2590351 pidfd=4] Activated service 'org.freedesktop.systemd1' failed: Process org.freedesktop.systemd1 exited with status 1
dbus-daemon[2590351]: [session uid=1000 pid=2590351 pidfd=4] Successfully activated service 'org.freedesktop.impl.portal.desktop.gtk'

** (xdg-desktop-portal-gtk:2591440): WARNING **: 21:04:47.981: AT-SPI: Could not obtain desktop path or name

dbus-daemon[2590351]: [session uid=1000 pid=2590351 pidfd=4] Activating service name='org.freedesktop.systemd1' requested by ':1.4' (uid=1000 pid=2591093 comm="/usr/bin/dbus-broker-launch --config-file=/usr/sha")

(/usr/lib/xdg-desktop-portal:2591370): xdg-desktop-portal-WARNING **: 21:04:47.982: Choosing gtk.portal for org.freedesktop.impl.portal.Access as a last-resort fallback
dbus-daemon[2590351]: [session uid=1000 pid=2590351 pidfd=4] Activated service 'org.freedesktop.systemd1' failed: Process org.freedesktop.systemd1 exited with status 1

** (xdg-desktop-portal-gtk:2591440): WARNING **: 21:04:47.982: atk-bridge: GetRegisteredEvents returned message with unknown signature

** (xdg-desktop-portal-gtk:2591440): WARNING **: 21:04:47.982: atk-bridge: get_device_events_reply: unknown signature

(/usr/lib/xdg-desktop-portal:2591370): xdg-desktop-portal-WARNING **: 21:04:48.007: Choosing gtk.portal for org.freedesktop.impl.portal.Settings as a last-resort fallback

(/usr/lib/xdg-desktop-portal:2591370): xdg-desktop-portal-WARNING **: 21:04:48.008: Choosing gtk.portal for org.freedesktop.impl.portal.FileChooser as a last-resort fallback

(/usr/lib/xdg-desktop-portal:2591370): xdg-desktop-portal-WARNING **: 21:04:48.008: Choosing gtk.portal for org.freedesktop.impl.portal.AppChooser as a last-resort fallback

(/usr/lib/xdg-desktop-portal:2591370): xdg-desktop-portal-WARNING **: 21:04:48.009: Choosing gtk.portal for org.freedesktop.impl.portal.Print as a last-resort fallback

(/usr/lib/xdg-desktop-portal:2591370): xdg-desktop-portal-WARNING **: 21:04:48.010: Choosing gtk.portal for org.freedesktop.impl.portal.Notification as a last-resort fallback

(/usr/lib/xdg-desktop-portal:2591370): xdg-desktop-portal-WARNING **: 21:04:48.010: Choosing gtk.portal for org.freedesktop.impl.portal.Inhibit as a last-resort fallback

(/usr/lib/xdg-desktop-portal:2591370): xdg-desktop-portal-WARNING **: 21:04:48.012: Failed to connect to PipeWire: Couldn't connect to PipeWire

(/usr/lib/xdg-desktop-portal:2591370): xdg-desktop-portal-WARNING **: 21:04:48.012: Choosing gtk.portal for org.freedesktop.impl.portal.Account as a last-resort fallback

(/usr/lib/xdg-desktop-portal:2591370): xdg-desktop-portal-WARNING **: 21:04:48.012: Choosing gtk.portal for org.freedesktop.impl.portal.Email as a last-resort fallback

(/usr/lib/xdg-desktop-portal:2591370): xdg-desktop-portal-WARNING **: 21:04:48.013: Choosing gtk.portal for org.freedesktop.impl.portal.DynamicLauncher as a last-resort fallback
dbus-daemon[2590351]: [session uid=1000 pid=2590351 pidfd=4] Successfully activated service 'org.freedesktop.portal.Desktop'
{"trial": "n1c0-00-G_off", "final": "value", "error": null, "load": "4.22"}
dbus-daemon[2590351]: [session uid=1000 pid=2590351 pidfd=4] Activating service name='org.freedesktop.systemd1' requested by ':1.4' (uid=1000 pid=2591093 comm="/usr/bin/dbus-broker-launch --config-file=/usr/sha")
dbus-daemon[2590351]: [session uid=1000 pid=2590351 pidfd=4] Activated service 'org.freedesktop.systemd1' failed: Process org.freedesktop.systemd1 exited with status 1
[2m2026-10-02T02:04:49.499363Z[0m [33m WARN[0m [2mcua_driver_sdk::runtime[0m[2m:[0m could not activate the persistent AT-SPI listener: AT-SPI connect failed: ZBus Error: MethodError(OwnedErrorName("org.freedesktop.DBus.Error.NameHasNoOwner"), Some("Could not activate remote peer 'org.a11y.atspi.Registry': unit failed"), Msg { type: Error, serial: 4294967295, sender: UniqueName("org.freedesktop.DBus"), reply-serial: 9, body: Str, fds: [] })
[2m2026-10-02T02:04:49.507375Z[0m [33m WARN[0m [2mplatform_linux::overlay[0m[2m:[0m X11 overlay: root reads cannot see this window's own pixels; save-unders will be served without readback confirmation
dbus-daemon[2590351]: [session uid=1000 pid=2590351 pidfd=4] Activating service name='org.freedesktop.systemd1' requested by ':1.4' (uid=1000 pid=2591093 comm="/usr/bin/dbus-broker-launch --config-file=/usr/sha")
dbus-daemon[2590351]: [session uid=1000 pid=2590351 pidfd=4] Activated service 'org.freedesktop.systemd1' failed: Process org.freedesktop.systemd1 exited with status 1
dbus-daemon[2590351]: [session uid=1000 pid=2590351 pidfd=4] Activating service name='org.freedesktop.systemd1' requested by ':1.4' (uid=1000 pid=2591093 comm="/usr/bin/dbus-broker-launch --config-file=/usr/sha")
dbus-daemon[2590351]: [session uid=1000 pid=2590351 pidfd=4] Activated service 'org.freedesktop.systemd1' failed: Process org.freedesktop.systemd1 exited with status 1
{"trial": "n1c0-01-API", "final": "none", "error": null, "load": "5.73"}
dbus-daemon[2590351]: [session uid=1000 pid=2590351 pidfd=4] Activating service name='org.freedesktop.systemd1' requested by ':1.4' (uid=1000 pid=2591093 comm="/usr/bin/dbus-broker-launch --config-file=/usr/sha")
dbus-daemon[2590351]: [session uid=1000 pid=2590351 pidfd=4] Activated service 'org.freedesktop.systemd1' failed: Process org.freedesktop.systemd1 exited with status 1
[2m2026-10-02T02:04:53.710177Z[0m [33m WARN[0m [2mcua_driver_sdk::runtime[0m[2m:[0m could not activate the persistent AT-SPI listener: AT-SPI connect failed: ZBus Error: MethodError(OwnedErrorName("org.freedesktop.DBus.Error.NameHasNoOwner"), Some("Could not activate remote peer 'org.a11y.atspi.Registry': unit failed"), Msg { type: Error, serial: 4294967295, sender: UniqueName("org.freedesktop.DBus"), reply-serial: 9, body: Str, fds: [] })
[2m2026-10-02T02:04:53.723884Z[0m [33m WARN[0m [2mplatform_linux::overlay[0m[2m:[0m X11 overlay: root reads cannot see this window's own pixels; save-unders will be served without readback confirmation
dbus-daemon[2590351]: [session uid=1000 pid=2590351 pidfd=4] Activating service name='org.freedesktop.systemd1' requested by ':1.4' (uid=1000 pid=2591093 comm="/usr/bin/dbus-broker-launch --config-file=/usr/sha")
dbus-daemon[2590351]: [session uid=1000 pid=2590351 pidfd=4] Activated service 'org.freedesktop.systemd1' failed: Process org.freedesktop.systemd1 exited with status 1
dbus-daemon[2590351]: [session uid=1000 pid=2590351 pidfd=4] Activating service name='org.freedesktop.systemd1' requested by ':1.4' (uid=1000 pid=2591093 comm="/usr/bin/dbus-broker-launch --config-file=/usr/sha")
dbus-daemon[2590351]: [session uid=1000 pid=2590351 pidfd=4] Activated service 'org.freedesktop.systemd1' failed: Process org.freedesktop.systemd1 exited with status 1
{"trial": "n1c0-02-G_off", "final": "value", "error": null, "load": "6.15"}
dbus-daemon[2590351]: [session uid=1000 pid=2590351 pidfd=4] Activating service name='org.freedesktop.systemd1' requested by ':1.4' (uid=1000 pid=2591093 comm="/usr/bin/dbus-broker-launch --config-file=/usr/sha")
dbus-daemon[2590351]: [session uid=1000 pid=2590351 pidfd=4] Activated service 'org.freedesktop.systemd1' failed: Process org.freedesktop.systemd1 exited with status 1
[2m2026-10-02T02:04:55.714213Z[0m [33m WARN[0m [2mcua_driver_sdk::runtime[0m[2m:[0m could not activate the persistent AT-SPI listener: AT-SPI connect failed: ZBus Error: MethodError(OwnedErrorName("org.freedesktop.DBus.Error.NameHasNoOwner"), Some("Could not activate remote peer 'org.a11y.atspi.Registry': unit failed"), Msg { type: Error, serial: 4294967295, sender: UniqueName("org.freedesktop.DBus"), reply-serial: 9, body: Str, fds: [] })
[2m2026-10-02T02:04:55.721390Z[0m [33m WARN[0m [2mplatform_linux::overlay[0m[2m:[0m X11 overlay: root reads cannot see this window's own pixels; save-unders will be served without readback confirmation
dbus-daemon[2590351]: [session uid=1000 pid=2590351 pidfd=4] Activating service name='org.freedesktop.systemd1' requested by ':1.4' (uid=1000 pid=2591093 comm="/usr/bin/dbus-broker-launch --config-file=/usr/sha")
dbus-daemon[2590351]: [session uid=1000 pid=2590351 pidfd=4] Activated service 'org.freedesktop.systemd1' failed: Process org.freedesktop.systemd1 exited with status 1
dbus-daemon[2590351]: [session uid=1000 pid=2590351 pidfd=4] Activating service name='org.freedesktop.systemd1' requested by ':1.4' (uid=1000 pid=2591093 comm="/usr/bin/dbus-broker-launch --config-file=/usr/sha")
dbus-daemon[2590351]: [session uid=1000 pid=2590351 pidfd=4] Activated service 'org.freedesktop.systemd1' failed: Process org.freedesktop.systemd1 exited with status 1
{"trial": "n1c0-03-API", "final": "none", "error": null, "load": "6.15"}
dbus-daemon[2590351]: [session uid=1000 pid=2590351 pidfd=4] Activating service name='org.freedesktop.systemd1' requested by ':1.4' (uid=1000 pid=2591093 comm="/usr/bin/dbus-broker-launch --config-file=/usr/sha")
dbus-daemon[2590351]: [session uid=1000 pid=2590351 pidfd=4] Activated service 'org.freedesktop.systemd1' failed: Process org.freedesktop.systemd1 exited with status 1
[2m2026-10-02T02:04:58.959433Z[0m [33m WARN[0m [2mcua_driver_sdk::runtime[0m[2m:[0m could not activate the persistent AT-SPI listener: AT-SPI connect failed: ZBus Error: MethodError(OwnedErrorName("org.freedesktop.DBus.Error.NameHasNoOwner"), Some("Could not activate remote peer 'org.a11y.atspi.Registry': unit failed"), Msg { type: Error, serial: 4294967295, sender: UniqueName("org.freedesktop.DBus"), reply-serial: 9, body: Str, fds: [] })
[2m2026-10-02T02:04:58.967392Z[0m [33m WARN[0m [2mplatform_linux::overlay[0m[2m:[0m X11 overlay: root reads cannot see this window's own pixels; save-unders will be served without readback confirmation
dbus-daemon[2590351]: [session uid=1000 pid=2590351 pidfd=4] Activating service name='org.freedesktop.systemd1' requested by ':1.4' (uid=1000 pid=2591093 comm="/usr/bin/dbus-broker-launch --config-file=/usr/sha")
dbus-daemon[2590351]: [session uid=1000 pid=2590351 pidfd=4] Activated service 'org.freedesktop.systemd1' failed: Process org.freedesktop.systemd1 exited with status 1
dbus-daemon[2590351]: [session uid=1000 pid=2590351 pidfd=4] Activating service name='org.freedesktop.systemd1' requested by ':1.4' (uid=1000 pid=2591093 comm="/usr/bin/dbus-broker-launch --config-file=/usr/sha")
dbus-daemon[2590351]: [session uid=1000 pid=2590351 pidfd=4] Activated service 'org.freedesktop.systemd1' failed: Process org.freedesktop.systemd1 exited with status 1
{"trial": "n1c0-04-G_off", "final": "value", "error": null, "load": "5.98"}
dbus-daemon[2590351]: [session uid=1000 pid=2590351 pidfd=4] Activating service name='org.freedesktop.systemd1' requested by ':1.4' (uid=1000 pid=2591093 comm="/usr/bin/dbus-broker-launch --config-file=/usr/sha")
dbus-daemon[2590351]: [session uid=1000 pid=2590351 pidfd=4] Activated service 'org.freedesktop.systemd1' failed: Process org.freedesktop.systemd1 exited with status 1
[2m2026-10-02T02:05:00.460635Z[0m [33m WARN[0m [2mcua_driver_sdk::runtime[0m[2m:[0m could not activate the persistent AT-SPI listener: AT-SPI connect failed: ZBus Error: MethodError(OwnedErrorName("org.freedesktop.DBus.Error.NameHasNoOwner"), Some("Could not activate remote peer 'org.a11y.atspi.Registry': unit failed"), Msg { type: Error, serial: 4294967295, sender: UniqueName("org.freedesktop.DBus"), reply-serial: 9, body: Str, fds: [] })
[2m2026-10-02T02:05:00.467911Z[0m [33m WARN[0m [2mplatform_linux::overlay[0m[2m:[0m X11 overlay: root reads cannot see this window's own pixels; save-unders will be served without readback confirmation
dbus-daemon[2590351]: [session uid=1000 pid=2590351 pidfd=4] Activating service name='org.freedesktop.systemd1' requested by ':1.4' (uid=1000 pid=2591093 comm="/usr/bin/dbus-broker-launch --config-file=/usr/sha")
dbus-daemon[2590351]: [session uid=1000 pid=2590351 pidfd=4] Activated service 'org.freedesktop.systemd1' failed: Process org.freedesktop.systemd1 exited with status 1
dbus-daemon[2590351]: [session uid=1000 pid=2590351 pidfd=4] Activating service name='org.freedesktop.systemd1' requested by ':1.4' (uid=1000 pid=2591093 comm="/usr/bin/dbus-broker-launch --config-file=/usr/sha")
dbus-daemon[2590351]: [session uid=1000 pid=2590351 pidfd=4] Activated service 'org.freedesktop.systemd1' failed: Process org.freedesktop.systemd1 exited with status 1
{"trial": "n1c0-05-API", "final": "none", "error": null, "load": "5.98"}
dbus-daemon[2590351]: [session uid=1000 pid=2590351 pidfd=4] Activating service name='org.freedesktop.systemd1' requested by ':1.4' (uid=1000 pid=2591093 comm="/usr/bin/dbus-broker-launch --config-file=/usr/sha")
dbus-daemon[2590351]: [session uid=1000 pid=2590351 pidfd=4] Activated service 'org.freedesktop.systemd1' failed: Process org.freedesktop.systemd1 exited with status 1
[2m2026-10-02T02:05:03.708553Z[0m [33m WARN[0m [2mcua_driver_sdk::runtime[0m[2m:[0m could not activate the persistent AT-SPI listener: AT-SPI connect failed: ZBus Error: MethodError(OwnedErrorName("org.freedesktop.DBus.Error.NameHasNoOwner"), Some("Could not activate remote peer 'org.a11y.atspi.Registry': unit failed"), Msg { type: Error, serial: 4294967295, sender: UniqueName("org.freedesktop.DBus"), reply-serial: 9, body: Str, fds: [] })
[2m2026-10-02T02:05:03.715909Z[0m [33m WARN[0m [2mplatform_linux::overlay[0m[2m:[0m X11 overlay: root reads cannot see this window's own pixels; save-unders will be served without readback confirmation
dbus-daemon[2590351]: [session uid=1000 pid=2590351 pidfd=4] Activating service name='org.freedesktop.systemd1' requested by ':1.4' (uid=1000 pid=2591093 comm="/usr/bin/dbus-broker-launch --config-file=/usr/sha")
dbus-daemon[2590351]: [session uid=1000 pid=2590351 pidfd=4] Activated service 'org.freedesktop.systemd1' failed: Process org.freedesktop.systemd1 exited with status 1
dbus-daemon[2590351]: [session uid=1000 pid=2590351 pidfd=4] Activating service name='org.freedesktop.systemd1' requested by ':1.4' (uid=1000 pid=2591093 comm="/usr/bin/dbus-broker-launch --config-file=/usr/sha")
dbus-daemon[2590351]: [session uid=1000 pid=2590351 pidfd=4] Activated service 'org.freedesktop.systemd1' failed: Process org.freedesktop.systemd1 exited with status 1
{"trial": "n1c0-06-G_off", "final": "value", "error": null, "load": "5.66"}
dbus-daemon[2590351]: [session uid=1000 pid=2590351 pidfd=4] Activating service name='org.freedesktop.systemd1' requested by ':1.4' (uid=1000 pid=2591093 comm="/usr/bin/dbus-broker-launch --config-file=/usr/sha")
dbus-daemon[2590351]: [session uid=1000 pid=2590351 pidfd=4] Activated service 'org.freedesktop.systemd1' failed: Process org.freedesktop.systemd1 exited with status 1
[2m2026-10-02T02:05:05.167384Z[0m [33m WARN[0m [2mcua_driver_sdk::runtime[0m[2m:[0m could not activate the persistent AT-SPI listener: AT-SPI connect failed: ZBus Error: MethodError(OwnedErrorName("org.freedesktop.DBus.Error.NameHasNoOwner"), Some("Could not activate remote peer 'org.a11y.atspi.Registry': unit failed"), Msg { type: Error, serial: 4294967295, sender: UniqueName("org.freedesktop.DBus"), reply-serial: 9, body: Str, fds: [] })
[2m2026-10-02T02:05:05.175139Z[0m [33m WARN[0m [2mplatform_linux::overlay[0m[2m:[0m X11 overlay: root reads cannot see this window's own pixels; save-unders will be served without readback confirmation
dbus-daemon[2590351]: [session uid=1000 pid=2590351 pidfd=4] Activating service name='org.freedesktop.systemd1' requested by ':1.4' (uid=1000 pid=2591093 comm="/usr/bin/dbus-broker-launch --config-file=/usr/sha")
dbus-daemon[2590351]: [session uid=1000 pid=2590351 pidfd=4] Activated service 'org.freedesktop.systemd1' failed: Process org.freedesktop.systemd1 exited with status 1
dbus-daemon[2590351]: [session uid=1000 pid=2590351 pidfd=4] Activating service name='org.freedesktop.systemd1' requested by ':1.4' (uid=1000 pid=2591093 comm="/usr/bin/dbus-broker-launch --config-file=/usr/sha")
dbus-daemon[2590351]: [session uid=1000 pid=2590351 pidfd=4] Activated service 'org.freedesktop.systemd1' failed: Process org.freedesktop.systemd1 exited with status 1
{"trial": "n1c0-07-API", "final": "none", "error": null, "load": "5.66"}
dbus-daemon[2590351]: [session uid=1000 pid=2590351 pidfd=4] Activating service name='org.freedesktop.systemd1' requested by ':1.4' (uid=1000 pid=2591093 comm="/usr/bin/dbus-broker-launch --config-file=/usr/sha")
dbus-daemon[2590351]: [session uid=1000 pid=2590351 pidfd=4] Activated service 'org.freedesktop.systemd1' failed: Process org.freedesktop.systemd1 exited with status 1
[2m2026-10-02T02:05:08.449154Z[0m [33m WARN[0m [2mcua_driver_sdk::runtime[0m[2m:[0m could not activate the persistent AT-SPI listener: AT-SPI connect failed: ZBus Error: MethodError(OwnedErrorName("org.freedesktop.DBus.Error.NameHasNoOwner"), Some("Could not activate remote peer 'org.a11y.atspi.Registry': unit failed"), Msg { type: Error, serial: 4294967295, sender: UniqueName("org.freedesktop.DBus"), reply-serial: 9, body: Str, fds: [] })
[2m2026-10-02T02:05:08.456255Z[0m [33m WARN[0m [2mplatform_linux::overlay[0m[2m:[0m X11 overlay: root reads cannot see this window's own pixels; save-unders will be served without readback confirmation
dbus-daemon[2590351]: [session uid=1000 pid=2590351 pidfd=4] Activating service name='org.freedesktop.systemd1' requested by ':1.4' (uid=1000 pid=2591093 comm="/usr/bin/dbus-broker-launch --config-file=/usr/sha")
dbus-daemon[2590351]: [session uid=1000 pid=2590351 pidfd=4] Activated service 'org.freedesktop.systemd1' failed: Process org.freedesktop.systemd1 exited with status 1
dbus-daemon[2590351]: [session uid=1000 pid=2590351 pidfd=4] Activating service name='org.freedesktop.systemd1' requested by ':1.4' (uid=1000 pid=2591093 comm="/usr/bin/dbus-broker-launch --config-file=/usr/sha")
dbus-daemon[2590351]: [session uid=1000 pid=2590351 pidfd=4] Activated service 'org.freedesktop.systemd1' failed: Process org.freedesktop.systemd1 exited with status 1
{"trial": "n1c0-08-G_off", "final": "value", "error": null, "load": "5.44"}
dbus-daemon[2590351]: [session uid=1000 pid=2590351 pidfd=4] Activating service name='org.freedesktop.systemd1' requested by ':1.4' (uid=1000 pid=2591093 comm="/usr/bin/dbus-broker-launch --config-file=/usr/sha")
dbus-daemon[2590351]: [session uid=1000 pid=2590351 pidfd=4] Activated service 'org.freedesktop.systemd1' failed: Process org.freedesktop.systemd1 exited with status 1
[2m2026-10-02T02:05:09.891691Z[0m [33m WARN[0m [2mcua_driver_sdk::runtime[0m[2m:[0m could not activate the persistent AT-SPI listener: AT-SPI connect failed: ZBus Error: MethodError(OwnedErrorName("org.freedesktop.DBus.Error.NameHasNoOwner"), Some("Could not activate remote peer 'org.a11y.atspi.Registry': unit failed"), Msg { type: Error, serial: 4294967295, sender: UniqueName("org.freedesktop.DBus"), reply-serial: 9, body: Str, fds: [] })
[2m2026-10-02T02:05:09.898736Z[0m [33m WARN[0m [2mplatform_linux::overlay[0m[2m:[0m X11 overlay: root reads cannot see this window's own pixels; save-unders will be served without readback confirmation
dbus-daemon[2590351]: [session uid=1000 pid=2590351 pidfd=4] Activating service name='org.freedesktop.systemd1' requested by ':1.4' (uid=1000 pid=2591093 comm="/usr/bin/dbus-broker-launch --config-file=/usr/sha")
dbus-daemon[2590351]: [session uid=1000 pid=2590351 pidfd=4] Activated service 'org.freedesktop.systemd1' failed: Process org.freedesktop.systemd1 exited with status 1
dbus-daemon[2590351]: [session uid=1000 pid=2590351 pidfd=4] Activating service name='org.freedesktop.systemd1' requested by ':1.4' (uid=1000 pid=2591093 comm="/usr/bin/dbus-broker-launch --config-file=/usr/sha")
dbus-daemon[2590351]: [session uid=1000 pid=2590351 pidfd=4] Activated service 'org.freedesktop.systemd1' failed: Process org.freedesktop.systemd1 exited with status 1
{"trial": "n1c0-09-API", "final": "none", "error": null, "load": "5.44"}
rc_run=0
A connection to the bus can't be made
X connection to :100 broken (explicit kill or server shutdown).
[session] exit rc=0 run_dir=<tmp>/x11-session.URZRag
