[session] DISPLAY=:99 openbox=2635952 picom=2635953 dbus=unix:path=<tmp>,guid=f14487a4464be246631a7b336abf11d4
== r2-08 DISPLAY=:99 args=--phase neg --variant n3 --chunk 0
== driver_version=cua-driver 0.32.0
== driver_sha256=8b03796185055cc40c1a9ef0b2b4bbe9595a3eefa4f9a3aa64f34e5ce1974cd3
== chrome_version=Google Chrome 151.0.7922.71 
== loadavg=12.01 9.43 6.49 6/2806 2636951
Cua Driver sends content-free product telemetry by default. Run `cua-driver telemetry disable` to stop it; `cua-driver telemetry status` shows the current setting.
dbus-daemon[2635948]: [session uid=1000 pid=2635948 pidfd=4] Activating service name='org.a11y.Bus' requested by ':1.0' (uid=1000 pid=2637150 comm="<lanes>/bin/cua-driver-r2")
dbus-daemon[2635948]: [session uid=1000 pid=2635948 pidfd=4] Successfully activated service 'org.a11y.Bus'
dbus-daemon[2635948]: [session uid=1000 pid=2635948 pidfd=4] Activating service name='ca.desrt.dconf' requested by ':1.1' (uid=1000 pid=2637163 comm="/usr/lib/at-spi-bus-launcher")
dbus-daemon[2635948]: [session uid=1000 pid=2635948 pidfd=4] Successfully activated service 'ca.desrt.dconf'
dbus-daemon[2635948]: [session uid=1000 pid=2635948 pidfd=4] Activating service name='org.freedesktop.systemd1' requested by ':1.4' (uid=1000 pid=2637197 comm="/usr/bin/dbus-broker-launch --config-file=/usr/sha")
dbus-daemon[2635948]: [session uid=1000 pid=2635948 pidfd=4] Activated service 'org.freedesktop.systemd1' failed: Process org.freedesktop.systemd1 exited with status 1
[2m2026-10-02T02:07:19.265828Z[0m [33m WARN[0m [2mcua_driver_sdk::runtime[0m[2m:[0m could not activate the persistent AT-SPI listener: AT-SPI connect failed: ZBus Error: MethodError(OwnedErrorName("org.freedesktop.DBus.Error.NameHasNoOwner"), Some("Could not activate remote peer 'org.a11y.atspi.Registry': unit failed"), Msg { type: Error, serial: 4294967295, sender: UniqueName("org.freedesktop.DBus"), reply-serial: 10, body: Str, fds: [] })
[2m2026-10-02T02:07:19.272746Z[0m [33m WARN[0m [2mplatform_linux::overlay[0m[2m:[0m X11 overlay: root reads cannot see this window's own pixels; save-unders will be served without readback confirmation
dbus-daemon[2635948]: [session uid=1000 pid=2635948 pidfd=4] Activating service name='org.gtk.vfs.Daemon' requested by ':1.5' (uid=1000 pid=2637296 comm="/opt/google/chrome/chrome --remote-debugging-port=")
dbus-daemon[2635948]: [session uid=1000 pid=2635948 pidfd=4] Successfully activated service 'org.gtk.vfs.Daemon'
dbus-daemon[2635948]: [session uid=1000 pid=2635948 pidfd=4] Activating service name='org.freedesktop.systemd1' requested by ':1.4' (uid=1000 pid=2637197 comm="/usr/bin/dbus-broker-launch --config-file=/usr/sha")
dbus-daemon[2635948]: [session uid=1000 pid=2635948 pidfd=4] Activated service 'org.freedesktop.systemd1' failed: Process org.freedesktop.systemd1 exited with status 1
dbus-daemon[2635948]: [session uid=1000 pid=2635948 pidfd=4] Activating service name='org.freedesktop.systemd1' requested by ':1.4' (uid=1000 pid=2637197 comm="/usr/bin/dbus-broker-launch --config-file=/usr/sha")
dbus-daemon[2635948]: [session uid=1000 pid=2635948 pidfd=4] Activated service 'org.freedesktop.systemd1' failed: Process org.freedesktop.systemd1 exited with status 1
dbus-daemon[2635948]: [session uid=1000 pid=2635948 pidfd=4] Activating service name='org.freedesktop.Notifications' requested by ':1.8' (uid=1000 pid=2637296 comm="/opt/google/chrome/chrome --remote-debugging-port=")
dbus-daemon[2635948]: [session uid=1000 pid=2635948 pidfd=4] Activating service name='org.freedesktop.portal.Desktop' requested by ':1.8' (uid=1000 pid=2637296 comm="/opt/google/chrome/chrome --remote-debugging-port=")
dbus-daemon[2635948]: [session uid=1000 pid=2635948 pidfd=4] Activating service name='org.freedesktop.impl.portal.PermissionStore' requested by ':1.10' (uid=1000 pid=2637736 comm="/usr/lib/xdg-desktop-portal")
dbus-daemon[2635948]: [session uid=1000 pid=2635948 pidfd=4] Successfully activated service 'org.freedesktop.impl.portal.PermissionStore'
dbus-daemon[2635948]: [session uid=1000 pid=2635948 pidfd=4] Successfully activated service 'org.freedesktop.Notifications'
dbus-daemon[2635948]: [session uid=1000 pid=2635948 pidfd=4] Activating service name='org.freedesktop.portal.Documents' requested by ':1.10' (uid=1000 pid=2637736 comm="/usr/lib/xdg-desktop-portal")
dbus-daemon[2635948]: [session uid=1000 pid=2635948 pidfd=4] Successfully activated service 'org.freedesktop.portal.Documents'

(/usr/lib/xdg-desktop-portal:2637736): xdg-desktop-portal-WARNING **: 21:07:19.907: Choosing gtk.portal for org.freedesktop.impl.portal.Lockdown as a last-resort fallback
dbus-daemon[2635948]: [session uid=1000 pid=2635948 pidfd=4] Activating service name='org.freedesktop.impl.portal.desktop.gtk' requested by ':1.10' (uid=1000 pid=2637736 comm="/usr/lib/xdg-desktop-portal")
dbus-daemon[2635948]: [session uid=1000 pid=2635948 pidfd=4] Activating service name='org.freedesktop.systemd1' requested by ':1.4' (uid=1000 pid=2637197 comm="/usr/bin/dbus-broker-launch --config-file=/usr/sha")
dbus-daemon[2635948]: [session uid=1000 pid=2635948 pidfd=4] Activated service 'org.freedesktop.systemd1' failed: Process org.freedesktop.systemd1 exited with status 1
dbus-daemon[2635948]: [session uid=1000 pid=2635948 pidfd=4] Successfully activated service 'org.freedesktop.impl.portal.desktop.gtk'

** (xdg-desktop-portal-gtk:2637765): WARNING **: 21:07:19.942: AT-SPI: Could not obtain desktop path or name

dbus-daemon[2635948]: [session uid=1000 pid=2635948 pidfd=4] Activating service name='org.freedesktop.systemd1' requested by ':1.4' (uid=1000 pid=2637197 comm="/usr/bin/dbus-broker-launch --config-file=/usr/sha")

(/usr/lib/xdg-desktop-portal:2637736): xdg-desktop-portal-WARNING **: 21:07:19.943: Choosing gtk.portal for org.freedesktop.impl.portal.Access as a last-resort fallback
dbus-daemon[2635948]: [session uid=1000 pid=2635948 pidfd=4] Activated service 'org.freedesktop.systemd1' failed: Process org.freedesktop.systemd1 exited with status 1

** (xdg-desktop-portal-gtk:2637765): WARNING **: 21:07:19.944: atk-bridge: GetRegisteredEvents returned message with unknown signature

** (xdg-desktop-portal-gtk:2637765): WARNING **: 21:07:19.944: atk-bridge: get_device_events_reply: unknown signature

(/usr/lib/xdg-desktop-portal:2637736): xdg-desktop-portal-WARNING **: 21:07:19.953: Choosing gtk.portal for org.freedesktop.impl.portal.Settings as a last-resort fallback

(/usr/lib/xdg-desktop-portal:2637736): xdg-desktop-portal-WARNING **: 21:07:19.954: Choosing gtk.portal for org.freedesktop.impl.portal.FileChooser as a last-resort fallback

(/usr/lib/xdg-desktop-portal:2637736): xdg-desktop-portal-WARNING **: 21:07:19.954: Choosing gtk.portal for org.freedesktop.impl.portal.AppChooser as a last-resort fallback

(/usr/lib/xdg-desktop-portal:2637736): xdg-desktop-portal-WARNING **: 21:07:19.955: Choosing gtk.portal for org.freedesktop.impl.portal.Print as a last-resort fallback

(/usr/lib/xdg-desktop-portal:2637736): xdg-desktop-portal-WARNING **: 21:07:19.955: Choosing gtk.portal for org.freedesktop.impl.portal.Notification as a last-resort fallback

(/usr/lib/xdg-desktop-portal:2637736): xdg-desktop-portal-WARNING **: 21:07:19.955: Choosing gtk.portal for org.freedesktop.impl.portal.Inhibit as a last-resort fallback

(/usr/lib/xdg-desktop-portal:2637736): xdg-desktop-portal-WARNING **: 21:07:19.957: Failed to connect to PipeWire: Couldn't connect to PipeWire

(/usr/lib/xdg-desktop-portal:2637736): xdg-desktop-portal-WARNING **: 21:07:19.957: Choosing gtk.portal for org.freedesktop.impl.portal.Account as a last-resort fallback

(/usr/lib/xdg-desktop-portal:2637736): xdg-desktop-portal-WARNING **: 21:07:19.958: Choosing gtk.portal for org.freedesktop.impl.portal.Email as a last-resort fallback

(/usr/lib/xdg-desktop-portal:2637736): xdg-desktop-portal-WARNING **: 21:07:19.958: Choosing gtk.portal for org.freedesktop.impl.portal.DynamicLauncher as a last-resort fallback
dbus-daemon[2635948]: [session uid=1000 pid=2635948 pidfd=4] Successfully activated service 'org.freedesktop.portal.Desktop'
{"trial": "n3c0-00-G_off", "final": "value", "error": null, "load": "12.01"}
dbus-daemon[2635948]: [session uid=1000 pid=2635948 pidfd=4] Activating service name='org.freedesktop.systemd1' requested by ':1.4' (uid=1000 pid=2637197 comm="/usr/bin/dbus-broker-launch --config-file=/usr/sha")
dbus-daemon[2635948]: [session uid=1000 pid=2635948 pidfd=4] Activated service 'org.freedesktop.systemd1' failed: Process org.freedesktop.systemd1 exited with status 1
[2m2026-10-02T02:07:21.053418Z[0m [33m WARN[0m [2mcua_driver_sdk::runtime[0m[2m:[0m could not activate the persistent AT-SPI listener: AT-SPI connect failed: ZBus Error: MethodError(OwnedErrorName("org.freedesktop.DBus.Error.NameHasNoOwner"), Some("Could not activate remote peer 'org.a11y.atspi.Registry': unit failed"), Msg { type: Error, serial: 4294967295, sender: UniqueName("org.freedesktop.DBus"), reply-serial: 9, body: Str, fds: [] })
[2m2026-10-02T02:07:21.060580Z[0m [33m WARN[0m [2mplatform_linux::overlay[0m[2m:[0m X11 overlay: root reads cannot see this window's own pixels; save-unders will be served without readback confirmation
dbus-daemon[2635948]: [session uid=1000 pid=2635948 pidfd=4] Activating service name='org.freedesktop.systemd1' requested by ':1.4' (uid=1000 pid=2637197 comm="/usr/bin/dbus-broker-launch --config-file=/usr/sha")
dbus-daemon[2635948]: [session uid=1000 pid=2635948 pidfd=4] Activated service 'org.freedesktop.systemd1' failed: Process org.freedesktop.systemd1 exited with status 1
dbus-daemon[2635948]: [session uid=1000 pid=2635948 pidfd=4] Activating service name='org.freedesktop.systemd1' requested by ':1.4' (uid=1000 pid=2637197 comm="/usr/bin/dbus-broker-launch --config-file=/usr/sha")
dbus-daemon[2635948]: [session uid=1000 pid=2635948 pidfd=4] Activated service 'org.freedesktop.systemd1' failed: Process org.freedesktop.systemd1 exited with status 1
{"trial": "n3c0-01-API", "final": "value", "error": null, "load": "12.01"}
dbus-daemon[2635948]: [session uid=1000 pid=2635948 pidfd=4] Activating service name='org.freedesktop.systemd1' requested by ':1.4' (uid=1000 pid=2637197 comm="/usr/bin/dbus-broker-launch --config-file=/usr/sha")
dbus-daemon[2635948]: [session uid=1000 pid=2635948 pidfd=4] Activated service 'org.freedesktop.systemd1' failed: Process org.freedesktop.systemd1 exited with status 1
[2m2026-10-02T02:07:22.361577Z[0m [33m WARN[0m [2mcua_driver_sdk::runtime[0m[2m:[0m could not activate the persistent AT-SPI listener: AT-SPI connect failed: ZBus Error: MethodError(OwnedErrorName("org.freedesktop.DBus.Error.NameHasNoOwner"), Some("Could not activate remote peer 'org.a11y.atspi.Registry': unit failed"), Msg { type: Error, serial: 4294967295, sender: UniqueName("org.freedesktop.DBus"), reply-serial: 9, body: Str, fds: [] })
[2m2026-10-02T02:07:22.369966Z[0m [33m WARN[0m [2mplatform_linux::overlay[0m[2m:[0m X11 overlay: root reads cannot see this window's own pixels; save-unders will be served without readback confirmation
dbus-daemon[2635948]: [session uid=1000 pid=2635948 pidfd=4] Activating service name='org.freedesktop.systemd1' requested by ':1.4' (uid=1000 pid=2637197 comm="/usr/bin/dbus-broker-launch --config-file=/usr/sha")
dbus-daemon[2635948]: [session uid=1000 pid=2635948 pidfd=4] Activated service 'org.freedesktop.systemd1' failed: Process org.freedesktop.systemd1 exited with status 1
dbus-daemon[2635948]: [session uid=1000 pid=2635948 pidfd=4] Activating service name='org.freedesktop.systemd1' requested by ':1.4' (uid=1000 pid=2637197 comm="/usr/bin/dbus-broker-launch --config-file=/usr/sha")
dbus-daemon[2635948]: [session uid=1000 pid=2635948 pidfd=4] Activated service 'org.freedesktop.systemd1' failed: Process org.freedesktop.systemd1 exited with status 1
{"trial": "n3c0-02-G_off", "final": "value", "error": null, "load": "12.01"}
dbus-daemon[2635948]: [session uid=1000 pid=2635948 pidfd=4] Activating service name='org.freedesktop.systemd1' requested by ':1.4' (uid=1000 pid=2637197 comm="/usr/bin/dbus-broker-launch --config-file=/usr/sha")
dbus-daemon[2635948]: [session uid=1000 pid=2635948 pidfd=4] Activated service 'org.freedesktop.systemd1' failed: Process org.freedesktop.systemd1 exited with status 1
[2m2026-10-02T02:07:23.838466Z[0m [33m WARN[0m [2mcua_driver_sdk::runtime[0m[2m:[0m could not activate the persistent AT-SPI listener: AT-SPI connect failed: ZBus Error: MethodError(OwnedErrorName("org.freedesktop.DBus.Error.NameHasNoOwner"), Some("Could not activate remote peer 'org.a11y.atspi.Registry': unit failed"), Msg { type: Error, serial: 4294967295, sender: UniqueName("org.freedesktop.DBus"), reply-serial: 9, body: Str, fds: [] })
[2m2026-10-02T02:07:23.848951Z[0m [33m WARN[0m [2mplatform_linux::overlay[0m[2m:[0m X11 overlay: root reads cannot see this window's own pixels; save-unders will be served without readback confirmation
dbus-daemon[2635948]: [session uid=1000 pid=2635948 pidfd=4] Activating service name='org.freedesktop.systemd1' requested by ':1.4' (uid=1000 pid=2637197 comm="/usr/bin/dbus-broker-launch --config-file=/usr/sha")
dbus-daemon[2635948]: [session uid=1000 pid=2635948 pidfd=4] Activated service 'org.freedesktop.systemd1' failed: Process org.freedesktop.systemd1 exited with status 1
dbus-daemon[2635948]: [session uid=1000 pid=2635948 pidfd=4] Activating service name='org.freedesktop.systemd1' requested by ':1.4' (uid=1000 pid=2637197 comm="/usr/bin/dbus-broker-launch --config-file=/usr/sha")
dbus-daemon[2635948]: [session uid=1000 pid=2635948 pidfd=4] Activated service 'org.freedesktop.systemd1' failed: Process org.freedesktop.systemd1 exited with status 1
{"trial": "n3c0-03-API", "final": "value", "error": null, "load": "11.29"}
dbus-daemon[2635948]: [session uid=1000 pid=2635948 pidfd=4] Activating service name='org.freedesktop.systemd1' requested by ':1.4' (uid=1000 pid=2637197 comm="/usr/bin/dbus-broker-launch --config-file=/usr/sha")
dbus-daemon[2635948]: [session uid=1000 pid=2635948 pidfd=4] Activated service 'org.freedesktop.systemd1' failed: Process org.freedesktop.systemd1 exited with status 1
[2m2026-10-02T02:07:25.143756Z[0m [33m WARN[0m [2mcua_driver_sdk::runtime[0m[2m:[0m could not activate the persistent AT-SPI listener: AT-SPI connect failed: ZBus Error: MethodError(OwnedErrorName("org.freedesktop.DBus.Error.NameHasNoOwner"), Some("Could not activate remote peer 'org.a11y.atspi.Registry': unit failed"), Msg { type: Error, serial: 4294967295, sender: UniqueName("org.freedesktop.DBus"), reply-serial: 9, body: Str, fds: [] })
[2m2026-10-02T02:07:25.151043Z[0m [33m WARN[0m [2mplatform_linux::overlay[0m[2m:[0m X11 overlay: root reads cannot see this window's own pixels; save-unders will be served without readback confirmation
dbus-daemon[2635948]: [session uid=1000 pid=2635948 pidfd=4] Activating service name='org.freedesktop.systemd1' requested by ':1.4' (uid=1000 pid=2637197 comm="/usr/bin/dbus-broker-launch --config-file=/usr/sha")
dbus-daemon[2635948]: [session uid=1000 pid=2635948 pidfd=4] Activated service 'org.freedesktop.systemd1' failed: Process org.freedesktop.systemd1 exited with status 1
dbus-daemon[2635948]: [session uid=1000 pid=2635948 pidfd=4] Activating service name='org.freedesktop.systemd1' requested by ':1.4' (uid=1000 pid=2637197 comm="/usr/bin/dbus-broker-launch --config-file=/usr/sha")
dbus-daemon[2635948]: [session uid=1000 pid=2635948 pidfd=4] Activated service 'org.freedesktop.systemd1' failed: Process org.freedesktop.systemd1 exited with status 1
{"trial": "n3c0-04-G_off", "final": "value", "error": null, "load": "11.29"}
dbus-daemon[2635948]: [session uid=1000 pid=2635948 pidfd=4] Activating service name='org.freedesktop.systemd1' requested by ':1.4' (uid=1000 pid=2637197 comm="/usr/bin/dbus-broker-launch --config-file=/usr/sha")
dbus-daemon[2635948]: [session uid=1000 pid=2635948 pidfd=4] Activated service 'org.freedesktop.systemd1' failed: Process org.freedesktop.systemd1 exited with status 1
[2m2026-10-02T02:07:26.612978Z[0m [33m WARN[0m [2mcua_driver_sdk::runtime[0m[2m:[0m could not activate the persistent AT-SPI listener: AT-SPI connect failed: ZBus Error: MethodError(OwnedErrorName("org.freedesktop.DBus.Error.NameHasNoOwner"), Some("Could not activate remote peer 'org.a11y.atspi.Registry': unit failed"), Msg { type: Error, serial: 4294967295, sender: UniqueName("org.freedesktop.DBus"), reply-serial: 9, body: Str, fds: [] })
[2m2026-10-02T02:07:26.620801Z[0m [33m WARN[0m [2mplatform_linux::overlay[0m[2m:[0m X11 overlay: root reads cannot see this window's own pixels; save-unders will be served without readback confirmation
dbus-daemon[2635948]: [session uid=1000 pid=2635948 pidfd=4] Activating service name='org.freedesktop.systemd1' requested by ':1.4' (uid=1000 pid=2637197 comm="/usr/bin/dbus-broker-launch --config-file=/usr/sha")
dbus-daemon[2635948]: [session uid=1000 pid=2635948 pidfd=4] Activated service 'org.freedesktop.systemd1' failed: Process org.freedesktop.systemd1 exited with status 1
dbus-daemon[2635948]: [session uid=1000 pid=2635948 pidfd=4] Activating service name='org.freedesktop.systemd1' requested by ':1.4' (uid=1000 pid=2637197 comm="/usr/bin/dbus-broker-launch --config-file=/usr/sha")
dbus-daemon[2635948]: [session uid=1000 pid=2635948 pidfd=4] Activated service 'org.freedesktop.systemd1' failed: Process org.freedesktop.systemd1 exited with status 1
{"trial": "n3c0-05-API", "final": "value", "error": null, "load": "11.29"}
dbus-daemon[2635948]: [session uid=1000 pid=2635948 pidfd=4] Activating service name='org.freedesktop.systemd1' requested by ':1.4' (uid=1000 pid=2637197 comm="/usr/bin/dbus-broker-launch --config-file=/usr/sha")
dbus-daemon[2635948]: [session uid=1000 pid=2635948 pidfd=4] Activated service 'org.freedesktop.systemd1' failed: Process org.freedesktop.systemd1 exited with status 1
[2m2026-10-02T02:07:27.889871Z[0m [33m WARN[0m [2mcua_driver_sdk::runtime[0m[2m:[0m could not activate the persistent AT-SPI listener: AT-SPI connect failed: ZBus Error: MethodError(OwnedErrorName("org.freedesktop.DBus.Error.NameHasNoOwner"), Some("Could not activate remote peer 'org.a11y.atspi.Registry': unit failed"), Msg { type: Error, serial: 4294967295, sender: UniqueName("org.freedesktop.DBus"), reply-serial: 9, body: Str, fds: [] })
[2m2026-10-02T02:07:27.899592Z[0m [33m WARN[0m [2mplatform_linux::overlay[0m[2m:[0m X11 overlay: root reads cannot see this window's own pixels; save-unders will be served without readback confirmation
dbus-daemon[2635948]: [session uid=1000 pid=2635948 pidfd=4] Activating service name='org.freedesktop.systemd1' requested by ':1.4' (uid=1000 pid=2637197 comm="/usr/bin/dbus-broker-launch --config-file=/usr/sha")
dbus-daemon[2635948]: [session uid=1000 pid=2635948 pidfd=4] Activated service 'org.freedesktop.systemd1' failed: Process org.freedesktop.systemd1 exited with status 1
dbus-daemon[2635948]: [session uid=1000 pid=2635948 pidfd=4] Activating service name='org.freedesktop.systemd1' requested by ':1.4' (uid=1000 pid=2637197 comm="/usr/bin/dbus-broker-launch --config-file=/usr/sha")
dbus-daemon[2635948]: [session uid=1000 pid=2635948 pidfd=4] Activated service 'org.freedesktop.systemd1' failed: Process org.freedesktop.systemd1 exited with status 1
{"trial": "n3c0-06-G_off", "final": "value", "error": null, "load": "11.29"}
dbus-daemon[2635948]: [session uid=1000 pid=2635948 pidfd=4] Activating service name='org.freedesktop.systemd1' requested by ':1.4' (uid=1000 pid=2637197 comm="/usr/bin/dbus-broker-launch --config-file=/usr/sha")
dbus-daemon[2635948]: [session uid=1000 pid=2635948 pidfd=4] Activated service 'org.freedesktop.systemd1' failed: Process org.freedesktop.systemd1 exited with status 1
[2m2026-10-02T02:07:29.929446Z[0m [33m WARN[0m [2mcua_driver_sdk::runtime[0m[2m:[0m could not activate the persistent AT-SPI listener: AT-SPI connect failed: ZBus Error: MethodError(OwnedErrorName("org.freedesktop.DBus.Error.NameHasNoOwner"), Some("Could not activate remote peer 'org.a11y.atspi.Registry': unit failed"), Msg { type: Error, serial: 4294967295, sender: UniqueName("org.freedesktop.DBus"), reply-serial: 9, body: Str, fds: [] })
[2m2026-10-02T02:07:29.939965Z[0m [33m WARN[0m [2mplatform_linux::overlay[0m[2m:[0m X11 overlay: root reads cannot see this window's own pixels; save-unders will be served without readback confirmation
dbus-daemon[2635948]: [session uid=1000 pid=2635948 pidfd=4] Activating service name='org.freedesktop.systemd1' requested by ':1.4' (uid=1000 pid=2637197 comm="/usr/bin/dbus-broker-launch --config-file=/usr/sha")
dbus-daemon[2635948]: [session uid=1000 pid=2635948 pidfd=4] Activated service 'org.freedesktop.systemd1' failed: Process org.freedesktop.systemd1 exited with status 1
dbus-daemon[2635948]: [session uid=1000 pid=2635948 pidfd=4] Activating service name='org.freedesktop.systemd1' requested by ':1.4' (uid=1000 pid=2637197 comm="/usr/bin/dbus-broker-launch --config-file=/usr/sha")
dbus-daemon[2635948]: [session uid=1000 pid=2635948 pidfd=4] Activated service 'org.freedesktop.systemd1' failed: Process org.freedesktop.systemd1 exited with status 1
{"trial": "n3c0-07-API", "final": "value", "error": null, "load": "10.95"}
dbus-daemon[2635948]: [session uid=1000 pid=2635948 pidfd=4] Activating service name='org.freedesktop.systemd1' requested by ':1.4' (uid=1000 pid=2637197 comm="/usr/bin/dbus-broker-launch --config-file=/usr/sha")
dbus-daemon[2635948]: [session uid=1000 pid=2635948 pidfd=4] Activated service 'org.freedesktop.systemd1' failed: Process org.freedesktop.systemd1 exited with status 1
[2m2026-10-02T02:07:31.199797Z[0m [33m WARN[0m [2mcua_driver_sdk::runtime[0m[2m:[0m could not activate the persistent AT-SPI listener: AT-SPI connect failed: ZBus Error: MethodError(OwnedErrorName("org.freedesktop.DBus.Error.NameHasNoOwner"), Some("Could not activate remote peer 'org.a11y.atspi.Registry': unit failed"), Msg { type: Error, serial: 4294967295, sender: UniqueName("org.freedesktop.DBus"), reply-serial: 9, body: Str, fds: [] })
[2m2026-10-02T02:07:31.208168Z[0m [33m WARN[0m [2mplatform_linux::overlay[0m[2m:[0m X11 overlay: root reads cannot see this window's own pixels; save-unders will be served without readback confirmation
dbus-daemon[2635948]: [session uid=1000 pid=2635948 pidfd=4] Activating service name='org.freedesktop.systemd1' requested by ':1.4' (uid=1000 pid=2637197 comm="/usr/bin/dbus-broker-launch --config-file=/usr/sha")
dbus-daemon[2635948]: [session uid=1000 pid=2635948 pidfd=4] Activated service 'org.freedesktop.systemd1' failed: Process org.freedesktop.systemd1 exited with status 1
dbus-daemon[2635948]: [session uid=1000 pid=2635948 pidfd=4] Activating service name='org.freedesktop.systemd1' requested by ':1.4' (uid=1000 pid=2637197 comm="/usr/bin/dbus-broker-launch --config-file=/usr/sha")
dbus-daemon[2635948]: [session uid=1000 pid=2635948 pidfd=4] Activated service 'org.freedesktop.systemd1' failed: Process org.freedesktop.systemd1 exited with status 1
{"trial": "n3c0-08-G_off", "final": "value", "error": null, "load": "10.95"}
dbus-daemon[2635948]: [session uid=1000 pid=2635948 pidfd=4] Activating service name='org.freedesktop.systemd1' requested by ':1.4' (uid=1000 pid=2637197 comm="/usr/bin/dbus-broker-launch --config-file=/usr/sha")
dbus-daemon[2635948]: [session uid=1000 pid=2635948 pidfd=4] Activated service 'org.freedesktop.systemd1' failed: Process org.freedesktop.systemd1 exited with status 1
[2m2026-10-02T02:07:32.689306Z[0m [33m WARN[0m [2mcua_driver_sdk::runtime[0m[2m:[0m could not activate the persistent AT-SPI listener: AT-SPI connect failed: ZBus Error: MethodError(OwnedErrorName("org.freedesktop.DBus.Error.NameHasNoOwner"), Some("Could not activate remote peer 'org.a11y.atspi.Registry': unit failed"), Msg { type: Error, serial: 4294967295, sender: UniqueName("org.freedesktop.DBus"), reply-serial: 9, body: Str, fds: [] })
[2m2026-10-02T02:07:32.696597Z[0m [33m WARN[0m [2mplatform_linux::overlay[0m[2m:[0m X11 overlay: root reads cannot see this window's own pixels; save-unders will be served without readback confirmation
dbus-daemon[2635948]: [session uid=1000 pid=2635948 pidfd=4] Activating service name='org.freedesktop.systemd1' requested by ':1.4' (uid=1000 pid=2637197 comm="/usr/bin/dbus-broker-launch --config-file=/usr/sha")
dbus-daemon[2635948]: [session uid=1000 pid=2635948 pidfd=4] Activated service 'org.freedesktop.systemd1' failed: Process org.freedesktop.systemd1 exited with status 1
dbus-daemon[2635948]: [session uid=1000 pid=2635948 pidfd=4] Activating service name='org.freedesktop.systemd1' requested by ':1.4' (uid=1000 pid=2637197 comm="/usr/bin/dbus-broker-launch --config-file=/usr/sha")
dbus-daemon[2635948]: [session uid=1000 pid=2635948 pidfd=4] Activated service 'org.freedesktop.systemd1' failed: Process org.freedesktop.systemd1 exited with status 1
{"trial": "n3c0-09-API", "final": "value", "error": null, "load": "10.95"}
rc_run=0
X connection to :99 broken (explicit kill or server shutdown).
A connection to the bus can't be made
[session] exit rc=0 run_dir=<tmp>/x11-session.wlAzdD
