[session] DISPLAY=:99 openbox=2542802 picom=2542803 dbus=unix:path=<tmp>,guid=6f7340f21038126294b389816abf0f74
== r2-08 DISPLAY=:99 args=--phase pilot
== driver_version=cua-driver 0.32.0
== driver_sha256=8b03796185055cc40c1a9ef0b2b4bbe9595a3eefa4f9a3aa64f34e5ce1974cd3
== chrome_version=[1001/205710.807573:WARNING:chrome/app/chrome_main_linux.cc:84] Read channel stable from /opt/google/chrome/CHROME_VERSION_EXTRA
== loadavg=9.13 6.65 4.48 10/2214 2542885
Cua Driver sends content-free product telemetry by default. Run `cua-driver telemetry disable` to stop it; `cua-driver telemetry status` shows the current setting.
dbus-daemon[2542799]: [session uid=1000 pid=2542799 pidfd=4] Activating service name='org.a11y.Bus' requested by ':1.0' (uid=1000 pid=2542907 comm="<lanes>/bin/cua-driver-r2")
dbus-daemon[2542799]: [session uid=1000 pid=2542799 pidfd=4] Successfully activated service 'org.a11y.Bus'
dbus-daemon[2542799]: [session uid=1000 pid=2542799 pidfd=4] Activating service name='ca.desrt.dconf' requested by ':1.1' (uid=1000 pid=2542918 comm="/usr/lib/at-spi-bus-launcher")
dbus-daemon[2542799]: [session uid=1000 pid=2542799 pidfd=4] Successfully activated service 'ca.desrt.dconf'
dbus-daemon[2542799]: [session uid=1000 pid=2542799 pidfd=4] Activating service name='org.freedesktop.systemd1' requested by ':1.4' (uid=1000 pid=2542944 comm="/usr/bin/dbus-broker-launch --config-file=/usr/sha")
dbus-daemon[2542799]: [session uid=1000 pid=2542799 pidfd=4] Activated service 'org.freedesktop.systemd1' failed: Process org.freedesktop.systemd1 exited with status 1
[2m2026-10-02T01:57:12.143030Z[0m [33m WARN[0m [2mcua_driver_sdk::runtime[0m[2m:[0m could not activate the persistent AT-SPI listener: AT-SPI connect failed: ZBus Error: MethodError(OwnedErrorName("org.freedesktop.DBus.Error.NameHasNoOwner"), Some("Could not activate remote peer 'org.a11y.atspi.Registry': unit failed"), Msg { type: Error, serial: 4294967295, sender: UniqueName("org.freedesktop.DBus"), reply-serial: 10, body: Str, fds: [] })
[2m2026-10-02T01:57:12.156465Z[0m [33m WARN[0m [2mplatform_linux::overlay[0m[2m:[0m X11 overlay: root reads cannot see this window's own pixels; save-unders will be served without readback confirmation
dbus-daemon[2542799]: [session uid=1000 pid=2542799 pidfd=4] Activating service name='org.gtk.vfs.Daemon' requested by ':1.5' (uid=1000 pid=2542992 comm="/opt/google/chrome/chrome --remote-debugging-port=")
dbus-daemon[2542799]: [session uid=1000 pid=2542799 pidfd=4] Successfully activated service 'org.gtk.vfs.Daemon'
dbus-daemon[2542799]: [session uid=1000 pid=2542799 pidfd=4] Activating service name='org.freedesktop.systemd1' requested by ':1.4' (uid=1000 pid=2542944 comm="/usr/bin/dbus-broker-launch --config-file=/usr/sha")
dbus-daemon[2542799]: [session uid=1000 pid=2542799 pidfd=4] Activated service 'org.freedesktop.systemd1' failed: Process org.freedesktop.systemd1 exited with status 1
dbus-daemon[2542799]: [session uid=1000 pid=2542799 pidfd=4] Activating service name='org.freedesktop.systemd1' requested by ':1.4' (uid=1000 pid=2542944 comm="/usr/bin/dbus-broker-launch --config-file=/usr/sha")
dbus-daemon[2542799]: [session uid=1000 pid=2542799 pidfd=4] Activated service 'org.freedesktop.systemd1' failed: Process org.freedesktop.systemd1 exited with status 1
dbus-daemon[2542799]: [session uid=1000 pid=2542799 pidfd=4] Activating service name='org.freedesktop.Notifications' requested by ':1.8' (uid=1000 pid=2542992 comm="/opt/google/chrome/chrome --remote-debugging-port=")
dbus-daemon[2542799]: [session uid=1000 pid=2542799 pidfd=4] Activating service name='org.freedesktop.portal.Desktop' requested by ':1.8' (uid=1000 pid=2542992 comm="/opt/google/chrome/chrome --remote-debugging-port=")
dbus-daemon[2542799]: [session uid=1000 pid=2542799 pidfd=4] Successfully activated service 'org.freedesktop.Notifications'
dbus-daemon[2542799]: [session uid=1000 pid=2542799 pidfd=4] Activating service name='org.freedesktop.impl.portal.PermissionStore' requested by ':1.10' (uid=1000 pid=2543232 comm="/usr/lib/xdg-desktop-portal")
dbus-daemon[2542799]: [session uid=1000 pid=2542799 pidfd=4] Successfully activated service 'org.freedesktop.impl.portal.PermissionStore'
dbus-daemon[2542799]: [session uid=1000 pid=2542799 pidfd=4] Activating service name='org.freedesktop.portal.Documents' requested by ':1.10' (uid=1000 pid=2543232 comm="/usr/lib/xdg-desktop-portal")
dbus-daemon[2542799]: [session uid=1000 pid=2542799 pidfd=4] Successfully activated service 'org.freedesktop.portal.Documents'

(/usr/lib/xdg-desktop-portal:2543232): xdg-desktop-portal-WARNING **: 20:57:13.083: Choosing gtk.portal for org.freedesktop.impl.portal.Lockdown as a last-resort fallback
dbus-daemon[2542799]: [session uid=1000 pid=2542799 pidfd=4] Activating service name='org.freedesktop.impl.portal.desktop.gtk' requested by ':1.10' (uid=1000 pid=2543232 comm="/usr/lib/xdg-desktop-portal")
dbus-daemon[2542799]: [session uid=1000 pid=2542799 pidfd=4] Activating service name='org.freedesktop.systemd1' requested by ':1.4' (uid=1000 pid=2542944 comm="/usr/bin/dbus-broker-launch --config-file=/usr/sha")
dbus-daemon[2542799]: [session uid=1000 pid=2542799 pidfd=4] Activated service 'org.freedesktop.systemd1' failed: Process org.freedesktop.systemd1 exited with status 1
dbus-daemon[2542799]: 
** (xdg-desktop-portal-gtk:2543259): WARNING **: 20:57:13.111: AT-SPI: Could not obtain desktop path or name

[session uid=1000 pid=2542799 pidfd=4] Successfully activated service 'org.freedesktop.impl.portal.desktop.gtk'
dbus-daemon[2542799]: [session uid=1000 pid=2542799 pidfd=4] Activating service name='org.freedesktop.systemd1' requested by ':1.4' (uid=1000 pid=2542944 comm="/usr/bin/dbus-broker-launch --config-file=/usr/sha")

(/usr/lib/xdg-desktop-portal:2543232): xdg-desktop-portal-WARNING **: 20:57:13.112: Choosing gtk.portal for org.freedesktop.impl.portal.Access as a last-resort fallback
dbus-daemon[2542799]: [session uid=1000 pid=2542799 pidfd=4] Activated service 'org.freedesktop.systemd1' failed: Process org.freedesktop.systemd1 exited with status 1

** (xdg-desktop-portal-gtk:2543259): WARNING **: 20:57:13.112: atk-bridge: GetRegisteredEvents returned message with unknown signature

** (xdg-desktop-portal-gtk:2543259): WARNING **: 20:57:13.112: atk-bridge: get_device_events_reply: unknown signature

(/usr/lib/xdg-desktop-portal:2543232): xdg-desktop-portal-WARNING **: 20:57:13.124: Choosing gtk.portal for org.freedesktop.impl.portal.Settings as a last-resort fallback

(/usr/lib/xdg-desktop-portal:2543232): xdg-desktop-portal-WARNING **: 20:57:13.125: Choosing gtk.portal for org.freedesktop.impl.portal.FileChooser as a last-resort fallback

(/usr/lib/xdg-desktop-portal:2543232): xdg-desktop-portal-WARNING **: 20:57:13.125: Choosing gtk.portal for org.freedesktop.impl.portal.AppChooser as a last-resort fallback

(/usr/lib/xdg-desktop-portal:2543232): xdg-desktop-portal-WARNING **: 20:57:13.126: Choosing gtk.portal for org.freedesktop.impl.portal.Print as a last-resort fallback

(/usr/lib/xdg-desktop-portal:2543232): xdg-desktop-portal-WARNING **: 20:57:13.126: Choosing gtk.portal for org.freedesktop.impl.portal.Notification as a last-resort fallback

(/usr/lib/xdg-desktop-portal:2543232): xdg-desktop-portal-WARNING **: 20:57:13.126: Choosing gtk.portal for org.freedesktop.impl.portal.Inhibit as a last-resort fallback

(/usr/lib/xdg-desktop-portal:2543232): xdg-desktop-portal-WARNING **: 20:57:13.128: Failed to connect to PipeWire: Couldn't connect to PipeWire

(/usr/lib/xdg-desktop-portal:2543232): xdg-desktop-portal-WARNING **: 20:57:13.128: Choosing gtk.portal for org.freedesktop.impl.portal.Account as a last-resort fallback

(/usr/lib/xdg-desktop-portal:2543232): xdg-desktop-portal-WARNING **: 20:57:13.128: Choosing gtk.portal for org.freedesktop.impl.portal.Email as a last-resort fallback

(/usr/lib/xdg-desktop-portal:2543232): xdg-desktop-portal-WARNING **: 20:57:13.128: Choosing gtk.portal for org.freedesktop.impl.portal.DynamicLauncher as a last-resort fallback
dbus-daemon[2542799]: [session uid=1000 pid=2542799 pidfd=4] Successfully activated service 'org.freedesktop.portal.Desktop'
{"trial": "pilot-00-base-G_on", "final": "value", "error": null, "load": "9.13"}
dbus-daemon[2542799]: [session uid=1000 pid=2542799 pidfd=4] Activating service name='org.freedesktop.systemd1' requested by ':1.4' (uid=1000 pid=2542944 comm="/usr/bin/dbus-broker-launch --config-file=/usr/sha")
dbus-daemon[2542799]: [session uid=1000 pid=2542799 pidfd=4] Activated service 'org.freedesktop.systemd1' failed: Process org.freedesktop.systemd1 exited with status 1
[2m2026-10-02T01:57:17.250044Z[0m [33m WARN[0m [2mcua_driver_sdk::runtime[0m[2m:[0m could not activate the persistent AT-SPI listener: AT-SPI connect failed: ZBus Error: MethodError(OwnedErrorName("org.freedesktop.DBus.Error.NameHasNoOwner"), Some("Could not activate remote peer 'org.a11y.atspi.Registry': unit failed"), Msg { type: Error, serial: 4294967295, sender: UniqueName("org.freedesktop.DBus"), reply-serial: 9, body: Str, fds: [] })
[2m2026-10-02T01:57:17.259094Z[0m [33m WARN[0m [2mplatform_linux::overlay[0m[2m:[0m X11 overlay: root reads cannot see this window's own pixels; save-unders will be served without readback confirmation
dbus-daemon[2542799]: [session uid=1000 pid=2542799 pidfd=4] Activating service name='org.freedesktop.systemd1' requested by ':1.4' (uid=1000 pid=2542944 comm="/usr/bin/dbus-broker-launch --config-file=/usr/sha")
dbus-daemon[2542799]: [session uid=1000 pid=2542799 pidfd=4] Activated service 'org.freedesktop.systemd1' failed: Process org.freedesktop.systemd1 exited with status 1
dbus-daemon[2542799]: [session uid=1000 pid=2542799 pidfd=4] Activating service name='org.freedesktop.systemd1' requested by ':1.4' (uid=1000 pid=2542944 comm="/usr/bin/dbus-broker-launch --config-file=/usr/sha")
dbus-daemon[2542799]: [session uid=1000 pid=2542799 pidfd=4] Activated service 'org.freedesktop.systemd1' failed: Process org.freedesktop.systemd1 exited with status 1
{"trial": "pilot-01-base-G_off", "final": "value", "error": null, "load": "8.96"}
dbus-daemon[2542799]: [session uid=1000 pid=2542799 pidfd=4] Activating service name='org.freedesktop.systemd1' requested by ':1.4' (uid=1000 pid=2542944 comm="/usr/bin/dbus-broker-launch --config-file=/usr/sha")
dbus-daemon[2542799]: [session uid=1000 pid=2542799 pidfd=4] Activated service 'org.freedesktop.systemd1' failed: Process org.freedesktop.systemd1 exited with status 1
[2m2026-10-02T01:57:18.762651Z[0m [33m WARN[0m [2mcua_driver_sdk::runtime[0m[2m:[0m could not activate the persistent AT-SPI listener: AT-SPI connect failed: ZBus Error: MethodError(OwnedErrorName("org.freedesktop.DBus.Error.NameHasNoOwner"), Some("Could not activate remote peer 'org.a11y.atspi.Registry': unit failed"), Msg { type: Error, serial: 4294967295, sender: UniqueName("org.freedesktop.DBus"), reply-serial: 9, body: Str, fds: [] })
[2m2026-10-02T01:57:18.777307Z[0m [33m WARN[0m [2mplatform_linux::overlay[0m[2m:[0m X11 overlay: root reads cannot see this window's own pixels; save-unders will be served without readback confirmation
dbus-daemon[2542799]: [session uid=1000 pid=2542799 pidfd=4] Activating service name='org.freedesktop.systemd1' requested by ':1.4' (uid=1000 pid=2542944 comm="/usr/bin/dbus-broker-launch --config-file=/usr/sha")
dbus-daemon[2542799]: [session uid=1000 pid=2542799 pidfd=4] Activated service 'org.freedesktop.systemd1' failed: Process org.freedesktop.systemd1 exited with status 1
dbus-daemon[2542799]: [session uid=1000 pid=2542799 pidfd=4] Activating service name='org.freedesktop.systemd1' requested by ':1.4' (uid=1000 pid=2542944 comm="/usr/bin/dbus-broker-launch --config-file=/usr/sha")
dbus-daemon[2542799]: [session uid=1000 pid=2542799 pidfd=4] Activated service 'org.freedesktop.systemd1' failed: Process org.freedesktop.systemd1 exited with status 1
{"trial": "pilot-02-base-API", "final": "value", "error": null, "load": "8.48"}
dbus-daemon[2542799]: [session uid=1000 pid=2542799 pidfd=4] Activating service name='org.freedesktop.systemd1' requested by ':1.4' (uid=1000 pid=2542944 comm="/usr/bin/dbus-broker-launch --config-file=/usr/sha")
dbus-daemon[2542799]: [session uid=1000 pid=2542799 pidfd=4] Activated service 'org.freedesktop.systemd1' failed: Process org.freedesktop.systemd1 exited with status 1
[2m2026-10-02T01:57:20.218262Z[0m [33m WARN[0m [2mcua_driver_sdk::runtime[0m[2m:[0m could not activate the persistent AT-SPI listener: AT-SPI connect failed: ZBus Error: MethodError(OwnedErrorName("org.freedesktop.DBus.Error.NameHasNoOwner"), Some("Could not activate remote peer 'org.a11y.atspi.Registry': unit failed"), Msg { type: Error, serial: 4294967295, sender: UniqueName("org.freedesktop.DBus"), reply-serial: 9, body: Str, fds: [] })
[2m2026-10-02T01:57:20.241476Z[0m [33m WARN[0m [2mplatform_linux::overlay[0m[2m:[0m X11 overlay: root reads cannot see this window's own pixels; save-unders will be served without readback confirmation
dbus-daemon[2542799]: [session uid=1000 pid=2542799 pidfd=4] Activating service name='org.freedesktop.systemd1' requested by ':1.4' (uid=1000 pid=2542944 comm="/usr/bin/dbus-broker-launch --config-file=/usr/sha")
dbus-daemon[2542799]: [session uid=1000 pid=2542799 pidfd=4] Activated service 'org.freedesktop.systemd1' failed: Process org.freedesktop.systemd1 exited with status 1
dbus-daemon[2542799]: [session uid=1000 pid=2542799 pidfd=4] Activating service name='org.freedesktop.systemd1' requested by ':1.4' (uid=1000 pid=2542944 comm="/usr/bin/dbus-broker-launch --config-file=/usr/sha")
dbus-daemon[2542799]: [session uid=1000 pid=2542799 pidfd=4] Activated service 'org.freedesktop.systemd1' failed: Process org.freedesktop.systemd1 exited with status 1
{"trial": "pilot-03-n1-G_off", "final": "value", "error": null, "load": "8.48"}
dbus-daemon[2542799]: [session uid=1000 pid=2542799 pidfd=4] Activating service name='org.freedesktop.systemd1' requested by ':1.4' (uid=1000 pid=2542944 comm="/usr/bin/dbus-broker-launch --config-file=/usr/sha")
dbus-daemon[2542799]: [session uid=1000 pid=2542799 pidfd=4] Activated service 'org.freedesktop.systemd1' failed: Process org.freedesktop.systemd1 exited with status 1
[2m2026-10-02T01:57:22.058032Z[0m [33m WARN[0m [2mcua_driver_sdk::runtime[0m[2m:[0m could not activate the persistent AT-SPI listener: AT-SPI connect failed: ZBus Error: MethodError(OwnedErrorName("org.freedesktop.DBus.Error.NameHasNoOwner"), Some("Could not activate remote peer 'org.a11y.atspi.Registry': unit failed"), Msg { type: Error, serial: 4294967295, sender: UniqueName("org.freedesktop.DBus"), reply-serial: 9, body: Str, fds: [] })
[2m2026-10-02T01:57:22.078867Z[0m [33m WARN[0m [2mplatform_linux::overlay[0m[2m:[0m X11 overlay: root reads cannot see this window's own pixels; save-unders will be served without readback confirmation
dbus-daemon[2542799]: [session uid=1000 pid=2542799 pidfd=4] Activating service name='org.freedesktop.systemd1' requested by ':1.4' (uid=1000 pid=2542944 comm="/usr/bin/dbus-broker-launch --config-file=/usr/sha")
dbus-daemon[2542799]: [session uid=1000 pid=2542799 pidfd=4] Activated service 'org.freedesktop.systemd1' failed: Process org.freedesktop.systemd1 exited with status 1
dbus-daemon[2542799]: [session uid=1000 pid=2542799 pidfd=4] Activating service name='org.freedesktop.systemd1' requested by ':1.4' (uid=1000 pid=2542944 comm="/usr/bin/dbus-broker-launch --config-file=/usr/sha")
dbus-daemon[2542799]: [session uid=1000 pid=2542799 pidfd=4] Activated service 'org.freedesktop.systemd1' failed: Process org.freedesktop.systemd1 exited with status 1
{"trial": "pilot-04-n1-API", "final": "none", "error": null, "load": "8.48"}
dbus-daemon[2542799]: [session uid=1000 pid=2542799 pidfd=4] Activating service name='org.freedesktop.systemd1' requested by ':1.4' (uid=1000 pid=2542944 comm="/usr/bin/dbus-broker-launch --config-file=/usr/sha")
dbus-daemon[2542799]: [session uid=1000 pid=2542799 pidfd=4] Activated service 'org.freedesktop.systemd1' failed: Process org.freedesktop.systemd1 exited with status 1
[2m2026-10-02T01:57:25.736566Z[0m [33m WARN[0m [2mcua_driver_sdk::runtime[0m[2m:[0m could not activate the persistent AT-SPI listener: AT-SPI connect failed: ZBus Error: MethodError(OwnedErrorName("org.freedesktop.DBus.Error.NameHasNoOwner"), Some("Could not activate remote peer 'org.a11y.atspi.Registry': unit failed"), Msg { type: Error, serial: 4294967295, sender: UniqueName("org.freedesktop.DBus"), reply-serial: 9, body: Str, fds: [] })
[2m2026-10-02T01:57:25.759742Z[0m [33m WARN[0m [2mplatform_linux::overlay[0m[2m:[0m X11 overlay: root reads cannot see this window's own pixels; save-unders will be served without readback confirmation
dbus-daemon[2542799]: [session uid=1000 pid=2542799 pidfd=4] Activating service name='org.freedesktop.systemd1' requested by ':1.4' (uid=1000 pid=2542944 comm="/usr/bin/dbus-broker-launch --config-file=/usr/sha")
dbus-daemon[2542799]: [session uid=1000 pid=2542799 pidfd=4] Activated service 'org.freedesktop.systemd1' failed: Process org.freedesktop.systemd1 exited with status 1
dbus-daemon[2542799]: [session uid=1000 pid=2542799 pidfd=4] Activating service name='org.freedesktop.systemd1' requested by ':1.4' (uid=1000 pid=2542944 comm="/usr/bin/dbus-broker-launch --config-file=/usr/sha")
dbus-daemon[2542799]: [session uid=1000 pid=2542799 pidfd=4] Activated service 'org.freedesktop.systemd1' failed: Process org.freedesktop.systemd1 exited with status 1
{"trial": "pilot-05-n2-G_off", "final": "none", "error": null, "load": "8.84"}
dbus-daemon[2542799]: [session uid=1000 pid=2542799 pidfd=4] Activating service name='org.freedesktop.systemd1' requested by ':1.4' (uid=1000 pid=2542944 comm="/usr/bin/dbus-broker-launch --config-file=/usr/sha")
dbus-daemon[2542799]: [session uid=1000 pid=2542799 pidfd=4] Activated service 'org.freedesktop.systemd1' failed: Process org.freedesktop.systemd1 exited with status 1
[2m2026-10-02T01:57:29.626014Z[0m [33m WARN[0m [2mcua_driver_sdk::runtime[0m[2m:[0m could not activate the persistent AT-SPI listener: AT-SPI connect failed: ZBus Error: MethodError(OwnedErrorName("org.freedesktop.DBus.Error.NameHasNoOwner"), Some("Could not activate remote peer 'org.a11y.atspi.Registry': unit failed"), Msg { type: Error, serial: 4294967295, sender: UniqueName("org.freedesktop.DBus"), reply-serial: 9, body: Str, fds: [] })
[2m2026-10-02T01:57:29.648273Z[0m [33m WARN[0m [2mplatform_linux::overlay[0m[2m:[0m X11 overlay: root reads cannot see this window's own pixels; save-unders will be served without readback confirmation
dbus-daemon[2542799]: [session uid=1000 pid=2542799 pidfd=4] Activating service name='org.freedesktop.systemd1' requested by ':1.4' (uid=1000 pid=2542944 comm="/usr/bin/dbus-broker-launch --config-file=/usr/sha")
dbus-daemon[2542799]: [session uid=1000 pid=2542799 pidfd=4] Activated service 'org.freedesktop.systemd1' failed: Process org.freedesktop.systemd1 exited with status 1
dbus-daemon[2542799]: [session uid=1000 pid=2542799 pidfd=4] Activating service name='org.freedesktop.systemd1' requested by ':1.4' (uid=1000 pid=2542944 comm="/usr/bin/dbus-broker-launch --config-file=/usr/sha")
dbus-daemon[2542799]: [session uid=1000 pid=2542799 pidfd=4] Activated service 'org.freedesktop.systemd1' failed: Process org.freedesktop.systemd1 exited with status 1
{"trial": "pilot-06-n2-API", "final": "value", "error": null, "load": "9.18"}
dbus-daemon[2542799]: [session uid=1000 pid=2542799 pidfd=4] Activating service name='org.freedesktop.systemd1' requested by ':1.4' (uid=1000 pid=2542944 comm="/usr/bin/dbus-broker-launch --config-file=/usr/sha")
dbus-daemon[2542799]: [session uid=1000 pid=2542799 pidfd=4] Activated service 'org.freedesktop.systemd1' failed: Process org.freedesktop.systemd1 exited with status 1
[2m2026-10-02T01:57:31.083709Z[0m [33m WARN[0m [2mcua_driver_sdk::runtime[0m[2m:[0m could not activate the persistent AT-SPI listener: AT-SPI connect failed: ZBus Error: MethodError(OwnedErrorName("org.freedesktop.DBus.Error.NameHasNoOwner"), Some("Could not activate remote peer 'org.a11y.atspi.Registry': unit failed"), Msg { type: Error, serial: 4294967295, sender: UniqueName("org.freedesktop.DBus"), reply-serial: 9, body: Str, fds: [] })
[2m2026-10-02T01:57:31.092825Z[0m [33m WARN[0m [2mplatform_linux::overlay[0m[2m:[0m X11 overlay: root reads cannot see this window's own pixels; save-unders will be served without readback confirmation
dbus-daemon[2542799]: [session uid=1000 pid=2542799 pidfd=4] Activating service name='org.freedesktop.systemd1' requested by ':1.4' (uid=1000 pid=2542944 comm="/usr/bin/dbus-broker-launch --config-file=/usr/sha")
dbus-daemon[2542799]: [session uid=1000 pid=2542799 pidfd=4] Activated service 'org.freedesktop.systemd1' failed: Process org.freedesktop.systemd1 exited with status 1
dbus-daemon[2542799]: [session uid=1000 pid=2542799 pidfd=4] Activating service name='org.freedesktop.systemd1' requested by ':1.4' (uid=1000 pid=2542944 comm="/usr/bin/dbus-broker-launch --config-file=/usr/sha")
dbus-daemon[2542799]: [session uid=1000 pid=2542799 pidfd=4] Activated service 'org.freedesktop.systemd1' failed: Process org.freedesktop.systemd1 exited with status 1
{"trial": "pilot-07-n3-G_off", "final": "value", "error": null, "load": "9.18"}
dbus-daemon[2542799]: [session uid=1000 pid=2542799 pidfd=4] Activating service name='org.freedesktop.systemd1' requested by ':1.4' (uid=1000 pid=2542944 comm="/usr/bin/dbus-broker-launch --config-file=/usr/sha")
dbus-daemon[2542799]: [session uid=1000 pid=2542799 pidfd=4] Activated service 'org.freedesktop.systemd1' failed: Process org.freedesktop.systemd1 exited with status 1
[2m2026-10-02T01:57:32.605755Z[0m [33m WARN[0m [2mcua_driver_sdk::runtime[0m[2m:[0m could not activate the persistent AT-SPI listener: AT-SPI connect failed: ZBus Error: MethodError(OwnedErrorName("org.freedesktop.DBus.Error.NameHasNoOwner"), Some("Could not activate remote peer 'org.a11y.atspi.Registry': unit failed"), Msg { type: Error, serial: 4294967295, sender: UniqueName("org.freedesktop.DBus"), reply-serial: 9, body: Str, fds: [] })
[2m2026-10-02T01:57:32.615903Z[0m [33m WARN[0m [2mplatform_linux::overlay[0m[2m:[0m X11 overlay: root reads cannot see this window's own pixels; save-unders will be served without readback confirmation
dbus-daemon[2542799]: [session uid=1000 pid=2542799 pidfd=4] Activating service name='org.freedesktop.systemd1' requested by ':1.4' (uid=1000 pid=2542944 comm="/usr/bin/dbus-broker-launch --config-file=/usr/sha")
dbus-daemon[2542799]: [session uid=1000 pid=2542799 pidfd=4] Activated service 'org.freedesktop.systemd1' failed: Process org.freedesktop.systemd1 exited with status 1
dbus-daemon[2542799]: [session uid=1000 pid=2542799 pidfd=4] Activating service name='org.freedesktop.systemd1' requested by ':1.4' (uid=1000 pid=2542944 comm="/usr/bin/dbus-broker-launch --config-file=/usr/sha")
dbus-daemon[2542799]: [session uid=1000 pid=2542799 pidfd=4] Activated service 'org.freedesktop.systemd1' failed: Process org.freedesktop.systemd1 exited with status 1
{"trial": "pilot-08-n3-API", "final": "value", "error": null, "load": "9.18"}
dbus-daemon[2542799]: [session uid=1000 pid=2542799 pidfd=4] Activating service name='org.freedesktop.systemd1' requested by ':1.4' (uid=1000 pid=2542944 comm="/usr/bin/dbus-broker-launch --config-file=/usr/sha")
dbus-daemon[2542799]: [session uid=1000 pid=2542799 pidfd=4] Activated service 'org.freedesktop.systemd1' failed: Process org.freedesktop.systemd1 exited with status 1
[2m2026-10-02T01:57:33.925108Z[0m [33m WARN[0m [2mcua_driver_sdk::runtime[0m[2m:[0m could not activate the persistent AT-SPI listener: AT-SPI connect failed: ZBus Error: MethodError(OwnedErrorName("org.freedesktop.DBus.Error.NameHasNoOwner"), Some("Could not activate remote peer 'org.a11y.atspi.Registry': unit failed"), Msg { type: Error, serial: 4294967295, sender: UniqueName("org.freedesktop.DBus"), reply-serial: 9, body: Str, fds: [] })
[2m2026-10-02T01:57:33.934323Z[0m [33m WARN[0m [2mplatform_linux::overlay[0m[2m:[0m X11 overlay: root reads cannot see this window's own pixels; save-unders will be served without readback confirmation
dbus-daemon[2542799]: [session uid=1000 pid=2542799 pidfd=4] Activating service name='org.freedesktop.systemd1' requested by ':1.4' (uid=1000 pid=2542944 comm="/usr/bin/dbus-broker-launch --config-file=/usr/sha")
dbus-daemon[2542799]: [session uid=1000 pid=2542799 pidfd=4] Activated service 'org.freedesktop.systemd1' failed: Process org.freedesktop.systemd1 exited with status 1
dbus-daemon[2542799]: [session uid=1000 pid=2542799 pidfd=4] Activating service name='org.freedesktop.systemd1' requested by ':1.4' (uid=1000 pid=2542944 comm="/usr/bin/dbus-broker-launch --config-file=/usr/sha")
dbus-daemon[2542799]: [session uid=1000 pid=2542799 pidfd=4] Activated service 'org.freedesktop.systemd1' failed: Process org.freedesktop.systemd1 exited with status 1
{"trial": "pilot-09-n2-G_off", "final": "value", "error": null, "load": "9.00"}
rc_run=0
A connection to the bus can't be made
CRITICAL: [dbus_cb_name_lost:1438] Cannot connect to DBus.
[session] exit rc=0 run_dir=<tmp>/x11-session.1Ih5Hm
