dbus-daemon[1018208]: [session uid=1000 pid=1018208 pidfd=5] Activating service name='org.freedesktop.systemd1' requested by ':1.1' (uid=1000 pid=1018217 comm="/usr/bin/dbus-broker-launch --config-file=/usr/sha")
dbus-daemon[1018208]: [session uid=1000 pid=1018208 pidfd=5] Activated service 'org.freedesktop.systemd1' failed: Process org.freedesktop.systemd1 exited with status 1
[session] DISPLAY=:101 openbox=1018348 picom=1018349 dbus=unix:path=<session-bus-socket>,guid=f5cd0e0b7798cc39981bab1e6ac0b026
phase=green-a761f1f1f head=a761f1f1f8850951a446b423c36d2dcce1e18611 tracked_diff_lines=0 rustc=rustc 1.97.1 (8bab26f4f 2026-07-14)
crates/platform-linux/src/input/focus_guard.rs sha256=e4169dd240076c10292a12a626a4ae963bc523c9
crates/platform-linux/src/atspi/native.rs sha256=982db3c72e6bab307f79ab3ab6482a293dda030b
crates/platform-linux/src/atspi/snapshot.rs sha256=c3f06cfb2b90c7595b83cce8fe977edf54c15eeb
crates/cua-driver-core/src/snapshot_store.rs sha256=b30a5573d7324f558c50a56f73588cf10977ca07
### cargo test -p platform-linux --lib -- --exact input::focus_guard::tests::a_steal_during_a_read_stalled_past_the_watch_is_seen input::focus_guard::tests::a_quiet_watch_ends_on_a_read_after_its_deadline_without_an_extra_read
   Compiling static_assertions v1.1.0
test input::focus_guard::tests::a_quiet_watch_ends_on_a_read_after_its_deadline_without_an_extra_read ... ok
test input::focus_guard::tests::a_steal_during_a_read_stalled_past_the_watch_is_seen ... ok
test result: ok. 2 passed; 0 failed; 0 ignored; 0 measured; 612 filtered out; finished in 0.30s
rc=0
### cargo test -p platform-linux --lib -- input::focus_guard
test input::focus_guard::grab_tests::restore_and_settle_budgets_bound_the_guard_under_1500ms ... ok
test input::focus_guard::tests::capture_without_display_degrades_to_none ... ok
test input::focus_guard::tests::quiet_report_is_silent ... ok
test input::focus_guard::tests::report_json_and_summary_name_what_moved ... ok
test input::focus_guard::grab_tests::a_popup_grab_is_reported_instead_of_a_failed_restore ... ok
test input::focus_guard::tests::mapped_but_unfocused_own_window_is_mentioned_without_a_focus_outcome ... ok
test input::focus_guard::tests::same_app_dialog_is_reported_not_restored ... ok
test input::focus_guard::tests::a_closed_focus_holder_is_window_closed_evidence_not_a_failed_restore ... ok
test input::focus_guard::tests::same_app_rule_only_when_the_target_owned_the_focus_before_and_after ... ok
test input::focus_guard::tests::a_quiet_watch_ends_on_a_read_after_its_deadline_without_an_extra_read ... ok
test input::focus_guard::tests::a_steal_during_a_read_stalled_past_the_watch_is_seen ... ok
test result: ok. 11 passed; 0 failed; 0 ignored; 0 measured; 603 filtered out; finished in 0.30s
rc=0
### cargo test -p platform-linux --lib -- atspi::native::link_tests atspi::snapshot
test atspi::snapshot::tests::duplicate_and_unindexed_nodes_do_not_create_members ... ok
test atspi::snapshot::tests::snapshot_hit_test_prefers_smallest_real_actuator_and_keeps_refs ... ok
test atspi::snapshot::tests::unproven_identity_is_discovery_only ... ok
test atspi::snapshot::tests::empty_linux_snapshot_has_no_element_zero ... ok
test atspi::snapshot::tests::reordered_live_index_cannot_retarget_an_observed_control ... ok
test atspi::snapshot::tests::sparse_application_indices_are_members_not_dense_offsets_or_native_keys ... ok
test atspi::snapshot::tests::replacement_retires_old_linux_membership ... ok
test result: ok. 7 passed; 0 failed; 0 ignored; 0 measured; 607 filtered out; finished in 0.00s
rc=0
### cargo test -p platform-linux --lib
test a11y::tests::cinnamon_safety_wins_in_composite_desktop_names ... ok
test a11y::tests::legacy_disable_wins_over_explicit_mode ... ok
test a11y::tests::non_gnome_default_preserves_chromium_compatibility ... ok
test at_point_policy::tests::application_frames_and_windows_are_never_click_targets ... ok
test at_point_policy::tests::controls_and_documents_remain_click_targets ... ok
test at_point_policy::tests::nul_separated_chromium_helper_is_detected ... ok
test a11y::tests::cosmic_default_does_not_claim_a_screen_reader ... ok
test a11y::tests::cinnamon_default_leaves_accessibility_status_untouched ... ok
test atspi::budget_tests::truncated_walk_carries_reason_and_pending_count_through_query_projection ... ok
test at_point_policy::tests::setproctitle_rewritten_chrome_helper_is_detected ... ok
test a11y::tests::gnome_default_does_not_claim_a_screen_reader ... ok
test atspi::budget_tests::complete_walk_reports_no_truncation_and_counts_nodes ... ok
test atspi::native::at_point_coords_tests::gtk_frame_equals_client_so_nothing_changes ... ok
test atspi::native::at_point_coords_tests::only_vcl_measures_from_the_wm_frame ... ok
test atspi::native::at_point_coords_tests::vcl_title_bar_inset_is_added ... ok
test atspi::native::at_point_rules_tests::cell_roles_take_a_real_press ... ok
test at_point_policy::tests::unrelated_processes_are_not_chromium_helpers ... ok
test atspi::native::at_point_rules_tests::hit_description_names_what_was_fired ... ok
test a11y::tests::explicit_mode_overrides_desktop_default ... ok
test atspi::native::at_point_rules_tests::container_activation_never_bubbles ... ok
test atspi::native::at_point_rules_tests::real_actuators_still_fire_from_any_depth ... ok
test atspi::native::at_point_coords_tests::unknown_or_implausible_origins_leave_the_point ... ok
test atspi::native::at_point_rules_tests::selectable_item_roles ... ok
test atspi::native::at_point_rules_tests::top_level_frame_default_action_is_never_a_pixel_click ... ok
test atspi::native::budget_tests::focus_log_tracks_latest_focused_object_per_bus_and_clears_on_blur ... ok
test atspi::native::coord_tests::a_button_activates_on_its_click_action ... ok
test atspi::native::coord_tests::a_text_view_action_list_has_no_activation_index ... ok
test atspi::native::coord_tests::childless_exact_pid_application_remains_the_fallback ... ok
test atspi::native::coord_tests::chromium_action_names_stay_activatable ... ok
test atspi::native::coord_tests::chromium_window_extents_do_not_double_count_document_origin ... ok
test atspi::native::coord_tests::chromium_checkbox_verbs_are_role_gated ... ok
test atspi::native::coord_tests::click_target_edges_exclusive_and_misses_return_none ... ok
test atspi::native::coord_tests::click_target_falls_back_to_label_when_no_actuator_covers ... ok
test atspi::native::coord_tests::click_target_prefers_button_over_its_inner_label ... ok
test atspi::native::coord_tests::component_role_fallback_rejects_unverified_or_passive_nodes ... ok
test atspi::native::coord_tests::compositor_origin_wins_over_stale_accessibility_observation ... ok
test atspi::native::coord_tests::click_target_smallest_active_over_enclosing_panel ... ok
test atspi::native::coord_tests::duplicate_pid_prefers_populated_application_after_empty_registration ... ok
test atspi::native::coord_tests::enabled_component_backed_buttons_are_pixel_addressable ... ok
test atspi::native::coord_tests::frame_extents_absent_or_short_is_none ... ok
test atspi::native::coord_tests::frame_extents_maps_left_and_top_not_right_or_bottom ... ok
test atspi::native::coord_tests::gtk4_namespaced_editing_actions_are_not_activations ... ok
test atspi::native::coord_tests::gtk_state_sets_establish_operability_from_enabled_or_sensitive ... ok
test atspi::native::coord_tests::hidden_and_disabled_controls_are_not_indexed_but_are_named ... ok
test atspi::native::coord_tests::hyprland_document_infers_csd_without_double_counting ... ok
test atspi::native::coord_tests::hyprland_document_rejects_invalid_or_partial_dimensions ... ok
test atspi::native::coord_tests::hyprland_document_requires_full_address_and_pid ... ok
test atspi::native::coord_tests::hyprland_document_selection_requires_its_own_web_process_bus ... ok
test atspi::native::coord_tests::multiple_populated_exact_pid_applications_are_ambiguous ... ok
test atspi::native::coord_tests::operable_nodes_are_addressable ... ok
test atspi::native::coord_tests::passive_roles_classified ... ok
test atspi::native::coord_tests::plain_activation_names_are_recognised ... ok
test atspi::native::coord_tests::point_hit_combines_negative_renderer_origin_and_web_process_inset ... ok
test atspi::native::coord_tests::point_hit_projection_rejects_unrealized_extents_before_offsets ... ok
test atspi::native::coord_tests::renderer_window_offset_only_rebases_negative_frame_origins ... ok
test atspi::native::coord_tests::screen_extents_are_rebased_from_accessible_frame_to_x11_origin ... ok
test atspi::native::coord_tests::scoped_bounds_keep_application_indices_and_original_target_nodes ... ok
test atspi::native::coord_tests::wayland_compositor_and_document_offsets_are_additive ... ok
test atspi::native::coord_tests::one_absolute_deadline_spans_traversal_and_bounds ... ok
test atspi::native::coord_tests::webkit_web_process_bus_marks_roleless_document_subtrees ... ok
test atspi::native::editable_text_value_tests::editable_text_reports_its_content_as_value ... ok
test atspi::native::editable_text_value_tests::empty_or_non_editable_text_has_no_value ... ok
test atspi::native::editable_text_value_tests::value_interface_wins ... ok
test atspi::native::frame_correlation_tests::a_sole_candidate_still_has_to_be_close_enough ... ok
test atspi::native::frame_correlation_tests::ignores_frames_without_usable_extents ... ok
test atspi::native::frame_correlation_tests::picks_the_frame_matching_the_named_window_among_siblings ... ok
test atspi::native::frame_correlation_tests::refuses_when_no_frame_is_close_enough ... ok
test atspi::native::frame_correlation_tests::refuses_when_the_application_publishes_no_frame_extents ... ok
test atspi::native::frame_correlation_tests::refuses_when_two_frames_are_equally_plausible ... ok
test atspi::native::frame_correlation_tests::tolerates_decoration_offsets ... ok
test atspi::native::hit_test::tests::owner_description_names_role_and_name ... ok
test atspi::native::hit_test::tests::no_display_is_unknown_not_an_error ... ok
test atspi::native::hit_test::tests::row_containers_are_the_table_like_roles ... ok
test atspi::native::hyprland_frame_tests::binds_unique_chromium_profile_title ... ok
test atspi::native::hyprland_frame_tests::preserves_exact_non_chromium_matching ... ok
test atspi::native::hyprland_frame_tests::rejects_ambiguous_native_and_accessibility_candidates ... ok
test atspi::native::hyprland_frame_tests::rejects_generic_prefixes_unknown_roots_and_wrong_sizes ... ok
test atspi::native::page_scroll_tests::directional_motion_requires_consecutive_stable_samples ... ok
test atspi::native::listener_startup_tests::healthy_listener_initialization_completes_before_readiness_returns ... ok
test atspi::budget_tests::x11_fallback_is_never_truncated_or_trusted ... ok
test atspi::native::listener_startup_tests::unreachable_listener_initialization_returns_its_error ... ok
test atspi::native::page_scroll_tests::asynchronous_page_ack_waits_for_movement_and_stability ... ok
test atspi::native::page_scroll_tests::relative_geometry_rejects_unrealized_and_window_motion ... ok
test atspi::native::screen_extents_tests::rejects_sentinels_and_off_screen_answers ... ok
test atspi::native::screen_extents_tests::trusts_plausible_on_screen_extents ... ok
test atspi::native::stacking_z_index_tests::frames_take_the_stacking_position_of_the_same_pid_and_title ... ok
test atspi::native::walk_bounds_tests::degenerate_window_origin_is_rejected ... ok
test atspi::native::walk_bounds_tests::off_screen_bounds_are_rejected ... ok
test atspi::native::page_scroll_tests::probes_are_bounded_descendants_in_preorder ... ok
test atspi::native::walk_bounds_tests::real_bounds_pass_through ... ok
test atspi::snapshot::tests::duplicate_and_unindexed_nodes_do_not_create_members ... ok
test atspi::native::page_scroll_tests::overall_timeout_retains_progress ... ok
test atspi::native::page_scroll_tests::missing_or_stalled_probe_stops_after_first_ack ... ok
test atspi::native::page_scroll_tests::failed_or_timed_out_attempts_never_become_fallback ... ok
test atspi::snapshot::tests::empty_linux_snapshot_has_no_element_zero ... ok
test atspi::snapshot::tests::snapshot_hit_test_prefers_smallest_real_actuator_and_keeps_refs ... ok
test atspi::snapshot::tests::reordered_live_index_cannot_retarget_an_observed_control ... ok
test atspi::snapshot::tests::unproven_identity_is_discovery_only ... ok
test browser_consent_ui::tests::exact_button_center_requires_nonempty_bounds ... ok
test atspi::snapshot::tests::replacement_retires_old_linux_membership ... ok
test atspi::snapshot::tests::sparse_application_indices_are_members_not_dense_offsets_or_native_keys ... ok
test browser_consent_ui::tests::matcher_ignores_a_spoofed_prompt_inside_web_content ... ok
test browser_consent_ui::tests::matcher_collapses_duplicate_atspi_paths_for_one_physical_button ... ok
test browser_platform::tests::classifier_covers_embedded_and_standalone_chromium ... ok
test browser_consent_ui::tests::matcher_refuses_ambiguous_allow_actions ... ok
test browser_consent_ui::tests::matcher_requires_exact_security_prompt_and_unique_allow_action ... ok
test browser_platform::tests::hyprland_browser_cardinality_requires_one_exact_owned_surface ... ok
test browser_platform::tests::hyprland_browser_identity_requires_exact_pid_and_full_native_address ... ok
test browser_platform::tests::browser_visual_feedback_updates_the_declared_session_cursor ... ok
test browser_platform::tests::isolated_browser_candidates_use_only_root_managed_payloads ... ok
test browser_platform::tests::proc_net_parser_returns_only_loopback_listeners ... ok
test browser_platform::tests::product_classification_uses_executable_identity_not_page_arguments ... ok
test browser_platform::tests::process_family_contains_only_transitive_descendants ... ok
test browser_setup_ui::tests::fully_applied_setup_url_is_accepted ... ok
test browser_platform::tests::inactive_tab_feedback_materializes_but_does_not_move_its_cursor ... ok
test browser_setup_ui::tests::partially_applied_setup_url_is_not_accepted ... ok
test browser_setup_ui::tests::omnibox_selection_is_exact_or_refused ... ok
test browser_setup_ui::tests::checkbox_requires_exact_url_heading_and_unique_action ... ok
test browser_setup_ui::tests::setup_timeout_explains_linux_renderer_accessibility_precondition ... ok
test capture::tests::available_gnome_helper_failure_is_terminal_at_public_boundary ... ok
test capture::tests::capture_cascade_preserves_every_backend_error ... ok
test capture::tests::live_directcolor_capture_tracks_window_colormap ... ignored, requires a live X11 server with DirectColor and MIT-SHM 1.2
test capture::tests::live_xshm_matches_xgetimage_across_resize_reconnect_and_repetition ... ignored, requires two live X11 servers with MIT-SHM 1.2
test capture::tests::empty_fast_paths_fall_through_to_imagemagick ... ok
test capture::tests::pixel_catalog_uses_server_bpp_padding_and_rejects_bad_masks ... ok
test capture::tests::wayland_disabled_uses_x11_capture ... ok
test capture::tests::xid_narrowing_rejects_values_above_x11_range ... ok
test browser_platform::tests::user_owned_writable_candidate_is_not_a_trusted_installation ... ok
test capture::tests::xshm_capture_retry_failure_yields_uninit_not_unsupported ... ok
test capture::tests::xshm_different_display_unsupported_is_immediately_probeable ... ok
test capture::tests::directcolor_decoder_uses_independent_rgb565_indices ... ok
test capture::tests::xshm_mapping_failure_detaches_created_segment ... ok
test capture::tests::xshm_same_display_unsupported_becomes_uninit_after_retry_deadline ... ok
test capture::tests::xshm_same_display_unsupported_becomes_uninit_at_retry_deadline ... ok
test capture::tests::xshm_same_display_unsupported_blocked_before_retry_deadline ... ok
test capture::tests::xshm_success_short_circuits_other_linux_capture_backends ... ok
test capture::tests::zpixmap_decoder_honors_big_endian_rgb565_masks ... ok
test capture::tests::zpixmap_decoder_honors_little_endian_24bpp_stride_and_masks ... ok
test capture_action_frame::tests::desktop_publication_uses_the_post_normalization_bytes ... ok
test capture_action_frame::tests::another_session_cannot_admit_or_consume_a_capture ... ok
test clipboard::tests::native_clipboard_round_trips_text_on_x11 ... ignored, requires an X11 display (run under xvfb-run)
test clipboard::tests::construction_does_not_start_native_clipboard ... ok
test capture_action_frame::tests::downsized_desktop_capture_maps_back_to_the_action_frame ... ok
test clipboard::tests::rejects_relative_local_paths_before_clipboard_access ... ok
test capture_action_frame::tests::live_resize_refuses_before_dispatch_without_consuming_capture ... ok
test display_detection_tests::plain_linux_is_not_wsl ... ok
test display_detection_tests::wsl1_osrelease_microsoft_tag_detected ... ok
test display_detection_tests::wsl2_osrelease_microsoft_tag_detected ... ok
test capture_action_frame::tests::retired_session_capture_is_stale ... ok
test display_detection_tests::wsl_env_var_short_circuits ... ok
test capture_action_frame::tests::window_publication_digests_the_exact_returned_png ... ok
test health_report::tests::wayland_backend_passes_on_non_wlroots_when_portal_libei_backend_is_reachable ... ok
test capture_action_frame::tests::window_transform_preserves_each_rounded_axis ... ok
test capture_action_frame::tests::target_mismatch_does_not_consume_but_successful_admission_does ... ok
test history::tests::secret_service_key_lifecycle_is_isolated_corruptible_and_destroyable ... ignored, mutates uniquely named Secret Service items; run in native release qualification
test history::tests::inaccessible_store_maps_to_locked_without_fallback ... ok
test history::tests::secret_service_namespace_is_strict_and_separated ... ok
test history::tests::wayland_title_fallback_is_not_stored_as_application_identity ... ok
test health_report::tests::wayland_backend_fails_closed_when_portal_input_cannot_target_a_window ... ok
test atspi::native::coord_tests::bounded_blocking_returns_none_immediately_once_budget_is_exhausted ... ok
test input::delivery::tests::delivery_mode_schema_advertises_two_modes ... ok
test input::focus_guard::grab_tests::restore_and_settle_budgets_bound_the_guard_under_1500ms ... ok
test input::focus_guard::grab_tests::a_popup_grab_is_reported_instead_of_a_failed_restore ... ok
test health_report::tests::wayland_backend_fails_on_non_wlroots_when_portal_libei_backend_is_unreachable ... ok
test browser_platform::tests::existing_profile_cleanup_can_drive_atspi_runtime_from_async_session_teardown ... ok
test input::focus_guard::tests::a_closed_focus_holder_is_window_closed_evidence_not_a_failed_restore ... ok
test input::focus_guard::tests::capture_without_display_degrades_to_none ... ok
test input::focus_guard::tests::mapped_but_unfocused_own_window_is_mentioned_without_a_focus_outcome ... ok
test input::focus_guard::tests::quiet_report_is_silent ... ok
test input::focus_guard::tests::report_json_and_summary_name_what_moved ... ok
test input::focus_guard::tests::same_app_rule_only_when_the_target_owned_the_focus_before_and_after ... ok
test input::focus_guard::tests::same_app_dialog_is_reported_not_restored ... ok
test input::foreground::tests::error_code_recognises_prefixes ... ok
test input::foreground::tests::deadline_returns_value_when_work_finishes ... ok
test input::foreground::tests::focus_holder_names_the_owner ... ok
test input::foreground::tests::keyboard_budget_exceeds_pointer_budget ... ok
test input::foreground::tests::options_carry_the_caller_resolved_pid ... ok
test input::foreground::tests::report_json_shape ... ok
test input::foreground::tests::settled_focus_returns_without_waiting ... ok
test input::foreground::tests::unattributed_popup_change_is_not_owned ... ok
test input::foreground::tests::window_change_bounds_default_to_the_linux_deadline ... ok
test input::foreground::tests::window_change_diff_names_appeared_and_closed ... ok
test input::foreground::tests::unavailable_display_is_structured ... ok
test input::foreground::tests::wm_windows_share_the_wm_check_client_base ... ok
test input::interactive::tests::a_session_needs_a_target ... ok
test input::interactive::tests::modifiers_map_to_x_names ... ok
test input::key_name_alias_tests::common_key_name_aliases_resolve_to_the_expected_keysym ... ok
test input::mpx_keyboard::tests::characters_resolve_to_latin1_unicode_or_named_keysyms ... ok
test input::mpx_keyboard::tests::chord_plan_adds_shift_only_when_the_key_is_shifted_and_shift_not_held ... ok
test input::mpx_keyboard::tests::chord_plan_nests_modifiers_around_the_key_in_physical_order ... ok
test input::mpx_keyboard::tests::report_json_names_the_route ... ok
test input::mpx_keyboard::tests::text_plan_taps_keys_and_wraps_shifted_glyphs_in_shift ... ok
test input::mpx_keyboard::tests::text_plan_with_fallback_preserves_original_character_order ... ok
test input::mpx_keyboard::tests::text_plan_without_a_shift_keycode_types_the_unshifted_level ... ok
test input::mpx_keyboard::tests::text_plan_with_fallback_reports_characters_the_remap_also_misses ... ok
test input::mpx_keyboard::tests::x_keycodes_map_to_evdev_by_subtracting_eight ... ok
test input::mpx_owner::tests::dead_owner_and_reused_pid_are_stale ... ok
test input::mpx_owner::tests::live_peer_and_unverifiable_metadata_are_preserved ... ok
test input::mpx_keyboard::tests::slave_keyboard_name_fits_the_uinput_limit_for_versioned_masters ... ok
test input::path_tests::click_modifier_state_combines_canonical_names_and_aliases ... ok
test input::interactive::tests::background_display_regions_are_refused ... ok
test input::mpx_owner::tests::ownership_roundtrip_is_bounded_even_at_integer_limits ... ok
test input::path_tests::cumulative_lengths_and_total ... ok
test input::mpx_owner::tests::actual_current_process_is_not_stale ... ok
test input::path_tests::degenerate_path_returns_last_point ... ok
test input::path_tests::fraction_is_clamped_and_endpoints_exact ... ok
test input::path_tests::idle_reaper_selects_only_sessions_past_the_ttl ... ok
test input::path_tests::kde_x11_sessions_disable_uinput_pointer_hotplug ... ok
test input::path_tests::multi_segment_follows_arc_length ... ok
test input::path_tests::invalid_expression_errors ... ok
test input::path_tests::real_uinput_accepts_normalized_overlong_multibyte_name ... ignored, requires a writable /dev/uinput device
test input::path_tests::real_pointer_capabilities_require_uinput_access ... ok
test input::path_tests::non_finite_points_are_dropped ... ok
test input::path_tests::sample_linear_function ... ok
test input::path_tests::straight_segment_interpolates_by_fraction ... ok
test input::path_tests::sample_affine_and_trig ... ok
test input::path_tests::synthetic_click_keeps_release_on_press_recipient ... ok
test input::path_tests::synthetic_click_preserves_recipient_local_coordinates_and_event_fallback ... ok
test input::path_tests::synthetic_click_uses_deepest_common_target_for_both_events ... ok
test input::path_tests::uinput_creation_error_is_stably_typed ... ok
test input::path_tests::uinput_name_normalization_covers_byte_boundaries_and_multibyte_text ... ok
test input::targeted::tests::buttons_map_to_x_core_buttons ... ok
test input::path_tests::slave_pointer_name_fits_evdev_uinput_limit ... ok
test input::targeted::tests::modifier_names_map_to_modifier_keysyms ... ok
test input::targeted::tests::named_keys_resolve_to_expected_keysyms ... ok
test input::targeted::tests::protocol_key_names_map_to_x_names ... ok
test input::targeted::tests::single_character_keys_fall_back_to_char_keysym ... ok
test installed_apps::tests::desktop_file_id_flat ... ok
test installed_apps::tests::desktop_file_id_nested_disambiguates ... ok
test installed_apps::tests::desktop_file_id_returns_empty_outside_root ... ok
test installed_apps::tests::owns_window_class_by_startup_wm_class_id_or_launcher ... ok
test installed_apps::tests::strips_field_codes ... ok
test overlay::shell_helper_surface_tests::only_the_drawing_session_ending_hides_the_shell_helper_cursor ... ok
test installed_apps::tests::skips_nodisplay_entry ... ok
test installed_apps::tests::parses_minimal_entry ... ok
test input::targeted::tests::toolkits_that_drop_synthetic_events_are_recognised ... ok
test overlay::tests::a_clearing_paint_vacates_the_frame_it_replaces_without_dropping_it ... ok
test input::path_tests::uinput_creation_panic_is_contained_and_daemon_worker_remains_usable ... ok
test overlay::tests::a_frame_is_vacated_when_it_is_superseded_not_when_it_was_painted ... ok
test overlay::tests::a_long_vacated_frame_stops_being_consulted_without_waiting_for_a_prune ... ok
test overlay::tests::a_repainted_pixel_is_read_live_even_inside_the_painted_rect ... ok
test overlay::tests::a_resync_blanks_once_and_suppresses_painting_for_the_grace ... ok
test overlay::tests::a_save_under_keeps_only_the_painted_bounding_box ... ok
test overlay::tests::a_transient_backdrop_failure_defers_frames_before_latching_compositing_off ... ok
test overlay::tests::a_client_that_never_answers_expose_still_gets_a_clean_backdrop ... ok
test overlay::tests::active_frame_wake_does_not_consume_queued_command ... ok
test overlay::tests::a_backdrop_that_changed_while_uncovered_is_picked_up_again ... ok
test overlay::tests::backdrop_compositing_is_disabled_under_a_compositor ... ok
test overlay::tests::badge_expansion_reads_the_new_side_strips_from_the_root ... ok
test input::foreground::tests::zero_window_change_timeout_reports_no_change ... ok
test overlay::tests::a_moving_cursor_never_composites_over_its_own_previous_frame ... ok
test overlay::tests::composited_tile_blends_translucent_pixels_over_the_backdrop ... ok
test overlay::tests::composited_tile_keeps_the_bloom_the_cutoff_path_drops ... ok
test overlay::tests::composited_tile_rejects_a_mismatched_backdrop ... ok
test overlay::tests::composited_tile_shape_matches_the_compositing_path ... ok
test overlay::tests::compositorless_shape_drops_bloom_and_unpremultiplies_visible_pixels ... ok
test overlay::tests::cropping_a_tile_buffer_keeps_row_order ... ok
test history::tests::current_process_identity_is_resolvable_without_titles_or_paths ... ok
test atspi::native::listener_startup_tests::stalled_listener_is_bounded_and_keeps_initializing_in_background ... ok
test input::foreground::tests::deadline_returns_none_when_work_hangs ... ok
test overlay::tests::expired_maintenance_deadline_times_out_immediately ... ok
test overlay::tests::failed_x11_enqueue_is_reported_without_waiting ... ok
test input::path_tests::mpx_op_guard_is_mutually_exclusive ... ok
test overlay::tests::hidden_cursor_deadline_wakes_to_service_x11_events ... ok
test overlay::tests::hidden_heartbeat_does_not_request_z_order_reassertion ... ok
test overlay::tests::human_origin_sessions_draw_no_agent_cursor ... ok
test overlay::tests::idle_deadline_is_anchored_to_the_state_tick ... ok
test input::foreground::tests::focus_parked_on_the_window_manager_is_waited_out ... ok
test overlay::tests::idle_wait_reports_disconnected_sender ... ok
test overlay::tests::idle_wait_wakes_for_command ... ok
test overlay::tests::invalidate_drops_every_saved_backdrop ... ok
test overlay::tests::maintenance_tick_advances_the_full_elapsed_interval ... ok
test overlay::tests::idle_heartbeat_starts_fade_then_frames_return_to_quiescence ... ok
test overlay::tests::click_pulse_drained_after_maintenance_timeout_starts_at_zero_dt ... ok
test overlay::tests::command_drained_after_maintenance_timeout_starts_at_zero_dt ... ok
test overlay::tests::commands_for_one_cursor_do_not_starve_another_cursors_idle_deadline ... ok
test overlay::tests::active_frame_replacement_does_not_return_stale_arrival ... ok
test overlay::tests::disabling_settled_cursor_clears_once_then_parks ... ok
test overlay::tests::completed_move_parks_during_opaque_idle_delay ... ok
test overlay::tests::moving_cursor_reads_only_newly_exposed_pixels_from_the_root ... ok
test overlay::tests::overlay_badmatch_remains_fatal ... ok
test overlay::tests::overlay_badwindow_remains_fatal ... ok
test overlay::tests::pruning_keeps_the_frame_that_is_still_on_screen ... ok
test overlay::tests::randr_display_changes_request_geometry_refresh ... ok
test overlay::tests::readback_comparison_ignores_the_unused_fourth_byte ... ok
test overlay::tests::resolving_fails_when_a_painted_pixel_has_no_saved_backdrop ... ok
test overlay::tests::retained_frames_are_capped ... ok
test overlay::tests::saved_backdrop_serves_pixels_the_overlay_painted_last_frame ... ok
test overlay::tests::sentinel_default_cursor_does_not_require_frame_ticks ... ok
test overlay::tests::slow_backdrop_reads_latch_compositing_off ... ok
test overlay::tests::session_removal_releases_that_arrival_waiter ... ok
test overlay::tests::stale_z_order_sibling_badwindow_is_recoverable ... ok
test overlay::tests::successful_x11_enqueue_is_reported ... ok
test overlay::tests::teardown_disconnects_before_releasing_registration ... ok
test overlay::tests::untrusted_readback_serves_the_save_under_on_mismatch ... ok
test overlay::tests::visible_shape_contains_only_nontransparent_runs ... ok
test overlay::tests::wayland_arrival_wait_is_bounded_above_the_glide ... ok
test overlay::tests::wayland_display_does_not_start_legacy_x11_overlay ... ok
test overlay::tests::x11_desktop_capture_hides_the_resting_overlay_and_restores_it ... ignored, requires a live X11 server (run under xvfb-run)
test overlay::tests::wayland_overlay_backend_is_selected_once_with_legacy_fallback ... ok
test overlay::tests::x11_overlay_input_shape_stays_empty_and_clicks_pass_through_after_resize ... ignored, requires a live X11 server (run under xvfb-run)
test overlay::tests::x11_overlay_owner_stays_click_through_across_cursor_lifecycle_and_randr ... ignored, requires a live X11 server with XTEST, Shape, and RandR (run under xvfb-run or XWayland)
test overlay::tests::x11_event_poll_precedes_slower_visible_cursor_z_order_tick ... ok
test overlay::tests::x11_server_error_is_fatal ... ok
test overlay::tests::z_order_sibling_badmatch_is_recoverable ... ok
test overlay_capture::tests::hold_answers_reach_only_the_current_request ... ok
test overlay_capture::tests::a_repainted_pixel_is_kept ... ok
test overlay_capture::tests::leftover_overlay_pixels_are_replaced_with_the_recorded_desktop ... ok
test overlay_capture::tests::hold_wait_wakes_when_the_owner_answers_from_another_thread ... ok
test overlay_capture::tests::malformed_inputs_change_nothing ... ok
test overlay_capture::tests::patches_are_clipped_to_the_screen ... ok
test overlay_capture::tests::the_newest_painting_patch_decides_and_unpainted_pixels_fall_through ... ok
test pointer_shape::tests::live_x11_hit_test_system_shape_and_probe ... ignored, needs a throwaway X display with fixtures; set CUA_POINTER_SHAPE_LIVE=1
test pip::tests::start_reports_unsupported ... ok
test pointer_shape_map::tests::a_label_inside_a_button_is_the_hand ... ok
test pointer_shape_map::tests::busy_anywhere_is_progress ... ok
test pointer_shape_map::tests::clickable_roles_are_the_hand ... ok
test pointer_shape_map::tests::distant_ancestors_do_not_decide ... ok
test pointer_shape_map::tests::empty_names_are_unknown_and_strange_names_the_arrow ... ok
test pointer_shape_map::tests::inert_roles_decide_nothing ... ok
test pointer_shape_map::tests::text_roles_are_ibeam ... ok
test overlay::tests::unreported_arrival_releases_the_waiter_after_the_cap ... ok
test pointer_shape_map::tests::the_deepest_decisive_node_wins ... ok
test pointer_shape_map::tests::xcursor_names_cover_the_vocabulary ... ok
test proc_fs::tests::exit_observation_tells_the_same_live_instance_from_its_end ... ok
test proc_fs::tests::process_states_fail_closed ... ok
test overlay::tests::resting_cursor_wait_times_out_for_maintenance ... ok
test proc_fs::tests::process_start_time_handles_spaces_in_comm ... ok
test recording_hooks::tests::hyprland_marker_does_not_invent_an_offscreen_point ... ok
test recording_hooks::tests::hyprland_marker_uses_retained_output_coordinates ... ok
test recording_hooks::tests::hyprland_pixel_marker_keeps_fractional_output_coordinates ... ok
test session_bus::tests::dbus_address_absent_or_empty_is_none ... ok
test session_bus::tests::matches_session_leaders_with_comm_truncation ... ok
test session_bus::tests::parses_dbus_address_from_environ_blob ... ok
test snapshot_queries::tests::raw_extent_acceptance_is_unchanged_before_coordinate_offsets ... ok
test snapshot_queries::tests::expired_deadline_does_not_poll_any_query ... ok
test terminal::tests::known_terminal_process_names_match ... ok
test snapshot_queries::tests::concurrency_is_bounded_and_queued_work_is_not_started_after_deadline ... ok
test snapshot_queries::tests::caller_cancellation_drops_every_borrowed_query ... ok
test terminal::tests::rejects_non_terminal_process_names ... ok
test terminal::tests::wm_class_matches_documented_terminals ... ok
test snapshot_queries::tests::preserves_original_indices_despite_out_of_order_completion_and_omissions ... ok
test terminal::tests::wm_class_rejects_browsers_and_editors ... ok
test snapshot_queries::tests::retains_completed_values_when_sibling_queries_stall ... ok
test tools::impl_::background_budget_tests::desktop_window_lines_expose_pid_and_window_id ... ok
test tools::impl_::atspi_scroll_outcomes_preserve_uncertainty_and_acknowledged_count ... ok
test tools::impl_::background_budget_tests::synthetic_pointer_drop_detection_covers_gtk_vcl_and_qt ... ok
test tools::impl_::background_keyboard_route_tests::focus_taking_roles_need_a_real_click ... ok
test tools::impl_::background_keyboard_route_tests::key_combos_split_into_modifiers_and_key ... ok
test tools::impl_::background_keyboard_route_tests::wm_chords_are_recognised ... ok
test tools::impl_::click_button_schema_tests::chromium_background_requires_focus_free_inject_mode ... ok
test tools::impl_::click_button_schema_tests::gtk_process_maps_are_detected_without_matching_unrelated_libraries ... ok
test tools::impl_::cancelled_overlay_drag_releases_visual_press_without_native_commands ... ok
test tools::impl_::coordinate_click_keeps_wayland_background_refusal_ahead_of_screenshot_context ... ok
test tools::impl_::coordinate_drag_keeps_wayland_background_refusal_ahead_of_screenshot_context ... ok
test tools::impl_::completed_overlay_drag_balances_visual_press_once ... ok
test tools::impl_::cursor_hook_emission_tests::pointer_actions_reach_the_cursor_hook ... ok
test tools::impl_::click_button_schema_tests::schema_advertises_button_enum_and_description ... ok
test tools::impl_::desktop_capture_frame_tests::capture_refusal_exposes_specific_code_and_refused_effect ... ok
test tools::impl_::coordinate_less_mouse_button_up_survives_snapshot_replacement ... ok
test tools::impl_::experimental_dispatch_does_not_claim_application_success ... ok
test tools::impl_::experimental_pending_grant_is_an_error_with_operator_context ... ok
test tools::impl_::failed_session_end_release_remains_retryable_and_bounded ... ok
test tools::impl_::foreground_ax_click_error_does_not_claim_delivery_or_request_replay ... ok
test tools::impl_::foreground_hyprland_chords_preserve_all_modifiers ... ok
test tools::impl_::get_window_state_actions_tests::element_entry_filters_blank_action_names ... ok
test tools::impl_::foreground_hyprland_reports_foreground_and_preserves_partial_progress ... ok
test tools::impl_::get_window_state_actions_tests::element_entry_omits_actions_when_empty ... ok
test tools::impl_::coordinate_scroll_keeps_wayland_background_refusal_ahead_of_screenshot_context ... ok
test tools::impl_::hyprland_foreground_semantic_click_preserves_pointer_gestures ... ok
test tools::impl_::isolated_hyprland_refused_partial_and_unknown_outcomes_stay_distinct ... ok
test tools::impl_::isolated_worker_retains_lifecycle_until_native_work_exits ... ok
test tools::impl_::launch_app_tests::matches_desktop_file_id_and_exec_basename ... ok
test tools::impl_::launch_app_tests::matches_exact_display_name_case_insensitively ... ok
test tools::impl_::launch_app_tests::matches_unambiguous_display_name_substring ... ok
test tools::impl_::launch_app_tests::refuses_ambiguous_substring_and_unknown_names ... ok
test tools::impl_::launch_resolution_tests::a_handoff_timeout_is_a_refusal_not_a_null_pid_success ... ok
test tools::impl_::launch_resolution_tests::a_missing_process_counts_as_exited ... ok
test tools::impl_::launch_resolution_tests::launch_queries_match_window_classes ... ok
test tools::impl_::list_windows_tests::chromium_launch_detection_uses_executable_basename ... ok
test tools::impl_::list_windows_tests::record_has_bounds_and_flat_legacy_fields ... ok
test tools::impl_::list_windows_tests::unavailable_wayland_order_serializes_as_null ... ok
test tools::impl_::megapixel_cap_tests::a_shot_within_the_threshold_is_left_alone ... ok
test tools::impl_::megapixel_cap_tests::a_window_shot_above_the_api_threshold_is_capped_below_it ... ok
test tools::impl_::persistent_wayland_pointer_coordinates_include_window_origin ... ok
test tools::impl_::pid_window_resolver_tests::pid_only_resolver_orders_focus_then_dialog_then_active_then_largest ... ok
test tools::impl_::pid_window_resolver_tests::pid_only_resolver_skips_unmapped_dialogs ... ok
test tools::impl_::pid_window_resolver_tests::point_resolver_ignores_windows_without_a_stacking_position_when_one_has_it ... ok
test tools::impl_::pid_window_resolver_tests::point_resolver_prefers_the_topmost_window_by_stacking_position ... ok
test tools::impl_::isolated_background_routes_do_not_reprobe_availability_before_primary_fallback ... ok
test tools::impl_::pointer_argument_tests::complete_point_passes ... ok
test tools::impl_::pointer_argument_tests::foreground_report_becomes_evidence ... ok
test tools::impl_::pointer_argument_tests::pid_only_pointer_call_is_refused_not_clicked_at_origin ... ok
test tools::impl_::press_key_tests::enter_key_gate_accepts_the_documented_enter_spelling ... ok
test tools::impl_::press_key_tests::enter_key_gate_accepts_the_documented_return_spelling ... ok
test tools::impl_::pid_window_target_tests::same_pid_sibling_windows_are_ambiguous ... ok
test tools::impl_::press_key_tests::enter_key_gate_rejects_non_enter_keys ... ok
test tools::impl_::press_key_tests::modifiers_are_promoted_to_a_chord_in_order ... ok
test tools::impl_::press_key_tests::unmodified_press_stays_on_the_single_key_route ... ok
test tools::impl_::session_cursor_target_tests::real_pointer_control_requires_explicit_desktop_scope ... ok
test tools::impl_::session_end_releases_only_its_hold_before_discarding_state ... ok
test tools::impl_::session_cursor_target_tests::pointer_position_survives_an_unavailable_overlay ... ok
test tools::impl_::set_value_tests::a_file_chooser_keeping_the_basename_counts_as_committed ... ok
test tools::impl_::set_value_tests::readback_agreement_is_numeric_aware ... ok
test tools::impl_::set_value_tests::set_value_result_is_verified_only_on_matching_readback ... ok
test tools::impl_::type_text_routes_isolated_background_before_generic_wayland_refusal ... ok
test tools::impl_::uinput_failure_has_a_stable_structured_code ... ok
test tools::impl_::visibility_tests::a_combo_popup_returns_the_rows_of_the_list_that_fills_it ... ok
test tools::impl_::visibility_tests::a_cross_process_dialog_names_its_real_owning_pid_in_the_follow_up ... ok
test tools::impl_::visibility_tests::a_frameless_popup_returns_only_the_menu_entries_drawn_inside_it ... ok
test tools::impl_::visibility_tests::a_list_popup_without_an_indexed_container_keeps_its_item_rows_only ... ok
test tools::impl_::visibility_tests::framed_elements_lead_and_keep_their_relative_order ... ok
test tools::impl_::visibility_tests::menu_roles_take_the_real_press ... ok
test tools::impl_::visibility_tests::overlays_name_the_follow_up_call_per_dialog_and_popup ... ok
test tools::impl_::window_capture_dimension_tests::schema_exposes_zero_as_native_resolution ... ok
test wayland::ext_toplevel::tests::id_registry_is_stable_and_bijective ... ok
test wayland::ext_toplevel::tests::id_registry_skips_collisions_and_reports_exhaustion ... ok
test wayland::ext_toplevel::tests::merge_does_not_guess_ambiguous_app_ids ... ok
test wayland::ext_toplevel::tests::merge_pairs_repeated_exact_titles_one_to_one ... ok
test wayland::ext_toplevel::tests::merge_recovers_metadata_and_preserves_unmatched_records ... ok
test wayland::hyprland::tests::accessibility_correlation_rejects_duplicate_compositor_titles ... ok
test wayland::hyprland::tests::display_identity_publishes_the_logical_frame_and_scale ... ok
test wayland::hyprland::tests::display_identity_rejects_ambiguous_outputs_and_unsupported_frames ... ok
test wayland::hyprland::tests::display_identity_rejects_empty_oversized_and_missing_geometry ... ok
test wayland::hyprland::tests::display_identity_reports_the_logical_frame_of_rotated_outputs ... ok
test wayland::hyprland::tests::exact_identity_never_falls_back_to_sibling_or_other_pid ... ok
test proc_fs::tests::real_zombie_is_not_live_and_disappears_after_reaping ... ok
test input::foreground::tests::focus_left_on_the_window_manager_is_unknown_at_the_deadline ... ok
test wayland::hyprland::tests::logical_resize_is_bounded_before_allocation ... ok
test wayland::hyprland::tests::malformed_truncated_and_oversized_observations_are_not_retried ... ok
test wayland::hyprland::tests::null_and_duplicate_client_addresses_still_fail ... ok
test tools::impl_::launch_app_tests::launched_children_are_reaped_instead_of_lingering_as_zombies ... ok
test wayland::hyprland::tests::observation_connection_and_attestation_errors_are_not_retried ... ok
test wayland::hyprland::tests::healthy_slow_observation_is_not_retried ... ok
test tools::impl_::type_text_readback_tests::typed_text_is_confirmed_only_when_read_back ... ok
test wayland::hyprland::tests::observation_timeout_classifier_is_closed ... ok
test wayland::hyprland::tests::observation_never_writes_after_connect_consumes_total_deadline ... ok
test wayland::hyprland::tests::off_workspace_target_is_capturable_but_hidden_target_refuses ... ok
test wayland::hyprland::tests::scaled_desktop_frame_and_virtual_pointer_extent_agree ... ok
test wayland::hyprland::tests::observation_retry_must_pass_fresh_attestation ... ok
test wayland::hyprland::tests::observation_attempt_cap_applies_with_a_generous_total_budget ... ok
test wayland::hyprland::tests::truncated_handle_collision_refuses_even_across_pids ... ok
test wayland::hyprland::tests::unrepresentable_client_does_not_hide_valid_siblings ... ok
test wayland::hyprland_capture::tests::frame_to_rgba8_swaps_bgr_and_forces_alpha ... ok
test wayland::hyprland_capture::tests::invalid_buffer_sizes_and_formats_refuse_before_allocation ... ok
test wayland::hyprland_capture::tests::pack_rows_drops_stride_padding ... ok
test wayland::hyprland_capture::tests::pack_rows_unflips_y_invert ... ok
test wayland::hyprland_capture::tests::toplevel_handle_truncates_to_low_32_bits ... ok
test wayland::hyprland_compatibility::tests::alpm_identity_requires_exact_package_and_version_fields ... ok
test wayland::hyprland_compatibility::tests::nonexistent_process_cannot_be_qualified ... ok
test wayland::hyprland::tests::stalled_ipc_reply_is_bounded ... ok
test overlay::tests::cursor_tiles_clip_at_screen_edges_and_skip_hidden_cursors ... ok
test overlay::tests::geometry_shrink_reclips_cursor_tiles ... ok
test overlay::tests::active_cursor_rendering_is_bounded_by_tile_not_root_size ... ok
test wayland::hyprland_input::tests::background_action_still_requires_live_compositor_attestation ... ok
test wayland::hyprland_input::tests::canceled_invocation_cannot_send_on_a_ready_socket ... ok
test wayland::hyprland_input::tests::cancelled_dispatch_before_send_is_an_exact_refusal ... ok
test wayland::hyprland_input::tests::cancelled_foreground_target_sends_no_input ... ok
test wayland::hyprland_input::tests::click_is_exact_and_maps_right_button ... ok
test wayland::hyprland_input::tests::closed_idle_peers_do_not_exhaust_local_lanes ... ok
test wayland::hyprland_input::tests::failed_call_attestation_discards_reused_slot_without_sending_packets ... ok
test wayland::hyprland_input::tests::failed_initial_attestation_sends_no_handshake_or_action ... ok
test wayland::hyprland_input::tests::failed_owners_do_not_exhaust_local_lanes ... ok
test wayland::hyprland_input::tests::failed_reconnect_reclaims_only_the_empty_owner ... ok
test wayland::hyprland_input::tests::foreground_action_cannot_acknowledge_background_delivery ... ok
test wayland::hyprland_input::tests::foreground_drag_refusal_preserves_started_phase_and_foreground_count ... ok
test wayland::hyprland_input::tests::foreground_handshake_records_capability_and_exact_claim ... ok
test wayland::hyprland_input::tests::foreground_partial_unknown_keeps_only_proven_acknowledgements ... ok
test wayland::hyprland_input::tests::foreground_requires_advertisement_and_production_without_sending_target ... ok
test wayland::hyprland_input::tests::foreground_target_checks_route_and_never_retries_background ... ok
test overlay::tests::distant_cursors_use_independent_small_tiles ... ok
test overlay::tests::modifier_only_badge_expands_the_local_cursor_tile ... ok
test wayland::hyprland::tests::timed_out_observation_uses_fresh_connection_and_discards_partial_bytes ... ok
test wayland::hyprland::tests::input_and_unknown_json_commands_are_never_retried ... ok
test overlay::tests::session_badge_expands_only_the_local_cursor_tile ... ok
test wayland::hyprland_input::tests::foreground_unknown_code_does_not_change_background_refusals ... ok
test wayland::hyprland_input::tests::hotkey_and_scroll_are_bounded_complete_packets ... ok
test wayland::hyprland_input::tests::aborted_acknowledged_drag_disconnects_only_its_own_lane_without_replay ... ok
test wayland::hyprland_input::tests::independent_claimants_use_compositor_reservations_and_disconnect_reuses_lane ... ok
test wayland::hyprland_input::tests::independent_lifecycles_have_bounded_serialization_slots_and_cleanup ... ok
test wayland::hyprland_input::tests::hyprland_text_is_bounded_and_fully_prevalidated ... ok
test wayland::hyprland_input::tests::interrupted_drag_preserves_acknowledged_progress_and_never_replays ... ok
test wayland::hyprland_input::tests::live_idle_peers_with_pending_packets_keep_their_lanes ... ok
test wayland::hyprland_input::tests::malformed_responses_and_tokens_refuse ... ok
test wayland::hyprland_input::tests::missing_initial_action_reply_cannot_claim_acknowledged_progress ... ok
test wayland::hyprland_input::tests::oversized_seqpacket_reply_refuses_without_truncation ... ok
test wayland::hyprland_input::tests::peer_closure_probe_is_nonblocking_and_does_not_consume_packets ... ok
test wayland::hyprland_input::tests::peer_write_shutdown_is_conclusive_even_with_a_pending_empty_packet ... ok
test wayland::hyprland_input::tests::pending_refusal_keeps_seqpacket_connection_usable ... ok
test atspi::native::budget_tests::per_call_timeout_clamps_to_operation_deadline ... ok
test wayland::hyprland_input::tests::pending_same_owner_callers_keep_their_serialization_slot ... ok
test wayland::hyprland_input::tests::malformed_or_unexpected_handshake_never_tries_another_lane ... ok
test wayland::hyprland_input::tests::production_entry_never_retries_an_uncertain_dispatch ... ok
test wayland::hyprland_input::tests::production_entry_retries_only_the_canonical_stale_geometry_refusal ... ok
test wayland::hyprland_input::tests::production_handshake_has_no_signer_and_claims_exact_lane ... ok
test wayland::hyprland_input::tests::production_refuses_experiment_and_unexpected_signer_without_claiming ... ok
test wayland::hyprland_input::tests::production_targets_bind_one_exact_operation_and_use_distinct_endpoints ... ok
test wayland::hyprland_input::tests::revoked_connections_are_dropped_without_replaying_the_action ... ok
test wayland::hyprland_input::tests::same_owner_resumes_after_idle_eof_under_the_existing_mutex ... ok
test wayland::hyprland_input::tests::terminated_session_never_sends_even_when_socket_is_ready ... ok
test wayland::hyprland_input::tests::aborted_queued_invocation_never_targets_or_changes_the_active_connection ... ok
test wayland::hyprland_input::tests::foreground_text_later_key_refusal_discards_slot_without_replay ... ok
test wayland::hyprland_input::tests::uncertain_io_after_reuse_is_an_error_without_replay ... ok
test wayland::hyprland_input::tests::unknown_claim_outcome_and_connection_errors_never_try_another_lane ... ok
test wayland::hyprland_input::tests::unsafe_geometry_and_unsupported_actions_refuse ... ok
test wayland::output_transform_tests::capture_rotation_follows_the_output_transform ... ok
test wayland::output_transform_tests::logical_output_size_swaps_axes_for_quarter_turns ... ok
test wayland::overlay::tests::animation_and_fade_use_frame_cadence ... ok
test wayland::overlay::tests::cold_fresh_key_starts_with_ended_session_still_suppressed ... ok
test wayland::overlay::tests::cold_metadata_is_retained_before_first_positioned_command ... ok
test wayland::overlay::tests::cold_observation_and_refused_action_metadata_never_connects_to_wayland ... ok
test wayland::overlay::tests::cold_remove_suppresses_stale_commands_without_renderer_startup ... ok
test wayland::overlay::tests::cold_revive_allows_startup_and_preserves_other_tombstones_and_queue_order ... ok
test wayland::overlay::tests::cold_shutdown_and_channel_close_exit_owner_without_wayland ... ok
test wayland::overlay::tests::crossing_outputs_clears_the_old_surface_and_paints_the_new_one ... ok
test wayland::overlay::tests::disabled_config_refuses_forwarding_and_thread_startup ... ok
test wayland::overlay::tests::first_positioned_command_seeds_inside_the_output_frame ... ok
test wayland::overlay::tests::forward_mapping_preserves_named_cursor_keys ... ok
test wayland::overlay::tests::fresh_sentinel_overlay_uses_only_topology_maintenance ... ok
test wayland::overlay::tests::hidden_and_disabled_state_quiesces_deterministically ... ok
test wayland::overlay::tests::hide_or_session_removal_clears_every_previously_painted_output ... ok
test wayland::overlay::tests::hotplugged_output_plans_one_initial_transparent_frame ... ok
test wayland::overlay::tests::initial_configured_outputs_each_plan_one_transparent_frame ... ok
test wayland::overlay::tests::initialized_stable_outputs_plan_no_idle_frame ... ok
test wayland::overlay::tests::maintenance_scheduler_wakes_immediately_on_command_arrival ... ok
test wayland::overlay::tests::named_cursors_render_on_independent_outputs_and_removal_clears_only_one ... ok
test wayland::overlay::tests::named_cursors_schedule_animation_and_idle_deadlines_independently ... ok
test wayland::overlay::tests::never_hiding_resting_overlay_parks_on_maintenance ... ok
test wayland::overlay::tests::overlapping_outputs_use_the_same_deterministic_selection_for_compositing ... ok
test wayland::overlay::tests::selected_output_combines_initialization_and_cursor_paint_in_one_frame ... ok
test wayland::overlay::tests::selects_output_and_converts_global_to_output_local_coordinates ... ok
test wayland::overlay::tests::stable_reduced_motion_overlay_sleeps_until_idle_fade_deadline ... ok
test wayland::overlay::tests::stable_visible_overlay_keeps_frame_cadence_for_resting_motion ... ok
test wayland::overlay::tests::ticking_reports_each_glide_arrival_once ... ok
test wayland::primary_seat::tests::experimental_seat_never_replaces_primary_after_names_arrive ... ok
test wayland::primary_seat::tests::no_primary_seat_refuses_and_legacy_selection_is_preserved ... ok
test wayland::primary_seat::tests::production_seats_never_replace_the_primary_seat ... ok
test wayland::shell_helper::tests::accessibility_origin_matches_the_frame_cropped_screenshot ... ok
test wayland::hyprland_input::tests::foreground_text_partial_unknown_counts_prior_completed_keys ... ok
test wayland::shell_helper::tests::marks_minimized_shell_windows_off_screen ... ok
test wayland::shell_helper::tests::parses_and_filters_shell_windows ... ok
test wayland::shell_helper::tests::parses_dbus_owner_and_numeric_identity ... ok
test wayland::shell_helper::tests::preserves_exact_focus_from_shell_snapshot ... ok
test wayland::sway_ipc::tests::decoration_height_fills_zero_window_content_origin ... ok
test wayland::sway_ipc::tests::outer_client_height_delta_fills_missing_decoration_metadata ... ok
test wayland::sway_ipc::tests::parses_nested_and_floating_windows ... ok
test wayland::tests::approach_pixel_is_a_different_pixel_on_the_output ... ok
test wayland::tests::atspi_merge_keeps_x11_geometry_owner_and_native_only_frames ... ok
test wayland::shell_helper::tests::bundled_helper_v8_uses_host_owned_modifier_badge_chips ... ok
test wayland::tests::command_reply_parses_ok_and_surfaces_error_reason ... ok
test wayland::tests::foreign_toplevel_state_ignores_incomplete_wire_values ... ok
test wayland::tests::foreign_toplevel_state_requires_activated_value ... ok
test wayland::tests::geometry_reply_is_strict_and_signed ... ok
test wayland::tests::hello_reply_parses_exact_banner_and_rejects_mismatch ... ok
test wayland::tests::inject_target_correlates_native_identity_to_unique_atspi_pid ... ok
test wayland::tests::compositor_attested_visible_wayland_surface_keeps_window_capture ... ok
test wayland::tests::inject_target_prefers_explicit_positive_pid ... ok
test wayland::tests::inject_target_refuses_ambiguous_title_pid_correlation ... ok
test wayland::tests::injectable_hotkey_normalizes_supported_chords ... ok
test wayland::tests::injectable_key_accepts_whitelist_case_insensitively ... ok
test wayland::tests::injectable_text_accepts_printable_ascii_newline_and_tab ... ok
test wayland::tests::injectable_key_rejects_unsupported_names ... ok
test wayland::tests::injectable_text_rejects_unicode_and_other_controls ... ok
test wayland::tests::native_enrichment_matches_plain_atspi_title ... ok
test wayland::tests::native_title_match_recovers_pid_without_replacing_native_id ... ok
test wayland::tests::listed_wayland_identity_remains_valid_when_current_enumeration_hides_it ... ok
test wayland::tests::pid_filter_excludes_other_process_windows ... ok
test wayland::tests::nested_enrichment_adopts_stable_atspi_id ... ok
test wayland::tests::shell_helper_capture_failure_is_terminal ... ok
test wayland::tests::standalone_modifiers_map_to_native_keyboard_keys ... ok
test wayland::tests::standalone_modifiers_reach_wayland_keyboard ... ignored, requires a focused native Wayland surface and wtype
test wayland::tests::unavailable_shell_helper_does_not_attempt_capture ... ok
test wayland::tests::unmatched_ext_windows_do_not_satisfy_pid_filter ... ok
test wayland::tests::wayland_window_capture_fails_closed_without_using_x11_pixels ... ok
test wayland::tests::wtype_hotkey_keeps_primer_chord_and_releases_in_order ... ok
test wayland::tests::x11_window_capture_keeps_the_existing_per_window_path ... ok
test wayland::tests::zero_geometry_does_not_replace_a_real_observed_origin ... ok
test wayland::virtual_keyboard::tests::chord_uses_physical_digit7_and_balanced_modifiers ... ok
test x11::tests::a_different_process_dialog_transient_to_the_target_pid_is_surfaced ... ok
test x11::tests::a_transient_cycle_fails_closed_instead_of_looping_forever ... ok
test x11::tests::a_transitive_transient_chain_through_another_cross_pid_window_still_resolves ... ok
test x11::tests::absent_client_list_allows_query_tree_fallback ... ok
test x11::tests::an_unrelated_window_of_a_totally_different_app_is_not_attributed ... ok
test x11::tests::empty_present_client_list_does_not_fall_back_to_query_tree ... ok
test x11::tests::moveresize_requests_static_gravity_and_all_frame_fields ... ok
test x11::tests::no_own_windows_for_the_pid_yields_nothing_to_correlate_against ... ok
test x11::tests::query_tree_fallback_only_lists_viewable_windows ... ok
test x11::tests::stale_or_reused_pid_window_owner_fails_closed ... ok
test x11_client_pid::tests::a_local_client_without_net_wm_pid_is_attributed_to_its_creator ... ok
test x11_client_pid::tests::a_remote_or_forwarded_target_without_a_pid_value_stays_unattributed ... ok
test x11_client_pid::tests::a_server_in_another_pid_namespace_or_host_is_never_trusted ... ok
test x11_client_pid::tests::ambiguous_malformed_or_invalid_pid_values_fail_closed ... ok
test x11_client_pid::tests::our_own_window_resolves_to_our_pid ... ok
test x11_client_pid::tests::query_client_ids_requires_xres_1_2 ... ok
test x11_client_pid::tests::server_owned_resources_are_never_attributed ... ok
test x11_client_pid::tests::wm_client_machine_must_be_absent_or_this_host ... ok
test wayland::hyprland_input::tests::foreground_text_stops_at_revoked_target_without_replay ... ok
test capture_action_frame::tests::hidpi_desktop_uses_the_compositors_logical_action_frame ... ok
test wayland::hyprland_input::tests::background_text_binds_each_key_to_the_exact_target ... ok
test wayland::hyprland::tests::observation_total_deadline_includes_connect_and_read ... ok
test wayland::hyprland_input::tests::foreground_text_stops_after_refusal_or_cancellation_without_replay ... ok
test input::focus_guard::tests::a_quiet_watch_ends_on_a_read_after_its_deadline_without_an_extra_read ... ok
test wayland::hyprland_input::tests::pending_termination_interrupts_receive_before_cleanup_barrier ... ok
test wayland::hyprland_input::tests::text_dispatch_paces_acknowledged_keys ... ok
test wayland::hyprland_input::tests::foreground_text_attests_each_logical_call_once_and_binds_every_key ... ok
test wayland::hyprland_input::tests::cancelled_dispatch_after_send_preserves_unknown_progress ... ok
test input::focus_guard::tests::a_steal_during_a_read_stalled_past_the_watch_is_seen ... ok
test wayland::hyprland_input::tests::text_result_reports_the_selected_delivery_route ... ok
test atspi::native::budget_tests::bounded_for_returns_partial_via_on_timeout_when_work_ignores_deadline ... ok
test tools::impl_::desktop_capture_frame_tests::nonuniform_capture_mapping_fails_instead_of_distorting_coordinates ... ok
test wayland::hyprland_input::tests::production_entry_bounds_stale_geometry_retry_with_fresh_authority ... ok
test atspi::native::coord_tests::bounded_blocking_returns_none_once_the_operation_deadline_passes ... ok
test tools::impl_::desktop_capture_frame_tests::native_wayland_capture_is_resized_to_the_reported_action_frame ... ok
test health_report::tests::invoke_full_run_produces_linux_check_set ... ok
test result: ok. 604 passed; 0 failed; 10 ignored; 0 measured; 0 filtered out; finished in 18.81s
rc=0
[session] exit rc=0 run_dir=<tmp-root>/x11-session.GilVmt
