       Fresh autocfg v1.5.0
       Fresh typenum v1.20.0
       Fresh serde_core v1.0.228
       Fresh pin-project-lite v0.2.17
       Fresh smallvec v1.15.1
       Fresh serde_derive v1.0.228
       Fresh libc v0.2.186
       Fresh version_check v0.9.5
       Fresh serde v1.0.228
       Fresh futures-core v0.3.32
       Fresh scopeguard v1.2.0
       Fresh futures-io v0.3.32
       Fresh log v0.4.29
       Fresh lock_api v0.4.14
       Fresh jobserver v0.1.35
       Fresh find-msvc-tools v0.1.9
       Fresh shlex v1.3.0
       Fresh hybrid-array v0.4.14
       Fresh cc v1.2.62
       Fresh enumflags2_derive v0.7.12
       Fresh zeroize_derive v1.5.0
       Fresh rand_core v0.10.1
       Fresh parking_lot_core v0.9.12
       Fresh bytes v1.11.1
       Fresh zeroize v1.8.2
       Fresh getrandom v0.4.2
       Fresh crossbeam-utils v0.8.21
       Fresh parking_lot v0.12.5
       Fresh errno v0.3.14
       Fresh generic-array v0.14.7
       Fresh crypto-common v0.2.2
       Fresh synstructure v0.13.2
       Fresh signal-hook-registry v1.4.8
       Fresh proc-macro-crate v3.5.0
       Fresh parking v2.2.1
       Fresh itoa v1.0.18
       Fresh concurrent-queue v2.5.0
       Fresh zerocopy-derive v0.8.48
       Fresh num-traits v0.2.19
       Fresh zvariant_derive v5.12.0
       Fresh pkg-config v0.3.33
       Fresh stable_deref_trait v1.2.1
       Fresh slab v0.4.12
       Fresh zerofrom-derive v0.1.7
       Fresh inout v0.2.2
       Fresh zerocopy v0.8.48
       Fresh tokio-macros v2.7.0
       Fresh mio v1.2.0
       Fresh socket2 v0.6.3
       Fresh equivalent v1.0.2
       Fresh zerofrom v0.1.8
       Fresh yoke-derive v0.8.2
       Fresh block-buffer v0.12.1
       Fresh tokio v1.52.1
       Fresh cpufeatures v0.3.0
       Fresh winnow v1.0.3
       Fresh unicode-ident v1.0.24
       Fresh yoke v0.8.2
       Fresh cipher v0.5.2
       Fresh proc-macro2 v1.0.106
       Fresh crypto-common v0.1.7
       Fresh chacha20 v0.10.1
       Fresh event-listener v5.4.1
       Fresh tracing-core v0.1.36
       Fresh quote v1.0.45
       Fresh zerovec-derive v0.11.3
       Fresh subtle v2.6.1
       Fresh hashbrown v0.17.1
       Fresh event-listener-strategy v0.5.4
       Fresh zerovec v0.11.6
       Fresh indexmap v2.14.0
       Fresh syn v2.0.117
       Fresh futures-lite v2.6.1
       Fresh enumflags2 v0.7.12
       Fresh tracing-attributes v0.1.31
       Fresh displaydoc v0.2.5
       Fresh getrandom v0.2.17
       Fresh memchr v2.8.0
       Fresh zmij v1.0.21
       Fresh zvariant_utils v3.4.0
       Fresh tracing v0.1.44
       Fresh rand v0.10.2
       Fresh block-buffer v0.10.4
       Fresh polling v3.11.0
       Fresh endi v1.1.1
       Fresh serde_json v1.0.149
       Fresh uuid v1.23.1
       Fresh digest v0.10.7
       Fresh num-integer v0.1.46
       Fresh async-task v4.7.1
       Fresh zvariant v5.12.0
       Fresh async-io v2.6.0
       Fresh tinystr v0.8.3
       Fresh async-channel v2.5.0
       Fresh thiserror-impl v2.0.18
       Fresh async-trait v0.1.89
       Fresh atomic-waker v1.1.2
       Fresh zbus_names v4.3.2
       Fresh regex-syntax v0.8.10
       Fresh litemap v0.8.2
       Fresh writeable v0.6.3
       Fresh cpufeatures v0.2.17
       Fresh piper v0.2.5
       Fresh async-signal v0.2.14
       Fresh thiserror v2.0.18
       Fresh icu_locale_core v2.2.0
       Fresh num-bigint v0.4.8
       Fresh zerotrie v0.2.4
       Fresh potential_utf v0.1.5
       Fresh async-lock v3.4.2
       Fresh aho-corasick v1.1.4
       Fresh hex v0.4.3
       Fresh utf8_iter v1.0.4
       Fresh icu_provider v2.2.0
       Fresh async-process v2.5.0
       Fresh icu_collections v2.2.0
       Fresh num-rational v0.4.2
       Fresh regex-automata v0.4.14
       Fresh blocking v1.6.2
       Fresh async-executor v1.14.0
       Fresh num-iter v0.1.46
       Fresh zbus_macros v5.16.0
       Fresh async-broadcast v0.7.2
       Fresh ppv-lite86 v0.2.21
       Fresh num-complex v0.4.6
       Fresh ordered-stream v0.2.0
       Fresh ref-cast-impl v1.0.25
       Fresh serde_repr v0.1.20
       Fresh futures-macro v0.3.32
       Fresh async-recursion v1.1.1
       Fresh cfg-if v1.0.4
       Fresh futures-sink v0.3.32
       Fresh static_assertions v1.1.0
       Fresh linux-raw-sys v0.12.1
       Fresh futures-task v0.3.32
       Fresh simd-adler32 v0.3.9
       Fresh bitflags v2.11.1
       Fresh getrandom v0.3.4
       Fresh ref-cast v1.0.25
       Fresh zbus v5.16.0
       Fresh rustix v1.1.4
       Fresh futures-util v0.3.32
       Fresh num v0.4.3
       Fresh icu_normalizer_data v2.2.0
       Fresh icu_properties_data v2.2.0
       Fresh uniffi_internal_macros v0.31.0
       Fresh fastrand v2.4.1
       Fresh byteorder v1.5.0
       Fresh once_cell v1.21.4
       Fresh adler2 v2.0.1
       Fresh percent-encoding v2.3.2
       Fresh icu_properties v2.2.0
       Fresh rustc_version v0.4.1
       Fresh miniz_oxide v0.8.9
       Fresh anyhow v1.0.102
       Fresh icu_normalizer v2.2.0
       Fresh crc32fast v1.5.0
       Fresh block-padding v0.3.3
       Fresh lazy_static v1.5.0
       Fresh inout v0.1.4
       Fresh wayland-sys v0.31.11
       Fresh flate2 v1.1.9
       Fresh idna_adapter v1.2.2
       Fresh httparse v1.10.1
       Fresh sha2 v0.10.9
       Fresh hmac v0.12.1
       Fresh rand_core v0.6.4
       Fresh http v1.4.0
       Fresh quick-xml v0.39.4
       Fresh thiserror-impl v1.0.69
       Fresh serde_spanned v1.1.1
       Fresh toml_datetime v0.7.5+spec-1.1.0
       Fresh semver v1.0.28
       Fresh bit-vec v0.8.0
       Fresh winnow v0.7.15
       Fresh data-encoding v2.11.0
       Fresh downcast-rs v1.2.1
       Fresh bytemuck v1.25.0
       Fresh ipnet v2.12.0
       Fresh borrow-or-share v0.2.4
       Fresh allocator-api2 v0.2.21
       Fresh siphasher v1.0.2
       Fresh foldhash v0.2.0
       Fresh cmov v0.5.4
       Fresh toml v0.9.12+spec-1.1.0
       Fresh ctutils v0.4.2
       Fresh phf_shared v0.12.1
       Fresh fluent-uri v0.4.1
       Fresh hashbrown v0.16.1
       Fresh bit-set v0.8.0
       Fresh wayland-backend v0.3.15
       Fresh uniffi_meta v0.31.0
       Fresh zbus_xml v5.1.1
       Fresh rand_chacha v0.3.1
       Fresh thiserror v1.0.69
       Fresh hkdf v0.12.4
       Fresh idna v1.1.0
       Fresh cipher v0.4.4
       Fresh ahash v0.8.12
       Fresh camino v1.2.4
       Fresh fs-err v2.11.0
       Fresh hash32 v0.2.1
       Fresh fdeflate v0.3.7
       Fresh wayland-scanner v0.31.10
       Fresh tempfile v3.27.0
       Fresh async-compat v0.2.5
       Fresh half v2.7.1
       Fresh spin v0.9.9
       Fresh cargo-platform v0.1.9
       Fresh serde_derive_internals v0.29.1
       Fresh iana-time-zone v0.1.65
       Fresh pxfm v0.1.29
       Fresh zune-core v0.5.1
       Fresh foldhash v0.1.5
       Fresh micromap v0.3.0
       Fresh unsafe-libyaml v0.2.11
       Fresh vsimd v0.8.0
       Fresh ciborium-io v0.2.2
       Fresh outref v0.5.2
       Fresh heck v0.5.0
       Fresh ryu v1.0.23
       Fresh zune-jpeg v0.5.15
       Fresh moxcms v0.8.1
       Fresh uniffi_pipeline v0.31.0
       Fresh uuid-simd v0.8.0
       Fresh ciborium-ll v0.2.2
       Fresh schemars_derive v1.2.1
       Fresh hashbrown v0.15.5
       Fresh referencing v0.46.10
       Fresh chrono v0.4.45
       Fresh uniffi_core v0.31.0
       Fresh cargo_metadata v0.19.2
       Fresh png v0.18.1
       Fresh wayland-client v0.31.14
       Fresh heapless v0.7.17
       Fresh uniffi_macros v0.31.0
       Fresh rand v0.8.6
       Fresh zbus-lockstep-macros v0.5.2
       Fresh zbus-lockstep v0.5.2
       Fresh fancy-regex v0.18.0
       Fresh phf v0.12.1
       Fresh universal-hash v0.6.1
       Fresh unicode-general-category v1.1.0
       Fresh fraction v0.15.4
       Fresh form_urlencoded v1.2.2
       Fresh regex v1.12.3
       Fresh cobs v0.3.0
       Fresh jsonschema-regex v0.46.10
       Fresh sha1 v0.10.6
       Fresh email_address v0.2.9
       Fresh bstr v1.13.0
       Fresh bytecount v0.6.9
       Fresh dyn-clone v1.0.20
       Fresh powerfmt v0.2.0
       Fresh byteorder-lite v0.1.0
       Fresh fixedbitset v0.5.7
       Fresh base64 v0.22.1
       Fresh utf-8 v0.7.6
       Fresh num-cmp v0.1.0
       Fresh petgraph v0.8.3
       Fresh jsonschema v0.46.10
       Fresh tungstenite v0.24.0
       Fresh image v0.25.10
       Fresh deranged v0.5.8
       Fresh schemars v1.2.1
       Fresh postcard v1.1.3
       Fresh globset v0.4.19
       Fresh url v2.5.8
       Fresh atspi-common v0.14.0
       Fresh chrono-tz v0.10.4
       Fresh poly1305 v0.9.1
       Fresh uniffi v0.31.0
       Fresh wayland-protocols v0.32.12
       Fresh msvc_spectre_libs v0.1.3
       Fresh ciborium v0.2.2
       Fresh serde_yaml v0.9.34+deprecated
       Fresh aes v0.8.4
       Fresh cbc v0.1.2
       Fresh zstd-sys v2.0.16+zstd.1.5.7
       Fresh aead v0.6.1
       Fresh nom v8.0.0
       Fresh lru v0.18.1
       Fresh arrayref v0.3.9
       Fresh spin v0.10.1
       Fresh strict-num v0.1.1
       Fresh tap v1.0.1
       Fresh num-conv v0.2.1
       Fresh time-core v0.1.8
       Fresh tree_magic_mini v3.2.2
       Fresh regorus v0.10.1
       Fresh tiny-skia-path v0.11.4
       Fresh wyz v0.5.1
       Fresh zstd-safe v7.2.4
       Fresh wayland-protocols-wlr v0.3.12
       Fresh time v0.3.47
       Fresh chacha20poly1305 v0.11.0
       Fresh coset v0.4.2
       Fresh secret-service v5.1.0
       Fresh atspi-proxies v0.14.0
       Fresh tokio-tungstenite v0.24.0
       Fresh memoffset v0.6.5
       Fresh io-lifetimes v2.0.4
       Fresh radium v0.7.0
       Fresh io-lifetimes v3.0.1
       Fresh serde_yaml_ng v0.10.0
       Fresh rustls-pki-types v1.14.1
       Fresh keyring-core v1.0.0
       Fresh gethostname v1.1.0
       Fresh fs2 v0.4.3
       Fresh os_pipe v1.2.3
       Fresh arrayvec v0.7.6
       Fresh untrusted v0.9.0
       Fresh ttf-parser v0.21.1
       Fresh bitflags v1.3.2
       Fresh option-ext v0.2.0
       Fresh funty v2.0.0
       Fresh x11rb-protocol v0.13.2
       Fresh ring v0.17.14
       Fresh fontdue v0.9.3
       Fresh bitvec v1.0.1
       Fresh nix v0.23.2
       Fresh x11rb v0.13.2
       Fresh dirs-sys v0.4.1
       Fresh tiny-skia v0.11.4
       Fresh wl-clipboard-rs v0.9.3
       Fresh zbus-secret-service-keyring-store v1.0.0
       Fresh io-extras v0.19.0
       Fresh fs-set-times v0.20.3
       Fresh atspi-connection v0.14.0
       Fresh zstd v0.13.3
       Fresh rand_core v0.9.5
       Fresh rustix-linux-procfs v0.1.1
     Running `<home>/.rustup/toolchains/stable-x86_64-unknown-linux-gnu/bin/rustc --crate-name cua_driver_contract --edition=2021 crates/cua-driver-contract/src/lib.rs --error-format=json --json=di
       Fresh memmap2 v0.9.10
       Fresh nom v1.2.4
       Fresh fnv v1.0.7
       Fresh ambient-authority v0.0.2
       Fresh maybe-owned v0.3.4
       Fresh xkeysym v0.2.1
       Fresh xkbcommon v0.9.0
       Fresh meval v0.2.0
       Fresh cap-primitives v4.0.3
       Fresh rand_chacha v0.9.0
       Fresh keyring v4.1.6
       Fresh atspi v0.30.0
       Fresh x11 v2.21.0
       Fresh dirs v5.0.1
       Fresh evdev v0.12.2
       Fresh clipboard-rs v0.3.5
       Fresh rustls-webpki v0.103.15
       Fresh ashpd v0.13.11
       Fresh reis v0.7.0
       Fresh calloop v0.14.4
       Fresh toml_parser v1.1.2+spec-1.1.0
       Fresh crossbeam-channel v0.5.15
       Fresh toml_writer v1.1.2+spec-1.1.0
     Running `<home>/.rustup/toolchains/stable-x86_64-unknown-linux-gnu/bin/rustc --crate-name pip_preview --edition=2021 crates/pip-preview/src/lib.rs --error-format=json --json=diagnostic-rendere
       Fresh toml_datetime v1.1.1+spec-1.1.0
       Fresh rustls v0.23.45
       Fresh cap-std v4.0.3
       Fresh rand v0.9.5
     Running `<home>/.rustup/toolchains/stable-x86_64-unknown-linux-gnu/bin/rustc --crate-name build_script_build --edition=2021 crates/cua-driver-sdk/build.rs --error-format=json --json=diagnostic
       Fresh toml_edit v0.25.12+spec-1.1.0
       Fresh webpki-roots v1.0.7
       Fresh ureq-proto v0.6.0
       Fresh sharded-slab v0.1.7
       Fresh matchers v0.2.0
       Fresh tracing-log v0.2.0
       Fresh filetime v0.2.29
       Fresh thread_local v1.1.9
       Fresh utf8-zero v0.8.1
       Fresh nu-ansi-term v0.50.3
       Fresh tar v0.4.46
     Running `<home>/.rustup/toolchains/stable-x86_64-unknown-linux-gnu/bin/rustc --crate-name build_script_build --edition=2021 crates/cua-driver/build.rs --error-format=json --json=diagnostic-ren
       Fresh tracing-subscriber v0.3.23
       Fresh ureq v3.3.0
       Fresh cap-fs-ext v4.0.3
     Running `<home>/.rustup/toolchains/stable-x86_64-unknown-linux-gnu/bin/rustc --crate-name cua_telemetry --edition=2024 <lanes>/w5-own16w2/libs/cua/crates/cua-telemetry
     Running `<home>/.rustup/toolchains/stable-x86_64-unknown-linux-gnu/bin/rustc --crate-name cua_driver_core --edition=2021 crates/cua-driver-core/src/lib.rs --error-format=json --json=diagnostic
     Running `<home>/.rustup/toolchains/stable-x86_64-unknown-linux-gnu/bin/rustc --crate-name cursor_overlay --edition=2021 crates/cursor-overlay/src/lib.rs --error-format=json --json=diagnostic-r
     Running `<home>/.rustup/toolchains/stable-x86_64-unknown-linux-gnu/bin/rustc --crate-name platform_linux --edition=2021 crates/platform-linux/src/lib.rs --error-format=json --json=diagnostic-r
     Running `<home>/.rustup/toolchains/stable-x86_64-unknown-linux-gnu/bin/rustc --crate-name cua_driver_sdk --edition=2021 crates/cua-driver-sdk/src/lib.rs --error-format=json --json=diagnostic-r
     Running `<home>/.rustup/toolchains/stable-x86_64-unknown-linux-gnu/bin/rustc --crate-name cua_driver --edition=2021 crates/cua-driver/src/main.rs --error-format=json --json=diagnostic-rendered
    Finished `release` profile [optimized] target(s) in 1m 32s
