[session] DISPLAY=:100 openbox=819129 picom=819130 dbus=unix:path=/tmp/dbus-<redacted>,guid=9d2a783a287bb7140b8946ae6ac12e5c
[fix04-probe] xdpyinfo ok DISPLAY=:100 outer_hostless=1
[fix04] loadavg=15.56 14.69 10.80 phase_args=--phase a1 --arm F6 --driver cua-driver-fix04-f6-802700282 --out sk5-a1-F6 --start-rep 1 --reps 1 
{"event": "validity", "ok": true, "display": ":100"}
dbus-daemon[819127]: [session uid=1000 pid=819127 pidfd=5] Activating service name='org.a11y.Bus' requested by ':1.0' (uid=1000 pid=819909 comm="<scrubbed1>/bin/cua-driver-fi")
dbus-daemon[819127]: [session uid=1000 pid=819127 pidfd=5] Successfully activated service 'org.a11y.Bus'
dbus-daemon[819127]: [session uid=1000 pid=819127 pidfd=5] Activating service name='ca.desrt.dconf' requested by ':1.1' (uid=1000 pid=819917 comm="/usr/lib/at-spi-bus-launcher")
dbus-daemon[819127]: [session uid=1000 pid=819127 pidfd=5] Successfully activated service 'ca.desrt.dconf'
dbus-daemon[819127]: [session uid=1000 pid=819127 pidfd=5] Activating service name='org.freedesktop.systemd1' requested by ':1.4' (uid=1000 pid=819944 comm="/usr/bin/dbus-broker-launch --config-file=/usr/sha")
dbus-daemon[819127]: [session uid=1000 pid=819127 pidfd=5] Activated service 'org.freedesktop.systemd1' failed: Process org.freedesktop.systemd1 exited with status 1
dbus-daemon[819127]: [session uid=1000 pid=819127 pidfd=5] Activating service name='org.gtk.vfs.Daemon' requested by ':1.5' (uid=1000 pid=820138 comm="/opt/google/chrome/chrome --remote-debugging-port=")
dbus-daemon[819127]: [session uid=1000 pid=819127 pidfd=5] Successfully activated service 'org.gtk.vfs.Daemon'
fusermount3: mount failed: Operation not permitted
dbus-daemon[819127]: [session uid=1000 pid=819127 pidfd=5] Activating service name='org.freedesktop.systemd1' requested by ':1.4' (uid=1000 pid=819944 comm="/usr/bin/dbus-broker-launch --config-file=/usr/sha")
dbus-daemon[819127]: [session uid=1000 pid=819127 pidfd=5] Activated service 'org.freedesktop.systemd1' failed: Process org.freedesktop.systemd1 exited with status 1
dbus-daemon[819127]: [session uid=1000 pid=819127 pidfd=5] Activating service name='org.freedesktop.systemd1' requested by ':1.4' (uid=1000 pid=819944 comm="/usr/bin/dbus-broker-launch --config-file=/usr/sha")
dbus-daemon[819127]: [session uid=1000 pid=819127 pidfd=5] Activated service 'org.freedesktop.systemd1' failed: Process org.freedesktop.systemd1 exited with status 1
dbus-daemon[819127]: [session uid=1000 pid=819127 pidfd=5] Activating service name='org.freedesktop.Notifications' requested by ':1.7' (uid=1000 pid=820138 comm="/opt/google/chrome/chrome --remote-debugging-port=")
dbus-daemon[819127]: [session uid=1000 pid=819127 pidfd=5] Activating service name='org.freedesktop.portal.Desktop' requested by ':1.7' (uid=1000 pid=820138 comm="/opt/google/chrome/chrome --remote-debugging-port=")
dbus-daemon[819127]: [session uid=1000 pid=819127 pidfd=5] Successfully activated service 'org.freedesktop.Notifications'
dbus-daemon[819127]: [session uid=1000 pid=819127 pidfd=5] Activating service name='org.freedesktop.impl.portal.PermissionStore' requested by ':1.9' (uid=1000 pid=820754 comm="/usr/lib/xdg-desktop-portal")
dbus-daemon[819127]: [session uid=1000 pid=819127 pidfd=5] Successfully activated service 'org.freedesktop.impl.portal.PermissionStore'
dbus-daemon[819127]: [session uid=1000 pid=819127 pidfd=5] Activating service name='org.freedesktop.portal.Documents' requested by ':1.9' (uid=1000 pid=820754 comm="/usr/lib/xdg-desktop-portal")
dbus-daemon[819127]: [session uid=1000 pid=819127 pidfd=5] Successfully activated service 'org.freedesktop.portal.Documents'
fusermount3: mount failed: Operation not permitted
error: fuse init failed: Can't mount path <scrubbed0>/x11-session.RwYGPX/xdg-runtime/doc

(/usr/lib/xdg-desktop-portal:820754): xdg-desktop-portal-WARNING **: 11:33:36.919: Document portal fuse mount point unknown: GDBus.Error:org.freedesktop.DBus.Error.ServiceUnknown: The name :1.11 was not provided by any .service files

(/usr/lib/xdg-desktop-portal:820754): xdg-desktop-portal-WARNING **: 11:33:36.919: Choosing gtk.portal for org.freedesktop.impl.portal.Lockdown as a last-resort fallback
dbus-daemon[819127]: [session uid=1000 pid=819127 pidfd=5] Activating service name='org.freedesktop.impl.portal.desktop.gtk' requested by ':1.9' (uid=1000 pid=820754 comm="/usr/lib/xdg-desktop-portal")
dbus-daemon[819127]: [session uid=1000 pid=819127 pidfd=5] Activating service name='org.freedesktop.systemd1' requested by ':1.4' (uid=1000 pid=819944 comm="/usr/bin/dbus-broker-launch --config-file=/usr/sha")
dbus-daemon[819127]: [session uid=1000 pid=819127 pidfd=5] Activated service 'org.freedesktop.systemd1' failed: Process org.freedesktop.systemd1 exited with status 1
dbus-daemon[819127]: [session uid=1000 pid=819127 pidfd=5] Successfully activated service 'org.freedesktop.impl.portal.desktop.gtk'

** (xdg-desktop-portal-gtk:820786): WARNING **: 11:33:36.964: AT-SPI: Could not obtain desktop path or name

dbus-daemon[819127]: [session uid=1000 pid=819127 pidfd=5] Activating service name='org.freedesktop.systemd1' requested by ':1.4' (uid=1000 pid=819944 comm="/usr/bin/dbus-broker-launch --config-file=/usr/sha")

(/usr/lib/xdg-desktop-portal:820754): xdg-desktop-portal-WARNING **: 11:33:36.965: Choosing gtk.portal for org.freedesktop.impl.portal.Access as a last-resort fallback
dbus-daemon[819127]: [session uid=1000 pid=819127 pidfd=5] Activated service 'org.freedesktop.systemd1' failed: Process org.freedesktop.systemd1 exited with status 1

** (xdg-desktop-portal-gtk:820786): WARNING **: 11:33:36.966: atk-bridge: GetRegisteredEvents returned message with unknown signature

** (xdg-desktop-portal-gtk:820786): WARNING **: 11:33:36.966: atk-bridge: get_device_events_reply: unknown signature

(/usr/lib/xdg-desktop-portal:820754): xdg-desktop-portal-WARNING **: 11:33:37.002: Choosing gtk.portal for org.freedesktop.impl.portal.Settings as a last-resort fallback

(/usr/lib/xdg-desktop-portal:820754): xdg-desktop-portal-WARNING **: 11:33:37.003: Choosing gtk.portal for org.freedesktop.impl.portal.FileChooser as a last-resort fallback

(/usr/lib/xdg-desktop-portal:820754): xdg-desktop-portal-WARNING **: 11:33:37.003: Choosing gtk.portal for org.freedesktop.impl.portal.AppChooser as a last-resort fallback

(/usr/lib/xdg-desktop-portal:820754): xdg-desktop-portal-WARNING **: 11:33:37.004: Choosing gtk.portal for org.freedesktop.impl.portal.Print as a last-resort fallback

(/usr/lib/xdg-desktop-portal:820754): xdg-desktop-portal-WARNING **: 11:33:37.004: Choosing gtk.portal for org.freedesktop.impl.portal.Notification as a last-resort fallback

(/usr/lib/xdg-desktop-portal:820754): xdg-desktop-portal-WARNING **: 11:33:37.005: Choosing gtk.portal for org.freedesktop.impl.portal.Inhibit as a last-resort fallback

(/usr/lib/xdg-desktop-portal:820754): xdg-desktop-portal-WARNING **: 11:33:37.007: Failed to connect to PipeWire: Couldn't connect to PipeWire

(/usr/lib/xdg-desktop-portal:820754): xdg-desktop-portal-WARNING **: 11:33:37.007: Choosing gtk.portal for org.freedesktop.impl.portal.Account as a last-resort fallback

(/usr/lib/xdg-desktop-portal:820754): xdg-desktop-portal-WARNING **: 11:33:37.008: Choosing gtk.portal for org.freedesktop.impl.portal.Email as a last-resort fallback

(/usr/lib/xdg-desktop-portal:820754): xdg-desktop-portal-WARNING **: 11:33:37.008: Choosing gtk.portal for org.freedesktop.impl.portal.DynamicLauncher as a last-resort fallback
dbus-daemon[819127]: [session uid=1000 pid=819127 pidfd=5] Successfully activated service 'org.freedesktop.portal.Desktop'
{"event": "cell", "id": "a1-F6-rep01", "outcome": "unknown", "first": "error", "status": null, "code": null, "race": true, "gen0_events": 3, "rebind": false}
A connection to the bus can't be made
X connection to :100 broken (explicit kill or server shutdown).
[session] exit rc=0 run_dir=<scrubbed0>/x11-session.RwYGPX
