[session] DISPLAY=:101 openbox=833525 picom=833526 dbus=unix:path=/tmp/dbus-<redacted>,guid=b2220296eeec41e821b7ba636ac12ef6
[fix04-probe] xdpyinfo ok DISPLAY=:101 outer_hostless=1
[fix04] loadavg=8.19 12.07 10.42 phase_args=--phase a1 --arm F6 --driver cua-driver-fix04-f6-802700282 --out sk6-a1-F6 --start-rep 1 --reps 1 
{"event": "validity", "ok": true, "display": ":101"}
dbus-daemon[833523]: [session uid=1000 pid=833523 pidfd=5] Activating service name='org.a11y.Bus' requested by ':1.0' (uid=1000 pid=833814 comm="<scrubbed1>/bin/cua-driver-fi")
dbus-daemon[833523]: [session uid=1000 pid=833523 pidfd=5] Successfully activated service 'org.a11y.Bus'
dbus-daemon[833523]: [session uid=1000 pid=833523 pidfd=5] Activating service name='ca.desrt.dconf' requested by ':1.1' (uid=1000 pid=833821 comm="/usr/lib/at-spi-bus-launcher")
dbus-daemon[833523]: [session uid=1000 pid=833523 pidfd=5] Successfully activated service 'ca.desrt.dconf'
dbus-daemon[833523]: [session uid=1000 pid=833523 pidfd=5] Activating service name='org.freedesktop.systemd1' requested by ':1.4' (uid=1000 pid=833837 comm="/usr/bin/dbus-broker-launch --config-file=/usr/sha")
dbus-daemon[833523]: [session uid=1000 pid=833523 pidfd=5] Activated service 'org.freedesktop.systemd1' failed: Process org.freedesktop.systemd1 exited with status 1
dbus-daemon[833523]: [session uid=1000 pid=833523 pidfd=5] Activating service name='org.gtk.vfs.Daemon' requested by ':1.5' (uid=1000 pid=833896 comm="/opt/google/chrome/chrome --remote-debugging-port=")
dbus-daemon[833523]: [session uid=1000 pid=833523 pidfd=5] Successfully activated service 'org.gtk.vfs.Daemon'
fusermount3: mount failed: Operation not permitted
dbus-daemon[833523]: [session uid=1000 pid=833523 pidfd=5] Activating service name='org.freedesktop.systemd1' requested by ':1.4' (uid=1000 pid=833837 comm="/usr/bin/dbus-broker-launch --config-file=/usr/sha")
dbus-daemon[833523]: [session uid=1000 pid=833523 pidfd=5] Activated service 'org.freedesktop.systemd1' failed: Process org.freedesktop.systemd1 exited with status 1
dbus-daemon[833523]: [session uid=1000 pid=833523 pidfd=5] Activating service name='org.freedesktop.systemd1' requested by ':1.4' (uid=1000 pid=833837 comm="/usr/bin/dbus-broker-launch --config-file=/usr/sha")
dbus-daemon[833523]: [session uid=1000 pid=833523 pidfd=5] Activated service 'org.freedesktop.systemd1' failed: Process org.freedesktop.systemd1 exited with status 1
dbus-daemon[833523]: [session uid=1000 pid=833523 pidfd=5] Activating service name='org.freedesktop.Notifications' requested by ':1.7' (uid=1000 pid=833896 comm="/opt/google/chrome/chrome --remote-debugging-port=")
dbus-daemon[833523]: [session uid=1000 pid=833523 pidfd=5] Successfully activated service 'org.freedesktop.Notifications'
dbus-daemon[833523]: [session uid=1000 pid=833523 pidfd=5] Activating service name='org.freedesktop.portal.Desktop' requested by ':1.7' (uid=1000 pid=833896 comm="/opt/google/chrome/chrome --remote-debugging-port=")
dbus-daemon[833523]: [session uid=1000 pid=833523 pidfd=5] Activating service name='org.freedesktop.impl.portal.PermissionStore' requested by ':1.9' (uid=1000 pid=834165 comm="/usr/lib/xdg-desktop-portal")
dbus-daemon[833523]: [session uid=1000 pid=833523 pidfd=5] Successfully activated service 'org.freedesktop.impl.portal.PermissionStore'
dbus-daemon[833523]: [session uid=1000 pid=833523 pidfd=5] Activating service name='org.freedesktop.portal.Documents' requested by ':1.9' (uid=1000 pid=834165 comm="/usr/lib/xdg-desktop-portal")
dbus-daemon[833523]: [session uid=1000 pid=833523 pidfd=5] Successfully activated service 'org.freedesktop.portal.Documents'
fusermount3: mount failed: Operation not permitted
error: fuse init failed: Can't mount path <scrubbed0>/x11-session.gLeZfJ/xdg-runtime/doc

(/usr/lib/xdg-desktop-portal:834165): xdg-desktop-portal-WARNING **: 11:36:10.141: Document portal fuse mount point unknown: GDBus.Error:org.freedesktop.DBus.Error.ServiceUnknown: The name :1.11 was not provided by any .service files

(/usr/lib/xdg-desktop-portal:834165): xdg-desktop-portal-WARNING **: 11:36:10.142: Choosing gtk.portal for org.freedesktop.impl.portal.Lockdown as a last-resort fallback
dbus-daemon[833523]: [session uid=1000 pid=833523 pidfd=5] Activating service name='org.freedesktop.impl.portal.desktop.gtk' requested by ':1.9' (uid=1000 pid=834165 comm="/usr/lib/xdg-desktop-portal")
dbus-daemon[833523]: [session uid=1000 pid=833523 pidfd=5] Activating service name='org.freedesktop.systemd1' requested by ':1.4' (uid=1000 pid=833837 comm="/usr/bin/dbus-broker-launch --config-file=/usr/sha")
dbus-daemon[833523]: [session uid=1000 pid=833523 pidfd=5] Activated service 'org.freedesktop.systemd1' failed: Process org.freedesktop.systemd1 exited with status 1
dbus-daemon[833523]: [session uid=1000 pid=833523 pidfd=5] Successfully activated service 'org.freedesktop.impl.portal.desktop.gtk'

** (xdg-desktop-portal-gtk:834192): WARNING **: 11:36:10.170: AT-SPI: Could not obtain desktop path or name

dbus-daemon[833523]: [session uid=1000 pid=833523 pidfd=5] Activating service name='org.freedesktop.systemd1' requested by ':1.4' (uid=1000 pid=833837 comm="/usr/bin/dbus-broker-launch --config-file=/usr/sha")

(/usr/lib/xdg-desktop-portal:834165): xdg-desktop-portal-WARNING **: 11:36:10.171: Choosing gtk.portal for org.freedesktop.impl.portal.Access as a last-resort fallback
dbus-daemon[833523]: [session uid=1000 pid=833523 pidfd=5] Activated service 'org.freedesktop.systemd1' failed: Process org.freedesktop.systemd1 exited with status 1

** (xdg-desktop-portal-gtk:834192): WARNING **: 11:36:10.173: atk-bridge: GetRegisteredEvents returned message with unknown signature

** (xdg-desktop-portal-gtk:834192): WARNING **: 11:36:10.173: atk-bridge: get_device_events_reply: unknown signature

(/usr/lib/xdg-desktop-portal:834165): xdg-desktop-portal-WARNING **: 11:36:10.191: Choosing gtk.portal for org.freedesktop.impl.portal.Settings as a last-resort fallback

(/usr/lib/xdg-desktop-portal:834165): xdg-desktop-portal-WARNING **: 11:36:10.192: Choosing gtk.portal for org.freedesktop.impl.portal.FileChooser as a last-resort fallback

(/usr/lib/xdg-desktop-portal:834165): xdg-desktop-portal-WARNING **: 11:36:10.192: Choosing gtk.portal for org.freedesktop.impl.portal.AppChooser as a last-resort fallback

(/usr/lib/xdg-desktop-portal:834165): xdg-desktop-portal-WARNING **: 11:36:10.193: Choosing gtk.portal for org.freedesktop.impl.portal.Print as a last-resort fallback

(/usr/lib/xdg-desktop-portal:834165): xdg-desktop-portal-WARNING **: 11:36:10.193: Choosing gtk.portal for org.freedesktop.impl.portal.Notification as a last-resort fallback

(/usr/lib/xdg-desktop-portal:834165): xdg-desktop-portal-WARNING **: 11:36:10.194: Choosing gtk.portal for org.freedesktop.impl.portal.Inhibit as a last-resort fallback

(/usr/lib/xdg-desktop-portal:834165): xdg-desktop-portal-WARNING **: 11:36:10.196: Failed to connect to PipeWire: Couldn't connect to PipeWire

(/usr/lib/xdg-desktop-portal:834165): xdg-desktop-portal-WARNING **: 11:36:10.196: Choosing gtk.portal for org.freedesktop.impl.portal.Account as a last-resort fallback

(/usr/lib/xdg-desktop-portal:834165): xdg-desktop-portal-WARNING **: 11:36:10.196: Choosing gtk.portal for org.freedesktop.impl.portal.Email as a last-resort fallback

(/usr/lib/xdg-desktop-portal:834165): xdg-desktop-portal-WARNING **: 11:36:10.197: Choosing gtk.portal for org.freedesktop.impl.portal.DynamicLauncher as a last-resort fallback
dbus-daemon[833523]: [session uid=1000 pid=833523 pidfd=5] Successfully activated service 'org.freedesktop.portal.Desktop'
{"event": "cell", "id": "a1-F6-rep01", "outcome": "verified", "first": "refused", "status": null, "code": "browser_ref_stale", "race": true, "gen0_events": 3, "rebind": true}
X connection to :101 broken (explicit kill or server shutdown).
A connection to the bus can't be made
[session] exit rc=0 run_dir=<scrubbed0>/x11-session.gLeZfJ
