[session] DISPLAY=:100 openbox=3705635 picom=3705637 dbus=unix:path=<session-tmp>/dbus-X,guid=65fa732e3647fede1a528f1b6abf3bda
[b02] DISPLAY=:100 start_utc=2026-10-02T05:06:36.998Z loadavg=18.83 9.53 9.55 23/2422 3705822
dbus-daemon[3705622]: [session uid=1000 pid=3705622 pidfd=5] Activating service name='org.a11y.Bus' requested by ':1.0' (uid=1000 pid=3705972 comm="<lanes>/bin/cua-driver-b0")
dbus-daemon[3705622]: [session uid=1000 pid=3705622 pidfd=5] Successfully activated service 'org.a11y.Bus'
dbus-daemon[3705622]: [session uid=1000 pid=3705622 pidfd=5] Activating service name='ca.desrt.dconf' requested by ':1.1' (uid=1000 pid=3705997 comm="/usr/lib/at-spi-bus-launcher")
dbus-daemon[3705622]: [session uid=1000 pid=3705622 pidfd=5] Successfully activated service 'ca.desrt.dconf'
dbus-daemon[3705622]: [session uid=1000 pid=3705622 pidfd=5] Activating service name='org.freedesktop.systemd1' requested by ':1.4' (uid=1000 pid=3706025 comm="/usr/bin/dbus-broker-launch --config-file=/usr/sha")
dbus-daemon[3705622]: [session uid=1000 pid=3705622 pidfd=5] Activated service 'org.freedesktop.systemd1' failed: Process org.freedesktop.systemd1 exited with status 1
{"trial": "v000-K5-vmicro", "ok_calls": 50}
dbus-daemon[3705622]: [session uid=1000 pid=3705622 pidfd=5] Activating service name='org.freedesktop.systemd1' requested by ':1.4' (uid=1000 pid=3706025 comm="/usr/bin/dbus-broker-launch --config-file=/usr/sha")
dbus-daemon[3705622]: [session uid=1000 pid=3705622 pidfd=5] Activated service 'org.freedesktop.systemd1' failed: Process org.freedesktop.systemd1 exited with status 1
{"trial": "v001-K5V-vmicro", "ok_calls": 50}
dbus-daemon[3705622]: [session uid=1000 pid=3705622 pidfd=5] Activating service name='org.freedesktop.systemd1' requested by ':1.4' (uid=1000 pid=3706025 comm="/usr/bin/dbus-broker-launch --config-file=/usr/sha")
dbus-daemon[3705622]: [session uid=1000 pid=3705622 pidfd=5] Activated service 'org.freedesktop.systemd1' failed: Process org.freedesktop.systemd1 exited with status 1
{"trial": "v002-K5V-vmicro", "ok_calls": 50}
dbus-daemon[3705622]: [session uid=1000 pid=3705622 pidfd=5] Activating service name='org.freedesktop.systemd1' requested by ':1.4' (uid=1000 pid=3706025 comm="/usr/bin/dbus-broker-launch --config-file=/usr/sha")
dbus-daemon[3705622]: [session uid=1000 pid=3705622 pidfd=5] Activated service 'org.freedesktop.systemd1' failed: Process org.freedesktop.systemd1 exited with status 1
{"trial": "v003-K5-vmicro", "ok_calls": 50}
[b02] end_utc=2026-10-02T05:06:42.889Z rc=0
[session] exit rc=0 run_dir=<lane-tmp>/x11-session.u7k6CT
