drive start 2026-10-02T19:29:47Z deadline 2026-10-02T23:14:41Z prereg_commit f11cd9d83
{"task_id": "c000-find_file-01", "rc": 0, "verdict": true, "wall_s": 6.1}
{"task_id": "c001-write_token-01", "rc": 0, "verdict": true, "wall_s": 5.2}
{"task_id": "c002-read_code-01", "rc": 0, "verdict": true, "wall_s": 5.5}
{"task_id": "c003-cua_button_present-01", "rc": 0, "verdict": true, "wall_s": 14.6}
{"task_id": "c004-browser_submit-01", "rc": 0, "verdict": false, "wall_s": 24.1}
{"task_id": "c005-count_errors-01", "rc": 0, "verdict": true, "wall_s": 5.2}
{"task_id": "c006-cua_note-01", "rc": 0, "verdict": false, "wall_s": 15.4}
{"task_id": "c007-find_file-02", "rc": 0, "verdict": true, "wall_s": 5.5}
{"task_id": "c008-find_file-03", "rc": 0, "verdict": true, "wall_s": 5.0}
{"task_id": "c009-browser_submit-02", "rc": 0, "verdict": false, "wall_s": 25.7}
{"task_id": "c010-uppercase_copy-01", "rc": 0, "verdict": false, "wall_s": 24.3}
{"task_id": "c011-cua_note-02", "rc": 0, "verdict": false, "wall_s": 17.0}
{"task_id": "c012-cua_agree-01", "rc": 0, "verdict": true, "wall_s": 13.7}
{"task_id": "c013-uppercase_copy-02", "rc": 0, "verdict": false, "wall_s": 49.5}
{"task_id": "c014-read_code-02", "rc": 0, "verdict": true, "wall_s": 5.6}
{"task_id": "c015-no_tool_math-01", "rc": 0, "verdict": false, "wall_s": 3.8}
{"task_id": "c016-count_errors-02", "rc": 0, "verdict": true, "wall_s": 5.0}
{"task_id": "c017-json_field-01", "rc": 0, "verdict": true, "wall_s": 4.9}
{"task_id": "c018-find_file-04", "rc": 0, "verdict": false, "wall_s": 4.9}
{"task_id": "c019-line_n-01", "rc": 0, "verdict": true, "wall_s": 4.9}
{"task_id": "c020-sum_numbers-01", "rc": 0, "verdict": false, "wall_s": 13.3}
{"task_id": "c021-edit_config-01", "rc": 0, "verdict": true, "wall_s": 5.3}
{"task_id": "c022-json_field-02", "rc": 0, "verdict": true, "wall_s": 5.2}
{"task_id": "c023-cua_increment-01", "rc": 0, "verdict": true, "wall_s": 17.9}
{"task_id": "c024-count_errors-03", "rc": 0, "verdict": false, "wall_s": 3.6}
{"task_id": "c025-json_field-03", "rc": 0, "verdict": true, "wall_s": 4.9}
{"task_id": "c026-browser_submit-03", "rc": 0, "verdict": false, "wall_s": 23.6}
{"task_id": "c027-read_code-03", "rc": 0, "verdict": true, "wall_s": 5.0}
{"task_id": "c028-count_errors-04", "rc": 0, "verdict": true, "wall_s": 5.1}
{"task_id": "c029-read_code-04", "rc": 0, "verdict": true, "wall_s": 4.9}
{"task_id": "c030-read_code-05", "rc": 0, "verdict": true, "wall_s": 5.0}
{"task_id": "c031-find_file-05", "rc": 0, "verdict": true, "wall_s": 5.4}
{"task_id": "c032-uppercase_copy-03", "rc": 0, "verdict": false, "wall_s": 52.4}
{"task_id": "c033-cua_size-01", "rc": 0, "verdict": true, "wall_s": 17.1}
{"task_id": "c034-cua_button_present-02", "rc": 0, "verdict": true, "wall_s": 14.2}
{"task_id": "c035-count_errors-05", "rc": 0, "verdict": true, "wall_s": 6.0}
{"task_id": "c036-line_n-02", "rc": 0, "verdict": true, "wall_s": 5.3}
{"task_id": "c037-edit_config-02", "rc": 0, "verdict": true, "wall_s": 6.4}
{"task_id": "c038-find_file-06", "rc": 0, "verdict": true, "wall_s": 5.4}
{"task_id": "c039-cua_size-02", "rc": 0, "verdict": true, "wall_s": 15.3}
{"task_id": "c040-read_code-06", "rc": 0, "verdict": true, "wall_s": 5.0}
{"task_id": "c041-cua_increment-02", "rc": 0, "verdict": false, "wall_s": 18.2}
{"task_id": "c042-edit_config-03", "rc": 0, "verdict": true, "wall_s": 6.4}
{"task_id": "c043-sum_numbers-02", "rc": 0, "verdict": false, "wall_s": 8.2}
{"task_id": "c044-cua_agree-02", "rc": 0, "verdict": false, "wall_s": 18.5}
{"task_id": "c045-edit_config-04", "rc": 0, "verdict": true, "wall_s": 6.7}
{"task_id": "c046-edit_config-05", "rc": 0, "verdict": true, "wall_s": 6.1}
{"task_id": "c047-cua_button_present-03", "rc": 0, "verdict": true, "wall_s": 14.0}
{"task_id": "c048-cua_increment-03", "rc": 0, "verdict": false, "wall_s": 15.0}
{"task_id": "c049-line_n-03", "rc": 0, "verdict": true, "wall_s": 5.3}
{"task_id": "c050-line_n-04", "rc": 0, "verdict": true, "wall_s": 5.3}
{"task_id": "c051-no_tool_math-02", "rc": 0, "verdict": true, "wall_s": 3.9}
{"task_id": "c052-browser_submit-04", "rc": 0, "verdict": false, "wall_s": 22.2}
{"task_id": "c053-sum_numbers-03", "rc": 0, "verdict": true, "wall_s": 7.3}
{"task_id": "c054-cua_note-03", "rc": 0, "verdict": false, "wall_s": 17.1}
{"task_id": "c055-read_code-07", "rc": 0, "verdict": true, "wall_s": 5.3}
{"task_id": "c056-count_errors-06", "rc": 0, "verdict": true, "wall_s": 5.0}
{"task_id": "c057-line_n-05", "rc": 0, "verdict": true, "wall_s": 5.4}
{"task_id": "c058-find_file-07", "rc": 0, "verdict": true, "wall_s": 5.1}
{"task_id": "c059-find_file-08", "rc": 0, "verdict": true, "wall_s": 5.0}
{"task_id": "c060-sum_numbers-04", "rc": 0, "verdict": false, "wall_s": 5.1}
{"task_id": "c061-cua_increment-04", "rc": 0, "verdict": false, "wall_s": 20.1}
{"task_id": "c062-uppercase_copy-04", "rc": 0, "verdict": false, "wall_s": 5.4}
{"task_id": "c063-edit_config-06", "rc": 0, "verdict": true, "wall_s": 6.0}
{"task_id": "c064-uppercase_copy-05", "rc": 0, "verdict": false, "wall_s": 5.5}
{"task_id": "c065-no_tool_math-03", "rc": 0, "verdict": false, "wall_s": 3.7}
{"task_id": "c066-json_field-04", "rc": 0, "verdict": true, "wall_s": 4.9}
{"task_id": "c067-cua_button_present-04", "rc": 0, "verdict": true, "wall_s": 14.9}
{"task_id": "c068-no_tool_math-04", "rc": 0, "verdict": true, "wall_s": 3.9}
{"task_id": "c069-sum_numbers-05", "rc": 124, "verdict": false, "wall_s": 300.1}
{"task_id": "c070-uppercase_copy-06", "rc": 0, "verdict": false, "wall_s": 6.4}
{"task_id": "c071-cua_button_present-05", "rc": 0, "verdict": true, "wall_s": 14.7}
{"task_id": "c072-no_tool_math-05", "rc": 0, "verdict": true, "wall_s": 3.6}
{"task_id": "c073-cua_agree-03", "rc": 0, "verdict": true, "wall_s": 14.8}
{"task_id": "c074-edit_config-07", "rc": 0, "verdict": true, "wall_s": 6.4}
{"task_id": "c075-write_token-02", "rc": 0, "verdict": true, "wall_s": 5.3}
{"task_id": "c076-uppercase_copy-07", "rc": 0, "verdict": false, "wall_s": 51.0}
{"task_id": "c077-cua_agree-04", "rc": 0, "verdict": true, "wall_s": 18.2}
{"task_id": "c078-browser_submit-05", "rc": 0, "verdict": false, "wall_s": 23.7}
{"task_id": "c079-no_tool_math-06", "rc": 0, "verdict": true, "wall_s": 3.9}
{"task_id": "c080-no_tool_math-07", "rc": 0, "verdict": true, "wall_s": 3.6}
{"task_id": "c081-line_n-06", "rc": 0, "verdict": true, "wall_s": 5.2}
{"task_id": "c082-cua_note-04", "rc": 0, "verdict": false, "wall_s": 15.5}
{"task_id": "c083-sum_numbers-06", "rc": 0, "verdict": false, "wall_s": 6.0}
{"task_id": "c084-cua_note-05", "rc": 0, "verdict": false, "wall_s": 17.7}
{"task_id": "c085-find_file-09", "rc": 0, "verdict": true, "wall_s": 5.3}
{"task_id": "c086-cua_increment-05", "rc": 0, "verdict": false, "wall_s": 20.0}
{"task_id": "c087-browser_submit-06", "rc": 0, "verdict": false, "wall_s": 23.2}
{"task_id": "c088-read_code-08", "rc": 0, "verdict": true, "wall_s": 5.1}
{"task_id": "c089-cua_increment-06", "rc": 0, "verdict": false, "wall_s": 18.7}
{"task_id": "c090-line_n-07", "rc": 0, "verdict": true, "wall_s": 5.5}
{"task_id": "c091-cua_button_present-06", "rc": 0, "verdict": true, "wall_s": 14.7}
{"task_id": "c092-json_field-05", "rc": 0, "verdict": true, "wall_s": 5.4}
{"task_id": "c093-no_tool_math-08", "rc": 0, "verdict": false, "wall_s": 3.8}
{"task_id": "c094-browser_submit-07", "rc": 0, "verdict": false, "wall_s": 23.8}
{"task_id": "c095-json_field-06", "rc": 0, "verdict": true, "wall_s": 5.4}
{"task_id": "c096-cua_increment-07", "rc": 0, "verdict": false, "wall_s": 19.1}
{"task_id": "c097-line_n-08", "rc": 0, "verdict": true, "wall_s": 6.2}
{"task_id": "c098-sum_numbers-07", "rc": 0, "verdict": false, "wall_s": 6.8}
{"task_id": "c099-cua_agree-05", "rc": 0, "verdict": true, "wall_s": 15.2}
{"task_id": "c100-cua_agree-06", "rc": 0, "verdict": true, "wall_s": 17.9}
{"task_id": "c101-json_field-07", "rc": 0, "verdict": true, "wall_s": 5.3}
{"task_id": "c102-sum_numbers-08", "rc": 0, "verdict": false, "wall_s": 26.7}
{"task_id": "c103-cua_agree-07", "rc": 0, "verdict": true, "wall_s": 14.5}
{"task_id": "c104-browser_submit-08", "rc": 0, "verdict": false, "wall_s": 28.7}
{"task_id": "c105-json_field-08", "rc": 0, "verdict": true, "wall_s": 5.6}
{"task_id": "c106-cua_note-06", "rc": 0, "verdict": false, "wall_s": 20.1}
{"task_id": "c107-write_token-03", "rc": 0, "verdict": true, "wall_s": 5.7}
{"task_id": "c108-cua_size-03", "rc": 0, "verdict": false, "wall_s": 14.8}
{"task_id": "c109-count_errors-07", "rc": 0, "verdict": true, "wall_s": 5.3}
{"task_id": "c110-write_token-04", "rc": 0, "verdict": true, "wall_s": 5.3}
{"task_id": "c111-read_code-09", "rc": 0, "verdict": true, "wall_s": 5.2}
{"task_id": "c112-json_field-09", "rc": 0, "verdict": true, "wall_s": 4.9}
{"task_id": "c113-sum_numbers-09", "rc": 0, "verdict": false, "wall_s": 5.9}
{"task_id": "c114-uppercase_copy-08", "rc": 0, "verdict": false, "wall_s": 24.1}
{"task_id": "c115-cua_increment-08", "rc": 0, "verdict": false, "wall_s": 16.3}
{"task_id": "c116-edit_config-08", "rc": 0, "verdict": true, "wall_s": 6.2}
{"task_id": "c117-write_token-05", "rc": 0, "verdict": true, "wall_s": 5.0}
{"task_id": "c118-line_n-09", "rc": 0, "verdict": true, "wall_s": 4.9}
{"task_id": "c119-cua_size-04", "rc": 0, "verdict": true, "wall_s": 16.4}
{"task_id": "c120-count_errors-08", "rc": 0, "verdict": true, "wall_s": 5.2}
{"task_id": "c121-uppercase_copy-09", "rc": 0, "verdict": false, "wall_s": 28.4}
{"task_id": "c122-sum_numbers-10", "rc": 0, "verdict": false, "wall_s": 10.7}
{"task_id": "c123-no_tool_math-09", "rc": 0, "verdict": true, "wall_s": 3.7}
{"task_id": "c124-write_token-06", "rc": 0, "verdict": true, "wall_s": 5.0}
{"task_id": "c125-find_file-10", "rc": 0, "verdict": true, "wall_s": 5.0}
{"task_id": "c126-uppercase_copy-10", "rc": 0, "verdict": false, "wall_s": 44.5}
{"task_id": "c127-json_field-10", "rc": 0, "verdict": true, "wall_s": 5.8}
{"task_id": "c128-write_token-07", "rc": 0, "verdict": true, "wall_s": 5.7}
{"task_id": "c129-write_token-08", "rc": 0, "verdict": true, "wall_s": 5.8}
{"task_id": "c130-count_errors-09", "rc": 0, "verdict": true, "wall_s": 5.3}
{"task_id": "c131-count_errors-10", "rc": 0, "verdict": true, "wall_s": 5.2}
{"task_id": "c132-edit_config-09", "rc": 0, "verdict": true, "wall_s": 6.8}
{"task_id": "c133-line_n-10", "rc": 0, "verdict": true, "wall_s": 5.2}
{"task_id": "c134-read_code-10", "rc": 0, "verdict": true, "wall_s": 6.7}
{"task_id": "c135-write_token-09", "rc": 0, "verdict": true, "wall_s": 6.0}
{"task_id": "c136-cua_agree-08", "rc": 0, "verdict": false, "wall_s": 18.9}
{"task_id": "c137-edit_config-10", "rc": 0, "verdict": true, "wall_s": 6.8}
{"task_id": "c138-cua_size-05", "rc": 0, "verdict": true, "wall_s": 17.3}
{"task_id": "c139-write_token-10", "rc": 0, "verdict": true, "wall_s": 5.5}
{"task_id": "c140-no_tool_math-10", "rc": 0, "verdict": true, "wall_s": 4.6}
{"task_id": "c141-cua_size-06", "rc": 0, "verdict": true, "wall_s": 17.8}
drive: done 2026-10-02T20:00:54.467Z
drive exit 0 2026-10-02T20:00:54Z
