[2026-10-02T05:15:37Z] unit start head=be68363bc38940d5560be55165ceaf6fd743437b filter=i107_mirror
   Compiling cua-driver-core v0.32.0 (<lanes>/i107-cshadow/libs/cua-driver/rust/crates/cua-driver-core)
    Finished `test` profile [unoptimized + debuginfo] target(s) in 33.17s
     Running unittests src/lib.rs (<targets>/cua-test-i107-cshadow/debug/deps/cua_driver_core-4f2d188a2089d4cb)

running 39 tests
test browser::i107_mirror::tests::audit_with_unknown_coverage_counts_everything_unknown ... ok
test browser::i107_mirror::tests::action_relevant_match_set_is_reported_unknown_with_a_dom_estimate ... ok
test browser::i107_mirror::tests::attribute_text_and_structure_events_apply_and_agree_with_a_fresh_read ... ok
test browser::i107_mirror::tests::early_unrelated_event_does_not_poison_bootstrap ... ok
test browser::i107_mirror::tests::default_test_process_has_the_mirror_off ... ok
test browser::i107_mirror::tests::coverage_is_unknown_until_bootstrap_completes ... ok
test browser::i107_mirror::tests::competing_submit_insert_changes_the_dom_estimate ... ok
test browser::i107_mirror::tests::audit_report_carries_no_page_text_or_attribute_values ... ok
test browser::i107_mirror::tests::fault_delay_holds_then_releases_after_the_deadline ... ok
test browser::i107_mirror::tests::early_dom_event_keeps_coverage_unknown_after_bootstrap ... ok
test browser::i107_mirror::tests::document_updated_navigation_and_frame_changes_invalidate ... ok
test browser::i107_mirror::tests::events_while_unknown_are_discarded_and_counted ... ok
test browser::i107_mirror::tests::child_insert_and_remove_track_order_and_existence ... ok
test browser::i107_mirror::tests::fault_drop_removes_every_nth_mutation_event ... ok
test browser::i107_mirror::tests::fault_duplicate_delivers_twice ... ok
test browser::i107_mirror::tests::fault_foreign_and_stale_add_retagged_copies ... ok
test browser::i107_mirror::tests::fault_overflow_and_reconnect_signal_once ... ok
test browser::i107_mirror::tests::fault_plan_parses_only_known_shapes ... ok
test browser::i107_mirror::tests::fault_swap_reorders_adjacent_mutations ... ok
test browser::i107_mirror::tests::bootstrap_order_is_subscribe_attach_enable_frame_tree_document ... ok
test browser::i107_mirror::tests::changes_inside_the_bracketing_window_are_ambiguous_not_false_current ... ok
test browser::i107_mirror::tests::inline_style_invalidation_makes_style_uncertain_not_current ... ok
test browser::i107_mirror::tests::faulted_streams_never_produce_false_current_without_detection_paths ... ok
test browser::i107_mirror::tests::unrelated_and_stale_session_events_are_ignored_and_counted ... ok
test browser::i107_mirror::tests::inserted_container_without_children_is_unknown_until_set_child_nodes ... ok
test browser::i107_mirror::tests::mode_is_off_unless_explicitly_shadow_or_shadow_audit ... ok
test browser::i107_mirror::tests::navigation_invalidation_drops_the_mirror ... ok
test browser::i107_mirror::tests::missing_event_is_invisible_to_the_mirror_and_caught_only_by_the_fresh_audit ... ok
test browser::i107_mirror::tests::property_only_changes_are_never_claimed ... ok
test browser::i107_mirror::tests::generation_invalidation_drops_the_mirror ... ok
test browser::i107_mirror::tests::session_loss_events_are_reported_as_lost ... ok
test browser::i107_mirror::tests::overflow_invalidates_and_is_counted ... ok
test browser::i107_mirror::tests::structural_inconsistencies_invalidate_instead_of_guessing ... ok
test browser::i107_mirror::tests::shadow_mode_has_no_audit_window ... ok
test browser::i107_mirror::tests::existing_profile_sockets_never_get_a_mirror ... ok
test browser::i107_mirror::tests::session_end_drops_the_mirror_and_detaches_its_event_session ... ok
test browser::i107_mirror::tests::audit_cut_applies_events_queued_before_the_ping_reply ... ok
test browser::i107_mirror::tests::off_mode_creates_no_event_session_and_no_mirror ... ok
test browser::i107_mirror::tests::node_cap_invalidates_and_frees_the_projection ... ok

test result: ok. 39 passed; 0 failed; 0 ignored; 0 measured; 821 filtered out; finished in 1.07s

[2026-10-02T05:16:12Z] unit done rc=0
