test_form_task_reports_common_fields_without_a_visual_parse (test_native_timing.NativeStepTimingTest.test_form_task_reports_common_fields_without_a_visual_parse) ... FAIL
test_visual_fallback_reports_parse_only_visual_time_and_both_observations (test_native_timing.NativeStepTimingTest.test_visual_fallback_reports_parse_only_visual_time_and_both_observations) ... FAIL

======================================================================
FAIL: test_form_task_reports_common_fields_without_a_visual_parse (test_native_timing.NativeStepTimingTest.test_form_task_reports_common_fields_without_a_visual_parse)
----------------------------------------------------------------------
Traceback (most recent call last):
  File "<scratch>/M3-visual-includes-semantic-py/jev-use/python/tests/test_native_timing.py", line 95, in test_form_task_reports_common_fields_without_a_visual_parse
    self.check_scenario("counter")
  File "<scratch>/M3-visual-includes-semantic-py/jev-use/python/tests/test_native_timing.py", line 86, in check_scenario
    self.assertEqual(step["visual_observe_ms"], 0)
AssertionError: 26.92 != 0

======================================================================
FAIL: test_visual_fallback_reports_parse_only_visual_time_and_both_observations (test_native_timing.NativeStepTimingTest.test_visual_fallback_reports_parse_only_visual_time_and_both_observations)
----------------------------------------------------------------------
Traceback (most recent call last):
  File "<scratch>/M3-visual-includes-semantic-py/jev-use/python/tests/test_native_timing.py", line 98, in test_visual_fallback_reports_parse_only_visual_time_and_both_observations
    self.check_scenario("canvas")
  File "<scratch>/M3-visual-includes-semantic-py/jev-use/python/tests/test_native_timing.py", line 83, in check_scenario
    self.assertEqual(step["visual_observe_ms"], step["visual"]["parse_ms"])
AssertionError: 69.1 != 16.71

----------------------------------------------------------------------
Ran 2 tests in 6.003s

FAILED (failures=2)
