test_form_task_reports_common_fields_without_a_visual_parse (test_native_timing.NativeStepTimingTest.test_form_task_reports_common_fields_without_a_visual_parse) ... ERROR
test_visual_fallback_reports_parse_only_visual_time_and_both_observations (test_native_timing.NativeStepTimingTest.test_visual_fallback_reports_parse_only_visual_time_and_both_observations) ... ERROR

======================================================================
ERROR: test_form_task_reports_common_fields_without_a_visual_parse (test_native_timing.NativeStepTimingTest.test_form_task_reports_common_fields_without_a_visual_parse)
----------------------------------------------------------------------
Traceback (most recent call last):
  File "<scratch>/M4-drop-scope-py/jev-use/python/tests/test_native_timing.py", line 95, in test_form_task_reports_common_fields_without_a_visual_parse
    self.check_scenario("counter")
  File "<scratch>/M4-drop-scope-py/jev-use/python/tests/test_native_timing.py", line 67, in check_scenario
    self.assertEqual(step["visual_observe_scope"], CONTRACT["visual_observe_scope"])
                     ~~~~^^^^^^^^^^^^^^^^^^^^^^^^
KeyError: 'visual_observe_scope'

======================================================================
ERROR: test_visual_fallback_reports_parse_only_visual_time_and_both_observations (test_native_timing.NativeStepTimingTest.test_visual_fallback_reports_parse_only_visual_time_and_both_observations)
----------------------------------------------------------------------
Traceback (most recent call last):
  File "<scratch>/M4-drop-scope-py/jev-use/python/tests/test_native_timing.py", line 98, in test_visual_fallback_reports_parse_only_visual_time_and_both_observations
    self.check_scenario("canvas")
  File "<scratch>/M4-drop-scope-py/jev-use/python/tests/test_native_timing.py", line 67, in check_scenario
    self.assertEqual(step["visual_observe_scope"], CONTRACT["visual_observe_scope"])
                     ~~~~^^^^^^^^^^^^^^^^^^^^^^^^
KeyError: 'visual_observe_scope'

----------------------------------------------------------------------
Ran 2 tests in 6.632s

FAILED (errors=2)
