test_form_task_reports_common_fields_without_a_visual_parse (test_native_timing.NativeStepTimingTest.test_form_task_reports_common_fields_without_a_visual_parse) ... FAIL
test_visual_fallback_reports_parse_only_visual_time_and_both_observations (test_native_timing.NativeStepTimingTest.test_visual_fallback_reports_parse_only_visual_time_and_both_observations) ... FAIL

======================================================================
FAIL: test_form_task_reports_common_fields_without_a_visual_parse (test_native_timing.NativeStepTimingTest.test_form_task_reports_common_fields_without_a_visual_parse)
----------------------------------------------------------------------
Traceback (most recent call last):
  File "<scratch>/M5-total-excludes-action-py/jev-use/python/tests/test_native_timing.py", line 95, in test_form_task_reports_common_fields_without_a_visual_parse
    self.check_scenario("counter")
  File "<scratch>/M5-total-excludes-action-py/jev-use/python/tests/test_native_timing.py", line 92, in check_scenario
    self.assertGreaterEqual(step["total_step_ms"] + TOLERANCE, step["decision_ms"] + step["action_ms"])
AssertionError: 28.63 not greater than or equal to 49.8

======================================================================
FAIL: test_visual_fallback_reports_parse_only_visual_time_and_both_observations (test_native_timing.NativeStepTimingTest.test_visual_fallback_reports_parse_only_visual_time_and_both_observations)
----------------------------------------------------------------------
Traceback (most recent call last):
  File "<scratch>/M5-total-excludes-action-py/jev-use/python/tests/test_native_timing.py", line 98, in test_visual_fallback_reports_parse_only_visual_time_and_both_observations
    self.check_scenario("canvas")
  File "<scratch>/M5-total-excludes-action-py/jev-use/python/tests/test_native_timing.py", line 92, in check_scenario
    self.assertGreaterEqual(step["total_step_ms"] + TOLERANCE, step["decision_ms"] + step["action_ms"])
AssertionError: 69.48 not greater than or equal to 90.75

----------------------------------------------------------------------
Ran 2 tests in 6.090s

FAILED (failures=2)
