TAP version 13
# Subtest: form task reports common fields without a visual parse
ok 1 - form task reports common fields without a visual parse
  ---
  duration_ms: 4753.423333
  type: 'test'
  ...
# Subtest: visual fallback reports parse-only visual time and both observations
not ok 2 - visual fallback reports parse-only visual time and both observations
  ---
  duration_ms: 662.983387
  type: 'test'
  location: '<scratch>/M6-semantic-first-only-ts/jev-use/typescript/native_timing.test.ts:1:3649'
  failureType: 'testCodeFailure'
  error: 'semantic_observe_ms'
  code: 'ERR_ASSERTION'
  name: 'AssertionError'
  expected: true
  actual: false
  operator: '=='
  stack: |-
    checkScenario (<scratch>/M6-semantic-first-only-ts/jev-use/typescript/native_timing.test.ts:85:12)
    TestContext.<anonymous> (<scratch>/M6-semantic-first-only-ts/jev-use/typescript/native_timing.test.ts:112:3)
    Test.runInAsyncScope (node:async_hooks:214:14)
    Test.run (node:internal/test_runner/test:1047:25)
    Test.processPendingSubtests (node:internal/test_runner/test:744:18)
    Test.postRun (node:internal/test_runner/test:1173:19)
    Test.run (node:internal/test_runner/test:1101:12)
    async startSubtestAfterBootstrap (node:internal/test_runner/harness:296:3)
  ...
1..2
# tests 2
# suites 0
# pass 1
# fail 1
# cancelled 0
# skipped 0
# todo 0
# duration_ms 5671.467705
