TAP version 13
# Subtest: form task reports common fields without a visual parse
not ok 1 - form task reports common fields without a visual parse
  ---
  duration_ms: 4735.169602
  type: 'test'
  location: '<scratch>/M8-extra-driver-call-ts/jev-use/typescript/native_timing.test.ts:1:3548'
  failureType: 'testCodeFailure'
  error: |-
    Expected values to be strictly deep-equal:
    + actual - expected
    
      [
        'list_windows',
        'get_window_state',
    +   'get_window_state',
        'click',
        'get_window_state',
    +   'get_window_state',
        'click',
        'get_window_state',
    +   'get_window_state',
        'click'
      ]
    
  code: 'ERR_ASSERTION'
  name: 'AssertionError'
  expected:
    0: 'list_windows'
    1: 'get_window_state'
    2: 'click'
    3: 'get_window_state'
    4: 'click'
    5: 'get_window_state'
    6: 'click'
  actual:
    0: 'list_windows'
    1: 'get_window_state'
    2: 'get_window_state'
    3: 'click'
    4: 'get_window_state'
    5: 'get_window_state'
    6: 'click'
    7: 'get_window_state'
    8: 'get_window_state'
    9: 'click'
  operator: 'deepStrictEqual'
  stack: |-
    checkScenario (<scratch>/M8-extra-driver-call-ts/jev-use/typescript/native_timing.test.ts:67:10)
    TestContext.<anonymous> (<scratch>/M8-extra-driver-call-ts/jev-use/typescript/native_timing.test.ts:108:3)
    Test.runInAsyncScope (node:async_hooks:214:14)
    Test.run (node:internal/test_runner/test:1047:25)
    Test.start (node:internal/test_runner/test:944:17)
    startSubtestAfterBootstrap (node:internal/test_runner/harness:296:17)
  ...
# Subtest: visual fallback reports parse-only visual time and both observations
not ok 2 - visual fallback reports parse-only visual time and both observations
  ---
  duration_ms: 525.796184
  type: 'test'
  location: '<scratch>/M8-extra-driver-call-ts/jev-use/typescript/native_timing.test.ts:1:3649'
  failureType: 'testCodeFailure'
  error: |-
    Expected values to be strictly deep-equal:
    + actual - expected
    
      [
        'list_windows',
        'get_window_state',
        'get_window_state',
    +   'get_window_state',
        'parse_visual_regions',
        'click'
      ]
    
  code: 'ERR_ASSERTION'
  name: 'AssertionError'
  expected:
    0: 'list_windows'
    1: 'get_window_state'
    2: 'get_window_state'
    3: 'parse_visual_regions'
    4: 'click'
  actual:
    0: 'list_windows'
    1: 'get_window_state'
    2: 'get_window_state'
    3: 'get_window_state'
    4: 'parse_visual_regions'
    5: 'click'
  operator: 'deepStrictEqual'
  stack: |-
    checkScenario (<scratch>/M8-extra-driver-call-ts/jev-use/typescript/native_timing.test.ts:67:10)
    TestContext.<anonymous> (<scratch>/M8-extra-driver-call-ts/jev-use/typescript/native_timing.test.ts:112:3)
    Test.runInAsyncScope (node:async_hooks:214:14)
    Test.run (node:internal/test_runner/test:1047:25)
    Test.processPendingSubtests (node:internal/test_runner/test:744:18)
    Test.postRun (node:internal/test_runner/test:1173:19)
    Test.run (node:internal/test_runner/test:1101:12)
    async startSubtestAfterBootstrap (node:internal/test_runner/harness:296:3)
  ...
1..2
# tests 2
# suites 0
# pass 0
# fail 2
# cancelled 0
# skipped 0
# todo 0
# duration_ms 5431.294814
