TAP version 13
# Subtest: form task reports common fields without a visual parse
ok 1 - form task reports common fields without a visual parse
  ---
  duration_ms: 5085.504828
  type: 'test'
  ...
# Subtest: visual fallback reports parse-only visual time and both observations
ok 2 - visual fallback reports parse-only visual time and both observations
  ---
  duration_ms: 783.890801
  type: 'test'
  ...
1..2
# tests 2
# suites 0
# pass 2
# fail 0
# cancelled 0
# skipped 0
# todo 0
# duration_ms 6196.473327
