[session] DISPLAY=:100 openbox=3683541 picom=3683542 dbus=unix:path=<session-tmp>/dbus-X,guid=221a14790ced4017a533be126abf3b07
[b02] DISPLAY=:100 start_utc=2026-10-02T05:03:05.465Z loadavg=3.89 7.36 9.36 3/2374 3683991
Cua Driver sends content-free product telemetry by default. Run `cua-driver telemetry disable` to stop it; `cua-driver telemetry status` shows the current setting.
dbus-daemon[3683539]: [session uid=1000 pid=3683539 pidfd=5] Activating service name='org.a11y.Bus' requested by ':1.0' (uid=1000 pid=3684152 comm="<lanes>/bin/cua-driver-b0")
dbus-daemon[3683539]: [session uid=1000 pid=3683539 pidfd=5] Successfully activated service 'org.a11y.Bus'
dbus-daemon[3683539]: [session uid=1000 pid=3683539 pidfd=5] Activating service name='ca.desrt.dconf' requested by ':1.1' (uid=1000 pid=3684166 comm="/usr/lib/at-spi-bus-launcher")
dbus-daemon[3683539]: [session uid=1000 pid=3683539 pidfd=5] Successfully activated service 'ca.desrt.dconf'
dbus-daemon[3683539]: [session uid=1000 pid=3683539 pidfd=5] Activating service name='org.freedesktop.systemd1' requested by ':1.4' (uid=1000 pid=3684194 comm="/usr/bin/dbus-broker-launch --config-file=/usr/sha")
dbus-daemon[3683539]: [session uid=1000 pid=3683539 pidfd=5] Activated service 'org.freedesktop.systemd1' failed: Process org.freedesktop.systemd1 exited with status 1
[2m2026-10-02T05:03:06.065575Z[0m [33m WARN[0m [2mcua_driver_sdk::runtime[0m[2m:[0m could not activate the persistent AT-SPI listener: AT-SPI connect failed: ZBus Error: MethodError(OwnedErrorName("org.freedesktop.DBus.Error.NameHasNoOwner"), Some("Could not activate remote peer 'org.a11y.atspi.Registry': unit failed"), Msg { type: Error, serial: 4294967295, sender: UniqueName("org.freedesktop.DBus"), reply-serial: 10, body: Str, fds: [] })
[2m2026-10-02T05:03:06.075405Z[0m [33m WARN[0m [2mplatform_linux::overlay[0m[2m:[0m X11 overlay: root reads cannot see this window's own pixels; save-unders will be served without readback confirmation
{"trial": "s000-fill-step0", "error": ["DriverToolError: browser_prepare refused: {'code': 'browser_route_unavailable', 'message': 'no root-owned, non-writable system Chromium executable is available for isolated launch'}"]}
dbus-daemon[3683539]: [session uid=1000 pid=3683539 pidfd=5] Activating service name='org.freedesktop.systemd1' requested by ':1.4' (uid=1000 pid=3684194 comm="/usr/bin/dbus-broker-launch --config-file=/usr/sha")
dbus-daemon[3683539]: [session uid=1000 pid=3683539 pidfd=5] Activated service 'org.freedesktop.systemd1' failed: Process org.freedesktop.systemd1 exited with status 1
[2m2026-10-02T05:03:07.145391Z[0m [33m WARN[0m [2mcua_driver_sdk::runtime[0m[2m:[0m could not activate the persistent AT-SPI listener: AT-SPI connect failed: ZBus Error: MethodError(OwnedErrorName("org.freedesktop.DBus.Error.NameHasNoOwner"), Some("Could not activate remote peer 'org.a11y.atspi.Registry': unit failed"), Msg { type: Error, serial: 4294967295, sender: UniqueName("org.freedesktop.DBus"), reply-serial: 9, body: Str, fds: [] })
[2m2026-10-02T05:03:07.156324Z[0m [33m WARN[0m [2mplatform_linux::overlay[0m[2m:[0m X11 overlay: root reads cannot see this window's own pixels; save-unders will be served without readback confirmation
{"trial": "s001-toggle-step0", "error": ["DriverToolError: browser_prepare refused: {'code': 'browser_route_unavailable', 'message': 'no root-owned, non-writable system Chromium executable is available for isolated launch'}"]}
dbus-daemon[3683539]: [session uid=1000 pid=3683539 pidfd=5] Activating service name='org.freedesktop.systemd1' requested by ':1.4' (uid=1000 pid=3684194 comm="/usr/bin/dbus-broker-launch --config-file=/usr/sha")
dbus-daemon[3683539]: [session uid=1000 pid=3683539 pidfd=5] Activated service 'org.freedesktop.systemd1' failed: Process org.freedesktop.systemd1 exited with status 1
[2m2026-10-02T05:03:08.388615Z[0m [33m WARN[0m [2mcua_driver_sdk::runtime[0m[2m:[0m could not activate the persistent AT-SPI listener: AT-SPI connect failed: ZBus Error: MethodError(OwnedErrorName("org.freedesktop.DBus.Error.NameHasNoOwner"), Some("Could not activate remote peer 'org.a11y.atspi.Registry': unit failed"), Msg { type: Error, serial: 4294967295, sender: UniqueName("org.freedesktop.DBus"), reply-serial: 9, body: Str, fds: [] })
[2m2026-10-02T05:03:08.397223Z[0m [33m WARN[0m [2mplatform_linux::overlay[0m[2m:[0m X11 overlay: root reads cannot see this window's own pixels; save-unders will be served without readback confirmation
{"trial": "s002-modal-step0", "error": ["DriverToolError: browser_prepare refused: {'code': 'browser_route_unavailable', 'message': 'no root-owned, non-writable system Chromium executable is available for isolated launch'}"]}
[b02] end_utc=2026-10-02T05:03:09.598Z rc=0
[session] exit rc=0 run_dir=<lane-tmp>/x11-session.fxHL0p
