dbus-daemon[126587]: [session uid=1000 pid=126587 pidfd=5] Activating service name='org.freedesktop.systemd1' requested by ':1.1' (uid=1000 pid=126596 comm="/usr/bin/dbus-broker-launch --config-file=/usr/sha")
dbus-daemon[126587]: [session uid=1000 pid=126587 pidfd=5] Activated service 'org.freedesktop.systemd1' failed: Process org.freedesktop.systemd1 exited with status 1
[session] DISPLAY=:99 openbox=126674 picom=126675 dbus=unix:path=<tmp>/dbus-JZq61onXCM,guid=8dca2c316ce0825cd60ff3ee6abfe93f
dbus-daemon[126587]: [session uid=1000 pid=126587 pidfd=5] Activating service name='org.gtk.vfs.Daemon' requested by ':1.5' (uid=1000 pid=126934 comm="/usr/bin/python3 <lanes>/")
dbus-daemon[126587]: [session uid=1000 pid=126587 pidfd=5] Successfully activated service 'org.gtk.vfs.Daemon'
fusermount3: mount failed: Operation not permitted
dbus-daemon[126587]: [session uid=1000 pid=126587 pidfd=5] Activating service name='ca.desrt.dconf' requested by ':1.0' (uid=1000 pid=126589 comm="/usr/lib/at-spi-bus-launcher --launch-immediately")
dbus-daemon[126587]: [session uid=1000 pid=126587 pidfd=5] Successfully activated service 'ca.desrt.dconf'
dbus-daemon[126587]: [session uid=1000 pid=126587 pidfd=5] Activating service name='org.gtk.vfs.Metadata' requested by ':1.5' (uid=1000 pid=126934 comm="/usr/bin/python3 <lanes>/")
dbus-daemon[126587]: [session uid=1000 pid=126587 pidfd=5] Successfully activated service 'org.gtk.vfs.Metadata'
{"trial_id": "t011-m0-ty-choose-size", "runner_rc": 0, "runner_outcome": "verified", "oracle_verified": true, "harness_error": null}
{"trial_id": "t012-head-ty-choose-size", "runner_rc": 0, "runner_outcome": "verified", "oracle_verified": true, "harness_error": null}
{"trial_id": "t013-m0-py-save-note", "runner_rc": 0, "runner_outcome": "verified", "oracle_verified": true, "harness_error": null}
{"trial_id": "t014-head-py-save-note", "runner_rc": 0, "runner_outcome": "verified", "oracle_verified": true, "harness_error": null}
{"trial_id": "t015-m0-ty-save-note", "runner_rc": 0, "runner_outcome": "verified", "oracle_verified": true, "harness_error": null}
{"trial_id": "t016-head-ty-save-note", "runner_rc": 0, "runner_outcome": "verified", "oracle_verified": true, "harness_error": null}
{"trial_id": "t017-head-py-choose-size", "runner_rc": 0, "runner_outcome": "verified", "oracle_verified": true, "harness_error": null}
{"trial_id": "t018-m0-py-choose-size", "runner_rc": 0, "runner_outcome": "verified", "oracle_verified": true, "harness_error": null}
{"trial_id": "t019-head-ty-choose-size", "runner_rc": 0, "runner_outcome": "verified", "oracle_verified": true, "harness_error": null}
{"trial_id": "t020-m0-ty-choose-size", "runner_rc": 0, "runner_outcome": "verified", "oracle_verified": true, "harness_error": null}
A connection to the bus can't be made
[session] exit rc=0 run_dir=<lane-tmp>/x11-session.IzSk0a
