dbus-daemon[156024]: [session uid=1000 pid=156024 pidfd=5] Activating service name='org.freedesktop.systemd1' requested by ':1.1' (uid=1000 pid=156033 comm="/usr/bin/dbus-broker-launch --config-file=/usr/sha")
dbus-daemon[156024]: [session uid=1000 pid=156024 pidfd=5] Activated service 'org.freedesktop.systemd1' failed: Process org.freedesktop.systemd1 exited with status 1
[session] DISPLAY=:99 openbox=156074 picom=156075 dbus=unix:path=<tmp>/dbus-5xnJwZtob2,guid=6aaa70d2272f8f30327b740d6abfea10
dbus-daemon[156024]: [session uid=1000 pid=156024 pidfd=5] Activating service name='org.gtk.vfs.Daemon' requested by ':1.5' (uid=1000 pid=156204 comm="/usr/bin/python3 <lanes>/")
dbus-daemon[156024]: [session uid=1000 pid=156024 pidfd=5] Successfully activated service 'org.gtk.vfs.Daemon'
fusermount3: mount failed: Operation not permitted
dbus-daemon[156024]: [session uid=1000 pid=156024 pidfd=5] Activating service name='ca.desrt.dconf' requested by ':1.0' (uid=1000 pid=156026 comm="/usr/lib/at-spi-bus-launcher --launch-immediately")
dbus-daemon[156024]: [session uid=1000 pid=156024 pidfd=5] Successfully activated service 'ca.desrt.dconf'
dbus-daemon[156024]: [session uid=1000 pid=156024 pidfd=5] Activating service name='org.gtk.vfs.Metadata' requested by ':1.5' (uid=1000 pid=156204 comm="/usr/bin/python3 <lanes>/")
dbus-daemon[156024]: [session uid=1000 pid=156024 pidfd=5] Successfully activated service 'org.gtk.vfs.Metadata'
{"trial_id": "t041-m0-py-choose-size", "runner_rc": 0, "runner_outcome": "verified", "oracle_verified": true, "harness_error": null}
{"trial_id": "t042-head-py-choose-size", "runner_rc": 0, "runner_outcome": "verified", "oracle_verified": true, "harness_error": null}
{"trial_id": "t043-m0-ty-choose-size", "runner_rc": 0, "runner_outcome": "verified", "oracle_verified": true, "harness_error": null}
{"trial_id": "t044-head-ty-choose-size", "runner_rc": 0, "runner_outcome": "verified", "oracle_verified": true, "harness_error": null}
{"trial_id": "t045-m0-py-save-note", "runner_rc": 0, "runner_outcome": "verified", "oracle_verified": true, "harness_error": null}
{"trial_id": "t046-head-py-save-note", "runner_rc": 0, "runner_outcome": "verified", "oracle_verified": true, "harness_error": null}
{"trial_id": "t047-m0-ty-save-note", "runner_rc": 0, "runner_outcome": "verified", "oracle_verified": true, "harness_error": null}
{"trial_id": "t048-head-ty-save-note", "runner_rc": 0, "runner_outcome": "verified", "oracle_verified": true, "harness_error": null}
{"trial_id": "t049-head-py-choose-size", "runner_rc": 0, "runner_outcome": "verified", "oracle_verified": true, "harness_error": null}
{"trial_id": "t050-m0-py-choose-size", "runner_rc": 0, "runner_outcome": "verified", "oracle_verified": true, "harness_error": null}
A connection to the bus can't be made
[session] exit rc=0 run_dir=<lane-tmp>/x11-session.je0Dc4
