dbus-daemon[1000100]: [session uid=1000 pid=1000100 pidfd=5] Activating service name='org.freedesktop.systemd1' requested by ':1.1' (uid=1000 pid=1000109 comm="/usr/bin/dbus-broker-launch --config-file=/usr/sha")
dbus-daemon[1000100]: [session uid=1000 pid=1000100 pidfd=5] Activated service 'org.freedesktop.systemd1' failed: Process org.freedesktop.systemd1 exited with status 1
[session] DISPLAY=:99 openbox=1000156 picom=1000157 dbus=unix:path=<tmp>/dbus-7NRcUeDJHo,guid=dd96c11b7e435aa17bf173776abfffc0
dbus-daemon[1000100]: [session uid=1000 pid=1000100 pidfd=5] Activating service name='org.gtk.vfs.Daemon' requested by ':1.5' (uid=1000 pid=1000218 comm="/usr/bin/python3 <lanes>/")
dbus-daemon[1000100]: [session uid=1000 pid=1000100 pidfd=5] Successfully activated service 'org.gtk.vfs.Daemon'
fusermount3: mount failed: Operation not permitted
dbus-daemon[1000100]: [session uid=1000 pid=1000100 pidfd=5] Activating service name='ca.desrt.dconf' requested by ':1.0' (uid=1000 pid=1000102 comm="/usr/lib/at-spi-bus-launcher --launch-immediately")
dbus-daemon[1000100]: [session uid=1000 pid=1000100 pidfd=5] Successfully activated service 'ca.desrt.dconf'
{"trial_id": "t111-m0-ty-save-note", "runner_rc": 0, "runner_outcome": "verified", "oracle_verified": true, "harness_error": null}
{"trial_id": "t112-head-ty-save-note", "runner_rc": 0, "runner_outcome": "verified", "oracle_verified": true, "harness_error": null}
dbus-daemon[1000100]: [session uid=1000 pid=1000100 pidfd=5] Activating service name='org.gtk.vfs.Metadata' requested by ':1.15' (uid=1000 pid=1001049 comm="/usr/bin/python3 <lanes>/")
dbus-daemon[1000100]: [session uid=1000 pid=1000100 pidfd=5] Successfully activated service 'org.gtk.vfs.Metadata'
{"trial_id": "t113-head-py-choose-size", "runner_rc": 0, "runner_outcome": "verified", "oracle_verified": true, "harness_error": null}
{"trial_id": "t114-m0-py-choose-size", "runner_rc": 0, "runner_outcome": "verified", "oracle_verified": true, "harness_error": null}
{"trial_id": "t115-head-ty-choose-size", "runner_rc": 0, "runner_outcome": "verified", "oracle_verified": true, "harness_error": null}
{"trial_id": "t116-m0-ty-choose-size", "runner_rc": 0, "runner_outcome": "verified", "oracle_verified": true, "harness_error": null}
{"trial_id": "t117-head-py-save-note", "runner_rc": 0, "runner_outcome": "verified", "oracle_verified": true, "harness_error": null}
{"trial_id": "t118-m0-py-save-note", "runner_rc": 0, "runner_outcome": "verified", "oracle_verified": true, "harness_error": null}
{"trial_id": "t119-head-ty-save-note", "runner_rc": 0, "runner_outcome": "verified", "oracle_verified": true, "harness_error": null}
{"trial_id": "t120-m0-ty-save-note", "runner_rc": 0, "runner_outcome": "verified", "oracle_verified": true, "harness_error": null}
A connection to the bus can't be made
[session] exit rc=0 run_dir=<lane-tmp>/x11-session.4GYcaC
