dbus-daemon[905771]: [session uid=1000 pid=905771 pidfd=5] Activating service name='org.freedesktop.systemd1' requested by ':1.1' (uid=1000 pid=905780 comm="/usr/bin/dbus-broker-launch --config-file=/usr/sha")
dbus-daemon[905771]: [session uid=1000 pid=905771 pidfd=5] Activated service 'org.freedesktop.systemd1' failed: Process org.freedesktop.systemd1 exited with status 1
[session] DISPLAY=:100 openbox=905814 picom=905815 dbus=unix:path=<tmp>/dbus-qLcZqfrYdq,guid=041709532f4239e6fa31a5f86abffcc9
dbus-daemon[905771]: [session uid=1000 pid=905771 pidfd=5] Activating service name='org.gtk.vfs.Daemon' requested by ':1.5' (uid=1000 pid=905959 comm="/usr/bin/python3 <lanes>/")
dbus-daemon[905771]: [session uid=1000 pid=905771 pidfd=5] Successfully activated service 'org.gtk.vfs.Daemon'
fusermount3: mount failed: Operation not permitted
dbus-daemon[905771]: [session uid=1000 pid=905771 pidfd=5] Activating service name='ca.desrt.dconf' requested by ':1.0' (uid=1000 pid=905773 comm="/usr/lib/at-spi-bus-launcher --launch-immediately")
dbus-daemon[905771]: [session uid=1000 pid=905771 pidfd=5] Successfully activated service 'ca.desrt.dconf'
{"trial_id": "t101-head-py-save-note", "runner_rc": 0, "runner_outcome": "verified", "oracle_verified": true, "harness_error": null}
{"trial_id": "t102-m0-py-save-note", "runner_rc": 0, "runner_outcome": "verified", "oracle_verified": true, "harness_error": null}
{"trial_id": "t103-head-ty-save-note", "runner_rc": 0, "runner_outcome": "verified", "oracle_verified": true, "harness_error": null}
{"trial_id": "t104-m0-ty-save-note", "runner_rc": 0, "runner_outcome": "verified", "oracle_verified": true, "harness_error": null}
dbus-daemon[905771]: [session uid=1000 pid=905771 pidfd=5] Activating service name='org.gtk.vfs.Metadata' requested by ':1.23' (uid=1000 pid=909067 comm="/usr/bin/python3 <lanes>/")
dbus-daemon[905771]: [session uid=1000 pid=905771 pidfd=5] Successfully activated service 'org.gtk.vfs.Metadata'
{"trial_id": "t105-m0-py-choose-size", "runner_rc": 0, "runner_outcome": "verified", "oracle_verified": true, "harness_error": null}
{"trial_id": "t106-head-py-choose-size", "runner_rc": 0, "runner_outcome": "verified", "oracle_verified": true, "harness_error": null}
{"trial_id": "t107-m0-ty-choose-size", "runner_rc": 0, "runner_outcome": "verified", "oracle_verified": true, "harness_error": null}
{"trial_id": "t108-head-ty-choose-size", "runner_rc": 0, "runner_outcome": "verified", "oracle_verified": true, "harness_error": null}
{"trial_id": "t109-m0-py-save-note", "runner_rc": 0, "runner_outcome": "verified", "oracle_verified": true, "harness_error": null}
{"trial_id": "t110-head-py-save-note", "runner_rc": 0, "runner_outcome": "verified", "oracle_verified": true, "harness_error": null}
A connection to the bus can't be made
[session] exit rc=0 run_dir=<lane-tmp>/x11-session.xoqU34
