dbus-daemon[667156]: [session uid=1000 pid=667156 pidfd=5] Activating service name='org.freedesktop.systemd1' requested by ':1.1' (uid=1000 pid=667173 comm="/usr/bin/dbus-broker-launch --config-file=/usr/sha")
dbus-daemon[667156]: [session uid=1000 pid=667156 pidfd=5] Activated service 'org.freedesktop.systemd1' failed: Process org.freedesktop.systemd1 exited with status 1
[session] DISPLAY=:99 openbox=667231 picom=667232 dbus=unix:path=<tmp>/dbus-5mDKFw4jZF,guid=ee583e2da4f0d27780664b7a6abff688
dbus-daemon[667156]: [session uid=1000 pid=667156 pidfd=5] Activating service name='org.gtk.vfs.Daemon' requested by ':1.5' (uid=1000 pid=667322 comm="/usr/bin/python3 <lanes>/")
dbus-daemon[667156]: [session uid=1000 pid=667156 pidfd=5] Successfully activated service 'org.gtk.vfs.Daemon'
fusermount3: mount failed: Operation not permitted
dbus-daemon[667156]: [session uid=1000 pid=667156 pidfd=5] Activating service name='ca.desrt.dconf' requested by ':1.0' (uid=1000 pid=667162 comm="/usr/lib/at-spi-bus-launcher --launch-immediately")
dbus-daemon[667156]: [session uid=1000 pid=667156 pidfd=5] Successfully activated service 'ca.desrt.dconf'
dbus-daemon[667156]: [session uid=1000 pid=667156 pidfd=5] Activating service name='org.gtk.vfs.Metadata' requested by ':1.5' (uid=1000 pid=667322 comm="/usr/bin/python3 <lanes>/")
dbus-daemon[667156]: [session uid=1000 pid=667156 pidfd=5] Successfully activated service 'org.gtk.vfs.Metadata'
{"trial_id": "t091-m0-ty-choose-size", "runner_rc": 0, "runner_outcome": "verified", "oracle_verified": true, "harness_error": null}
{"trial_id": "t092-head-ty-choose-size", "runner_rc": 0, "runner_outcome": "verified", "oracle_verified": true, "harness_error": null}
{"trial_id": "t093-m0-py-save-note", "runner_rc": 0, "runner_outcome": "verified", "oracle_verified": true, "harness_error": null}
{"trial_id": "t094-head-py-save-note", "runner_rc": 0, "runner_outcome": "verified", "oracle_verified": true, "harness_error": null}
{"trial_id": "t095-m0-ty-save-note", "runner_rc": 0, "runner_outcome": "verified", "oracle_verified": true, "harness_error": null}
{"trial_id": "t096-head-ty-save-note", "runner_rc": 0, "runner_outcome": "verified", "oracle_verified": true, "harness_error": null}
{"trial_id": "t097-head-py-choose-size", "runner_rc": 0, "runner_outcome": "verified", "oracle_verified": true, "harness_error": null}
{"trial_id": "t098-m0-py-choose-size", "runner_rc": 0, "runner_outcome": "verified", "oracle_verified": true, "harness_error": null}
{"trial_id": "t099-head-ty-choose-size", "runner_rc": 0, "runner_outcome": "verified", "oracle_verified": true, "harness_error": null}
{"trial_id": "t100-m0-ty-choose-size", "runner_rc": 0, "runner_outcome": "verified", "oracle_verified": true, "harness_error": null}
A connection to the bus can't be made
[session] exit rc=0 run_dir=<lane-tmp>/x11-session.sNHTbl
