dbus-daemon[1179995]: [session uid=1000 pid=1179995 pidfd=5] Activating service name='org.freedesktop.systemd1' requested by ':1.1' (uid=1000 pid=1180004 comm="/usr/bin/dbus-broker-launch --config-file=/usr/sha")
dbus-daemon[1179995]: [session uid=1000 pid=1179995 pidfd=5] Activated service 'org.freedesktop.systemd1' failed: Process org.freedesktop.systemd1 exited with status 1
[session] DISPLAY=:99 openbox=1180071 picom=1180072 dbus=unix:path=<tmp>/dbus-43j12BPy9f,guid=1700be2a12dbeb1025688d526ac00746
dbus-daemon[1179995]: [session uid=1000 pid=1179995 pidfd=5] Activating service name='org.gtk.vfs.Daemon' requested by ':1.5' (uid=1000 pid=1180175 comm="/usr/bin/python3 <lanes>/")
dbus-daemon[1179995]: [session uid=1000 pid=1179995 pidfd=5] Successfully activated service 'org.gtk.vfs.Daemon'
fusermount3: mount failed: Operation not permitted
dbus-daemon[1179995]: [session uid=1000 pid=1179995 pidfd=5] Activating service name='ca.desrt.dconf' requested by ':1.0' (uid=1000 pid=1179997 comm="/usr/lib/at-spi-bus-launcher --launch-immediately")
dbus-daemon[1179995]: [session uid=1000 pid=1179995 pidfd=5] Successfully activated service 'ca.desrt.dconf'
dbus-daemon[1179995]: [session uid=1000 pid=1179995 pidfd=5] Activating service name='org.gtk.vfs.Metadata' requested by ':1.5' (uid=1000 pid=1180175 comm="/usr/bin/python3 <lanes>/")
dbus-daemon[1179995]: [session uid=1000 pid=1179995 pidfd=5] Successfully activated service 'org.gtk.vfs.Metadata'
{"trial_id": "t131-head-ty-choose-size", "runner_rc": 0, "runner_outcome": "verified", "oracle_verified": true, "harness_error": null}
{"trial_id": "t132-m0-ty-choose-size", "runner_rc": 0, "runner_outcome": "verified", "oracle_verified": true, "harness_error": null}
{"trial_id": "t133-head-py-save-note", "runner_rc": 0, "runner_outcome": "verified", "oracle_verified": true, "harness_error": null}
{"trial_id": "t134-m0-py-save-note", "runner_rc": 0, "runner_outcome": "verified", "oracle_verified": true, "harness_error": null}
{"trial_id": "t135-head-ty-save-note", "runner_rc": 0, "runner_outcome": "verified", "oracle_verified": true, "harness_error": null}
{"trial_id": "t136-m0-ty-save-note", "runner_rc": 0, "runner_outcome": "verified", "oracle_verified": true, "harness_error": null}
{"trial_id": "t137-m0-py-choose-size", "runner_rc": 0, "runner_outcome": "verified", "oracle_verified": true, "harness_error": null}
{"trial_id": "t138-head-py-choose-size", "runner_rc": 0, "runner_outcome": "verified", "oracle_verified": true, "harness_error": null}
{"trial_id": "t139-m0-ty-choose-size", "runner_rc": 0, "runner_outcome": "verified", "oracle_verified": true, "harness_error": null}
{"trial_id": "t140-head-ty-choose-size", "runner_rc": 0, "runner_outcome": "verified", "oracle_verified": true, "harness_error": null}
A connection to the bus can't be made
[session] exit rc=0 run_dir=<lane-tmp>/x11-session.Y6DnwL
