dbus-daemon[137288]: [session uid=1000 pid=137288 pidfd=5] Activating service name='org.freedesktop.systemd1' requested by ':1.1' (uid=1000 pid=137297 comm="/usr/bin/dbus-broker-launch --config-file=/usr/sha")
dbus-daemon[137288]: [session uid=1000 pid=137288 pidfd=5] Activated service 'org.freedesktop.systemd1' failed: Process org.freedesktop.systemd1 exited with status 1
[session] DISPLAY=:99 openbox=137381 picom=137382 dbus=unix:path=<tmp>/dbus-ItDUPVDuuX,guid=b850ba6e58bf6d09ddeb152f6abfe98a
dbus-daemon[137288]: [session uid=1000 pid=137288 pidfd=5] Activating service name='org.gtk.vfs.Daemon' requested by ':1.5' (uid=1000 pid=137595 comm="/usr/bin/python3 <lanes>/")
dbus-daemon[137288]: [session uid=1000 pid=137288 pidfd=5] Successfully activated service 'org.gtk.vfs.Daemon'
fusermount3: mount failed: Operation not permitted
dbus-daemon[137288]: [session uid=1000 pid=137288 pidfd=5] Activating service name='ca.desrt.dconf' requested by ':1.0' (uid=1000 pid=137290 comm="/usr/lib/at-spi-bus-launcher --launch-immediately")
dbus-daemon[137288]: [session uid=1000 pid=137288 pidfd=5] Successfully activated service 'ca.desrt.dconf'
{"trial_id": "t021-head-py-save-note", "runner_rc": 0, "runner_outcome": "verified", "oracle_verified": true, "harness_error": null}
{"trial_id": "t022-m0-py-save-note", "runner_rc": 0, "runner_outcome": "verified", "oracle_verified": true, "harness_error": null}
{"trial_id": "t023-head-ty-save-note", "runner_rc": 0, "runner_outcome": "verified", "oracle_verified": true, "harness_error": null}
{"trial_id": "t024-m0-ty-save-note", "runner_rc": 0, "runner_outcome": "verified", "oracle_verified": true, "harness_error": null}
dbus-daemon[137288]: [session uid=1000 pid=137288 pidfd=5] Activating service name='org.gtk.vfs.Metadata' requested by ':1.23' (uid=1000 pid=139722 comm="/usr/bin/python3 <lanes>/")
dbus-daemon[137288]: [session uid=1000 pid=137288 pidfd=5] Successfully activated service 'org.gtk.vfs.Metadata'
{"trial_id": "t025-m0-py-choose-size", "runner_rc": 0, "runner_outcome": "verified", "oracle_verified": true, "harness_error": null}
{"trial_id": "t026-head-py-choose-size", "runner_rc": 0, "runner_outcome": "verified", "oracle_verified": true, "harness_error": null}
{"trial_id": "t027-m0-ty-choose-size", "runner_rc": 0, "runner_outcome": "verified", "oracle_verified": true, "harness_error": null}
{"trial_id": "t028-head-ty-choose-size", "runner_rc": 0, "runner_outcome": "verified", "oracle_verified": true, "harness_error": null}
{"trial_id": "t029-m0-py-save-note", "runner_rc": 0, "runner_outcome": "verified", "oracle_verified": true, "harness_error": null}
{"trial_id": "t030-head-py-save-note", "runner_rc": 0, "runner_outcome": "verified", "oracle_verified": true, "harness_error": null}
A connection to the bus can't be made
[session] exit rc=0 run_dir=<lane-tmp>/x11-session.aTtYfJ
