dbus-daemon[116082]: [session uid=1000 pid=116082 pidfd=5] Activating service name='org.freedesktop.systemd1' requested by ':1.1' (uid=1000 pid=116097 comm="/usr/bin/dbus-broker-launch --config-file=/usr/sha")
dbus-daemon[116082]: [session uid=1000 pid=116082 pidfd=5] Activated service 'org.freedesktop.systemd1' failed: Process org.freedesktop.systemd1 exited with status 1
[session] DISPLAY=:99 openbox=116382 picom=116383 dbus=unix:path=<tmp>/dbus-DbJGFO2Dd8,guid=c5725f61e7fc5d5e16725bd36abfe8ff
dbus-daemon[116082]: [session uid=1000 pid=116082 pidfd=5] Activating service name='org.gtk.vfs.Daemon' requested by ':1.5' (uid=1000 pid=116831 comm="/usr/bin/python3 <lanes>/")
dbus-daemon[116082]: [session uid=1000 pid=116082 pidfd=5] Successfully activated service 'org.gtk.vfs.Daemon'
fusermount3: mount failed: Operation not permitted
dbus-daemon[116082]: [session uid=1000 pid=116082 pidfd=5] Activating service name='ca.desrt.dconf' requested by ':1.0' (uid=1000 pid=116088 comm="/usr/lib/at-spi-bus-launcher --launch-immediately")
dbus-daemon[116082]: [session uid=1000 pid=116082 pidfd=5] Successfully activated service 'ca.desrt.dconf'
dbus-daemon[116082]: [session uid=1000 pid=116082 pidfd=5] Activating service name='org.gtk.vfs.Metadata' requested by ':1.5' (uid=1000 pid=116831 comm="/usr/bin/python3 <lanes>/")
dbus-daemon[116082]: [session uid=1000 pid=116082 pidfd=5] Successfully activated service 'org.gtk.vfs.Metadata'
{"trial_id": "t001-head-py-choose-size", "runner_rc": 0, "runner_outcome": "verified", "oracle_verified": true, "harness_error": null}
{"trial_id": "t002-m0-py-choose-size", "runner_rc": 0, "runner_outcome": "verified", "oracle_verified": true, "harness_error": null}
{"trial_id": "t003-head-ty-choose-size", "runner_rc": 0, "runner_outcome": "verified", "oracle_verified": true, "harness_error": null}
{"trial_id": "t004-m0-ty-choose-size", "runner_rc": 0, "runner_outcome": "verified", "oracle_verified": true, "harness_error": null}
{"trial_id": "t005-head-py-save-note", "runner_rc": 0, "runner_outcome": "verified", "oracle_verified": true, "harness_error": null}
{"trial_id": "t006-m0-py-save-note", "runner_rc": 0, "runner_outcome": "verified", "oracle_verified": true, "harness_error": null}
{"trial_id": "t007-head-ty-save-note", "runner_rc": 0, "runner_outcome": "verified", "oracle_verified": true, "harness_error": null}
{"trial_id": "t008-m0-ty-save-note", "runner_rc": 0, "runner_outcome": "verified", "oracle_verified": true, "harness_error": null}
{"trial_id": "t009-m0-py-choose-size", "runner_rc": 0, "runner_outcome": "verified", "oracle_verified": true, "harness_error": null}
{"trial_id": "t010-head-py-choose-size", "runner_rc": 0, "runner_outcome": "verified", "oracle_verified": true, "harness_error": null}
A connection to the bus can't be made
[session] exit rc=0 run_dir=<lane-tmp>/x11-session.RBS6GS
