dbus-daemon[372972]: [session uid=1000 pid=372972 pidfd=5] Activating service name='org.freedesktop.systemd1' requested by ':1.1' (uid=1000 pid=372981 comm="/usr/bin/dbus-broker-launch --config-file=/usr/sha")
dbus-daemon[372972]: [session uid=1000 pid=372972 pidfd=5] Activated service 'org.freedesktop.systemd1' failed: Process org.freedesktop.systemd1 exited with status 1
[session] DISPLAY=:100 openbox=373066 picom=373067 dbus=unix:path=<tmp>/dbus-PEMSetcGKL,guid=4cce2d159cb8c0a4373603e66abfef52
dbus-daemon[372972]: [session uid=1000 pid=372972 pidfd=5] Activating service name='org.gtk.vfs.Daemon' requested by ':1.5' (uid=1000 pid=373303 comm="/usr/bin/python3 <lanes>/")
dbus-daemon[372972]: [session uid=1000 pid=372972 pidfd=5] Successfully activated service 'org.gtk.vfs.Daemon'
fusermount3: mount failed: Operation not permitted
dbus-daemon[372972]: [session uid=1000 pid=372972 pidfd=5] Activating service name='ca.desrt.dconf' requested by ':1.0' (uid=1000 pid=372974 comm="/usr/lib/at-spi-bus-launcher --launch-immediately")
dbus-daemon[372972]: [session uid=1000 pid=372972 pidfd=5] Successfully activated service 'ca.desrt.dconf'
{"trial_id": "t071-head-ty-save-note", "runner_rc": 0, "runner_outcome": "verified", "oracle_verified": true, "harness_error": null}
{"trial_id": "t072-m0-ty-save-note", "runner_rc": 0, "runner_outcome": "verified", "oracle_verified": true, "harness_error": null}
dbus-daemon[372972]: [session uid=1000 pid=372972 pidfd=5] Activating service name='org.gtk.vfs.Metadata' requested by ':1.15' (uid=1000 pid=375021 comm="/usr/bin/python3 <lanes>/")
dbus-daemon[372972]: [session uid=1000 pid=372972 pidfd=5] Successfully activated service 'org.gtk.vfs.Metadata'
{"trial_id": "t073-m0-py-choose-size", "runner_rc": 0, "runner_outcome": "verified", "oracle_verified": true, "harness_error": null}
{"trial_id": "t074-head-py-choose-size", "runner_rc": 0, "runner_outcome": "verified", "oracle_verified": true, "harness_error": null}
{"trial_id": "t075-m0-ty-choose-size", "runner_rc": 0, "runner_outcome": "verified", "oracle_verified": true, "harness_error": null}
{"trial_id": "t076-head-ty-choose-size", "runner_rc": 0, "runner_outcome": "verified", "oracle_verified": true, "harness_error": null}
{"trial_id": "t077-m0-py-save-note", "runner_rc": 0, "runner_outcome": "verified", "oracle_verified": true, "harness_error": null}
{"trial_id": "t078-head-py-save-note", "runner_rc": 0, "runner_outcome": "verified", "oracle_verified": true, "harness_error": null}
{"trial_id": "t079-m0-ty-save-note", "runner_rc": 0, "runner_outcome": "verified", "oracle_verified": true, "harness_error": null}
{"trial_id": "t080-head-ty-save-note", "runner_rc": 0, "runner_outcome": "verified", "oracle_verified": true, "harness_error": null}
A connection to the bus can't be made
[session] exit rc=0 run_dir=<lane-tmp>/x11-session.MssAcm
