dbus-daemon[1270858]: [session uid=1000 pid=1270858 pidfd=5] Activating service name='org.freedesktop.systemd1' requested by ':1.1' (uid=1000 pid=1270867 comm="/usr/bin/dbus-broker-launch --config-file=/usr/sha")
dbus-daemon[1270858]: [session uid=1000 pid=1270858 pidfd=5] Activated service 'org.freedesktop.systemd1' failed: Process org.freedesktop.systemd1 exited with status 1
[session] DISPLAY=:100 openbox=1271079 picom=1271080 dbus=unix:path=<tmp>/dbus-bqnrVzBHDR,guid=8ea8bf2596e43475d7d4f8b06ac00b46
dbus-daemon[1270858]: [session uid=1000 pid=1270858 pidfd=5] Activating service name='org.gtk.vfs.Daemon' requested by ':1.5' (uid=1000 pid=1271257 comm="/usr/bin/python3 <lanes>/")
dbus-daemon[1270858]: [session uid=1000 pid=1270858 pidfd=5] Successfully activated service 'org.gtk.vfs.Daemon'
fusermount3: mount failed: Operation not permitted
dbus-daemon[1270858]: [session uid=1000 pid=1270858 pidfd=5] Activating service name='ca.desrt.dconf' requested by ':1.0' (uid=1000 pid=1270860 comm="/usr/lib/at-spi-bus-launcher --launch-immediately")
dbus-daemon[1270858]: [session uid=1000 pid=1270858 pidfd=5] Successfully activated service 'ca.desrt.dconf'
{"trial_id": "t151-head-ty-save-note", "runner_rc": 0, "runner_outcome": "verified", "oracle_verified": true, "harness_error": null}
{"trial_id": "t152-m0-ty-save-note", "runner_rc": 0, "runner_outcome": "verified", "oracle_verified": true, "harness_error": null}
dbus-daemon[1270858]: [session uid=1000 pid=1270858 pidfd=5] Activating service name='org.gtk.vfs.Metadata' requested by ':1.15' (uid=1000 pid=1272590 comm="/usr/bin/python3 <lanes>/")
dbus-daemon[1270858]: [session uid=1000 pid=1270858 pidfd=5] Successfully activated service 'org.gtk.vfs.Metadata'
{"trial_id": "t153-m0-py-choose-size", "runner_rc": 0, "runner_outcome": "verified", "oracle_verified": true, "harness_error": null}
{"trial_id": "t154-head-py-choose-size", "runner_rc": 0, "runner_outcome": "verified", "oracle_verified": true, "harness_error": null}
{"trial_id": "t155-m0-ty-choose-size", "runner_rc": 0, "runner_outcome": "verified", "oracle_verified": true, "harness_error": null}
{"trial_id": "t156-head-ty-choose-size", "runner_rc": 0, "runner_outcome": "verified", "oracle_verified": true, "harness_error": null}
{"trial_id": "t157-m0-py-save-note", "runner_rc": 0, "runner_outcome": "verified", "oracle_verified": true, "harness_error": null}
{"trial_id": "t158-head-py-save-note", "runner_rc": 0, "runner_outcome": "verified", "oracle_verified": true, "harness_error": null}
{"trial_id": "t159-m0-ty-save-note", "runner_rc": 0, "runner_outcome": "verified", "oracle_verified": true, "harness_error": null}
{"trial_id": "t160-head-ty-save-note", "runner_rc": 0, "runner_outcome": "verified", "oracle_verified": true, "harness_error": null}
A connection to the bus can't be made
[session] exit rc=0 run_dir=<lane-tmp>/x11-session.b2ktQy
