dbus-daemon[563997]: [session uid=1000 pid=563997 pidfd=5] Activating service name='org.freedesktop.systemd1' requested by ':1.1' (uid=1000 pid=564012 comm="/usr/bin/dbus-broker-launch --config-file=/usr/sha")
dbus-daemon[563997]: [session uid=1000 pid=563997 pidfd=5] Activated service 'org.freedesktop.systemd1' failed: Process org.freedesktop.systemd1 exited with status 1
[session] DISPLAY=:100 openbox=564155 picom=564156 dbus=unix:path=<tmp>/dbus-7LifvFwFEL,guid=8b9c29c7658f6078af99ecf26abff37a
dbus-daemon[563997]: [session uid=1000 pid=563997 pidfd=5] Activating service name='org.gtk.vfs.Daemon' requested by ':1.5' (uid=1000 pid=564438 comm="/usr/bin/python3 <lanes>/")
dbus-daemon[563997]: [session uid=1000 pid=563997 pidfd=5] Successfully activated service 'org.gtk.vfs.Daemon'
fusermount3: mount failed: Operation not permitted
dbus-daemon[563997]: [session uid=1000 pid=563997 pidfd=5] Activating service name='ca.desrt.dconf' requested by ':1.0' (uid=1000 pid=564005 comm="/usr/lib/at-spi-bus-launcher --launch-immediately")
dbus-daemon[563997]: [session uid=1000 pid=563997 pidfd=5] Successfully activated service 'ca.desrt.dconf'
dbus-daemon[563997]: [session uid=1000 pid=563997 pidfd=5] Activating service name='org.gtk.vfs.Metadata' requested by ':1.5' (uid=1000 pid=564438 comm="/usr/bin/python3 <lanes>/")
dbus-daemon[563997]: [session uid=1000 pid=563997 pidfd=5] Successfully activated service 'org.gtk.vfs.Metadata'
{"trial_id": "t081-head-py-choose-size", "runner_rc": 0, "runner_outcome": "verified", "oracle_verified": true, "harness_error": null}
{"trial_id": "t082-m0-py-choose-size", "runner_rc": 0, "runner_outcome": "verified", "oracle_verified": true, "harness_error": null}
{"trial_id": "t083-head-ty-choose-size", "runner_rc": 0, "runner_outcome": "verified", "oracle_verified": true, "harness_error": null}
{"trial_id": "t084-m0-ty-choose-size", "runner_rc": 0, "runner_outcome": "verified", "oracle_verified": true, "harness_error": null}
{"trial_id": "t085-head-py-save-note", "runner_rc": 0, "runner_outcome": "verified", "oracle_verified": true, "harness_error": null}
{"trial_id": "t086-m0-py-save-note", "runner_rc": 0, "runner_outcome": "verified", "oracle_verified": true, "harness_error": null}
{"trial_id": "t087-head-ty-save-note", "runner_rc": 0, "runner_outcome": "verified", "oracle_verified": true, "harness_error": null}
{"trial_id": "t088-m0-ty-save-note", "runner_rc": 0, "runner_outcome": "verified", "oracle_verified": true, "harness_error": null}
{"trial_id": "t089-m0-py-choose-size", "runner_rc": 0, "runner_outcome": "verified", "oracle_verified": true, "harness_error": null}
{"trial_id": "t090-head-py-choose-size", "runner_rc": 0, "runner_outcome": "verified", "oracle_verified": true, "harness_error": null}
A connection to the bus can't be made
[session] exit rc=0 run_dir=<lane-tmp>/x11-session.6DGkvO
