dbus-daemon[243558]: [session uid=1000 pid=243558 pidfd=5] Activating service name='org.freedesktop.systemd1' requested by ':1.1' (uid=1000 pid=243567 comm="/usr/bin/dbus-broker-launch --config-file=/usr/sha")
dbus-daemon[243558]: [session uid=1000 pid=243558 pidfd=5] Activated service 'org.freedesktop.systemd1' failed: Process org.freedesktop.systemd1 exited with status 1
[session] DISPLAY=:99 openbox=243632 picom=243633 dbus=unix:path=<tmp>/dbus-XqLiZBnMBy,guid=a351b4d3369c0d37d187d4336abfec5b
dbus-daemon[243558]: [session uid=1000 pid=243558 pidfd=5] Activating service name='org.gtk.vfs.Daemon' requested by ':1.5' (uid=1000 pid=243709 comm="/usr/bin/python3 <lanes>/")
dbus-daemon[243558]: [session uid=1000 pid=243558 pidfd=5] Successfully activated service 'org.gtk.vfs.Daemon'
fusermount3: mount failed: Operation not permitted
dbus-daemon[243558]: [session uid=1000 pid=243558 pidfd=5] Activating service name='ca.desrt.dconf' requested by ':1.0' (uid=1000 pid=243560 comm="/usr/lib/at-spi-bus-launcher --launch-immediately")
dbus-daemon[243558]: [session uid=1000 pid=243558 pidfd=5] Successfully activated service 'ca.desrt.dconf'
{"trial_id": "t061-m0-py-save-note", "runner_rc": 0, "runner_outcome": "verified", "oracle_verified": true, "harness_error": null}
{"trial_id": "t062-head-py-save-note", "runner_rc": 0, "runner_outcome": "verified", "oracle_verified": true, "harness_error": null}
{"trial_id": "t063-m0-ty-save-note", "runner_rc": 0, "runner_outcome": "verified", "oracle_verified": true, "harness_error": null}
{"trial_id": "t064-head-ty-save-note", "runner_rc": 0, "runner_outcome": "verified", "oracle_verified": true, "harness_error": null}
dbus-daemon[243558]: [session uid=1000 pid=243558 pidfd=5] Activating service name='org.gtk.vfs.Metadata' requested by ':1.23' (uid=1000 pid=244854 comm="/usr/bin/python3 <lanes>/")
dbus-daemon[243558]: [session uid=1000 pid=243558 pidfd=5] Successfully activated service 'org.gtk.vfs.Metadata'
{"trial_id": "t065-head-py-choose-size", "runner_rc": 0, "runner_outcome": "verified", "oracle_verified": true, "harness_error": null}
{"trial_id": "t066-m0-py-choose-size", "runner_rc": 0, "runner_outcome": "verified", "oracle_verified": true, "harness_error": null}
{"trial_id": "t067-head-ty-choose-size", "runner_rc": 0, "runner_outcome": "verified", "oracle_verified": true, "harness_error": null}
{"trial_id": "t068-m0-ty-choose-size", "runner_rc": 0, "runner_outcome": "verified", "oracle_verified": true, "harness_error": null}
{"trial_id": "t069-head-py-save-note", "runner_rc": 0, "runner_outcome": "verified", "oracle_verified": true, "harness_error": null}
{"trial_id": "t070-m0-py-save-note", "runner_rc": 0, "runner_outcome": "verified", "oracle_verified": true, "harness_error": null}
A connection to the bus can't be made
[session] exit rc=0 run_dir=<lane-tmp>/x11-session.IP6hGk
