dbus-daemon[173051]: [session uid=1000 pid=173051 pidfd=5] Activating service name='org.freedesktop.systemd1' requested by ':1.1' (uid=1000 pid=173060 comm="/usr/bin/dbus-broker-launch --config-file=/usr/sha")
dbus-daemon[173051]: [session uid=1000 pid=173051 pidfd=5] Activated service 'org.freedesktop.systemd1' failed: Process org.freedesktop.systemd1 exited with status 1
[session] DISPLAY=:99 openbox=173139 picom=173140 dbus=unix:path=<tmp>/dbus-CRX9X0ThDg,guid=2e582faa1c1fb81f4c6eb86a6abfea7e
dbus-daemon[173051]: [session uid=1000 pid=173051 pidfd=5] Activating service name='org.gtk.vfs.Daemon' requested by ':1.5' (uid=1000 pid=173491 comm="/usr/bin/python3 <lanes>/")
dbus-daemon[173051]: [session uid=1000 pid=173051 pidfd=5] Successfully activated service 'org.gtk.vfs.Daemon'
fusermount3: mount failed: Operation not permitted
dbus-daemon[173051]: [session uid=1000 pid=173051 pidfd=5] Activating service name='ca.desrt.dconf' requested by ':1.0' (uid=1000 pid=173053 comm="/usr/lib/at-spi-bus-launcher --launch-immediately")
dbus-daemon[173051]: [session uid=1000 pid=173051 pidfd=5] Successfully activated service 'ca.desrt.dconf'
dbus-daemon[173051]: [session uid=1000 pid=173051 pidfd=5] Activating service name='org.gtk.vfs.Metadata' requested by ':1.5' (uid=1000 pid=173491 comm="/usr/bin/python3 <lanes>/")
dbus-daemon[173051]: [session uid=1000 pid=173051 pidfd=5] Successfully activated service 'org.gtk.vfs.Metadata'
{"trial_id": "t051-head-ty-choose-size", "runner_rc": 0, "runner_outcome": "verified", "oracle_verified": true, "harness_error": null}
{"trial_id": "t052-m0-ty-choose-size", "runner_rc": 0, "runner_outcome": "verified", "oracle_verified": true, "harness_error": null}
{"trial_id": "t053-head-py-save-note", "runner_rc": 0, "runner_outcome": "verified", "oracle_verified": true, "harness_error": null}
{"trial_id": "t054-m0-py-save-note", "runner_rc": 0, "runner_outcome": "verified", "oracle_verified": true, "harness_error": null}
{"trial_id": "t055-head-ty-save-note", "runner_rc": 0, "runner_outcome": "verified", "oracle_verified": true, "harness_error": null}
{"trial_id": "t056-m0-ty-save-note", "runner_rc": 0, "runner_outcome": "verified", "oracle_verified": true, "harness_error": null}
{"trial_id": "t057-m0-py-choose-size", "runner_rc": 0, "runner_outcome": "verified", "oracle_verified": true, "harness_error": null}
{"trial_id": "t058-head-py-choose-size", "runner_rc": 0, "runner_outcome": "verified", "oracle_verified": true, "harness_error": null}
{"trial_id": "t059-m0-ty-choose-size", "runner_rc": 0, "runner_outcome": "verified", "oracle_verified": true, "harness_error": null}
{"trial_id": "t060-head-ty-choose-size", "runner_rc": 0, "runner_outcome": "verified", "oracle_verified": true, "harness_error": null}
A connection to the bus can't be made
[session] exit rc=0 run_dir=<lane-tmp>/x11-session.JInO4A
