dbus-daemon[1240523]: [session uid=1000 pid=1240523 pidfd=5] Activating service name='org.freedesktop.systemd1' requested by ':1.1' (uid=1000 pid=1240532 comm="/usr/bin/dbus-broker-launch --config-file=/usr/sha")
dbus-daemon[1240523]: [session uid=1000 pid=1240523 pidfd=5] Activated service 'org.freedesktop.systemd1' failed: Process org.freedesktop.systemd1 exited with status 1
[session] DISPLAY=:99 openbox=1240568 picom=1240569 dbus=unix:path=<tmp>/dbus-LNXM1eovRD,guid=bf084a1e52d8e2d31caea0cf6ac0099b
dbus-daemon[1240523]: [session uid=1000 pid=1240523 pidfd=5] Activating service name='org.gtk.vfs.Daemon' requested by ':1.5' (uid=1000 pid=1241120 comm="/usr/bin/python3 <lanes>/")
dbus-daemon[1240523]: [session uid=1000 pid=1240523 pidfd=5] Successfully activated service 'org.gtk.vfs.Daemon'
fusermount3: mount failed: Operation not permitted
dbus-daemon[1240523]: [session uid=1000 pid=1240523 pidfd=5] Activating service name='ca.desrt.dconf' requested by ':1.0' (uid=1000 pid=1240525 comm="/usr/lib/at-spi-bus-launcher --launch-immediately")
dbus-daemon[1240523]: [session uid=1000 pid=1240523 pidfd=5] Successfully activated service 'ca.desrt.dconf'
{"trial_id": "t141-m0-py-save-note", "runner_rc": 0, "runner_outcome": "verified", "oracle_verified": true, "harness_error": null}
{"trial_id": "t142-head-py-save-note", "runner_rc": 0, "runner_outcome": "verified", "oracle_verified": true, "harness_error": null}
{"trial_id": "t143-m0-ty-save-note", "runner_rc": 0, "runner_outcome": "verified", "oracle_verified": true, "harness_error": null}
{"trial_id": "t144-head-ty-save-note", "runner_rc": 0, "runner_outcome": "verified", "oracle_verified": true, "harness_error": null}
dbus-daemon[1240523]: [session uid=1000 pid=1240523 pidfd=5] Activating service name='org.gtk.vfs.Metadata' requested by ':1.23' (uid=1000 pid=1242162 comm="/usr/bin/python3 <lanes>/")
dbus-daemon[1240523]: [session uid=1000 pid=1240523 pidfd=5] Successfully activated service 'org.gtk.vfs.Metadata'
{"trial_id": "t145-head-py-choose-size", "runner_rc": 0, "runner_outcome": "verified", "oracle_verified": true, "harness_error": null}
{"trial_id": "t146-m0-py-choose-size", "runner_rc": 0, "runner_outcome": "verified", "oracle_verified": true, "harness_error": null}
{"trial_id": "t147-head-ty-choose-size", "runner_rc": 0, "runner_outcome": "verified", "oracle_verified": true, "harness_error": null}
{"trial_id": "t148-m0-ty-choose-size", "runner_rc": 0, "runner_outcome": "verified", "oracle_verified": true, "harness_error": null}
{"trial_id": "t149-head-py-save-note", "runner_rc": 0, "runner_outcome": "verified", "oracle_verified": true, "harness_error": null}
{"trial_id": "t150-m0-py-save-note", "runner_rc": 0, "runner_outcome": "verified", "oracle_verified": true, "harness_error": null}
A connection to the bus can't be made
[session] exit rc=0 run_dir=<lane-tmp>/x11-session.RcgMlt
