dbus-daemon[1122287]: [session uid=1000 pid=1122287 pidfd=5] Activating service name='org.freedesktop.systemd1' requested by ':1.1' (uid=1000 pid=1122296 comm="/usr/bin/dbus-broker-launch --config-file=/usr/sha")
dbus-daemon[1122287]: [session uid=1000 pid=1122287 pidfd=5] Activated service 'org.freedesktop.systemd1' failed: Process org.freedesktop.systemd1 exited with status 1
[session] DISPLAY=:99 openbox=1122373 picom=1122374 dbus=unix:path=<tmp>/dbus-8Jy0lWFuAM,guid=c7e51f40b009f40184de33c86ac00452
dbus-daemon[1122287]: [session uid=1000 pid=1122287 pidfd=5] Activating service name='org.gtk.vfs.Daemon' requested by ':1.5' (uid=1000 pid=1122431 comm="/usr/bin/python3 <lanes>/")
dbus-daemon[1122287]: [session uid=1000 pid=1122287 pidfd=5] Successfully activated service 'org.gtk.vfs.Daemon'
fusermount3: mount failed: Operation not permitted
dbus-daemon[1122287]: [session uid=1000 pid=1122287 pidfd=5] Activating service name='ca.desrt.dconf' requested by ':1.0' (uid=1000 pid=1122289 comm="/usr/lib/at-spi-bus-launcher --launch-immediately")
dbus-daemon[1122287]: [session uid=1000 pid=1122287 pidfd=5] Successfully activated service 'ca.desrt.dconf'
dbus-daemon[1122287]: [session uid=1000 pid=1122287 pidfd=5] Activating service name='org.gtk.vfs.Metadata' requested by ':1.5' (uid=1000 pid=1122431 comm="/usr/bin/python3 <lanes>/")
dbus-daemon[1122287]: [session uid=1000 pid=1122287 pidfd=5] Successfully activated service 'org.gtk.vfs.Metadata'
{"trial_id": "t121-m0-py-choose-size", "runner_rc": 0, "runner_outcome": "verified", "oracle_verified": true, "harness_error": null}
{"trial_id": "t122-head-py-choose-size", "runner_rc": 0, "runner_outcome": "verified", "oracle_verified": true, "harness_error": null}
{"trial_id": "t123-m0-ty-choose-size", "runner_rc": 0, "runner_outcome": "verified", "oracle_verified": true, "harness_error": null}
{"trial_id": "t124-head-ty-choose-size", "runner_rc": 0, "runner_outcome": "verified", "oracle_verified": true, "harness_error": null}
{"trial_id": "t125-m0-py-save-note", "runner_rc": 0, "runner_outcome": "verified", "oracle_verified": true, "harness_error": null}
{"trial_id": "t126-head-py-save-note", "runner_rc": 0, "runner_outcome": "verified", "oracle_verified": true, "harness_error": null}
{"trial_id": "t127-m0-ty-save-note", "runner_rc": 0, "runner_outcome": "verified", "oracle_verified": true, "harness_error": null}
{"trial_id": "t128-head-ty-save-note", "runner_rc": 0, "runner_outcome": "verified", "oracle_verified": true, "harness_error": null}
{"trial_id": "t129-head-py-choose-size", "runner_rc": 0, "runner_outcome": "verified", "oracle_verified": true, "harness_error": null}
{"trial_id": "t130-m0-py-choose-size", "runner_rc": 0, "runner_outcome": "verified", "oracle_verified": true, "harness_error": null}
A connection to the bus can't be made
[session] exit rc=0 run_dir=<lane-tmp>/x11-session.mVbfoy
