dbus-daemon[144706]: [session uid=1000 pid=144706 pidfd=5] Activating service name='org.freedesktop.systemd1' requested by ':1.1' (uid=1000 pid=144728 comm="/usr/bin/dbus-broker-launch --config-file=/usr/sha")
dbus-daemon[144706]: [session uid=1000 pid=144706 pidfd=5] Activated service 'org.freedesktop.systemd1' failed: Process org.freedesktop.systemd1 exited with status 1
[session] DISPLAY=:99 openbox=145006 picom=145007 dbus=unix:path=<tmp>/dbus-uPFXA7b8wa,guid=25a8cda8d551770de1560d326abfe9c6
dbus-daemon[144706]: [session uid=1000 pid=144706 pidfd=5] Activating service name='org.gtk.vfs.Daemon' requested by ':1.5' (uid=1000 pid=145914 comm="/usr/bin/python3 <lanes>/")
dbus-daemon[144706]: [session uid=1000 pid=144706 pidfd=5] Successfully activated service 'org.gtk.vfs.Daemon'
fusermount3: mount failed: Operation not permitted
dbus-daemon[144706]: [session uid=1000 pid=144706 pidfd=5] Activating service name='ca.desrt.dconf' requested by ':1.0' (uid=1000 pid=144715 comm="/usr/lib/at-spi-bus-launcher --launch-immediately")
dbus-daemon[144706]: [session uid=1000 pid=144706 pidfd=5] Successfully activated service 'ca.desrt.dconf'
{"trial_id": "t031-m0-ty-save-note", "runner_rc": 0, "runner_outcome": "verified", "oracle_verified": true, "harness_error": null}
{"trial_id": "t032-head-ty-save-note", "runner_rc": 0, "runner_outcome": "verified", "oracle_verified": true, "harness_error": null}
dbus-daemon[144706]: [session uid=1000 pid=144706 pidfd=5] Activating service name='org.gtk.vfs.Metadata' requested by ':1.15' (uid=1000 pid=149914 comm="/usr/bin/python3 <lanes>/")
dbus-daemon[144706]: [session uid=1000 pid=144706 pidfd=5] Successfully activated service 'org.gtk.vfs.Metadata'
{"trial_id": "t033-head-py-choose-size", "runner_rc": 0, "runner_outcome": "verified", "oracle_verified": true, "harness_error": null}
{"trial_id": "t034-m0-py-choose-size", "runner_rc": 0, "runner_outcome": "verified", "oracle_verified": true, "harness_error": null}
{"trial_id": "t035-head-ty-choose-size", "runner_rc": 0, "runner_outcome": "verified", "oracle_verified": true, "harness_error": null}
{"trial_id": "t036-m0-ty-choose-size", "runner_rc": 0, "runner_outcome": "verified", "oracle_verified": true, "harness_error": null}
{"trial_id": "t037-head-py-save-note", "runner_rc": 0, "runner_outcome": "verified", "oracle_verified": true, "harness_error": null}
{"trial_id": "t038-m0-py-save-note", "runner_rc": 0, "runner_outcome": "verified", "oracle_verified": true, "harness_error": null}
{"trial_id": "t039-head-ty-save-note", "runner_rc": 0, "runner_outcome": "verified", "oracle_verified": true, "harness_error": null}
{"trial_id": "t040-m0-ty-save-note", "runner_rc": 0, "runner_outcome": "verified", "oracle_verified": true, "harness_error": null}
A connection to the bus can't be made
[session] exit rc=0 run_dir=<lane-tmp>/x11-session.jXgpnI
